✔ [3147/3262] Built Zeta23.DBN.BarrierCert (3.7s)
✔ [3148/3262] Built Zeta23.DBN.Instance02.Rect (1.3s)
✔ [3149/3262] Built Zeta23.DBN.Instance02.arb_0069 (4.6s)
✔ [3150/3262] Built Zeta23.DBN.Instance02.arb_0070 (4.6s)
✔ [3151/3262] Built Zeta23.DBN.Instance02.arb_0071 (4.6s)
✔ [3152/3262] Built Zeta23.DBN.Instance02.arb_0064 (4.7s)
✔ [3153/3262] Built Zeta23.DBN.Instance02.arb_0066 (4.7s)
✔ [3154/3262] Built Zeta23.DBN.Instance02.arb_0067 (4.6s)
✔ [3155/3262] Built Zeta23.DBN.Instance02.arb_0065 (4.8s)
✔ [3156/3262] Built Zeta23.DBN.Instance02.arb_0068 (4.8s)
✔ [3157/3262] Built Zeta23.DBN.Instance02.arb_0062 (4.9s)
✔ [3158/3262] Built Zeta23.DBN.Instance02.arb_0063 (5.1s)
✔ [3159/3262] Built Zeta23.DBN.Instance02.arb_0059 (4.5s)
✔ [3160/3262] Built Zeta23.DBN.Instance02.arb_0060 (4.5s)
✔ [3161/3262] Built Zeta23.DBN.Instance02.arb_0053 (4.4s)
✔ [3162/3262] Built Zeta23.DBN.Instance02.arb_0056 (4.5s)
✔ [3163/3262] Built Zeta23.DBN.Instance02.arb_0055 (4.7s)
✔ [3164/3262] Built Zeta23.DBN.Instance02.arb_0057 (4.7s)
✔ [3165/3262] Built Zeta23.DBN.Instance02.arb_0058 (4.8s)
✔ [3166/3262] Built Zeta23.DBN.Instance02.arb_0061 (4.0s)
✔ [3167/3262] Built Zeta23.DBN.Instance02.arb_0052 (4.6s)
✔ [3168/3262] Built Zeta23.DBN.Instance02.arb_0054 (4.9s)
✔ [3169/3262] Built Zeta23.DBN.Instance02.arb_0050 (4.2s)
✔ [3170/3262] Built Zeta23.DBN.Instance02.arb_0051 (4.3s)
✔ [3171/3262] Built Zeta23.DBN.Instance02.arb_0048 (4.4s)
✔ [3172/3262] Built Zeta23.DBN.Instance02.arb_0049 (4.5s)
✔ [3173/3262] Built Zeta23.DBN.Instance02.arb_0046 (4.6s)
✔ [3174/3262] Built Zeta23.DBN.Instance02.arb_0044 (4.6s)
✔ [3175/3262] Built Zeta23.DBN.Instance02.arb_0047 (4.8s)
✔ [3176/3262] Built Zeta23.DBN.Instance02.arb_0043 (4.8s)
✔ [3177/3262] Built Zeta23.DBN.Instance02.arb_0042 (4.9s)
✔ [3178/3262] Built Zeta23.DBN.Instance02.arb_0045 (5.1s)
✔ [3179/3262] Built Zeta23.DBN.Instance02.arb_0040 (3.6s)
✔ [3180/3262] Built Zeta23.DBN.Instance02.arb_0041 (3.6s)
✔ [3181/3262] Built Zeta23.DBN.Instance02.arb_0039 (3.0s)
✔ [3182/3262] Built Zeta23.DBN.Instance02.arb_0038 (4.1s)
✔ [3183/3262] Built Zeta23.DBN.Instance02.arb_0037 (4.5s)
✔ [3184/3262] Built Zeta23.DBN.Instance02.arb_0035 (4.4s)
✔ [3185/3262] Built Zeta23.DBN.Instance02.arb_0036 (4.4s)
✔ [3186/3262] Built Zeta23.DBN.Instance02.arb_0033 (4.2s)
✔ [3187/3262] Built Zeta23.DBN.Instance02.arb_0034 (4.5s)
✔ [3188/3262] Built Zeta23.DBN.Instance02.arb_0032 (4.4s)
✔ [3189/3262] Built Zeta23.DBN.Instance02.arb_0031 (4.2s)
✔ [3190/3262] Built Zeta23.DBN.Instance02.arb_0030 (4.3s)
✔ [3191/3262] Built Zeta23.DBN.Instance02.arb_0029 (3.9s)
✔ [3192/3262] Built Zeta23.DBN.Instance02.arb_0028 (3.9s)
✔ [3193/3262] Built Zeta23.DBN.Instance02.arb_0026 (4.4s)
✔ [3194/3262] Built Zeta23.DBN.Instance02.arb_0025 (4.4s)
✔ [3195/3262] Built Zeta23.DBN.Instance02.arb_0027 (4.5s)
✔ [3196/3262] Built Zeta23.DBN.Instance02.arb_0024 (4.4s)
✔ [3197/3262] Built Zeta23.DBN.Instance02.arb_0022 (4.2s)
✔ [3198/3262] Built Zeta23.DBN.Instance02.arb_0023 (4.7s)
✔ [3199/3262] Built Zeta23.DBN.Instance02.arb_0021 (4.2s)
✔ [3200/3262] Built Zeta23.DBN.Instance02.arb_0020 (4.2s)
✔ [3201/3262] Built Zeta23.DBN.Instance02.arb_0019 (4.1s)
✔ [3202/3262] Built Zeta23.DBN.Instance02.arb_0018 (4.1s)
✔ [3203/3262] Built Zeta23.DBN.Instance02.arb_0014 (4.6s)
✔ [3204/3262] Built Zeta23.DBN.Instance02.arb_0015 (4.8s)
✔ [3205/3262] Built Zeta23.DBN.Instance02.arb_0016 (4.8s)
✔ [3206/3262] Built Zeta23.DBN.Instance02.arb_0017 (4.8s)
✔ [3207/3262] Built Zeta23.DBN.Instance02.arb_0013 (4.6s)
✔ [3208/3262] Built Zeta23.DBN.Instance02.arb_0012 (4.6s)
✔ [3209/3262] Built Zeta23.DBN.Instance02.arb_0010 (4.7s)
✔ [3210/3262] Built Zeta23.DBN.Instance02.arb_0011 (4.9s)
✔ [3211/3262] Built Zeta23.DBN.Instance02.arb_0009 (5.1s)
✔ [3212/3262] Built Zeta23.DBN.Instance02.arb_0008 (4.9s)
✔ [3213/3262] Built Zeta23.DBN.Instance02.arb_0007 (5.0s)
✔ [3214/3262] Built Zeta23.DBN.Instance02.arb_0005 (5.2s)
✔ [3215/3262] Built Zeta23.DBN.Instance02.arb_0004 (5.3s)
✔ [3216/3262] Built Zeta23.DBN.Instance02.arb_0006 (5.3s)
✔ [3217/3262] Built Zeta23.DBN.Instance02.arb_0003 (5.4s)
✔ [3218/3262] Built Zeta23.DBN.Instance02.arb_0002 (5.5s)
✔ [3219/3262] Built Zeta23.DBN.Instance02.mp_0037 (4.6s)
✔ [3220/3262] Built Zeta23.DBN.Instance02.mp_0038 (4.6s)
✔ [3221/3262] Built Zeta23.DBN.Instance02.arb_0001 (5.3s)
✔ [3222/3262] Built Zeta23.DBN.Instance02.arb_0000 (5.3s)
✔ [3223/3262] Built Zeta23.DBN.Instance02.mp_0035 (4.5s)
✔ [3224/3262] Built Zeta23.DBN.Instance02.mp_0036 (4.6s)
✔ [3225/3262] Built Zeta23.DBN.Instance02.mp_0034 (4.6s)
✔ [3226/3262] Built Zeta23.DBN.Instance02.mp_0032 (4.5s)
✔ [3227/3262] Built Zeta23.DBN.Instance02.mp_0033 (4.7s)
✔ [3228/3262] Built Zeta23.DBN.Instance02.mp_0031 (4.4s)
✔ [3229/3262] Built Zeta23.DBN.Instance02.mp_0030 (4.5s)
✔ [3230/3262] Built Zeta23.DBN.Instance02.mp_0027 (4.4s)
✔ [3231/3262] Built Zeta23.DBN.Instance02.mp_0028 (4.5s)
✔ [3232/3262] Built Zeta23.DBN.Instance02.mp_0029 (4.6s)
✔ [3233/3262] Built Zeta23.DBN.Instance02.mp_0025 (4.6s)
✔ [3234/3262] Built Zeta23.DBN.Instance02.mp_0021 (4.2s)
✔ [3235/3262] Built Zeta23.DBN.Instance02.mp_0023 (4.6s)
✔ [3236/3262] Built Zeta23.DBN.Instance02.mp_0024 (4.5s)
✔ [3237/3262] Built Zeta23.DBN.Instance02.mp_0022 (4.6s)
✔ [3238/3262] Built Zeta23.DBN.Instance02.mp_0026 (4.9s)
✔ [3239/3262] Built Zeta23.DBN.Instance02.mp_0017 (4.5s)
✔ [3240/3262] Built Zeta23.DBN.Instance02.mp_0018 (4.6s)
✔ [3241/3262] Built Zeta23.DBN.Instance02.mp_0019 (4.5s)
✔ [3242/3262] Built Zeta23.DBN.Instance02.mp_0020 (4.7s)
✔ [3243/3262] Built Zeta23.DBN.Instance02.mp_0011 (4.5s)
✔ [3244/3262] Built Zeta23.DBN.Instance02.mp_0012 (4.6s)
✔ [3245/3262] Built Zeta23.DBN.Instance02.mp_0016 (4.8s)
✔ [3246/3262] Built Zeta23.DBN.Instance02.mp_0013 (4.7s)
✔ [3247/3262] Built Zeta23.DBN.Instance02.mp_0015 (4.7s)
✔ [3248/3262] Built Zeta23.DBN.Instance02.mp_0014 (4.9s)
✔ [3249/3262] Built Zeta23.DBN.Instance02.mp_0009 (4.6s)
✔ [3250/3262] Built Zeta23.DBN.Instance02.mp_0010 (4.6s)
✔ [3251/3262] Built Zeta23.DBN.Instance02.mp_0008 (4.7s)
✔ [3252/3262] Built Zeta23.DBN.Instance02.mp_0007 (4.7s)
✔ [3253/3262] Built Zeta23.DBN.Instance02.mp_0003 (4.3s)
✔ [3254/3262] Built Zeta23.DBN.Instance02.mp_0004 (4.3s)
✔ [3255/3262] Built Zeta23.DBN.Instance02.mp_0005 (4.3s)
✔ [3256/3262] Built Zeta23.DBN.Instance02.mp_0006 (4.4s)
✔ [3257/3262] Built Zeta23.DBN.Instance02.mp_0001 (4.1s)
✔ [3258/3262] Built Zeta23.DBN.Instance02.mp_0002 (4.4s)
✔ [3259/3262] Built Zeta23.DBN.Instance02.mp_0000 (2.9s)
✔ [3260/3262] Built Zeta23.DBN.Instance02.arb_Barrier (3.4s)
✔ [3261/3262] Built Zeta23.DBN.Instance02.mp_Barrier (1.5s)
✔ [3262/3262] Built Zeta23.DBN.Instance02 (1.5s)
Build completed successfully (3262 jobs).
lake build Zeta23.DBN.BarrierCert Zeta23.DBN.Instance02  309.01s user 163.76s system 773% cpu 1:01.12 total
exit=0
