== 2026-09-06 03:23:21 IST lake build Zeta23.DBN.Instance02 after R-2 (BarrierCert.lean docstrings) ==
✔ [3148/3263] Built Zeta23.DBN.BarrierCert (3.6s)
✔ [3149/3263] Built Zeta23.DBN.Instance02.Rect (1.3s)
✔ [3150/3263] Built Zeta23.DBN.Instance02.arb_0070 (4.5s)
✔ [3151/3263] Built Zeta23.DBN.Instance02.arb_0065 (4.6s)
✔ [3152/3263] Built Zeta23.DBN.Instance02.arb_0066 (4.6s)
✔ [3153/3263] Built Zeta23.DBN.Instance02.arb_0068 (4.6s)
✔ [3154/3263] Built Zeta23.DBN.Instance02.arb_0069 (4.6s)
✔ [3155/3263] Built Zeta23.DBN.Instance02.arb_0062 (4.7s)
✔ [3156/3263] Built Zeta23.DBN.Instance02.arb_0071 (4.7s)
✔ [3157/3263] Built Zeta23.DBN.Instance02.arb_0063 (4.8s)
✔ [3158/3263] Built Zeta23.DBN.Instance02.arb_0064 (4.8s)
✔ [3159/3263] Built Zeta23.DBN.Instance02.arb_0067 (4.7s)
✔ [3160/3263] Built Zeta23.DBN.Instance02.arb_0058 (4.4s)
✔ [3161/3263] Built Zeta23.DBN.Instance02.arb_0059 (4.5s)
✔ [3162/3263] Built Zeta23.DBN.Instance02.arb_0060 (4.6s)
✔ [3163/3263] Built Zeta23.DBN.Instance02.arb_0061 (4.7s)
✔ [3164/3263] Built Zeta23.DBN.Instance02.arb_0057 (4.7s)
✔ [3165/3263] Built Zeta23.DBN.Instance02.arb_0055 (4.7s)
✔ [3166/3263] Built Zeta23.DBN.Instance02.arb_0056 (4.7s)
✔ [3167/3263] Built Zeta23.DBN.Instance02.arb_0053 (4.7s)
✔ [3168/3263] Built Zeta23.DBN.Instance02.arb_0054 (4.8s)
✔ [3169/3263] Built Zeta23.DBN.Instance02.arb_0052 (4.8s)
✔ [3170/3263] Built Zeta23.DBN.Instance02.arb_0051 (4.5s)
✔ [3171/3263] Built Zeta23.DBN.Instance02.arb_0050 (4.4s)
✔ [3172/3263] Built Zeta23.DBN.Instance02.arb_0049 (4.5s)
✔ [3173/3263] Built Zeta23.DBN.Instance02.arb_0047 (4.5s)
✔ [3174/3263] Built Zeta23.DBN.Instance02.arb_0048 (4.7s)
✔ [3175/3263] Built Zeta23.DBN.Instance02.arb_0043 (4.5s)
✔ [3176/3263] Built Zeta23.DBN.Instance02.arb_0044 (4.5s)
✔ [3177/3263] Built Zeta23.DBN.Instance02.arb_0045 (4.6s)
✔ [3178/3263] Built Zeta23.DBN.Instance02.arb_0046 (4.6s)
✔ [3179/3263] Built Zeta23.DBN.Instance02.arb_0042 (4.5s)
✔ [3180/3263] Built Zeta23.DBN.Instance02.arb_0041 (4.3s)
✔ [3181/3263] Built Zeta23.DBN.Instance02.arb_0040 (4.6s)
✔ [3182/3263] Built Zeta23.DBN.Instance02.arb_0038 (4.7s)
✔ [3183/3263] Built Zeta23.DBN.Instance02.arb_0039 (4.8s)
✔ [3184/3263] Built Zeta23.DBN.Instance02.arb_0034 (4.7s)
✔ [3185/3263] Built Zeta23.DBN.Instance02.arb_0037 (4.9s)
✔ [3186/3263] Built Zeta23.DBN.Instance02.arb_0035 (4.8s)
✔ [3187/3263] Built Zeta23.DBN.Instance02.arb_0036 (4.9s)
✔ [3188/3263] Built Zeta23.DBN.Instance02.arb_0033 (4.0s)
✔ [3189/3263] Built Zeta23.DBN.Instance02.arb_0032 (5.1s)
✔ [3190/3263] Built Zeta23.DBN.Instance02.arb_0031 (3.0s)
✔ [3191/3263] Built Zeta23.DBN.Instance02.arb_0030 (4.4s)
✔ [3192/3263] Built Zeta23.DBN.Instance02.arb_0028 (4.5s)
✔ [3193/3263] Built Zeta23.DBN.Instance02.arb_0029 (4.5s)
✔ [3194/3263] Built Zeta23.DBN.Instance02.arb_0026 (4.5s)
✔ [3195/3263] Built Zeta23.DBN.Instance02.arb_0027 (4.5s)
✔ [3196/3263] Built Zeta23.DBN.Instance02.arb_0024 (4.5s)
✔ [3197/3263] Built Zeta23.DBN.Instance02.arb_0025 (4.7s)
✔ [3198/3263] Built Zeta23.DBN.Instance02.arb_0023 (4.6s)
✔ [3199/3263] Built Zeta23.DBN.Instance02.arb_0022 (4.8s)
✔ [3200/3263] Built Zeta23.DBN.Instance02.arb_0021 (4.4s)
✔ [3201/3263] Built Zeta23.DBN.Instance02.arb_0020 (4.2s)
✔ [3202/3263] Built Zeta23.DBN.Instance02.arb_0018 (4.3s)
✔ [3203/3263] Built Zeta23.DBN.Instance02.arb_0019 (4.4s)
✔ [3204/3263] Built Zeta23.DBN.Instance02.arb_0017 (4.8s)
✔ [3205/3263] Built Zeta23.DBN.Instance02.arb_0015 (4.8s)
✔ [3206/3263] Built Zeta23.DBN.Instance02.arb_0014 (4.8s)
✔ [3207/3263] Built Zeta23.DBN.Instance02.arb_0016 (5.0s)
✔ [3208/3263] Built Zeta23.DBN.Instance02.arb_0013 (4.8s)
✔ [3209/3263] Built Zeta23.DBN.Instance02.arb_0012 (4.7s)
✔ [3210/3263] Built Zeta23.DBN.Instance02.arb_0011 (4.6s)
✔ [3211/3263] Built Zeta23.DBN.Instance02.arb_0010 (4.9s)
✔ [3212/3263] Built Zeta23.DBN.Instance02.arb_0008 (4.6s)
✔ [3213/3263] Built Zeta23.DBN.Instance02.arb_0009 (4.8s)
✔ [3214/3263] Built Zeta23.DBN.Instance02.arb_0006 (5.4s)
✔ [3215/3263] Built Zeta23.DBN.Instance02.arb_0007 (5.5s)
✔ [3216/3263] Built Zeta23.DBN.Instance02.arb_0004 (5.5s)
✔ [3217/3263] Built Zeta23.DBN.Instance02.arb_0005 (5.5s)
✔ [3218/3263] Built Zeta23.DBN.Instance02.arb_0003 (5.5s)
✔ [3219/3263] Built Zeta23.DBN.Instance02.arb_0002 (5.5s)
✔ [3220/3263] Built Zeta23.DBN.Instance02.arb_0001 (5.2s)
✔ [3221/3263] Built Zeta23.DBN.Instance02.mp_0038 (4.4s)
✔ [3222/3263] Built Zeta23.DBN.Instance02.mp_0037 (4.3s)
✔ [3223/3263] Built Zeta23.DBN.Instance02.arb_0000 (5.4s)
✔ [3224/3263] Built Zeta23.DBN.Instance02.mp_0035 (4.5s)
✔ [3225/3263] Built Zeta23.DBN.Instance02.mp_0036 (4.5s)
✔ [3226/3263] Built Zeta23.DBN.Instance02.mp_0033 (4.6s)
✔ [3227/3263] Built Zeta23.DBN.Instance02.mp_0032 (4.5s)
✔ [3228/3263] Built Zeta23.DBN.Instance02.mp_0034 (4.7s)
✔ [3229/3263] Built Zeta23.DBN.Instance02.mp_0031 (4.5s)
✔ [3230/3263] Built Zeta23.DBN.Instance02.mp_0030 (4.4s)
✔ [3231/3263] Built Zeta23.DBN.Instance02.mp_0028 (4.4s)
✔ [3232/3263] Built Zeta23.DBN.Instance02.mp_0029 (4.5s)
✔ [3233/3263] Built Zeta23.DBN.Instance02.mp_0027 (4.0s)
✔ [3234/3263] Built Zeta23.DBN.Instance02.mp_0025 (4.8s)
✔ [3235/3263] Built Zeta23.DBN.Instance02.mp_0026 (4.8s)
✔ [3236/3263] Built Zeta23.DBN.Instance02.mp_0022 (4.6s)
✔ [3237/3263] Built Zeta23.DBN.Instance02.mp_0023 (4.6s)
✔ [3238/3263] Built Zeta23.DBN.Instance02.mp_0024 (4.7s)
✔ [3239/3263] Built Zeta23.DBN.Instance02.mp_0021 (4.5s)
✔ [3240/3263] Built Zeta23.DBN.Instance02.mp_0018 (4.6s)
✔ [3241/3263] Built Zeta23.DBN.Instance02.mp_0019 (4.6s)
✔ [3242/3263] Built Zeta23.DBN.Instance02.mp_0020 (4.9s)
✔ [3243/3263] Built Zeta23.DBN.Instance02.mp_0017 (4.6s)
✔ [3244/3263] Built Zeta23.DBN.Instance02.mp_0016 (4.7s)
✔ [3245/3263] Built Zeta23.DBN.Instance02.mp_0015 (4.7s)
✔ [3246/3263] Built Zeta23.DBN.Instance02.mp_0013 (4.7s)
✔ [3247/3263] Built Zeta23.DBN.Instance02.mp_0014 (4.6s)
✔ [3248/3263] Built Zeta23.DBN.Instance02.mp_0011 (4.6s)
✔ [3249/3263] Built Zeta23.DBN.Instance02.mp_0012 (4.7s)
✔ [3250/3263] Built Zeta23.DBN.Instance02.mp_0010 (4.7s)
✔ [3251/3263] Built Zeta23.DBN.Instance02.mp_0008 (4.8s)
✔ [3252/3263] Built Zeta23.DBN.Instance02.mp_0009 (4.7s)
✔ [3253/3263] Built Zeta23.DBN.Instance02.mp_0007 (4.7s)
✔ [3254/3263] Built Zeta23.DBN.Instance02.mp_0005 (4.4s)
✔ [3255/3263] Built Zeta23.DBN.Instance02.mp_0006 (4.4s)
✔ [3256/3263] Built Zeta23.DBN.Instance02.mp_0001 (4.2s)
✔ [3257/3263] Built Zeta23.DBN.Instance02.mp_0003 (4.3s)
✔ [3258/3263] Built Zeta23.DBN.Instance02.mp_0004 (4.4s)
✔ [3259/3263] Built Zeta23.DBN.Instance02.mp_0002 (4.3s)
✔ [3260/3263] Built Zeta23.DBN.Instance02.mp_0000 (2.0s)
✔ [3261/3263] Built Zeta23.DBN.Instance02.arb_Barrier (3.5s)
✔ [3262/3263] Built Zeta23.DBN.Instance02.mp_Barrier (1.5s)
✔ [3263/3263] Built Zeta23.DBN.Instance02 (1.6s)
Build completed successfully (3263 jobs).
lake build Zeta23.DBN.Instance02 2>&1  304.37s user 173.74s system 768% cpu 1:02.19 total
exit=0
