== Tue Sep 29 06:39:02 IST 2026 pre-run cleanup: comparator-layer artifacts of the topic WeilContainmentC2 (and ChallengeDeps.WeilContainment, and the rung-1 topic's, so nothing pre-built remains)
.lake/build/ir/Challenge/WeilContainmentC2One.c
.lake/build/ir/Challenge/WeilContainmentC2One.c.hash
.lake/build/ir/Challenge/WeilContainmentC2One.setup.json
.lake/build/ir/ChallengeDeps/WeilContainment.c
.lake/build/ir/ChallengeDeps/WeilContainment.c.hash
.lake/build/ir/ChallengeDeps/WeilContainment.setup.json
.lake/build/ir/Solution/WeilContainmentC2.c
.lake/build/ir/Solution/WeilContainmentC2.c.hash
.lake/build/ir/Solution/WeilContainmentC2.setup.json
.lake/build/ir/Solution/WeilContainmentC2One.c
.lake/build/ir/Solution/WeilContainmentC2One.c.hash
.lake/build/ir/Solution/WeilContainmentC2One.setup.json
.lake/build/lib/lean/Challenge/WeilContainmentC2One.ilean
.lake/build/lib/lean/Challenge/WeilContainmentC2One.ilean.hash
.lake/build/lib/lean/Challenge/WeilContainmentC2One.olean
.lake/build/lib/lean/Challenge/WeilContainmentC2One.olean.hash
.lake/build/lib/lean/Challenge/WeilContainmentC2One.trace
.lake/build/lib/lean/ChallengeDeps/WeilContainment.ilean
.lake/build/lib/lean/ChallengeDeps/WeilContainment.ilean.hash
.lake/build/lib/lean/ChallengeDeps/WeilContainment.olean
.lake/build/lib/lean/ChallengeDeps/WeilContainment.olean.hash
.lake/build/lib/lean/ChallengeDeps/WeilContainment.trace
.lake/build/lib/lean/Solution/WeilContainmentC2.ilean
.lake/build/lib/lean/Solution/WeilContainmentC2.ilean.hash
.lake/build/lib/lean/Solution/WeilContainmentC2.olean
.lake/build/lib/lean/Solution/WeilContainmentC2.olean.hash
.lake/build/lib/lean/Solution/WeilContainmentC2.trace
.lake/build/lib/lean/Solution/WeilContainmentC2One.ilean
.lake/build/lib/lean/Solution/WeilContainmentC2One.ilean.hash
.lake/build/lib/lean/Solution/WeilContainmentC2One.olean
.lake/build/lib/lean/Solution/WeilContainmentC2One.olean.hash
.lake/build/lib/lean/Solution/WeilContainmentC2One.trace
remaining:        0
