arec n=136800 a=15 exp=0.22899
arec n=159600 a=18 exp=0.24126
arec n=239400 a=21 exp=0.24581
arec n=462840 a=22 exp=0.23695
arec n=478800 a=26 exp=0.24911
arec n=957600 a=27 exp=0.23931
arec n=1197000 a=29 exp=0.24060
arec n=1368000 a=30 exp=0.24073
arec n=1596000 a=33 exp=0.24480
arec n=1983600 a=34 exp=0.24319
arec n=2394000 a=42 exp=0.25446
arec n=4628400 a=44 exp=0.24656
arec n=4788000 a=54 exp=0.25933
arec n=6942600 a=55 exp=0.25438
arec n=7182000 a=57 exp=0.25610
arec n=9576000 a=59 exp=0.25366
Erec n=13167000 a=56 E(n-1)=4.6 E(n)=59.8
Erec n=13376008 a=3 E(n-1)=58.2 E(n)=60.4
Erec n=13376010 a=2 E(n-1)=59.6 E(n)=60.8
Erec n=13376020 a=2 E(n-1)=60.6 E(n)=61.8
Erec n=13376076 a=15 E(n-1)=50.8 E(n)=65.0
Erec n=13376077 a=1 E(n-1)=65.0 E(n)=65.2
Erec n=13885200 a=75 E(n-1)=-0.4 E(n)=73.8
arec n=13885200 a=75 exp=0.26252
Erec n=13885201 a=1 E(n-1)=73.8 E(n)=74.0
Erec n=17556000 a=66 E(n-1)=10.6 E(n)=75.8
Erec n=17556002 a=2 E(n-1)=75.0 E(n)=76.2
Erec n=23940000 a=74 E(n-1)=7.6 E(n)=80.8
Erec n=23940002 a=2 E(n-1)=80.0 E(n)=81.2
arec n=26334000 a=82 exp=0.25791
Erec n=26334004 a=2 E(n-1)=80.4 E(n)=81.6
Erec n=29754000 a=68 E(n-1)=16.6 E(n)=83.8
Erec n=31122000 a=83 E(n-1)=9.6 E(n)=91.8
arec n=31122000 a=83 exp=0.25611
arec n=35910000 a=86 exp=0.25605
Erec n=41655600 a=93 E(n-1)=4.6 E(n)=96.8
arec n=41655600 a=93 exp=0.25834
Erec n=47880000 a=94 E(n-1)=14.6 E(n)=107.8
arec n=47880000 a=94 exp=0.25691
arec n=52668000 a=100 exp=0.25902
Erec n=60169200 a=101 E(n-1)=10.6 E(n)=110.8
arec n=60169200 a=101 exp=0.25765
Erec n=60169201 a=1 E(n-1)=110.8 E(n)=111.0
Erec n=60169202 a=2 E(n-1)=111.0 E(n)=112.2
Erec n=69426000 a=114 E(n-1)=-0.4 E(n)=112.8
arec n=69426000 a=114 exp=0.26231
Erec n=69426001 a=1 E(n-1)=112.8 E(n)=113.0
Erec n=71820000 a=111 E(n-1)=7.6 E(n)=117.8
Erec n=71820008 a=3 E(n-1)=116.2 E(n)=118.4
Erec n=90253800 a=124 E(n-1)=2.6 E(n)=125.8
arec n=90253800 a=124 exp=0.26314
Erec n=90253803 a=2 E(n-1)=125.2 E(n)=126.4
Erec n=90253804 a=2 E(n-1)=126.4 E(n)=127.6
arec n=136458000 a=127 exp=0.25861
Erec n=138852000 a=155 E(n-1)=7.6 E(n)=161.8
arec n=138852000 a=155 exp=0.26900
Erec n=208278000 a=170 E(n-1)=7.6 E(n)=176.8
arec n=208278000 a=170 exp=0.26813
Erec n=277704000 a=178 E(n-1)=10.6 E(n)=187.8
arec n=277704000 a=178 exp=0.26652
Erec n=277704001 a=1 E(n-1)=187.8 E(n)=188.0
arec n=395010000 a=180 exp=0.26234
Erec n=416556000 a=215 E(n-1)=10.6 E(n)=224.8
arec n=416556000 a=215 exp=0.27059
Erec n=591318000 a=209 E(n-1)=37.6 E(n)=245.8
Erec n=591318002 a=2 E(n-1)=245.0 E(n)=246.2
Erec n=591318004 a=2 E(n-1)=245.4 E(n)=246.6
Erec n=763686000 a=244 E(n-1)=14.6 E(n)=257.8
arec n=763686000 a=244 exp=0.26876
Erec n=902538000 a=276 E(n-1)=-0.4 E(n)=274.8
arec n=902538000 a=276 exp=0.27256
AT n=1000000000 N=800000008 C=N-0.8n=40/5 supE=1374/5 at 902538000 infE=-2/5 at 19 maxa=276 gps=50829666+0 zero_a(2..1e9)=539856374 mmax=1 gp_with_A>0=0 t=25s
Erec n=1180242000 a=273 E(n-1)=16.6 E(n)=288.8
arec n=1353807000 a=277 exp=0.26748
arec n=1388520000 a=279 exp=0.26750
arec n=1457946000 a=284 exp=0.26772
Erec n=1527372000 a=311 E(n-1)=0.6 E(n)=310.8
arec n=1527372000 a=311 exp=0.27143
Erec n=1805076000 a=344 E(n-1)=4.6 E(n)=347.8
arec n=1805076000 a=344 exp=0.27403
Erec n=1805076001 a=1 E(n-1)=347.8 E(n)=348.0
AT n=2000000000 N=1600000009 C=N-0.8n=45/5 supE=1740/5 at 1805076001 infE=-2/5 at 19 maxa=344 gps=50829666+47353731 zero_a(2..1e9)=539856374 mmax=1 gp_with_A>0=0 t=31s
window h=0 [1, ...): max a=1 at 2
window h=1 [4, ...): max a=1 at 4
window h=2 [10, ...): max a=1 at 11
window h=3 [32, ...): max a=2 at 60
window h=4 [100, ...): max a=2 at 114
window h=5 [317, ...): max a=3 at 600
window h=6 [1000, ...): max a=5 at 2280
window h=7 [3163, ...): max a=8 at 7980
window h=8 [10000, ...): max a=9 at 15960
window h=9 [31623, ...): max a=14 at 68400
window h=10 [100000, ...): max a=21 at 239400
window h=11 [316228, ...): max a=27 at 957600
window h=12 [1000000, ...): max a=42 at 2394000
window h=13 [3162278, ...): max a=59 at 9576000
window h=14 [10000000, ...): max a=83 at 31122000
window h=15 [31622777, ...): max a=124 at 90253800
window h=16 [100000000, ...): max a=178 at 277704000
window h=17 [316227767, ...): max a=276 at 902538000
window h=18 [1000000001, ...): max a=344 at 1805076000
decade 0: A=0 count=4 gprimes=3
decade 1: A=0 count=40 gprimes=21
decade 2: A=0 count=378 gprimes=140
decade 3: A=0 count=3990 gprimes=1066
decade 4: A=0 count=42884 gprimes=8408
decade 5: A=0 count=458687 gprimes=69127
decade 6: A=0 count=4866561 gprimes=586614
decade 7: A=0 count=51189989 gprimes=5096986
decade 8: A=0 count=534123507 gprimes=45067301
decade 9: A=0 count=604583404 gprimes=47353731
SHA256(a[0..1e9] uint16 LE) = 800ce6882c3e518b275b71cac46e5a47d5855a1f7773e07579ad9bb7bbc60d9d
a[902538000]=276 a[478800]=26 a[1805076000]=344
