# s8gen mode=sieve X=1.000000e+08 theta=0.000000 rho=1+0.000000e+00 t=1+0.000000e+00 B=10000.000000
# S cols: x N pi C supE E(x) meanE_win minEbefore_win maxPrimeGap_win gapStart gapPeakE maxClu_win minGapAbs minGapRel ties misorders minDecisionMargin_rel ambig_double skorokhodViol supPsi psi-x nS nM nLDbytes heap time wMaxE
P         10 10 4 0.00 2.2 2 -2.2
S 1.000000000e+01 10 4 5 0.000000 0.000000 -0.500000 -1.000000 2.000000 3.000000e+00 0.000000 2 1.000000e+00 1.000000e-01 0 0 1.000000e+300 0 0 2.168 -2.168 10 0 0 4 0.4 0.000000
F 1.000000000e+01 10 4 0.000000 -2.1680 0.000000 2.168
F 1.023292992e+01 10 4 -0.232930 -2.4009 0.000000 2.168
F 1.047128548e+01 10 4 -0.471285 -2.6393 0.000000 2.168
F 1.071519305e+01 10 4 -0.715193 -2.8832 0.000000 2.168
F 1.096478196e+01 10 4 -0.964782 -3.1328 0.000000 2.168
F 1.122018454e+01 11 5 -0.220185 -0.9903 0.000000 2.168
F 1.148153621e+01 11 5 -0.481536 -1.2516 0.000000 2.168
F 1.174897555e+01 11 5 -0.748976 -1.5191 0.000000 2.168
F 1.202264435e+01 12 5 -0.022644 -1.7927 0.000000 2.168
F 1.230268771e+01 12 5 -0.302688 -2.0728 0.000000 2.168
F 1.258925412e+01 12 5 -0.589254 -2.3593 0.000000 2.168
F 1.288249552e+01 12 5 -0.882496 -2.6526 0.000000 2.168
F 1.318256739e+01 13 6 -0.182567 -0.3877 0.000000 2.168
F 1.348962883e+01 13 6 -0.489629 -0.6948 0.000000 2.168
F 1.380384265e+01 13 6 -0.803843 -1.0090 0.000000 2.168
F 1.412537545e+01 14 6 -0.125375 -1.3305 0.000000 2.168
F 1.445439771e+01 14 6 -0.454398 -1.6595 0.000000 2.168
F 1.479108388e+01 14 6 -0.791084 -1.9962 0.000000 2.168
F 1.513561248e+01 15 6 -0.135612 -2.3408 0.000000 2.205
F 1.548816619e+01 15 6 -0.488166 -2.6933 0.000000 2.205
F 1.584893192e+01 15 6 -0.848932 -3.0541 0.000000 2.205
F 1.621810097e+01 16 6 -0.218101 -2.7301 0.000000 2.512
F 1.659586907e+01 16 6 -0.595869 -3.1079 0.000000 2.512
F 1.698243652e+01 16 6 -0.982437 -3.4944 0.000000 2.512
F 1.737800829e+01 17 7 -0.378008 -1.0568 0.000000 2.512
F 1.778279410e+01 17 7 -0.782794 -1.4616 0.000000 2.512
F 1.819700859e+01 18 7 -0.197009 -1.8758 0.000000 2.512
F 1.862087137e+01 18 7 -0.620871 -2.2997 0.000000 2.512
F 1.905460718e+01 19 8 -0.054607 0.2111 0.000000 2.512
F 1.949844600e+01 19 8 -0.498446 -0.2328 0.000000 2.512
F 1.995262315e+01 19 8 -0.952623 -0.6870 0.000000 2.512
F 2.041737945e+01 20 8 -0.417379 -1.1517 0.000000 2.512
F 2.089296131e+01 20 8 -0.892961 -1.6273 0.000000 2.512
F 2.137962090e+01 21 8 -0.379621 -2.1140 0.000000 2.512
F 2.187761624e+01 21 8 -0.877616 -2.6120 0.000000 2.512
F 2.238721139e+01 22 8 -0.387211 -3.1216 0.000000 2.734
F 2.290867653e+01 22 8 -0.908677 -3.6430 0.000000 2.734
F 2.344228815e+01 23 9 -0.442288 -1.0411 0.000000 2.734
F 2.398832919e+01 23 9 -0.988329 -1.5872 0.000000 2.734
F 2.454708916e+01 24 9 -0.547089 -2.1459 0.000000 2.734
F 2.511886432e+01 25 9 -0.118864 -1.1083 0.000000 2.734
F 2.570395783e+01 25 9 -0.703958 -1.6934 0.000000 2.734
F 2.630267992e+01 26 9 -0.302680 -2.2921 0.000000 2.734
F 2.691534804e+01 26 9 -0.915348 -2.9048 0.000000 2.734
F 2.754228703e+01 27 9 -0.542287 -2.4331 0.000000 2.734
F 2.818382931e+01 28 9 -0.183829 -3.0746 0.000000 2.891
F 2.884031503e+01 28 9 -0.840315 -3.7311 0.000000 2.891
F 2.951209227e+01 29 10 -0.512092 -1.0356 0.000000 2.891
F 3.019951720e+01 30 10 -0.199517 -1.7230 0.000000 2.891
F 3.090295433e+01 30 10 -0.902954 -2.4265 0.000000 2.891
S 3.162277660e+01 31 11 19 0.000000 -0.622777 -0.494568 -1.000000 6.000000 2.300000e+01 0.000000 2 1.000000e+00 3.225806e-02 0 0 1.000000e+300 0 0 2.891 0.288 31 0 0 11 0.4 0.000000
F 3.162277660e+01 31 11 -0.622777 0.2877 0.000000 2.891
P       31.6 32 11 0.00 2.9 2 0.6
F 3.235936569e+01 32 11 -0.359366 0.2443 0.000000 2.891
F 3.311311215e+01 33 11 -0.113112 -0.5095 0.000000 2.891
F 3.388441561e+01 33 11 -0.884416 -1.2808 0.000000 2.891
F 3.467368505e+01 34 11 -0.673685 -2.0701 0.000000 2.891
F 3.548133892e+01 35 11 -0.481339 -2.8777 0.000000 2.891
F 3.630780548e+01 36 11 -0.307805 -3.7042 0.000000 3.396
F 3.715352291e+01 37 12 -0.153523 -0.9390 0.000000 3.396
F 3.801893963e+01 38 12 -0.018940 -1.8044 0.000000 3.396
F 3.890451450e+01 38 12 -0.904514 -2.6900 0.000000 3.396
F 3.981071706e+01 39 12 -0.810717 -3.5962 0.000000 3.396
F 4.073802778e+01 40 12 -0.738028 -4.5235 0.000000 3.785
F 4.168693835e+01 41 13 -0.686938 -1.7588 0.000000 3.785
F 4.265795188e+01 42 13 -0.657952 -2.7298 0.000000 3.785
F 4.365158322e+01 43 14 -0.651583 0.0377 0.000000 3.785
F 4.466835922e+01 44 14 -0.668359 -0.9790 0.000000 3.785
F 4.570881896e+01 45 14 -0.708819 -2.0195 0.000000 3.785
F 4.677351413e+01 46 14 -0.773514 -3.0842 0.000000 3.785
F 4.786300923e+01 47 15 -0.863009 -0.3235 0.000000 3.785
F 4.897788194e+01 48 15 -0.977882 -1.4384 0.000000 3.785
F 5.011872336e+01 50 15 -0.118723 -0.6333 0.000000 3.785
F 5.128613840e+01 51 15 -0.286138 -1.8008 0.000000 3.785
F 5.248074602e+01 52 15 -0.480746 -2.9954 0.000000 3.785
F 5.370317964e+01 53 16 -0.703180 -0.2475 0.000000 3.785
F 5.495408739e+01 54 16 -0.954087 -1.4984 0.000000 3.785
F 5.623413252e+01 56 16 -0.234133 -2.7785 0.000000 3.785
F 5.754399373e+01 57 16 -0.543994 -4.0883 0.000000 3.785
F 5.888436554e+01 58 16 -0.884366 -5.4287 0.000000 4.544
F 6.025595861e+01 60 17 -0.255959 -2.7227 0.000000 4.544
F 6.165950019e+01 61 18 -0.659500 -0.0154 0.000000 4.544
F 6.309573445e+01 63 18 -0.095734 -1.4517 0.000000 4.544
F 6.456542290e+01 64 18 -0.565423 -2.2282 0.000000 4.544
F 6.606934480e+01 66 18 -0.069345 -3.7321 0.000000 4.544
F 6.760829754e+01 67 19 -0.608298 -1.0664 0.000000 4.544
F 6.918309709e+01 69 19 -0.183097 -2.6412 0.000000 4.544
F 7.079457844e+01 70 19 -0.794578 -4.2527 0.000000 4.544
F 7.244359601e+01 72 20 -0.443596 -1.6390 0.000000 4.544
F 7.413102413e+01 74 21 -0.131024 0.9640 0.000000 4.544
F 7.585775750e+01 75 21 -0.857758 -0.7627 0.000000 4.544
F 7.762471166e+01 77 21 -0.624712 -2.5296 0.000000 4.544
F 7.943282347e+01 79 22 -0.432823 0.0317 0.000000 4.544
F 8.128305162e+01 81 22 -0.283052 -0.7199 0.000000 4.544
F 8.317637711e+01 83 23 -0.176377 1.8056 0.000000 4.544
F 8.511380382e+01 85 23 -0.113804 -0.1318 0.000000 4.544
F 8.709635900e+01 87 23 -0.096359 -2.1144 0.000000 4.544
F 8.912509381e+01 89 24 -0.125094 0.3455 0.000000 4.544
F 9.120108394e+01 91 24 -0.201084 -1.7305 0.000000 4.544
F 9.332543008e+01 93 24 -0.325430 -3.8548 0.000000 4.544
F 9.549925860e+01 95 24 -0.499259 -6.0287 0.000000 5.529
F 9.772372210e+01 97 25 -0.723722 -3.6784 0.000000 6.529
S 1.000000000e+02 100 25 74 0.000000 0.000000 -0.501718 -1.000000 8.000000 8.900000e+01 0.000000 2 1.000000e+00 1.000000e-02 0 0 1.000000e+300 0 0 6.529 -5.955 100 0 0 25 0.4 0.000000
F 1.000000000e+02 100 25 0.000000 -5.9547 0.000000 6.529
P        100 101 26 0.00 6.5 2 -2.3
F 1.023292992e+02 102 26 -0.329299 -3.6689 0.000000 6.529
F 1.047128548e+02 104 27 -0.712855 -1.4177 0.000000 6.529
F 1.071519305e+02 107 28 -0.151931 0.8161 0.000000 6.529
F 1.096478196e+02 109 29 -0.647820 3.0115 0.000000 6.529
F 1.122018454e+02 112 29 -0.201845 0.4575 0.000000 6.529
F 1.148153621e+02 114 30 -0.815362 2.5714 0.000000 6.529
F 1.174897555e+02 117 30 -0.489755 -0.1030 0.000000 6.529
F 1.202264435e+02 120 30 -0.226443 -2.8397 0.000000 6.529
F 1.230268771e+02 123 30 -0.026877 -3.2423 0.000000 6.529
F 1.258925412e+02 125 30 -0.892541 -4.4985 0.000000 6.529
F 1.288249552e+02 128 31 -0.824955 -1.8936 0.000000 6.529
F 1.318256739e+02 131 32 -0.825674 -0.0191 0.000000 6.529
F 1.348962883e+02 134 32 -0.896288 -3.0897 0.000000 6.529
F 1.380384265e+02 138 33 -0.038426 -1.3119 0.000000 6.529
F 1.412537545e+02 141 34 -0.253754 0.4073 0.000000 6.529
F 1.445439771e+02 144 34 -0.543977 -2.8829 0.000000 6.529
F 1.479108388e+02 147 34 -0.910839 -6.2498 0.000000 6.529
F 1.513561248e+02 151 36 -0.356125 0.3261 0.000000 6.529
F 1.548816619e+02 154 36 -0.881662 -3.1994 0.000000 6.529
F 1.584893192e+02 158 37 -0.489319 -1.7508 0.000000 6.529
F 1.621810097e+02 162 37 -0.181010 -5.4425 0.000000 6.529
F 1.659586907e+02 165 38 -0.958691 -4.1264 0.000000 6.529
F 1.698243652e+02 169 39 -0.824365 -0.3092 0.000000 6.529
F 1.737800829e+02 173 40 -0.780083 0.8884 0.000000 6.529
F 1.778279410e+02 177 40 -0.827941 -3.1594 0.000000 6.529
F 1.819700859e+02 181 42 -0.970086 3.0843 0.000000 6.529
F 1.862087137e+02 186 42 -0.208714 -1.1543 0.000000 6.529
F 1.905460718e+02 190 42 -0.546072 -5.4917 0.000000 6.529
F 1.949844600e+02 194 44 -0.984460 0.5849 0.000000 6.529
F 1.995262315e+02 199 46 -0.526231 6.6196 0.000000 7.146
F 2.041737945e+02 204 46 -0.173794 1.9721 0.000000 7.146
F 2.089296131e+02 208 46 -0.929613 -2.7838 0.000000 7.146
F 2.137962090e+02 213 47 -0.796209 -2.2985 0.000000 7.146
F 2.187761624e+02 218 47 -0.776162 -7.2784 0.000000 7.146
F 2.238721139e+02 223 48 -0.872114 -6.9672 0.000000 10.502
F 2.290867653e+02 229 50 -0.086765 -1.3232 0.000000 10.502
F 2.344228815e+02 234 51 -0.422882 -1.2083 0.000000 10.502
F 2.398832919e+02 239 52 -0.883292 -1.1922 0.000000 10.502
F 2.454708916e+02 245 53 -0.470892 -0.1964 0.000000 10.502
F 2.511886432e+02 251 54 -0.188643 -0.3887 0.000000 10.502
F 2.570395783e+02 257 55 -0.039578 0.0026 0.000000 10.502
F 2.630267992e+02 263 56 -0.026799 -0.4125 0.000000 10.502
F 2.691534804e+02 269 57 -0.153480 -0.9445 0.000000 10.502
F 2.754228703e+02 275 58 -0.422870 -1.6117 0.000000 10.502
F 2.818382931e+02 281 60 -0.838293 3.2352 0.000000 10.502
F 2.884031503e+02 288 61 -0.403150 2.3158 0.000000 10.502
F 2.951209227e+02 295 62 -0.120923 4.1114 0.000000 10.502
F 3.019951720e+02 301 62 -0.995172 -2.7628 0.000000 10.502
F 3.090295433e+02 309 63 -0.029543 -4.0704 0.000000 10.502
S 3.162277660e+02 316 65 250 0.000000 -0.227766 -0.499593 -1.000000 14.000000 1.130000e+02 0.000000 2 1.000000e+00 3.164557e-03 0 0 1.000000e+300 0 0 10.502 0.217 316 0 0 65 0.4 0.000000
F 3.162277660e+02 316 65 -0.227766 0.2174 0.000000 10.502
P        316 317 66 0.00 10.5 2 5.2
F 3.235936569e+02 323 66 -0.593657 -1.3896 0.000000 10.502
F 3.311311215e+02 331 67 -0.131121 -3.1249 0.000000 10.502
F 3.388441561e+02 338 68 -0.844156 -5.0179 0.000000 10.502
F 3.467368505e+02 346 68 -0.736850 -10.9647 0.000000 10.502
F 3.548133892e+02 354 71 -0.813389 -1.4703 0.000000 10.502
F 3.630780548e+02 363 72 -0.078055 -0.9072 0.000000 10.502
F 3.715352291e+02 371 73 -0.535229 -3.4590 0.000000 10.502
F 3.801893963e+02 380 75 -0.189396 -0.2541 0.000000 10.502
F 3.890451450e+02 389 77 -0.045145 2.8018 0.000000 10.502
F 3.981071706e+02 398 78 -0.107171 -0.2763 0.000000 10.502
F 4.073802778e+02 407 79 -0.380278 -3.5555 0.000000 10.502
F 4.168693835e+02 416 80 -0.869383 -7.0309 0.000000 10.502
F 4.265795188e+02 426 82 -0.579519 -4.6605 0.000000 10.502
F 4.365158322e+02 436 84 -0.515832 -2.4600 0.000000 10.502
F 4.466835922e+02 446 86 -0.683592 -0.4497 0.000000 10.502
F 4.570881896e+02 457 88 -0.088190 1.3775 0.000000 10.502
F 4.677351413e+02 467 91 -0.735141 9.1480 0.000000 10.502
F 4.786300923e+02 478 91 -0.630092 -1.7470 0.000000 10.502
F 4.897788194e+02 489 93 -0.778819 -0.5358 0.000000 10.502
F 5.011872336e+02 501 95 -0.187234 0.4649 0.000000 10.502
F 5.128613840e+02 512 97 -0.861384 1.9369 0.000000 10.502
F 5.248074602e+02 524 99 -0.807460 2.5062 0.000000 10.502
F 5.370317964e+02 537 99 -0.031796 -6.5827 0.000000 10.502
F 5.495408739e+02 549 101 -0.540874 -6.4939 0.000000 10.502
F 5.623413252e+02 562 102 -0.341325 -12.9718 0.000000 12.953
F 5.754399373e+02 575 105 -0.439937 -7.0458 0.000000 12.953
F 5.888436554e+02 588 107 -0.843655 -7.7167 0.000000 12.953
F 6.025595861e+02 602 110 -0.559586 -2.2536 0.000000 12.953
F 6.165950019e+02 616 112 -0.595002 -3.4621 0.000000 12.953
F 6.309573445e+02 630 114 -0.957344 -3.3620 0.000000 12.953
F 6.456542290e+02 645 117 -0.654229 1.3176 0.000000 12.953
F 6.606934480e+02 660 120 -0.693448 5.7230 0.000000 12.953
F 6.760829754e+02 676 122 -0.082975 3.3390 0.000000 12.953
F 6.918309709e+02 691 125 -0.830971 7.1733 0.000000 12.953
F 7.079457844e+02 707 126 -0.945784 -2.3890 0.000000 12.953
F 7.244359601e+02 724 128 -0.435960 -5.7375 0.000000 12.953
F 7.413102413e+02 741 131 -0.310241 -1.7218 0.000000 12.953
F 7.585775750e+02 758 134 -0.577575 0.8724 0.000000 12.953
F 7.762471166e+02 776 137 -0.247117 3.1328 0.000000 12.953
F 7.943282347e+02 794 138 -0.328235 -8.2801 0.000000 12.953
F 8.128305162e+02 812 141 -0.830516 -6.7074 0.000000 15.271
F 8.317637711e+02 831 145 -0.763771 1.2208 0.000000 15.271
F 8.511380382e+02 851 146 -0.138038 -8.0539 0.000000 15.271
F 8.709635900e+02 870 150 -0.963590 -0.8611 0.000000 15.271
F 8.912509381e+02 891 154 -0.250938 5.9803 0.000000 15.271
F 9.120108394e+02 912 156 -0.010839 -1.1549 0.000000 15.271
F 9.332543008e+02 933 158 -0.254301 -8.7410 0.000000 15.271
F 9.549925860e+02 954 162 -0.992586 -3.0767 0.000000 15.271
F 9.772372210e+02 977 165 -0.237221 -1.2504 0.000000 15.271
S 1.000000000e+03 1000 168 831 0.000000 0.000000 -0.500129 -1.000000 20.000000 8.870000e+02 0.000000 2 1.000000e+00 1.000000e-03 0 0 1.000000e+300 0 0 15.271 -3.319 1000 0 0 168 0.4 0.000000
F 1.000000000e+03 1000 168 0.000000 -3.3191 0.000000 15.271
P      1e+03 1001 168 0.00 15.3 2 -4.3
F 1.023292992e+03 1023 172 -0.292992 1.0804 0.000000 15.271
F 1.047128548e+03 1047 175 -0.128548 -1.2375 0.000000 15.271
F 1.071519305e+03 1071 180 -0.519305 9.1952 0.000000 15.271
F 1.096478196e+03 1096 183 -0.478196 5.2190 0.000000 15.271
F 1.122018454e+03 1122 187 -0.018454 7.7145 0.000000 15.271
F 1.148153621e+03 1148 189 -0.153621 -4.3679 0.000000 15.271
F 1.174897555e+03 1174 193 -0.897555 -2.8889 0.000000 15.271
F 1.202264435e+03 1202 197 -0.264435 -1.9274 0.000000 15.271
F 1.230268771e+03 1230 201 -0.268771 -1.5037 0.000000 15.271
F 1.258925412e+03 1258 204 -0.925412 -8.7942 0.000000 15.271
F 1.288249552e+03 1288 208 -0.249552 -9.5172 0.000000 18.731
F 1.318256739e+03 1318 214 -0.256739 3.4870 0.000000 18.731
F 1.348962883e+03 1348 217 -0.962883 -3.2598 0.000000 18.731
F 1.380384265e+03 1380 220 -0.384265 -9.4091 0.000000 18.731
F 1.412537545e+03 1412 223 -0.537545 -19.8377 0.000000 22.551
F 1.445439771e+03 1445 228 -0.439771 -16.4121 0.000000 29.300
F 1.479108388e+03 1479 233 -0.108388 -13.6629 0.000000 29.300
F 1.513561248e+03 1513 240 -0.561248 3.0385 0.000000 29.300
F 1.548816619e+03 1548 243 -0.816619 -10.2132 0.000000 29.300
F 1.584893192e+03 1584 250 -0.893192 5.2033 0.000000 29.300
F 1.621810097e+03 1621 257 -0.810097 19.9724 0.000000 29.300
F 1.659586907e+03 1659 260 -0.586907 4.4034 0.000000 29.300
F 1.698243652e+03 1698 265 -0.243652 6.5863 0.000000 29.300
F 1.737800829e+03 1737 270 -0.800829 4.2707 0.000000 29.300
F 1.778279410e+03 1778 275 -0.279410 1.1442 0.000000 29.300
F 1.819700859e+03 1819 280 -0.700859 -2.8157 0.000000 29.300
F 1.862087137e+03 1862 284 -0.087137 -11.3698 0.000000 29.300
F 1.905460718e+03 1905 291 -0.460718 -1.9719 0.000000 29.300
F 1.949844600e+03 1949 296 -0.844600 -8.5384 0.000000 29.300
F 1.995262315e+03 1995 301 -0.262315 -16.0105 0.000000 29.300
F 2.041737945e+03 2041 309 -0.737945 -1.6184 0.000000 29.300
F 2.089296131e+03 2089 316 -0.296131 4.9805 0.000000 29.300
F 2.137962090e+03 2137 322 -0.962090 2.2694 0.000000 29.300
F 2.187761624e+03 2187 327 -0.761624 -8.0530 0.000000 29.300
F 2.238721139e+03 2238 332 -0.721139 -14.0797 0.000000 29.300
F 2.290867653e+03 2290 340 -0.867653 -4.4282 0.000000 29.300
F 2.344228815e+03 2344 347 -0.228815 -3.5517 0.000000 29.300
F 2.398832919e+03 2398 356 -0.832919 11.7879 0.000000 29.300
F 2.454708916e+03 2454 363 -0.708916 12.4127 0.000000 29.300
F 2.511886432e+03 2511 368 -0.886432 -5.6933 0.000000 29.300
F 2.570395783e+03 2570 375 -0.395783 -9.3189 0.000000 29.300
F 2.630267992e+03 2630 381 -0.267992 -22.0078 0.000000 29.300
F 2.691534804e+03 2691 391 -0.534804 -4.3892 0.000000 31.983
F 2.754228703e+03 2754 402 -0.228703 19.9180 0.000000 31.983
F 2.818382931e+03 2818 409 -0.382931 15.2688 0.000000 31.983
F 2.884031503e+03 2884 417 -0.031503 13.2537 0.000000 31.983
F 2.951209227e+03 2951 424 -0.209227 1.9103 0.000000 31.983
F 3.019951720e+03 3019 433 -0.951720 5.1723 0.000000 31.983
F 3.090295433e+03 3090 442 -0.295433 7.0603 0.000000 31.983
S 3.162277660e+03 3162 446 2715 0.000000 -0.277660 -0.499954 -1.000000 34.000000 1.327000e+03 0.000000 2 1.000000e+00 3.162555e-04 0 0 1.000000e+300 0 0 31.983 -31.128 3162 0 0 446 0.4 0.000000
F 3.162277660e+03 3162 446 -0.277660 -31.1282 0.000000 31.983
P   3.16e+03 3163 447 0.00 32.0 2 -23.8
F 3.235936569e+03 3235 457 -0.936569 -16.0271 0.000000 31.983
F 3.311311215e+03 3311 465 -0.311215 -26.6500 0.000000 37.646
F 3.388441561e+03 3388 476 -0.441561 -14.5208 0.000000 37.646
F 3.467368505e+03 3467 486 -0.368505 -12.0362 0.000000 37.646
F 3.548133892e+03 3548 497 -0.133892 1.0992 0.000000 37.646
F 3.630780548e+03 3630 507 -0.780548 0.3126 0.000000 37.646
F 3.715352291e+03 3715 518 -0.352291 6.0331 0.000000 37.646
F 3.801893963e+03 3801 528 -0.893963 5.9196 0.000000 37.646
F 3.890451450e+03 3890 539 -0.451450 8.1736 0.000000 37.646
F 3.981071706e+03 3981 549 -0.071706 0.3157 0.000000 37.646
F 4.073802778e+03 4073 561 -0.802778 7.1902 0.000000 37.646
F 4.168693835e+03 4168 573 -0.693835 12.8827 0.000000 37.646
F 4.265795188e+03 4265 585 -0.795188 15.9763 0.000000 37.646
F 4.365158322e+03 4365 596 -0.158322 8.6859 0.000000 37.646
F 4.466835922e+03 4466 607 -0.835922 -0.6471 0.000000 37.646
F 4.570881896e+03 4570 619 -0.881896 0.5110 0.000000 37.646
F 4.677351413e+03 4677 632 -0.351413 3.7690 0.000000 37.646
F 4.786300923e+03 4786 642 -0.300923 -20.5698 0.000000 37.646
F 4.897788194e+03 4897 654 -0.788194 -30.2728 0.000000 37.646
F 5.011872336e+03 5011 672 -0.872336 11.6435 0.000000 37.646
F 5.128613840e+03 5128 685 -0.613840 10.0819 0.000000 37.646
F 5.248074602e+03 5248 697 -0.074602 -6.7137 0.000000 37.646
F 5.370317964e+03 5370 708 -0.317964 -30.3259 0.000000 37.646
F 5.495408739e+03 5495 725 -0.408739 -9.2190 0.000000 40.008
F 5.623413252e+03 5623 739 -0.413252 -16.5282 0.000000 40.008
F 5.754399373e+03 5754 757 -0.399373 8.1146 0.000000 40.008
F 5.888436554e+03 5888 775 -0.436554 30.1645 0.000000 40.008
F 6.025595861e+03 6025 785 -0.595861 -20.0789 0.000000 40.008
F 6.165950019e+03 6165 803 -0.950019 -3.5670 0.000000 40.008
F 6.309573445e+03 6309 820 -0.573445 5.7438 0.000000 40.008
F 6.456542290e+03 6456 838 -0.542290 16.4470 0.000000 41.384
F 6.606934480e+03 6606 853 -0.934480 -1.0653 0.000000 41.384
F 6.760829754e+03 6760 869 -0.829754 -14.0523 0.000000 41.384
F 6.918309709e+03 6918 890 -0.309709 21.2662 0.000000 41.384
F 7.079457844e+03 7079 909 -0.457844 28.3444 0.000000 41.384
F 7.244359601e+03 7244 926 -0.359601 14.3799 0.000000 41.384
F 7.413102413e+03 7413 940 -0.102413 -29.7759 0.000000 41.384
F 7.585775750e+03 7585 963 -0.775750 2.8051 0.000000 48.848
F 7.762471166e+03 7762 985 -0.471166 22.9245 0.000000 48.848
F 7.943282347e+03 7943 1003 -0.282347 8.0748 0.000000 48.848
F 8.128305162e+03 8128 1022 -0.305162 -6.0777 0.000000 48.848
F 8.317637711e+03 8317 1044 -0.637711 3.6426 0.000000 48.848
F 8.511380382e+03 8511 1060 -0.380382 -45.5022 0.000000 48.848
F 8.709635900e+03 8709 1085 -0.635900 -17.2301 0.000000 48.848
F 8.912509381e+03 8912 1108 -0.509381 -11.2017 0.000000 48.848
F 9.120108394e+03 9120 1130 -0.108394 -18.4691 0.000000 48.848
F 9.332543008e+03 9332 1154 -0.543008 -11.8040 0.000000 48.848
F 9.549925860e+03 9549 1182 -0.925860 31.6593 0.000000 48.848
F 9.772372210e+03 9772 1205 -0.372210 20.2867 0.000000 48.848
S 1.000000000e+04 10000 1229 8770 0.000000 0.000000 -0.500015 -1.000000 36.000000 9.551000e+03 0.000000 2 1.000000e+00 1.000000e-04 0 0 1.000000e+300 0 0 48.848 13.397 10000 0 0 1229 0.4 0.000000
F 1.000000000e+04 10000 1229 0.000000 13.3967 0.000000 48.848
P      1e+04 10001 1229 0.00 48.8 2 12.4
F 1.023292992e+04 10232 1254 -0.929923 15.6288 0.000000 48.848
F 1.047128548e+04 10471 1281 -0.285481 26.8681 0.000000 53.386
F 1.071519305e+04 10715 1306 -0.193052 19.3102 0.000000 53.386
F 1.096478196e+04 10964 1331 -0.781961 1.9984 0.000000 53.386
F 1.122018454e+04 11220 1357 -0.184543 -11.2398 0.000000 53.386
F 1.148153621e+04 11481 1383 -0.536215 -25.1654 0.000000 53.386
F 1.174897555e+04 11748 1409 -0.975549 -49.2561 0.000000 60.592
F 1.202264435e+04 12022 1440 -0.644346 -27.3524 0.000000 76.281
F 1.230268771e+04 12302 1471 -0.687708 -12.6553 0.000000 76.281
F 1.258925412e+04 12589 1504 -0.254118 11.9838 0.000000 76.281
F 1.288249552e+04 12882 1532 -0.495517 -11.8996 0.000000 76.281
F 1.318256739e+04 13182 1568 -0.567386 29.1125 0.000000 76.281
F 1.348962883e+04 13489 1599 -0.628826 16.5115 0.000000 76.281
F 1.380384265e+04 13803 1632 -0.842646 16.5384 0.000000 76.281
F 1.412537545e+04 14125 1663 -0.375446 -9.1417 0.000000 76.281
F 1.445439771e+04 14454 1695 -0.397707 -31.9723 0.000000 76.281
F 1.479108388e+04 14791 1733 -0.083882 -1.7880 0.000000 76.281
F 1.513561248e+04 15135 1767 -0.612484 -19.4715 0.000000 76.281
F 1.548816619e+04 15488 1808 -0.166189 23.0559 0.000000 76.281
F 1.584893192e+04 15848 1847 -0.931925 40.6210 0.000000 76.281
F 1.621810097e+04 16218 1884 -0.100974 34.5357 0.000000 76.281
F 1.659586907e+04 16595 1919 -0.869074 -2.8584 0.000000 76.281
F 1.698243652e+04 16982 1958 -0.436525 -8.0720 0.000000 76.281
F 1.737800829e+04 17378 1997 -0.008287 -18.4715 0.000000 76.281
F 1.778279410e+04 17782 2039 -0.794100 -12.7801 0.000000 76.281
F 1.819700859e+04 18197 2084 -0.008586 13.8899 0.000000 76.281
F 1.862087137e+04 18620 2129 -0.871367 31.9126 0.000000 76.281
F 1.905460718e+04 19054 2164 -0.607180 -52.3662 0.000000 76.281
F 1.949844600e+04 19498 2212 -0.445998 -17.6117 0.000000 98.533
F 1.995262315e+04 19952 2255 -0.623150 -45.4297 0.000000 98.533
F 2.041737945e+04 20417 2307 -0.379447 5.2640 0.000000 98.533
F 2.089296131e+04 20892 2349 -0.961309 -53.0098 0.000000 98.533
F 2.137962090e+04 21379 2399 -0.620895 -41.7641 0.000000 98.533
F 2.187761624e+04 21877 2454 -0.616239 9.2340 0.000000 98.533
F 2.238721139e+04 22387 2505 -0.211386 14.8836 0.000000 98.533
F 2.290867653e+04 22908 2557 -0.676528 19.8922 0.000000 98.533
F 2.344228815e+04 23442 2609 -0.288153 8.8847 0.000000 98.533
F 2.398832919e+04 23988 2667 -0.329190 47.1391 0.000000 98.533
F 2.454708916e+04 24547 2723 -0.089157 57.1295 0.000000 110.331
F 2.511886432e+04 25118 2772 -0.864315 -13.6805 0.000000 110.331
F 2.570395783e+04 25703 2831 -0.957828 -0.3313 0.000000 110.331
F 2.630267992e+04 26302 2890 -0.679919 0.7581 0.000000 110.331
F 2.691534804e+04 26915 2952 -0.348039 24.9221 0.000000 110.331
F 2.754228703e+04 27542 3009 -0.287033 -19.9408 0.000000 110.331
F 2.818382931e+04 28183 3073 -0.829313 -1.3001 0.000000 110.331
F 2.884031503e+04 28840 3140 -0.315031 32.1311 0.000000 110.331
F 2.951209227e+04 29512 3204 -0.092267 18.3514 0.000000 110.331
F 3.019951720e+04 30199 3266 -0.517204 -21.6027 0.000000 110.331
F 3.090295433e+04 30902 3332 -0.954325 -43.4195 0.000000 110.331
S 3.162277660e+04 31622 3401 28220 0.000000 -0.776602 -0.499996 -1.000000 72.000000 3.139700e+04 0.000000 2 1.000000e+00 3.162355e-05 0 0 1.000000e+300 0 0 110.331 -49.098 27140 9998 2172 11221 0.4 0.000000
F 3.162277660e+04 31622 3401 -0.776602 -49.0980 0.000000 110.331
P   3.16e+04 31623 3401 0.00 110.3 2 -49.3
F 3.235936569e+04 32359 3471 -0.365693 -54.3375 0.000000 112.807
F 3.311311215e+04 33113 3550 -0.112148 19.1017 0.000000 112.807
F 3.388441561e+04 33884 3628 -0.415614 60.5363 0.000000 112.807
F 3.467368505e+04 34673 3703 -0.685045 54.4831 0.000000 112.807
F 3.548133892e+04 35481 3777 -0.338923 21.2575 0.000000 112.807
F 3.630780548e+04 36307 3853 -0.805477 -8.0756 0.000000 112.807
F 3.715352291e+04 37153 3936 -0.522910 23.9033 0.000000 112.807
F 3.801893963e+04 38018 4018 -0.939632 27.5465 0.000000 112.807
F 3.890451450e+04 38904 4098 -0.514499 -8.1055 0.000000 112.807
F 3.981071706e+04 39810 4183 -0.717055 -9.7030 0.000000 112.807
F 4.073802778e+04 40738 4264 -0.027780 -78.2068 0.000000 112.807
F 4.168693835e+04 41686 4361 -0.938347 3.6495 0.000000 112.807
F 4.265795188e+04 42657 4458 -0.951880 65.6486 0.000000 112.807
F 4.365158322e+04 43651 4549 -0.583224 43.1741 0.000000 127.185
F 4.466835922e+04 44668 4643 -0.359215 37.1651 0.000000 127.185
F 4.570881896e+04 45708 4737 -0.818961 4.2546 0.000000 127.185
F 4.677351413e+04 46773 4834 -0.514129 -18.4422 0.000000 127.185
F 4.786300923e+04 47863 4933 -0.009232 -42.1705 0.000000 127.185
F 4.897788194e+04 48977 5033 -0.881937 -78.2629 0.000000 127.185
F 5.011872336e+04 50118 5145 -0.723363 -2.9130 0.000000 127.185
F 5.128613840e+04 51286 5247 -0.138399 -61.6893 0.000000 127.185
F 5.248074602e+04 52480 5358 -0.746025 -40.4287 0.000000 127.185
F 5.370317964e+04 53703 5473 -0.179637 -11.6987 0.000000 127.185
F 5.495408739e+04 54954 5586 -0.087386 -25.1363 0.000000 127.185
F 5.623413252e+04 56234 5703 -0.132519 -26.8449 0.000000 127.185
F 5.754399373e+04 57543 5830 -0.993734 59.2357 0.000000 127.185
F 5.888436554e+04 58884 5949 -0.365536 29.9063 0.000000 144.349
F 6.025595861e+04 60255 6080 -0.958607 99.6303 0.000000 173.493
F 6.165950019e+04 61659 6204 -0.500186 62.3509 0.000000 173.493
F 6.309573445e+04 63095 6326 -0.734448 -21.3649 0.000000 173.493
F 6.456542290e+04 64565 6455 -0.422903 -63.9092 0.000000 173.493
F 6.606934480e+04 66069 6596 -0.344801 1.6795 0.000000 173.493
F 6.760829754e+04 67608 6737 -0.297539 29.3422 0.000000 173.493
F 6.918309709e+04 69183 6869 -0.097092 -66.6198 0.000000 173.493
F 7.079457844e+04 70794 7010 -0.578438 -105.0766 0.000000 173.493
F 7.244359601e+04 72443 7166 -0.596007 -4.6061 0.000000 173.493
F 7.413102413e+04 74131 7312 -0.024130 -50.9487 0.000000 173.493
F 7.585775750e+04 75857 7472 -0.757503 18.3265 0.000000 173.493
F 7.762471166e+04 77624 7629 -0.711663 23.0557 0.000000 173.493
F 7.943282347e+04 79432 7785 -0.823472 -19.4805 0.000000 173.493
F 8.128305162e+04 81283 7954 -0.051616 48.4708 0.000000 173.493
F 8.317637711e+04 83176 8119 -0.377110 22.4357 0.000000 173.493
F 8.511380382e+04 85113 8289 -0.803820 15.6779 0.000000 173.493
F 8.709635900e+04 87096 8457 -0.358996 -52.1821 0.000000 173.493
F 8.912509381e+04 89125 8635 -0.093813 -54.1576 0.000000 173.493
F 9.120108394e+04 91201 8821 -0.083936 -8.0089 0.000000 173.493
F 9.332543008e+04 93325 9015 -0.430080 85.6219 0.000000 173.493
F 9.549925860e+04 95499 9206 -0.258602 105.5921 0.000000 173.493
F 9.772372210e+04 97723 9394 -0.722096 44.7702 0.000000 173.493
S 1.000000000e+05 100000 9592 90407 0.000000 0.000000 -0.500001 -1.000000 64.000000 8.968900e+04 0.000000 2 1.000000e+00 1.000000e-05 0 0 1.000000e+300 0 0 173.493 51.564 64556 9998 8363 11221 0.4 0.000000
F 1.000000000e+05 100000 9592 0.000000 51.5640 0.000000 173.493
P      1e+05 100001 9592 0.00 173.5 2 50.6
F 1.023292992e+05 102329 9801 -0.299228 136.7618 0.000000 173.493
F 1.047128548e+05 104712 9997 -0.854805 20.4538 0.000000 173.493
F 1.071519305e+05 107151 10211 -0.930524 57.5203 0.000000 173.493
F 1.096478196e+05 109647 10424 -0.819614 36.9991 0.000000 173.493
F 1.122018454e+05 112201 10636 -0.845430 -54.2593 0.000000 173.493
F 1.148153621e+05 114815 10859 -0.362150 -66.3330 0.000000 173.493
F 1.174897555e+05 117489 11084 -0.755494 -116.6454 0.000000 173.493
F 1.202264435e+05 120226 11321 -0.443462 -81.8992 0.000000 175.270
F 1.230268771e+05 123026 11566 -0.877081 -1.9996 0.000000 175.270
F 1.258925412e+05 125892 11809 -0.541179 -11.0016 0.000000 175.270
F 1.288249552e+05 128824 12057 -0.955169 -28.2345 0.000000 175.270
F 1.318256739e+05 131825 12312 -0.673856 -16.1768 0.000000 175.270
F 1.348962883e+05 134896 12568 -0.288259 -59.9404 0.000000 175.270
F 1.380384265e+05 138038 12842 -0.426460 37.5741 0.000000 175.270
F 1.412537545e+05 141253 13117 -0.754462 86.0475 0.000000 175.270
F 1.445439771e+05 144543 13385 -0.977075 -17.1853 0.000000 182.233
F 1.479108388e+05 147910 13669 -0.838817 -0.4961 0.000000 182.233
F 1.513561248e+05 151356 13963 -0.124844 67.4629 0.000000 182.233
F 1.548816619e+05 154881 14264 -0.661891 135.4786 0.000000 200.569
F 1.584893192e+05 158489 14558 -0.319246 50.5998 0.000000 223.905
F 1.621810097e+05 162181 14862 -0.009736 10.7135 0.000000 223.905
F 1.659586907e+05 165958 15171 -0.690744 -56.5367 0.000000 223.905
F 1.698243652e+05 169824 15481 -0.365246 -186.5711 0.000000 229.043
F 1.737800829e+05 173780 15815 -0.082875 -116.2811 0.000000 229.043
F 1.778279410e+05 177827 16144 -0.941004 -177.6235 0.000000 260.295
F 1.819700859e+05 181970 16490 -0.085861 -133.2673 0.000000 260.295
F 1.862087137e+05 186208 16855 -0.713666 59.1537 0.000000 260.295
F 1.905460718e+05 190546 17206 -0.071796 -8.8499 0.000000 260.295
F 1.949844600e+05 194984 17572 -0.459976 12.7066 0.000000 260.295
F 1.995262315e+05 199526 17946 -0.231497 36.9205 0.000000 260.295
F 2.041737945e+05 204173 18320 -0.794467 -35.9929 0.000000 260.295
F 2.089296131e+05 208929 18712 -0.613085 15.8707 0.000000 260.295
F 2.137962090e+05 213796 19109 -0.208950 22.9810 0.000000 260.295
F 2.187761624e+05 218776 19507 -0.162395 -55.5481 0.000000 260.295
F 2.238721139e+05 223872 19930 -0.113857 54.4614 0.000000 260.295
F 2.290867653e+05 229086 20353 -0.765277 59.7103 0.000000 260.295
F 2.344228815e+05 234422 20781 -0.881532 16.8319 0.000000 278.055
F 2.398832919e+05 239883 21213 -0.291902 -90.7352 0.000000 278.055
F 2.454708916e+05 245470 21666 -0.891569 -55.2135 0.000000 278.055
F 2.511886432e+05 251188 22132 -0.643151 22.0275 0.000000 278.055
F 2.570395783e+05 257039 22599 -0.578277 -10.7233 0.000000 278.055
F 2.630267992e+05 263026 23068 -0.799190 -143.3485 0.000000 278.055
F 2.691534804e+05 269153 23575 -0.480393 63.2126 0.000000 278.055
F 2.754228703e+05 275422 24071 -0.870334 13.4999 0.000000 278.055
F 2.818382931e+05 281838 24589 -0.293126 95.7268 0.000000 278.055
F 2.884031503e+05 288403 25092 -0.150313 -151.2524 0.000000 278.055
F 2.951209227e+05 295120 25625 -0.922667 -155.7340 0.000000 278.055
F 3.019951720e+05 301995 26163 -0.172040 -236.9531 0.000000 375.163
F 3.090295433e+05 309029 26724 -0.543251 -186.1004 0.000000 390.324
S 3.162277660e+05 316227 27293 288933 0.000000 -0.766017 -0.500000 -1.000000 86.000000 1.559210e+05 0.000000 2 1.000000e+00 3.162285e-06 0 0 1.000000e+300 0 0 390.324 -178.545 127197 9998 26064 11221 0.4 0.000000
F 3.162277660e+05 316227 27293 -0.766017 -178.5447 0.000000 390.324
P   3.16e+05 316228 27293 0.00 390.3 2 -178.8
F 3.235936569e+05 323593 27892 -0.656930 54.5779 0.000000 390.324
F 3.311311215e+05 331131 28492 -0.121483 149.0392 0.000000 390.324
F 3.388441561e+05 338844 29105 -0.156139 240.8688 0.000000 390.324
F 3.467368505e+05 346736 29720 -0.850453 192.8029 0.000000 390.324
F 3.548133892e+05 354813 30361 -0.389234 306.9547 0.000000 390.324
F 3.630780548e+05 363078 30988 -0.054770 79.2400 0.000000 405.519
F 3.715352291e+05 371535 31636 -0.229097 -65.7225 0.000000 405.519
F 3.801893963e+05 380189 32311 -0.396321 -48.5196 0.000000 405.519
F 3.890451450e+05 389045 32988 -0.144994 -180.9566 0.000000 405.519
F 3.981071706e+05 398107 33707 -0.170553 21.3309 0.000000 405.519
F 4.073802778e+05 407380 34403 -0.277804 -262.8189 0.000000 405.519
F 4.168693835e+05 416869 35141 -0.383470 -197.4265 0.000000 405.519
F 4.265795188e+05 426579 35889 -0.518802 -206.5846 0.000000 405.519
F 4.365158322e+05 436515 36684 -0.832240 178.8567 0.000000 405.519
F 4.466835922e+05 446683 37462 -0.592151 130.1899 0.000000 405.519
F 4.570881896e+05 457088 38246 -0.189615 -59.2706 0.000000 405.519
F 4.677351413e+05 467735 39045 -0.141287 -270.7691 0.000000 433.432
F 4.786300923e+05 478630 39899 -0.092323 0.1152 0.000000 433.432
F 4.897788194e+05 489778 40745 -0.819368 -74.3154 0.000000 433.432
F 5.011872336e+05 501187 41634 -0.233627 185.9260 0.000000 433.432
F 5.128613840e+05 512861 42504 -0.383991 -53.0226 0.000000 433.432
F 5.248074602e+05 524807 43421 -0.460250 75.1443 0.000000 433.432
F 5.370317964e+05 537031 44361 -0.796370 249.8429 0.000000 433.432
F 5.495408739e+05 549540 45286 -0.873858 -30.9683 0.000000 433.432
F 5.623413252e+05 562341 46243 -0.325190 -165.3489 0.000000 433.432
F 5.754399373e+05 575439 47236 -0.937337 -87.6580 0.000000 433.432
F 5.888436554e+05 588843 48272 -0.655356 267.6749 0.000000 433.432
F 6.025595861e+05 602559 49295 -0.586074 168.5105 0.000000 433.432
F 6.165950019e+05 616595 50359 -0.001861 306.1927 0.000000 433.432
F 6.309573445e+05 630957 51406 -0.344480 -78.9582 0.000000 442.160
F 6.456542290e+05 645654 52496 -0.229035 -199.6840 0.000000 442.160
F 6.606934480e+05 660693 53622 -0.448008 -148.8183 0.000000 442.160
F 6.760829754e+05 676082 54770 -0.975392 -133.9180 0.000000 442.160
F 6.918309709e+05 691830 55937 -0.970919 -182.4230 0.000000 442.160
F 7.079457844e+05 707945 57146 -0.784384 -11.1475 0.000000 442.160
F 7.244359601e+05 724435 58368 -0.960075 -26.7638 0.000000 442.160
F 7.413102413e+05 741310 59622 -0.241301 54.0405 0.000000 442.160
F 7.585775750e+05 758577 60867 -0.575029 -364.3909 0.000000 442.160
F 7.762471166e+05 776247 62190 -0.116629 -92.9301 0.000000 442.160
F 7.943282347e+05 794328 63537 -0.234724 123.4932 0.000000 442.160
F 8.128305162e+05 812830 64895 -0.516164 85.6856 0.000000 442.160
F 8.317637711e+05 831763 66298 -0.771103 276.7337 0.000000 442.160
F 8.511380382e+05 851138 67698 -0.038202 9.2954 0.000000 442.160
F 8.709635900e+05 870963 69170 -0.589956 306.9310 0.000000 442.160
F 8.912509381e+05 891250 70639 -0.938134 142.3066 0.000000 442.160
F 9.120108394e+05 912010 72170 -0.839356 389.2087 0.000000 483.178
F 9.332543008e+05 933254 73703 -0.300797 209.5969 0.000000 483.178
F 9.549925860e+05 954992 75269 -0.586021 36.9026 0.000000 483.178
F 9.772372210e+05 977237 76877 -0.220956 -40.9087 0.000000 483.178
S 1.000000000e+06 1000000 78498 921501 0.000000 0.000000 -0.500000 -1.000000 114.000000 4.921130e+05 0.000000 2 1.000000e+00 1.000000e-06 0 0 1.000000e+300 0 0 511.115 -413.403 192156 9998 77269 11221 0.4 0.000000
F 1.000000000e+06 1000000 78498 0.000000 -413.4025 0.000000 511.115
M 1.000000000e+06 1000000 0.000000 /private/tmp/rh-s40-free-greedy/ctrl_sieve_1e8.mom.1.000000e+06
P      1e+06 1000001 78498 0.00 511.1 2 -414.4
F 1.023292992e+06 1023292 80218 -0.992281 82.9848 0.000000 511.115
F 1.047128548e+06 1047128 81921 -0.548051 -140.4895 0.000000 511.115
F 1.071519305e+06 1071519 83662 -0.305238 -363.4287 0.000000 637.293
F 1.096478196e+06 1096478 85466 -0.196143 -241.9676 0.000000 665.979
F 1.122018454e+06 1122018 87314 -0.454302 -45.7682 0.000000 665.979
F 1.148153621e+06 1148153 89172 -0.621497 -255.5106 0.000000 665.979
F 1.174897555e+06 1174897 91114 -0.554940 120.9465 0.000000 665.979
F 1.202264435e+06 1202264 93093 -0.434617 457.5487 0.000000 672.521
F 1.230268771e+06 1230268 95067 -0.770812 137.2576 0.000000 672.521
F 1.258925412e+06 1258925 97106 -0.411794 103.8400 0.000000 672.521
F 1.288249552e+06 1288249 99208 -0.551693 342.3310 0.000000 672.521
F 1.318256739e+06 1318256 101314 -0.738556 -6.8238 0.000000 672.521
F 1.348962883e+06 1348962 103486 -0.882592 -66.3847 0.000000 672.521
F 1.380384265e+06 1380384 105716 -0.264603 28.4791 0.000000 672.521
F 1.412537545e+06 1412537 107992 -0.544623 93.5333 0.000000 672.521
F 1.445439771e+06 1445439 110306 -0.770746 8.3905 0.000000 672.521
F 1.479108388e+06 1479108 112683 -0.388168 89.4542 0.000000 672.521
F 1.513561248e+06 1513561 115145 -0.248436 663.9645 0.000000 684.696
F 1.548816619e+06 1548816 117580 -0.618912 101.1013 0.000000 730.354
F 1.584893192e+06 1584893 120094 -0.192461 -107.3794 0.000000 730.354
F 1.621810097e+06 1621810 122670 -0.097359 -211.1194 0.000000 730.354
F 1.659586907e+06 1659586 125308 -0.907438 -215.1648 0.000000 730.354
F 1.698243652e+06 1698243 128013 -0.652462 -63.6108 0.000000 730.354
F 1.737800829e+06 1737800 130740 -0.828749 -463.1730 0.000000 730.354
F 1.778279410e+06 1778279 133551 -0.410039 -496.6237 0.000000 730.354
F 1.819700859e+06 1819700 136425 -0.858610 -524.9010 0.000000 730.354
F 1.862087137e+06 1862087 139394 -0.136663 -74.0397 0.000000 730.354
F 1.905460718e+06 1905460 142396 -0.717963 -54.6355 0.000000 730.354
F 1.949844600e+06 1949844 145494 -0.599758 402.2050 0.000000 730.354
F 1.995262315e+06 1995262 148589 -0.314969 -137.8289 0.000000 730.354
F 2.041737945e+06 2041737 151825 -0.944670 380.4872 0.000000 730.354
F 2.089296131e+06 2089296 155087 -0.130854 281.3533 0.000000 730.354
F 2.137962090e+06 2137962 158423 -0.089502 230.4840 0.000000 730.354
F 2.187761624e+06 2187761 161837 -0.623950 237.7607 0.000000 730.354
F 2.238721139e+06 2238721 165315 -0.138568 128.1945 0.000000 730.354
F 2.290867653e+06 2290867 168886 -0.652768 255.4454 0.000000 791.431
F 2.344228815e+06 2344228 172497 -0.815320 -168.3341 0.000000 791.431
F 2.398832919e+06 2398832 176221 -0.919019 -100.1900 0.000000 791.431
F 2.454708916e+06 2454708 180007 -0.915685 -291.9776 0.000000 791.431
F 2.511886432e+06 2511886 183881 -0.431510 -392.0787 0.000000 791.431
F 2.570395783e+06 2570395 187837 -0.782769 -543.3008 0.000000 791.431
F 2.630267992e+06 2630267 191900 -0.991895 -359.0262 0.000000 791.431
F 2.691534804e+06 2691534 196066 -0.803927 26.1323 0.000000 791.431
F 2.754228703e+06 2754228 200277 -0.703338 -265.4961 0.000000 791.431
F 2.818382931e+06 2818382 204632 -0.931264 231.8721 0.000000 791.431
F 2.884031503e+06 2884031 209037 -0.503127 73.9463 0.000000 799.155
F 2.951209227e+06 2951209 213538 -0.226666 -85.9688 0.000000 799.155
F 3.019951720e+06 3019951 218142 -0.720402 -163.8017 0.000000 799.155
F 3.090295433e+06 3090295 222859 -0.432514 -48.9955 0.000000 909.113
S 3.162277660e+06 3162277 227647 2934629 0.000000 -0.660168 -0.500000 -1.000000 148.000000 2.010733e+06 0.000000 2 1.000000e+00 3.162278e-07 0 0 1.000000e+300 0 0 909.113 -410.213 222914 9998 226418 11221 0.6 0.000000
F 3.162277660e+06 3162277 227647 -0.660168 -410.2127 0.000000 909.113
P   3.16e+06 3162278 227647 0.00 909.1 2 -410.6
F 3.235936569e+06 3235936 232643 -0.569296 785.0752 0.000000 909.113
F 3.311311215e+06 3311311 237658 -0.214826 662.3082 0.000000 1126.991
F 3.388441561e+06 3388441 242778 -0.561392 472.1665 0.000000 1126.991
F 3.467368505e+06 3467368 248030 -0.504525 597.9163 0.000000 1253.917
F 3.548133892e+06 3548133 253298 -0.892336 -738.3918 0.000000 1253.917
F 3.630780548e+06 3630780 258822 -0.547701 6.9727 0.000000 1253.917
F 3.715352291e+06 3715352 264400 -0.290972 -229.4624 0.000000 1253.917
F 3.801893963e+06 3801893 270115 -0.963206 -226.3219 0.000000 1253.917
F 3.890451450e+06 3890451 275967 -0.449943 -40.0518 0.000000 1253.917
F 3.981071706e+06 3981071 281939 -0.705535 58.2253 0.000000 1253.917
F 4.073802778e+06 4073802 288038 -0.778041 122.8702 0.000000 1253.917
F 4.168693835e+06 4168693 294267 -0.834703 132.7112 0.000000 1253.917
F 4.265795188e+06 4265795 300630 -0.188016 112.8350 0.000000 1253.917
F 4.365158322e+06 4365158 307066 -0.322402 -879.6001 0.000000 1253.917
F 4.466835922e+06 4466835 313764 -0.921510 -49.8069 0.000000 1253.917
F 4.570881896e+06 4570881 320553 -0.896149 -39.9346 0.000000 1253.917
F 4.677351413e+06 4677351 327470 -0.412872 -320.0127 0.000000 1253.917
F 4.786300923e+06 4786300 334557 -0.923226 -335.4223 0.000000 1253.917
F 4.897788194e+06 4897788 341845 -0.193684 390.1830 0.000000 1253.917
F 5.011872336e+06 5011872 349268 -0.336273 753.2498 0.000000 1279.015
F 5.128613840e+06 5128613 356813 -0.839914 521.2313 0.000000 1279.015
F 5.248074602e+06 5248074 364542 -0.602498 609.4872 0.000000 1279.015
F 5.370317964e+06 5370317 372431 -0.963703 557.4611 0.000000 1279.015
F 5.495408739e+06 5495408 380495 -0.738576 545.8459 0.000000 1279.015
F 5.623413252e+06 5623413 388683 -0.251903 -259.9986 0.000000 1279.015
F 5.754399373e+06 5754399 397109 -0.373372 -143.7820 0.000000 1279.015
F 5.888436554e+06 5888436 405686 -0.553556 -543.0417 0.000000 1279.015
F 6.025595861e+06 6025595 414517 -0.860744 90.1983 0.000000 1279.015
F 6.165950019e+06 6165950 423471 -0.018615 -343.3460 0.000000 1279.015
F 6.309573445e+06 6309573 432689 -0.444802 267.4058 0.000000 1279.015
F 6.456542290e+06 6456542 442004 -0.290347 -716.7342 0.000000 1279.015
F 6.606934480e+06 6606934 451611 -0.480076 -322.5982 0.000000 1279.015
F 6.760829754e+06 6760829 461425 -0.753920 35.1507 0.000000 1279.015
F 6.918309709e+06 6918309 471440 -0.709189 197.4406 0.000000 1279.015
F 7.079457844e+06 7079457 481714 -0.843841 1016.9928 0.000000 1395.471
F 7.244359601e+06 7244359 492132 -0.600750 608.3650 0.000000 1525.910
F 7.413102413e+06 7413102 502782 -0.413009 260.3347 0.000000 1525.910
F 7.585775750e+06 7585775 513644 -0.750292 -424.8954 0.000000 1525.910
F 7.762471166e+06 7762471 524813 -0.166287 -33.8382 0.000000 1525.910
F 7.943282347e+06 7943282 536220 -0.347243 305.7683 0.000000 1525.910
F 8.128305162e+06 8128305 547832 -0.161641 -53.3324 0.000000 1525.910
F 8.317637711e+06 8317637 559713 -0.711027 -187.5381 0.000000 1525.910
F 8.511380382e+06 8511380 571845 -0.382024 -439.4070 0.000000 1525.910
F 8.709635900e+06 8709635 584311 -0.899561 383.5924 0.000000 1525.910
F 8.912509381e+06 8912509 596995 -0.381337 385.6810 0.000000 1525.910
F 9.120108394e+06 9120108 609914 -0.393559 -289.9315 0.000000 1525.910
F 9.332543008e+06 9332543 623185 -0.007970 141.5769 0.000000 1525.910
F 9.549925860e+06 9549925 636695 -0.860214 -217.5774 0.000000 1525.910
F 9.772372210e+06 9772372 650542 -0.209558 70.9630 0.000000 1525.910
S 1.000000000e+07 10000000 664579 9335420 0.000000 0.000000 -0.500000 -1.000000 154.000000 4.652353e+06 0.000000 2 1.000000e+00 1.000000e-07 0 0 1.000000e+300 0 0 1582.047 -1460.597 227876 9998 663350 11221 1.2 0.000000
F 1.000000000e+07 10000000 664579 0.000000 -1460.5967 0.000000 1582.047
M 1.000000000e+07 10000000 0.000000 /private/tmp/rh-s40-free-greedy/ctrl_sieve_1e8.mom.1.000000e+07
P      1e+07 10000001 664579 0.00 1582.0 2 -1461.6
F 1.023292992e+07 10232929 679018 -0.922808 -1446.6424 0.000000 1955.233
F 1.047128548e+07 10471285 693822 -0.480509 -637.3080 0.000000 1955.233
F 1.071519305e+07 10715193 708969 -0.052376 509.3919 0.000000 1955.233
F 1.096478196e+07 10964781 724368 -0.961432 389.6942 0.000000 1955.233
F 1.122018454e+07 11220184 740107 -0.543020 363.7895 0.000000 1955.233
F 1.148153621e+07 11481536 756172 -0.214969 17.4512 0.000000 1955.233
F 1.174897555e+07 11748975 772634 -0.549395 416.6156 0.000000 1955.233
F 1.202264435e+07 12022644 789445 -0.346174 667.3397 0.000000 1955.233
F 1.230268771e+07 12302687 806590 -0.708124 353.8069 0.000000 1955.233
F 1.258925412e+07 12589254 824149 -0.117942 711.3906 0.000000 1955.233
F 1.288249552e+07 12882495 842142 -0.516931 1880.1485 0.000000 2365.551
F 1.318256739e+07 13182567 860327 -0.385564 -226.6010 0.000000 2365.551
F 1.348962883e+07 13489628 879003 -0.825917 -849.7220 0.000000 2365.551
F 1.380384265e+07 13803842 898148 -0.646029 -475.8120 0.000000 2365.551
F 1.412537545e+07 14125375 917690 -0.446228 -461.4277 0.000000 2365.551
F 1.445439771e+07 14454397 937713 -0.707459 446.7875 0.000000 2365.551
F 1.479108388e+07 14791083 958132 -0.881682 668.2249 0.000000 2365.551
F 1.513561248e+07 15135612 978902 -0.484362 -659.2849 0.000000 2365.551
F 1.548816619e+07 15488166 1000143 -0.189125 -1741.8756 0.000000 2365.551
F 1.584893192e+07 15848931 1021977 -0.924611 -751.0384 0.000000 2365.551
F 1.621810097e+07 16218100 1044240 -0.973589 -507.0866 0.000000 2365.551
F 1.659586907e+07 16595869 1066934 -0.074376 -1221.9364 0.000000 2365.551
F 1.698243652e+07 16982436 1090268 -0.524617 448.3774 0.000000 2365.551
F 1.737800829e+07 17378008 1113997 -0.287494 242.4261 0.000000 2365.551
F 1.778279410e+07 17782794 1138288 -0.100389 709.6363 0.000000 2365.551
F 1.819700859e+07 18197008 1163037 -0.586100 14.4768 0.000000 2365.551
F 1.862087137e+07 18620871 1188396 -0.366629 406.4579 0.000000 2365.551
F 1.905460718e+07 19054607 1214297 -0.179632 597.3700 0.000000 2365.551
F 1.949844600e+07 19498445 1240736 -0.997580 298.0072 0.000000 2365.551
F 1.995262315e+07 19952623 1267785 -0.149689 538.8917 0.000000 2365.551
F 2.041737945e+07 20417379 1295355 -0.446695 -424.2551 0.000000 2365.551
F 2.089296131e+07 20892961 1323622 -0.308540 161.6298 0.000000 2365.551
F 2.137962090e+07 21379620 1352440 -0.895022 -391.8784 0.000000 2365.551
F 2.187761624e+07 21877616 1381984 -0.239496 663.9677 0.000000 2365.551
F 2.238721139e+07 22387211 1412010 -0.385683 -1060.0813 0.000000 2439.106
F 2.290867653e+07 22908676 1442838 -0.527678 -396.2223 0.000000 2439.106
F 2.344228815e+07 23442288 1474300 -0.153199 -389.5749 0.000000 2439.106
F 2.398832919e+07 23988329 1506410 -0.190195 -1117.6818 0.000000 2439.106
F 2.454708916e+07 24547089 1539360 -0.156850 495.5156 0.000000 2439.106
M 2.500000000e+07 25000000 0.000000 /private/tmp/rh-s40-free-greedy/ctrl_sieve_1e8.mom.2.500000e+07
F 2.511886432e+07 25118864 1572965 -0.315096 1020.3572 0.000000 2439.106
F 2.570395783e+07 25703957 1607115 -0.827689 -1738.5675 0.000000 2439.106
F 2.630267992e+07 26302679 1642202 -0.918954 -1327.9547 0.000000 2439.106
F 2.691534804e+07 26915348 1678096 -0.039269 -283.4987 0.000000 2439.106
F 2.754228703e+07 27542287 1714699 -0.033382 -528.3376 0.000000 2439.106
F 2.818382931e+07 28183829 1752138 -0.312645 -210.9752 0.000000 2439.106
F 2.884031503e+07 28840315 1790371 -0.031266 -346.4464 0.000000 2439.106
F 2.951209227e+07 29512092 1829394 -0.266664 -1280.8223 0.000000 2439.106
F 3.019951720e+07 30199517 1869506 -0.204020 1771.6126 0.000000 2439.106
F 3.090295433e+07 30902954 1910426 -0.325136 3661.3051 0.000000 3753.993
S 3.162277660e+07 31622776 1951957 29670818 0.000000 -0.601684 -0.500000 -1.000000 210.000000 2.083132e+07 0.000000 2 1.000000e+00 3.162278e-08 0 0 1.000000e+300 0 0 3979.192 630.286 228100 9998 1950728 11221 3.2 0.000000
F 3.162277660e+07 31622776 1951957 -0.601684 630.2856 0.000000 3979.192
P   3.16e+07 31622777 1951958 0.00 3979.2 2 647.2
F 3.235936569e+07 32359365 1994594 -0.692963 932.4193 0.000000 3979.192
F 3.311311215e+07 33113112 2038171 -0.148259 1318.5399 0.000000 3979.192
F 3.388441561e+07 33884415 2082786 -0.613920 3120.4663 0.000000 3979.192
F 3.467368505e+07 34673685 2127953 -0.045253 -2404.5761 0.000000 3979.192
F 3.548133892e+07 35481338 2174443 -0.923358 -2333.5224 0.000000 3979.192
F 3.630780548e+07 36307805 2221994 -0.477010 -1558.4654 0.000000 3979.192
F 3.715352291e+07 37153522 2270548 -0.909717 -1420.8392 0.000000 4561.441
F 3.801893963e+07 38018939 2320064 -0.632056 -3103.2957 0.000000 4561.441
F 3.890451450e+07 38904514 2370954 -0.499428 198.8544 0.000000 4561.441
F 3.981071706e+07 39810717 2422922 -0.055350 2905.1995 0.000000 4561.441
F 4.073802778e+07 40738027 2475823 -0.780411 2062.4612 0.000000 4561.441
F 4.168693835e+07 41686938 2529811 -0.347034 -158.6266 0.000000 4561.441
F 4.265795188e+07 42657951 2585184 -0.880159 1090.2426 0.000000 4561.441
F 4.365158322e+07 43651583 2641602 -0.224017 -615.7808 0.000000 4561.441
F 4.466835922e+07 44668359 2699325 -0.215096 -1199.1719 0.000000 4561.441
F 4.570881896e+07 45708818 2758545 -0.961488 2243.0114 0.000000 4561.441
F 4.677351413e+07 46773514 2818837 -0.128720 1765.9223 0.000000 4561.441
F 4.786300923e+07 47863009 2880438 -0.232264 1002.7210 0.000000 4561.441
F 4.897788194e+07 48977881 2943291 -0.936845 -1569.8306 0.000000 4561.441
M 5.000000000e+07 50000000 0.000000 /private/tmp/rh-s40-free-greedy/ctrl_sieve_1e8.mom.5.000000e+07
F 5.011872336e+07 50118723 3007801 -0.362727 690.2647 0.000000 4561.441
F 5.128613840e+07 51286138 3073557 -0.399136 -55.7558 0.000000 4561.441
F 5.248074602e+07 52480746 3140837 -0.024977 625.0602 0.000000 4561.441
F 5.370317964e+07 53703179 3209502 -0.637025 -367.6193 0.000000 4561.441
F 5.495408739e+07 54954087 3279605 -0.385762 -2635.4412 0.000000 4561.441
F 5.623413252e+07 56234132 3351550 -0.519035 441.9628 0.000000 4561.441
F 5.754399373e+07 57543993 3424953 -0.733716 1433.9600 0.000000 4561.441
F 5.888436554e+07 58884365 3499902 -0.535559 1218.4655 0.000000 4561.441
F 6.025595861e+07 60255958 3576403 -0.607436 -696.2192 0.000000 4561.441
F 6.165950019e+07 61659500 3654612 -0.186148 -2237.0195 0.000000 4561.441
F 6.309573445e+07 63095734 3734654 -0.448019 -1701.4662 0.000000 4561.441
F 6.456542290e+07 64565422 3816512 -0.903465 -192.2891 0.000000 4561.441
F 6.606934480e+07 66069344 3900024 -0.800760 -1226.9783 0.000000 4561.441
F 6.760829754e+07 67608297 3985592 -0.539198 1646.5827 0.000000 4561.441
F 6.918309709e+07 69183097 4072786 -0.091894 18.9367 0.000000 4561.441
F 7.079457844e+07 70794578 4162016 -0.438414 438.2100 0.000000 4561.441
F 7.244359601e+07 72443596 4253315 -0.007499 2813.7181 0.000000 4561.441
F 7.413102413e+07 74131024 4346394 -0.130092 1148.5338 0.000000 4561.441
F 7.585775750e+07 75857757 4441703 -0.502918 2768.5102 0.000000 4561.441
F 7.762471166e+07 77624711 4538894 -0.662869 515.5980 0.000000 4561.441
F 7.943282347e+07 79432823 4638288 -0.472428 -617.0914 0.000000 4561.441
F 8.128305162e+07 81283051 4740078 -0.616410 2066.6684 0.000000 4561.441
F 8.317637711e+07 83176377 4843921 -0.110267 1362.2504 0.000000 4561.441
F 8.511380382e+07 85113803 4949916 -0.820238 -1740.5140 0.000000 4561.441
F 8.709635900e+07 87096358 5058485 -0.995608 -519.0977 0.000000 4561.441
F 8.912509381e+07 89125093 5169375 -0.813375 -471.5711 0.000000 4561.441
F 9.120108394e+07 91201083 5282642 -0.935591 -1620.9127 0.000000 4751.858
F 9.332543008e+07 93325430 5398374 -0.079699 -3336.1774 0.000000 4751.858
F 9.549925860e+07 95499258 5516933 -0.602144 79.2623 0.000000 4751.858
F 9.772372210e+07 97723722 5637941 -0.095581 620.9671 0.000000 4751.858
S 1.000000000e+08 100000000 5761455 94238544 0.000000 0.000000 -0.500000 -1.000000 220.000000 4.732669e+07 0.000000 2 1.000000e+00 1.000000e-08 0 0 1.000000e+300 0 0 4751.858 -1757.203 228102 9998 2999905 0 10.0 0.000000
F 1.000000000e+08 100000000 5761455 0.000000 -1757.2034 0.000000 4751.858
M 1.000000000e+08 100000000 0.000000 /private/tmp/rh-s40-free-greedy/ctrl_sieve_1e8.mom.1.000000e+08
# done N=100000000 pi=5761455 C=94238544 supE=0.000000000 minEbefore=-1.000000000 skviol=0 supPsi=4751.858 nS=228102 nP_small=1229 nL=5760226 nM=9998 LDbytes=2999905 time=10.0
