# s8gen mode=rule X=1.000000e+10 theta=0.500000 rho=0.78539816339744828+3.061617e-17 t=1.2732395447351628-7.871471e-17 B=100000.000000
# S cols: x N pi C supE E(x) meanE_win minEbefore_win maxPrimeGap_win gapStart gapPeakE maxClu_win minGapAbs minGapRel ties misorders minDecisionMargin_rel ambig_double skorokhodViol supPsi psi-x nS nM nLDbytes heap time
R 4.383725796e+00 1.342428 5 2 4.183099e+00
R 7.174492315e+00 2.150565 8 3 6.729578e+00
S 1.000000000e+01 8 3 4 2.150565 -0.068583 0.506577 -0.500000 2.546479 1.636620e+00 0.681690 3 1.165644e-01 1.702628e-02 0 0 1.732120e-02 0 0 2.031 -4.692 8 0 0 3 0.0
F 1.000000000e+01 8 3 -0.068583 -4.6919 2.150565 2.031
F 1.023292992e+01 8 3 -0.251526 -4.9248 2.150565 2.031
F 1.047128548e+01 8 3 -0.438730 -5.1632 2.150565 2.031
P         10 9 4 2.15 2.9 3 -2.9
F 1.071519305e+01 9 4 0.369705 -3.0510 2.150565 2.885
F 1.096478196e+01 9 4 0.173679 -3.3006 2.150565 2.885
F 1.122018454e+01 11 4 1.973086 -3.5560 2.150565 3.540
F 1.148153621e+01 11 4 1.767821 -3.8174 2.150565 3.540
F 1.174897555e+01 12 4 2.557774 -3.5922 2.563319 3.585
F 1.202264435e+01 12 4 2.342835 -3.8659 2.563319 3.585
F 1.230268771e+01 12 4 2.122890 -4.1459 2.563319 3.585
F 1.258925412e+01 12 4 1.897821 -4.4325 2.563319 3.585
F 1.288249552e+01 12 4 1.667510 -4.7257 2.563319 3.585
F 1.318256739e+01 12 4 1.431834 -5.0258 2.563319 3.585
F 1.348962883e+01 12 4 1.190668 -5.3328 2.563319 3.585
F 1.380384265e+01 12 4 0.943886 -5.6471 2.563319 3.585
F 1.412537545e+01 12 4 0.691354 -5.9686 2.563319 3.585
F 1.445439771e+01 12 4 0.432941 -6.2976 2.563319 3.585
F 1.479108388e+01 12 4 0.168508 -6.6343 2.563319 3.585
F 1.513561248e+01 12 4 -0.102084 -6.9788 2.563319 3.585
F 1.548816619e+01 12 4 -0.378979 -7.3314 2.563319 3.585
F 1.584893192e+01 13 5 0.337676 -4.9422 2.563319 4.735
F 1.621810097e+01 13 5 0.047731 -5.3113 2.563319 4.735
F 1.659586907e+01 13 5 -0.248967 -5.6891 2.563319 4.735
F 1.698243652e+01 14 6 0.447424 -3.2474 2.563319 4.735
F 1.737800829e+01 15 6 1.136742 -3.6430 2.563319 4.735
F 1.778279410e+01 16 6 1.818824 -2.6167 2.563319 4.735
F 1.819700859e+01 17 6 2.493501 -3.0310 2.628331 4.735
R 1.833755839e+01 3.383113 18 6 1.691549e+01
F 1.862087137e+01 18 6 3.160600 -3.4548 3.383113 4.735
F 1.905460718e+01 18 6 2.819945 -3.8886 3.383113 4.735
F 1.949844600e+01 19 6 3.471354 -3.8398 3.692361 4.735
F 1.995262315e+01 19 6 3.114645 -4.2939 3.692361 4.735
F 2.041737945e+01 19 6 2.749626 -4.7587 3.692361 4.735
F 2.089296131e+01 19 6 2.376105 -5.2343 3.692361 4.735
F 2.137962090e+01 19 6 1.993883 -5.7209 3.692361 4.735
F 2.187761624e+01 19 6 1.602759 -6.2189 3.692361 4.735
F 2.238721139e+01 19 6 1.202523 -6.7285 3.692361 4.735
F 2.290867653e+01 19 6 0.792966 -7.2500 3.692361 4.735
F 2.344228815e+01 19 6 0.373868 -7.7836 3.692361 4.735
F 2.398832919e+01 19 6 -0.054992 -8.3296 3.692361 4.735
F 2.454708916e+01 19 6 -0.493841 -8.8884 3.692361 4.735
F 2.511886432e+01 20 7 0.057088 -6.2593 3.692361 5.695
F 2.570395783e+01 21 7 0.597557 -6.8444 3.692361 6.741
F 2.630267992e+01 21 7 0.127322 -7.4431 3.692361 6.741
F 2.691534804e+01 21 7 -0.353867 -8.0558 3.692361 6.741
F 2.754228703e+01 22 8 0.153737 -5.3831 3.692361 6.741
F 2.818382931e+01 24 8 1.649870 -6.0247 3.692361 6.741
F 2.884031503e+01 26 8 3.134268 -6.6811 3.692361 6.741
F 2.951209227e+01 27 8 3.606655 -7.3529 3.692361 7.341
R 3.001161064e+01 4.214334 28 8 2.710141e+01
F 3.019951720e+01 28 8 4.066753 -8.0403 4.214334 7.852
F 3.090295433e+01 28 8 3.514275 -8.7438 4.214334 7.852
S 3.162277660e+01 29 8 20 4.214334 3.948927 1.416608 -0.500000 7.639437 1.691549e+01 3.692361 4 1.060572e-01 3.753366e-03 0 0 8.817802e-03 0 0 8.799 -8.971 29 0 0 8 0.0
F 3.162277660e+01 29 8 3.948927 -8.9710 4.214334 8.799
F 3.235936569e+01 29 8 3.370412 -9.7076 4.214334 8.799
F 3.311311215e+01 29 8 2.778421 -10.4613 4.214334 8.799
F 3.388441561e+01 29 8 2.172640 -11.2326 4.214334 8.799
F 3.467368505e+01 29 8 1.552750 -12.0219 4.214334 8.799
F 3.548133892e+01 29 8 0.918420 -12.8295 4.214334 8.799
F 3.630780548e+01 29 8 0.269314 -13.6560 4.214334 8.799
F 3.715352291e+01 29 8 -0.394910 -14.5017 4.214334 8.799
P       31.6 30 9 4.21 11.0 4 -11.0
F 3.801893963e+01 30 9 -0.074607 -11.7485 4.214334 11.017
F 3.890451450e+01 31 10 0.229864 -8.9818 4.214334 11.017
F 3.981071706e+01 31 10 -0.481866 -9.8880 4.214334 11.017
F 4.073802778e+01 33 11 0.789826 -7.1306 4.214334 11.017
F 4.168693835e+01 33 11 0.044553 -8.0795 4.214334 11.017
F 4.265795188e+01 34 11 0.281921 -9.0505 4.214334 11.017
F 4.365158322e+01 34 11 -0.498475 -10.0442 4.214334 11.017
F 4.466835922e+01 37 12 1.702951 -7.2847 4.214334 11.017
F 4.570881896e+01 39 12 2.885776 -6.4186 4.214334 11.017
F 4.677351413e+01 41 12 4.049566 -7.4833 4.464485 11.017
F 4.786300923e+01 42 12 4.193879 -8.5728 4.974050 11.017
F 4.897788194e+01 43 12 4.318260 -9.6877 4.974050 11.017
R 4.911759537e+01 5.208529 44 12 4.365352e+01
F 5.011872336e+01 44 12 4.422245 -10.8285 5.208529 11.017
F 5.128613840e+01 44 12 3.505359 -11.9959 5.208529 11.017
F 5.248074602e+01 45 12 3.567117 -12.6979 5.208529 11.690
F 5.370317964e+01 45 12 2.607020 -13.9203 5.208529 11.690
F 5.495408739e+01 45 12 1.624559 -15.1712 5.208529 11.690
F 5.623413252e+01 45 12 0.619214 -16.4513 5.208529 11.690
F 5.754399373e+01 45 12 -0.409549 -17.7612 5.208529 11.690
F 5.888436554e+01 46 13 -0.462274 -15.0470 5.208529 13.822
F 6.025595861e+01 48 15 0.460479 -8.2444 5.208529 13.822
F 6.165950019e+01 49 15 0.358140 -9.6480 5.208529 13.822
F 6.309573445e+01 50 16 0.230124 -6.9450 5.208529 13.822
F 6.456542290e+01 51 16 0.075834 -8.4147 5.208529 13.822
F 6.606934480e+01 54 16 1.894656 -9.9186 5.208529 13.822
F 6.760829754e+01 54 16 0.685965 -11.4576 5.208529 13.822
F 6.918309709e+01 55 16 0.449121 -13.0324 5.208529 13.822
F 7.079457844e+01 57 17 1.183466 -10.3898 5.208529 13.822
F 7.244359601e+01 60 17 2.888331 -12.0388 5.208529 13.822
F 7.413102413e+01 63 17 4.563028 -12.2952 5.208529 13.822
R 7.568584728e+01 6.341873 66 17 7.039156e+01
F 7.585775750e+01 66 17 6.206855 -14.0219 6.341873 13.850
F 7.762471166e+01 67 17 5.819092 -15.7888 6.539218 14.872
F 7.943282347e+01 68 17 5.399004 -17.5970 6.539218 17.182
F 8.128305162e+01 69 17 4.945839 -19.4472 6.539218 18.551
F 8.317637711e+01 69 17 3.458824 -21.3405 6.539218 18.551
F 8.511380382e+01 70 17 2.937173 -22.7853 6.539218 21.914
F 8.709635900e+01 70 17 1.380078 -24.7679 6.539218 21.914
F 8.912509381e+01 70 17 -0.213287 -26.7966 6.539218 21.914
F 9.120108394e+01 72 19 0.156234 -19.8702 6.539218 22.668
F 9.332543008e+01 74 21 0.487777 -12.9364 6.539218 22.668
F 9.549925860e+01 75 21 -0.219544 -15.1103 6.539218 22.668
F 9.772372210e+01 77 22 0.033366 -12.7719 6.539218 22.668
S 1.000000000e+02 80 23 56 6.539218 1.245582 1.848099 -0.500000 19.098593 7.039156e+01 6.539218 4 2.134280e-02 4.710545e-04 0 0 1.330386e-03 0 0 22.668 -10.459 80 0 0 23 0.0
F 1.000000000e+02 80 23 1.245582 -10.4591 6.539218 22.668
P        100 81 24 6.54 22.7 4 -8.1
F 1.023292992e+02 81 24 0.416154 -8.1612 6.539218 22.668
F 1.047128548e+02 84 24 1.544114 -10.5448 6.539218 22.668
F 1.071519305e+02 87 24 2.628469 -12.9839 6.539218 22.668
F 1.096478196e+02 88 24 1.668202 -15.4798 6.539218 22.668
F 1.122018454e+02 89 24 0.662275 -15.6777 6.539218 22.668
F 1.148153621e+02 92 24 1.609624 -18.2912 6.539218 22.668
F 1.174897555e+02 96 24 3.509160 -20.9656 6.539218 22.668
F 1.202264435e+02 100 24 5.359770 -23.7023 6.539218 23.272
F 1.230268771e+02 102 24 5.160315 -26.5028 6.539218 24.836
F 1.258925412e+02 105 24 5.909628 -29.3684 6.539218 29.017
F 1.288249552e+02 105 24 3.606515 -32.3008 6.539218 29.017
F 1.318256739e+02 107 24 3.249756 -35.3015 6.539218 35.039
F 1.348962883e+02 107 24 0.838101 -38.3722 6.539218 35.039
F 1.380384265e+02 109 25 0.370272 -36.1046 6.539218 35.939
F 1.412537545e+02 111 27 -0.155041 -29.4398 6.539218 35.939
F 1.445439771e+02 114 30 0.260824 -17.8423 6.539218 35.939
F 1.479108388e+02 116 31 -0.383503 -16.2289 6.539218 35.939
F 1.513561248e+02 120 33 0.910576 -9.6619 6.539218 35.939
F 1.548816619e+02 123 34 1.141625 -8.1477 6.539218 35.939
F 1.584893192e+02 126 34 1.308178 -11.7553 6.539218 35.939
F 1.621810097e+02 130 35 2.408731 -10.3669 6.539218 35.939
F 1.659586907e+02 133 35 2.441747 -14.1446 6.539218 35.939
F 1.698243652e+02 138 35 4.405654 -18.0103 6.539218 35.939
F 1.737800829e+02 139 35 2.298840 -21.9660 6.539218 35.939
F 1.778279410e+02 142 35 2.119660 -26.0139 6.539218 35.939
F 1.819700859e+02 143 35 -0.133573 -30.1560 6.539218 35.939
F 1.862087137e+02 149 35 2.537416 -34.3946 6.539218 35.939
F 1.905460718e+02 154 35 4.130863 -38.7320 6.539218 38.341
F 1.949844600e+02 158 35 4.644961 -43.1704 6.539218 42.625
F 1.995262315e+02 161 35 4.077862 -47.7121 6.539218 46.806
F 2.041737945e+02 163 35 2.427675 -52.3597 6.539218 50.912
F 2.089296131e+02 164 35 -0.307536 -57.1155 6.539218 53.650
F 2.137962090e+02 168 38 -0.129752 -45.9285 6.539218 53.650
F 2.187761624e+02 172 41 -0.040998 -34.7772 6.539218 53.650
F 2.238721139e+02 177 45 0.956651 -18.2757 6.539218 53.650
F 2.290867653e+02 180 46 -0.138927 -17.5728 6.539218 53.650
F 2.344228815e+02 185 48 0.670098 -12.0202 6.539218 53.650
F 2.398832919e+02 189 49 0.381501 -12.0172 6.539218 53.650
F 2.454708916e+02 194 50 0.993011 -9.3700 6.539218 53.650
F 2.511886432e+02 199 50 1.502299 -15.0877 6.539218 53.650
F 2.570395783e+02 204 50 1.906985 -20.9386 6.539218 53.650
F 2.630267992e+02 208 50 1.204633 -26.9259 6.539218 53.650
F 2.691534804e+02 215 50 3.392749 -33.0525 6.539218 53.650
F 2.754228703e+02 222 50 5.468782 -39.3219 6.539218 53.650
F 2.818382931e+02 223 50 1.430120 -45.7374 6.539218 53.650
F 2.884031503e+02 230 51 3.274094 -43.8195 6.539218 53.650
F 2.951209227e+02 233 51 0.997968 -50.5373 6.539218 53.650
F 3.019951720e+02 239 51 1.598945 -57.4115 6.539218 56.014
F 3.090295433e+02 245 51 2.074162 -61.1083 6.539218 60.656
S 3.162277660e+02 250 51 198 6.539218 1.420692 1.918323 -0.500000 48.383103 1.607916e+02 5.073473 4 2.288830e-03 9.284473e-06 0 0 4.788440e-06 0 0 67.492 -68.307 250 0 0 51 0.0
F 3.162277660e+02 250 51 1.420692 -68.3066 6.539218 67.492
P        316 251 51 6.54 68.7 4 -68.7
F 3.235936569e+02 254 52 -0.364466 -69.8964 6.539218 72.955
F 3.311311215e+02 261 56 0.715624 -54.2669 6.539218 72.955
F 3.388441561e+02 266 59 -0.342180 -44.5318 6.539218 72.955
F 3.467368505e+02 273 63 0.458913 -29.0938 6.539218 72.955
F 3.548133892e+02 279 66 0.115614 -19.5887 6.539218 72.955
F 3.630780548e+02 285 68 -0.375439 -16.0880 6.539218 72.955
F 3.715352291e+02 293 71 0.982312 -6.3291 6.539218 72.955
F 3.801893963e+02 300 72 1.185345 -9.0470 6.539218 72.955
F 3.890451450e+02 307 72 1.230056 -17.9028 6.539218 72.955
F 3.981071706e+02 316 72 3.112758 -26.9648 6.539218 72.955
F 4.073802778e+02 323 72 2.829676 -36.2379 6.539218 72.955
F 4.168693835e+02 330 72 2.376950 -45.7270 6.539218 72.955
F 4.265795188e+02 338 72 2.750628 -55.4371 6.539218 72.955
F 4.365158322e+02 346 72 2.946665 -65.3734 6.539218 72.955
F 4.466835922e+02 352 72 0.960925 -75.5412 6.539218 75.177
F 4.570881896e+02 359 74 -0.210826 -73.7028 6.539218 81.633
F 4.677351413e+02 369 78 1.427077 -59.8111 6.539218 81.633
F 4.786300923e+02 378 78 1.870203 -70.7061 6.539218 81.633
F 4.897788194e+02 386 79 1.114013 -75.6723 6.539218 81.633
F 5.011872336e+02 395 81 1.153865 -74.6741 6.539218 81.633
F 5.128613840e+02 404 85 0.985009 -61.4359 6.539218 81.633
F 5.248074602e+02 412 90 -0.397417 -42.1194 6.539218 81.633
F 5.370317964e+02 422 94 0.001612 -29.2545 6.539218 81.633
F 5.495408739e+02 432 98 0.177005 -16.5770 6.539218 81.633
F 5.623413252e+02 442 102 0.123554 -4.0935 6.539218 81.633
F 5.754399373e+02 453 105 0.835928 1.8354 6.539218 81.633
F 5.888436554e+02 464 107 1.308673 1.1544 6.539218 81.633
F 6.025595861e+02 474 108 0.536206 -6.1708 6.539218 81.633
F 6.165950019e+02 488 108 3.512816 -16.5127 6.539218 81.633
F 6.309573445e+02 502 108 6.232659 -30.8751 6.539218 81.633
R 6.323061925e+02 7.173276 504 108 5.962395e+02
F 6.456542290e+02 512 108 4.689752 -45.5719 7.173276 81.633
F 6.606934480e+02 524 108 4.877978 -60.6112 7.173276 81.633
F 6.760829754e+02 536 108 4.791071 -76.0007 7.173276 81.633
F 6.918309709e+02 547 108 3.422624 -91.7487 7.173276 91.151
F 7.079457844e+02 559 108 2.766079 -107.8635 7.173276 107.024
F 7.244359601e+02 570 112 0.814726 -98.0470 7.173276 108.646
F 7.413102413e+02 583 117 0.561696 -78.6639 7.173276 108.646
F 7.585775750e+02 596 120 -0.000036 -76.0649 7.173276 108.646
F 7.762471166e+02 612 121 2.122338 -87.1004 7.173276 108.646
F 7.943282347e+02 626 127 1.921461 -65.1705 7.173276 108.646
F 8.128305162e+02 639 132 0.389804 -50.2010 7.173276 108.646
F 8.317637711e+02 655 137 1.519660 -35.5656 7.173276 108.646
F 8.511380382e+02 669 143 0.303146 -14.5315 7.173276 108.646
F 8.709635900e+02 686 149 1.732194 6.1874 7.173276 108.646
F 8.912509381e+02 701 153 0.798548 13.0277 7.173276 108.646
F 9.120108394e+02 718 156 1.493760 12.6767 7.173276 108.646
F 9.332543008e+02 734 156 0.809184 -8.5668 7.173276 108.646
F 9.549925860e+02 754 156 3.735975 -30.3050 7.173276 108.646
F 9.772372210e+02 771 156 3.265080 -52.5497 7.173276 108.646
R 9.874837927e+02 8.217441 784 156 9.069099e+02
S 1.000000000e+03 793 156 636 8.217441 7.387235 1.640585 -0.500000 118.411278 5.962395e+02 7.173276 5 1.818108e-03 2.414968e-06 0 0 2.414973e-06 0 0 108.646 -74.820 793 0 0 156 0.0
F 1.000000000e+03 793 156 7.387235 -74.8198 8.217441 108.646
P      1e+03 794 156 8.22 108.6 5 -77.5
F 1.023292992e+03 810 156 6.092961 -98.1128 8.217441 108.646
F 1.047128548e+03 827 156 4.372560 -121.9484 8.217441 120.313
F 1.071519305e+03 842 157 0.216104 -139.3626 8.217441 142.658
F 1.096478196e+03 862 160 0.613437 -143.3590 8.217441 143.468
F 1.122018454e+03 882 163 0.554165 -147.8579 8.217441 152.428
F 1.148153621e+03 902 170 0.027653 -124.7459 8.217441 152.428
F 1.174897555e+03 923 179 0.023016 -85.6196 8.217441 152.428
F 1.202264435e+03 948 183 3.529119 -84.6879 8.217441 152.428
F 1.230268771e+03 968 189 1.534565 -70.0646 8.217441 152.428
F 1.258925412e+03 989 190 0.027692 -91.5969 8.217441 152.428
F 1.288249552e+03 1013 201 0.996566 -40.8707 8.217441 152.428
F 1.318256739e+03 1037 210 1.428977 -6.3172 8.217441 152.428
F 1.348962883e+03 1060 219 0.312428 27.7371 8.217441 152.428
F 1.380384265e+03 1084 224 -0.365868 32.4057 8.217441 152.428
F 1.412537545e+03 1110 229 0.381005 40.0653 8.217441 152.428
F 1.445439771e+03 1139 229 3.539657 7.1630 8.217441 152.428
F 1.479108388e+03 1165 229 3.096387 -26.5056 8.217441 152.428
R 1.510490540e+03 9.448903 1196 229 1.411113e+03
F 1.513561248e+03 1196 229 7.037173 -57.3062 9.448903 152.428
F 1.548816619e+03 1222 229 5.347670 -92.5616 9.448903 152.428
F 1.584893192e+03 1248 229 3.013196 -128.6382 9.448903 152.428
F 1.621810097e+03 1279 229 5.018726 -161.3777 9.448903 161.025
F 1.659586907e+03 1308 230 4.348889 -191.7411 9.448903 194.545
F 1.698243652e+03 1335 235 0.987953 -193.2620 9.448903 201.117
F 1.737800829e+03 1367 245 1.919819 -158.3156 9.448903 201.117
F 1.778279410e+03 1400 249 3.128016 -168.9034 9.448903 201.117
F 1.819700859e+03 1429 257 -0.404314 -150.3624 9.448903 201.117
F 1.862087137e+03 1463 270 0.305581 -95.0441 9.448903 201.117
F 1.905460718e+03 1498 283 1.240050 -40.3967 9.448903 201.117
F 1.949844600e+03 1534 284 2.381031 -73.4315 9.448903 201.117
F 1.995262315e+03 1568 293 0.710040 -50.5608 9.448903 201.117
F 2.041737945e+03 1604 304 0.208166 -13.3119 9.448903 201.117
F 2.089296131e+03 1641 315 -0.143946 24.9910 9.448903 201.117
F 2.137962090e+03 1680 327 0.633900 68.1944 9.448903 201.117
F 2.187761624e+03 1721 333 2.521437 64.4690 9.448903 201.117
F 2.238721139e+03 1762 334 3.497928 21.2036 9.448903 201.117
F 2.290867653e+03 1804 334 4.542151 -30.9429 9.448903 201.117
F 2.344228815e+03 1847 334 5.632392 -84.3041 9.448903 201.117
R 2.356176634e+03 10.248597 1861 334 2.195428e+03
R 2.358424794e+03 11.482896 1864 334 2.195428e+03
R 2.358745706e+03 12.230852 1865 334 2.195428e+03
R 2.359892255e+03 13.330355 1867 334 2.195428e+03
F 2.398832919e+03 1889 334 4.746429 -138.9082 13.330355 201.117
F 2.454708916e+03 1934 334 5.861524 -194.7842 13.330355 201.117
F 2.511886432e+03 1973 335 -0.045592 -244.1403 13.330355 242.321
F 2.570395783e+03 2020 337 1.001271 -286.9470 13.330355 296.914
F 2.630267992e+03 2069 344 2.977748 -291.8158 13.330355 296.914
F 2.691534804e+03 2114 358 -0.141094 -242.1336 13.330355 296.914
F 2.754228703e+03 2163 369 -0.380767 -217.8501 13.330355 296.914
F 2.818382931e+03 2215 381 1.232620 -186.8190 13.330355 296.914
F 2.884031503e+03 2266 394 0.672352 -149.0172 13.330355 296.914
F 2.951209227e+03 2318 411 -0.088908 -80.5348 13.330355 296.914
F 3.019951720e+03 2375 427 2.920863 -21.2837 13.330355 296.914
F 3.090295433e+03 2428 434 0.673041 -35.4760 13.330355 296.914
S 3.162277660e+03 2484 444 2039 13.330355 0.138332 2.137629 -0.500000 297.938053 2.195428e+03 13.330355 5 1.891410e-03 6.363871e-07 0 0 6.363875e-07 0 0 296.914 -26.981 2484 0 0 444 0.0
F 3.162277660e+03 2484 444 0.138332 -26.9809 13.330355 296.914
P   3.16e+03 2485 445 13.33 296.9 5 -19.7
F 3.235936569e+03 2543 462 1.286760 44.6170 13.330355 296.914
F 3.311311215e+03 2603 477 2.087652 90.6346 13.330355 296.914
F 3.388441561e+03 2664 488 2.509619 106.8680 13.330355 296.914
F 3.467368505e+03 2724 489 0.520543 36.0849 13.330355 296.914
F 3.548133892e+03 2790 489 3.087556 -40.6041 13.330355 296.914
F 3.630780548e+03 2859 489 7.177024 -119.1530 13.330355 296.914
F 3.715352291e+03 2924 489 5.754532 -203.7247 13.330355 296.914
F 3.801893963e+03 2994 489 7.784862 -290.2664 13.330355 296.914
F 3.890451450e+03 3057 491 1.231975 -359.5419 13.330355 373.035
F 3.981071706e+03 3132 500 5.058992 -371.5579 13.330355 373.035
F 4.073802778e+03 3201 515 1.228178 -339.7427 13.330355 390.436
F 4.168693835e+03 3277 527 2.700917 -334.7006 13.330355 390.436
F 4.265795188e+03 3352 541 1.437692 -314.9608 13.330355 390.436
F 4.365158322e+03 3431 564 2.398069 -221.3468 13.330355 390.436
F 4.466835922e+03 3509 582 0.540669 -171.9815 13.330355 390.436
F 4.570881896e+03 3590 602 -0.176848 -107.6870 13.330355 390.436
F 4.677351413e+03 3674 625 0.202189 -20.0548 13.330355 390.436
F 4.786300923e+03 3761 650 1.633444 82.5487 13.330355 390.436
F 4.897788194e+03 3850 659 3.071546 50.2527 13.330355 390.436
F 5.011872336e+03 3938 674 1.470070 68.0670 13.330355 390.436
F 5.128613840e+03 4031 693 2.781508 113.3830 13.330355 390.436
F 5.248074602e+03 4123 709 0.957244 130.7945 13.330355 390.436
F 5.370317964e+03 4221 714 2.947533 52.8268 13.330355 390.436
F 5.495408739e+03 4323 717 6.701468 -46.4649 13.330355 390.436
F 5.623413252e+03 4419 717 2.166958 -174.4695 13.330355 390.436
F 5.754399373e+03 4522 717 2.290699 -305.4556 13.330355 390.436
F 5.888436554e+03 4629 720 4.018144 -413.4593 13.330355 418.476
F 6.025595861e+03 4740 728 7.293476 -481.0462 13.330355 494.620
F 6.165950019e+03 4845 741 2.059578 -508.0668 13.330355 531.479
F 6.309573445e+03 4957 760 1.258003 -485.6206 13.330355 548.501
F 6.456542290e+03 5071 779 -0.171059 -466.1599 13.330355 548.501
F 6.606934480e+03 5190 803 0.711192 -405.7251 13.330355 548.501
F 6.760829754e+03 5313 831 2.842126 -312.9958 13.330355 548.501
F 6.918309709e+03 5435 866 1.157659 -161.4014 13.330355 548.501
F 7.079457844e+03 5562 896 1.592210 -56.9687 13.330355 548.501
F 7.244359601e+03 5691 920 1.078673 -8.3629 13.330355 548.501
F 7.413102413e+03 5823 949 0.548378 81.0348 13.330355 548.501
F 7.585775750e+03 5959 980 0.931056 184.9110 13.330355 548.501
F 7.762471166e+03 6097 1001 0.154801 196.0155 13.330355 548.501
F 7.943282347e+03 6242 1018 3.146031 167.6769 13.330355 548.501
F 8.128305162e+03 6384 1035 -0.170547 140.0519 13.330355 548.501
F 8.317637711e+03 6534 1046 1.128016 54.3401 13.330355 548.501
F 8.511380382e+03 6688 1056 2.962878 -44.5004 13.330355 548.501
F 8.709635900e+03 6846 1057 5.253359 -229.1533 13.330355 548.501
F 8.912509381e+03 7007 1057 6.916899 -432.0268 13.330355 548.501
F 9.120108394e+03 7169 1064 5.869016 -575.8710 13.330355 569.940
F 9.332543008e+03 7335 1074 5.023260 -692.4374 13.330355 691.768
F 9.549925860e+03 7504 1091 3.291167 -754.2537 13.330355 753.796
F 9.772372210e+03 7675 1122 -0.417787 -687.6654 13.330355 758.606
S 1.000000000e+04 7856 1154 6701 13.330355 1.803764 2.378300 -0.500000 446.907080 3.441930e+03 12.068424 6 9.773637e-05 1.757231e-08 0 0 1.402898e-07 0 0 758.606 -620.887 7856 0 0 1154 0.0
F 1.000000000e+04 7856 1154 1.803764 -620.8867 13.330355 758.606
P      1e+04 7857 1154 13.33 758.6 6 -622.9
F 1.023292992e+04 8037 1190 -0.138969 -521.7909 13.330355 758.606
F 1.047128548e+04 8225 1230 0.657013 -385.7134 13.330355 758.606
F 1.071519305e+04 8416 1271 0.092454 -249.6439 13.330355 758.606
F 1.096478196e+04 8614 1320 2.065784 -44.0009 13.330355 758.606
F 1.122018454e+04 8813 1370 0.473065 166.2735 13.330355 758.606
F 1.148153621e+04 9018 1395 0.207942 138.3817 13.330355 758.606
F 1.174897555e+04 9228 1436 0.161580 255.2117 13.330355 758.606
F 1.202264435e+04 9443 1485 0.222609 441.3507 13.330355 758.606
F 1.230268771e+04 9668 1511 5.277067 405.8401 13.330355 758.606
F 1.258925412e+04 9892 1519 4.208335 197.1036 13.330355 758.606
F 1.288249552e+04 10124 1529 5.897079 -1.6201 13.330355 758.606
F 1.318256739e+04 10355 1548 1.221185 -121.6427 13.330355 758.606
F 1.348962883e+04 10606 1556 11.055693 -352.7904 13.330355 758.606
R 1.368544263e+04 14.263895 10763 1562 1.365968e+04
R 1.368694641e+04 15.082823 10765 1562 1.365968e+04
F 1.380384265e+04 10844 1564 2.272736 -588.9270 15.082823 758.606
F 1.412537545e+04 11095 1574 0.741465 -814.9855 15.082823 827.064
F 1.445439771e+04 11355 1591 2.327986 -981.3411 15.082823 980.879
F 1.479108388e+04 11621 1629 3.895283 -953.5638 15.082823 1027.602
F 1.513561248e+04 11889 1661 1.303151 -987.1760 15.082823 1075.723
F 1.548816619e+04 12174 1710 9.408119 -867.5696 15.082823 1075.723
F 1.584893192e+04 12449 1764 1.063373 -706.7324 15.082823 1075.723
F 1.621810097e+04 12743 1832 5.118680 -417.4853 15.082823 1075.723
F 1.659586907e+04 13035 1892 0.420307 -212.9226 15.082823 1075.723
F 1.698243652e+04 13338 1955 -0.189058 13.3007 15.082823 1075.723
F 1.737800829e+04 13649 2023 0.129606 280.8187 15.082823 1075.723
F 1.778279410e+04 13968 2083 1.211572 462.5031 15.082823 1075.723
F 1.819700859e+04 14292 2124 -0.111725 449.9217 15.082823 1075.723
F 1.862087137e+04 14626 2174 0.987226 517.1286 15.082823 1075.723
F 1.905460718e+04 14966 2229 0.331915 630.1619 15.082823 1075.723
F 1.949844600e+04 15314 2257 -0.258277 467.4596 15.082823 1075.723
R 1.979448591e+04 16.232518 15563 2268 1.965282e+04
R 1.979842658e+04 17.137521 15567 2268 1.965282e+04
F 1.995262315e+04 15687 2268 16.031821 130.2377 17.548001 1075.723
R 2.008603337e+04 18.251678 15794 2268 1.965282e+04
R 2.013081128e+04 19.083191 15830 2268 1.965282e+04
R 2.014324597e+04 20.317005 15841 2268 1.965282e+04
R 2.014419329e+04 21.572981 15843 2268 1.965282e+04
F 2.041737945e+04 16038 2271 2.013079 -299.7952 21.572981 1075.723
F 2.089296131e+04 16414 2288 4.491959 -596.5322 21.572981 1075.723
F 2.137962090e+04 16802 2313 10.270413 -829.2394 21.572981 1075.723
F 2.187761624e+04 17187 2327 4.145784 -1187.4488 21.572981 1197.971
F 2.238721139e+04 17595 2358 11.910692 -1381.8391 21.572981 1379.310
F 2.290867653e+04 17993 2398 0.352927 -1495.7379 21.572981 1516.730
F 2.344228815e+04 18412 2463 0.255337 -1376.0289 21.572981 1521.403
F 2.398832919e+04 18841 2532 0.395709 -1221.9370 21.572981 1521.403
F 2.454708916e+04 19281 2619 1.546658 -902.1625 21.572981 1521.403
F 2.511886432e+04 19729 2705 0.475498 -603.6483 21.572981 1521.403
F 2.570395783e+04 20188 2808 -0.055872 -144.0775 21.572981 1521.403
F 2.630267992e+04 20660 2907 1.708897 268.5989 21.572981 1521.403
F 2.691534804e+04 21140 2989 0.520481 491.4865 21.572981 1521.403
F 2.754228703e+04 21633 3065 1.123746 640.6273 21.572981 1521.403
F 2.818382931e+04 22137 3151 1.257619 879.1954 21.572981 1521.403
F 2.884031503e+04 22652 3216 0.654941 889.4803 21.572981 1521.403
F 2.951209227e+04 23180 3264 1.042334 711.2093 21.572981 1521.403
F 3.019951720e+04 23721 3322 2.140051 621.4374 21.572981 1521.403
F 3.090295433e+04 24276 3358 4.661828 289.7642 21.572981 1521.403
S 3.162277660e+04 24846 3368 21477 21.572981 9.314734 2.680780 -0.500000 723.200061 1.965282e+04 21.572981 7 9.711216e-05 7.355610e-09 0 0 6.025818e-08 0 0 1521.403 -326.025 24846 0 0 3368 0.0
F 3.162277660e+04 24846 3368 9.314734 -326.0250 21.572981 1521.403
P   3.16e+04 24847 3368 21.57 1521.4 7 -326.3
F 3.235936569e+04 25424 3368 8.799014 -1062.6141 21.572981 1521.403
F 3.311311215e+04 26012 3397 4.807933 -1514.8383 21.572981 1521.403
F 3.388441561e+04 26617 3455 4.027607 -1681.8219 21.572981 1782.584
F 3.467368505e+04 27234 3492 1.136845 -2084.7402 21.572981 2084.390
F 3.548133892e+04 27868 3571 0.806973 -2065.6833 21.572981 2125.874
F 3.630780548e+04 28517 3666 0.701660 -1895.6112 21.572981 2173.397
F 3.715352291e+04 29184 3771 3.476741 -1637.5075 21.572981 2173.397
F 3.801893963e+04 29863 3888 2.780037 -1270.4776 21.572981 2173.397
F 3.890451450e+04 30557 4035 1.251162 -604.2142 21.572981 2173.397
F 3.981071706e+04 31268 4187 0.521339 97.8677 21.572981 2173.397
F 4.073802778e+04 32000 4327 4.213199 655.0833 21.572981 2173.397
F 4.168693835e+04 32741 4446 -0.059417 970.5435 21.572981 2173.397
F 4.265795188e+04 33507 4560 3.308337 1213.4597 21.572981 2173.397
F 4.365158322e+04 34285 4673 0.912105 1425.9323 21.572981 2173.397
F 4.466835922e+04 35086 4774 3.338109 1500.1970 21.572981 2173.397
F 4.570881896e+04 35903 4838 3.162935 1150.9158 21.572981 2173.397
F 4.677351413e+04 36743 4884 6.953306 585.6278 21.572981 2173.397
F 4.786300923e+04 37593 4934 1.265852 45.1516 21.572981 2173.397
F 4.897788194e+04 38470 4989 2.646878 -465.7772 21.572981 2173.397
F 5.011872336e+04 39373 5020 9.632117 -1260.8212 21.572981 2173.397
R 5.030845984e+04 22.613433 39535 5020 5.006032e+04
R 5.031424569e+04 23.069241 39540 5020 5.006032e+04
F 5.128613840e+04 40280 5037 -0.253508 -2243.4687 23.069241 2295.044
F 5.248074602e+04 41219 5098 0.503856 -2766.6043 23.069241 2808.983
F 5.370317964e+04 42183 5188 4.406743 -3004.4407 23.069241 3011.759
F 5.495408739e+04 43161 5319 -0.053906 -2821.6335 23.069241 3089.599
F 5.623413252e+04 44171 5448 4.600997 -2686.5823 23.069241 3089.599
F 5.754399373e+04 45195 5607 -0.161595 -2252.0210 23.069241 3089.599
F 5.888436554e+04 46248 5809 0.112854 -1370.5222 23.069241 3089.599
F 6.025595861e+04 47326 6009 0.866174 -540.2739 23.069241 3089.599
F 6.165950019e+04 48429 6221 1.527196 392.0028 23.069241 3089.599
F 6.309573445e+04 49558 6428 2.511444 1241.2613 23.069241 3089.599
F 6.456542290e+04 50711 6617 1.220831 1866.4813 23.069241 3089.599
F 6.606934480e+04 51892 6771 1.043335 2069.8921 23.069241 3089.599
F 6.760829754e+04 53101 6911 1.352680 2086.2529 23.069241 3089.599
F 6.918309709e+04 54341 7032 4.508004 1858.4370 23.069241 3089.599
F 7.079457844e+04 55604 7160 1.853514 1674.8275 23.069241 3089.599
F 7.244359601e+04 56899 7246 1.718144 987.2339 23.069241 3089.599
F 7.413102413e+04 58224 7291 1.415196 -196.1044 23.069241 3089.599
F 7.585775750e+04 59585 7365 6.241976 -1092.1709 23.069241 3089.599
F 7.762471166e+04 60971 7457 4.479424 -1824.3067 23.069241 3089.599
F 7.943282347e+04 62387 7511 0.391729 -3023.7645 23.069241 3089.599
R 8.059953877e+04 24.055676 63327 7545 8.040799e+04
R 8.060155675e+04 25.470759 63330 7545 8.040799e+04
R 8.060517222e+04 26.631177 63334 7545 8.040799e+04
F 8.128305162e+04 63843 7561 3.225943 -4309.2814 26.631177 4308.964
F 8.317637711e+04 65327 7699 0.211578 -4632.3123 26.631177 4742.564
F 8.511380382e+04 66850 7914 1.560198 -4127.0550 26.631177 4792.687
F 8.709635900e+04 68407 8123 1.465004 -3734.6685 26.631177 4792.687
F 8.912509381e+04 69999 8381 0.100405 -2825.8738 26.631177 4792.687
F 9.120108394e+04 71630 8668 0.621575 -1627.0872 26.631177 4792.687
F 9.332543008e+04 73301 8957 3.164015 -445.6695 26.631177 4792.687
F 9.549925860e+04 75005 9281 -0.156914 1093.3618 26.631177 4792.687
F 9.772372210e+04 76755 9579 2.753544 2289.5400 26.631177 4792.687
S 1.000000000e+05 78540 9832 68707 26.631177 -0.030942 3.071604 -0.500000 957.476138 3.148885e+04 21.241776 6 6.471700e-06 8.971185e-11 0 0 1.944598e-09 0 0 4792.687 2923.080 78540 0 0 9832 0.0
F 1.000000000e+05 78540 9832 -0.030942 2923.0797 26.631177 4792.687
P      1e+05 78541 9832 26.63 4792.7 7 2922.6
F 1.023292992e+05 80373 10071 3.541723 3347.9752 26.631177 4792.687
F 1.047128548e+05 82244 10290 2.501550 3499.1168 26.631177 4792.687
F 1.071519305e+05 84160 10453 2.855960 2951.9017 26.631177 4792.687
F 1.096478196e+05 86124 10589 6.589253 2050.3092 26.631177 4792.687
F 1.122018454e+05 88138 10724 14.662067 1070.4047 26.631177 4792.687
F 1.148153621e+05 90177 10845 1.010836 -123.0364 26.631177 4792.687
F 1.174897555e+05 92283 10927 6.547215 -1823.7725 26.631177 4792.687
F 1.202264435e+05 94427 11021 1.157512 -3456.1628 26.631177 4792.687
F 1.230268771e+05 96627 11171 1.702090 -4488.6385 26.631177 4792.687
F 1.258925412e+05 98893 11318 17.014770 -5623.9744 26.631177 5622.897
F 1.288249552e+05 101179 11494 -0.097792 -6481.5101 26.631177 6616.889
F 1.318256739e+05 103541 11761 5.143263 -6329.0789 26.631177 6829.054
F 1.348962883e+05 105951 12114 3.488350 -5227.7971 26.631177 6829.054
F 1.380384265e+05 108416 12526 0.658778 -3486.2425 26.631177 6829.054
F 1.412537545e+05 110945 12952 4.346070 -1654.4928 26.631177 6829.054
F 1.445439771e+05 113525 13370 0.211274 23.0229 26.631177 6829.054
F 1.479108388e+05 116170 13824 0.884245 2055.1579 26.631177 6829.054
F 1.513561248e+05 118876 14269 0.962927 3912.0903 26.631177 6829.054
F 1.548816619e+05 121647 14657 3.012605 5018.7691 26.631177 6829.054
F 1.584893192e+05 124481 14979 3.565144 5263.0847 26.631177 6829.054
F 1.621810097e+05 127382 15254 5.118214 4867.0334 26.631177 6829.054
F 1.659586907e+05 130346 15503 2.134488 4079.0044 26.631177 6829.054
F 1.698243652e+05 133386 15712 6.040834 2727.5516 26.631177 6829.054
F 1.737800829e+05 136489 15866 2.227473 628.0606 26.631177 6829.054
F 1.778279410e+05 139667 16066 1.047133 -1004.5732 26.631177 6829.054
F 1.819700859e+05 142922 16281 2.814170 -2545.4038 26.631177 6829.054
F 1.862087137e+05 146250 16441 1.803676 -4844.0197 26.631177 6829.054
F 1.905460718e+05 149662 16590 7.250567 -7371.3004 26.951641 7382.658
F 1.949844600e+05 153143 16874 2.348642 -8349.4860 26.951641 8433.654
F 1.995262315e+05 156710 17205 2.249631 -8855.6089 26.951641 8890.042
F 2.041737945e+05 160361 17614 3.062210 -8506.9595 26.951641 9046.801
F 2.089296131e+05 164094 18078 0.851002 -7567.6062 26.951641 9046.801
F 2.137962090e+05 167917 18666 1.635547 -5212.2288 26.951641 9046.801
F 2.187761624e+05 171831 19357 4.389258 -1687.4189 26.951641 9046.801
F 2.238721139e+05 175829 20013 0.038339 1290.5130 26.951641 9046.801
F 2.290867653e+05 179926 20674 1.460691 4226.3715 26.951641 9046.801
F 2.344228815e+05 184116 21306 0.484785 6697.6331 26.951641 9046.801
F 2.398832919e+05 188408 21838 3.888509 7827.6397 26.951641 9046.801
F 2.454708916e+05 192793 22302 0.397993 7999.3743 26.951641 9046.801
F 2.511886432e+05 197286 22701 2.686401 7248.4009 26.951641 9046.801
F 2.570395783e+05 201881 23062 2.372699 5902.6682 26.951641 9046.801
R 2.604149231e+05 27.383106 204557 23217 2.600073e+05
F 2.630267992e+05 206582 23387 1.020390 3980.6130 27.677997 9046.801
F 2.691534804e+05 211404 23633 11.136226 939.5476 27.677997 9046.801
F 2.754228703e+05 216322 23868 5.168880 -2370.1200 27.677997 9046.801
F 2.818382931e+05 221375 24165 19.507602 -5049.1980 27.677997 9046.801
R 2.863900705e+05 28.549992 224959 24389 2.861800e+05
R 2.863903414e+05 29.337249 224960 24389 2.861800e+05
R 2.864093525e+05 30.405940 224976 24389 2.861800e+05
R 2.864094414e+05 31.336150 224977 24389 2.861800e+05
R 2.864097121e+05 32.123555 224978 24389 2.861800e+05
R 2.864396877e+05 33.580724 225003 24389 2.861800e+05
R 2.865536180e+05 34.100122 225093 24389 2.861800e+05
R 2.865582140e+05 35.490417 225098 24389 2.861800e+05
R 2.865584589e+05 36.298061 225099 24389 2.861800e+05
R 2.867110344e+05 37.465522 225220 24389 2.861800e+05
R 2.867226564e+05 38.337655 225230 24389 2.861800e+05
R 2.867287773e+05 39.530308 225236 24389 2.861800e+05
F 2.884031503e+05 226512 24465 0.480825 -7833.3478 39.530308 9046.801
F 2.951209227e+05 231788 24789 0.354756 -10461.5384 39.530308 10660.178
F 3.019951720e+05 237190 25148 3.331923 -12797.1021 39.530308 12824.242
F 3.090295433e+05 242714 25705 2.549693 -12783.5711 39.530308 13448.411
S 3.162277660e+05 248369 26348 222020 39.530308 4.078753 3.527704 -0.500000 856.890214 2.861800e+05 39.530308 7 7.681598e-06 4.282688e-11 0 0 1.157118e-10 0 0 13448.411 -11833.436 210307 78539 16724 88368 0.0
F 3.162277660e+05 248369 26348 4.078753 -11833.4360 39.530308 13448.411
P   3.16e+05 248370 26348 39.53 13448.4 7 -11837.9
F 3.235936569e+05 254152 27115 1.921559 -9464.5178 39.530308 13448.411
F 3.311311215e+05 260070 27932 0.010742 -6620.4940 39.530308 13448.411
F 3.388441561e+05 266128 28882 0.207488 -2234.5645 39.530308 13448.411
F 3.467368505e+05 272327 29919 0.299871 3088.7823 39.530308 13448.411
F 3.548133892e+05 278672 30887 2.001145 7375.2556 39.530308 13448.411
F 3.630780548e+05 285161 31783 -0.051988 10577.3406 39.530308 13448.411
F 3.715352291e+05 291806 32553 2.698828 11990.2147 39.530308 13448.411
F 3.801893963e+05 298602 33286 1.731785 12745.4167 39.530308 13448.411
F 3.890451450e+05 305559 33829 3.443041 10872.9719 39.530308 13448.411
F 3.981071706e+05 312673 34303 0.144810 7918.5865 39.530308 13448.411
F 4.073802778e+05 319959 34758 3.063406 4517.8506 39.530308 13448.411
F 4.168693835e+05 327412 35154 3.337244 148.6771 39.530308 13448.411
F 4.265795188e+05 335037 35575 2.014788 -4108.6502 39.530308 13448.411
F 4.365158322e+05 342853 35991 14.052463 -8647.5322 39.530308 13448.411
F 4.466835922e+05 350830 36467 5.312503 -12628.0646 39.530308 13448.411
F 4.570881896e+05 359009 37038 12.560764 -15597.4961 39.530308 15596.667
F 4.677351413e+05 367365 37698 6.464475 -17635.0671 39.530308 17664.005
F 4.786300923e+05 375922 38458 6.589941 -18598.4417 39.530308 18788.800
F 4.897788194e+05 384675 39451 3.400195 -16748.3861 39.530308 18930.611
F 5.011872336e+05 393632 40672 0.252589 -12145.2201 39.530308 18930.611
F 5.128613840e+05 402805 41964 4.396334 -6833.9286 39.530308 18930.611
F 5.248074602e+05 412185 43250 1.969981 -1844.1171 39.530308 18930.611
F 5.370317964e+05 421785 44684 0.998843 4867.4868 39.530308 18930.611
F 5.495408739e+05 431613 46200 4.392359 12380.6863 39.530308 18930.611
F 5.623413252e+05 441663 47559 0.941391 17563.9646 39.530308 18930.611
F 5.754399373e+05 451950 48633 0.315468 18710.5275 39.530308 18930.611
F 5.888436554e+05 462479 49620 2.059954 18414.7727 39.530308 19489.585
F 6.025595861e+05 473252 50460 2.593158 15868.6351 39.530308 19489.585
F 6.165950019e+05 484275 51169 2.203376 11290.5063 39.530308 19489.585
F 6.309573445e+05 495564 51794 11.045861 5296.8279 39.530308 19489.585
F 6.456542290e+05 507101 52344 5.139725 -2041.8121 39.530308 19489.585
F 6.606934480e+05 518912 53071 4.364764 -7319.7502 39.530308 19489.585
F 6.760829754e+05 531009 53747 14.458221 -13628.2819 39.530308 19489.585
F 6.918309709e+05 543368 54472 5.011457 -19615.0150 39.530308 19813.864
F 7.079457844e+05 556023 55324 3.466558 -24242.5537 39.530308 24513.869
F 7.244359601e+05 568972 56422 1.112856 -25904.7614 39.530308 26116.852
F 7.413102413e+05 582224 57709 0.083373 -25377.7746 39.530308 26596.642
F 7.585775750e+05 595787 59203 1.351176 -22409.5889 39.530308 26596.642
F 7.762471166e+05 609663 60944 -0.274345 -16472.8270 39.530308 26596.642
F 7.943282347e+05 623865 62902 0.848711 -7957.4329 39.530308 26596.642
F 8.128305162e+05 638401 64999 5.190849 2070.8789 39.530308 26596.642
F 8.317637711e+05 653269 66997 3.047194 10356.4535 39.530308 26596.642
F 8.511380382e+05 668482 69012 -0.466604 18472.2505 39.530308 26596.642
F 8.709635900e+05 684054 70957 0.581461 25226.7148 39.530308 26596.642
F 8.912509381e+05 699990 72664 2.935462 28309.8007 39.530308 28530.687
F 9.120108394e+05 716293 74172 1.147169 28226.3646 39.530308 29823.222
F 9.332543008e+05 732983 75357 6.571569 23259.1157 39.530308 29823.222
F 9.549925860e+05 750050 76406 0.362279 15959.6570 39.530308 29823.222
F 9.772372210e+05 767521 77282 0.466856 5787.5258 39.530308 29823.222
S 1.000000000e+06 785400 78134 707265 39.530308 1.622001 3.469783 -0.500000 1574.997317 9.845494e+05 31.334764 8 2.997558e-06 4.030985e-12 0 0 9.016190e-12 0 0 29823.222 -5213.645 511104 78539 68974 88368 0.1
F 1.000000000e+06 785400 78134 1.622001 -5213.6451 39.530308 29823.222
M 1.000000000e+06 785400 1.622001 /private/tmp/rh-s40-free-greedy/pi4_1e10.mom.1.000000e+06
P      1e+06 785401 78134 39.53 29823.2 8 -5215.4
F 1.023292992e+06 803693 79162 0.348643 -14291.7450 39.530308 29823.222
F 1.047128548e+06 822419 80261 5.946918 -22905.5347 39.530308 29823.222
F 1.071519305e+06 841570 81505 0.491020 -30033.7039 39.530308 30143.664
F 1.096478196e+06 861185 82952 12.823942 -34884.1491 39.530308 35135.831
F 1.122018454e+06 881233 84556 1.552091 -38096.8413 39.530308 38255.015
F 1.148153621e+06 901762 86583 4.039776 -35963.7023 39.530308 38581.100
F 1.174897555e+06 922768 88969 5.403569 -29372.6202 39.530308 38581.100
F 1.202264435e+06 944257 91550 0.506532 -20628.2202 39.530308 38581.100
F 1.230268771e+06 966251 94387 -0.047683 -8875.1723 39.530308 38581.100
F 1.258925412e+06 988759 97436 1.079121 5272.6815 39.530308 38581.100
F 1.288249552e+06 1011790 100618 0.953501 20699.7893 39.530308 38581.100
F 1.318256739e+06 1035358 103455 1.364050 30665.7364 39.530308 38581.100
F 1.348962883e+06 1059475 106111 1.814919 37438.5825 39.530308 38581.100
F 1.380384265e+06 1084151 108615 -0.480804 41434.1954 39.530308 41512.319
F 1.412537545e+06 1109405 110935 0.392122 42138.6356 39.530308 42710.376
F 1.445439771e+06 1135260 112647 14.044153 33498.3861 39.530308 42710.376
F 1.479108388e+06 1161689 114150 -0.226135 21185.3694 39.530308 42710.376
R 1.490277867e+06 40.286037 1170502 114553 1.489986e+06
R 1.490277944e+06 41.225591 1170503 114553 1.489986e+06
F 1.513561248e+06 1188751 115514 2.560687 6148.3888 41.225591 42710.376
R 1.526630104e+06 42.305516 1199055 116046 1.526212e+06
R 1.526649143e+06 43.352540 1199071 116046 1.526212e+06
F 1.548816619e+06 1216443 116730 5.057465 -11782.9450 43.352540 42710.376
F 1.584893192e+06 1244785 118326 12.582858 -25093.3087 43.352540 42710.376
F 1.621810097e+06 1273768 120042 1.113553 -37441.5490 43.352540 42710.376
F 1.659586907e+06 1303437 122096 0.276298 -45793.0461 43.352540 45989.875
F 1.698243652e+06 1333801 124346 3.339753 -52176.4131 43.352540 52320.688
F 1.737800829e+06 1364866 126933 0.206148 -54549.4503 43.352540 55019.428
F 1.778279410e+06 1396660 130074 2.402746 -49832.4220 43.352540 55019.428
F 1.819700859e+06 1429192 133614 2.073113 -40230.7519 43.352540 55019.428
F 1.862087137e+06 1462481 137610 0.968177 -24949.9018 43.352540 55019.428
F 1.905460718e+06 1496549 141886 3.437084 -6526.0225 43.352540 55019.428
F 1.949844600e+06 1531406 146317 1.417838 13247.3390 43.352540 55019.428
F 1.995262315e+06 1567078 150814 2.427725 33021.0309 43.352540 55019.428
F 2.041737945e+06 1603578 155157 0.553516 49595.9605 43.352540 55019.428
F 2.089296131e+06 1640933 159099 3.441432 59356.5141 43.352540 59993.717
F 2.137962090e+06 1679152 162532 0.286890 60687.6967 43.352540 61907.018
F 2.187761624e+06 1718265 165611 0.823997 55799.5181 43.352540 61907.018
F 2.238721139e+06 1758291 168549 3.314808 47765.8172 43.352540 61907.018
F 2.290867653e+06 1799245 170920 1.538328 30312.8770 43.352540 61907.018
F 2.344228815e+06 1841173 172809 19.779263 4636.9397 43.352540 61907.018
F 2.398832919e+06 1884045 174818 5.816503 -20477.4198 43.352540 61907.018
F 2.454708916e+06 1927931 177129 6.911344 -42376.1913 43.352540 61907.018
R 2.498489821e+06 44.468887 1962354 179072 2.497763e+06
R 2.498496203e+06 45.456303 1962360 179072 2.497763e+06
R 2.498496762e+06 46.017371 1962361 179072 2.497763e+06
R 2.498520674e+06 47.237048 1962381 179072 2.497763e+06
F 2.511886432e+06 1972837 179774 5.795428 -60605.2086 47.863540 61907.018
F 2.570395783e+06 2018795 182845 10.658407 -73815.0159 47.863540 73814.647
F 2.630267992e+06 2065809 186657 1.135320 -77378.4600 47.863540 78620.595
F 2.691534804e+06 2113931 190809 4.293674 -77218.5190 47.863540 79479.029
F 2.754228703e+06 2163168 195696 1.620220 -67487.9758 47.863540 79479.029
F 2.818382931e+06 2213558 201031 5.007432 -52448.5602 47.863540 79479.029
F 2.884031503e+06 2265113 206925 -0.260338 -30464.9603 47.863540 79479.029
F 2.951209227e+06 2317876 213397 1.478973 -1255.6157 47.863540 79479.029
F 3.019951720e+06 2371871 219958 6.250645 27863.6151 47.863540 79479.029
F 3.090295433e+06 2427114 226383 1.428346 53479.1805 47.863540 79479.029
S 3.162277660e+06 2483649 232560 2251088 47.863540 1.718949 3.678620 -0.500000 1628.473378 1.526212e+06 43.352540 9 2.130513e-06 8.986159e-13 0 0 1.825781e-12 0 0 79479.029 73888.401 1127029 78539 224972 88368 0.4
F 3.162277660e+06 2483649 232560 1.718949 73888.4007 47.863540 79479.029
P   3.16e+06 2483650 232560 47.86 79479.0 9 73885.7
F 3.235936569e+06 2541499 238557 0.147002 90091.0445 47.863540 90141.784
F 3.311311215e+06 2600704 243758 6.038837 92764.5781 47.863540 93736.339
F 3.388441561e+06 2661278 248250 2.006301 83188.7823 47.863540 94831.774
F 3.467368505e+06 2723272 252054 6.930122 61536.4386 47.863540 94831.774
F 3.548133892e+06 2786705 255781 6.942869 36998.0324 47.863540 94831.774
F 3.630780548e+06 2851611 258989 2.411535 2808.4599 47.863540 94831.774
F 3.715352291e+06 2918036 261965 4.919694 -36768.8551 47.863540 94831.774
F 3.801893963e+06 2986013 265526 12.249265 -69391.5445 47.863540 94831.774
F 3.890451450e+06 3055556 269664 2.361826 -95175.4772 47.863540 95173.775
F 3.981071706e+06 3126729 274602 2.379517 -110769.4012 47.863540 111116.869
F 4.073802778e+06 3199557 280386 -0.434519 -115500.1019 47.863540 117414.971
F 4.168693835e+06 3274085 286927 0.303856 -110700.3307 47.863540 117513.190
F 4.265795188e+06 3350349 294502 1.079301 -92206.5514 47.863540 117513.190
F 4.365158322e+06 3428391 302671 3.456045 -66718.6652 47.863540 117513.190
F 4.466835922e+06 3508251 311446 6.056447 -34086.7172 47.863540 117513.190
F 4.570881896e+06 3589963 320884 0.539056 6538.6313 47.863540 117513.190
F 4.677351413e+06 3673583 330692 -0.423836 50613.1168 47.863540 117513.190
F 4.786300923e+06 3759154 340394 1.830829 90803.7141 47.863540 117513.190
F 4.897788194e+06 3846714 349482 -0.066631 119212.9370 47.863540 119433.342
F 5.011872336e+06 3936317 357733 1.457307 132323.5386 47.863540 134103.393
F 5.128613840e+06 4028006 365379 1.894755 133625.7550 47.863540 135725.013
F 5.248074602e+06 4121835 372303 6.631224 121220.2664 47.863540 135725.013
F 5.370317964e+06 4217840 378048 1.919846 87934.9969 47.863540 135725.013
F 5.495408739e+06 4316092 382967 7.855002 39128.2048 47.863540 135725.013
F 5.623413252e+06 4416627 387989 8.345328 -10879.7982 47.863540 135725.013
F 5.754399373e+06 4519500 393264 5.086097 -59819.0416 47.863540 135725.013
F 5.888436554e+06 4624774 398811 6.530953 -107449.6186 47.863540 135725.013
F 6.025595861e+06 4732494 405058 1.862995 -147153.0627 47.863540 147152.253
F 6.165950019e+06 4842726 412522 -0.034822 -170895.1728 47.863540 170998.778
F 6.309573445e+06 4955529 421593 1.390029 -172583.7991 47.863540 174107.439
F 6.456542290e+06 5070965 431810 8.328662 -159458.8808 47.863540 174107.439
F 6.606934480e+06 5189074 443464 -0.420941 -126959.1202 47.863540 174107.439
F 6.760829754e+06 5309946 456011 2.513627 -83619.6005 47.863540 174107.439
F 6.918309709e+06 5433641 469441 13.045986 -29733.9155 47.863540 174107.439
F 7.079457844e+06 5560195 483458 1.596995 30085.8017 47.863540 174107.439
F 7.244359601e+06 5689710 497523 3.059979 87261.0853 47.863540 174107.439
F 7.413102413e+06 5822239 511639 1.765144 141714.9856 47.863540 174107.439
F 7.585775750e+06 5957856 525220 1.443174 184054.2970 47.863540 184236.338
F 7.762471166e+06 6096633 537416 2.187971 200750.9545 47.863540 200753.898
F 7.943282347e+06 6238640 548426 0.418526 194782.8827 47.863540 205398.992
F 8.128305162e+06 6383957 558341 0.839911 167433.6773 47.863540 205398.992
F 8.317637711e+06 6532658 567249 0.403352 120009.2278 47.863540 205398.992
F 8.511380382e+06 6684823 574988 0.265380 49714.5260 47.863540 205398.992
F 8.709635900e+06 6840535 582009 2.746023 -36338.6984 47.863540 205398.992
F 8.912509381e+06 6999871 589988 2.286033 -111532.9853 47.863540 205398.992
F 9.120108394e+06 7162921 599015 4.403111 -174518.3415 47.863540 205398.992
F 9.332543008e+06 7329772 609296 9.647111 -222021.4139 47.863540 222018.560
F 9.549925860e+06 7500498 620908 3.554204 -252890.3677 47.863540 253047.244
F 9.772372210e+06 7675206 634751 2.599975 -252640.3666 47.863540 260184.909
S 1.000000000e+07 7853983 650561 7203421 47.863540 1.151424 4.163744 -0.500000 2425.521333 5.432207e+06 34.100224 9 3.592352e-07 6.411073e-14 0 0 6.411073e-14 0 0 260184.909 -225573.711 2038497 78539 649625 88368 1.2
F 1.000000000e+07 7853983 650561 1.151424 -225573.7107 47.863540 260184.909
M 1.000000000e+07 7853983 1.151424 /private/tmp/rh-s40-free-greedy/pi4_1e10.mom.1.000000e+07
P      1e+07 7853984 650561 47.86 260184.9 9 -225574.1
F 1.023292992e+07 8036925 668426 0.417850 -170259.5955 47.863540 260184.909
F 1.047128548e+07 8224130 687455 1.400596 -101173.3921 47.863540 260184.909
F 1.071519305e+07 8415695 707525 1.841613 -20363.2534 47.863540 260184.909
F 1.096478196e+07 8611721 728251 1.170836 65848.9509 47.863540 260184.909
F 1.122018454e+07 8812313 749246 0.452330 151059.9311 47.863540 260184.909
F 1.148153621e+07 9017583 769925 5.329180 225687.0890 47.863540 260184.909
F 1.174897555e+07 9227625 789582 0.967102 278028.0020 47.863540 278031.227
F 1.202264435e+07 9442565 807678 1.996732 299164.6050 47.863540 299405.623
F 1.230268771e+07 9662509 824035 0.454585 285971.9662 47.863540 301339.718
F 1.258925412e+07 9887584 838165 6.722623 230240.1598 47.863540 301339.718
F 1.288249552e+07 10117898 851004 9.466424 147045.8128 47.863540 301339.718
F 1.318256739e+07 10353587 863071 22.571913 44672.9229 47.863540 301339.718
F 1.348962883e+07 10594741 875014 11.080610 -66455.8211 47.863540 301339.718
R 1.370491880e+07 48.732240 10763867 882767 1.370429e+07
R 1.370492288e+07 49.524390 10763871 882767 1.370429e+07
R 1.370492503e+07 50.835919 10763874 882767 1.370429e+07
R 1.370492557e+07 51.409841 10763875 882767 1.370429e+07
F 1.380384265e+07 10841522 886822 9.123380 -186671.4674 51.769843 301339.718
F 1.412537545e+07 11094061 900504 16.852632 -283097.3747 51.769843 301339.718
F 1.445439771e+07 11352460 917038 2.372943 -339715.0753 51.769843 340136.315
F 1.479108388e+07 11616894 935776 3.670067 -367247.7187 51.769843 367880.466
F 1.513561248e+07 11887483 956945 0.538285 -362020.1768 51.769843 373368.993
F 1.548816619e+07 12164380 980812 2.506065 -319670.9247 51.769843 373368.993
F 1.584893192e+07 12447723 1008018 0.759997 -229672.2523 51.769843 373368.993
F 1.621810097e+07 12737669 1036704 2.066947 -122893.8208 51.769843 373368.993
F 1.659586907e+07 13034374 1067032 8.694399 3262.8295 51.769843 373368.993
F 1.698243652e+07 13337977 1098367 2.328950 138016.0451 51.769843 373368.993
F 1.737800829e+07 13648659 1129556 2.992895 262106.4997 51.769843 373368.993
F 1.778279410e+07 13966578 1159631 3.958877 359121.6695 51.769843 373368.993
F 1.819700859e+07 14291910 1188024 12.662548 419250.6241 51.769843 419480.050
F 1.862087137e+07 14624809 1214046 10.613188 430793.7319 51.769843 437869.235
F 1.905460718e+07 14965459 1238343 5.302255 404142.6049 51.769843 437869.235
R 1.942752143e+07 52.137907 15258392 1256801 1.942594e+07
R 1.942754261e+07 53.498886 15258410 1256801 1.942594e+07
R 1.942755881e+07 54.780110 15258424 1256801 1.942594e+07
R 1.942756095e+07 55.099000 15258426 1256801 1.942594e+07
R 1.942758644e+07 56.072368 15258447 1256801 1.942594e+07
R 1.942759381e+07 57.288217 15258454 1256801 1.942594e+07
R 1.942784593e+07 58.272502 15258653 1256801 1.942594e+07
F 1.949844600e+07 15314046 1259972 2.109794 323202.8599 58.272502 437869.235
F 1.995262315e+07 15670759 1279176 5.208671 191656.5062 58.272502 437869.235
F 2.041737945e+07 16035776 1296837 3.466575 24040.3049 58.272502 437869.235
F 2.089296131e+07 16409298 1315250 4.345737 -141307.5112 58.272502 437869.235
F 2.137962090e+07 16791518 1334953 2.800314 -295540.4567 58.272502 437869.235
F 2.187761624e+07 17182643 1355812 3.171384 -441142.0995 58.272502 441250.921
F 2.238721139e+07 17582882 1380437 7.079492 -534149.2169 58.272502 534522.719
F 2.290867653e+07 17992439 1409875 6.314694 -556958.0913 58.272502 558300.329
F 2.344228815e+07 18411531 1444155 0.724042 -509182.1545 58.272502 558300.329
F 2.398832919e+07 18840390 1481078 0.096446 -428163.3466 58.272502 558300.329
F 2.454708916e+07 19279240 1521494 1.044855 -299615.7795 58.272502 558300.329
F 2.511886432e+07 19728317 1564951 6.885692 -131325.1745 58.272502 558300.329
F 2.570395783e+07 20187842 1610506 0.515486 60439.4455 58.272502 558300.329
F 2.630267992e+07 20658079 1656654 2.284621 249686.5578 58.272502 558300.329
F 2.691534804e+07 21139268 1702404 2.868153 419255.1241 58.272502 558300.329
F 2.754228703e+07 21631665 1746974 3.133615 555401.6197 58.272502 558300.329
F 2.818382931e+07 22135528 1788928 0.005740 633103.7360 58.272502 633746.872
F 2.884031503e+07 22651137 1827286 6.328038 635058.5521 58.272502 650111.395
F 2.951209227e+07 23178743 1862823 -0.278856 574124.6712 58.272502 650111.395
F 3.019951720e+07 23718646 1894219 0.437871 427096.7869 58.272502 650111.395
F 3.090295433e+07 24271124 1924058 0.214881 237924.3002 58.272502 650111.395
S 3.162277660e+07 24836499 1951405 22885093 58.272502 28.120908 4.166683 -0.500000 3279.865067 1.942594e+07 58.272502 10 1.093391e-07 4.200024e-15 0 0 5.631759e-14 0 0 650111.395 -9949.353 2919550 78539 1971201 88368 3.4
F 3.162277660e+07 24836499 1951405 28.120908 -9949.3526 58.272502 650111.395
P   3.16e+07 24836500 1951405 58.27 650111.4 10 -9949.9
R 3.215573662e+07 59.300164 25255116 1971465 3.215492e+07
R 3.215615131e+07 60.606810 25255443 1971465 3.215492e+07
R 3.215615179e+07 61.228255 25255444 1971465 3.215492e+07
R 3.215615187e+07 62.163311 25255445 1971465 3.215492e+07
R 3.215616418e+07 63.494827 25255456 1971465 3.215492e+07
R 3.215616695e+07 64.322983 25255459 1971465 3.215492e+07
R 3.215616727e+07 65.069400 25255460 1971465 3.215492e+07
R 3.215616827e+07 66.283226 25255462 1971465 3.215492e+07
R 3.215623737e+07 67.010975 25255517 1971465 3.215492e+07
R 3.215623856e+07 68.080527 25255519 1971465 3.215492e+07
R 3.215623968e+07 69.197521 25255521 1971465 3.215492e+07
R 3.215624042e+07 70.616396 25255523 1971465 3.215492e+07
F 3.235936569e+07 25414988 1978715 1.401439 -274596.1255 70.616396 650111.395
F 3.311311215e+07 26006978 2008871 0.319782 -506520.5989 70.616396 650111.395
F 3.388441561e+07 26612762 2043631 3.994429 -675532.6717 70.616396 675757.262
F 3.467368505e+07 27232657 2082713 8.232635 -786690.2160 70.616396 786958.459
F 3.548133892e+07 27866981 2126910 2.360111 -826487.0132 70.616396 837201.361
F 3.630780548e+07 28516084 2179085 0.046763 -745216.9811 70.616396 837201.361
F 3.715352291e+07 29180312 2237352 3.128361 -575915.5731 70.616396 837201.361
F 3.801893963e+07 29860006 2299085 0.424063 -364501.1271 70.616396 837201.361
F 3.890451450e+07 30555537 2363343 2.549678 -127753.5188 70.616396 837201.361
F 3.981071706e+07 31267272 2431126 7.726591 151576.2978 70.616396 837201.361
F 4.073802778e+07 31995574 2500395 1.586229 437355.8227 70.616396 837201.361
F 4.168693835e+07 32740845 2568635 -0.030025 685042.8304 70.616396 837201.361
F 4.265795188e+07 33503481 2634087 3.724424 863327.0811 70.616396 863385.641
F 4.365158322e+07 34283888 2695316 14.491865 946189.4235 70.616396 947528.049
F 4.466835922e+07 35082449 2751821 1.495884 924198.6813 70.616396 951143.278
F 4.570881896e+07 35899632 2803829 9.321979 800577.2050 70.616396 951143.278
F 4.677351413e+07 36735833 2850776 0.693057 564596.9606 70.616396 951143.278
F 4.786300923e+07 37591522 2894882 2.239703 254723.3220 70.616396 951143.278
R 4.849900918e+07 71.050033 38091104 2919759 4.849820e+07
R 4.849902497e+07 72.647641 38091118 2919759 4.849820e+07
R 4.849902656e+07 73.396759 38091120 2919759 4.849820e+07
R 4.849902925e+07 74.287835 38091123 2919759 4.849820e+07
R 4.849902942e+07 75.153793 38091124 2919759 4.849820e+07
R 4.849903466e+07 76.039418 38091129 2919759 4.849820e+07
R 4.849903637e+07 77.691618 38091132 2919759 4.849820e+07
R 4.849904463e+07 78.207210 38091139 2919759 4.849820e+07
R 4.849904465e+07 79.191964 38091140 2919759 4.849820e+07
R 4.849906495e+07 80.248819 38091157 2919759 4.849820e+07
R 4.849906517e+07 81.070616 38091158 2919759 4.849820e+07
R 4.849906522e+07 82.031288 38091159 2919759 4.849820e+07
R 4.849906778e+07 83.022417 38091162 2919759 4.849820e+07
R 4.849907599e+07 84.578034 38091170 2919759 4.849820e+07
R 4.849909245e+07 85.646096 38091184 2919759 4.849820e+07
R 4.849909664e+07 86.360229 38091188 2919759 4.849820e+07
R 4.849909780e+07 87.444983 38091190 2919759 4.849820e+07
R 4.849909796e+07 88.317887 38091191 2919759 4.849820e+07
R 4.849909997e+07 89.745603 38091194 2919759 4.849820e+07
R 4.849910022e+07 90.545595 38091195 2919759 4.849820e+07
R 4.849910961e+07 91.171922 38091203 2919759 4.849820e+07
R 4.849911313e+07 92.403884 38091207 2919759 4.849820e+07
R 4.849911361e+07 93.030212 38091208 2919759 4.849820e+07
R 4.849911777e+07 94.765636 38091213 2919759 4.849820e+07
R 4.849911808e+07 95.515266 38091214 2919759 4.849820e+07
F 4.897788194e+07 38467148 2938084 9.265103 -95509.7686 95.861605 951143.278
F 5.011872336e+07 39363155 2981941 1.504487 -459158.3464 95.861605 951143.278
F 5.128613840e+07 40280047 3028335 7.878969 -803343.5281 95.861605 951143.278
F 5.248074602e+07 41218283 3081398 1.243653 -1055199.0914 95.861605 1055213.296
F 5.370317964e+07 42178381 3143496 2.129875 -1172934.7131 95.861605 1174180.936
F 5.495408739e+07 43160846 3212904 6.481437 -1187479.9149 95.861605 1196135.249
F 5.623413252e+07 44166197 3290951 12.384699 -1075508.4111 95.861605 1196135.249
F 5.754399373e+07 45194949 3378999 1.792384 -812991.7104 95.861605 1196135.249
F 5.888436554e+07 46247675 3474872 2.240946 -439043.3221 95.861605 1196135.249
F 6.025595861e+07 47324921 3573938 1.561365 -37050.3443 95.861605 1196135.249
F 6.165950019e+07 48427258 3674547 -0.416807 362980.2657 95.861605 1196135.249
F 6.309573445e+07 49555274 3775249 -0.168289 734291.1671 95.861605 1196135.249
F 6.456542290e+07 50709578 3875904 13.218037 1073605.4337 95.861605 1196135.249
F 6.606934480e+07 51890744 3972404 1.722009 1306245.5074 95.861605 1306603.078
F 6.760829754e+07 53099436 4062686 3.067684 1394047.6433 95.861605 1395027.440
F 6.918309709e+07 54336281 4146036 3.391278 1322940.7658 95.861605 1404560.653
F 7.079457844e+07 55601938 4223536 5.901371 1111418.2090 95.861605 1404560.653
F 7.244359601e+07 56897070 4294369 2.531202 743607.6370 95.861605 1404560.653
F 7.413102413e+07 58222373 4360896 2.582852 260968.5576 95.861605 1404560.653
F 7.585775750e+07 59578553 4426610 9.363157 -274162.7008 95.861605 1404560.653
F 7.762471166e+07 60966312 4494948 5.811124 -800363.6759 95.861605 1404560.653
F 7.943282347e+07 62386394 4569265 0.116679 -1257463.8086 95.861605 1404560.653
F 8.128305162e+07 63839566 4651355 6.330530 -1613454.3952 95.861605 1613630.831
F 8.317637711e+07 65326582 4745170 7.964941 -1796945.6750 95.861605 1798315.888
F 8.511380382e+07 66848232 4854973 6.585213 -1730625.1582 95.861605 1798738.920
F 8.709635900e+07 68405338 4977941 17.391643 -1466350.7324 95.861605 1798738.920
F 8.912509381e+07 69998693 5110444 7.791748 -1070952.1761 95.861605 1798738.920
F 9.120108394e+07 71629164 5252830 -0.037472 -538755.2412 95.861605 1798738.920
F 9.332543008e+07 73297625 5403215 3.402526 95149.4199 95.861605 1798738.920
F 9.549925860e+07 75004948 5555384 5.473457 715751.6146 95.861605 1798738.920
F 9.772372210e+07 76752038 5705144 5.931166 1244875.4078 95.861605 1798738.920
S 1.000000000e+08 78539828 5851473 72688354 95.861605 11.445653 4.437945 -0.500000 3899.932726 7.359547e+07 36.970528 11 6.282207e-08 6.573864e-16 0 0 5.687995e-15 1 0 1798738.920 1662595.074 3346559 78539 5944037 88368 10.9
F 1.000000000e+08 78539828 5851473 11.445653 1662595.0745 95.861605 1798738.920
M 1.000000000e+08 78539828 11.445653 /private/tmp/rh-s40-free-greedy/pi4_1e10.mom.1.000000e+08
P      1e+08 78539829 5851473 95.86 1798738.9 11 1662591.5
F 1.023292992e+08 80369244 5994884 0.109920 1976833.8608 95.861605 1976834.357
F 1.047128548e+08 82241292 6128137 7.937377 2052661.1121 95.861605 2061725.602
F 1.071519305e+08 84156934 6251799 4.347546 1898785.3505 95.861605 2061725.602
F 1.096478196e+08 86117197 6365800 0.639778 1512263.6327 95.861605 2061725.602
F 1.122018454e+08 88123128 6472253 4.454717 930371.4916 95.861605 2061725.602
F 1.148153621e+08 90175781 6574213 6.223220 208140.4412 95.861605 2061725.602
F 1.174897555e+08 92276241 6674829 2.602432 -597546.0832 95.861605 2061725.602
F 1.202264435e+08 94425636 6781001 7.898739 -1359896.8469 95.861605 2061725.602
F 1.230268771e+08 96625084 6897113 0.477270 -1998473.2956 95.861605 2061725.602
F 1.258925412e+08 98875771 7028761 0.157647 -2410040.9383 95.861605 2410377.632
F 1.288249552e+08 101178884 7175258 0.595661 -2608301.2641 95.861605 2610500.287
F 1.318256739e+08 103535649 7340784 6.650547 -2515905.2571 95.861605 2635880.795
F 1.348962883e+08 105947298 7527944 0.737517 -2084786.3097 95.861605 2635880.795
F 1.380384265e+08 108415127 7733546 0.165214 -1375459.0495 95.861605 2635880.795
F 1.412537545e+08 110940440 7947630 0.457733 -575533.0612 95.861605 2635880.795
F 1.445439771e+08 113524575 8171070 0.660850 330184.9116 95.861605 2635880.795
F 1.479108388e+08 116168903 8401070 1.632091 1287657.3215 95.861605 2635880.795
F 1.513561248e+08 118874826 8626925 3.314264 2093870.8815 95.861605 2635880.795
F 1.548816619e+08 121643774 8843892 0.992067 2657427.0115 95.861605 2657762.236
F 1.584893192e+08 124477228 9049263 7.531391 2925125.7946 95.861605 2932338.438
F 1.621810097e+08 127376670 9245706 2.600884 2944817.3522 95.861605 2977291.947
F 1.659586907e+08 130343654 9430257 2.875407 2658074.2873 95.861605 2977291.947
F 1.698243652e+08 133379756 9601050 11.220915 2027048.1736 95.861605 2977291.947
F 1.737800829e+08 136486564 9761762 5.860366 1118819.0933 95.861605 2977291.947
F 1.778279410e+08 139665751 9917780 12.520191 33014.6079 95.861605 2977291.947
F 1.819700859e+08 142918986 10075100 14.556894 -1118792.7389 95.861605 2977291.947
F 1.862087137e+08 146247993 10240900 11.063295 -2202027.1323 95.861605 2977291.947
F 1.905460718e+08 149654540 10421574 4.953967 -3096747.3272 95.861605 3097110.151
F 1.949844600e+08 153140441 10623587 4.029358 -3681241.7737 95.861605 3681644.855
F 1.995262315e+08 156707538 10852541 2.018128 -3849911.3579 95.861605 3852182.411
F 2.041737945e+08 160357733 11109907 9.597165 -3575802.9126 95.861605 3852182.411
F 2.089296131e+08 164092937 11393009 2.388782 -2911182.1538 95.861605 3852182.411
F 2.137962090e+08 167915150 11704120 -0.065444 -1813880.4336 95.861605 3852182.411
F 2.187761624e+08 171826406 12035442 9.645258 -434844.7806 95.861605 3852182.411
F 2.238721139e+08 175828749 12370688 1.726336 911111.8698 95.861605 3852182.411
F 2.290867653e+08 179924325 12706387 0.078355 2154880.0665 95.861605 3852182.411
F 2.344228815e+08 184115304 13040863 3.171834 3261368.9384 95.861605 3852182.411
F 2.398832919e+08 188403899 13369020 1.895873 4129373.8489 95.861605 4129421.728
F 2.454708916e+08 192792396 13674324 8.379961 4436552.4748 95.861605 4445124.385
F 2.511886432e+08 197283104 13959626 4.788339 4233945.1699 95.861605 4460937.805
F 2.570395783e+08 201878419 14232808 6.086277 3670274.5787 95.861605 4460937.805
F 2.630267992e+08 206580767 14490060 1.777625 2667935.3334 95.861605 4460937.805
F 2.691534804e+08 211392659 14735801 9.612947 1308721.4339 95.861605 4460937.805
F 2.754228703e+08 216316621 14972929 4.267565 -354778.5900 95.861605 4460937.805
F 2.818382931e+08 221355278 15215829 -0.011183 -2046533.5206 95.861605 4460937.805
F 2.884031503e+08 226511305 15473595 0.211796 -3592832.7240 95.861605 4460937.805
F 2.951209227e+08 231787433 15756805 2.142859 -4790088.7837 95.861605 4790469.604
F 3.019951720e+08 237186467 16072045 13.310127 -5512224.1582 95.861605 5512708.255
F 3.090295433e+08 242711238 16425479 2.080228 -5641006.9919 95.861605 5709290.192
S 3.162277660e+08 248364712 16825720 231538991 95.861605 5.140496 4.910573 -0.500000 4320.101775 1.103501e+08 65.639639 11 2.479559e-09 1.519954e-17 0 0 8.322317e-16 42 0 5709290.192 -5009948.870 3422307 78539 17214872 88368 38.0
F 3.162277660e+08 248364712 16825720 5.140496 -5009948.8696 95.861605 5709290.192
P   3.16e+08 248364713 16825720 95.86 5709290.2 11 -5009948.9
F 3.235936569e+08 254149876 17260252 11.945804 -3865871.0650 95.861605 5709290.192
F 3.311311215e+08 260069775 17726640 0.129234 -2258863.8883 95.861605 5709290.192
F 3.388441561e+08 266127583 18219054 4.875711 -305779.8711 95.861605 5709290.192
F 3.467368505e+08 272326491 18729245 5.257765 1828353.1458 95.861605 5709290.192
F 3.548133892e+08 278669786 19236648 1.532524 3735538.9281 95.861605 5709290.192
F 3.630780548e+08 285160845 19731084 7.399042 5210775.1110 95.861605 5709290.192
F 3.715352291e+08 291803089 20210755 2.215028 6213703.8629 95.861605 6213799.088
F 3.801893963e+08 298600054 20668772 0.172045 6602990.4494 95.861605 6619175.245
F 3.890451450e+08 305555352 21098532 9.428196 6242683.7444 95.861605 6632276.170
F 3.981071706e+08 312672648 21497575 7.197327 5077994.0864 95.861605 6632276.170
F 4.073802778e+08 319955739 21878703 16.793706 3356455.1317 95.861605 6632276.170
F 4.168693835e+08 327408458 22250166 9.631171 1235981.0040 95.861605 6632276.170
F 4.265795188e+08 335034776 22619626 5.175659 -1136708.1710 95.861605 6632276.170
F 4.365158322e+08 342838761 22998184 27.850063 -3546065.0536 95.861605 6632276.170
F 4.466835922e+08 350824473 23400562 -0.109743 -5703900.1254 95.861605 6632276.170
F 4.570881896e+08 358996231 23842853 6.151211 -7293946.1596 95.861605 7294024.389
F 4.677351413e+08 367358323 24334555 1.861987 -8130344.4690 95.861605 8131662.051
F 4.786300923e+08 375915197 24877575 1.328447 -8178281.8829 95.861605 8324337.286
F 4.897788194e+08 384671386 25485840 0.582450 -7162713.0699 95.861605 8324337.286
F 5.011872336e+08 393631535 26150478 1.976291 -5264104.5584 95.861605 8324337.286
F 5.128613840e+08 402800390 26865965 0.721106 -2596778.3392 95.861605 8324337.286
F 5.248074602e+08 412182819 27607830 3.367947 344402.3782 95.861605 8324337.286
F 5.370317964e+08 421783787 28365022 0.230169 3332518.6307 95.861605 8324337.286
F 5.495408739e+08 431608393 29128577 -0.254209 6181204.3910 95.861605 8324337.286
F 5.623413252e+08 441661851 29868626 6.778411 8282800.5672 95.861605 8324337.286
F 5.754399373e+08 451949470 30576426 -0.144747 9453090.6029 95.861605 9453138.735
F 5.888436554e+08 462476726 31243991 0.340879 9522549.0121 95.861605 9657616.968
F 6.025595861e+08 473249204 31887100 11.545072 8801222.7036 95.861605 9657616.968
F 6.165950019e+08 484272593 32494280 10.763345 7048339.2129 95.861605 9657616.968
F 6.309573445e+08 495552741 33065065 1.248522 4245474.1770 95.861605 9657616.968
F 6.456542290e+08 507095665 33623699 19.111784 875077.5191 95.861605 9657616.968
F 6.606934480e+08 518907432 34191501 11.151504 -2638797.2798 95.861605 9657616.968
F 6.760829754e+08 530994334 34785815 6.608253 -5951058.0760 95.861605 9657616.968
F 6.918309709e+08 543362778 35409124 3.844192 -9018249.6158 95.861605 9657616.968
F 7.079457844e+08 556019341 36095276 21.945131 -11158179.8425 95.861605 11158178.680
F 7.244359601e+08 568970683 36855757 10.243435 -12141991.5136 95.861605 12143667.978
F 7.413102413e+08 582223707 37703178 4.759939 -11717791.7968 95.861605 12172940.661
F 7.585775750e+08 595785435 38636034 0.562986 -9921301.3630 95.861605 12172940.661
F 7.762471166e+08 609663063 39646005 3.042658 -6927712.2300 95.861605 12172940.661
F 7.943282347e+08 623863944 40729141 7.098210 -2824071.2379 95.861605 12172940.661
F 8.128305162e+08 638395604 41850374 9.236715 1664457.6490 95.861605 12172940.661
F 8.317637711e+08 653265738 42983306 -0.419175 5987793.6198 95.861605 12172940.661
F 8.511380382e+08 668482253 44110447 0.783545 9777111.9766 95.861605 12172940.661
F 8.709635900e+08 684053207 45218449 2.847845 12747313.6815 95.861605 12748065.104
F 8.912509381e+08 699986850 46279399 -0.151097 14312071.9326 95.861605 14312114.817
F 9.120108394e+08 716291644 47276745 5.556700 14117312.7791 95.861605 14557443.854
F 9.332543008e+08 732976218 48221088 3.956671 12367737.4318 95.861605 14557443.854
F 9.549925860e+08 750049431 49128978 7.665982 9391815.9305 95.861605 14557443.854
F 9.772372210e+08 767520322 50004232 3.243078 5255045.1427 95.861605 14557443.854
S 1.000000000e+09 785398166 50857391 734540774 95.861605 2.387950 4.952630 -0.500000 4943.989152 4.162357e+08 54.827447 11 6.641558e-09 1.519954e-17 0 0 3.762837e-17 384 0 14557443.854 162744.004 3426396 78539 52201431 88368 119.3
F 1.000000000e+09 785398166 50857391 2.387950 162744.0044 95.861605 14557443.854
M 1.000000000e+09 785398166 2.387950 /private/tmp/rh-s40-free-greedy/pi4_1e10.mom.1.000000e+09
P      1e+09 785398167 50857391 95.86 14557443.9 11 162743.1
F 1.023292992e+09 803692438 51716253 1.030615 -5321860.9639 95.861605 14557443.854
F 1.047128548e+09 822412843 52627572 4.305186 -10240353.1806 95.861605 14557443.854
F 1.071519305e+09 841569296 53614277 1.406873 -14126313.2326 95.861605 14557443.854
F 1.096478196e+09 861171968 54688078 6.329195 -16745681.0722 95.861605 16747006.893
F 1.122018454e+09 881231256 55869003 22.478591 -17690365.6466 95.861605 17759008.845
F 1.148153621e+09 901757751 57171796 5.163616 -16661820.5065 95.861605 17759008.845
F 1.174897555e+09 922762383 58601239 0.955738 -13568597.9852 95.861605 17759008.845
F 1.202264435e+09 944256282 60134300 2.918810 -8900336.2902 95.861605 17759008.845
F 1.230268771e+09 966250837 61764736 3.704118 -2797091.1371 95.861605 17759008.845
F 1.258925412e+09 988757712 63447279 5.507884 3782626.6541 95.861605 17759008.845
F 1.288249552e+09 1011788833 65163067 0.888026 10430378.6955 95.861605 17759008.845
F 1.318256739e+09 1035356422 66855383 0.436888 15942221.9203 95.861605 17759008.845
F 1.348962883e+09 1059472971 68488392 0.306584 19547839.2639 95.861605 19549476.953
F 1.380384265e+09 1084151268 70059208 1.583554 21167692.6640 95.861605 21172432.807
F 1.412537545e+09 1109404394 71560276 0.508745 20623144.0170 95.861605 21277573.012
F 1.445439771e+09 1135245745 72975615 3.539918 17556941.5539 95.861605 21277573.012
F 1.479108388e+09 1161689016 74314700 4.252328 12147949.9870 95.861605 21277573.012
F 1.513561248e+09 1188748232 75635914 7.074052 5608032.7300 95.861605 21277573.012
F 1.548816619e+09 1216437734 76959842 5.852091 -1646499.8709 95.861605 21277573.012
F 1.584893192e+09 1244772206 78298739 3.245323 -9374622.5151 95.861605 21277573.012
F 1.621810097e+09 1273766680 79695721 7.940255 -16681139.9707 95.861605 21277573.012
F 1.659586907e+09 1303436511 81222628 1.685485 -22058458.0772 95.861605 22058779.069
F 1.698243652e+09 1333797452 82895589 6.140568 -25178143.4041 95.861605 25178160.518
F 1.737800829e+09 1364865581 84721296 1.535074 -25911978.9308 95.861605 25949852.721
F 1.778279410e+09 1396657386 86726786 3.133330 -23697999.7706 95.861605 25949852.721
F 1.819700859e+09 1429189719 88913357 6.500358 -18521793.9201 95.861605 25949852.721
F 1.862087137e+09 1462479822 91255149 4.564370 -10948811.6668 95.861605 25949852.721
F 1.905460718e+09 1496545353 93717366 4.471083 -1737228.9734 95.861605 25949852.721
F 1.949844600e+09 1531404371 96246886 3.225000 7959314.4450 95.861605 25949852.721
F 1.995262315e+09 1567075365 98802737 7.112697 17243969.5858 95.861605 25949852.721
F 2.041737945e+09 1603577234 101334585 1.903067 25014960.9285 95.861605 25949852.721
F 2.089296131e+09 1640929351 103782392 6.819240 29958850.8554 95.861605 29959540.588
F 2.137962090e+09 1679151501 106108812 2.276974 31244903.7411 95.861605 31427003.493
F 2.187761624e+09 1718263966 108336149 4.384001 29321071.8692 95.861605 31427003.493
F 2.238721139e+09 1758287482 110470680 11.194781 24291696.5353 95.861605 31427003.493
F 2.290867653e+09 1799243249 112517897 1.714968 16243854.0565 95.861605 31427003.493
F 2.344228815e+09 1841153008 114504508 1.649759 5721827.9369 95.861605 31427003.493
F 2.398832919e+09 1884038978 116508103 8.890147 -5630838.6173 95.861605 31427003.493
F 2.454708916e+09 1927923879 118585356 4.731031 -16617358.6243 95.861605 31427003.493
M 2.500000000e+09 1963495416 7.291777 /private/tmp/rh-s40-free-greedy/pi4_1e10.mom.2.500000e+09
F 2.511886432e+09 1972831007 120773158 16.814802 -26466354.5280 95.861605 31427003.493
F 2.570395783e+09 2018784127 123118721 -0.205815 -34180319.1043 95.861605 34182264.707
F 2.630267992e+09 2065807657 125700769 6.707671 -38076141.5629 95.861605 38077735.703
F 2.691534804e+09 2113926497 128543387 5.060889 -37652250.4914 95.861605 38358462.306
F 2.754228703e+09 2163166167 131650355 1.607069 -32846572.4292 95.861605 38358462.306
F 2.818382931e+09 2213552781 134979405 2.819583 -24599806.7439 95.861605 38358462.306
F 2.884031503e+09 2265113050 138528955 4.049375 -12970512.3464 95.861605 38358462.306
F 2.951209227e+09 2317874309 142245858 2.360012 858844.5342 95.861605 38358462.306
F 3.019951720e+09 2371864543 146048648 8.032688 15082540.8206 95.861605 38358462.306
F 3.090295433e+09 2427112376 149873749 18.733700 28279548.8732 95.861605 38358462.306
S 3.162277660e+09 2483647077 153637994 2330009082 95.861605 10.336373 5.225311 -0.500000 4390.129950 2.415754e+09 53.956517 11 6.342779e-11 2.170735e-20 0 0 1.872072e-19 3760 0 38596121.392 38595866.536 3426488 78539 158317694 88368 347.0
