# s8gen mode=rule X=1.000000e+08 theta=0.250000 rho=0.78539816339744828+3.061617e-17 t=1.2732395447351628-7.871471e-17 B=10000.000000
# S cols: x N pi C supE E(x) meanE_win minEbefore_win maxPrimeGap_win gapStart gapPeakE maxClu_win minGapAbs minGapRel ties misorders minDecisionMargin_rel ambig_double skorokhodViol supPsi psi-x nS nM nLDbytes heap time wMaxE
R 1.737940956e+00 1.420423 3 1 1.318310e+00
R 3.020438767e+00 2.413151 5 1 1.318310e+00
S 1.000000000e+01 9 1 7 2.662573 0.931417 1.616557 -0.250000 0.318310 1.000000e+00 0.000000 3 3.183099e-01 2.414530e-01 0 0 4.544254e-02 0 0 6.912 -7.789 9 0 0 0 0.0 2.662573
F 1.000000000e+01 9 1 0.931417 -7.7892 2.662573 6.912
F 1.023292992e+01 9 1 0.748474 -8.0221 2.662573 6.912
F 1.047128548e+01 9 1 0.561270 -8.2605 2.662573 6.912
F 1.071519305e+01 9 1 0.369705 -8.5044 2.662573 6.912
F 1.096478196e+01 9 1 0.173679 -8.7540 2.662573 6.912
F 1.122018454e+01 9 1 -0.026914 -9.0094 2.662573 6.912
F 1.148153621e+01 9 1 -0.232179 -9.2707 2.662573 6.912
P         10 10 2 2.66 6.9 3 -6.9
F 1.174897555e+01 10 2 0.557774 -7.0955 2.662573 6.912
F 1.202264435e+01 10 2 0.342835 -7.3691 2.662573 6.912
F 1.230268771e+01 11 2 1.122890 -7.3728 2.662573 7.097
F 1.258925412e+01 11 2 0.897821 -7.6594 2.662573 7.097
F 1.288249552e+01 11 2 0.667510 -7.9526 2.662573 7.097
F 1.318256739e+01 11 2 0.431834 -8.2527 2.662573 7.097
F 1.348962883e+01 11 2 0.190668 -8.5598 2.662573 7.097
F 1.380384265e+01 11 2 -0.056114 -8.8740 2.662573 7.097
F 1.412537545e+01 12 3 0.691354 -6.5528 2.662573 7.097
F 1.445439771e+01 12 3 0.432941 -6.8819 2.662573 7.097
F 1.479108388e+01 12 3 0.168508 -7.2185 2.662573 7.097
F 1.513561248e+01 12 3 -0.102084 -7.5631 2.662573 7.097
F 1.548816619e+01 13 3 0.621021 -7.9156 2.662573 7.594
F 1.584893192e+01 13 3 0.337676 -8.2764 2.662573 7.594
F 1.621810097e+01 14 3 1.047731 -8.3692 2.662573 8.006
F 1.659586907e+01 14 3 0.751033 -8.7470 2.662573 8.006
F 1.698243652e+01 14 3 0.447424 -9.1335 2.662573 8.006
F 1.737800829e+01 14 3 0.136742 -9.5291 2.662573 8.006
F 1.778279410e+01 14 3 -0.181176 -9.9339 2.662573 8.006
F 1.819700859e+01 15 4 0.493501 -7.4650 2.662573 8.006
F 1.862087137e+01 16 4 1.160600 -7.8888 2.662573 8.006
F 1.905460718e+01 16 4 0.819945 -8.3226 2.662573 8.006
F 1.949844600e+01 16 4 0.471354 -8.7664 2.662573 8.006
F 1.995262315e+01 16 4 0.114645 -9.2206 2.662573 8.006
F 2.041737945e+01 17 4 0.749626 -9.6853 2.662573 9.262
F 2.089296131e+01 17 4 0.376105 -10.1609 2.662573 9.262
F 2.137962090e+01 18 4 0.993883 -10.3712 2.662573 9.894
F 2.187761624e+01 18 4 0.602759 -10.8692 2.662573 9.894
F 2.238721139e+01 18 4 0.202523 -11.3788 2.662573 9.894
F 2.290867653e+01 18 4 -0.207034 -11.9003 2.662573 9.894
F 2.344228815e+01 19 5 0.373868 -9.3000 2.662573 9.894
F 2.398832919e+01 20 5 0.945008 -9.8460 2.662573 9.894
F 2.454708916e+01 21 5 1.506159 -10.4048 2.662573 10.277
F 2.511886432e+01 21 5 1.057088 -10.9766 2.662573 10.277
F 2.570395783e+01 21 5 0.597557 -11.5617 2.662573 10.277
F 2.630267992e+01 21 5 0.127322 -12.1604 2.662573 10.277
F 2.691534804e+01 22 5 0.646133 -12.7731 2.662573 12.216
F 2.754228703e+01 22 5 0.153737 -13.4000 2.662573 12.216
F 2.818382931e+01 23 5 0.649870 -13.7652 2.662573 13.137
F 2.884031503e+01 23 5 0.134268 -14.4217 2.662573 13.137
F 2.951209227e+01 24 6 0.606655 -11.7149 2.662573 13.137
F 3.019951720e+01 24 6 0.066753 -12.4023 2.662573 13.137
F 3.090295433e+01 25 6 0.514275 -13.1057 2.662573 13.137
S 3.162277660e+01 26 6 19 2.662573 0.948927 0.588026 -0.250000 10.185916 1.318310e+00 2.662573 2 5.227812e-01 2.527190e-02 0 0 1.029824e-02 0 0 13.261 -13.826 26 0 0 0 0.0 1.606528
F 3.162277660e+01 26 6 0.948927 -13.8255 2.662573 13.261
P       31.6 27 6 2.66 14.4 3 -14.4
F 3.235936569e+01 27 6 1.370412 -14.5621 2.662573 14.395
F 3.311311215e+01 27 6 0.778421 -15.3159 2.662573 14.395
F 3.388441561e+01 27 6 0.172640 -16.0872 2.662573 14.395
F 3.467368505e+01 28 7 0.552750 -13.3377 2.662573 14.395
F 3.548133892e+01 29 7 0.918420 -14.1454 2.662573 14.395
F 3.630780548e+01 29 7 0.269314 -14.9719 2.662573 14.395
F 3.715352291e+01 30 7 0.605090 -15.5412 2.662573 14.715
F 3.801893963e+01 30 7 -0.074607 -16.4066 2.662573 14.715
F 3.890451450e+01 32 8 1.229864 -13.6483 2.662573 14.715
F 3.981071706e+01 32 8 0.518134 -14.5545 2.662573 14.715
F 4.073802778e+01 33 8 0.789826 -15.4818 2.662573 14.715
F 4.168693835e+01 34 8 1.044553 -16.4307 2.662573 15.687
F 4.265795188e+01 35 8 1.281921 -17.4017 2.662573 17.183
F 4.365158322e+01 35 8 0.501525 -18.3953 2.662573 17.183
F 4.466835922e+01 36 9 0.702951 -15.6142 2.662573 17.183
F 4.570881896e+01 37 9 0.885776 -16.6547 2.662573 17.183
F 4.677351413e+01 38 9 1.049566 -17.7193 2.662573 17.183
F 4.786300923e+01 38 9 0.193879 -18.8088 2.662573 17.183
F 4.897788194e+01 39 9 0.318260 -19.6474 2.662573 18.560
F 5.011872336e+01 40 10 0.422245 -16.8822 2.662573 18.560
F 5.128613840e+01 42 10 1.505359 -18.0496 2.662573 18.560
F 5.248074602e+01 42 10 0.567117 -19.2442 2.662573 18.560
F 5.370317964e+01 43 10 0.607020 -20.4666 2.662573 19.376
F 5.495408739e+01 44 10 0.624559 -21.7175 2.662573 20.740
F 5.623413252e+01 45 10 0.619214 -22.9976 2.662573 22.712
F 5.754399373e+01 46 11 0.590451 -20.2584 2.662573 22.712
F 5.888436554e+01 48 12 1.537726 -17.5278 2.662573 22.712
F 6.025595861e+01 49 12 1.460479 -18.8994 2.662573 22.712
F 6.165950019e+01 50 12 1.358140 -20.3030 2.662573 22.712
F 6.309573445e+01 50 12 0.230124 -21.7392 2.662573 22.712
F 6.456542290e+01 51 12 0.075834 -22.9325 2.662573 22.712
F 6.606934480e+01 53 13 0.894656 -20.2624 2.662573 22.712
F 6.760829754e+01 55 13 1.685965 -21.8013 2.662573 22.712
F 6.918309709e+01 55 13 0.449121 -23.3761 2.662573 22.712
F 7.079457844e+01 56 13 0.183466 -24.9876 2.662573 23.553
F 7.244359601e+01 57 13 -0.111669 -26.6366 2.662573 25.351
F 7.413102413e+01 59 14 0.563028 -24.0388 2.662573 25.351
F 7.585775750e+01 61 15 1.206855 -21.4458 2.662573 25.351
F 7.762471166e+01 63 15 1.819092 -23.2128 2.662573 25.351
F 7.943282347e+01 64 15 1.399004 -25.0209 2.662573 25.351
F 8.128305162e+01 65 15 0.945839 -26.8711 2.662573 25.351
F 8.317637711e+01 66 16 0.458824 -24.3480 2.662573 25.351
F 8.511380382e+01 67 16 -0.062827 -26.0090 2.662573 25.351
F 8.709635900e+01 70 17 1.380078 -23.5448 2.662573 25.351
F 8.912509381e+01 72 17 1.786713 -25.5736 2.662573 25.351
F 9.120108394e+01 72 17 0.156234 -27.6495 2.662573 25.351
F 9.332543008e+01 74 18 0.487777 -25.2414 2.662573 27.886
F 9.549925860e+01 75 18 -0.219544 -27.4152 2.662573 27.886
F 9.772372210e+01 78 19 1.033366 -25.0801 2.662573 27.886
S 1.000000000e+02 80 19 60 2.662573 1.245582 0.808840 -0.250000 7.639437 4.970141e+01 1.751236 2 1.936771e-01 2.060519e-03 0 0 3.572703e-04 0 0 27.886 -27.356 80 0 0 0 0.0 2.355483
F 1.000000000e+02 80 19 1.245582 -27.3564 2.662573 27.886
P        100 81 19 2.66 29.2 3 -29.2
F 1.023292992e+02 82 19 1.416154 -29.6857 2.662573 29.561
F 1.047128548e+02 83 19 0.544114 -32.0693 2.662573 31.328
F 1.071519305e+02 85 20 0.628469 -29.8356 2.662573 32.310
F 1.096478196e+02 87 21 0.668202 -27.6468 2.662573 32.310
F 1.122018454e+02 89 22 0.662275 -25.2052 2.662573 32.310
F 1.148153621e+02 92 22 1.609624 -27.8187 2.662573 32.310
F 1.174897555e+02 94 22 1.509160 -30.4931 2.662573 32.310
F 1.202264435e+02 95 23 0.359770 -28.4445 2.662573 32.310
F 1.230268771e+02 98 24 1.160315 -26.4387 2.662573 32.310
F 1.258925412e+02 99 24 -0.090372 -29.3044 2.662573 32.310
F 1.288249552e+02 102 24 0.606515 -32.2368 2.662573 32.310
F 1.318256739e+02 105 25 1.249756 -30.3706 2.662573 32.310
F 1.348962883e+02 108 25 1.838101 -30.9985 2.662573 32.310
F 1.380384265e+02 109 25 0.370272 -34.1406 2.662573 33.168
F 1.412537545e+02 112 26 0.844959 -32.4136 2.662573 34.464
F 1.445439771e+02 115 27 1.260824 -30.7435 2.662573 34.464
F 1.479108388e+02 118 28 1.616497 -28.8385 2.662573 34.464
F 1.513561248e+02 121 28 1.910576 -32.2838 2.881368 34.464
F 1.548816619e+02 123 28 1.141625 -35.8093 2.881368 34.889
F 1.584893192e+02 125 29 0.308178 -34.3629 2.881368 34.889
F 1.621810097e+02 130 30 2.408731 -32.9765 2.881368 34.889
F 1.659586907e+02 131 30 0.441747 -36.7542 2.881368 34.889
F 1.698243652e+02 134 30 0.405654 -40.6199 2.881368 39.783
F 1.737800829e+02 138 31 1.298840 -39.4359 2.881368 39.783
F 1.778279410e+02 142 32 2.119660 -38.3075 2.881368 40.130
F 1.819700859e+02 143 32 -0.133573 -42.4496 2.881368 41.175
F 1.862087137e+02 148 34 1.537416 -36.2651 2.881368 41.175
F 1.905460718e+02 151 34 1.130863 -40.6024 2.881368 41.175
F 1.949844600e+02 155 35 1.644961 -39.4988 2.881368 41.175
R 1.979047768e+02 3.351350 159 35 1.935775e+02
F 1.995262315e+02 159 35 2.077862 -41.3979 3.351350 41.175
F 2.041737945e+02 161 35 0.427675 -46.0454 3.351350 44.840
F 2.089296131e+02 165 36 0.692464 -45.4781 3.351350 44.840
F 2.137962090e+02 171 37 2.870248 -44.9909 3.421058 46.045
F 2.187761624e+02 172 37 -0.040998 -49.9708 3.421058 46.122
F 2.238721139e+02 176 38 -0.043349 -49.6660 3.421058 50.538
F 2.290867653e+02 181 39 0.861073 -49.4684 3.421058 50.538
F 2.344228815e+02 187 41 2.670098 -43.9075 3.421058 50.538
F 2.398832919e+02 189 42 0.381501 -43.8950 3.421058 50.538
F 2.454708916e+02 195 43 1.993011 -43.9886 3.421058 50.538
F 2.511886432e+02 199 43 1.502299 -49.7064 3.421058 50.538
F 2.570395783e+02 204 44 1.906985 -49.7409 3.421058 50.538
F 2.630267992e+02 208 44 1.204633 -55.7281 3.421058 53.601
F 2.691534804e+02 212 45 0.392749 -56.2659 3.421058 57.348
F 2.754228703e+02 217 46 0.468782 -56.9370 3.421058 57.348
F 2.818382931e+02 224 47 2.430120 -57.7262 3.421058 57.695
F 2.884031503e+02 227 49 0.274094 -52.9710 3.421058 59.229
F 2.951209227e+02 232 50 -0.002032 -54.0133 3.421058 59.229
F 3.019951720e+02 238 51 0.598945 -55.1991 3.421058 59.229
F 3.090295433e+02 246 53 3.074162 -50.7930 3.421058 59.229
S 3.162277660e+02 249 54 194 3.421058 0.420692 1.038492 -0.250000 12.732395 2.546930e+02 2.875156 4 1.490083e-02 8.416633e-05 0 0 8.417341e-05 0 0 59.229 -52.244 249 0 0 0 0.0 3.421058
F 3.162277660e+02 249 54 0.420692 -52.2442 3.421058 59.229
P        316 250 54 3.42 59.2 4 -52.5
F 3.235936569e+02 257 54 2.635534 -56.7269 3.421058 59.229
F 3.311311215e+02 261 54 0.715624 -64.2644 3.421058 64.150
F 3.388441561e+02 269 56 2.657820 -60.0772 3.421058 64.269
F 3.467368505e+02 273 56 0.458913 -67.9699 3.421058 65.180
F 3.548133892e+02 279 58 0.115614 -64.3332 3.421058 65.180
F 3.630780548e+02 286 60 0.624561 -60.8307 3.421058 65.283
F 3.715352291e+02 294 61 1.982312 -63.3867 3.421058 65.283
F 3.801893963e+02 299 63 0.185345 -60.1802 3.421058 65.383
F 3.890451450e+02 306 65 0.230056 -57.1285 3.421058 65.383
F 3.981071706e+02 313 65 0.112758 -66.1905 3.421058 65.383
F 4.073802778e+02 323 67 2.829676 -63.4783 3.421058 65.383
F 4.168693835e+02 328 67 0.376950 -72.9674 3.421058 70.098
F 4.265795188e+02 337 68 1.750628 -76.6368 3.421058 76.107
F 4.365158322e+02 344 71 0.946665 -68.3731 3.421058 76.107
F 4.466835922e+02 354 72 2.960925 -72.1793 3.421058 76.107
F 4.570881896e+02 359 73 -0.210826 -76.4617 3.421058 78.924
F 4.677351413e+02 368 76 0.427077 -68.7005 3.421058 78.924
F 4.786300923e+02 377 78 0.870203 -67.2663 3.421058 78.924
F 4.897788194e+02 387 79 2.114013 -72.2385 3.421058 78.924
F 5.011872336e+02 394 81 0.153865 -71.2365 3.421058 78.924
F 5.128613840e+02 403 83 -0.014991 -70.4594 3.421058 78.924
F 5.248074602e+02 413 84 0.602583 -76.1649 3.462821 78.924
F 5.370317964e+02 424 84 2.001612 -85.2554 3.462821 84.730
F 5.495408739e+02 432 86 0.177005 -85.1606 3.462821 89.212
F 5.623413252e+02 443 88 1.123554 -85.3294 3.462821 89.212
F 5.754399373e+02 454 91 1.835928 -79.4066 3.462821 89.212
F 5.888436554e+02 465 92 2.308673 -86.1568 3.462821 90.096
F 6.025595861e+02 474 96 0.536206 -74.2974 3.462821 90.132
F 6.165950019e+02 486 98 1.512816 -75.5041 3.462821 90.132
F 6.309573445e+02 497 99 1.232659 -83.4283 3.462821 90.132
F 6.456542290e+02 508 100 0.689752 -91.6730 3.462821 90.132
F 6.606934480e+02 520 104 0.877978 -80.8041 3.462821 90.132
F 6.760829754e+02 533 106 1.791071 -83.1836 3.462821 90.132
R 6.768881157e+02 4.158715 536 106 6.723155e+02
R 6.769867383e+02 5.081257 537 106 6.723155e+02
F 6.918309709e+02 544 106 0.422624 -98.9316 5.081257 98.069
F 7.079457844e+02 558 108 1.766079 -101.9507 5.081257 101.286
F 7.244359601e+02 570 112 0.814726 -92.1378 5.081257 102.373
F 7.413102413e+02 583 114 0.561696 -95.8167 5.081257 102.373
F 7.585775750e+02 597 116 0.999964 -99.8627 5.081257 102.373
F 7.762471166e+02 613 121 3.122338 -84.0350 5.081257 102.373
F 7.943282347e+02 625 123 0.921461 -88.7815 5.081257 102.373
F 8.128305162e+02 640 124 1.389804 -100.5964 5.081257 102.373
F 8.317637711e+02 655 127 1.519660 -99.3863 5.081257 106.381
F 8.511380382e+02 669 129 0.303146 -105.2914 5.081257 107.079
F 8.709635900e+02 685 131 0.732194 -108.2406 5.081257 107.079
F 8.912509381e+02 703 134 2.798548 -108.1916 5.081257 110.675
F 9.120108394e+02 717 137 0.493760 -108.5210 5.834573 120.965
F 9.332543008e+02 734 139 0.809184 -116.1173 5.834573 120.965
F 9.549925860e+02 752 144 1.735975 -103.6157 5.834573 120.965
F 9.772372210e+02 768 147 0.265080 -105.2382 5.834573 120.965
S 1.000000000e+03 787 151 635 5.834573 1.387235 1.129127 -0.250000 29.284510 5.131606e+02 3.462821 4 1.711590e-03 1.949034e-06 0 0 3.016321e-06 0 0 120.965 -100.408 787 0 0 0 0.0 5.834573
F 1.000000000e+03 787 151 1.387235 -100.4078 5.834573 120.965
P      1e+03 788 151 5.83 121.0 4 -101.1
F 1.023292992e+03 808 154 4.092961 -102.6659 5.834573 120.965
F 1.047128548e+03 824 156 1.372560 -112.6008 5.834573 120.965
F 1.071519305e+03 843 157 1.216104 -130.0178 5.834573 130.923
F 1.096478196e+03 863 162 1.613437 -120.0320 5.834573 131.597
F 1.122018454e+03 883 166 1.554165 -117.5182 5.834573 131.597
F 1.148153621e+03 903 169 1.027653 -122.5426 5.834573 131.597
F 1.174897555e+03 925 171 2.023016 -135.1864 5.834573 132.199
F 1.202264435e+03 946 176 1.529119 -123.6017 5.834573 141.295
F 1.230268771e+03 967 180 0.534565 -123.1792 5.834573 141.295
F 1.258925412e+03 990 183 1.027692 -130.4587 5.834573 141.295
F 1.288249552e+03 1012 189 -0.003434 -116.8948 5.834573 141.295
F 1.318256739e+03 1039 191 3.428977 -132.5657 5.834573 141.295
R 1.347847281e+03 6.188619 1065 194 1.342040e+03
F 1.348962883e+03 1066 194 6.312428 -141.4011 6.983008 144.996
F 1.380384265e+03 1086 197 1.634132 -151.1584 6.983008 154.863
F 1.412537545e+03 1111 202 1.381005 -147.1038 6.983008 157.525
F 1.445439771e+03 1137 208 1.539657 -136.4203 6.983008 157.525
F 1.479108388e+03 1163 212 1.096387 -137.2895 6.983008 157.525
F 1.513561248e+03 1190 215 1.037173 -149.8131 6.983008 157.525
F 1.548816619e+03 1217 216 0.347670 -175.3016 6.983008 171.426
F 1.584893192e+03 1246 223 1.013196 -159.9082 6.983008 171.426
F 1.621810097e+03 1275 230 1.018726 -145.1660 6.983008 171.426
F 1.659586907e+03 1304 235 0.348889 -145.9338 6.983008 171.426
F 1.698243652e+03 1334 239 -0.012047 -154.8949 6.983008 171.426
F 1.737800829e+03 1369 240 3.919819 -187.0146 6.983008 186.837
F 1.778279410e+03 1402 246 5.128016 -182.3868 6.983008 193.512
F 1.819700859e+03 1431 254 1.595686 -163.8465 6.983008 193.512
F 1.862087137e+03 1464 259 1.305581 -168.6498 6.983008 193.512
F 1.905460718e+03 1500 267 3.240050 -151.7026 6.983008 193.512
F 1.949844600e+03 1532 270 0.381031 -173.3843 6.983008 193.512
F 1.995262315e+03 1568 274 0.710040 -184.6751 6.983008 193.512
F 2.041737945e+03 1604 279 0.208166 -193.0994 6.983008 198.526
F 2.089296131e+03 1641 286 -0.143946 -187.2502 6.983008 198.526
F 2.137962090e+03 1681 293 1.633900 -182.3491 6.983008 198.526
F 2.187761624e+03 1719 300 0.521437 -178.3872 6.983008 198.526
F 2.238721139e+03 1760 304 1.497928 -198.5276 6.983008 208.065
F 2.290867653e+03 1801 307 1.542151 -227.4772 6.983008 233.839
F 2.344228815e+03 1845 317 3.632392 -203.1239 6.983008 233.839
F 2.398832919e+03 1887 327 2.746429 -180.0168 6.983008 233.839
F 2.454708916e+03 1929 334 0.861524 -181.3367 6.983008 233.839
F 2.511886432e+03 1977 338 3.954408 -203.3632 6.983008 233.839
F 2.570395783e+03 2020 345 1.001271 -206.9967 6.983008 233.839
F 2.630267992e+03 2066 350 -0.022252 -227.5228 6.983008 238.704
F 2.691534804e+03 2115 360 0.858906 -209.9158 6.983008 238.704
F 2.754228703e+03 2164 368 0.619233 -209.3409 6.983008 238.704
F 2.818382931e+03 2216 374 2.232620 -223.2704 6.983008 238.704
F 2.884031503e+03 2266 381 0.672352 -233.2499 6.983008 238.704
F 2.951209227e+03 2319 388 0.911092 -244.5721 6.983008 254.716
F 3.019951720e+03 2374 400 1.920863 -217.2587 6.983008 262.010
F 3.090295433e+03 2430 409 2.673041 -215.1147 6.983008 262.010
S 3.162277660e+03 2487 420 2066 6.983008 3.138332 1.554412 -0.250000 57.295780 2.547797e+03 5.893228 5 4.581392e-05 2.049057e-08 0 0 2.049057e-08 0 0 262.010 -198.578 2487 0 0 0 0.0 6.983008
F 3.162277660e+03 2487 420 3.138332 -198.5784 6.983008 262.010
P   3.16e+03 2488 420 6.98 262.0 5 -199.8
F 3.235936569e+03 2542 426 0.286760 -223.8105 6.983008 262.010
F 3.311311215e+03 2606 430 5.087652 -262.7972 6.983008 262.408
F 3.388441561e+03 2662 439 0.509619 -266.8722 6.983008 281.501
F 3.467368505e+03 2724 450 0.520543 -252.1785 6.983008 281.501
F 3.548133892e+03 2788 461 1.087556 -243.1488 6.983008 281.501
F 3.630780548e+03 2853 471 1.177024 -243.9279 6.983008 281.501
F 3.715352291e+03 2920 479 1.754532 -262.8415 6.983008 281.501
F 3.801893963e+03 2986 489 -0.215138 -267.0774 6.983008 281.501
F 3.890451450e+03 3056 499 0.231975 -273.0936 6.983008 282.331
F 3.981071706e+03 3128 514 1.058992 -239.5442 6.983008 282.331
F 4.073802778e+03 3202 525 2.228178 -240.6987 6.983008 282.331
F 4.168693835e+03 3279 533 4.700917 -269.0214 6.983008 282.331
F 4.265795188e+03 3353 540 2.437692 -303.5139 6.983008 301.139
F 4.365158322e+03 3431 547 2.398069 -344.2922 6.983008 347.791
F 4.466835922e+03 3509 564 0.540669 -303.3163 6.983008 347.791
F 4.570881896e+03 3591 579 0.823152 -281.1190 6.983008 347.791
F 4.677351413e+03 3676 594 2.202189 -260.9749 6.983008 347.791
F 4.786300923e+03 3760 603 0.633444 -293.7548 6.983008 347.791
F 4.897788194e+03 3849 615 2.071546 -303.4304 6.983008 347.791
F 5.011872336e+03 3938 627 1.470070 -315.4348 6.983008 347.791
F 5.128613840e+03 4028 641 -0.218492 -312.7354 6.983008 347.791
F 5.248074602e+03 4123 658 0.957244 -286.7744 6.983008 347.791
F 5.370317964e+03 4220 668 1.947533 -318.7135 6.983008 347.791
F 5.495408739e+03 4322 676 5.701468 -375.0231 6.983008 374.312
F 5.623413252e+03 4417 688 0.166958 -399.5781 6.983008 396.674
F 5.754399373e+03 4523 709 3.290699 -341.7797 6.983008 396.674
F 5.888436554e+03 4626 727 1.018144 -319.7475 6.983008 396.674
F 6.025595861e+03 4734 744 1.293476 -309.1338 6.983008 396.674
F 6.165950019e+03 4845 759 2.059578 -318.7421 6.983008 396.674
F 6.309573445e+03 4956 772 0.258003 -348.7460 6.983008 396.674
F 6.456542290e+03 5072 787 0.828941 -364.3026 6.983008 396.674
F 6.606934480e+03 5190 801 0.711192 -391.7534 6.983008 396.674
F 6.760829754e+03 5310 823 -0.157874 -351.9001 6.983008 402.491
F 6.918309709e+03 5436 840 2.157659 -354.8236 6.983008 402.491
F 7.079457844e+03 5563 849 2.592210 -436.0020 6.983008 441.909
R 7.196059085e+03 7.013809 5659 862 7.188756e+03
F 7.244359601e+03 5692 863 2.078673 -476.6552 7.686049 476.010
F 7.413102413e+03 5823 890 0.548378 -400.6970 7.686049 476.010
F 7.585775750e+03 5961 915 2.931056 -350.2847 7.686049 476.010
F 7.762471166e+03 6099 932 2.154801 -374.9085 7.686049 476.010
F 7.943282347e+03 6239 950 0.146031 -394.2769 7.686049 476.010
R 8.035983651e+03 8.338597 6320 961 8.031640e+03
F 8.128305162e+03 6386 970 1.829453 -399.4522 8.338597 476.010
F 8.317637711e+03 6534 991 1.128016 -399.4108 8.338597 476.010
F 8.511380382e+03 6686 1006 0.962878 -457.5883 8.338597 476.010
F 8.709635900e+03 6841 1027 0.253359 -461.0414 8.338597 489.303
F 8.912509381e+03 7001 1048 0.916899 -473.2248 8.338597 489.303
F 9.120108394e+03 7165 1071 1.869016 -471.4026 8.338597 489.303
F 9.332543008e+03 7332 1089 2.023260 -514.6288 8.338597 541.396
F 9.549925860e+03 7502 1119 1.291167 -457.4184 8.338597 541.396
F 9.772372210e+03 7676 1149 0.582213 -404.5660 8.338597 541.396
S 1.000000000e+04 7856 1171 6684 8.338597 1.803764 1.639052 -0.250000 77.667612 8.132226e+03 4.947845 7 7.962189e-05 2.049057e-08 0 0 2.049910e-08 0 0 541.396 -429.780 7856 0 0 0 0.0 8.338597
F 1.000000000e+04 7856 1171 1.803764 -429.7805 8.338597 541.396
P      1e+04 7857 1171 8.34 541.4 7 -429.9
F 1.023292992e+04 8041 1190 3.861031 -487.5173 8.338597 541.396
F 1.047128548e+04 8226 1214 1.657013 -504.0563 8.338597 541.396
F 1.071519305e+04 8418 1241 2.092454 -497.7189 8.342685 541.396
F 1.096478196e+04 8614 1264 2.065784 -533.5761 8.342685 560.855
F 1.122018454e+04 8814 1291 1.473065 -537.4911 8.342685 564.323
F 1.148153621e+04 9019 1323 1.207942 -495.3702 8.342685 564.323
F 1.174897555e+04 9228 1343 0.161580 -570.9210 8.342685 572.979
F 1.202264435e+04 9444 1373 1.222609 -563.1215 8.342685 584.881
F 1.230268771e+04 9664 1406 1.277067 -529.3094 8.342685 602.527
F 1.258925412e+04 9892 1442 4.208335 -471.6826 8.342685 602.527
F 1.288249552e+04 10118 1466 -0.102921 -538.0747 8.342685 602.527
F 1.318256739e+04 10355 1499 1.221185 -525.4369 8.342685 602.527
R 1.329340431e+04 9.170068 10450 1510 1.328503e+04
R 1.329451769e+04 10.295618 10452 1510 1.328503e+04
R 1.329461839e+04 11.216534 10453 1510 1.328503e+04
R 1.329481354e+04 12.063259 10454 1510 1.328503e+04
F 1.348962883e+04 10597 1524 2.055693 -595.0255 12.063259 615.958
F 1.380384265e+04 10842 1550 0.272736 -661.7837 12.063259 670.480
F 1.412537545e+04 11097 1585 2.741465 -649.3069 12.063259 670.480
F 1.445439771e+04 11354 1623 1.327986 -609.9825 12.063259 686.812
F 1.479108388e+04 11620 1660 2.895283 -591.8115 12.063259 686.812
F 1.513561248e+04 11889 1692 1.303151 -623.8744 12.063259 686.812
F 1.548816619e+04 12166 1725 1.408119 -658.4484 12.063259 686.812
F 1.584893192e+04 12451 1768 3.063373 -603.8982 12.063259 686.812
F 1.621810097e+04 12738 1804 0.118680 -624.2291 12.063259 686.812
F 1.659586907e+04 13039 1844 4.420307 -613.8155 12.063259 686.812
F 1.698243652e+04 13339 1876 0.810942 -684.2126 12.063259 705.701
F 1.737800829e+04 13652 1919 3.129606 -660.4598 12.063259 718.177
R 1.752668413e+04 13.359873 13779 1926 1.751346e+04
F 1.778279410e+04 13968 1952 1.211572 -740.1891 13.359873 778.525
F 1.819700859e+04 14293 1994 0.888275 -742.8953 13.359873 789.703
F 1.862087137e+04 14628 2041 2.987226 -705.1871 13.359873 789.703
F 1.905460718e+04 14966 2091 0.331915 -646.7426 13.359873 789.703
F 1.949844600e+04 15316 2131 1.741723 -695.8208 13.514989 789.703
F 1.995262315e+04 15671 2173 0.031821 -729.6185 13.514989 791.036
F 2.041737945e+04 16038 2220 2.013079 -723.5703 13.514989 791.036
F 2.089296131e+04 16413 2265 3.491959 -752.1430 13.514989 791.036
F 2.137962090e+04 16792 2314 0.270413 -750.5441 13.514989 791.088
F 2.187761624e+04 17189 2358 6.145784 -804.3900 13.514989 804.049
F 2.238721139e+04 17585 2409 1.910692 -803.7361 13.514989 838.695
F 2.290867653e+04 17996 2455 3.352927 -863.9325 13.514989 876.477
F 2.344228815e+04 18412 2508 0.255337 -864.7915 13.514989 948.049
F 2.398832919e+04 18843 2570 2.395709 -786.2529 13.514989 948.049
F 2.454708916e+04 19283 2629 3.546658 -744.2385 13.514989 948.049
F 2.511886432e+04 19729 2681 0.475498 -789.8019 13.514989 948.049
F 2.570395783e+04 20190 2730 1.944128 -874.4058 13.514989 964.888
F 2.630267992e+04 20659 2794 0.708897 -817.3960 13.514989 964.888
F 2.691534804e+04 21141 2847 1.520481 -890.0142 13.514989 975.081
F 2.754228703e+04 21633 2901 1.123746 -965.6622 13.514989 975.081
F 2.818382931e+04 22137 2970 1.257619 -900.7237 13.514989 977.279
F 2.884031503e+04 22654 3027 2.654941 -972.5108 13.514989 987.824
F 2.951209227e+04 23181 3090 2.042334 -991.4625 13.514989 1063.651
F 3.019951720e+04 23721 3155 2.140051 -1009.1340 13.514989 1063.651
F 3.090295433e+04 24272 3236 0.661828 -876.0513 13.514989 1063.651
S 3.162277660e+04 24837 3300 21536 13.514989 0.314734 1.871296 -0.250000 162.974662 2.513379e+04 10.238289 6 9.637037e-05 3.329317e-09 0 0 3.329317e-09 0 0 1063.651 -928.326 18205 7855 2129 0 0.0 13.514989
F 3.162277660e+04 24837 3300 0.314734 -928.3257 13.514989 1063.651
P   3.16e+04 24838 3300 13.51 1063.7 7 -929.0
F 3.235936569e+04 25419 3364 3.799014 -1001.2104 13.514989 1063.651
F 3.311311215e+04 26008 3431 0.807933 -1058.4833 13.514989 1063.651
F 3.388441561e+04 26614 3509 1.027607 -1011.8013 13.514989 1155.924
F 3.467368505e+04 27236 3585 3.136845 -1002.2127 13.514989 1155.924
F 3.548133892e+04 27868 3662 0.806973 -1003.8906 13.514989 1156.371
F 3.630780548e+04 28517 3731 0.701660 -1106.6356 13.514989 1166.260
F 3.715352291e+04 29181 3816 0.476741 -1058.6570 13.514989 1166.260
F 3.801893963e+04 29861 3886 0.780037 -1181.3923 13.514989 1186.843
F 3.890451450e+04 30557 3983 1.251162 -1042.7992 13.514989 1236.072
F 3.981071706e+04 31269 4066 1.521339 -1068.0723 13.514989 1236.072
F 4.073802778e+04 31996 4166 0.213199 -935.0097 13.514989 1236.072
F 4.168693835e+04 32741 4237 -0.059417 -1125.7853 13.514989 1236.072
F 4.265795188e+04 33506 4316 2.308337 -1250.2251 13.514989 1280.035
F 4.365158322e+04 34285 4397 0.912105 -1379.5066 13.514989 1381.508
F 4.466835922e+04 35083 4506 0.338109 -1230.4586 13.514989 1415.912
F 4.570881896e+04 35900 4600 0.162935 -1258.0396 13.514989 1415.912
F 4.677351413e+04 36738 4712 1.953306 -1119.5745 13.514989 1415.912
F 4.786300923e+04 37593 4800 1.265852 -1261.6363 13.514989 1415.912
F 4.897788194e+04 38470 4901 2.646878 -1286.7221 13.514989 1415.912
F 5.011872336e+04 39365 5004 1.632117 -1308.6091 13.514989 1415.912
F 5.128613840e+04 40281 5120 0.746492 -1213.8749 13.514989 1415.912
F 5.248074602e+04 41221 5228 2.503856 -1235.9462 13.514989 1415.912
F 5.370317964e+04 42182 5333 3.406743 -1316.0600 13.514989 1415.912
F 5.495408739e+04 43161 5436 -0.053906 -1432.9837 13.514989 1484.893
F 5.623413252e+04 44169 5542 2.600997 -1551.2502 13.514989 1624.167
F 5.754399373e+04 45196 5648 0.838405 -1695.1264 13.514989 1735.600
F 5.888436554e+04 46250 5798 2.112854 -1389.8469 13.514989 1735.600
F 6.025595861e+04 47325 5928 -0.133826 -1326.6190 13.514989 1735.600
F 6.165950019e+04 48432 6049 4.527196 -1397.0075 13.514989 1735.600
F 6.309573445e+04 49556 6169 0.511444 -1508.2224 13.514989 1735.600
F 6.456542290e+04 50712 6295 2.220831 -1583.6757 13.514989 1735.600
F 6.606934480e+04 51894 6438 3.043335 -1496.5978 13.514989 1735.600
F 6.760829754e+04 53100 6575 0.352680 -1513.5340 13.514989 1735.600
F 6.918309709e+04 54340 6706 3.508004 -1629.9792 13.514989 1735.600
F 7.079457844e+04 55604 6847 1.853514 -1668.5109 13.514989 1735.600
F 7.244359601e+04 56898 6988 0.718144 -1735.5584 13.514989 1868.889
F 7.413102413e+04 58224 7130 1.415196 -1826.5529 13.514989 1966.689
F 7.585775750e+04 59581 7297 2.241976 -1678.5388 13.514989 1966.689
F 7.762471166e+04 60970 7475 3.479424 -1437.8778 13.514989 1966.689
F 7.943282347e+04 62390 7620 3.391729 -1611.6888 13.514989 1966.689
F 8.128305162e+04 63841 7768 1.225943 -1790.3825 13.514989 1966.689
F 8.317637711e+04 65328 7939 1.211578 -1737.0573 13.514989 1966.689
F 8.511380382e+04 66854 8095 5.560198 -1899.3413 13.514989 2037.961
F 8.709635900e+04 68407 8278 1.465004 -1802.4389 13.514989 2037.961
F 8.912509381e+04 70000 8449 1.100405 -1874.6652 13.514989 2037.961
F 9.120108394e+04 71632 8625 2.621575 -1942.6424 13.514989 2037.961
F 9.332543008e+04 73298 8797 0.164015 -2094.9633 13.514989 2124.372
F 9.549925860e+04 75006 8987 0.843086 -2086.4339 13.514989 2255.834
F 9.772372210e+04 76752 9187 -0.246456 -2015.2319 13.514989 2255.834
S 1.000000000e+05 78541 9431 69109 13.514989 0.969058 2.064464 -0.250000 160.428183 3.303425e+04 7.622170 7 1.365345e-04 3.329317e-09 0 0 1.470425e-09 0 0 2255.834 -1479.297 39040 7855 8260 0 0.0 12.721412
F 1.000000000e+05 78541 9431 0.969058 -1479.2969 13.514989 2255.834
P      1e+05 78542 9431 13.51 2255.8 7 -1479.4
F 1.023292992e+05 80373 9603 3.541723 -1823.5591 13.514989 2255.834
F 1.047128548e+05 82247 9785 5.501550 -2105.4707 13.514989 2255.834
F 1.071519305e+05 84160 9975 2.855960 -2346.2488 13.514989 2341.635
F 1.096478196e+05 86118 10202 0.589253 -2210.3616 13.514989 2400.550
F 1.122018454e+05 88131 10422 7.662067 -2196.7183 13.514989 2400.550
F 1.148153621e+05 90178 10653 2.010836 -2121.5813 13.665314 2400.550
F 1.174897555e+05 92278 10864 1.547215 -2335.3310 13.665314 2400.550
F 1.202264435e+05 94426 11089 0.157512 -2442.8869 13.692762 2451.192
F 1.230268771e+05 96626 11326 0.702090 -2458.6935 13.692762 2515.273
F 1.258925412e+05 98877 11590 1.014770 -2221.2963 13.692762 2579.009
R 1.282416521e+05 14.027364 100735 11806 1.281873e+05
F 1.288249552e+05 101179 11857 -0.097792 -2009.3576 14.027364 2579.009
F 1.318256739e+05 103537 12114 1.143263 -1977.3926 14.027364 2579.009
F 1.348962883e+05 105955 12319 7.488350 -2623.0463 14.027364 2621.821
F 1.380384265e+05 108418 12574 2.658778 -2750.2003 14.027364 2838.835
F 1.412537545e+05 110946 12843 5.346070 -2772.8414 14.027364 2895.590
F 1.445439771e+05 113526 13146 1.211274 -2460.4560 14.027364 2895.590
F 1.479108388e+05 116173 13438 3.884245 -2348.0905 14.027364 2895.590
F 1.513561248e+05 118877 13717 1.962927 -2462.9026 14.027364 2895.590
F 1.548816619e+05 121646 13989 2.012605 -2741.0609 14.027364 2895.590
F 1.584893192e+05 124478 14294 0.565144 -2700.2203 14.027364 2983.380
F 1.621810097e+05 127379 14599 2.118214 -2724.4782 14.027364 2983.380
F 1.659586907e+05 130344 14947 0.134488 -2323.4720 14.027364 2983.380
F 1.698243652e+05 133381 15260 1.040834 -2423.3657 14.027364 2983.380
F 1.737800829e+05 136488 15550 1.227473 -2883.4960 14.027364 2983.380
F 1.778279410e+05 139670 15845 4.047133 -3362.5520 14.027364 3387.874
F 1.819700859e+05 142920 16182 0.814170 -3427.1763 14.027364 3466.207
R 1.855559498e+05 15.483214 145751 16498 1.855021e+05
F 1.862087137e+05 146250 16561 1.803676 -3059.1468 15.483214 3466.207
F 1.905460718e+05 149655 16946 0.250567 -2710.1189 15.483214 3466.207
F 1.949844600e+05 153145 17320 4.348642 -2590.6263 15.483214 3466.207
F 1.995262315e+05 156711 17663 3.249631 -2950.2963 15.483214 3466.207
F 2.041737945e+05 160359 18009 1.062210 -3364.8283 15.483214 3505.597
F 2.089296131e+05 164093 18418 -0.148998 -3109.1514 15.483214 3505.597
F 2.137962090e+05 167917 18818 1.635547 -3059.0700 15.483214 3505.597
F 2.187761624e+05 171828 19227 1.389258 -3008.8703 15.483214 3505.597
F 2.238721139e+05 175831 19609 2.038339 -3403.3116 15.483214 3505.597
R 2.253195983e+05 16.186690 176982 19709 2.252820e+05
R 2.253205680e+05 17.425094 176984 19709 2.252820e+05
F 2.290867653e+05 179926 20005 1.460691 -3722.8062 17.673720 3726.687
F 2.344228815e+05 184117 20427 1.484785 -3839.5456 17.673720 3971.494
F 2.398832919e+05 188404 20881 -0.111491 -3680.9484 17.673720 4017.903
F 2.454708916e+05 192796 21371 3.397993 -3186.8296 17.673720 4017.903
F 2.511886432e+05 197285 21837 1.686401 -3109.7306 17.673720 4017.903
F 2.570395783e+05 201882 22282 3.372699 -3409.7873 17.673720 4017.903
F 2.630267992e+05 206581 22730 0.020390 -3810.8850 17.673720 4017.903
F 2.691534804e+05 211396 23215 3.136226 -3872.7839 17.673720 4135.996
F 2.754228703e+05 216318 23731 1.168880 -3680.8332 17.673720 4135.996
F 2.818382931e+05 221358 24239 2.507602 -3724.2394 17.673720 4135.996
F 2.884031503e+05 226516 24733 4.480825 -4084.2233 17.673720 4181.060
F 2.951209227e+05 231793 25264 5.354756 -4113.5854 17.673720 4434.642
F 3.019951720e+05 237191 25789 4.331923 -4363.0124 17.673720 4434.642
F 3.090295433e+05 242712 26384 0.549693 -3869.7360 17.673720 4528.577
S 3.162277660e+05 248365 26984 221380 17.673720 0.078753 2.317902 -0.250000 254.647909 2.800593e+05 10.422603 7 8.840817e-06 3.037361e-11 0 0 3.037361e-11 0 0 4528.577 -3475.715 66189 7855 25813 0 0.0 17.673720
F 3.162277660e+05 248365 26984 0.078753 -3475.7152 17.673720 4528.577
P   3.16e+05 248366 26985 17.67 4528.6 7 -3463.5
F 3.235936569e+05 254151 27559 0.921559 -3540.4337 17.673720 4528.577
F 3.311311215e+05 260073 28109 3.010742 -4087.4563 17.673720 4528.577
F 3.388441561e+05 266130 28681 2.207488 -4523.2522 17.673720 4576.631
R 3.407391805e+05 18.858828 267635 28812 3.406960e+05
R 3.407411882e+05 19.281988 267637 28812 3.406960e+05
F 3.467368505e+05 272328 29303 1.299871 -4481.9218 19.281988 4906.630
F 3.548133892e+05 278675 29948 5.001145 -4316.6223 19.281988 4906.630
F 3.630780548e+05 285162 30572 0.948012 -4580.9922 19.281988 4906.630
F 3.715352291e+05 291805 31237 1.698828 -4510.4741 19.281988 4956.370
F 3.801893963e+05 298603 31881 2.731785 -4891.1352 19.281988 5042.193
F 3.890451450e+05 305559 32570 3.443041 -4882.1243 19.281988 5106.427
F 3.981071706e+05 312676 33267 3.144810 -4958.4014 19.281988 5106.427
F 4.073802778e+05 319958 34037 2.063406 -4287.4807 19.281988 5110.513
F 4.168693835e+05 327410 34818 1.337244 -3678.6816 19.281988 5110.513
F 4.265795188e+05 335035 35478 0.014788 -4816.3636 19.281988 5110.513
F 4.365158322e+05 342844 36166 5.052463 -5819.5680 19.281988 5884.592
F 4.466835922e+05 350826 36966 1.312503 -5582.3600 19.281988 5947.367
F 4.570881896e+05 358999 37809 2.560764 -5003.3990 19.329635 5947.367
F 4.677351413e+05 367361 38627 2.464475 -4980.0202 19.329635 5947.367
F 4.786300923e+05 375918 39431 2.589941 -5368.9684 19.329635 5947.367
F 4.897788194e+05 384674 40274 2.400195 -5476.0816 19.329635 5947.367
F 5.011872336e+05 393632 41115 0.252589 -5849.8759 19.329635 5947.367
F 5.128613840e+05 402804 42033 3.396334 -5452.0782 19.329635 5947.367
F 5.248074602e+05 412184 42948 0.969981 -5344.2157 19.401893 5947.367
F 5.370317964e+05 421785 43897 0.998843 -5052.3399 19.401893 5947.367
F 5.495408739e+05 431611 44819 2.392359 -5376.7240 19.401893 5947.367
F 5.623413252e+05 441664 45703 1.941391 -6469.5081 19.401893 6790.347
F 5.754399373e+05 451952 46656 2.315468 -6935.1138 19.401893 7143.595
F 5.888436554e+05 462479 47725 2.059954 -6135.6359 19.401893 7143.595
F 6.025595861e+05 473251 48785 1.593158 -5736.1303 19.401893 7143.595
F 6.165950019e+05 484276 49862 3.203376 -5418.1684 19.401893 7143.595
F 6.309573445e+05 495554 50875 1.045861 -6252.0190 19.401893 7143.595
F 6.456542290e+05 507096 51968 0.139725 -6332.4036 19.401893 7143.595
F 6.606934480e+05 518913 53069 5.364764 -6629.8058 19.401893 7143.595
F 6.760829754e+05 530997 54242 2.458221 -6273.4618 19.401893 7143.595
R 6.846348685e+05 20.817062 537732 54882 6.844682e+05
R 6.846348727e+05 21.813746 537733 54882 6.844682e+05
R 6.846383220e+05 22.104692 537736 54882 6.844682e+05
F 6.918309709e+05 543364 55411 1.011457 -6308.6311 22.568562 7143.595
F 7.079457844e+05 556021 56547 1.466558 -7128.1309 22.568562 7189.463
F 7.244359601e+05 568972 57745 1.112856 -7460.6195 22.568562 7575.590
F 7.413102413e+05 582225 59010 1.083373 -7233.7331 22.568562 8224.108
F 7.585775750e+05 595786 60298 0.351176 -7077.1323 22.568562 8224.108
F 7.762471166e+05 609667 61580 3.725655 -7361.6522 22.568562 8224.108
F 7.943282347e+05 623864 62964 -0.151289 -6650.3197 22.568562 8224.108
F 8.128305162e+05 638397 64321 1.190849 -6696.9780 22.568562 8224.108
F 8.317637711e+05 653266 65662 0.047194 -7345.0041 22.568562 8224.108
F 8.511380382e+05 668484 67047 1.533396 -7816.8754 22.568562 8224.108
F 8.709635900e+05 684062 68534 8.581461 -7314.4669 22.568562 8224.108
F 8.912509381e+05 699989 69988 1.935462 -7673.4643 22.568562 8224.108
F 9.120108394e+05 716295 71449 3.147169 -8386.5617 22.568562 8466.473
F 9.332543008e+05 732978 72938 1.571569 -9172.3588 22.568562 9365.224
F 9.549925860e+05 750050 74547 0.362279 -8760.5031 22.568562 9365.224
F 9.772372210e+05 767524 76239 3.466856 -7680.5442 22.568562 9365.224
S 1.000000000e+06 785402 77877 707524 22.568562 3.622001 2.506234 -0.250000 295.391574 7.852973e+05 12.302198 9 7.868652e-06 1.095247e-11 0 0 7.548997e-12 0 0 9365.224 -7811.352 85287 7855 76706 0 0.0 22.568562
F 1.000000000e+06 785402 77877 3.622001 -7811.3518 22.568562 9365.224
M 1.000000000e+06 785402 3.622001 /private/tmp/rh-s40-free-greedy/var_pi4_th0.25_1e8.mom.1.000000e+06
P      1e+06 785403 77877 22.57 9365.2 9 -7813.7
R 1.020895304e+06 23.488627 801833 79344 1.020817e+06
F 1.023292992e+06 803695 79541 2.348643 -8089.3940 23.488627 9365.224
F 1.047128548e+06 822417 81233 3.946918 -8477.7508 23.488627 9365.224
F 1.071519305e+06 841570 82944 0.491020 -9132.0054 23.488627 9365.224
F 1.096478196e+06 861177 84714 4.823942 -9480.5348 23.488627 9903.907
F 1.122018454e+06 881232 86580 0.552091 -9047.7511 23.488627 9903.907
F 1.148153621e+06 901760 88474 2.039776 -8769.8125 23.488627 9903.907
F 1.174897555e+06 922764 90324 1.403569 -9657.0790 23.488627 10061.449
F 1.202264435e+06 944260 92264 3.506532 -9872.5079 23.488627 10460.574
F 1.230268771e+06 966251 94250 -0.047683 -10038.6049 23.488627 10826.087
F 1.258925412e+06 988761 96357 3.079121 -9104.1566 23.488627 10826.087
F 1.288249552e+06 1011792 98496 2.953501 -8347.6349 23.488627 10826.087
F 1.318256739e+06 1035363 100595 6.364050 -8785.4439 23.488627 10826.087
F 1.348962883e+06 1059474 102701 0.814919 -9775.5591 23.488627 10826.087
F 1.380384265e+06 1084152 104841 0.519196 -10966.7259 23.488627 11137.460
F 1.412537545e+06 1109406 107079 1.392122 -11438.2650 23.488627 11959.473
F 1.445439771e+06 1135247 109468 1.044153 -10453.6907 23.488627 11959.473
F 1.479108388e+06 1161691 111861 1.773865 -10145.0852 23.488627 11959.473
F 1.513561248e+06 1188750 114242 1.560687 -10722.4392 23.488627 11959.473
F 1.548816619e+06 1216440 116656 2.057465 -11584.5110 23.488627 11959.473
F 1.584893192e+06 1244780 119233 7.582858 -10894.1157 23.488627 11959.473
F 1.621810097e+06 1273771 121815 4.113553 -10898.5205 23.488627 11982.948
F 1.659586907e+06 1303438 124471 1.276298 -10645.3540 23.488627 11982.948
F 1.698243652e+06 1333799 127159 1.339753 -10767.0566 23.488627 11982.948
F 1.737800829e+06 1364871 129895 5.206148 -11032.0567 23.488627 11982.948
F 1.778279410e+06 1396660 132544 2.402746 -13410.9897 23.488627 13766.211
F 1.819700859e+06 1429194 135400 4.073113 -13683.9487 23.488627 13947.157
F 1.862087137e+06 1462485 138389 4.968177 -12944.2497 23.488627 13947.157
F 1.905460718e+06 1496548 141492 2.437084 -11461.3785 23.488627 13947.157
F 1.949844600e+06 1531405 144571 0.417838 -11271.4968 23.488627 13947.157
F 1.995262315e+06 1567077 147627 1.427725 -12370.5370 23.488627 13947.157
F 2.041737945e+06 1603581 150755 3.553516 -13412.2872 23.488627 13947.157
F 2.089296131e+06 1640931 154025 1.441432 -13400.6768 23.488627 13947.157
F 2.137962090e+06 1679155 157447 3.286890 -12221.6402 23.488627 13947.157
F 2.187761624e+06 1718270 160783 5.823997 -13334.5656 23.488627 13947.157
F 2.238721139e+06 1758288 164203 0.314808 -14310.3156 23.488627 14515.709
F 2.290867653e+06 1799250 167718 6.538328 -15014.2418 23.488627 15470.550
F 2.344228815e+06 1841155 171303 1.779263 -15821.9848 23.488627 17301.608
F 2.398832919e+06 1884041 175056 1.816503 -15336.2716 23.488627 17301.608
F 2.454708916e+06 1927926 178944 1.911344 -14014.5608 23.488627 17301.608
F 2.511886432e+06 1972833 182898 1.795428 -12954.8564 23.488627 17301.608
F 2.570395783e+06 2018796 186852 11.658407 -13119.9825 23.488627 17301.608
F 2.630267992e+06 2065813 190778 5.135320 -14977.3994 23.488627 17301.608
F 2.691534804e+06 2113927 194857 0.293674 -15875.3139 23.488627 17301.608
F 2.754228703e+06 2163172 199151 5.620220 -14924.7763 23.488627 17301.608
F 2.818382931e+06 2213553 203498 0.007432 -14553.5819 23.488627 17301.608
F 2.884031503e+06 2265117 207794 3.739662 -16335.2821 23.488627 17301.608
F 2.951209227e+06 2317875 212107 0.478973 -19296.8476 23.488627 19417.603
F 3.019951720e+06 2371866 216807 1.250645 -17965.7023 23.488627 19705.201
F 3.090295433e+06 2427118 221663 5.428346 -15765.7007 23.488627 19850.876
S 3.162277660e+06 2483649 226480 2257168 23.488627 1.718949 2.690290 -0.250000 432.901445 2.539070e+06 15.243909 8 1.250881e-06 5.447979e-13 0 0 2.071831e-12 0 0 19850.876 -15692.579 89840 7855 225361 0 0.1 23.488627
F 3.162277660e+06 2483649 226480 1.718949 -15692.5795 23.488627 19850.876
P   3.16e+06 2483650 226480 23.49 19850.9 9 -15692.6
F 3.235936569e+06 2541502 231395 3.147002 -15691.0127 23.488627 19850.876
F 3.311311215e+06 2600700 236361 2.038837 -16547.7906 23.488627 19850.876
F 3.388441561e+06 2661280 241350 4.006301 -18700.2392 23.488627 19850.876
F 3.467368505e+06 2723267 246506 1.930122 -20027.3710 23.488627 20239.706
F 3.548133892e+06 2786700 252018 1.942869 -17693.1658 23.488627 20685.756
F 3.630780548e+06 2851609 257551 0.411535 -16796.6069 23.488627 20685.756
F 3.715352291e+06 2918036 263053 4.919694 -18196.6102 23.488627 20685.756
F 3.801893963e+06 2986005 268567 4.249265 -21236.5044 23.488627 21599.942
F 3.890451450e+06 3055555 274334 1.361826 -22323.6496 23.488627 23286.290
F 3.981071706e+06 3126728 280416 1.379517 -20575.0976 23.488627 23286.290
F 4.073802778e+06 3199558 286775 0.565481 -16578.9020 23.488627 23286.290
F 4.168693835e+06 3274086 292920 1.303856 -17842.7968 23.488627 23286.290
F 4.265795188e+06 3350349 299267 1.079301 -18084.8888 23.488627 23286.290
F 4.365158322e+06 3428389 305456 1.456045 -22880.2922 23.488627 23286.290
F 4.466835922e+06 3508250 311893 5.056447 -26038.8501 23.488627 26138.450
F 4.570881896e+06 3589968 318881 5.539056 -22979.8358 23.488627 26192.475
F 4.677351413e+06 3673584 326038 0.576164 -19589.0234 23.488627 26192.475
F 4.786300923e+06 3759161 333041 8.830829 -20873.4241 23.488627 26192.475
F 4.897788194e+06 3846721 340175 6.933369 -22539.7302 23.488627 26192.475
F 5.011872336e+06 3936318 347422 2.457307 -24876.1222 23.488627 26252.396
F 5.128613840e+06 4028006 355075 1.894755 -23463.7854 23.488627 26252.396
F 5.248074602e+06 4121832 362908 3.631224 -21789.7789 23.488627 26252.396
F 5.370317964e+06 4217844 370932 5.919846 -19720.3519 23.488627 26252.396
F 5.495408739e+06 4316093 378900 8.855002 -21227.0947 23.488627 26252.396
F 5.623413252e+06 4416624 386922 5.345328 -24597.1139 23.488627 26252.396
F 5.754399373e+06 4519495 395030 0.086097 -29431.4890 23.488627 30712.800
R 5.775229681e+06 24.000753 4535879 396473 5.775094e+06
R 5.775252130e+06 25.369301 4535898 396473 5.775094e+06
F 5.888436554e+06 4624769 403640 1.530953 -29320.0088 25.369301 30712.800
F 6.025595861e+06 4732495 412846 2.862995 -22842.0915 25.369301 30712.800
F 6.165950019e+06 4842728 421873 1.965178 -22125.7820 25.369301 30712.800
F 6.309573445e+06 4955531 430727 3.390029 -27213.8530 25.369301 30712.800
F 6.456542290e+06 5070964 440099 7.328662 -27289.6122 25.369301 30712.800
F 6.606934480e+06 5189077 449704 2.579059 -26941.3597 25.369301 30712.800
F 6.760829754e+06 5309949 459501 5.513627 -26875.1315 25.369301 30712.800
R 6.840274686e+06 26.610123 5372366 464801 6.840084e+06
F 6.918309709e+06 5433633 469581 5.045986 -25676.9620 26.610123 30712.800
F 7.079457844e+06 5560196 479764 2.596995 -26291.0082 26.610123 30712.800
F 7.244359601e+06 5689710 489987 3.059979 -29790.3674 26.610123 30712.800
F 7.413102413e+06 5822243 500371 5.765144 -34344.9072 26.610123 34447.086
F 7.585775750e+06 5957858 511445 3.443174 -31687.4004 26.610123 36895.370
F 7.762471166e+06 6096633 522814 2.187971 -28111.1522 26.610123 36895.370
F 7.943282347e+06 6238642 534361 2.418526 -25583.2603 26.610123 36895.370
F 8.128305162e+06 6383963 545878 6.839911 -27453.1303 26.610123 36895.370
F 8.317637711e+06 6532660 557381 2.403352 -33612.9670 26.610123 36895.370
F 8.511380382e+06 6684826 569579 3.265380 -32830.8427 26.610123 36895.370
F 8.709635900e+06 6840542 582052 9.746023 -31873.6528 26.610123 36895.370
F 8.912509381e+06 6999872 594864 3.286033 -29831.8206 26.610123 36895.370
F 9.120108394e+06 7162922 607732 5.403111 -31293.8438 26.610123 36895.370
F 9.332543008e+06 7329765 620674 2.647111 -36132.2717 26.610123 36895.370
F 9.549925860e+06 7500496 633989 1.554204 -39630.3836 26.610123 40099.296
F 9.772372210e+06 7675206 647925 2.599975 -37886.5398 26.610123 41787.321
S 1.000000000e+07 7853987 662533 7191453 26.610123 5.151424 2.891396 -0.250000 584.416951 9.020415e+06 23.590128 9 1.161155e-08 1.701978e-15 0 0 1.701978e-15 1 0 41787.321 -30186.931 90104 7855 661846 0 0.4 26.610123
F 1.000000000e+07 7853987 662533 5.151424 -30186.9312 26.610123 41787.321
M 1.000000000e+07 7853987 5.151424 /private/tmp/rh-s40-free-greedy/var_pi4_th0.25_1e8.mom.1.000000e+07
P      1e+07 7853988 662533 26.61 41787.3 9 -30191.8
F 1.023292992e+07 8036928 677018 3.417850 -29454.1854 26.610123 41787.321
F 1.047128548e+07 8224132 691553 3.400596 -33007.7673 26.610123 41787.321
F 1.071519305e+07 8415696 706385 2.841613 -36965.8216 26.610123 41787.321
F 1.096478196e+07 8611723 721766 3.170836 -37388.8658 26.610123 41862.531
F 1.122018454e+07 8812314 737425 1.452330 -38725.0489 26.610123 41862.531
F 1.148153621e+07 9017582 753659 4.329180 -36328.3143 26.610123 41862.531
F 1.174897555e+07 9227626 770280 1.967102 -33355.1836 26.610123 41862.531
F 1.202264435e+07 9442565 786651 1.996732 -40256.6116 26.610123 42347.192
F 1.230268771e+07 9662510 803474 1.454585 -45802.3800 26.610123 47152.743
F 1.258925412e+07 9887579 821156 1.722623 -43452.6957 26.610123 48547.304
F 1.288249552e+07 10117892 839487 3.466424 -36755.0556 26.610123 48547.304
F 1.318256739e+07 10353567 858010 2.571913 -33324.6043 26.610123 48547.304
F 1.348962883e+07 10594731 876442 1.080610 -37942.0572 26.610123 48547.304
F 1.380384265e+07 10841515 895066 2.123380 -46162.5038 26.610123 48547.304
F 1.412537545e+07 11094048 914475 3.852632 -48339.5466 26.610123 49024.829
F 1.445439771e+07 11352458 934581 0.372943 -46065.9932 26.610123 52709.230
F 1.479108388e+07 11616895 955100 4.670067 -44177.9410 26.610123 52709.230
F 1.513561248e+07 11887488 976144 5.538285 -41003.7321 26.610123 52709.230
F 1.548816619e+07 12164382 997325 4.506065 -43078.6999 26.610123 52709.230
F 1.584893192e+07 12447726 1018584 3.759997 -51575.2636 26.610123 53935.937
F 1.621810097e+07 12737672 1040876 5.066947 -50865.6035 26.610123 53935.937
F 1.659586907e+07 13034367 1063990 1.694399 -44591.5061 26.610123 53935.937
F 1.698243652e+07 13337988 1087497 13.328950 -40052.3937 26.610123 53935.937
R 1.703365753e+07 27.443833 13378231 1090508 1.703357e+07
F 1.737800829e+07 13648659 1111108 2.992895 -42255.0791 27.443833 53935.937
F 1.778279410e+07 13966574 1134811 -0.041123 -51592.9922 27.443833 53935.937
F 1.819700859e+07 14291899 1159089 1.662548 -60200.4648 27.443833 60897.379
F 1.862087137e+07 14624800 1184490 1.613188 -59107.9796 27.443833 60897.379
F 1.905460718e+07 14965456 1210846 2.302255 -51330.0796 27.583226 61039.648
F 1.949844600e+07 15314046 1237476 2.109794 -48378.6297 27.583226 61039.648
F 1.995262315e+07 15670757 1264465 3.208671 -49147.6587 27.583226 61039.648
F 2.041737945e+07 16035773 1291683 0.466575 -56016.7113 27.583226 61039.648
F 2.089296131e+07 16409296 1319795 2.345737 -58034.3530 27.583226 64234.130
F 2.137962090e+07 16791517 1348851 1.800314 -54571.6509 27.583226 64234.130
F 2.187761624e+07 17182644 1378582 4.171384 -50345.1845 27.583226 64234.130
F 2.238721139e+07 17582878 1408452 3.079492 -54739.5706 27.583226 64234.130
R 2.281365570e+07 28.496924 17917832 1433504 2.281352e+07
R 2.281365577e+07 29.440014 17917833 1433504 2.281352e+07
R 2.281365593e+07 30.319820 17917834 1433504 2.281352e+07
R 2.281366086e+07 31.449111 17917839 1433504 2.281352e+07
R 2.281366131e+07 32.093098 17917840 1433504 2.281352e+07
R 2.281366192e+07 33.615968 17917842 1433504 2.281352e+07
F 2.290867653e+07 17992438 1439099 5.314694 -57127.5769 33.806411 64234.130
F 2.344228815e+07 18411538 1470144 7.724042 -64202.0892 33.806411 70680.795
F 2.398832919e+07 18840393 1502200 3.096446 -65813.3134 33.806411 74909.332
F 2.454708916e+07 19279244 1535342 5.044855 -60947.1068 33.806411 74909.332
M 2.500000000e+07 19634956 1.700462 /private/tmp/rh-s40-free-greedy/var_pi4_th0.25_1e8.mom.2.500000e+07
F 2.511886432e+07 19728313 1569410 2.885692 -52578.2755 33.806411 74909.332
F 2.570395783e+07 20187842 1603469 0.515486 -56873.6949 33.806411 74909.332
F 2.630267992e+07 20658080 1638087 3.284621 -64481.1472 33.806411 74909.332
F 2.691534804e+07 21139276 1673867 10.868153 -65347.4273 33.806411 74909.332
F 2.754228703e+07 21631664 1710518 2.133615 -64758.9573 33.806411 74909.332
F 2.818382931e+07 22135530 1748205 2.005740 -60179.7114 33.806411 74909.332
F 2.884031503e+07 22651133 1786057 2.328038 -66874.7501 33.806411 74909.332
F 2.951209227e+07 23178749 1824589 5.721144 -76286.4135 33.806411 76677.203
R 3.007546815e+07 34.338029 23621252 1857220 3.007530e+07
R 3.007547583e+07 35.305364 23621259 1857220 3.007530e+07
R 3.007547604e+07 36.136894 23621260 1857220 3.007530e+07
F 3.019951720e+07 23718650 1864213 4.437871 -81687.6134 36.136894 81789.264
F 3.090295433e+07 24271128 1905442 4.214881 -74470.9811 36.136894 86778.209
S 3.162277660e+07 24836475 1947825 22888649 36.136894 4.120908 3.104688 -0.250000 723.200061 2.265371e+07 17.304597 9 2.018019e-08 1.701978e-15 0 0 1.049412e-14 0 0 86778.209 -62809.828 90108 7855 1950054 0 1.1 36.136894
F 3.162277660e+07 24836475 1947825 4.120908 -62809.8281 36.136894 86778.209
P   3.16e+07 24836476 1947825 36.14 86778.2 9 -62811.3
F 3.235936569e+07 25414991 1990447 4.401439 -62760.0541 36.136894 86778.209
F 3.311311215e+07 26006983 2033701 5.319782 -67948.6541 36.136894 86778.209
F 3.388441561e+07 26612765 2077943 6.994429 -72616.8528 36.136894 86778.209
F 3.467368505e+07 27232654 2123089 5.232635 -78495.7940 36.136894 86778.209
F 3.548133892e+07 27866984 2169416 5.360111 -81231.8829 36.136894 86778.209
F 3.630780548e+07 28516086 2217209 2.046763 -76220.3246 36.136894 86778.209
F 3.715352291e+07 29180310 2266108 1.128361 -70091.9942 36.136894 86778.209
F 3.801893963e+07 29860011 2314814 5.424063 -85897.1885 36.136894 86956.642
F 3.890451450e+07 30555535 2364972 0.549678 -95422.4936 36.136894 96811.477
F 3.981071706e+07 31267266 2416973 1.726591 -92148.6628 36.136894 96811.477
F 4.073802778e+07 31995577 2470942 4.586229 -74346.2029 36.136894 96811.477
F 4.168693835e+07 32740856 2525717 10.969975 -62736.5524 36.136894 96811.477
F 4.265795188e+07 33503478 2580112 0.724424 -78635.8200 36.136894 96811.477
F 4.365158322e+07 34283884 2635707 10.491865 -94848.0608 36.136894 96811.477
F 4.466835922e+07 35082451 2693489 3.495884 -94356.6133 36.136894 97026.066
F 4.570881896e+07 35899629 2752611 6.321979 -92624.9157 36.136894 99953.783
F 4.677351413e+07 36735834 2812849 1.693057 -94078.2183 36.136894 99953.783
F 4.786300923e+07 37591525 2875027 5.239703 -84660.6760 36.136894 99953.783
F 4.897788194e+07 38467140 2937997 1.265103 -85203.1614 36.136894 99953.783
M 5.000000000e+07 39269916 7.615526 /private/tmp/rh-s40-free-greedy/var_pi4_th0.25_1e8.mom.5.000000e+07
F 5.011872336e+07 39363158 3001462 4.504487 -101490.2601 36.136894 109333.716
F 5.128613840e+07 40280040 3067060 0.878969 -105010.5863 36.136894 109333.716
F 5.248074602e+07 41218285 3135155 3.243653 -89915.4134 36.136894 109333.716
F 5.370317964e+07 42178383 3204367 4.129875 -81085.9580 36.136894 109333.716
F 5.495408739e+07 43160846 3274278 6.481437 -86741.3403 36.136894 109333.716
F 5.623413252e+07 44166194 3344997 9.384699 -105511.5866 36.136894 109333.716
F 5.754399373e+07 45194955 3417473 7.792384 -121069.1414 36.136894 124933.927
F 5.888436554e+07 46247674 3492810 1.240946 -114362.6763 36.136894 124933.927
F 6.025595861e+07 47324920 3569858 0.561365 -106519.4035 36.136894 124933.927
F 6.165950019e+07 48427260 3648444 1.583193 -101275.1680 36.136894 124933.927
F 6.309573445e+07 49555282 3728419 7.831711 -101983.8585 36.136894 124933.927
F 6.456542290e+07 50709566 3809667 1.218037 -111397.7300 36.136894 124933.927
F 6.606934480e+07 51890745 3892954 2.722009 -116495.7254 36.136894 126866.931
F 6.760829754e+07 53099436 3979128 3.067684 -102734.9337 36.136894 126866.931
F 6.918309709e+07 54336279 4066369 1.391278 -103501.2151 36.136894 126866.931
F 7.079457844e+07 55601933 4154997 0.901371 -113969.6175 36.136894 126866.931
F 7.244359601e+07 56897069 4245690 1.531202 -122564.8692 36.136894 126866.931
F 7.413102413e+07 58222373 4338251 2.582852 -133606.9926 36.136894 143336.227
F 7.585775750e+07 59578546 4433161 2.363157 -139251.0831 36.136894 148068.937
F 7.762471166e+07 60966309 4531322 2.811124 -123886.6384 36.136894 148068.937
F 7.943282347e+07 62386400 4631615 6.116679 -108696.9565 36.136894 148068.937
F 8.128305162e+07 63839562 4732635 2.330530 -120039.8824 36.136894 148068.937
F 8.317637711e+07 65326575 4835962 0.964941 -130132.4340 36.136894 148068.937
F 8.511380382e+07 66848229 4941412 3.585213 -143248.4197 36.136894 148068.937
F 8.709635900e+07 68405322 5050829 1.391643 -126520.1072 36.136894 148068.937
F 8.912509381e+07 69998687 5162648 1.791748 -109476.0629 36.528905 148068.937
F 9.120108394e+07 71629166 5274382 1.962528 -138696.8110 36.528905 148068.937
F 9.332543008e+07 73297628 5389201 6.402526 -157142.5367 36.528905 158958.384
F 9.549925860e+07 75004945 5507560 2.473457 -157366.8210 36.528905 163561.932
F 9.772372210e+07 76752037 5628981 4.931166 -149249.8404 36.528905 176182.751
S 1.000000000e+08 78539823 5753211 72786611 36.528905 6.445653 3.304206 -0.250000 1050.422624 6.990714e+07 25.577427 10 6.095303e-08 1.454993e-15 0 0 1.454993e-15 7 0 176182.751 -138418.941 90111 7855 4444427 0 3.4 36.528905
F 1.000000000e+08 78539823 5753211 6.445653 -138418.9409 36.528905 176182.751
M 1.000000000e+08 78539823 6.445653 /private/tmp/rh-s40-free-greedy/var_pi4_th0.25_1e8.mom.1.000000e+08
# windows 86
# done N=78539823 pi=5753211 C=72786611 supE=36.528904690 minEbefore=-0.250000000 skviol=0 supPsi=176182.751 nS=90111 nP_small=1171 nL=5752040 nM=7855 LDbytes=4444427 time=3.4
