# s8gen mode=rule X=1.000000e+08 theta=0.500000 rho=0.98066717548790128+2.894332e-17 t=1.0197139508646043-3.333375e-17 B=10000.000000
# S cols: x N pi C supE E(x) meanE_win minEbefore_win maxPrimeGap_win gapStart gapPeakE maxClu_win minGapAbs minGapRel ties misorders minDecisionMargin_rel ambig_double skorokhodViol supPsi psi-x nS nM nLDbytes heap time wMaxE
R 6.898534751e+00 1.215501 8 3 6.608427e+00
S 1.000000000e+01 11 4 6 1.285808 1.173995 0.254081 -0.500000 3.059142 1.509857e+00 0.745072 2 2.901080e-01 3.109015e-02 0 0 3.023486e-02 0 0 2.379 -2.264 11 0 0 0 0.0 1.285808
F 1.000000000e+01 11 4 1.173995 -2.2635 1.285808 2.379
F 1.023292992e+01 11 4 0.945569 -2.4964 1.285808 2.379
P         10 12 4 1.77 2.7 3 -2.7
F 1.047128548e+01 12 4 1.711821 -2.7348 1.766233 2.679
F 1.071519305e+01 12 4 1.472629 -2.9787 1.766233 2.679
F 1.096478196e+01 12 4 1.227865 -3.2283 1.766233 2.679
F 1.122018454e+01 12 4 0.977400 -3.4837 1.766233 2.679
F 1.148153621e+01 12 4 0.721101 -3.7450 1.766233 2.679
F 1.174897555e+01 12 4 0.458833 -4.0125 1.766233 2.679
F 1.202264435e+01 13 4 1.190455 -3.8741 1.766233 3.699
F 1.230268771e+01 13 4 0.915825 -4.1542 1.766233 3.699
F 1.258925412e+01 13 4 0.634799 -4.4407 1.766233 3.699
F 1.288249552e+01 13 4 0.347227 -4.7340 1.766233 3.699
F 1.318256739e+01 13 4 0.052956 -5.0341 1.766233 3.699
F 1.348962883e+01 13 4 -0.248169 -5.3411 1.766233 3.699
F 1.380384265e+01 14 5 0.443692 -3.0346 1.766233 3.699
F 1.412537545e+01 14 5 0.128375 -3.3561 1.766233 3.699
F 1.445439771e+01 14 5 -0.194286 -3.6851 1.766233 3.699
F 1.479108388e+01 15 5 0.475537 -4.0218 1.766233 3.827
F 1.513561248e+01 16 5 1.137669 -4.3663 1.766233 4.296
F 1.548816619e+01 16 5 0.791931 -4.7189 1.766233 4.296
F 1.584893192e+01 17 5 1.438140 -5.0796 1.766233 4.957
F 1.621810097e+01 17 5 1.076108 -5.4488 1.766233 4.957
F 1.659586907e+01 17 5 0.705643 -5.8266 1.766233 4.957
F 1.698243652e+01 17 5 0.326549 -6.2132 1.766233 4.957
F 1.737800829e+01 17 5 -0.061375 -6.6087 1.766233 4.957
F 1.778279410e+01 17 5 -0.458335 -7.0135 1.766233 4.957
F 1.819700859e+01 19 6 1.135458 -4.1351 1.766233 4.957
F 1.862087137e+01 19 6 0.719790 -4.5590 1.766233 4.957
F 1.905460718e+01 19 6 0.294439 -4.9927 1.766233 4.957
F 1.949844600e+01 19 6 -0.140819 -5.4365 1.766233 4.957
F 1.995262315e+01 20 7 0.413785 -2.9018 1.766233 4.957
F 2.041737945e+01 20 7 -0.041987 -3.3665 1.766233 4.957
F 2.089296131e+01 22 7 1.491626 -2.3228 1.766233 4.957
F 2.137962090e+01 22 7 1.014375 -2.8095 1.766233 4.957
F 2.187761624e+01 22 7 0.526007 -3.3075 1.766233 4.957
F 2.238721139e+01 23 7 1.026264 -3.8171 1.766233 4.957
F 2.290867653e+01 24 7 1.514880 -4.3385 1.766233 4.957
F 2.344228815e+01 24 7 0.991585 -4.8721 1.766233 4.957
F 2.398832919e+01 25 7 1.456100 -5.4182 1.766233 5.174
F 2.454708916e+01 25 7 0.908143 -5.9769 1.766233 5.174
F 2.511886432e+01 25 7 0.347421 -6.5487 1.766233 5.174
F 2.570395783e+01 25 7 -0.226361 -7.1338 1.766233 5.174
F 2.630267992e+01 26 8 0.186492 -4.4751 1.766233 5.174
F 2.691534804e+01 27 8 0.585669 -5.0877 1.766233 5.174
F 2.754228703e+01 28 8 0.970850 -5.3027 1.766233 5.174
F 2.818382931e+01 28 8 0.341711 -5.9442 1.766233 5.174
F 2.884031503e+01 28 8 -0.302083 -6.6007 1.766233 5.174
F 2.951209227e+01 29 9 0.039127 -3.9037 1.766233 5.174
F 3.019951720e+01 31 9 1.364992 -4.5912 1.766233 5.174
F 3.090295433e+01 31 9 0.675154 -5.2946 1.766233 5.174
R 3.151939719e+01 2.070629 33 9 2.904213e+01
S 3.162277660e+01 33 9 23 2.070629 1.969248 0.587725 -0.500000 6.118284 1.986471e+01 1.695148 3 6.226188e-02 3.480740e-03 0 0 2.294587e-03 0 0 5.911 -6.014 33 0 0 0 0.0 2.070629
F 3.162277660e+01 33 9 1.969248 -6.0144 2.070629 5.911
F 3.235936569e+01 33 9 1.246899 -6.7510 2.070629 5.911
F 3.311311215e+01 33 9 0.507725 -7.5048 2.070629 5.911
P       31.6 34 9 2.07 7.7 3 -7.7
F 3.388441561e+01 34 9 0.751333 -8.2761 2.070629 7.667
F 3.467368505e+01 35 9 0.977322 -9.0653 2.070629 8.735
F 3.548133892e+01 35 9 0.185283 -9.8730 2.070629 8.735
F 3.630780548e+01 36 9 0.374794 -10.6994 2.070629 10.243
F 3.715352291e+01 36 9 -0.454573 -11.5452 2.070629 10.243
F 3.801893963e+01 37 10 -0.303259 -8.7943 2.070629 10.243
F 3.890451450e+01 38 11 -0.171713 -6.0365 2.070629 10.243
F 3.981071706e+01 39 11 -0.060396 -6.9427 2.070629 10.243
F 4.073802778e+01 41 12 1.030221 -4.1747 2.070629 10.243
F 4.168693835e+01 42 12 1.099655 -4.7116 2.070629 10.243
F 4.265795188e+01 42 12 0.147414 -5.6826 2.070629 10.243
F 4.365158322e+01 43 13 0.172992 -2.9077 2.070629 10.243
F 4.466835922e+01 46 13 2.175874 -2.0361 2.663510 10.243
R 4.558846145e+01 3.273559 48 13 4.331813e+01
F 4.570881896e+01 48 13 3.155529 -3.0765 3.273559 10.243
F 4.677351413e+01 48 13 2.111417 -4.1412 3.273559 10.243
F 4.786300923e+01 50 13 3.042985 -5.2307 3.310930 10.243
F 4.897788194e+01 50 13 1.949666 -6.3456 3.310930 10.243
F 5.011872336e+01 50 13 0.830880 -7.4864 3.310930 10.243
F 5.128613840e+01 51 13 0.686035 -8.6539 3.310930 10.243
F 5.248074602e+01 52 13 0.514522 -9.8485 3.310930 10.243
F 5.370317964e+01 53 14 0.315722 -7.0909 3.310930 10.243
F 5.495408739e+01 54 14 0.088998 -8.3418 3.310930 10.243
F 5.623413252e+01 56 15 0.833699 -5.6045 3.310930 10.243
F 5.754399373e+01 56 15 -0.450839 -6.9144 3.310930 10.243
F 5.888436554e+01 58 16 0.234703 -4.2013 3.310930 10.243
F 6.025595861e+01 59 16 -0.110374 -5.5729 3.310930 10.243
F 6.165950019e+01 63 17 2.513219 -2.4593 3.310930 10.243
F 6.309573445e+01 64 17 2.104751 -3.8955 3.310930 10.243
F 6.456542290e+01 65 17 1.663476 -5.3652 3.310930 10.243
F 6.606934480e+01 67 17 2.188629 -6.8691 3.310930 10.243
F 6.760829754e+01 69 17 2.679429 -8.4081 3.577955 10.243
F 6.918309709e+01 71 17 3.135075 -9.9829 3.577955 10.243
F 7.079457844e+01 71 17 1.554748 -11.5944 3.577955 10.243
F 7.244359601e+01 73 17 1.937610 -13.2434 3.577955 12.654
F 7.413102413e+01 73 17 0.282805 -14.9308 3.577955 12.654
F 7.585775750e+01 75 18 0.589454 -12.3410 3.577955 12.654
F 7.762471166e+01 76 19 -0.143340 -9.7645 3.577955 12.654
F 7.943282347e+01 78 20 0.083505 -7.2161 3.577955 12.654
F 8.128305162e+01 80 21 0.269047 -4.6840 3.577955 12.654
F 8.317637711e+01 82 21 0.412324 -6.5773 3.577955 12.654
F 8.511380382e+01 84 21 0.512354 -8.5147 3.577955 12.654
F 8.709635900e+01 86 22 0.568127 -6.0412 3.577955 12.654
F 8.912509381e+01 87 22 -0.421387 -8.0699 3.577955 12.654
F 9.120108394e+01 91 23 1.542758 -5.6550 3.577955 12.654
F 9.332543008e+01 95 23 3.459481 -7.3673 3.818310 12.654
R 9.346188229e+01 4.325667 96 23 8.920526e+01
F 9.549925860e+01 98 23 4.327679 -5.7531 4.443378 12.654
F 9.772372210e+01 99 23 3.146221 -7.9776 4.443378 12.654
S 1.000000000e+02 102 23 78 4.443378 3.913950 1.246172 -0.500000 14.275995 6.065327e+01 3.577955 4 8.041036e-02 8.851649e-04 0 0 2.209967e-04 0 0 12.654 -10.254 102 0 0 0 0.0 4.443378
F 1.000000000e+02 102 23 3.913950 -10.2538 4.443378 12.654
P        100 103 23 4.44 12.7 4 -10.9
F 1.023292992e+02 103 23 2.629682 -12.5831 4.443378 12.654
F 1.047128548e+02 105 23 2.292208 -14.9667 4.443378 14.180
F 1.071519305e+02 105 23 -0.099714 -17.4058 4.443378 14.180
F 1.096478196e+02 108 24 0.452650 -15.2236 4.443378 14.180
F 1.122018454e+02 110 26 -0.052000 -8.3563 4.443378 14.180
F 1.148153621e+02 113 27 0.385010 -6.2454 4.443378 14.180
F 1.174897555e+02 115 28 -0.237679 -4.1687 4.443378 14.180
F 1.202264435e+02 119 28 1.078540 -6.9053 4.443378 14.180
F 1.230268771e+02 122 28 1.332247 -9.7058 4.443378 14.180
F 1.258925412e+02 123 28 -0.478016 -12.5714 4.443378 14.180
F 1.288249552e+02 127 30 0.646262 -5.8166 4.443378 14.180
F 1.318256739e+02 132 31 2.703556 -3.9498 4.443378 14.180
F 1.348962883e+02 135 31 2.692305 -7.0204 4.443378 14.180
F 1.380384265e+02 139 31 3.610913 -10.1626 4.443378 14.180
R 1.385703370e+02 5.089286 141 31 1.299938e+02
F 1.412537545e+02 144 31 5.457747 -12.9659 5.594726 14.180
F 1.445439771e+02 146 31 4.231133 -16.2561 5.594726 15.724
F 1.479108388e+02 147 31 1.929363 -19.6230 5.594726 17.354
F 1.513561248e+02 150 31 1.550684 -23.0682 5.594726 22.641
F 1.548816619e+02 152 32 0.093305 -21.5538 5.594726 23.748
F 1.584893192e+02 155 33 -0.444606 -20.1149 5.594726 23.748
F 1.621810097e+02 159 37 -0.064926 -3.5041 5.594726 23.748
F 1.659586907e+02 163 38 0.230427 -2.1717 5.594726 23.748
F 1.698243652e+02 167 40 0.439487 4.2132 5.594726 23.748
F 1.737800829e+02 173 40 2.560244 0.2575 5.594726 23.748
F 1.778279410e+02 177 40 2.590643 -3.7903 5.594726 23.748
F 1.819700859e+02 180 40 1.528577 -7.9325 5.594726 23.748
F 1.862087137e+02 184 40 1.371894 -12.1711 5.594726 23.748
F 1.905460718e+02 187 40 0.118389 -13.8877 5.594726 23.748
F 1.949844600e+02 193 41 1.765808 -13.0729 5.594726 23.748
F 1.995262315e+02 199 41 3.311841 -17.6147 5.594726 23.748
F 2.041737945e+02 205 41 4.754129 -22.2622 5.594726 23.748
F 2.089296131e+02 209 41 4.090254 -27.0180 5.594726 26.855
F 2.137962090e+02 213 41 3.317743 -31.4726 5.594726 30.738
F 2.187761624e+02 215 41 0.434066 -36.4526 5.594726 35.114
F 2.238721139e+02 220 45 0.436634 -19.9375 5.594726 35.114
F 2.290867653e+02 225 47 0.322796 -14.3124 5.594726 35.114
F 2.344228815e+02 230 50 0.089842 -3.3088 5.594726 35.114
F 2.398832919e+02 236 52 0.734997 2.1803 5.594726 35.114
F 2.454708916e+02 243 53 2.255421 2.0823 5.594726 35.114
F 2.511886432e+02 247 53 0.648210 -3.6355 5.594726 35.114
F 2.570395783e+02 256 53 3.910390 -9.4864 5.594726 35.114
F 2.630267992e+02 260 53 2.038919 -15.4736 5.594726 35.114
F 2.691534804e+02 267 53 3.030684 -21.6003 5.594726 35.114
F 2.754228703e+02 270 53 -0.117501 -27.8697 5.594726 35.114
F 2.818382931e+02 278 54 1.591104 -28.6617 5.594726 35.114
F 2.884031503e+02 284 56 1.153164 -23.9252 5.594726 35.114
F 2.951209227e+02 292 56 2.565266 -28.7547 5.722408 35.114
F 3.019951720e+02 299 56 2.823915 -35.6289 5.722408 35.114
F 3.090295433e+02 304 56 0.925538 -42.6633 5.722408 41.459
S 3.162277660e+02 311 58 252 5.722408 0.866477 1.765155 -0.500000 34.670274 2.421623e+02 4.282412 4 1.089200e-02 3.731395e-05 0 0 5.021061e-05 0 0 41.459 -38.382 311 0 0 0 0.0 5.722408
F 3.162277660e+02 311 58 0.866477 -38.3820 5.722408 41.459
P        316 312 59 5.72 41.5 4 -34.0
F 3.235936569e+02 317 60 -0.357010 -30.9176 5.722408 41.459
F 3.311311215e+02 325 66 0.251246 -3.7129 5.722408 41.459
F 3.388441561e+02 332 68 -0.312674 0.2020 5.722408 41.459
F 3.467368505e+02 341 70 0.947219 3.9705 5.722408 41.459
F 3.548133892e+02 351 72 3.026823 7.6084 5.722408 41.459
F 3.630780548e+02 359 72 2.921937 -0.6563 5.722408 41.459
R 3.712583459e+02 6.899794 371 72 3.512717e+02
F 3.715352291e+02 371 72 6.628263 -9.1135 6.899794 41.459
R 3.721160981e+02 7.058624 372 72 3.512717e+02
F 3.801893963e+02 376 72 3.141406 -17.7676 7.058624 41.459
F 3.890451450e+02 384 72 2.456864 -26.6234 7.058624 41.459
F 3.981071706e+02 393 72 2.570033 -32.6965 7.058624 41.459
F 4.073802778e+02 401 72 1.476201 -41.9696 7.058624 41.460
F 4.168693835e+02 410 75 1.170546 -33.3874 7.058624 43.207
F 4.265795188e+02 419 75 0.648135 -43.0975 7.058624 43.207
F 4.365158322e+02 431 76 2.903919 -45.4512 7.058624 46.197
F 4.466835922e+02 438 78 -0.067269 -43.4202 7.058624 49.665
F 4.570881896e+02 449 81 0.729283 -35.4891 7.058624 49.665
F 4.677351413e+02 459 86 0.288167 -15.4428 7.058624 49.665
F 4.786300923e+02 469 89 -0.396154 -7.8694 7.058624 49.665
F 4.897788194e+02 480 93 -0.329344 6.1165 7.058624 49.665
F 5.011872336e+02 492 95 0.482798 7.1153 7.058624 49.665
F 5.128613840e+02 506 97 3.034342 7.8872 7.058624 49.665
R 5.176841696e+02 8.304795 516 97 5.052485e+02
F 5.248074602e+02 518 97 3.319217 -4.0589 8.304795 49.665
F 5.370317964e+02 532 97 5.331212 -16.2832 8.304795 49.665
F 5.495408739e+02 543 97 4.063971 -28.7923 8.304795 49.665
F 5.623413252e+02 557 97 5.510988 -41.5927 8.304795 49.665
F 5.754399373e+02 567 99 2.665609 -41.9929 8.304795 49.665
F 5.888436554e+02 580 101 2.521023 -42.6594 8.304795 49.665
F 6.025595861e+02 593 101 2.070260 -56.3753 8.304795 55.188
F 6.165950019e+02 605 103 0.306188 -57.5729 8.304795 61.716
F 6.309573445e+02 619 107 0.221510 -46.2018 8.304795 61.716
F 6.456542290e+02 633 111 -0.191242 -35.0491 8.304795 61.716
F 6.606934480e+02 650 116 2.060290 -17.6937 8.304795 61.716
F 6.760829754e+02 666 121 2.968285 2.7154 8.304795 61.716
F 6.918309709e+02 679 124 0.524743 6.5558 8.304795 61.716
F 7.079457844e+02 696 129 1.721474 23.1877 8.304795 61.716
F 7.244359601e+02 714 131 3.550100 19.8543 8.304795 61.716
F 7.413102413e+02 731 131 4.002047 3.3920 8.304795 61.716
F 7.585775750e+02 747 131 3.068539 -13.8753 8.304795 61.716
F 7.762471166e+02 768 131 6.740600 -31.5449 8.304795 61.716
R 7.798614960e+02 9.196097 774 131 7.224476e+02
R 7.808687958e+02 10.208271 776 131 7.224476e+02
R 7.811722846e+02 11.910649 778 131 7.224476e+02
R 7.816290545e+02 12.462710 779 131 7.224476e+02
F 7.943282347e+02 786 131 7.009041 -49.6260 12.462710 61.716
F 8.128305162e+02 803 131 5.864461 -68.1283 12.462710 67.925
F 8.317637711e+02 816 136 0.297239 -53.4610 12.462710 79.242
F 8.511380382e+02 836 136 1.297531 -69.4665 12.462710 79.242
F 8.709635900e+02 857 141 2.855263 -55.5305 12.462710 79.242
F 8.912509381e+02 874 141 -0.039873 -75.8179 12.462710 79.242
F 9.120108394e+02 896 146 1.601573 -60.3137 12.462710 79.242
F 9.332543008e+02 916 153 0.768808 -33.7635 12.462710 79.242
F 9.549925860e+02 938 159 1.450785 -14.4105 12.462710 79.242
F 9.772372210e+02 959 166 0.636202 11.4591 12.462710 79.242
S 1.000000000e+03 981 170 810 12.462710 0.313492 2.028506 -0.500000 104.010823 7.224476e+02 12.462710 5 7.908286e-03 1.285094e-05 0 0 1.285111e-05 0 0 79.242 16.262 981 0 0 0 0.0 12.462710
F 1.000000000e+03 981 170 0.313492 16.2617 12.462710 79.242
P      1e+03 982 171 12.46 79.2 5 22.3
F 1.023292992e+03 1006 175 2.470819 27.5360 12.462710 79.242
F 1.047128548e+03 1028 176 1.096072 10.6529 12.462710 79.242
F 1.071519305e+03 1054 176 3.176857 -13.7378 12.462710 79.242
F 1.096478196e+03 1080 176 4.700492 -38.6967 12.462710 79.242
F 1.122018454e+03 1108 176 7.653999 -63.8250 12.462710 79.242
F 1.148153621e+03 1130 176 4.024098 -89.9602 12.462710 89.504
F 1.174897555e+03 1155 176 2.797200 -116.7041 12.462710 116.703
F 1.202264435e+03 1179 183 -0.040600 -94.4696 12.462710 130.611
F 1.230268771e+03 1207 189 0.496467 -79.8441 12.462710 130.611
F 1.258925412e+03 1239 199 4.393839 -37.2759 12.462710 130.611
F 1.288249552e+03 1263 200 -0.363382 -59.4397 12.462710 130.611
F 1.318256739e+03 1293 205 0.209555 -53.6082 12.462710 130.611
F 1.348962883e+03 1323 214 0.097047 -19.5355 12.462710 130.611
F 1.380384265e+03 1354 223 0.283129 14.0100 12.462710 130.611
F 1.412537545e+03 1386 231 0.751463 43.4160 12.462710 130.611
F 1.445439771e+03 1418 236 0.485330 46.8327 12.462710 130.611
F 1.479108388e+03 1453 241 2.467622 53.2246 12.462710 130.611
F 1.513561248e+03 1488 241 3.680833 18.7718 12.462710 130.611
F 1.548816619e+03 1524 241 5.107048 -16.4836 12.462710 130.611
F 1.584893192e+03 1559 241 4.727937 -52.5602 12.571697 130.611
F 1.621810097e+03 1601 241 10.524740 -85.7818 12.571697 130.611
F 1.659586907e+03 1630 241 2.478262 -123.5586 12.571697 130.611
F 1.698243652e+03 1668 241 2.568861 -161.8033 12.571697 160.765
F 1.737800829e+03 1704 254 -0.223563 -104.5331 12.571697 163.758
F 1.778279410e+03 1744 262 0.080421 -85.2475 12.571697 163.758
F 1.819700859e+03 1786 274 1.459766 -36.7253 12.571697 163.758
F 1.862087137e+03 1826 281 -0.107066 -26.4717 12.571697 163.758
F 1.905460718e+03 1872 285 3.357887 -35.9373 12.571697 163.758
F 1.949844600e+03 1913 295 0.832071 -2.7458 12.571697 163.758
F 1.995262315e+03 1958 305 1.292408 29.2422 12.571697 163.758
F 2.041737945e+03 2003 314 0.715284 51.2605 12.571697 163.758
F 2.089296131e+03 2050 321 1.076532 57.1471 12.571697 163.758
F 2.137962090e+03 2100 326 3.351424 46.7375 12.571697 163.758
F 2.187761624e+03 2150 326 4.514655 -3.0620 12.571697 163.758
F 2.238721139e+03 2204 326 8.540332 -54.0215 12.571697 163.758
R 2.264903536e+03 13.864114 2235 326 2.121495e+03
R 2.264949631e+03 14.818910 2236 326 2.121495e+03
R 2.265390453e+03 15.386610 2237 326 2.121495e+03
F 2.290867653e+03 2253 326 6.401957 -106.1681 15.386610 163.758
F 2.344228815e+03 2313 326 14.072416 -159.5292 15.386610 163.758
F 2.398832919e+03 2353 329 0.523964 -190.7881 15.831293 206.271
F 2.454708916e+03 2409 332 1.728208 -223.3022 15.831293 222.506
F 2.511886432e+03 2465 352 1.656095 -123.7279 15.831293 222.506
F 2.570395783e+03 2521 370 0.277895 -41.0772 15.831293 222.506
F 2.630267992e+03 2583 381 3.563185 -11.8388 15.831293 222.506
F 2.691534804e+03 2640 389 0.480833 -10.0005 15.831293 222.506
F 2.754228703e+03 2703 400 1.998984 14.2600 15.831293 222.506
F 2.818382931e+03 2765 412 1.085039 45.3180 15.831293 222.506
F 2.884031503e+03 2830 417 1.705639 23.4289 15.831293 222.506
F 2.951209227e+03 2895 431 0.826651 67.9142 15.831293 222.506
F 3.019951720e+03 2962 436 0.413143 39.1808 15.831293 222.506
F 3.090295433e+03 3039 442 8.429374 20.9709 15.831293 222.506
S 3.162277660e+03 3102 442 2659 15.831293 0.838766 2.712042 -0.500000 273.283339 2.121495e+03 15.831293 8 9.866932e-04 3.230895e-07 0 0 6.940911e-07 0 0 222.506 -51.011 3102 0 0 0 0.0 15.831293
F 3.162277660e+03 3102 442 0.838766 -51.0113 15.831293 222.506
P   3.16e+03 3103 442 15.83 222.5 8 -51.3
F 3.235936569e+03 3182 444 8.603892 -108.5368 15.831293 222.506
F 3.311311215e+03 3253 444 5.686451 -183.9114 15.831293 222.506
F 3.388441561e+03 3331 446 8.047252 -240.7511 15.831293 239.336
F 3.467368505e+03 3402 456 1.646189 -238.2033 15.831293 291.099
F 3.548133892e+03 3481 459 1.442225 -294.4652 15.831293 294.282
F 3.630780548e+03 3562 489 1.393363 -131.5432 15.831293 299.203
F 3.715352291e+03 3644 513 0.456630 -14.9857 15.831293 299.203
F 3.801893963e+03 3732 529 3.588053 30.5439 15.831293 299.203
F 3.890451450e+03 3815 543 -0.257368 57.5831 15.831293 299.203
F 3.981071706e+03 3905 553 0.874322 49.7314 15.831293 299.203
F 4.073802778e+03 3996 569 0.936003 89.8242 15.831293 299.203
F 4.168693835e+03 4088 576 -0.120541 53.1774 15.831293 299.203
F 4.265795188e+03 4183 589 -0.344651 64.5649 15.831293 299.203
F 4.365158322e+03 4283 594 2.213185 7.0797 15.831293 299.203
F 4.466835922e+03 4390 600 9.501301 -44.2709 15.831293 299.203
F 4.570881896e+03 4483 602 0.466829 -131.4627 15.831293 299.203
F 4.677351413e+03 4594 604 7.055668 -221.0735 15.831293 299.203
F 4.786300923e+03 4700 617 6.212460 -219.9630 15.831293 299.203
F 4.897788194e+03 4809 622 5.880553 -289.0598 15.831293 299.203
F 5.011872336e+03 4916 633 1.001979 -309.5634 15.831293 311.223
F 5.128613840e+03 5030 650 0.517419 -281.3518 15.831293 312.051
F 5.248074602e+03 5147 682 0.366170 -127.1048 15.831293 312.051
F 5.370317964e+03 5267 719 0.486118 68.0132 15.831293 312.051
F 5.495408739e+03 5391 744 1.813701 157.8540 15.831293 312.051
F 5.623413252e+03 5516 761 1.283877 180.8172 15.831293 312.051
F 5.754399373e+03 5645 764 1.830087 79.0509 15.831293 312.051
F 5.888436554e+03 5777 787 2.384224 144.4478 15.831293 312.051
F 6.025595861e+03 5910 795 0.876594 81.2074 15.831293 312.051
F 6.165950019e+03 6050 806 3.235878 41.0709 15.831293 312.051
F 6.309573445e+03 6190 812 2.389099 -50.0741 15.831293 312.051
F 6.456542290e+03 6338 817 6.261576 -148.8510 15.831293 312.051
F 6.606934480e+03 6479 824 -0.223108 -237.6862 15.831293 312.051
F 6.760829754e+03 6635 829 4.856848 -347.5751 15.831293 347.242
F 6.918309709e+03 6789 852 4.421426 -301.8826 15.831293 387.110
F 7.079457844e+03 6945 862 2.388739 -374.4225 15.831293 424.419
F 7.244359601e+03 7104 887 -0.325001 -317.4331 15.831293 424.419
F 7.413102413e+03 7270 909 0.194462 -290.4349 15.831293 424.419
F 7.585775750e+03 7440 956 0.859388 -39.2828 15.831293 424.419
F 7.762471166e+03 7613 998 0.579994 159.7721 15.831293 424.419
F 7.943282347e+03 7792 1029 2.264404 259.9322 15.831293 424.419
F 8.128305162e+03 7973 1049 1.818603 259.2586 15.831293 424.419
F 8.317637711e+03 8166 1057 9.146386 141.9918 15.831293 424.419
F 8.511380382e+03 8349 1077 2.149308 129.0277 15.831293 424.419
F 8.709635900e+03 8543 1091 1.726630 58.1361 15.831293 424.419
R 8.906652054e+03 16.519354 8751 1110 8.837331e+03
F 8.912509381e+03 8753 1110 12.775266 30.0452 16.519354 424.419
R 8.921332651e+03 17.122574 8766 1110 8.837331e+03
F 9.120108394e+03 8944 1110 0.189729 -176.0345 17.768098 424.419
F 9.332543008e+03 9154 1119 1.862075 -306.3332 17.768098 424.419
F 9.549925860e+03 9368 1136 2.681848 -368.1102 17.768098 424.419
F 9.772372210e+03 9588 1145 4.536015 -508.0287 17.768098 506.980
S 1.000000000e+04 9808 1177 8630 17.768098 1.308912 2.760299 -0.500000 319.170467 8.837331e+03 17.768098 6 3.898409e-04 8.974337e-08 0 0 1.261236e-09 0 0 567.463 -441.229 9808 0 0 0 0.0 17.768098
F 1.000000000e+04 9808 1177 1.308912 -441.2285 17.768098 567.463
P      1e+04 9809 1178 17.77 567.5 8 -433.9
F 1.023292992e+04 10036 1207 0.882183 -397.4873 17.768098 567.463
F 1.047128548e+04 10269 1241 0.134711 -321.4833 17.768098 567.463
F 1.071519305e+04 10509 1283 0.942562 -176.1876 17.768098 567.463
F 1.096478196e+04 10753 1342 0.178911 122.4150 17.768098 567.463
F 1.122018454e+04 11004 1399 0.713983 398.0161 17.768098 567.463
F 1.148153621e+04 11260 1427 0.414977 398.0253 17.768098 567.463
F 1.174897555e+04 11525 1451 3.146000 359.9172 17.768098 567.463
F 1.202264435e+04 11797 1463 6.767994 198.8148 17.768098 567.463
F 1.230268771e+04 12067 1485 2.138662 130.4595 17.768098 567.463
F 1.258925412e+04 12348 1494 2.112390 -66.4691 17.768098 567.463
F 1.288249552e+04 12644 1513 10.540175 -173.6080 17.768098 567.463
F 1.318256739e+04 12929 1528 1.269543 -331.0872 17.768098 567.463
R 1.344262632e+04 18.238279 13201 1539 1.325065e+04
R 1.344464387e+04 19.259735 13204 1539 1.325065e+04
R 1.344544473e+04 20.474359 13206 1539 1.325065e+04
R 1.344777073e+04 21.193327 13209 1539 1.325065e+04
R 1.345098353e+04 22.042640 13213 1539 1.325065e+04
F 1.348962883e+04 13243 1539 14.144468 -529.0108 22.042640 567.463
F 1.380384265e+04 13542 1567 5.005289 -576.5830 22.042640 619.921
F 1.412537545e+04 13856 1597 3.688626 -611.8034 22.042640 643.983
F 1.445439771e+04 14177 1641 2.027294 -519.8443 22.042640 646.502
F 1.479108388e+04 14507 1688 1.850215 -405.7680 22.042640 646.502
F 1.513561248e+04 14846 1743 2.982323 -221.5061 22.042640 646.502
F 1.548816619e+04 15189 1792 0.244477 -101.9058 22.042640 646.502
F 1.584893192e+04 15547 1876 4.453362 348.6066 22.042640 646.502
F 1.621810097e+04 15906 1951 1.421394 710.5409 22.042640 717.759
F 1.659586907e+04 16278 1976 2.956617 580.0907 22.042640 804.142
F 1.698243652e+04 16661 2000 6.862608 431.9042 22.042640 804.142
F 1.737800829e+04 17048 2010 5.938364 133.8978 22.042640 804.142
F 1.778279410e+04 17440 2042 0.978204 45.1850 22.042640 804.142
F 1.819700859e+04 17848 2047 2.771655 -320.0961 22.042640 804.142
F 1.862087137e+04 18264 2088 3.103339 -341.4160 22.042640 804.142
F 1.905460718e+04 18688 2114 1.752864 -519.0551 22.042640 804.142
F 1.949844600e+04 19125 2143 3.494704 -676.6975 22.042640 804.142
F 1.995262315e+04 19569 2188 2.098079 -685.3645 22.042640 804.142
F 2.041737945e+04 20025 2224 2.326834 -793.1882 22.042640 899.263
F 2.089296131e+04 20489 2305 -0.060687 -464.0057 22.042640 899.263
F 2.137962090e+04 20967 2366 0.688231 -343.2760 22.042640 899.263
F 2.187761624e+04 21464 2439 9.320543 -112.7204 22.042640 899.263
F 2.238721139e+04 21954 2507 -0.422689 57.9850 22.042640 899.263
F 2.290867653e+04 22469 2616 3.193563 629.4844 22.042640 899.263
F 2.344228815e+04 22991 2715 1.898157 1091.0492 22.042640 1092.683
F 2.398832919e+04 23531 2745 6.413636 852.1225 22.042640 1156.730
F 2.454708916e+04 24082 2770 9.456077 554.2337 22.042640 1156.730
R 2.486735145e+04 23.385360 24410 2770 2.448994e+04
R 2.498478775e+04 24.219433 24526 2770 2.448994e+04
R 2.498601867e+04 25.012314 24528 2770 2.448994e+04
R 2.499954174e+04 26.750680 24543 2770 2.448994e+04
R 2.499972615e+04 27.569833 24544 2770 2.448994e+04
R 2.499979886e+04 28.498532 24545 2770 2.448994e+04
R 2.500067364e+04 29.640667 24547 2770 2.448994e+04
R 2.500168141e+04 30.652380 24549 2770 2.448994e+04
R 2.500399058e+04 31.387849 24552 2770 2.448994e+04
R 2.500701974e+04 32.417247 24556 2770 2.448994e+04
R 2.500772740e+04 33.723277 24558 2770 2.448994e+04
R 2.500983517e+04 34.656248 24561 2770 2.448994e+04
F 2.511886432e+04 24652 2770 18.734948 -17.5415 34.656248 1156.730
F 2.570395783e+04 25218 2799 10.952945 -298.3582 34.656248 1156.730
F 2.630267992e+04 25795 2831 0.805843 -561.4694 34.656248 1156.730
F 2.691534804e+04 26402 2872 6.982328 -756.4964 34.656248 1156.730
F 2.754228703e+04 27011 2924 1.163836 -847.0825 34.656248 1156.730
F 2.818382931e+04 27646 2968 7.024381 -1033.2542 34.656248 1156.730
F 2.884031503e+04 28292 3042 9.230385 -925.5335 34.656248 1156.730
F 2.951209227e+04 28946 3119 4.440501 -805.6982 34.656248 1156.730
F 3.019951720e+04 29616 3235 0.305430 -297.3680 34.656248 1156.730
F 3.090295433e+04 30306 3325 0.467735 -71.3599 34.656248 1156.730
S 3.162277660e+04 31017 3419 27597 34.656248 5.561656 3.310753 -0.500000 760.706607 2.448994e+04 34.656248 8 3.717171e-05 1.693032e-09 0 0 2.570347e-09 0 0 1156.730 181.707 25677 9807 2262 0 0.0 34.656248
F 3.162277660e+04 31017 3419 5.561656 181.7066 34.656248 1156.730
P   3.16e+04 31018 3419 34.66 1156.7 8 179.1
F 3.235936569e+04 31734 3517 0.212912 461.7870 34.656248 1156.730
F 3.311311215e+04 32475 3637 2.038505 955.6111 34.656248 1156.730
F 3.388441561e+04 33230 3755 0.646514 1413.9402 34.656248 1414.810
F 3.467368505e+04 34010 3797 6.635890 1063.0205 34.656248 1484.863
F 3.548133892e+04 34802 3823 6.596243 527.5110 34.656248 1484.863
R 3.607218575e+04 35.172152 35410 3823 3.531930e+04
R 3.607233826e+04 36.022594 35411 3823 3.531930e+04
R 3.607414096e+04 37.254748 35414 3823 3.531930e+04
R 3.608753023e+04 38.124324 35428 3823 3.531930e+04
R 3.610799747e+04 39.052774 35449 3823 3.531930e+04
R 3.613342832e+04 40.113574 35475 3823 3.531930e+04
F 3.630780548e+04 35620 3823 14.107622 -296.3348 40.113574 1484.863
F 3.715352291e+04 36437 3857 1.740296 -779.4199 40.113574 1484.863
F 3.801893963e+04 37284 3901 0.054523 -1180.9904 40.113574 1484.863
F 3.890451450e+04 38157 3967 4.600319 -1370.1381 40.113574 1484.863
F 3.981071706e+04 39044 4064 2.917218 -1250.1321 40.113574 1484.863
F 4.073802778e+04 39956 4136 5.534029 -1414.0347 40.113574 1484.863
F 4.168693835e+04 40884 4270 2.968584 -937.5680 40.113574 1484.863
F 4.265795188e+04 41835 4396 1.727485 -566.7015 40.113574 1484.863
F 4.365158322e+04 42810 4551 2.305841 94.0529 40.113574 1484.863
F 4.466835922e+04 43805 4664 0.187002 285.8226 40.113574 1484.863
F 4.570881896e+04 44830 4800 4.842281 703.2564 40.113574 1484.863
F 4.677351413e+04 45871 4913 1.730679 852.4620 40.113574 1484.863
F 4.786300923e+04 46939 5065 1.298593 1399.0342 40.113574 1484.863
F 4.897788194e+04 48034 5195 2.979527 1692.1461 40.113574 1724.522
F 5.011872336e+04 49163 5244 13.193788 1097.1363 40.113574 1733.149
F 5.128613840e+04 50298 5275 3.348182 271.0660 40.113574 1733.149
F 5.248074602e+04 51474 5279 7.835695 -871.0936 40.113574 1733.149
F 5.370317964e+04 52671 5339 6.035178 -1435.3839 40.113574 1733.149
F 5.495408739e+04 53893 5394 1.311009 -2075.4463 40.113574 2264.141
F 5.623413252e+04 55152 5526 5.012764 -1909.9391 40.113574 2264.141
F 5.754399373e+04 56434 5673 2.474866 -1599.1806 40.113574 2264.141
F 5.888436554e+04 57746 5797 0.016237 -1573.3819 40.113574 2264.141
F 6.025595861e+04 59096 5984 4.939933 -889.0432 40.113574 2264.141
F 6.165950019e+04 60467 6187 -0.467222 -55.8180 40.113574 2264.141
F 6.309573445e+04 61879 6381 3.064981 649.8828 40.113574 2264.141
F 6.456542290e+04 63318 6541 0.789754 950.2566 40.113574 2264.141
F 6.606934480e+04 64794 6710 1.942915 1323.6057 40.113574 2264.141
F 6.760829754e+04 66303 6867 1.742480 1529.3113 40.113574 2264.141
F 6.918309709e+04 67848 7025 2.388251 1713.6713 40.113574 2264.141
F 7.079457844e+04 69427 7185 1.061390 1887.4039 40.113574 2264.141
F 7.244359601e+04 71073 7232 29.923988 763.5087 40.113574 2264.141
F 7.413102413e+04 72720 7284 22.118617 -341.5213 40.113574 2264.141
F 7.585775750e+04 74394 7298 2.767878 -1910.9730 40.113574 2264.141
F 7.762471166e+04 76134 7419 9.973933 -2311.3633 40.113574 2312.624
F 7.943282347e+04 77902 7543 4.818031 -2721.5683 40.113574 2959.514
F 8.128305162e+04 79712 7719 0.360023 -2572.7737 40.113574 2959.514
F 8.317637711e+04 81573 7955 4.637859 -1791.0147 40.113574 2959.514
F 8.511380382e+04 83470 8143 1.667080 -1592.2553 40.113574 2959.514
F 8.709635900e+04 85414 8421 1.440296 -415.8217 40.113574 2959.514
F 8.912509381e+04 87404 8703 1.926652 766.4660 40.113574 2959.514
F 9.120108394e+04 89439 8968 1.071283 1713.9467 40.113574 2959.514
F 9.332543008e+04 91526 9180 4.794750 2013.0784 40.113574 2959.514
F 9.549925860e+04 93656 9375 2.992473 2073.0131 40.113574 2959.514
F 9.772372210e+04 95836 9558 1.534142 1960.9576 40.113574 2959.514
S 1.000000000e+05 98068 9744 88323 40.113574 1.263118 3.939810 -0.500000 1718.218007 7.362996e+04 38.185355 8 2.787878e-05 4.711071e-10 0 0 1.166553e-09 0 0 2959.514 1823.709 58873 9807 8639 0 0.0 40.113574
F 1.000000000e+05 98068 9744 1.263118 1823.7093 40.113574 2959.514
P      1e+05 98069 9744 40.11 2959.5 8 1823.3
F 1.023292992e+05 100353 9958 1.995824 1969.6357 40.113574 2959.514
F 1.047128548e+05 102696 9998 7.521108 53.8786 40.113574 2959.514
F 1.071519305e+05 105087 10067 6.599612 -1569.7428 40.113574 2959.514
F 1.096478196e+05 107529 10142 0.963108 -3178.2028 40.113574 3608.609
F 1.122018454e+05 110036 10261 3.313825 -4344.5099 40.113574 4342.715
F 1.148153621e+05 112602 10547 6.323765 -3623.3053 40.113574 4399.172
F 1.174897555e+05 115219 10814 0.633998 -3172.3832 40.113574 4399.172
F 1.202264435e+05 117903 11151 0.853939 -1970.8127 40.113574 4399.172
F 1.230268771e+05 120651 11463 2.560611 -1112.2446 40.113574 4399.172
F 1.258925412e+05 123464 11863 5.297894 720.5966 40.113574 4399.172
F 1.288249552e+05 126335 12209 0.575749 1855.1679 40.113574 4399.172
F 1.318256739e+05 129278 12578 0.869430 3200.2964 40.113574 4399.172
F 1.348962883e+05 132291 12848 2.618676 3315.8232 40.113574 4399.172
F 1.380384265e+05 135385 13075 15.226882 2857.3360 40.113574 4399.172
F 1.412537545e+05 138527 13307 4.060252 2391.2499 40.113574 4399.172
F 1.445439771e+05 141753 13509 3.446936 1498.5357 40.113574 4399.172
F 1.479108388e+05 145055 13759 3.676141 1104.8666 40.113574 4399.172
F 1.513561248e+05 148442 13869 11.997224 -1030.0860 40.113574 4399.172
F 1.548816619e+05 151891 13990 3.618765 -3106.8688 40.113574 4399.172
R 1.564796825e+05 41.492408 153496 13993 1.556598e+05
R 1.564805260e+05 42.665182 153498 13993 1.556598e+05
R 1.564808331e+05 43.364088 153499 13993 1.556598e+05
F 1.584893192e+05 155426 14111 0.707617 -5263.3445 43.364088 5443.774
F 1.621810097e+05 159051 14393 5.387932 -5575.3549 43.364088 5746.768
F 1.659586907e+05 162752 14795 1.740168 -4525.0520 43.364088 5981.536
F 1.698243652e+05 166543 15233 1.800072 -3115.1066 43.364088 5981.536
F 1.737800829e+05 170423 15700 2.557638 -1425.5945 43.364088 5981.536
F 1.778279410e+05 174391 16178 0.956040 299.3399 43.364088 5981.536
F 1.819700859e+05 178452 16698 -0.109457 2449.2571 43.364088 5981.536
F 1.862087137e+05 182609 17183 0.207385 4096.3021 43.364088 5981.536
F 1.905460718e+05 186863 17616 0.702638 5019.6237 43.364088 5981.536
F 1.949844600e+05 191220 17917 5.121039 4248.3631 43.364088 5981.536
F 1.995262315e+05 195675 18194 6.154789 3094.9639 43.364088 5981.536
F 2.041737945e+05 200229 18498 2.442339 2173.7813 43.364088 5981.536
R 2.086527881e+05 44.040261 204663 18715 2.080905e+05
R 2.086530248e+05 45.808196 204665 18715 2.080905e+05
R 2.086546387e+05 46.225512 204667 18715 2.080905e+05
F 2.089296131e+05 204905 18715 14.567127 79.3444 46.874294 5981.536
F 2.137962090e+05 209665 19086 2.056306 -226.2366 46.874294 5981.536
F 2.187761624e+05 214570 19268 23.379427 -2952.0347 46.874294 5981.536
F 2.238721139e+05 219546 19480 1.947101 -5422.2250 46.874294 5981.536
F 2.290867653e+05 224662 19731 4.109622 -7534.9956 46.874294 7709.408
F 2.344228815e+05 229898 20174 7.155565 -7386.1384 46.874294 7709.408
F 2.398832919e+05 235248 20774 2.310351 -5407.7000 46.874294 7709.408
F 2.454708916e+05 240727 21422 1.734768 -2954.4049 46.874294 7709.408
F 2.511886432e+05 246341 22179 8.523474 737.8402 46.874294 7709.408
F 2.570395783e+05 252075 22829 4.703450 2989.3333 46.874294 7709.408
F 2.630267992e+05 257943 23517 1.232428 5580.5992 46.874294 7709.408
F 2.691534804e+05 263952 24125 1.997278 7048.7174 46.874294 7709.408
F 2.754228703e+05 270101 24641 2.812352 7236.8955 46.874294 7709.408
F 2.818382931e+05 276393 24984 3.417803 5122.2847 46.874294 7709.408
F 2.884031503e+05 282834 25318 6.477848 2751.8106 46.874294 7709.408
F 2.951209227e+05 289421 25701 5.579008 854.8474 46.874294 7709.408
F 3.019951720e+05 296163 26022 6.228292 -1973.0772 46.874294 7709.408
F 3.090295433e+05 303062 26522 6.851345 -2693.2809 46.874294 7709.408
R 3.146364346e+05 47.357086 308601 26716 3.139429e+05
R 3.146366861e+05 48.110418 308602 26716 3.139429e+05
R 3.146519350e+05 49.156295 308618 26716 3.139429e+05
R 3.146528847e+05 50.224921 308620 26716 3.139429e+05
R 3.146543416e+05 51.796239 308623 26716 3.139429e+05
R 3.146700700e+05 52.371911 308639 26716 3.139429e+05
S 3.162277660e+05 310119 26833 283285 52.727383 4.790557 4.362777 -0.500000 1390.889829 1.556598e+05 43.364088 9 2.787878e-05 2.248593e-10 0 0 5.841776e-11 0 0 7709.408 -5956.258 110866 9807 25984 0 0.0 52.727383
F 3.162277660e+05 310119 26833 4.790557 -5956.2581 52.727383 7709.408
P   3.16e+05 310120 26833 52.73 7709.4 9 -5956.3
F 3.235936569e+05 317346 27211 8.303120 -8531.0788 52.727383 8821.666
F 3.311311215e+05 324731 27666 1.559047 -10277.2619 52.727383 10474.887
F 3.388441561e+05 332307 28406 13.639136 -8576.6880 52.727383 10474.887
F 3.467368505e+05 340034 29316 0.532896 -4857.9597 52.727383 10474.887
F 3.548133892e+05 347956 30195 2.136422 -1711.3717 52.727383 10474.887
F 3.630780548e+05 356060 31259 1.250214 3633.5646 52.727383 10474.887
F 3.715352291e+05 364353 32157 0.576954 6683.1240 52.727383 10474.887
F 3.801893963e+05 372840 33054 0.719227 9555.7770 52.727383 10474.887
F 3.890451450e+05 381527 33755 3.177188 9734.0793 52.727383 10474.887
F 3.981071706e+05 390411 34404 0.346179 9038.4857 52.727383 10550.710
F 4.073802778e+05 399509 34819 4.514284 5127.9397 52.727383 10550.710
F 4.168693835e+05 408813 35183 2.859832 363.6667 52.727383 10550.710
F 4.265795188e+05 418333 35723 0.448843 -2327.6019 52.727383 10550.710
F 4.365158322e+05 428082 36241 5.232408 -5530.1722 52.727383 10550.710
F 4.466835922e+05 438053 36973 5.044016 -6183.3653 52.727383 10550.710
F 4.570881896e+05 448253 37506 1.596809 -9607.0192 52.727383 10550.710
F 4.677351413e+05 458696 38149 3.480785 -11860.5067 52.727383 11887.387
F 4.786300923e+05 469378 38996 1.159926 -11668.5379 52.727383 13804.259
F 4.897788194e+05 480310 40052 -0.030737 -8974.3505 52.727383 13804.259
F 5.011872336e+05 491499 41359 1.111875 -3227.2490 52.727383 13804.259
F 5.128613840e+05 502946 42653 -0.344188 2100.8837 52.727383 13804.259
F 5.248074602e+05 514662 44051 0.530949 8564.5894 52.727383 13804.259
F 5.370317964e+05 526655 45185 5.525774 11288.7035 52.727383 13804.259
F 5.495408739e+05 538918 46409 1.284086 14942.1472 52.727383 15183.456
F 5.623413252e+05 551472 47251 2.301633 13281.9946 52.727383 15496.441
F 5.754399373e+05 564324 47959 8.922656 9563.6872 52.727383 15496.441
F 5.888436554e+05 577471 48563 11.336366 4178.4285 52.727383 15496.441
F 6.025595861e+05 590910 48997 -0.426672 -3767.2386 52.727383 15496.441
F 6.165950019e+05 604680 49712 5.501772 -8277.5256 52.727383 15496.441
F 6.309573445e+05 618769 50529 9.823802 -11738.5457 52.727383 15496.441
F 6.456542290e+05 633174 51636 2.071538 -11635.0819 52.727383 15496.441
F 6.606934480e+05 647921 52611 0.603146 -13618.7877 52.727383 15496.441
F 6.760829754e+05 663025 53728 12.598794 -14026.9704 52.727383 15496.441
F 6.918309709e+05 678456 55018 0.056501 -12407.3291 52.727383 15616.699
F 7.079457844e+05 694259 56560 -0.212103 -7769.2982 52.727383 15616.699
F 7.244359601e+05 710433 58458 2.413879 1337.7271 52.727383 15616.699
F 7.413102413e+05 726986 60258 7.360170 8805.4028 52.727383 15616.699
F 7.585775750e+05 743915 62095 2.852775 16387.7899 52.727383 16392.529
F 7.762471166e+05 761240 63525 -0.086678 18096.1194 52.727383 18378.994
F 7.943282347e+05 778978 65014 6.354310 20225.8375 52.727383 20628.477
F 8.128305162e+05 797130 66008 13.774230 15260.2210 52.727383 20697.295
F 8.317637711e+05 815718 66912 34.552587 8653.3806 52.727383 20697.295
F 8.511380382e+05 834684 67675 0.844793 -282.5933 52.727383 20697.295
R 8.667309939e+05 53.345001 850028 68165 8.662179e+05
R 8.667350449e+05 54.372331 850033 68165 8.662179e+05
R 8.667350998e+05 55.318418 850034 68165 8.662179e+05
R 8.667383341e+05 56.146681 850038 68165 8.662179e+05
F 8.709635900e+05 854129 68272 3.576952 -11928.3847 56.146681 20697.295
F 8.912509381e+05 874024 69471 3.440517 -15775.0405 56.146681 20697.295
F 9.120108394e+05 894380 70690 0.886822 -19805.5787 56.146681 20697.295
F 9.332543008e+05 915213 72365 1.121493 -18016.5499 56.146681 20697.295
F 9.549925860e+05 936537 74000 7.098722 -17238.5421 56.146681 20697.295
F 9.772372210e+05 958355 75786 10.515411 -14843.4429 56.146681 20697.295
S 1.000000000e+06 980670 77702 902967 56.146681 2.805179 4.435674 -0.500000 2004.757627 4.170992e+05 43.429487 9 3.596055e-07 1.071492e-12 0 0 1.071492e-12 0 0 20697.295 -11156.408 158733 9807 77709 0 0.1 56.146681
F 1.000000000e+06 980670 77702 2.805179 -11156.4083 56.146681 20697.295
M 1.000000000e+06 980670 2.805179 /private/tmp/rh-s40-free-greedy/var_r098_th0.5_1e8.mom.1.000000e+06
P      1e+06 980671 77702 56.15 20697.3 9 -11156.7
F 1.023292992e+06 1003523 79974 13.132231 -3008.3775 56.146681 20697.295
F 1.047128548e+06 1026892 82616 7.385077 9755.6206 56.146681 20697.295
F 1.071519305e+06 1050804 84865 0.170119 16564.6636 56.146681 20697.295
F 1.096478196e+06 1075282 87379 1.805071 26545.6103 56.146681 26692.912
F 1.122018454e+06 1100327 89149 0.312242 25642.4669 56.146681 26800.042
F 1.148153621e+06 1125961 90833 4.411648 22984.6149 56.146681 26800.042
F 1.174897555e+06 1152187 92167 3.513977 14870.1859 56.146681 26800.042
F 1.202264435e+06 1179056 93314 34.713381 3545.8186 56.146681 26800.042
F 1.230268771e+06 1206498 94400 13.780104 -9239.2952 56.146681 26800.042
F 1.258925412e+06 1234595 95463 8.152933 -22973.0955 56.146681 26800.042
F 1.288249552e+06 1263348 97309 3.931485 -26346.0701 56.146681 26800.042
F 1.318256739e+06 1292776 99251 4.868299 -29007.8706 56.146681 30786.203
F 1.348962883e+06 1322884 101826 0.360758 -23398.7978 56.146681 30786.203
F 1.380384265e+06 1353703 104335 5.442811 -19370.3676 56.146681 30786.203
F 1.412537545e+06 1385230 107042 0.776511 -13217.4514 56.146681 30786.203
F 1.445439771e+06 1417499 110035 3.643352 -3645.7027 56.146681 30786.203
F 1.479108388e+06 1450517 113154 3.935402 6974.4663 56.146681 30786.203
F 1.513561248e+06 1484303 116679 3.146235 22671.4364 56.146681 30786.203
F 1.548816619e+06 1518876 119654 2.361650 29833.9841 56.146681 30786.203
F 1.584893192e+06 1554260 122689 7.250166 37075.0655 56.146681 37651.878
F 1.621810097e+06 1590456 124991 0.053312 33049.1780 56.146681 37651.878
F 1.659586907e+06 1627506 127015 3.575674 24241.6944 56.146681 37651.878
F 1.698243652e+06 1665414 128671 2.174717 9350.8440 56.146681 37651.878
F 1.737800829e+06 1704211 130182 6.750377 -8508.2954 56.146681 37651.878
F 1.778279410e+06 1743901 131877 0.734396 -24583.0665 56.146681 37651.878
F 1.819700859e+06 1784524 133640 3.079421 -40574.3704 56.146681 40574.335
F 1.862087137e+06 1826089 136554 1.247844 -40886.7754 56.146681 42567.188
F 1.905460718e+06 1868624 139773 1.200379 -37719.5960 56.146681 42567.188
F 1.949844600e+06 1912150 143666 1.384382 -25739.7808 56.146681 42567.188
F 1.995262315e+06 1956691 147382 2.721889 -17255.6888 56.146681 42567.188
F 2.041737945e+06 2002271 151417 5.597382 -5135.2382 56.146681 42567.188
F 2.089296131e+06 2048909 155700 4.845265 9609.1442 56.146681 42567.188
F 2.137962090e+06 2096634 159963 4.737055 23059.2226 56.146681 42567.188
F 2.187761624e+06 2145466 164595 -0.031732 40842.0647 56.146681 42567.188
F 2.238721139e+06 2195448 168400 7.645002 45478.5073 56.146681 45695.774
F 2.290867653e+06 2246581 172124 2.270211 47824.0648 56.146681 49190.704
F 2.344228815e+06 2298910 174983 1.729650 36365.8716 56.146681 49190.704
F 2.398832919e+06 2352473 177599 16.277505 20159.6707 56.146681 49190.704
F 2.454708916e+06 2407254 179908 1.521677 -1766.3624 56.146681 49190.704
R 2.510717195e+06 57.040968 2462235 181934 2.510319e+06
R 2.510723033e+06 58.315773 2462242 181934 2.510319e+06
R 2.510723993e+06 59.374328 2462244 181934 2.510319e+06
R 2.510731136e+06 60.369418 2462252 181934 2.510319e+06
R 2.510738398e+06 61.247671 2462260 181934 2.510319e+06
F 2.511886432e+06 2463329 181970 4.408732 -28582.2848 61.247671 49190.704
F 2.570395783e+06 2520714 184743 11.208493 -46192.0947 61.247671 49190.704
F 2.630267992e+06 2579420 187775 2.498279 -61273.4483 61.247671 61616.470
F 2.691534804e+06 2639507 192248 7.146773 -56365.3529 61.247671 61651.865
F 2.754228703e+06 2700986 197203 4.297517 -45637.6869 61.247671 61651.865
F 2.818382931e+06 2763898 203038 2.352021 -23200.7634 61.247671 61651.865
F 2.884031503e+06 2828279 208630 3.952478 -5732.5663 61.247671 61651.865
F 2.951209227e+06 2894154 214315 -0.035922 11779.5314 61.247671 61651.865
F 3.019951720e+06 2961568 220230 0.456911 31258.4276 61.247671 61651.865
F 3.090295433e+06 3030554 225614 2.687441 41352.1188 61.247671 61651.865
S 3.162277660e+06 3101151 231644 2869506 61.247671 9.079561 4.464234 -0.500000 2592.112863 1.200718e+06 49.434756 9 4.137213e-07 2.254454e-13 0 0 3.001922e-12 0 0 61651.865 59566.528 177932 9807 234443 0 0.2 61.247671
F 3.162277660e+06 3101151 231644 9.079561 59566.5278 61.247671 61651.865
P   3.16e+06 3101152 231644 61.25 61651.9 9 59565.8
F 3.235936569e+06 3173378 236516 1.205197 58941.2914 61.247671 61651.865
F 3.311311215e+06 3247297 241234 2.764462 54367.6515 61.247671 63266.316
F 3.388441561e+06 3322936 244835 2.565351 31355.7460 61.247671 63266.316
F 3.467368505e+06 3400336 248379 1.502959 5792.9425 61.247671 63266.316
F 3.548133892e+06 3479541 251728 2.538217 -24463.4045 61.247671 63266.316
F 3.630780548e+06 3560590 254903 2.676137 -59190.6166 61.247671 63266.316
F 3.715352291e+06 3643528 259504 3.943537 -74192.0889 61.247671 75242.017
F 3.801893963e+06 3728393 264381 0.366266 -86823.3147 61.247671 88101.356
F 3.890451450e+06 3815242 271374 3.945879 -69319.2030 61.247671 88101.356
F 3.981071706e+06 3904108 278937 1.635785 -45038.2190 61.247671 88101.356
F 4.073802778e+06 3995047 287418 2.316831 -8753.3244 61.247671 88101.356
F 4.168693835e+06 4088105 295540 3.772315 20121.7101 61.247671 88101.356
F 4.265795188e+06 4183327 303427 1.662426 43350.0883 61.247671 88101.356
F 4.365158322e+06 4280769 311329 1.498080 64752.6541 61.247671 88101.356
F 4.466835922e+06 4380482 318067 2.614152 66199.2726 61.247671 88101.356
F 4.570881896e+06 4482532 325813 18.142082 80860.4554 61.247671 88101.356
F 4.677351413e+06 4586930 331943 4.981842 68472.7945 61.247671 88101.356
F 4.786300923e+06 4693772 337984 3.773252 52366.8395 61.247671 88101.356
F 4.897788194e+06 4803107 342966 6.866629 17573.1918 61.247671 88101.356
F 5.011872336e+06 4914979 347557 0.292749 -25740.3223 61.247671 88101.356
F 5.128613840e+06 5029465 352733 1.732111 -62566.9598 61.247671 88101.356
F 5.248074602e+06 5146623 358159 8.483486 -98134.1650 61.247671 98254.419
F 5.370317964e+06 5266495 365392 0.431731 -108369.4171 61.247671 110789.923
F 5.495408739e+06 5389168 373166 1.014856 -112898.7959 61.247671 116391.526
F 5.623413252e+06 5514700 383959 3.190322 -73277.6663 61.247671 116391.526
F 5.754399373e+06 5643151 394917 0.400554 -33793.6332 61.247671 116391.526
F 5.888436554e+06 5774599 406868 2.537652 18347.0842 61.247671 116391.526
F 6.025595861e+06 5909108 418535 3.907280 63197.4155 61.247671 116391.526
F 6.165950019e+06 6046753 428983 8.191713 86144.9912 61.247671 116391.526
F 6.309573445e+06 6187595 439646 3.412020 109437.0104 61.247671 116391.526
F 6.456542290e+06 6331723 448397 3.889375 99652.5563 61.247671 116391.526
F 6.606934480e+06 6479206 457749 2.205457 96091.5115 61.247671 116391.526
F 6.760829754e+06 6630131 465599 7.161936 65605.8236 61.247671 116391.526
F 6.918309709e+06 6784559 473553 -0.260994 33349.4423 61.247671 116391.526
F 7.079457844e+06 6942592 480593 0.052962 -16806.2311 61.247671 116391.526
R 7.177251907e+06 62.624845 7038558 484986 7.176506e+06
R 7.177253313e+06 63.246871 7038560 484986 7.176506e+06
R 7.177255196e+06 64.399536 7038563 484986 7.176506e+06
F 7.244359601e+06 7104308 487510 2.312781 -72494.3019 64.399536 116391.526
F 7.413102413e+06 7269786 495812 -0.224301 -109933.6389 64.399536 116391.526
F 7.585775750e+06 7439127 504266 5.701744 -148752.0802 64.399536 149531.075
F 7.762471166e+06 7612405 515745 4.307218 -143414.3215 64.399536 153482.932
F 7.943282347e+06 7789720 527988 3.717094 -129798.8302 64.399536 153482.932
F 8.128305162e+06 7971162 543675 -0.083703 -65394.8560 64.399536 153482.932
F 8.317637711e+06 8156836 559711 1.699863 638.6286 64.399536 153482.932
F 8.511380382e+06 8346836 576346 4.621925 72207.5328 64.399536 153482.932
F 8.709635900e+06 8541257 592244 2.943517 127864.3486 64.399536 153482.932
F 8.912509381e+06 8740211 605784 5.579162 141522.9767 64.399536 153482.932
F 9.120108394e+06 8943793 619625 2.042212 155599.9899 64.399536 159278.908
F 9.332543008e+06 9152127 630715 8.388922 121067.2516 64.399536 159278.908
F 9.549925860e+06 9365306 642611 7.161212 94739.6992 64.399536 159278.908
F 9.772372210e+06 9583447 653004 2.328103 39449.7126 64.399536 159278.908
S 1.000000000e+07 9806683 663893 9142789 64.399536 11.225788 4.868710 -0.500000 2268.863541 5.220295e+06 40.210957 10 5.201493e-08 6.825192e-15 0 0 7.993520e-14 0 0 159278.908 -12798.464 180167 9807 678056 0 0.5 64.399536
F 1.000000000e+07 9806683 663893 11.225788 -12798.4638 64.399536 159278.908
M 1.000000000e+07 9806683 11.225788 /private/tmp/rh-s40-free-greedy/var_r098_th0.5_1e8.mom.1.000000e+07
P      1e+07 9806684 663893 64.40 159278.9 10 -12804.8
F 1.023292992e+07 10035109 674097 10.496302 -81119.0498 64.399536 159278.908
R 1.045574694e+07 65.165153 10253673 684563 1.045491e+07
R 1.045575718e+07 66.122944 10253684 684563 1.045491e+07
R 1.045575905e+07 67.284288 10253687 684563 1.045491e+07
F 1.047128548e+07 10268851 685188 5.024769 -140333.2072 67.284288 159278.908
F 1.071519305e+07 10508041 698380 2.875186 -170833.3051 67.284288 171864.297
F 1.096478196e+07 10752808 711660 6.224709 -205294.2784 67.284288 206811.841
F 1.122018454e+07 11003277 729633 10.296411 -169126.6258 67.284288 206811.841
F 1.148153621e+07 11259567 748522 1.290472 -123600.5002 67.284288 206811.841
F 1.174897555e+07 11521836 771055 1.313765 -24474.2069 67.284288 206811.841
F 1.202264435e+07 11790217 793602 4.307809 69261.5446 67.284288 206811.841
F 1.230268771e+07 12064844 816090 1.975032 156071.6108 67.284288 206811.841
F 1.258925412e+07 12345871 837125 2.703326 213190.2632 67.284288 214771.215
F 1.288249552e+07 12633441 855021 0.488843 212832.1982 67.284288 232343.855
F 1.318256739e+07 12927718 872620 6.856987 201211.1231 67.284288 232343.855
F 1.348962883e+07 13228836 886910 -0.218425 128683.1379 67.284288 232343.855
F 1.380384265e+07 13536976 902324 0.602107 67821.3240 67.284288 232343.855
F 1.412537545e+07 13852296 916779 3.939109 -15792.0275 67.284288 232343.855
F 1.445439771e+07 14174959 931942 5.607514 -94971.5013 67.284288 232343.855
F 1.479108388e+07 14505166 947421 35.528013 -176231.0843 67.284288 232343.855
F 1.513561248e+07 14843014 964653 15.636348 -236011.7763 67.284288 236011.548
F 1.548816619e+07 15188737 985597 0.790491 -242018.5592 67.284288 255458.856
F 1.584893192e+07 15542529 1006735 1.675659 -252540.0716 67.284288 256806.502
F 1.621810097e+07 15904559 1033761 -0.292880 -173295.0422 67.284288 256806.502
F 1.659586907e+07 16275029 1061906 4.930732 -83389.1521 67.284288 256806.502
F 1.698243652e+07 16654123 1093435 4.921168 54602.5842 67.284288 256806.502
F 1.737800829e+07 17042047 1124637 4.677765 178850.8857 67.284288 256806.502
F 1.778279410e+07 17439013 1154466 10.517956 271726.3909 67.284288 273152.500
F 1.819700859e+07 17845213 1182648 3.968208 328355.8501 67.284288 329945.901
F 1.862087137e+07 18260884 1205539 6.652432 287422.1748 67.284288 329945.901
F 1.905460718e+07 18686230 1228125 2.177786 232063.6340 67.284288 329945.901
R 1.925785733e+07 68.430972 18885617 1236069 1.925674e+07
R 1.925785819e+07 69.579398 18885619 1236069 1.925674e+07
R 1.925786745e+07 70.504345 18885629 1236069 1.925674e+07
R 1.925786785e+07 71.110864 18885630 1236069 1.925674e+07
R 1.925786992e+07 72.078813 18885633 1236069 1.925674e+07
R 1.925787290e+07 73.160365 18885637 1236069 1.925674e+07
R 1.925787297e+07 74.085034 18885638 1236069 1.925674e+07
R 1.925788114e+07 75.078158 18885647 1236069 1.925674e+07
R 1.925788464e+07 76.648707 18885652 1236069 1.925674e+07
R 1.925788625e+07 77.070049 18885654 1236069 1.925674e+07
F 1.949844600e+07 19121487 1246221 1.017817 91827.8281 77.638035 329945.901
F 1.995262315e+07 19566892 1267473 9.392887 -5375.8162 77.638035 329945.901
F 2.041737945e+07 20022657 1288135 3.147812 -122573.0626 77.638035 329945.901
F 2.089296131e+07 20489046 1310953 4.626643 -213806.8848 77.638035 329945.901
F 2.137962090e+07 20966299 1335459 6.544544 -287095.9052 77.638035 329945.901
F 2.187761624e+07 21454671 1361717 10.856673 -341610.1619 77.638035 341733.544
F 2.238721139e+07 21954405 1393696 1.624018 -310301.5694 77.638035 350711.068
F 2.290867653e+07 22465788 1426700 0.876103 -272753.3963 77.638035 350711.068
F 2.344228815e+07 22989113 1466822 30.470496 -125907.7369 77.638035 350711.068
F 2.398832919e+07 23524567 1506854 -0.050955 7873.7962 77.638035 350711.068
F 2.454708916e+07 24072527 1550673 2.390769 194264.3741 77.638035 350711.068
M 2.500000000e+07 24516686 6.593470 /private/tmp/rh-s40-free-greedy/var_r098_th0.5_1e8.mom.2.500000e+07
F 2.511886432e+07 24633268 1593120 22.261318 345323.4033 77.638035 350711.068
F 2.570395783e+07 25207028 1630890 0.258928 404329.7288 77.638035 411509.286
F 2.630267992e+07 25794182 1668108 7.156784 441076.3091 77.638035 446153.393
F 2.691534804e+07 26395000 1697690 1.641723 334300.8477 77.638035 446153.393
F 2.754228703e+07 27009820 1726942 3.149164 208252.8931 77.638035 446153.393
F 2.818382931e+07 27638962 1751923 5.694203 -4915.0660 77.638035 446153.393
F 2.884031503e+07 28282752 1781506 1.698774 -153399.5663 77.638035 446153.393
F 2.951209227e+07 28941541 1812030 0.814780 -300336.5284 77.638035 446153.393
F 3.019951720e+07 29615680 1846612 4.743102 -392479.7530 77.638035 446153.393
F 3.090295433e+07 30305516 1885973 3.048405 -417452.3956 77.638035 446153.393
S 3.162277660e+07 31011420 1925920 29085499 77.638035 0.969609 5.292939 -0.500000 2598.231147 1.997028e+07 50.583293 11 6.054093e-08 2.832521e-15 0 0 5.214777e-15 1 0 448463.969 -447782.642 180243 9807 1982287 0 1.4 77.638035
F 3.162277660e+07 31011420 1925920 0.969609 -447782.6423 77.638035 448463.969
P   3.16e+07 31011421 1925920 77.64 448464.0 11 -447783.3
F 3.235936569e+07 31733773 1974932 5.225969 -337359.2533 77.638035 449286.437
F 3.311311215e+07 32472946 2024443 3.818620 -234346.7908 77.638035 449286.437
F 3.388441561e+07 33229337 2082152 2.827506 -5655.8588 77.638035 449286.437
F 3.467368505e+07 34003346 2138781 1.203582 187761.9045 77.638035 449286.437
F 3.548133892e+07 34795384 2197756 -0.443831 404684.7661 77.638035 449286.437
F 3.630780548e+07 35605873 2253641 -0.064636 550470.4852 77.638035 550552.566
F 3.715352291e+07 36435240 2303774 -0.390630 578049.6138 77.638035 603214.945
F 3.801893963e+07 37283930 2352079 3.836654 555232.8567 77.638035 603214.945
F 3.890451450e+07 38152385 2390106 4.632785 333801.2463 77.638035 603214.945
F 3.981071706e+07 39041074 2429066 10.531849 108975.6781 77.638035 603214.945
F 4.073802778e+07 39950460 2464829 13.342304 -192057.2263 77.638035 603214.945
F 4.168693835e+07 40881017 2506904 4.897143 -403181.2222 77.638035 603214.945
F 4.265795188e+07 41833259 2553534 5.798253 -555469.8479 77.638035 603214.945
F 4.365158322e+07 42807687 2606948 12.154796 -610022.5803 77.638035 610021.801
F 4.466835922e+07 43804808 2667712 14.315520 -557088.4254 77.638035 623165.349
F 4.570881896e+07 44825138 2729295 -0.405183 -512071.8906 77.638035 623165.349
F 4.677351413e+07 45869252 2802646 1.992412 -282095.3979 77.638035 623165.349
F 4.786300923e+07 46937683 2873903 0.906512 -112156.9759 77.638035 623165.349
F 4.897788194e+07 48031002 2954457 0.840282 198388.3892 77.638035 623165.349
M 5.000000000e+07 49033362 3.206272 /private/tmp/rh-s40-free-greedy/var_r098_th0.5_1e8.mom.5.000000e+07
F 5.011872336e+07 49149791 3034235 4.101482 471190.0206 77.638035 623165.349
F 5.128613840e+07 50294633 3111673 0.495104 677713.9020 77.638035 678909.600
F 5.248074602e+07 51466147 3186123 2.008855 805797.7708 77.638035 811166.304
F 5.370317964e+07 52664954 3251030 8.491306 737987.5700 77.638035 816811.951
F 5.495408739e+07 53891673 3314024 3.322556 609122.2530 77.638035 816811.951
R 5.565821734e+07 78.190946 54582265 3341692 5.565664e+07
F 5.623413252e+07 55146969 3364613 1.077213 231484.4948 78.307731 816811.951
F 5.754399373e+07 56431506 3419311 0.179531 -101475.1182 78.307731 816811.951
R 5.816042812e+07 79.209554 57036102 3440157 5.815895e+07
F 5.888436554e+07 57745973 3471275 8.550514 -512560.1560 79.209554 816811.951
F 6.025595861e+07 59091048 3534300 7.246797 -755615.7376 79.209554 816811.951
F 6.165950019e+07 60467449 3606862 1.091121 -858235.3722 79.209554 872529.703
F 6.309573445e+07 61875916 3688005 0.294193 -837946.7684 79.209554 872529.703
F 6.456542290e+07 63317194 3781173 3.067744 -633111.0058 79.209554 872529.703
F 6.606934480e+07 64792038 3873282 0.228570 -479475.1469 79.209554 872529.703
F 6.760829754e+07 66301242 3979493 3.793356 -104687.4515 79.209554 872529.703
F 6.918309709e+07 67845602 4082055 9.564055 170850.3410 79.209554 872529.703
F 7.079457844e+07 69425928 4192119 8.703611 547584.7260 79.209554 872529.703
F 7.244359601e+07 71043057 4299822 0.301806 846720.8271 79.209554 872529.703
F 7.413102413e+07 72697864 4401438 1.930985 999489.5127 79.209554 1011510.806
F 7.585775750e+07 74391216 4498899 3.191434 1040125.2532 79.209554 1050142.070
F 7.762471166e+07 76124015 4583400 8.246179 807481.5372 79.209554 1050142.070
F 7.943282347e+07 77897169 4667515 6.344932 528509.9210 79.209554 1050142.070
F 8.128305162e+07 79711621 4738389 0.336965 -31687.2800 79.209554 1050142.070
F 8.317637711e+07 81568358 4816076 15.172625 -509184.7604 79.209554 1050142.070
F 8.511380382e+07 83468315 4894814 1.393243 -1009697.8349 79.209554 1050142.070
F 8.709635900e+07 85412564 4990693 23.609164 -1240429.6326 79.209554 1240571.644
F 8.912509381e+07 87402073 5103423 18.965611 -1206731.9772 79.209554 1319412.382
F 9.120108394e+07 89437912 5226560 2.596116 -1027132.4893 79.209554 1319412.382
F 9.332543008e+07 91521186 5366459 0.063215 -585600.0836 79.209554 1319412.382
F 9.549925860e+07 93652988 5501744 -0.213886 -275134.6843 79.209554 1319412.382
F 9.772372210e+07 95834448 5652152 1.455029 265914.7213 79.209554 1319412.382
S 1.000000000e+08 98066720 5796820 92269899 79.209554 2.431877 5.444989 -0.500000 4079.875517 7.987394e+07 63.264897 10 2.628356e-08 5.172843e-16 0 0 1.057509e-14 0 0 1319412.382 653105.269 180245 9807 4010891 0 4.3 79.209554
F 1.000000000e+08 98066720 5796820 2.431877 653105.2688 79.209554 1319412.382
M 1.000000000e+08 98066720 2.431877 /private/tmp/rh-s40-free-greedy/var_r098_th0.5_1e8.mom.1.000000e+08
# windows 65
# done N=98066720 pi=5796820 C=92269899 supE=79.209553813 minEbefore=-0.500000000 skviol=0 supPsi=1319412.382 nS=180245 nP_small=1177 nL=5795643 nM=9807 LDbytes=4010891 time=4.3
