# s8gen mode=rule X=1.000000e+08 theta=0.500000 rho=0.99483767363676789-3.523439e-17 t=1.0051891142646021+7.976159e-18 B=10000.000000
# S cols: x N pi C supE E(x) meanE_win minEbefore_win maxPrimeGap_win gapStart gapPeakE maxClu_win minGapAbs minGapRel ties misorders minDecisionMargin_rel ambig_double skorokhodViol supPsi psi-x nS nM nLDbytes heap time wMaxE
R 6.788965479e+00 1.240919 8 3 6.528540e+00
S 1.000000000e+01 11 4 6 1.374727 1.046461 0.289928 -0.500000 3.015567 1.502595e+00 0.748703 2 2.604254e-01 2.707933e-02 0 0 2.783303e-02 0 0 2.239 -2.324 11 0 0 0 0.0 1.374727
F 1.000000000e+01 11 4 1.046461 -2.3238 1.374727 2.239
P         10 12 4 1.85 2.5 3 -2.5
F 1.023292992e+01 12 4 1.814733 -2.5568 1.846436 2.525
F 1.047128548e+01 12 4 1.577608 -2.7951 1.846436 2.525
F 1.071519305e+01 12 4 1.334960 -3.0390 1.846436 2.525
F 1.096478196e+01 12 4 1.086659 -3.2886 1.846436 2.525
F 1.122018454e+01 12 4 0.832575 -3.5440 1.846436 2.525
F 1.148153621e+01 12 4 0.572573 -3.8054 1.846436 2.525
F 1.174897555e+01 13 4 1.306514 -3.6656 1.846436 3.426
F 1.202264435e+01 13 4 1.034258 -3.9393 1.846436 3.426
F 1.230268771e+01 13 4 0.755660 -4.2193 1.846436 3.426
F 1.258925412e+01 13 4 0.470573 -4.5059 1.846436 3.426
F 1.288249552e+01 13 4 0.178846 -4.7991 1.846436 3.426
F 1.318256739e+01 13 4 -0.119677 -5.0992 1.846436 3.426
F 1.348962883e+01 13 4 -0.425153 -5.4063 1.846436 3.426
F 1.380384265e+01 14 5 0.262255 -3.1130 1.846436 3.426
F 1.412537545e+01 14 5 -0.057618 -3.4345 1.846436 3.426
F 1.445439771e+01 15 5 0.615058 -3.7635 1.846436 3.650
F 1.479108388e+01 16 5 1.280110 -4.1002 1.846436 4.049
F 1.513561248e+01 16 5 0.937360 -4.4448 1.846436 4.049
F 1.548816619e+01 17 5 1.586626 -4.7973 1.846436 4.637
F 1.584893192e+01 17 5 1.227723 -5.1581 1.846436 4.637
F 1.621810097e+01 17 5 0.860460 -5.5272 1.846436 4.637
F 1.659586907e+01 17 5 0.484642 -5.9050 1.846436 4.637
F 1.698243652e+01 17 5 0.100070 -6.2916 1.846436 4.637
F 1.737800829e+01 18 5 0.706540 -6.2800 1.846436 6.196
F 1.778279410e+01 18 5 0.303844 -6.6847 1.846436 6.196
F 1.819700859e+01 18 5 -0.108232 -7.0990 1.846436 6.196
F 1.862087137e+01 19 6 0.470093 -4.6002 1.846436 6.196
F 1.905460718e+01 19 6 0.038597 -5.0339 1.846436 6.196
F 1.949844600e+01 19 6 -0.402951 -5.4777 1.846436 6.196
F 1.995262315e+01 20 7 0.145216 -2.9566 1.846436 6.196
F 2.041737945e+01 22 7 1.682859 -1.9132 1.846436 6.196
F 2.089296131e+01 22 7 1.209733 -2.3888 1.846436 6.196
F 2.137962090e+01 22 7 0.725585 -2.8755 1.846436 6.196
F 2.187761624e+01 23 7 1.230161 -3.3735 1.846436 6.196
F 2.238721139e+01 24 7 1.723196 -3.8831 1.960818 6.196
F 2.290867653e+01 24 7 1.204423 -4.4045 1.960818 6.196
R 2.303186119e+01 2.081874 25 7 1.959600e+01
F 2.344228815e+01 25 7 1.673566 -4.9381 2.081874 6.196
F 2.398832919e+01 25 7 1.130344 -5.4842 2.081874 6.196
F 2.454708916e+01 25 7 0.574469 -6.0429 2.081874 6.196
F 2.511886432e+01 25 7 0.005645 -6.6147 2.081874 6.196
F 2.570395783e+01 26 8 0.423572 -3.9562 2.081874 6.196
F 2.630267992e+01 27 8 0.827941 -4.1477 2.081874 6.196
F 2.691534804e+01 27 8 0.218435 -4.7604 2.081874 6.196
F 2.754228703e+01 27 8 -0.405267 -5.3873 2.081874 6.196
F 2.818382931e+01 29 9 0.956502 -2.7097 2.081874 6.196
F 2.884031503e+01 29 9 0.303406 -3.3661 2.081874 6.196
F 2.951209227e+01 31 9 1.635096 -4.0379 2.081874 6.196
F 3.019951720e+01 31 9 0.951220 -4.7254 2.081874 6.196
S 3.162277660e+01 33 9 23 2.479540 1.535308 0.723590 -0.500000 6.031135 1.959600e+01 2.081874 3 3.129625e-02 1.533094e-03 0 0 6.848680e-03 0 0 6.196 -6.149 33 0 0 0 0.0 2.479540
F 3.090295433e+01 33 9 2.251414 -5.4288 2.479540 6.196
F 3.162277660e+01 33 9 1.535308 -6.1486 2.479540 6.196
F 3.235936569e+01 33 9 0.802522 -6.8852 2.479540 6.196
P       31.6 34 9 2.48 6.9 3 -6.9
F 3.311311215e+01 34 9 1.052666 -7.6389 2.479540 6.905
F 3.388441561e+01 35 9 1.285344 -8.4102 2.479540 7.806
F 3.467368505e+01 36 9 1.500150 -9.1995 2.479540 9.133
F 3.548133892e+01 36 9 0.696665 -10.0072 2.479540 9.133
F 3.630780548e+01 36 9 -0.125535 -10.8336 2.479540 9.133
F 3.715352291e+01 37 10 0.033113 -8.0770 2.479540 9.133
F 3.801893963e+01 38 11 0.172164 -5.3130 2.479540 9.133
F 3.890451450e+01 39 11 0.291161 -6.1986 2.479540 9.133
F 3.981071706e+01 40 11 0.389637 -6.6976 2.479540 9.133
F 4.073802778e+01 41 12 0.467113 -3.9186 2.479540 9.133
F 4.168693835e+01 42 12 0.523101 -4.8675 2.479540 9.133
F 4.265795188e+01 44 12 1.557100 -3.9623 2.479540 9.133
F 4.365158322e+01 45 12 1.568598 -4.9560 2.479540 9.133
F 4.466835922e+01 47 12 2.557071 -5.9727 2.901609 9.133
F 4.570881896e+01 47 12 1.521983 -7.0132 2.901609 9.133
R 4.609005228e+01 3.142717 49 12 4.070497e+01
F 4.677351413e+01 49 12 2.462784 -8.0779 3.142717 9.133
F 4.786300923e+01 49 12 1.378913 -9.1674 3.142717 9.133
F 4.897788194e+01 50 12 1.269796 -10.2823 3.142717 9.957
F 5.011872336e+01 51 12 1.134844 -11.4231 3.142717 11.311
F 5.128613840e+01 51 12 -0.026545 -12.5905 3.142717 11.311
F 5.248074602e+01 53 13 0.785014 -9.8385 3.142717 11.311
F 5.370317964e+01 53 13 -0.431109 -11.0609 3.142717 11.311
F 5.495408739e+01 55 15 0.324441 -4.3238 3.142717 11.311
F 5.623413252e+01 56 15 0.051004 -5.6038 3.142717 11.311
F 5.754399373e+01 57 15 -0.252095 -6.9137 3.142717 11.311
F 5.888436554e+01 60 16 1.414452 -3.7900 3.142717 11.311
F 6.025595861e+01 60 16 0.049940 -5.1616 3.142717 11.311
F 6.165950019e+01 63 17 1.653644 -2.4574 3.142717 11.311
F 6.309573445e+01 66 17 3.224824 -3.8936 3.250295 11.311
F 6.456542290e+01 67 17 2.762723 -5.3633 3.282111 11.311
F 6.606934480e+01 68 17 2.266564 -6.8672 3.534712 11.311
F 6.760829754e+01 70 17 2.735556 -8.4062 3.740592 11.311
F 6.918309709e+01 71 17 2.168886 -9.9810 3.740592 11.311
F 7.079457844e+01 72 17 1.565724 -11.5925 3.740592 11.311
F 7.244359601e+01 72 17 -0.074781 -13.2415 3.740592 11.311
F 7.413102413e+01 74 18 0.246502 -10.6402 3.740592 11.311
F 7.585775750e+01 76 19 0.528683 -8.0510 3.740592 11.311
F 7.762471166e+01 77 20 -0.229150 -5.4756 3.740592 11.311
F 7.943282347e+01 79 20 -0.027928 -7.2837 3.740592 11.311
F 8.128305162e+01 81 21 0.131396 -4.7531 3.740592 11.311
F 8.317637711e+01 84 22 1.247844 -2.2407 3.740592 11.311
F 8.511380382e+01 86 22 1.320419 -4.1781 3.740592 11.311
F 8.709635900e+01 88 22 1.348099 -6.1607 3.740592 11.311
F 8.912509381e+01 91 22 2.329837 -7.7822 3.740592 11.311
F 9.120108394e+01 92 22 1.264563 -7.6023 3.740592 11.311
R 9.223279445e+01 4.238179 96 22 8.191772e+01
F 9.332543008e+01 96 22 3.151184 -8.2185 4.238179 11.311
F 9.549925860e+01 99 22 3.988577 -10.3923 4.717403 11.311
F 9.772372210e+01 101 22 3.775597 -12.6168 4.717403 12.253
S 1.000000000e+02 102 22 79 4.717403 2.511070 1.302857 -0.500000 12.062269 6.080875e+01 3.740592 4 2.086416e-02 2.355969e-04 0 0 1.168142e-03 0 0 14.786 -14.893 102 0 0 0 0.0 4.717403
F 1.000000000e+02 102 22 2.511070 -14.8931 4.717403 14.786
P        100 103 22 4.72 15.0 4 -15.0
F 1.023292992e+02 103 22 1.193796 -17.2224 4.717403 14.963
F 1.047128548e+02 105 22 0.822545 -19.6059 4.717403 18.955
F 1.071519305e+02 107 24 0.396060 -12.7079 4.717403 18.955
F 1.096478196e+02 110 26 0.913056 -5.8293 4.717403 18.955
F 1.122018454e+02 112 27 0.372215 -3.6642 4.717403 18.955
F 1.148153621e+02 114 27 -0.227810 -6.2777 4.717403 18.955
F 1.174897555e+02 119 28 2.111603 -4.2064 4.717403 18.955
F 1.202264435e+02 120 28 0.389042 -6.9431 4.717403 18.955
F 1.230268771e+02 123 29 0.603065 -4.9467 4.717403 18.955
F 1.258925412e+02 127 29 1.752195 -7.8124 4.717403 18.955
F 1.288249552e+02 130 29 1.834919 -10.7448 4.717403 18.955
F 1.318256739e+02 133 29 1.849691 -13.7455 4.717403 18.955
F 1.348962883e+02 137 29 2.794928 -16.4089 4.717403 18.955
F 1.380384265e+02 139 29 1.669011 -19.5511 4.717403 18.955
F 1.412537545e+02 144 29 3.470281 -22.7664 4.717403 22.398
F 1.445439771e+02 145 29 1.197044 -26.0566 4.717403 23.912
F 1.479108388e+02 147 29 -0.152437 -29.4235 4.717403 27.805
F 1.513561248e+02 151 31 0.420063 -22.8641 4.717403 27.805
F 1.548816619e+02 154 34 -0.087275 -11.2927 4.717403 27.805
F 1.584893192e+02 158 36 0.323692 -4.7905 4.717403 27.805
F 1.621810097e+02 161 37 -0.348941 -3.4113 4.717403 27.805
F 1.659586907e+02 167 38 1.892880 -2.0993 4.717403 27.805
F 1.698243652e+02 171 38 2.047161 -5.9650 4.717403 27.805
F 1.737800829e+02 174 38 1.111864 -9.9207 4.717403 27.805
F 1.778279410e+02 178 38 1.084903 -13.9686 4.717403 27.805
F 1.819700859e+02 181 39 -0.035859 -12.9210 4.717403 27.805
F 1.862087137e+02 188 39 2.747394 -14.5521 4.717403 27.805
F 1.905460718e+02 192 39 2.432427 -18.8895 4.717403 27.805
F 1.949844600e+02 197 39 3.016951 -23.3279 4.717403 27.805
F 1.995262315e+02 200 39 1.498626 -27.4624 4.717403 27.805
F 2.041737945e+02 203 39 -0.124945 -32.1100 4.717403 28.190
F 2.089296131e+02 210 41 2.143787 -26.2193 4.717403 28.190
F 2.137962090e+02 213 42 0.302315 -25.7218 4.717403 28.983
F 2.187761624e+02 218 45 0.348069 -14.5628 4.717403 28.983
F 2.238721139e+02 223 48 0.278425 -3.4602 4.717403 28.983
F 2.290867653e+02 229 50 1.090693 2.1853 4.717403 28.983
F 2.344228815e+02 234 51 0.782124 2.2946 4.717403 28.983
F 2.398832919e+02 241 52 2.349902 2.3053 4.717403 28.983
F 2.454708916e+02 246 52 1.791147 -3.2823 4.717403 28.983
F 2.511886432e+02 252 52 2.102912 -9.0000 4.717403 28.983
F 2.570395783e+02 258 52 2.282182 -14.8510 4.717403 28.983
F 2.630267992e+02 263 53 1.325869 -15.2781 4.717403 28.983
F 2.691534804e+02 269 53 1.230815 -21.4048 4.717403 28.983
F 2.754228703e+02 276 53 1.993790 -27.6742 4.717403 28.983
F 2.818382931e+02 285 53 4.611486 -32.2134 4.925599 31.898
R 2.819319846e+02 5.518278 286 53 2.598362e+02
F 2.884031503e+02 287 53 0.080519 -38.7783 5.518278 35.336
F 2.951209227e+02 295 54 1.397426 -39.8193 5.518278 39.733
F 3.019951720e+02 302 57 1.558663 -29.1948 5.518278 39.733
F 3.090295433e+02 309 61 1.560606 -13.3404 5.518278 39.733
S 3.162277660e+02 315 63 251 5.518278 0.399543 1.344417 -0.500000 32.166052 2.598362e+02 5.518278 4 1.056256e-02 4.064919e-05 0 0 4.065084e-05 0 0 39.733 -9.030 315 0 0 0 0.0 5.518278
F 3.162277660e+02 315 63 0.399543 -9.0295 5.518278 39.733
P        316 316 64 5.52 39.7 4 -4.2
F 3.235936569e+02 322 66 0.071677 0.9108 5.518278 39.733
F 3.311311215e+02 331 68 1.573123 4.9513 5.518278 39.733
F 3.388441561e+02 338 69 0.899906 3.0501 5.518278 39.733
F 3.467368505e+02 346 70 1.047956 3.9186 5.518278 39.733
F 3.548133892e+02 356 70 3.013111 -4.1580 5.518278 39.733
F 3.630780548e+02 364 70 2.791110 -12.4226 5.518278 39.733
F 3.715352291e+02 374 70 4.377595 -20.8798 5.518278 39.733
F 3.801893963e+02 382 70 3.768103 -29.5340 5.518278 39.733
F 3.890451450e+02 388 70 0.958071 -35.4144 5.518278 39.733
F 3.981071706e+02 397 71 0.942826 -38.4962 5.518278 39.733
F 4.073802778e+02 408 72 2.717590 -41.7615 5.518278 45.484
F 4.168693835e+02 418 73 3.277470 -43.7248 5.518278 45.484
F 4.265795188e+02 425 73 0.617462 -53.4350 5.518278 50.485
F 4.365158322e+02 435 79 0.732443 -26.9739 5.518278 50.485
F 4.466835922e+02 445 83 0.617172 -12.7786 5.518278 50.485
F 4.570881896e+02 456 87 1.266286 1.6948 5.518278 50.485
F 4.677351413e+02 465 89 -0.325702 3.3184 5.518278 50.485
F 4.786300923e+02 479 93 2.835590 17.0508 5.518278 50.485
F 4.897788194e+02 490 93 2.744416 5.9020 5.518278 50.485
F 5.011872336e+02 500 93 1.394896 -5.5064 5.518278 50.485
F 5.128613840e+02 512 93 1.781012 -17.1805 5.518278 50.485
R 5.231468394e+02 6.548653 527 93 4.749467e+02
R 5.234400933e+02 7.256913 528 93 4.749467e+02
F 5.248074602e+02 528 93 5.896605 -29.1266 7.256913 50.485
F 5.370317964e+02 536 93 1.735375 -41.3509 7.256913 50.485
F 5.495408739e+02 549 93 2.290873 -53.8600 7.256913 52.855
F 5.623413252e+02 561 93 1.556502 -66.6605 7.256913 66.617
F 5.754399373e+02 572 96 -0.474491 -60.7181 7.256913 69.287
F 5.888436554e+02 586 100 0.190985 -48.6561 7.256913 69.287
F 6.025595861e+02 603 102 3.545861 -49.6014 7.256913 69.287
F 6.165950019e+02 613 107 -0.417100 -31.5709 7.256913 69.287
F 6.309573445e+02 628 109 0.294701 -33.0732 7.256913 69.287
F 6.456542290e+02 642 117 -0.326314 3.8969 7.256913 69.287
F 6.606934480e+02 659 121 1.712105 18.0267 7.256913 69.287
F 6.760829754e+02 674 124 1.402023 22.5464 7.256913 69.287
F 6.918309709e+02 689 127 0.735324 26.3750 7.256913 69.287
F 7.079457844e+02 708 127 3.703700 10.2602 7.256913 69.287
R 7.199172590e+02 8.794026 725 127 6.860364e+02
F 7.244359601e+02 726 127 5.298652 -6.2300 8.794026 69.287
F 7.413102413e+02 743 127 5.511482 -23.1043 8.794026 69.287
F 7.585775750e+02 760 127 5.333288 -40.3716 8.794026 69.287
F 7.762471166e+02 775 127 2.754962 -54.7220 8.794026 69.287
F 7.943282347e+02 794 127 3.767185 -72.8031 8.794026 71.887
F 8.128305162e+02 812 132 3.360418 -57.8409 8.794026 76.129
F 8.317637711e+02 830 134 2.524903 -63.3538 8.794026 76.129
F 8.511380382e+02 848 139 1.250652 -49.0334 8.794026 76.129
F 8.709635900e+02 869 144 2.527446 -32.8142 8.794026 76.129
F 8.912509381e+02 887 149 0.344828 -19.1767 8.794026 76.129
F 9.120108394e+02 908 156 0.692096 7.7212 8.794026 76.129
F 9.332543008e+02 930 160 1.558300 13.7762 8.794026 76.129
F 9.549925860e+02 950 166 -0.067765 33.1367 8.794026 76.129
F 9.772372210e+02 974 169 1.802434 31.4869 8.794026 76.129
S 1.000000000e+03 997 171 825 8.794026 2.157164 1.811592 -0.500000 115.596748 6.860364e+02 8.794026 5 1.130124e-03 2.575716e-06 0 0 2.575723e-06 0 0 76.129 22.511 997 0 0 0 0.0 8.794026
F 1.000000000e+03 997 171 2.157164 22.5106 8.794026 76.129
P      1e+03 998 171 8.79 76.1 5 21.9
F 1.023292992e+03 1023 171 4.984418 -0.3752 8.794026 76.129
R 1.043151692e+03 9.228235 1047 171 9.865879e+02
F 1.047128548e+03 1049 171 7.271909 -24.2107 9.228235 76.129
R 1.048386718e+03 10.020234 1053 171 9.865879e+02
F 1.071519305e+03 1072 171 6.007065 -48.6015 10.497476 76.129
R 1.075884048e+03 11.664854 1082 171 9.865879e+02
F 1.096478196e+03 1096 171 5.177020 -73.5604 11.664854 76.129
F 1.122018454e+03 1120 171 3.768609 -99.1006 11.664854 97.633
F 1.148153621e+03 1144 174 1.768360 -104.1194 11.664854 109.448
F 1.174897555e+03 1172 184 3.162487 -60.2733 11.664854 109.448
F 1.202264435e+03 1197 185 0.936884 -80.5521 11.664854 109.448
F 1.230268771e+03 1224 193 0.077116 -51.7340 11.664854 109.448
F 1.258925412e+03 1253 199 0.568410 -37.6331 11.664854 109.448
F 1.288249552e+03 1282 208 0.395651 -2.6069 11.664854 109.448
F 1.318256739e+03 1313 218 1.543371 39.1262 11.664854 109.448
F 1.348962883e+03 1344 223 1.995742 47.9945 11.664854 109.448
F 1.380384265e+03 1377 228 3.736567 52.6792 11.664854 109.448
F 1.412537545e+03 1406 230 0.749273 35.0218 11.664854 109.448
F 1.445439771e+03 1441 231 3.016899 13.0073 11.664854 109.448
F 1.479108388e+03 1474 231 2.522090 -20.6614 11.664854 109.448
F 1.513561248e+03 1515 231 9.247086 -55.1142 11.868526 109.448
R 1.524588377e+03 12.276884 1529 231 1.419824e+03
F 1.548816619e+03 1544 231 3.173716 -89.9624 12.375689 109.448
F 1.584893192e+03 1585 231 8.283381 -126.0390 12.375689 125.335
F 1.621810097e+03 1617 231 3.557053 -162.9559 12.375689 162.646
F 1.659586907e+03 1654 240 2.975259 -130.3923 12.375689 173.136
F 1.698243652e+03 1691 253 1.518073 -72.4975 12.375689 173.136
F 1.737800829e+03 1732 260 3.165104 -59.9033 12.375689 173.136
F 1.778279410e+03 1771 267 1.895486 -48.0842 12.375689 173.136
F 1.819700859e+03 1811 278 0.687869 -5.2097 12.375689 173.136
F 1.862087137e+03 1854 288 1.520403 27.5807 12.375689 173.136
F 1.905460718e+03 1896 299 0.370730 68.6673 12.375689 173.136
F 1.949844600e+03 1941 308 1.215972 92.3458 12.375689 173.136
F 1.995262315e+03 1987 308 2.032718 46.9281 12.375689 173.136
F 2.041737945e+03 2033 309 1.797011 8.0543 12.375689 173.136
F 2.089296131e+03 2085 313 6.484335 -9.0028 12.375689 173.136
F 2.137962090e+03 2135 313 8.069606 -57.6688 12.375689 173.136
R 2.147929467e+03 13.153683 2150 313 2.054099e+03
R 2.150080626e+03 14.013630 2153 313 2.054099e+03
R 2.152998040e+03 15.111276 2157 313 2.054099e+03
F 2.187761624e+03 2187 313 10.527153 -107.4683 15.111276 173.136
F 2.238721139e+03 2236 313 8.830708 -158.4279 15.111276 173.136
F 2.290867653e+03 2285 313 5.953391 -210.1672 15.111276 210.238
F 2.344228815e+03 2332 326 -0.132303 -162.7704 15.111276 226.022
F 2.398832919e+03 2386 334 -0.454523 -155.1439 15.111276 226.022
F 2.454708916e+03 2442 354 -0.042069 -55.1482 15.111276 226.022
F 2.511886432e+03 2500 364 1.075584 -31.5511 15.111276 226.022
F 2.570395783e+03 2557 377 -0.131723 11.8541 15.111276 226.022
F 2.630267992e+03 2618 390 1.305148 54.1850 15.111276 226.022
F 2.691534804e+03 2681 399 3.354615 67.8357 15.111276 226.022
F 2.754228703e+03 2742 413 1.984362 115.8436 15.111276 226.022
F 2.818382931e+03 2805 419 1.161319 99.2958 15.111276 226.022
F 2.884031503e+03 2871 422 1.851646 57.5439 15.111276 226.022
F 2.951209227e+03 2946 422 10.020716 -5.6491 15.111276 226.022
F 3.019951720e+03 3017 422 12.633094 -70.3883 15.111276 226.022
R 3.030003196e+03 16.633507 3031 422 2.882375e+03
F 3.090295433e+03 3080 423 5.652519 -132.6992 16.633507 226.022
R 3.112035172e+03 17.025007 3113 423 3.080397e+03
S 3.162277660e+03 3156 423 2732 17.218519 10.041887 3.734833 -0.500000 255.318035 2.054099e+03 15.111276 7 7.534159e-04 4.626381e-07 0 0 1.684060e-07 0 0 226.022 -204.681 3156 0 0 0 0.0 17.218519
F 3.162277660e+03 3156 423 10.041887 -204.6814 17.218519 226.022
P   3.16e+03 3157 423 17.22 226.0 7 -207.7
F 3.235936569e+03 3226 423 6.763229 -278.3404 17.218519 277.487
F 3.311311215e+03 3294 438 -0.222308 -232.2983 17.218519 290.638
F 3.388441561e+03 3371 453 0.045517 -183.5772 17.218519 290.638
F 3.467368505e+03 3449 471 -0.473979 -115.5640 17.218519 290.638
F 3.548133892e+03 3531 487 1.177570 -65.7866 17.218519 290.638
F 3.630780548e+03 3613 508 0.957564 23.4033 17.218519 290.638
F 3.715352291e+03 3698 526 1.822408 90.6710 17.218519 290.638
F 3.801893963e+03 3784 542 1.727492 135.8316 17.218519 290.638
F 3.890451450e+03 3875 552 4.627168 129.8505 17.218519 290.638
F 3.981071706e+03 3964 562 3.474724 121.9976 17.218519 290.638
F 4.073802778e+03 4056 567 3.222359 70.7807 17.218519 290.638
F 4.168693835e+03 4153 570 5.821161 0.8427 17.218519 290.638
F 4.265795188e+03 4251 570 7.221077 -96.2587 17.218519 290.638
F 4.365158322e+03 4352 570 9.370887 -195.6218 17.218519 290.638
F 4.466835922e+03 4451 570 7.218181 -297.2994 17.218519 296.601
F 4.570881896e+03 4551 574 3.709326 -367.6923 17.218519 365.935
F 4.677351413e+03 4665 590 11.789439 -339.1648 17.218519 390.512
F 4.786300923e+03 4762 607 0.402362 -304.1791 17.218519 390.512
F 4.897788194e+03 4874 639 1.490625 -144.1486 17.218519 390.512
F 5.011872336e+03 4986 661 -0.004578 -71.0201 17.218519 390.512
F 5.128613840e+03 5105 688 2.856576 42.5711 17.218519 390.512
F 5.248074602e+03 5222 713 1.012509 137.3375 17.218519 390.512
F 5.370317964e+03 5345 732 2.400208 182.4029 17.218519 390.512
F 5.495408739e+03 5470 752 2.955193 229.2716 17.218519 390.512
F 5.623413252e+03 5596 757 1.611480 148.6912 17.218519 390.512
F 5.754399373e+03 5726 765 1.301552 86.8657 17.218519 390.512
F 5.888436554e+03 5873 775 14.956315 39.4437 17.218519 390.512
F 6.025595861e+03 6001 775 6.505069 -93.3732 17.218519 390.512
F 6.165950019e+03 6138 775 3.875465 -233.7274 17.218519 390.512
F 6.309573445e+03 6285 775 7.993470 -377.3508 17.218519 390.512
F 6.456542290e+03 6431 789 7.783326 -394.3408 17.218519 418.066
F 6.606934480e+03 6574 804 1.167510 -412.9330 17.218519 440.680
F 6.760829754e+03 6726 823 0.066693 -395.0658 17.218519 452.862
F 6.918309709e+03 6884 856 1.399701 -261.0929 17.218519 452.862
F 7.079457844e+03 7044 887 1.083466 -147.8081 17.218519 452.862
F 7.244359601e+03 7207 932 0.032985 86.7371 17.218519 452.862
F 7.413102413e+03 7375 966 0.161279 220.5471 17.218519 452.862
F 7.585775750e+03 7547 995 0.379338 309.5810 17.218519 452.862
F 7.762471166e+03 7724 1010 1.596081 267.0864 17.218519 452.862
F 7.943282347e+03 7904 1030 1.718306 266.0394 17.218519 452.862
F 8.128305162e+03 8090 1040 3.650640 170.8876 17.218519 452.862
F 8.317637711e+03 8275 1045 0.295487 28.8886 17.218519 452.862
F 8.511380382e+03 8477 1048 9.552979 -136.2661 17.218519 452.862
F 8.709635900e+03 8671 1056 6.320921 -262.0307 17.218519 452.862
R 8.739074292e+03 18.034499 8712 1056 8.658191e+03
R 8.779112692e+03 19.202791 8753 1056 8.658191e+03
R 8.820771556e+03 20.758983 8796 1056 8.658191e+03
F 8.912509381e+03 8869 1056 2.494738 -464.9042 20.758983 464.410
F 9.120108394e+03 9074 1065 0.967420 -590.5197 20.758983 590.128
F 9.332543008e+03 9297 1093 12.629463 -547.4652 20.758983 592.835
F 9.549925860e+03 9501 1126 0.368811 -462.7176 20.758983 592.835
F 9.772372210e+03 9722 1158 0.070803 -391.5220 20.758983 592.835
S 1.000000000e+04 9949 1197 8751 20.758983 0.618101 3.458051 -0.500000 532.750231 5.794407e+03 16.568486 7 7.763457e-04 1.069444e-07 0 0 2.360268e-07 0 0 592.835 -260.457 9949 0 0 0 0.0 20.758983
F 1.000000000e+04 9949 1197 0.618101 -260.4574 20.758983 592.835
P      1e+04 9950 1197 20.76 592.8 7 -261.2
F 1.023292992e+04 10181 1256 0.890639 50.6384 20.758983 592.835
F 1.047128548e+04 10418 1311 0.765550 320.7447 20.758983 592.835
F 1.071519305e+04 10661 1356 1.117109 493.9242 20.758983 592.835
F 1.096478196e+04 10908 1382 -0.183341 485.8226 20.758983 592.835
F 1.122018454e+04 11164 1392 1.732549 323.4882 20.758983 592.835
F 1.148153621e+04 11430 1409 7.730060 230.1908 20.758983 592.835
F 1.174897555e+04 11696 1424 7.671334 108.2602 20.758983 592.835
F 1.202264435e+04 11964 1428 3.415305 -121.3298 20.758983 592.835
F 1.230268771e+04 12240 1431 0.817619 -373.1351 20.758983 592.835
F 1.258925412e+04 12534 1441 9.730558 -560.6927 20.758983 592.835
F 1.288249552e+04 12823 1463 7.002967 -645.8740 20.758983 729.355
F 1.318256739e+04 13121 1478 6.480167 -803.8940 20.758983 802.449
F 1.348962883e+04 13424 1520 4.003878 -707.3117 20.758983 851.863
F 1.380384265e+04 13734 1573 1.412132 -516.8965 20.758983 851.863
F 1.412537545e+04 14055 1631 2.539190 -284.7850 20.758983 851.863
F 1.445439771e+04 14382 1696 2.215449 8.1212 20.758983 851.863
F 1.479108388e+04 14718 1765 3.267358 337.9068 20.758983 851.863
F 1.513561248e+04 15058 1817 0.517325 493.1926 20.758983 851.863
F 1.548816619e+04 15409 1881 0.783617 757.3455 20.758983 851.863
F 1.584893192e+04 15772 1902 4.880272 599.2692 20.758983 851.863
F 1.621810097e+04 16136 1916 1.616994 365.6276 20.758983 851.863
F 1.659586907e+04 16519 1927 8.799056 94.5555 20.758983 851.863
F 1.698243652e+04 16895 1936 0.227193 -201.2001 20.758983 851.863
F 1.737800829e+04 17292 1955 3.697501 -411.4658 20.758983 851.863
F 1.778279410e+04 17695 1965 4.001324 -718.1416 20.758983 851.863
F 1.819700859e+04 18114 1985 10.925149 -936.3441 20.758983 955.205
F 1.862087137e+04 18531 2026 6.250486 -957.6186 20.758983 994.611
F 1.905460718e+04 18958 2081 1.753759 -849.7962 20.758983 1042.609
F 1.949844600e+04 19399 2142 1.206182 -691.7876 20.758983 1042.609
F 1.995262315e+04 19850 2220 0.373640 -374.4545 20.758983 1042.609
F 2.041737945e+04 20312 2302 0.016567 -26.3386 20.758983 1042.609
F 2.089296131e+04 20787 2391 1.889814 382.2703 20.758983 1042.609
F 2.137962090e+04 21269 2484 -0.257477 825.0185 20.758983 1042.609
F 2.187761624e+04 21767 2542 2.317993 905.8741 20.758983 1042.609
F 2.238721139e+04 22274 2586 2.353544 846.2989 20.758983 1071.139
F 2.290867653e+04 22800 2630 9.580375 766.0081 20.758983 1071.139
R 2.304229026e+04 21.656397 22945 2630 2.285448e+04
F 2.344228815e+04 23332 2642 10.723427 358.0387 21.656397 1071.139
R 2.354922607e+04 22.337555 23450 2642 2.322238e+04
R 2.359955059e+04 23.272827 23501 2642 2.322238e+04
R 2.359977938e+04 24.045220 23502 2642 2.322238e+04
R 2.359979453e+04 25.030149 23503 2642 2.322238e+04
R 2.376139920e+04 26.259734 23665 2642 2.322238e+04
R 2.376146770e+04 27.191591 23666 2642 2.322238e+04
R 2.376161639e+04 28.043668 23667 2642 2.322238e+04
F 2.398832919e+04 23866 2642 1.501232 -177.9312 28.468998 1071.139
F 2.454708916e+04 24428 2657 7.625766 -580.1790 28.468998 1071.139
F 2.511886432e+04 24994 2673 4.802298 -984.9164 28.468998 1071.139
F 2.570395783e+04 25575 2722 3.729229 -1067.8176 28.468998 1172.610
F 2.630267992e+04 26180 2753 13.097937 -1351.4351 28.468998 1349.968
F 2.691534804e+04 26780 2818 3.592609 -1296.3444 28.468998 1399.635
F 2.754228703e+04 27404 2918 3.890079 -902.0897 28.468998 1399.635
F 2.818382931e+04 28039 3017 0.659650 -530.3177 28.468998 1399.635
F 2.884031503e+04 28691 3126 -0.437075 -68.7027 28.468998 1399.635
F 2.951209227e+04 29365 3251 5.253623 544.6989 28.468998 1399.635
F 3.019951720e+04 30044 3354 0.377397 918.5853 28.468998 1399.635
F 3.090295433e+04 30744 3479 0.571648 1506.0930 28.468998 1508.031
S 3.162277660e+04 31468 3523 27944 28.468998 8.465329 3.705524 -0.500000 798.120157 2.322238e+04 28.468998 7 4.808494e-05 2.331716e-09 0 0 2.241030e-08 0 0 1561.166 1241.499 25922 9948 2346 0 0.0 28.468998
F 3.162277660e+04 31468 3523 8.465329 1241.4993 28.468998 1561.166
P   3.16e+04 31469 3523 28.47 1561.2 7 1240.5
F 3.235936569e+04 32196 3579 3.678751 1090.8795 28.468998 1561.166
F 3.311311215e+04 32959 3606 16.823381 617.9092 28.468998 1561.166
R 3.318283006e+04 29.465381 33041 3606 3.297673e+04
R 3.318458133e+04 30.723142 33044 3606 3.297673e+04
R 3.318602013e+04 31.291771 33046 3606 3.297673e+04
F 3.388441561e+04 33709 3617 -0.498364 -36.0612 31.418304 1561.166
F 3.467368505e+04 34501 3622 6.306671 -773.1404 31.418304 1561.166
F 3.548133892e+04 35318 3645 19.822166 -1340.2927 31.418304 1561.166
F 3.630780548e+04 36128 3697 7.622102 -1621.2971 31.418304 1619.843
F 3.715352291e+04 36962 3763 0.270539 -1773.2708 31.418304 1827.393
F 3.801893963e+04 37831 3853 8.321380 -1690.6640 31.418304 1841.896
F 3.890451450e+04 38705 3970 1.318139 -1339.6117 31.418304 1841.896
F 3.981071706e+04 39607 4097 1.793697 -901.6685 31.418304 1841.896
F 4.073802778e+04 40528 4273 0.270052 37.2333 31.418304 1841.896
F 4.168693835e+04 41473 4429 1.258071 746.1184 31.418304 1841.896
F 4.265795188e+04 42439 4571 1.257227 1298.1230 31.418304 1841.896
F 4.365158322e+04 43427 4696 0.755333 1638.5235 31.418304 1841.896
F 4.466835922e+04 44439 4814 1.228271 1883.7288 31.418304 1970.405
F 4.570881896e+04 45481 4882 8.139717 1577.2339 31.418304 2013.158
F 4.677351413e+04 46546 4930 13.940854 1033.4125 31.418304 2013.158
R 4.738205631e+04 32.540164 47170 4930 4.645230e+04
R 4.738228194e+04 33.315706 47171 4930 4.645230e+04
R 4.738335077e+04 34.252393 47173 4930 4.645230e+04
R 4.738384966e+04 35.756075 47175 4930 4.645230e+04
R 4.739035791e+04 36.281421 47182 4930 4.645230e+04
F 4.786300923e+04 47648 4937 32.070080 30.0917 36.816975 2013.158
F 4.897788194e+04 48729 4950 3.952712 -939.1251 36.816975 2013.158
R 4.985686397e+04 37.508274 49637 4967 4.951712e+04
R 4.985706084e+04 38.312415 49638 4967 4.951712e+04
R 4.985723424e+04 39.139910 49639 4967 4.951712e+04
R 4.985731069e+04 40.063860 49640 4967 4.951712e+04
R 4.985806954e+04 41.308923 49642 4967 4.951712e+04
R 4.985814282e+04 42.236024 49643 4967 4.951712e+04
R 4.985823445e+04 43.144869 49644 4967 4.951712e+04
R 4.986297129e+04 44.432474 49650 4967 4.951712e+04
R 4.986330018e+04 45.105287 49651 4967 4.951712e+04
F 5.011872336e+04 49879 4967 19.000682 -1881.8414 45.281704 2013.158
F 5.128613840e+04 51022 5063 0.612223 -2009.1910 45.281704 2114.237
F 5.248074602e+04 52232 5146 22.171551 -2291.6625 45.281704 2446.458
F 5.370317964e+04 53430 5262 4.048541 -2242.6556 45.281704 2569.589
F 5.495408739e+04 54670 5421 -0.401614 -1759.8687 45.281704 2569.589
F 5.623413252e+04 55949 5590 5.161263 -1193.3873 45.281704 2569.589
F 5.754399373e+04 57258 5796 11.061980 -242.2846 45.281704 2569.589
F 5.888436554e+04 58583 6022 2.609615 896.9680 45.281704 2569.589
F 6.025595861e+04 59947 6241 2.097154 1933.5741 45.281704 2569.589
F 6.165950019e+04 61344 6401 2.801115 2292.8994 45.281704 2569.589
F 6.309573445e+04 62772 6537 1.981163 2358.1170 45.281704 2569.589
F 6.456542290e+04 64235 6656 2.879719 2204.7749 45.281704 2650.114
F 6.606934480e+04 65731 6740 2.721557 1632.1075 45.281704 2650.114
F 6.760829754e+04 67262 6763 2.713395 358.0554 45.281704 2650.114
F 6.918309709e+04 68837 6788 11.043472 -938.3940 45.281704 2650.114
R 6.995709618e+04 46.040021 69642 6805 6.973851e+04
R 6.996860175e+04 47.593845 69655 6805 6.973851e+04
R 6.997568356e+04 48.548593 69663 6805 6.973851e+04
R 6.997592246e+04 49.310923 69664 6805 6.973851e+04
R 6.997594922e+04 50.284301 69665 6805 6.973851e+04
R 6.997599285e+04 51.240905 69666 6805 6.973851e+04
R 7.003530785e+04 52.232100 69726 6805 6.973851e+04
R 7.006064261e+04 53.028125 69752 6805 6.973851e+04
R 7.006619521e+04 54.504197 69759 6805 6.973851e+04
R 7.006651238e+04 55.188664 69760 6805 6.973851e+04
F 7.079457844e+04 70451 6805 21.881118 -2360.3170 55.326828 2650.114
F 7.244359601e+04 72071 6905 1.376316 -2891.1234 55.326828 3033.248
F 7.413102413e+04 73751 7025 2.659248 -3234.2044 55.326828 3373.645
F 7.585775750e+04 75469 7203 2.839836 -2962.7092 55.326828 3455.029
F 7.762471166e+04 77228 7389 4.007270 -2635.6407 55.326828 3455.029
F 7.943282347e+04 79023 7645 0.229524 -1555.9224 55.326828 3455.029
F 8.128305162e+04 80864 7914 0.552862 -367.7667 55.326828 3455.029
F 8.317637711e+04 82747 8209 0.001332 1077.3004 55.326828 3455.029
F 8.511380382e+04 84675 8501 0.576251 2451.1421 55.326828 3455.029
F 8.709635900e+04 86649 8758 2.255672 3394.4586 55.326828 3526.754
F 8.912509381e+04 88667 8950 1.993846 3563.5676 55.326828 3567.092
F 9.120108394e+04 90734 9079 3.720662 2965.3878 55.326828 3818.652
F 9.332543008e+04 92852 9203 8.341086 2269.9140 55.326828 3818.652
F 9.549925860e+04 95016 9268 9.734576 852.2880 55.326828 3818.652
F 9.772372210e+04 97219 9297 -0.245511 -1039.2365 55.326828 3818.652
R 9.944306507e+04 56.287320 98986 9351 9.900057e+04
R 9.944618834e+04 57.180176 98990 9351 9.900057e+04
R 9.944924908e+04 58.135233 98994 9351 9.900057e+04
R 9.946946117e+04 59.027485 99015 9351 9.900057e+04
R 9.947006150e+04 60.430257 99017 9351 9.900057e+04
R 9.961713702e+04 61.113990 99164 9351 9.900057e+04
R 9.961719371e+04 62.057590 99165 9351 9.900057e+04
R 9.962719327e+04 63.109652 99176 9351 9.900057e+04
S 1.000000000e+05 99520 9351 90168 63.109652 36.227474 6.447335 -0.500000 1721.888953 6.973851e+04 55.326828 8 7.762820e-05 2.000536e-09 0 0 7.991648e-10 0 0 3818.652 -2683.200 59500 9948 8310 0 0.0 63.109652
F 1.000000000e+05 99520 9351 36.227474 -2683.2002 63.109652 3818.652
P      1e+05 99521 9351 63.11 3818.7 8 -2683.3
F 1.023292992e+05 101817 9425 15.952849 -4154.0894 63.109652 4153.864
F 1.047128548e+05 104187 9613 14.701964 -4354.9274 63.109652 4690.491
F 1.071519305e+05 106600 9816 1.217550 -4438.6792 63.109652 5061.197
F 1.096478196e+05 109083 10112 1.213053 -3497.1076 63.109652 5061.197
F 1.122018454e+05 111628 10434 5.371952 -2304.7731 63.109652 5061.197
F 1.148153621e+05 114223 10814 0.347059 -495.0899 63.109652 5061.197
F 1.174897555e+05 116883 11208 -0.240194 1425.7387 63.109652 5061.197
F 1.202264435e+05 119607 11580 1.199515 3044.7790 63.109652 5061.197
F 1.230268771e+05 122398 11945 6.222647 4517.5741 63.109652 5061.197
F 1.258925412e+05 125252 12184 9.352043 4455.5266 63.109652 5061.197
F 1.288249552e+05 128160 12433 0.076131 4449.9371 63.109652 5061.197
F 1.318256739e+05 131153 12575 7.848134 3121.6212 63.109652 5061.197
F 1.348962883e+05 134219 12676 19.085244 1243.2217 63.109652 5061.197
F 1.380384265e+05 137334 12767 8.167785 -822.9541 63.109652 5061.197
F 1.412537545e+05 140526 12796 1.438356 -3690.8958 63.109652 5061.197
F 1.445439771e+05 143805 12964 7.200947 -4986.7578 63.109652 5120.602
F 1.479108388e+05 147157 13132 9.720043 -6352.7752 63.109652 6352.277
F 1.513561248e+05 150576 13446 1.219708 -6055.7620 63.109652 7311.069
F 1.548816619e+05 154085 13819 2.882633 -5127.8122 63.109652 7311.069
F 1.584893192e+05 157671 14275 -0.150817 -3270.5725 63.109652 7311.069
F 1.621810097e+05 161344 14776 0.216404 -957.7943 63.109652 7311.069
F 1.659586907e+05 165106 15317 4.037018 1770.8444 63.109652 7311.069
F 1.698243652e+05 168953 15818 5.318389 3938.4988 63.109652 7311.069
F 1.737800829e+05 172885 16357 2.021466 6481.4370 63.109652 7311.069
F 1.778279410e+05 176912 16702 2.059702 6600.2563 63.109652 7311.069
F 1.819700859e+05 181032 16977 1.297948 5785.2448 63.109652 7311.069
F 1.862087137e+05 185267 17212 19.551323 4413.2783 63.109652 7311.069
F 1.905460718e+05 189572 17398 9.584051 2353.7099 63.109652 7311.069
F 1.949844600e+05 193983 17512 5.108280 -680.9338 63.109652 7311.069
F 1.995262315e+05 198498 17607 1.782866 -4052.2035 63.109652 7311.069
F 2.041737945e+05 203121 17748 1.212133 -6970.9237 63.109652 7311.069
F 2.089296131e+05 207851 18032 -0.055398 -8232.4284 63.109652 8432.019
F 2.137962090e+05 212694 18396 1.471693 -8629.2835 63.109652 9091.898
F 2.187761624e+05 217647 18917 0.226393 -7202.9285 63.109652 9091.898
F 2.238721139e+05 222720 19496 3.581896 -5154.2691 63.109652 9091.898
F 2.290867653e+05 227905 20217 0.850209 -1468.3893 63.109652 9091.898
F 2.344228815e+05 233215 20963 2.280727 2411.3943 63.109652 9091.898
F 2.398832919e+05 238646 21644 1.058778 5379.7841 63.109652 9091.898
F 2.454708916e+05 244207 22324 3.304124 8223.6012 63.109652 9091.898
F 2.511886432e+05 249894 22901 2.069441 9673.5849 63.109652 9710.882
F 2.570395783e+05 255718 23315 5.338752 8975.5254 63.109652 9710.882
F 2.630267992e+05 261672 23588 3.025828 6391.5219 63.109652 9710.882
F 2.691534804e+05 267783 23799 18.972553 2900.4221 63.109652 9710.882
F 2.754228703e+05 274001 24026 -0.052752 -527.9530 63.109652 9710.882
F 2.818382931e+05 280390 24161 6.642962 -5250.6974 63.109652 9710.882
F 2.884031503e+05 286917 24437 2.675711 -8348.9120 63.109652 9710.882
F 2.951209227e+05 293601 24724 3.582690 -11455.3981 63.109652 11453.444
F 3.019951720e+05 300437 25274 0.820436 -11395.4975 63.109652 12033.075
F 3.090295433e+05 307436 25920 1.762944 -10269.8671 63.109652 12279.706
S 3.162277660e+05 314595 26686 287908 63.109652 -0.300246 5.512544 -0.500000 1825.423432 2.755138e+05 36.071890 10 1.313317e-05 8.706122e-11 0 0 2.560991e-10 0 0 12279.706 -7776.442 112135 9948 25993 0 0.0 50.686286
F 3.162277660e+05 314595 26686 -0.300246 -7776.4419 63.109652 12279.706
P   3.16e+05 314596 26687 63.11 12279.7 10 -7764.0
F 3.235936569e+05 321932 27671 8.833974 -2650.5122 63.109652 12279.706
F 3.311311215e+05 329423 28666 1.280273 2460.0348 63.109652 12279.706
F 3.388441561e+05 337103 29684 8.062819 7704.8955 63.109652 12279.706
F 3.467368505e+05 344948 30550 1.113169 10868.5373 63.109652 12279.706
F 3.548133892e+05 352984 31301 2.268117 12392.7196 63.109652 13011.690
F 3.630780548e+05 361209 31975 5.267482 12748.7537 63.109652 13483.849
F 3.715352291e+05 369625 32379 7.751849 9486.4839 63.109652 13483.849
F 3.801893963e+05 378228 32708 1.260261 5068.5570 63.109652 13483.849
F 3.890451450e+05 387088 32986 51.227852 -194.7344 63.109652 13483.849
R 3.892090861e+05 64.133095 387264 32986 3.878065e+05
R 3.892099182e+05 65.305294 387266 32986 3.878065e+05
R 3.892804124e+05 66.175004 387337 32986 3.878065e+05
R 3.892805424e+05 67.045613 387338 32986 3.878065e+05
R 3.893282442e+05 68.590100 387387 32986 3.878065e+05
R 3.893288343e+05 69.003028 387388 32986 3.878065e+05
R 3.893497511e+05 70.194229 387410 32986 3.878065e+05
R 3.893587706e+05 71.221238 387420 32986 3.878065e+05
R 3.893605079e+05 72.492970 387423 32986 3.878065e+05
R 3.893726162e+05 73.447194 387436 32986 3.878065e+05
R 3.893729595e+05 74.105652 387437 32986 3.878065e+05
R 3.893786204e+05 75.473956 387444 32986 3.878065e+05
R 3.893796609e+05 76.438874 387446 32986 3.878065e+05
R 3.893799209e+05 77.180151 387447 32986 3.878065e+05
R 3.893803301e+05 78.773048 387449 32986 3.878065e+05
R 3.894955711e+05 79.127013 387564 32986 3.878065e+05
R 3.895225224e+05 80.314781 387592 32986 3.878065e+05
R 3.895318106e+05 81.074556 387602 32986 3.878065e+05
R 3.895348379e+05 82.062893 387606 32986 3.878065e+05
F 3.981071706e+05 396055 33212 2.983426 -6343.9970 82.379654 13483.849
F 4.073802778e+05 405279 33554 1.746982 -11183.1339 82.379654 13483.849
F 4.168693835e+05 414721 34063 3.627176 -14058.9045 82.379654 14431.875
F 4.265795188e+05 424383 34676 5.618732 -15811.5713 82.379654 16074.007
F 4.365158322e+05 434262 35562 -0.400214 -14235.0236 82.379654 16115.373
F 4.466835922e+05 444378 36605 0.329170 -10825.9133 82.379654 16115.373
F 4.570881896e+05 454730 37840 1.443634 -5144.2333 82.379654 16115.373
F 4.677351413e+05 465322 39231 1.455001 2368.2649 82.379654 16115.373
F 4.786300923e+05 476163 40596 3.747259 9316.7138 82.379654 16115.373
F 4.897788194e+05 487253 41858 2.573581 14687.1647 82.379654 16115.373
F 5.011872336e+05 498604 42952 4.053279 17624.4757 82.379654 17634.977
F 5.128613840e+05 510216 43831 2.168690 17503.2504 82.379654 18251.734
F 5.248074602e+05 522102 44479 3.761976 14083.1349 82.379654 18330.140
F 5.370317964e+05 534263 44928 3.531868 7777.3569 82.379654 18330.140
F 5.495408739e+05 546712 45283 8.030321 -44.2257 82.379654 18330.140
F 5.623413252e+05 559451 45631 12.659095 -8236.0406 82.379654 18330.140
F 5.754399373e+05 572472 46124 2.666259 -14801.2287 82.379654 18330.140
F 5.888436554e+05 585804 46731 0.142608 -20143.5202 82.379654 20624.706
F 6.025595861e+05 599450 47688 1.018000 -21133.7747 82.379654 21722.242
F 6.165950019e+05 613412 48834 0.057610 -19903.7480 82.379654 21722.242
F 6.309573445e+05 627702 50231 1.858091 -15625.2673 82.379654 21722.242
F 6.456542290e+05 642329 51958 7.843651 -7231.1213 82.379654 21722.242
F 6.606934480e+05 657283 53768 0.262035 1992.2414 82.379654 21722.242
F 6.760829754e+05 672593 55666 0.180413 12073.8111 82.379654 21722.242
F 6.918309709e+05 688262 57367 2.481179 19179.0082 82.379654 21722.242
F 7.079457844e+05 704295 58904 3.857640 23755.3858 82.379654 24290.889
F 7.244359601e+05 720701 60207 4.809618 24858.6205 82.379654 25513.684
F 7.413102413e+05 737487 61123 3.638939 20374.0989 82.379654 25619.372
F 7.585775750e+05 754662 61734 0.444823 11386.6300 82.379654 25619.372
F 7.762471166e+05 772248 62304 8.119164 1452.9594 82.379654 25619.372
F 7.943282347e+05 790233 62739 5.341701 -10701.4338 82.379654 25619.372
F 8.128305162e+05 808649 63428 14.575076 -19814.7758 82.379654 25619.372
F 8.317637711e+05 827476 64324 6.059779 -26517.5231 82.379654 26544.250
F 8.511380382e+05 846752 65557 7.808969 -29055.9319 82.379654 29308.689
F 8.709635900e+05 866468 67139 0.603183 -27247.3045 82.379654 29648.731
F 8.912509381e+05 886654 69052 3.984918 -21333.3380 82.379654 29648.731
F 9.120108394e+05 907314 71304 11.253081 -11185.9262 82.379654 29648.731
F 9.332543008e+05 928439 73851 2.457321 2574.3772 82.379654 29648.731
F 9.549925860e+05 950064 76240 1.392220 13704.6801 82.379654 29648.731
F 9.772372210e+05 972198 78784 5.591351 26532.1789 82.379654 29648.731
S 1.000000000e+06 994840 80752 914087 82.379654 2.321201 4.948943 -0.500000 5310.414091 3.878065e+05 82.379654 9 1.404770e-06 1.626337e-12 0 0 1.564195e-12 0 0 31763.944 30934.112 160075 9948 80935 0 0.1 82.379654
F 1.000000000e+06 994840 80752 2.321201 30934.1116 82.379654 31763.944
M 1.000000000e+06 994840 2.321201 /private/tmp/rh-s40-free-greedy/var_r0995_th0.5_1e8.mom.1.000000e+06
P      1e+06 994841 80752 82.38 31763.9 10 30934.1
F 1.023292992e+06 1018011 82738 0.574948 35099.9943 82.379654 35725.297
F 1.047128548e+06 1041723 84022 0.066096 29047.8013 82.379654 35725.297
F 1.071519305e+06 1065991 85012 3.221958 18390.4193 82.379654 35725.297
F 1.096478196e+06 1090825 85829 7.176993 4782.9844 82.379654 35725.297
F 1.122018454e+06 1116245 86497 18.765982 -11457.9584 82.379654 35725.297
F 1.148153621e+06 1142230 87357 3.517050 -25601.0705 82.379654 35725.297
F 1.174897555e+06 1168843 88469 10.644520 -36814.5053 82.379654 36813.887
F 1.202264435e+06 1196062 90192 4.041607 -40074.3689 82.379654 40456.452
F 1.230268771e+06 1223925 92413 7.272935 -36953.7983 82.379654 40563.871
F 1.258925412e+06 1252434 94933 7.566886 -30242.5041 82.379654 40563.871
F 1.288249552e+06 1281600 98026 0.807768 -16074.6087 82.379654 40563.871
F 1.318256739e+06 1311454 101314 2.527796 233.3737 82.379654 40563.871
F 1.348962883e+06 1342000 104703 0.898898 17343.5591 82.379654 40563.871
F 1.380384265e+06 1373259 108061 0.724315 33406.6547 82.379654 40563.871
F 1.412537545e+06 1405249 111062 3.430021 43718.8912 82.379654 43863.428
F 1.445439771e+06 1437990 113588 12.055927 46623.0640 82.379654 47800.145
F 1.479108388e+06 1471484 115586 11.246896 41350.0307 82.379654 48681.406
F 1.513561248e+06 1505752 117104 4.243537 28501.2362 82.379654 48681.406
F 1.548816619e+06 1540826 118282 4.872789 10048.8438 82.379654 48681.406
F 1.584893192e+06 1576714 119192 2.538287 -13024.8161 82.379654 48681.406
F 1.621810097e+06 1613438 120376 0.210500 -32994.9219 82.379654 48681.406
F 1.659586907e+06 1651021 121760 1.416644 -50929.7454 82.379654 50929.569
F 1.698243652e+06 1689478 124067 1.230354 -56482.7016 82.379654 56846.271
F 1.737800829e+06 1728831 127010 1.261121 -53752.3554 82.379654 56973.148
F 1.778279410e+06 1769100 130616 0.643478 -42350.3221 82.379654 56973.148
F 1.819700859e+06 1810310 134833 3.025943 -23016.3328 82.379654 56973.148
F 1.862087137e+06 1852475 139317 0.559691 -702.7081 82.379654 56973.148
F 1.905460718e+06 1895626 143866 1.886973 21673.2174 82.379654 56973.148
F 1.949844600e+06 1939783 148456 4.129261 43713.8894 82.379654 56973.148
F 1.995262315e+06 1984971 152555 8.875119 57722.8974 82.379654 57984.192
F 2.041737945e+06 2031198 156363 0.167787 66541.8427 82.379654 66684.666
F 2.089296131e+06 2078511 158987 0.492481 57137.0462 82.379654 67223.696
F 2.137962090e+06 2126935 161288 9.763394 41980.9242 82.379654 67223.696
F 2.187761624e+06 2176529 162962 61.310396 16597.0545 82.379654 67223.696
F 2.238721139e+06 2227178 164325 13.865423 -14444.8288 82.379654 67223.696
F 2.290867653e+06 2279048 165940 6.548548 -42958.7334 82.379654 67223.696
F 2.344228815e+06 2332128 168090 0.853733 -64807.7281 82.379654 67223.696
F 2.398832919e+06 2386450 170887 0.634237 -78352.8155 82.379654 78801.597
F 2.454708916e+06 2442039 174972 2.087702 -74169.6433 82.379654 79017.138
F 2.511886432e+06 2498925 179803 5.740875 -60207.6002 82.379654 79017.138
F 2.570395783e+06 2557127 185471 0.433982 -35122.4069 82.379654 79017.138
F 2.630267992e+06 2616690 191643 0.304739 -3827.3801 82.379654 79017.138
F 2.691534804e+06 2677646 198051 5.771987 29743.4774 82.379654 79017.138
F 2.754228703e+06 2740013 204139 2.518945 57288.7083 82.379654 79017.138
F 2.818382931e+06 2803841 209709 7.476081 75829.0321 82.379654 79017.138
F 2.884031503e+06 2869143 214915 -0.196428 87615.7767 82.379654 88790.886
F 2.951209227e+06 2935979 219200 4.873366 84248.2156 82.379654 90710.069
F 3.019951720e+06 3004365 222188 3.250818 60084.1891 82.379654 90710.069
F 3.090295433e+06 3074345 224656 2.675906 26618.3212 82.379654 90710.069
S 3.162277660e+06 3146017 226759 2919257 82.636146 64.044002 5.735112 -0.500000 5721.536438 2.185542e+06 76.417391 10 7.098603e-07 4.347943e-13 0 0 5.365537e-13 0 0 90710.069 -13891.349 179313 9948 230426 0 0.2 82.636146
F 3.162277660e+06 3146017 226759 64.044002 -13891.3493 82.636146 90710.069
P   3.16e+06 3146018 226759 82.64 90710.1 10 -13891.6
F 3.235936569e+06 3219236 229093 4.386203 -52534.6500 82.636146 90710.069
F 3.311311215e+06 3294219 231840 1.849193 -86661.1060 82.636146 90710.069
F 3.388441561e+06 3370968 235764 18.674648 -104798.8673 82.636146 105939.394
F 3.467368505e+06 3449486 240925 17.178154 -106019.5771 82.636146 107724.801
F 3.548133892e+06 3529821 247534 3.727635 -87129.1376 82.636146 107724.801
F 3.630780548e+06 3612038 255237 0.721277 -53466.0913 82.636146 107724.801
F 3.715352291e+06 3696179 263589 6.564946 -11736.6633 82.636146 107724.801
F 3.801893963e+06 3782270 272346 2.649069 34324.7465 82.636146 107724.801
F 3.890451450e+06 3870369 281143 1.324980 79150.1088 82.636146 107724.801
F 3.981071706e+06 3960520 288790 -0.119278 104658.2598 82.636146 107724.801
F 4.073802778e+06 4052774 295784 1.516276 118305.4375 82.636146 119437.442
F 4.168693835e+06 4147175 301735 1.318217 114055.3090 82.636146 121315.744
F 4.265795188e+06 4243780 306388 6.233781 87963.8424 82.636146 121315.744
F 4.365158322e+06 4342626 310080 2.044323 45007.8664 82.636146 121315.744
F 4.466835922e+06 4443781 312910 4.338166 -13368.9998 82.636146 121315.744
R 4.535473481e+06 83.108255 4512143 315153 4.534155e+06
R 4.535475540e+06 84.060031 4512146 315153 4.534155e+06
F 4.570881896e+06 4547290 316324 4.482805 -65100.6511 84.768857 121315.744
F 4.677351413e+06 4653214 319988 8.596474 -115335.5832 84.768857 121315.744
F 4.786300923e+06 4761598 325242 5.519050 -143531.0187 84.768857 143588.410
F 4.897788194e+06 4872506 332301 1.782267 -146359.5529 84.768857 148573.196
F 5.011872336e+06 4986002 341074 2.579256 -125196.1433 84.768857 148573.196
F 5.128613840e+06 5102139 351561 0.733357 -80026.9691 84.768857 148573.196
F 5.248074602e+06 5220982 363217 -0.333783 -19261.7400 84.768857 148573.196
F 5.370317964e+06 5342599 375150 4.365138 43322.7297 84.768857 148573.196
F 5.495408739e+06 5467041 387179 1.349669 104831.1811 84.768857 148573.196
F 5.623413252e+06 5594384 397744 0.637416 140910.5877 84.768857 148573.196
F 5.754399373e+06 5724700 407839 6.709056 167002.0677 84.768857 167149.366
F 5.888436554e+06 5858042 415833 3.472540 157576.3545 84.768857 169185.531
F 6.025595861e+06 5994495 422404 5.226460 122992.8202 84.768857 169185.531
F 6.165950019e+06 6134123 427750 3.622558 66193.4140 84.768857 169185.531
R 6.266968065e+06 85.064091 6234701 430997 6.264720e+06
F 6.309573445e+06 6277004 432188 2.627371 -7955.0719 85.064091 169185.531
F 6.456542290e+06 6423226 436867 14.482972 -81551.3903 85.064091 169185.531
F 6.606934480e+06 6572832 442243 4.666808 -147534.0453 85.064091 169185.531
F 6.760829754e+06 6725929 449107 0.850594 -193501.8249 85.064091 193752.414
F 6.918309709e+06 6882598 458646 2.858249 -200803.5263 85.064091 204280.802
F 7.079457844e+06 7042911 470281 -0.377139 -178531.6652 85.064091 204413.468
F 7.244359601e+06 7206965 484494 3.142639 -119040.0630 85.064091 204413.468
F 7.413102413e+06 7374837 500086 3.435849 -41253.1117 85.064091 204413.468
F 7.585775750e+06 7546619 516874 3.494687 51878.8671 85.064091 204413.468
F 7.762471166e+06 7722400 533330 1.238096 136088.8456 85.064091 204413.468
F 7.943282347e+06 7902278 548298 1.463467 192936.2223 85.064091 204413.468
F 8.128305162e+06 8086352 561857 7.797221 223486.7892 85.064091 225153.784
F 8.317637711e+06 8274706 573356 6.644246 217262.4964 85.064091 231933.489
F 8.511380382e+06 8467449 583107 7.136148 179006.2040 85.064091 231933.489
F 8.709635900e+06 8664683 590617 9.078295 100680.9544 85.064091 231933.489
F 8.912509381e+06 8866501 596991 0.895642 -267.7476 85.064091 231933.489
F 9.120108394e+06 9073038 603930 10.577274 -96736.8382 85.064091 231933.489
F 9.332543008e+06 9284369 611235 3.619674 -192009.3952 85.064091 231933.489
F 9.549925860e+06 9500630 620636 3.968658 -258393.0189 85.064091 258462.307
F 9.772372210e+06 9721926 633156 1.959968 -279467.2344 85.064091 280469.048
S 1.000000000e+07 9948383 649053 9299329 85.064091 6.258470 5.807707 -0.500000 7476.596632 6.313654e+06 64.384855 10 2.758266e-07 2.781506e-14 0 0 2.781506e-14 0 0 280469.048 -251042.212 181714 9948 666036 0 0.5 85.064091
F 1.000000000e+07 9948383 649053 6.258470 -251042.2118 85.064091 280469.048
M 1.000000000e+07 9948383 6.258470 /private/tmp/rh-s40-free-greedy/var_r0995_th0.5_1e8.mom.1.000000e+07
P      1e+07 9948384 649053 85.06 280469.0 10 -251044.2
F 1.023292992e+07 10180113 668187 8.795944 -175328.0147 85.064091 280469.048
F 1.047128548e+07 10417238 689418 8.707422 -70739.9189 85.064091 280469.048
F 1.071519305e+07 10659878 711909 0.266043 49225.2214 85.064091 280469.048
F 1.096478196e+07 10908181 735267 2.816392 178062.7067 85.064091 280469.048
F 1.122018454e+07 11162270 756087 7.706285 260457.4079 85.064091 280469.048
F 1.148153621e+07 11422269 775636 4.216962 316746.2190 85.064091 317350.728
F 1.174897555e+07 11688333 791078 9.491662 300568.7673 85.064091 324797.025
F 1.202264435e+07 11960580 804981 0.462528 253478.1251 85.064091 324797.025
F 1.230268771e+07 12239177 815885 -0.224192 151402.1147 85.064091 324797.025
F 1.258925412e+07 12524289 825289 24.715322 18523.3266 85.064091 324797.025
F 1.288249552e+07 12815995 834792 3.124138 -119133.8922 85.064091 324797.025
F 1.318256739e+07 13114520 844906 5.324423 -253450.5610 85.064091 324797.025
F 1.348962883e+07 13419991 858015 0.035439 -345358.3190 85.064091 345489.072
F 1.380384265e+07 13732583 875047 0.289614 -379670.9440 85.064091 382777.672
F 1.412537545e+07 14052456 896309 0.346667 -351317.8535 85.064091 385854.762
F 1.445439771e+07 14379781 922270 1.605728 -252562.2285 85.064091 385854.762
F 1.479108388e+07 14714730 951040 2.515419 -114577.9642 85.064091 385854.762
F 1.513561248e+07 15057479 982008 1.481827 52585.8996 85.064091 385854.762
F 1.548816619e+07 15408213 1013320 1.774349 218086.2258 85.064091 385854.762
F 1.584893192e+07 15767123 1043177 8.429330 352013.1823 85.064091 385854.762
F 1.621810097e+07 16134385 1070159 7.151466 430496.4516 85.064091 430749.843
F 1.659586907e+07 16510201 1092859 5.212905 429864.3753 85.064091 447760.633
F 1.698243652e+07 16894772 1111631 4.350003 355608.9021 85.064091 447760.633
F 1.737800829e+07 17288319 1127183 21.657667 219106.5559 85.064091 447760.633
R 1.757815603e+07 86.141661 17487498 1134057 1.757550e+07
R 1.757815785e+07 87.330665 17487501 1134057 1.757550e+07
R 1.757817627e+07 88.012113 17487520 1134057 1.757550e+07
R 1.757817826e+07 89.032341 17487523 1134057 1.757550e+07
R 1.757819016e+07 90.190152 17487536 1134057 1.757550e+07
F 1.778279410e+07 17691015 1140573 21.481245 37696.7222 90.620004 447760.633
F 1.819700859e+07 18103084 1154239 14.305894 -148220.0714 90.620004 447760.633
F 1.862087137e+07 18524750 1169159 5.643371 -322490.0701 90.620004 447760.633
F 1.905460718e+07 18956250 1186797 8.916190 -460755.3286 90.620004 460961.751
F 1.949844600e+07 19397797 1209735 8.339073 -519819.0317 90.620004 520051.387
F 1.995262315e+07 19849625 1238809 3.797650 -485614.0534 90.620004 524685.292
F 2.041737945e+07 20311983 1273317 4.724328 -369881.5137 90.620004 524685.292
F 2.089296131e+07 20785116 1312735 10.971266 -181521.9497 90.620004 524685.292
F 2.137962090e+07 21269257 1354695 4.680398 39643.9146 90.620004 524685.292
F 2.187761624e+07 21764683 1398417 6.150420 280108.0182 90.620004 524685.292
F 2.238721139e+07 22271641 1439292 -0.299310 461828.0863 90.620004 524685.292
F 2.290867653e+07 22790416 1477099 1.531946 580760.1437 90.620004 580768.153
F 2.344228815e+07 23321272 1509575 0.583786 598039.2535 90.620004 610718.490
F 2.398832919e+07 23864495 1536718 1.388831 513029.5021 90.620004 610718.490
F 2.454708916e+07 24420374 1559466 4.923482 341171.3136 90.620004 610718.490
M 2.500000000e+07 24870959 17.153918 /private/tmp/rh-s40-free-greedy/var_r0995_th0.5_1e8.mom.2.500000e+07
F 2.511886432e+07 24989194 1577545 1.455210 77346.3046 90.620004 610718.490
F 2.570395783e+07 25571272 1596679 6.386282 -181380.6287 90.620004 610718.490
F 2.630267992e+07 26166903 1617339 6.093853 -427241.0035 90.620004 610718.490
F 2.691534804e+07 26776405 1642614 2.766327 -607637.4183 90.620004 610718.490
F 2.754228703e+07 27400109 1673421 4.235912 -707063.7463 90.620004 707067.388
F 2.818382931e+07 28038337 1711908 1.807271 -688776.9018 90.620004 713682.598
F 2.884031503e+07 28691433 1759912 1.082181 -521086.7875 90.620004 713682.598
F 2.951209227e+07 29359741 1812761 -0.219884 -284319.7950 90.620004 713682.598
F 3.019951720e+07 30043618 1870207 0.554637 17072.1195 90.620004 713682.598
F 3.090295433e+07 30743423 1929888 -0.194484 342245.5942 90.620004 713682.598
S 3.162277660e+07 31459531 1987641 29471889 90.620004 1.486483 5.596313 -0.500000 4715.342135 1.270999e+07 51.571981 10 4.532244e-08 2.518200e-15 0 0 1.342102e-14 0 0 713682.598 619142.661 181798 9948 2045080 0 1.5 90.620004
F 3.162277660e+07 31459531 1987641 1.486483 619142.6610 90.620004 713682.598
P   3.16e+07 31459532 1987641 90.62 713682.6 10 619142.3
F 3.235936569e+07 32192321 2040785 4.908489 800982.8428 90.620004 801131.718
F 3.311311215e+07 32942172 2085766 0.538390 825603.6964 90.620004 840021.121
F 3.388441561e+07 33709496 2124629 2.792944 727751.5788 90.620004 840021.121
F 3.467368505e+07 34494692 2157100 3.828004 501849.0448 90.769516 840021.121
R 3.480664311e+07 91.131807 34627051 2160972 3.480501e+07
R 3.480664446e+07 92.797930 34627054 2160972 3.480501e+07
R 3.480664464e+07 93.614475 34627055 2160972 3.480501e+07
R 3.480664802e+07 94.256472 34627059 2160972 3.480501e+07
R 3.480665056e+07 95.721620 34627063 2160972 3.480501e+07
R 3.480665077e+07 96.511445 34627064 2160972 3.480501e+07
R 3.480665182e+07 97.476077 34627066 2160972 3.480501e+07
R 3.480668202e+07 98.422608 34627097 2160972 3.480501e+07
R 3.480687417e+07 99.273158 34627289 2160972 3.480501e+07
F 3.548133892e+07 35298185 2184035 12.322807 162152.5821 99.943437 840021.121
R 3.599473517e+07 100.396775 35809019 2200332 3.599321e+07
F 3.630780548e+07 36120376 2209798 3.259233 -216138.2016 100.396775 840021.121
F 3.715352291e+07 36961737 2238073 12.695924 -569340.8599 100.396775 840021.121
F 3.801893963e+07 37822676 2272815 2.537146 -828770.0839 100.396775 840021.121
F 3.890451450e+07 38703677 2316527 0.296259 -950885.7064 100.396775 954863.238
F 3.981071706e+07 39605208 2368386 6.853682 -950146.8734 100.396775 980947.978
F 4.073802778e+07 40527728 2432632 3.209223 -752378.3390 100.396775 980947.978
F 4.168693835e+07 41471738 2505401 1.228635 -425236.2730 100.396775 980947.978
F 4.265795188e+07 42437741 2584223 3.384271 -12286.0248 100.396775 980947.978
F 4.365158322e+07 43426241 2665271 1.489695 419001.8355 100.396775 980947.978
F 4.466835922e+07 44437771 2744458 4.428120 796273.4159 100.396775 980947.978
F 4.570881896e+07 45472857 2819573 1.874507 1079866.3888 100.396775 1080091.175
F 4.677351413e+07 46532060 2883530 6.011206 1144046.7129 100.396775 1144315.055
F 4.786300923e+07 47615925 2938866 0.236957 1032654.8112 100.396775 1146190.724
F 4.897788194e+07 48725046 2984335 3.869131 722536.2481 100.396775 1146190.724
M 5.000000000e+07 49741889 5.312999 /private/tmp/rh-s40-free-greedy/var_r0995_th0.5_1e8.mom.5.000000e+07
F 5.011872336e+07 49860004 3023382 9.839017 273617.9132 100.396775 1146190.724
F 5.128613840e+07 51021386 3060646 3.380027 -232489.0014 100.396775 1146190.724
R 5.144583154e+07 101.625951 51180353 3065243 5.144366e+07
R 5.144583350e+07 102.675404 51180356 3065243 5.144366e+07
R 5.144584067e+07 103.543716 51180364 3065243 5.144366e+07
R 5.144584090e+07 104.311183 51180365 3065243 5.144366e+07
R 5.144584095e+07 105.264485 51180366 3065243 5.144366e+07
R 5.144584120e+07 106.015752 51180367 3065243 5.144366e+07
R 5.144584196e+07 107.256793 51180369 3065243 5.144366e+07
R 5.144584218e+07 108.045695 51180370 3065243 5.144366e+07
R 5.144584355e+07 109.682202 51180373 3065243 5.144366e+07
R 5.144584380e+07 110.430978 51180374 3065243 5.144366e+07
R 5.144584389e+07 111.339149 51180375 3065243 5.144366e+07
R 5.144584838e+07 112.875570 51180381 3065243 5.144366e+07
R 5.144606956e+07 113.839780 51180602 3065243 5.144366e+07
R 5.144606974e+07 114.661872 51180603 3065243 5.144366e+07
R 5.144606997e+07 115.428377 51180604 3065243 5.144366e+07
R 5.144614341e+07 116.368958 51180678 3065243 5.144366e+07
R 5.144618290e+07 117.083228 51180718 3065243 5.144366e+07
R 5.144618437e+07 118.615616 51180721 3065243 5.144366e+07
R 5.144618551e+07 119.480091 51180723 3065243 5.144366e+07
R 5.144618773e+07 120.280351 51180726 3065243 5.144366e+07
R 5.144618948e+07 121.538552 51180729 3065243 5.144366e+07
R 5.144619655e+07 122.502679 51180737 3065243 5.144366e+07
R 5.144619765e+07 123.411476 51180739 3065243 5.144366e+07
R 5.144621560e+07 124.554577 51180758 3065243 5.144366e+07
R 5.144626602e+07 125.389770 51180809 3065243 5.144366e+07
F 5.248074602e+07 52209824 3100228 0.708627 -723732.2324 125.389770 1146190.724
F 5.370317964e+07 53425946 3147623 -0.302158 -1102922.3339 125.389770 1146190.724
F 5.495408739e+07 54670402 3205746 5.543154 -1318485.1436 125.389770 1320560.214
F 5.623413252e+07 55943846 3278138 12.420619 -1307374.0618 125.389770 1354055.231
F 5.754399373e+07 57246933 3365277 0.137019 -1061059.1573 125.389770 1354055.231
F 5.888436554e+07 58580386 3463365 0.771865 -647593.2738 125.389770 1354055.231
F 6.025595861e+07 59944901 3571187 3.311063 -88791.5957 125.389770 1354055.231
F 6.165950019e+07 61341195 3683293 1.272044 517311.9998 125.389770 1354055.231
F 6.309573445e+07 62770016 3792629 2.320167 1043602.7101 125.389770 1354055.231
F 6.456542290e+07 64232120 3896394 4.876180 1438827.6892 125.389770 1439222.388
F 6.606934480e+07 65728287 3986124 13.714544 1549527.6447 125.389770 1573232.536
F 6.760829754e+07 67259282 4066277 0.552399 1454742.5004 125.389770 1573846.200
F 6.918309709e+07 68825953 4132490 1.628952 1074495.5900 125.389770 1573846.200
F 7.079457844e+07 70429116 4188936 2.275070 482685.3649 125.389770 1573846.200
F 7.244359601e+07 72069620 4239766 1.472855 -246983.4176 125.389770 1573846.200
F 7.413102413e+07 73748337 4295083 1.404946 -932620.5026 125.389770 1573846.200
F 7.585775750e+07 75466178 4360611 22.993332 -1471058.7398 125.389770 1573846.200
F 7.762471166e+07 77223997 4440574 9.427424 -1786162.7991 125.389770 1792427.077
F 7.943282347e+07 79022766 4537292 0.681127 -1835995.8730 125.389770 1867231.003
F 8.128305162e+07 80863455 4656408 13.018671 -1518041.9994 125.389770 1867231.003
F 8.317637711e+07 82746996 4791925 2.488925 -941466.2345 125.389770 1867231.003
F 8.511380382e+07 84674419 4938320 0.407936 -207243.4398 125.389770 1867231.003
F 8.709635900e+07 86646747 5092050 7.829414 619062.9123 125.389770 1867231.003
F 8.912509381e+07 88665004 5243612 3.002881 1363108.1561 125.389770 1867231.003
F 9.120108394e+07 90730282 5389568 7.819203 1960812.3842 125.389770 1961583.371
F 9.332543008e+07 92843657 5515657 3.243199 2149109.7390 125.389770 2151140.284
F 9.549925860e+07 95006262 5626444 1.733045 2009780.1535 125.389770 2184163.306
F 9.772372210e+07 97219264 5721025 23.646144 1524440.5207 125.389770 2184163.306
S 1.000000000e+08 99483767 5803250 93680516 125.389770 -0.368839 5.991112 -0.500000 6854.384570 6.856003e+07 111.862033 11 6.657019e-08 9.502076e-16 0 0 1.959264e-15 6 0 2184163.306 762018.944 181800 9948 4141568 0 4.4 125.389770
F 1.000000000e+08 99483767 5803250 -0.368839 762018.9435 125.389770 2184163.306
M 1.000000000e+08 99483767 -0.368839 /private/tmp/rh-s40-free-greedy/var_r0995_th0.5_1e8.mom.1.000000e+08
# windows 65
# done N=99483767 pi=5803250 C=93680516 supE=125.389770091 minEbefore=-0.500000000 skviol=0 supPsi=2184163.306 nS=181800 nP_small=1197 nL=5802053 nM=9948 LDbytes=4141568 time=4.4
