# s8gen mode=rule X=1.000000e+08 theta=0.500000 rho=0.86525597943226507+2.174146e-17 t=1.1557273497909217-1.399897e-17 B=10000.000000
# S cols: x N pi C supE E(x) meanE_win minEbefore_win maxPrimeGap_win gapStart gapPeakE maxClu_win minGapAbs minGapRel ties misorders minDecisionMargin_rel ambig_double skorokhodViol supPsi psi-x nS nM nLDbytes heap time wMaxE
R 3.928334257e+00 1.466241 5 2 3.889318e+00
R 9.780192219e+00 2.402886 11 4 9.667955e+00
S 1.000000000e+01 11 4 6 2.402886 2.212696 0.343705 -0.500000 4.622909 3.889318e+00 1.502074 3 1.510106e-02 1.559534e-03 0 0 1.561970e-03 0 0 3.410 -1.951 11 0 0 0 0.0 2.402886
F 1.000000000e+01 11 4 2.212696 -1.9511 2.402886 3.410
F 1.023292992e+01 11 4 2.011152 -2.1840 2.402886 3.410
F 1.047128548e+01 11 4 1.804914 -2.4224 2.402886 3.410
F 1.071519305e+01 11 4 1.593871 -2.6663 2.402886 3.410
F 1.096478196e+01 11 4 1.377913 -2.9159 2.402886 3.410
F 1.122018454e+01 11 4 1.156924 -3.1713 2.402886 3.410
F 1.148153621e+01 11 4 0.930788 -3.4326 2.402886 3.410
F 1.174897555e+01 11 4 0.699385 -3.7001 2.402886 3.410
F 1.202264435e+01 11 4 0.462591 -3.9737 2.402886 3.410
F 1.230268771e+01 11 4 0.220282 -4.2538 2.402886 3.410
F 1.258925412e+01 11 4 -0.027671 -4.5403 2.402886 3.410
F 1.288249552e+01 11 4 -0.281400 -4.8336 2.402886 3.410
P         10 12 5 2.40 3.4 3 -2.5
F 1.318256739e+01 12 5 0.458961 -2.5584 2.402886 3.410
F 1.348962883e+01 13 5 1.193274 -2.8654 2.402886 3.410
F 1.380384265e+01 13 5 0.921399 -3.1796 2.402886 3.410
F 1.412537545e+01 13 5 0.643190 -3.5012 2.402886 3.410
F 1.445439771e+01 13 5 0.358502 -3.8302 2.402886 3.410
F 1.479108388e+01 13 5 0.067182 -4.1669 2.402886 3.410
F 1.513561248e+01 14 5 0.769077 -3.1532 2.402886 3.410
R 1.543181004e+01 3.512790 17 5 1.313514e+01
F 1.548816619e+01 17 5 3.464028 -3.0497 3.512790 3.410
F 1.584893192e+01 17 5 3.151873 -3.4104 3.512790 3.410
F 1.621810097e+01 17 5 2.832447 -3.7796 3.512790 3.410
F 1.659586907e+01 17 5 2.505581 -4.1574 3.512790 3.410
F 1.698243652e+01 17 5 2.171101 -4.5439 3.512790 3.410
F 1.737800829e+01 17 5 1.828830 -4.9395 3.512790 3.410
F 1.778279410e+01 17 5 1.478587 -5.3443 3.512790 3.410
F 1.819700859e+01 17 5 1.120185 -5.7585 3.512790 3.410
F 1.862087137e+01 17 5 0.753436 -6.1824 3.512790 3.410
F 1.905460718e+01 17 5 0.378143 -6.6161 3.512790 3.410
F 1.949844600e+01 17 5 -0.005891 -7.0599 3.512790 3.410
F 1.995262315e+01 17 5 -0.398871 -7.5141 3.512790 3.410
F 2.041737945e+01 18 6 0.198996 -4.9797 3.512790 4.632
F 2.089296131e+01 19 6 0.787496 -5.4552 3.512790 5.288
F 2.137962090e+01 20 6 1.366411 -5.9419 3.512790 5.755
F 2.187761624e+01 20 6 0.935518 -6.4399 3.512790 5.755
F 2.238721139e+01 20 6 0.494587 -6.9495 3.512790 5.755
F 2.290867653e+01 20 6 0.043387 -7.4710 3.512790 5.755
F 2.344228815e+01 20 6 -0.418324 -8.0046 3.512790 5.755
F 2.398832919e+01 22 7 1.109211 -5.3921 3.512790 5.755
F 2.454708916e+01 25 7 3.625740 -5.4947 3.796885 5.755
F 2.511886432e+01 25 7 3.131008 -6.0665 3.796885 5.755
F 2.570395783e+01 25 7 2.624753 -6.6516 3.796885 5.755
F 2.630267992e+01 25 7 2.106705 -7.2503 3.796885 5.755
F 2.691534804e+01 25 7 1.576590 -7.8630 3.796885 5.755
F 2.754228703e+01 25 7 1.034127 -8.4899 3.796885 5.755
F 2.818382931e+01 25 7 0.479029 -9.1315 3.796885 5.755
F 2.884031503e+01 25 7 -0.088999 -9.7880 3.796885 5.755
F 2.951209227e+01 26 8 0.329742 -7.0816 3.796885 6.885
F 3.019951720e+01 26 8 -0.265057 -7.7691 3.796885 6.885
S 3.162277660e+01 27 9 17 3.796885 -0.496541 1.025444 -0.500000 6.934364 1.313514e+01 3.512790 5 2.382741e-02 1.559534e-03 0 0 1.269882e-03 0 0 6.885 -5.776 27 0 0 0 0.0 3.796885
F 3.090295433e+01 27 9 0.126290 -5.0557 3.796885 6.885
F 3.162277660e+01 27 9 -0.496541 -5.7755 3.796885 6.885
P       31.6 28 10 3.80 6.9 5 -2.3
F 3.235936569e+01 29 10 0.866121 -3.0581 3.796885 6.885
F 3.311311215e+01 31 10 2.213938 -3.8119 3.796885 6.885
F 3.388441561e+01 32 10 2.546563 -4.5832 3.796885 6.885
F 3.467368505e+01 32 10 1.863643 -5.3725 3.796885 6.885
F 3.548133892e+01 32 10 1.164815 -6.1801 3.796885 6.885
F 3.630780548e+01 32 10 0.449710 -7.0066 3.796885 6.885
F 3.715352291e+01 33 10 0.717948 -7.8523 3.796885 7.836
F 3.801893963e+01 36 10 2.969141 -8.7177 3.796885 8.678
R 3.841986413e+01 4.622239 38 10 3.162677e+01
F 3.890451450e+01 38 10 4.202892 -9.1472 4.622239 8.737
F 3.981071706e+01 38 10 3.418795 -10.0534 4.622239 8.737
F 4.073802778e+01 38 10 2.616434 -10.9807 4.622239 8.737
F 4.168693835e+01 38 10 1.795383 -11.9296 4.622239 8.737
F 4.265795188e+01 38 10 0.955208 -12.9006 4.622239 8.737
F 4.365158322e+01 38 10 0.095463 -13.8943 4.622239 8.737
F 4.466835922e+01 39 11 0.215691 -11.1192 4.622239 10.791
F 4.570881896e+01 40 12 0.315427 -8.3420 4.622239 10.791
F 4.677351413e+01 41 12 0.394193 -9.4067 4.622239 10.791
F 4.786300923e+01 42 13 0.451501 -6.6290 4.622239 10.791
F 4.897788194e+01 43 13 0.486851 -7.7439 4.622239 10.791
F 5.011872336e+01 45 13 1.499731 -8.8847 4.622239 10.791
F 5.128613840e+01 46 13 1.489618 -10.0522 4.622239 10.791
F 5.248074602e+01 48 13 2.455977 -11.2468 4.622239 11.004
F 5.370317964e+01 49 13 2.398259 -12.4692 4.622239 11.528
F 5.495408739e+01 49 13 1.315903 -13.7201 4.622239 11.528
F 5.623413252e+01 49 13 0.208337 -15.0002 4.622239 11.528
F 5.754399373e+01 50 14 0.074971 -12.2660 4.622239 11.775
F 5.888436554e+01 53 15 1.915207 -8.1841 4.622239 11.775
F 6.025595861e+01 57 15 4.728427 -9.5557 4.933265 11.775
R 6.062130801e+01 5.412307 58 15 5.820850e+01
F 6.165950019e+01 58 15 4.514005 -10.5032 5.412307 11.775
F 6.309573445e+01 58 15 3.271294 -11.9394 5.412307 11.775
F 6.456542290e+01 58 15 1.999638 -13.4091 5.412307 11.775
F 6.606934480e+01 58 15 0.698360 -14.9131 5.412307 11.775
F 6.760829754e+01 59 16 0.366772 -12.2406 5.412307 12.087
F 6.918309709e+01 60 17 0.004168 -9.5869 5.412307 12.087
F 7.079457844e+01 62 18 0.609824 -6.9533 5.412307 12.087
F 7.244359601e+01 63 18 0.183001 -8.6023 5.412307 12.087
F 7.413102413e+01 65 18 0.722944 -8.1482 5.412307 12.087
F 7.585775750e+01 66 18 0.228878 -9.8749 5.412307 12.087
F 7.762471166e+01 67 18 -0.299990 -11.6419 5.412307 12.087
F 7.943282347e+01 71 19 2.135531 -9.0951 5.412307 12.087
F 8.128305162e+01 72 19 1.534610 -10.9454 5.412307 12.087
F 8.317637711e+01 75 19 2.896398 -12.8387 5.412307 12.087
F 8.511380382e+01 76 19 2.220028 -14.7761 5.412307 12.914
F 8.709635900e+01 76 19 0.504611 -16.7587 5.412307 12.914
F 8.912509381e+01 77 20 -0.250764 -14.3072 5.412307 13.439
F 9.120108394e+01 79 21 -0.047027 -11.8899 5.412307 13.439
F 9.332543008e+01 83 21 2.114870 -14.0142 5.412307 13.519
F 9.549925860e+01 88 21 5.233951 -13.9192 5.923654 13.519
R 9.565215984e+01 6.101653 89 21 8.941314e+01
S 1.000000000e+02 89 21 67 6.101653 2.339658 1.644836 -0.500000 12.713001 3.162677e+01 4.622239 5 4.016226e-02 1.268271e-03 0 0 1.476643e-03 0 0 13.616 -17.964 89 0 0 0 0.0 6.101653
F 9.772372210e+01 89 21 4.309221 -15.6876 6.101653 13.616
F 1.000000000e+02 89 21 2.339658 -17.9639 6.101653 13.616
F 1.023292992e+02 89 21 0.324218 -20.2932 6.101653 13.616
P        100 90 22 6.10 16.6 5 -16.6
F 1.047128548e+02 91 23 0.261832 -13.3907 6.101653 16.608
F 1.071519305e+02 93 24 0.151407 -11.1702 6.101653 16.608
F 1.096478196e+02 95 25 -0.008176 -8.9848 6.101653 16.608
F 1.122018454e+02 98 25 0.781938 -11.5389 6.101653 16.608
F 1.148153621e+02 101 25 1.520577 -14.1524 6.101653 16.608
F 1.174897555e+02 102 25 0.206543 -16.8268 6.101653 16.608
F 1.202264435e+02 106 26 1.838607 -14.7902 6.101653 16.608
F 1.230268771e+02 108 26 1.415515 -17.5906 6.101653 17.570
F 1.258925412e+02 111 26 1.935982 -20.4563 6.101653 18.962
F 1.288249552e+02 115 26 3.398693 -23.3887 6.101653 23.326
F 1.318256739e+02 118 26 3.802303 -26.3894 6.101653 25.923
F 1.348962883e+02 118 26 1.145436 -29.4600 6.101653 25.923
F 1.380384265e+02 120 28 0.426682 -22.7567 6.101653 26.443
F 1.412537545e+02 123 29 0.644600 -21.0368 6.101653 26.443
F 1.445439771e+02 126 30 0.797716 -19.3591 6.101653 26.443
F 1.479108388e+02 132 30 3.884518 -22.7259 6.101653 26.443
F 1.513561248e+02 136 30 4.903464 -25.7151 6.101653 26.443
F 1.548816619e+02 136 30 1.852972 -29.2407 6.101653 26.443
F 1.584893192e+02 137 31 -0.268575 -27.7883 6.101653 26.900
F 1.621810097e+02 140 34 -0.462832 -16.2561 6.101653 26.900
F 1.659586907e+02 144 36 0.268506 -9.8417 6.101653 26.900
F 1.698243652e+02 147 37 -0.076292 -8.5766 6.101653 26.900
F 1.737800829e+02 153 37 2.501000 -9.9570 6.101653 26.900
F 1.778279410e+02 156 37 1.998567 -14.0048 6.101653 26.900
F 1.819700859e+02 160 37 2.414551 -18.1470 6.101653 26.900
F 1.862087137e+02 162 38 0.747053 -17.1634 6.101653 26.900
F 1.905460718e+02 166 38 0.994128 -21.5008 6.101653 26.900
F 1.949844600e+02 172 40 3.153786 -15.4153 6.101653 26.900
F 1.995262315e+02 175 40 2.223991 -19.9571 6.101653 26.900
F 2.041737945e+02 180 40 3.202659 -24.6047 6.101653 26.900
F 2.089296131e+02 183 40 2.087659 -29.3605 6.101653 27.698
F 2.137962090e+02 185 42 -0.123192 -23.5092 6.101653 27.698
F 2.187761624e+02 189 44 -0.432127 -17.7497 6.101653 27.698
F 2.238721139e+02 194 45 0.158571 -17.4572 6.101653 27.698
F 2.290867653e+02 202 46 3.646563 -15.8941 6.101653 27.698
F 2.344228815e+02 208 46 5.029456 -21.2302 6.101653 27.698
F 2.398832919e+02 211 46 3.304803 -26.2345 6.101653 27.698
F 2.454708916e+02 213 48 0.470099 -20.8208 6.101653 27.698
F 2.511886432e+02 218 50 0.522781 -15.5184 6.101653 27.698
F 2.570395783e+02 223 52 0.460224 -10.2893 6.101653 27.698
F 2.630267992e+02 230 53 2.279745 -10.7185 6.101653 27.698
F 2.691534804e+02 235 53 1.978598 -16.8452 6.101653 27.698
F 2.754228703e+02 243 53 4.553971 -23.1146 6.101653 27.698
F 2.818382931e+02 246 53 2.002988 -29.5300 6.101653 29.504
F 2.884031503e+02 251 53 1.322706 -36.0948 6.101653 34.401
F 2.951209227e+02 258 55 2.510113 -31.4654 6.101653 34.401
F 3.019951720e+02 261 56 -0.437872 -32.6328 6.101653 34.401
F 3.090295433e+02 271 57 3.475596 -33.9565 6.101653 34.401
S 3.162277660e+02 277 57 219 6.101653 3.247291 1.705316 -0.500000 31.204638 2.593051e+02 5.315145 5 2.089613e-02 1.156206e-04 0 0 1.229235e-04 0 0 41.088 -41.155 277 0 0 0 0.0 5.887924
F 3.162277660e+02 277 57 3.247291 -41.1548 6.101653 41.088
P        316 278 57 6.10 41.6 5 -41.6
F 3.235936569e+02 282 57 1.873909 -48.5206 6.101653 48.213
F 3.311311215e+02 287 60 0.352073 -38.6626 6.101653 51.966
F 3.388441561e+02 294 64 0.678324 -23.1226 6.101653 51.966
F 3.467368505e+02 302 65 1.849123 -25.1790 6.101653 51.966
F 3.548133892e+02 307 66 -0.139151 -27.3893 6.101653 51.966
F 3.630780548e+02 316 67 1.709798 -29.7812 6.101653 51.966
F 3.715352291e+02 324 67 2.392177 -38.2384 6.101653 51.966
F 3.801893963e+02 329 69 -0.095893 -34.5649 6.101653 51.966
F 3.890451450e+02 337 73 0.241618 -19.6349 6.101653 51.966
F 3.981071706e+02 345 76 0.400646 -10.7551 6.101653 51.966
F 4.073802778e+02 356 76 3.377035 -17.0290 6.101653 51.966
F 4.168693835e+02 365 76 4.166529 -26.5181 6.101653 51.966
F 4.265795188e+02 373 76 3.764777 -36.2283 6.101653 51.966
F 4.365158322e+02 380 76 2.167322 -46.1646 6.101653 51.966
F 4.466835922e+02 387 77 0.369607 -50.2386 6.101653 51.966
F 4.570881896e+02 396 82 0.366967 -30.0510 6.101653 52.677
F 4.677351413e+02 408 83 3.154628 -34.5709 6.101653 52.677
F 4.786300923e+02 416 85 1.727707 -33.1374 6.101653 52.677
F 4.897788194e+02 428 85 4.081204 -44.2862 6.101653 52.677
F 5.011872336e+02 436 86 2.210005 -49.4829 6.101653 52.677
F 5.128613840e+02 444 89 0.108877 -42.4669 6.101653 52.677
F 5.248074602e+02 455 95 0.772463 -16.9133 6.101653 52.677
F 5.370317964e+02 466 97 1.195283 -16.5864 6.101653 52.677
F 5.495408739e+02 476 98 0.371729 -22.8036 6.101653 52.677
F 5.623413252e+02 488 100 1.296062 -19.8133 6.101653 52.677
F 5.754399373e+02 501 100 2.962409 -32.9119 6.101653 52.677
F 5.888436554e+02 510 101 0.364762 -39.9436 6.101653 52.677
F 6.025595861e+02 522 105 0.496971 -27.6607 6.101653 52.677
F 6.165950019e+02 534 108 0.352744 -22.4716 6.101653 52.677
F 6.309573445e+02 548 108 1.925641 -34.6924 6.101653 52.677
F 6.456542290e+02 561 108 2.209074 -49.3893 6.101653 52.677
F 6.606934480e+02 572 108 0.196300 -64.4285 6.101653 63.451
F 6.760829754e+02 587 109 1.880419 -73.3235 6.101653 72.786
F 6.918309709e+02 599 113 0.254372 -62.9427 6.101653 75.003
F 7.079457844e+02 613 117 0.310933 -52.8619 6.101653 75.003
F 7.244359601e+02 629 121 2.042710 -43.0746 6.101653 75.003
F 7.413102413e+02 642 124 0.442137 -40.1286 6.101653 75.003
F 7.585775750e+02 661 126 4.501473 -44.1684 6.881236 75.003
R 7.624411250e+02 7.158514 667 126 7.470220e+02
F 7.762471166e+02 674 126 2.212797 -61.8379 7.320764 75.003
F 7.943282347e+02 687 130 -0.431999 -53.2453 7.320764 75.003
F 8.128305162e+02 704 136 0.558792 -31.6170 7.320764 75.003
F 8.317637711e+02 720 140 0.176680 -23.7055 7.320764 75.003
F 8.511380382e+02 737 144 0.412979 -16.1172 7.320764 75.003
F 8.709635900e+02 754 145 0.258802 -25.7980 7.320764 75.003
F 8.912509381e+02 778 148 6.705053 -24.4021 7.320764 75.003
F 9.120108394e+02 792 148 2.742424 -42.8932 7.320764 75.003
F 9.332543008e+02 808 148 0.361392 -60.7199 7.320764 75.003
F 9.549925860e+02 828 153 1.552211 -47.7652 7.320764 75.003
F 9.772372210e+02 848 153 2.304907 -70.0099 7.320764 75.003
S 1.000000000e+03 867 157 709 7.320764 1.609277 1.556654 -0.500000 56.630640 8.776192e+02 7.102711 5 2.631900e-03 5.159571e-06 0 0 5.159598e-06 0 0 75.003 -65.193 867 0 0 0 0.0 7.320764
F 1.000000000e+03 867 157 1.609277 -65.1935 7.320764 75.003
P      1e+03 868 157 7.32 75.0 5 -65.3
F 1.023292992e+03 890 158 4.454876 -78.1063 7.320764 77.461
F 1.047128548e+03 910 162 3.831019 -74.1606 7.320764 85.417
F 1.071519305e+03 928 164 0.726770 -84.6091 7.320764 85.982
F 1.096478196e+03 950 172 1.130940 -53.6797 7.320764 85.982
F 1.122018454e+03 971 179 0.032079 -30.1264 7.320764 85.982
F 1.148153621e+03 996 181 2.418470 -42.1973 7.320764 85.982
F 1.174897555e+03 1021 186 4.278121 -33.6571 7.320764 85.982
R 1.191079782e+03 8.276353 1039 186 1.167707e+03
F 1.202264435e+03 1045 186 4.598765 -61.0240 8.967627 85.982
F 1.230268771e+03 1066 193 1.367846 -39.2610 8.967627 85.982
F 1.258925412e+03 1091 200 1.572516 -18.0408 8.967627 85.982
F 1.288249552e+03 1116 208 1.199628 9.8126 8.967627 85.982
F 1.318256739e+03 1141 212 0.235731 8.5072 8.967627 85.982
F 1.348962883e+03 1173 216 5.667056 6.5652 8.967627 85.982
F 1.380384265e+03 1199 216 4.479517 -24.8562 8.967627 85.982
R 1.387192745e+03 9.588439 1210 216 1.331820e+03
R 1.389597694e+03 10.507542 1213 216 1.331820e+03
R 1.402715475e+03 11.157304 1225 216 1.331820e+03
R 1.404225822e+03 12.850467 1228 216 1.331820e+03
F 1.412537545e+03 1231 216 8.658699 -57.0095 12.850467 85.982
F 1.445439771e+03 1251 217 0.189851 -82.6366 12.850467 86.873
F 1.479108388e+03 1281 224 1.057879 -64.8525 12.850467 86.873
F 1.513561248e+03 1311 227 1.247336 -77.3731 12.850467 86.873
F 1.548816619e+03 1342 234 1.742415 -61.2910 12.850467 86.873
F 1.584893192e+03 1373 234 1.526944 -97.3675 12.850467 95.208
F 1.621810097e+03 1403 239 -0.415628 -97.3814 12.850467 111.085
F 1.659586907e+03 1437 245 0.897761 -90.7873 12.850467 111.085
F 1.698243652e+03 1470 256 0.449781 -47.7606 12.850467 111.085
F 1.737800829e+03 1504 263 0.222698 -35.1608 12.850467 111.085
F 1.778279410e+03 1544 270 5.198363 -23.3427 12.850467 111.085
F 1.819700859e+03 1576 270 1.358207 -64.7641 12.850467 111.085
F 1.862087137e+03 1614 272 2.683227 -92.1295 12.850467 111.085
F 1.905460718e+03 1649 277 0.153976 -97.7697 12.850467 111.790
F 1.949844600e+03 1687 290 -0.249443 -43.8794 12.850467 111.790
F 1.995262315e+03 1727 300 0.452607 -9.6318 12.850467 111.790
F 2.041737945e+03 1767 306 0.239291 -10.4268 12.850467 111.790
F 2.089296131e+03 1814 310 6.089286 -23.6485 12.850467 111.790
R 2.124343708e+03 13.764161 1852 310 2.068018e+03
R 2.125836309e+03 14.472679 1854 310 2.068018e+03
F 2.137962090e+03 1862 310 11.980774 -72.3145 14.472679 111.790
F 2.187761624e+03 1904 310 10.891429 -122.1140 14.472679 121.877
F 2.238721139e+03 1942 310 4.798405 -173.0735 14.472679 172.256
F 2.290867653e+03 1983 325 0.678321 -102.9154 14.472679 178.309
F 2.344228815e+03 2029 334 0.507256 -86.0421 14.472679 178.309
F 2.398832919e+03 2078 341 2.260729 -86.2529 14.472679 178.309
F 2.454708916e+03 2125 349 0.913689 -79.7627 14.472679 178.309
F 2.511886432e+03 2175 355 1.440501 -90.0059 14.472679 178.309
F 2.570395783e+03 2225 367 0.814935 -54.4360 14.472679 178.309
F 2.630267992e+03 2276 372 0.010148 -74.9571 14.472679 178.309
F 2.691534804e+03 2332 384 2.998673 -41.6048 14.472679 178.309
F 2.754228703e+03 2383 393 -0.247598 -33.1217 14.472679 178.309
F 2.818382931e+03 2446 399 7.242572 -49.7261 14.472679 178.309
F 2.884031503e+03 2499 406 3.439753 -59.6420 14.472679 178.309
F 2.951209227e+03 2554 410 0.313826 -94.8783 14.472679 178.309
F 3.019951720e+03 2613 426 -0.166028 -35.5858 14.472679 178.309
F 3.090295433e+03 2677 438 2.968655 -9.6266 14.472679 178.309
S 3.162277660e+03 2739 450 2288 14.472679 2.685602 2.257513 -0.500000 179.137739 2.068018e+03 14.472679 6 1.742693e-04 6.310523e-08 0 0 4.052504e-07 0 0 178.309 14.984 2739 0 0 0 0.0 14.472679
F 3.162277660e+03 2739 450 2.685602 14.9836 14.472679 178.309
P   3.16e+03 2740 450 14.47 178.3 6 14.3
F 3.235936569e+03 2805 452 4.951790 -42.5516 14.472679 178.309
F 3.311311215e+03 2877 452 11.733428 -113.8823 14.472679 178.309
R 3.316615535e+03 15.143833 2885 452 3.171738e+03
R 3.320526163e+03 16.760138 2890 452 3.171738e+03
R 3.320596454e+03 17.699319 2891 452 3.171738e+03
R 3.320956756e+03 18.387565 2892 452 3.171738e+03
F 3.388441561e+03 2940 452 7.995934 -186.9486 18.387565 190.373
F 3.467368505e+03 3004 452 3.703925 -264.5173 18.387565 262.170
F 3.548133892e+03 3071 477 0.821190 -141.1387 18.387565 273.806
F 3.630780548e+03 3142 495 0.310677 -76.4426 18.387565 273.806
F 3.715352291e+03 3216 508 1.134471 -53.8870 18.387565 273.806
F 3.801893963e+03 3290 517 0.253771 -66.3263 18.387565 273.806
F 3.890451450e+03 3370 527 3.628876 -72.4054 18.387565 273.806
F 3.981071706e+03 3447 537 2.219158 -80.2352 18.387565 273.806
F 4.073802778e+03 3529 546 3.983043 -98.2625 18.387565 273.806
F 4.168693835e+03 3608 567 0.877989 -18.3349 18.387565 273.806
F 4.265795188e+03 3694 579 2.860463 -15.2858 18.387565 273.806
F 4.365158322e+03 3782 589 4.885916 -30.9702 18.387565 273.806
F 4.466835922e+03 3867 589 1.908766 -132.6478 18.387565 273.806
F 4.570881896e+03 3959 604 3.882364 -106.3076 18.387565 273.806
F 4.677351413e+03 4048 622 0.758978 -60.8193 18.387565 273.806
F 4.786300923e+03 4142 633 0.489763 -72.4811 18.387565 273.806
F 4.897788194e+03 4238 649 0.024735 -43.9516 18.387565 273.806
F 5.011872336e+03 4342 654 5.312749 -115.5304 18.387565 273.806
F 5.128613840e+03 4446 654 8.301465 -232.2719 18.387565 273.806
F 5.248074602e+03 4551 654 9.937326 -351.7326 18.387565 351.179
F 5.370317964e+03 4647 675 0.165526 -291.6157 18.387565 401.679
F 5.495408739e+03 4757 700 1.929986 -201.6274 18.387565 401.679
F 5.623413252e+03 4866 735 0.173315 -27.8214 18.387565 401.679
F 5.754399373e+03 4982 749 2.836790 -37.7282 18.387565 401.679
F 5.888436554e+03 5096 763 0.860319 -49.9818 18.387565 401.679
F 6.025595861e+03 5219 777 5.182408 -65.4589 18.387565 401.679
F 6.165950019e+03 5335 786 -0.259867 -122.9684 18.387565 401.679
F 6.309573445e+03 5460 807 0.469105 -83.1123 18.387565 401.679
F 6.456542290e+03 5587 829 0.303433 -37.2407 18.387565 401.679
F 6.606934480e+03 5719 849 2.175691 -11.9408 18.387565 401.679
F 6.760829754e+03 5855 862 5.016885 -51.3474 18.387565 401.679
F 6.918309709e+03 5992 870 5.756413 -138.1902 18.387565 401.679
F 7.079457844e+03 6126 895 0.322025 -77.8693 18.387565 401.679
F 7.244359601e+03 6271 906 2.639794 -145.1101 18.387565 401.679
F 7.413102413e+03 6414 930 -0.365933 -100.2365 18.387565 401.679
F 7.585775750e+03 6566 947 2.227429 -121.2065 18.387565 401.679
F 7.762471166e+03 6719 960 2.340664 -181.6306 18.387565 401.679
F 7.943282347e+03 6875 964 1.892709 -322.0943 18.387565 401.679
F 8.128305162e+03 7034 976 0.800612 -391.7185 18.387565 401.679
F 8.317637711e+03 7197 1004 -0.020508 -328.5745 18.387565 415.465
F 8.511380382e+03 7365 1041 0.342487 -188.0219 18.387565 415.465
F 8.709635900e+03 7536 1086 -0.199285 21.4478 18.387565 415.465
F 8.912509381e+03 7715 1108 3.263222 20.6090 18.387565 415.465
F 9.120108394e+03 7896 1136 4.636935 67.9544 18.387565 415.465
F 9.332543008e+03 8081 1142 5.826615 -89.2174 18.387565 415.465
F 9.549925860e+03 8266 1163 2.734802 -114.4082 18.387565 415.465
F 9.772372210e+03 8457 1185 1.261768 -135.0033 18.387565 415.465
S 1.000000000e+04 8658 1215 7442 18.387565 5.305462 2.430450 -0.500000 350.185387 4.951558e+03 14.950236 6 2.749732e-04 6.310523e-08 0 0 4.916414e-08 0 0 415.465 -86.641 8658 0 0 0 0.0 18.387565
F 1.000000000e+04 8658 1215 5.305462 -86.6411 18.387565 415.465
P      1e+04 8659 1215 18.39 415.5 6 -87.1
F 1.023292992e+04 8855 1249 0.761453 -5.9416 18.387565 415.465
F 1.047128548e+04 9070 1268 9.522882 -68.7206 18.387565 415.465
F 1.071519305e+04 9272 1287 0.480397 -131.8706 18.387565 415.465
F 1.096478196e+04 9488 1297 0.522101 -283.9106 18.387565 415.465
F 1.122018454e+04 9718 1328 9.533490 -246.0327 18.387565 415.465
F 1.148153621e+04 9936 1354 1.397393 -264.4839 18.387565 415.465
F 1.174897555e+04 10169 1382 2.993910 -265.1783 18.387565 415.465
F 1.202264435e+04 10403 1409 0.200347 -285.5132 18.387565 415.465
F 1.230268771e+04 10647 1431 1.891153 -358.7061 18.387565 415.465
F 1.258925412e+04 10895 1458 1.937854 -390.6754 18.387565 426.872
F 1.288249552e+04 11151 1502 4.208980 -267.9742 18.387565 426.872
F 1.318256739e+04 11407 1547 0.570001 -138.4522 18.387565 426.872
F 1.348962883e+04 11673 1595 0.883254 11.7716 18.387565 426.872
F 1.380384265e+04 11945 1637 1.007867 97.3601 18.387565 426.872
F 1.412537545e+04 12223 1665 0.799689 47.8421 18.387565 426.872
F 1.445439771e+04 12514 1683 7.111211 -108.5298 18.387565 426.872
F 1.479108388e+04 12801 1714 2.791485 -147.8641 18.387565 426.872
F 1.513561248e+04 13097 1732 0.686052 -319.3409 18.387565 426.872
F 1.548816619e+04 13403 1785 1.636850 -161.1754 18.387565 426.872
F 1.584893192e+04 13715 1827 1.482141 -116.2638 18.387565 426.872
F 1.621810097e+04 14036 1870 3.056414 -69.2132 18.387565 426.872
F 1.659586907e+04 14360 1892 0.190306 -233.3742 18.387565 426.872
F 1.698243652e+04 14703 1917 8.710508 -376.7489 18.387565 426.872
F 1.737800829e+04 15041 1958 4.439675 -372.3524 18.387565 548.761
F 1.778279410e+04 15389 1979 2.196330 -571.8285 18.387565 603.836
F 1.819700859e+04 15746 2044 0.794769 -349.2451 18.387565 603.836
F 1.862087137e+04 16116 2101 4.044964 -213.3577 18.387565 603.836
F 1.905460718e+04 16490 2152 2.752458 -135.2454 18.387565 603.836
F 1.949844600e+04 16871 2179 -0.281733 -307.6595 18.387565 603.836
F 1.995262315e+04 17265 2247 0.738770 -89.3406 18.387565 603.836
F 2.041737945e+04 17669 2297 2.605605 -58.3090 18.387565 603.836
F 2.089296131e+04 18079 2354 1.105556 37.3430 18.387565 603.836
F 2.137962090e+04 18500 2418 1.020439 188.0579 18.387565 603.836
F 2.187761624e+04 18939 2462 9.126989 129.1140 18.387565 603.836
F 2.238721139e+04 19373 2495 2.196742 -50.2351 18.387565 603.836
F 2.290867653e+04 19824 2522 1.995910 -300.4700 18.387565 603.836
F 2.344228815e+04 20285 2560 1.285260 -452.2141 18.387565 603.836
F 2.398832919e+04 20759 2625 2.819988 -343.4490 18.387565 603.836
F 2.454708916e+04 21242 2696 2.349585 -185.4241 18.387565 603.836
F 2.511886432e+04 21741 2764 6.617711 -64.0077 18.387565 603.836
F 2.570395783e+04 22247 2799 6.362050 -280.6467 18.387565 603.836
F 2.630267992e+04 22760 2828 1.314181 -579.4419 18.387565 603.836
R 2.677571923e+04 19.014084 23187 2860 2.662954e+04
F 2.691534804e+04 23293 2867 4.199427 -789.7622 19.014084 831.213
F 2.754228703e+04 23832 2938 0.736713 -686.6172 19.014084 831.213
F 2.818382931e+04 24390 3026 3.638420 -427.3351 19.014084 831.213
F 2.884031503e+04 24955 3136 0.610226 53.0168 19.014084 831.213
F 2.951209227e+04 25537 3207 1.350957 111.2129 19.014084 831.213
F 3.019951720e+04 26135 3250 4.552419 -130.5681 19.014084 831.213
F 3.090295433e+04 26741 3319 1.899244 -121.4284 19.014084 831.213
S 3.162277660e+04 27363 3375 23987 19.014084 1.068715 2.545642 -0.500000 270.440200 2.554662e+04 14.724547 7 5.317627e-05 3.175558e-09 0 0 1.707566e-09 0 0 831.213 -261.688 22336 8657 2160 0 0.0 19.014084
F 3.162277660e+04 27363 3375 1.068715 -261.6881 19.014084 831.213
P   3.16e+04 27364 3375 19.01 831.2 7 -262.3
F 3.235936569e+04 28001 3471 1.730600 0.9957 19.014084 831.213
F 3.311311215e+04 28652 3557 0.546972 141.4158 19.014084 831.213
F 3.388441561e+04 29323 3644 4.172036 276.5306 19.014084 831.213
F 3.467368505e+04 30002 3669 0.251942 -246.3223 19.014084 831.213
F 3.548133892e+04 30706 3718 5.424594 -541.2930 19.014084 831.213
F 3.630780548e+04 31416 3778 0.319467 -737.8615 19.014084 831.213
F 3.715352291e+04 32158 3872 10.557401 -590.2741 19.014084 831.213
F 3.801893963e+04 32897 3984 0.750408 -270.5311 19.014084 831.213
F 3.890451450e+04 33662 4074 -0.498542 -205.9956 19.014084 831.213
F 3.981071706e+04 34450 4135 3.404278 -466.9040 19.014084 831.213
F 4.073802778e+04 35250 4184 1.043129 -874.5427 19.014084 936.326
F 4.168693835e+04 36078 4268 7.992587 -930.8157 19.014084 1028.529
R 4.177577398e+04 20.127021 36167 4268 4.164128e+04
R 4.177783912e+04 21.340154 36170 4268 4.164128e+04
R 4.177818667e+04 22.039427 36171 4268 4.164128e+04
F 4.265795188e+04 36911 4372 0.817321 -794.0074 22.843949 1151.241
F 4.365158322e+04 37772 4507 2.071860 -346.7860 22.843949 1151.241
F 4.466835922e+04 38654 4678 4.300354 465.2848 22.843949 1151.241
F 4.570881896e+04 39551 4774 1.036337 466.4955 22.843949 1151.241
F 4.677351413e+04 40472 4846 0.802477 185.9270 22.843949 1151.241
F 4.786300923e+04 41418 4900 4.110324 -322.2775 22.843949 1151.241
F 4.897788194e+04 42383 4993 4.460050 -428.5420 22.843949 1151.241
F 5.011872336e+04 43368 5111 2.340185 -293.8030 22.843949 1151.241
F 5.128613840e+04 44378 5267 2.227344 234.1874 22.843949 1151.241
F 5.248074602e+04 45410 5385 0.585953 322.1611 22.843949 1151.241
F 5.370317964e+04 46474 5442 6.867961 -280.1699 22.843949 1151.241
F 5.495408739e+04 47553 5518 3.512551 -702.3986 22.843949 1151.241
F 5.623413252e+04 48662 5595 4.945846 -1141.2904 22.843949 1151.241
F 5.754399373e+04 49793 5749 2.580597 -764.7161 22.843949 1151.241
F 5.888436554e+04 50954 5909 3.815881 -349.4230 22.843949 1151.241
F 6.025595861e+04 52146 6036 9.036774 -313.7869 22.843949 1151.241
F 6.165950019e+04 53352 6145 0.614031 -505.3155 22.843949 1151.241
F 6.309573445e+04 54599 6233 4.903748 -969.9796 22.843949 1151.241
F 6.456542290e+04 55870 6365 4.247024 -973.6562 22.843949 1159.952
F 6.606934480e+04 57167 6520 -0.030390 -753.4623 22.843949 1159.952
F 6.760829754e+04 58501 6743 2.381551 190.8357 22.843949 1159.952
F 6.918309709e+04 59862 6958 0.776822 1009.6808 22.843949 1159.952
F 7.079457844e+04 61257 7103 1.432951 1015.5873 22.843949 1288.030
F 7.244359601e+04 62682 7171 -0.389361 126.9000 22.843949 1288.030
F 7.413102413e+04 64144 7240 1.553366 -787.7327 22.843949 1288.030
F 7.585775750e+04 65644 7404 7.486990 -673.4140 22.843949 1288.030
F 7.762471166e+04 67171 7548 5.619338 -820.7090 22.843949 1288.030
F 7.943282347e+04 68731 7783 1.139783 19.9968 22.843949 1288.030
F 8.128305162e+04 70331 7938 0.218818 -79.8528 22.843949 1288.030
F 8.317637711e+04 71974 8084 5.007614 -321.0513 22.843949 1288.030
F 8.511380382e+04 73652 8166 6.637568 -1315.0426 22.843949 1314.974
F 8.709635900e+04 75364 8335 3.219848 -1377.4383 22.843949 1375.415
F 8.912509381e+04 77116 8506 -0.155084 -1455.1325 22.843949 1676.941
F 9.120108394e+04 78914 8748 1.582050 -764.1116 22.843949 1676.941
F 9.332543008e+04 80755 8961 4.478846 -447.7133 22.843949 1676.941
F 9.549925860e+04 82636 9140 4.560719 -567.2449 22.843949 1676.941
F 9.772372210e+04 84559 9308 2.830380 -863.5489 22.843949 1676.941
S 1.000000000e+05 86530 9499 77030 22.843949 4.267313 2.848473 -0.500000 339.783841 7.371965e+04 14.864317 7 3.297179e-05 9.961466e-10 0 0 1.405227e-09 0 0 1676.941 -942.984 50173 8657 8304 0 0.0 22.843949
F 1.000000000e+05 86530 9499 4.267313 -942.9836 22.843949 1676.941
P      1e+05 86531 9499 22.84 1676.9 7 -945.2
F 1.023292992e+05 88542 9763 0.827228 -229.6617 22.843949 1676.941
F 1.047128548e+05 90604 10022 0.441512 377.9836 22.843949 1676.941
F 1.071519305e+05 92716 10329 2.016663 1490.7311 22.843949 1676.941
F 1.096478196e+05 94874 10526 0.433703 1299.8763 22.843949 1676.941
F 1.122018454e+05 97087 10609 3.547594 -278.6591 22.843949 1676.941
F 1.148153621e+05 99345 10771 0.186625 -994.8807 22.843949 1676.941
F 1.174897555e+05 101661 10966 2.151793 -1389.0914 22.843949 1676.941
F 1.202264435e+05 104030 11222 3.216165 -1133.9141 22.843949 1676.941
F 1.230268771e+05 106451 11523 1.124231 -409.6260 22.843949 1676.941
F 1.258925412e+05 108931 11806 1.591235 50.2846 22.843949 1676.941
F 1.288249552e+05 111470 12043 3.302496 -90.2488 22.843949 1676.941
F 1.318256739e+05 114074 12190 10.912710 -1359.5901 22.843949 1676.941
F 1.348962883e+05 116725 12441 5.045237 -1467.7661 22.843949 1854.885
F 1.380384265e+05 119439 12654 0.291370 -2091.3159 22.843949 2089.827
F 1.412537545e+05 122225 13032 4.209590 -828.1508 22.843949 2089.827
F 1.445439771e+05 125068 13341 0.324801 -438.5983 22.843949 2089.827
F 1.479108388e+05 127985 13655 4.127547 -47.4676 22.843949 2089.827
F 1.513561248e+05 130963 13950 1.073211 22.3543 22.843949 2089.827
F 1.548816619e+05 134012 14237 -0.418800 -70.4663 22.843949 2089.827
F 1.584893192e+05 137142 14542 8.034102 -17.7514 22.843949 2089.827
F 1.621810097e+05 140329 14879 0.776832 329.1782 22.843949 2089.827
F 1.659586907e+05 143597 15334 0.115751 2018.1332 22.843949 2089.827
F 1.698243652e+05 146948 15567 6.317773 955.3288 22.843949 2133.009
R 1.734184184e+05 23.541772 150075 15767 1.732382e+05
F 1.737800829e+05 150366 15773 1.609442 -517.6851 23.541772 2133.009
F 1.778279410e+05 153874 15990 7.175992 -1944.7129 23.771968 2133.009
F 1.819700859e+05 157460 16300 9.160387 -2336.1704 23.771968 2362.105
F 1.862087137e+05 161118 16650 -0.337666 -2327.0411 23.771968 3013.983
F 1.905460718e+05 164872 17126 0.737277 -882.9333 23.771968 3013.983
F 1.949844600e+05 168716 17563 4.395366 -3.3966 23.771968 3013.983
F 1.995262315e+05 172641 17918 -0.399600 -207.1896 23.771968 3013.983
F 2.041737945e+05 176665 18207 2.268750 -1317.0776 23.771968 3013.983
F 2.089296131e+05 180780 18487 2.268253 -2621.6839 23.771968 3013.983
F 2.137962090e+05 184991 18904 2.417082 -2369.0690 23.771968 3013.983
F 2.187761624e+05 189299 19393 1.482587 -1341.2558 23.771968 3013.983
F 2.238721139e+05 193708 19885 1.180113 -381.9207 23.771968 3013.983
F 2.290867653e+05 198220 20428 1.171791 1111.0178 23.771968 3013.983
F 2.344228815e+05 202838 20871 2.065295 1247.2581 23.771968 3013.983
F 2.398832919e+05 207562 21255 1.412572 539.2891 23.771968 3013.983
F 2.454708916e+05 212397 21623 1.708550 -485.6157 23.771968 3013.983
F 2.511886432e+05 217344 22128 1.389804 76.4413 23.771968 3013.983
F 2.570395783e+05 222407 22660 1.833201 852.4891 23.771968 3013.983
F 2.630267992e+05 227587 23111 1.354506 500.1068 23.771968 3013.983
R 2.640439750e+05 24.237072 228490 23155 2.637513e+05
R 2.640497169e+05 25.268846 228496 23155 2.637513e+05
R 2.640500241e+05 26.003013 228497 23155 2.637513e+05
R 2.640510313e+05 27.131574 228499 23155 2.637513e+05
R 2.640510689e+05 28.099043 228500 23155 2.637513e+05
F 2.691534804e+05 232889 23504 2.206961 -691.9530 28.326161 3013.983
F 2.754228703e+05 238322 23853 10.579827 -2580.9847 28.326161 3013.983
F 2.818382931e+05 243863 24284 0.596895 -3586.2474 28.326161 3588.922
F 2.884031503e+05 249543 24771 0.314961 -4027.5809 28.326161 4322.786
F 2.951209227e+05 255360 25524 4.722263 -1263.8273 28.326161 4322.786
F 3.019951720e+05 261305 26182 1.736889 157.1140 28.326161 4322.786
F 3.090295433e+05 267398 26831 8.205137 1332.8618 28.326161 4322.786
S 3.162277660e+05 273620 27175 246444 28.326161 1.899847 3.114506 -0.500000 681.879136 2.440681e+05 20.032510 8 6.245014e-06 2.238276e-11 0 0 1.350346e-10 0 0 4322.786 -1506.388 92997 8657 26052 0 0.0 28.326161
F 3.162277660e+05 273620 27175 1.899847 -1506.3884 28.326161 4322.786
P   3.16e+05 273621 27175 28.33 4322.8 8 -1506.8
F 3.235936569e+05 279998 27674 6.518691 -2543.2098 28.326161 4322.786
F 3.311311215e+05 286517 28243 3.682417 -2854.0748 28.326161 4322.786
F 3.388441561e+05 293192 28920 4.933061 -1954.7048 28.326161 4322.786
F 3.467368505e+05 300017 29805 0.732112 1442.6424 28.326161 4322.786
F 3.548133892e+05 307006 30571 1.458639 3166.0103 28.326161 4322.786
F 3.630780548e+05 314157 31211 1.407366 3093.3186 28.326161 4322.786
F 3.715352291e+05 321477 31714 3.786710 1093.8993 28.326161 4322.786
F 3.801893963e+05 328963 32217 1.716773 -1096.5647 28.326161 4322.786
F 3.890451450e+05 336625 32890 1.227281 -1294.6707 28.326161 4322.786
F 3.981071706e+05 344466 33648 1.255480 -589.2422 28.326161 4322.786
F 4.073802778e+05 352490 34426 1.643983 178.3869 28.326161 4322.786
F 4.168693835e+05 360711 35042 12.138566 -1346.4864 28.326161 4322.786
F 4.265795188e+05 369101 35659 0.385910 -3065.1015 28.326161 4322.786
R 4.302722882e+05 29.195149 372325 35858 4.299495e+05
R 4.302742083e+05 30.533746 372328 35858 4.299495e+05
R 4.302745791e+05 31.212895 372329 35858 4.299495e+05
R 4.302747824e+05 32.036967 372330 35858 4.299495e+05
R 4.302756676e+05 33.271075 372332 35858 4.299495e+05
R 4.302759372e+05 34.037830 372333 35858 4.299495e+05
R 4.302874643e+05 35.063896 372344 35858 4.299495e+05
R 4.302881593e+05 36.462525 372346 35858 4.299495e+05
R 4.302886253e+05 37.059313 372347 35858 4.299495e+05
F 4.365158322e+05 377702 36256 3.931293 -5254.9703 37.331347 5366.082
F 4.466835922e+05 386496 37069 0.216233 -4848.5173 37.331347 5746.081
F 4.570881896e+05 395499 38084 0.576064 -2036.0388 37.331347 5746.081
F 4.677351413e+05 404713 39129 2.237467 953.7974 37.331347 5746.081
F 4.786300923e+05 414144 40078 6.315938 2483.4136 37.331347 5746.081
F 4.897788194e+05 423791 40664 6.813198 -975.4232 37.331347 5746.081
F 5.011872336e+05 433657 41406 1.614545 -2646.8463 37.331347 5746.081
F 5.128613840e+05 443763 42163 6.486138 -4356.9412 37.331347 5746.081
F 5.248074602e+05 454099 43293 6.072224 -1426.8447 37.331347 5746.081
F 5.370317964e+05 464672 44491 1.892301 2141.6526 37.331347 5746.081
F 5.495408739e+05 475496 45692 2.338208 5511.0073 37.331347 5746.081
F 5.623413252e+05 486578 46578 8.671153 4443.8380 37.331347 6008.751
F 5.754399373e+05 497904 47281 1.018671 660.2459 37.331347 6008.751
F 5.888436554e+05 509502 47942 1.371509 -3968.0717 37.331347 6008.751
F 6.025595861e+05 521381 48907 12.580441 -4851.7643 37.331347 6008.751
F 6.165950019e+05 533524 50138 11.353007 -2475.9912 37.331347 6008.751
F 6.309573445e+05 545942 51313 2.250178 -1146.3271 37.331347 6008.751
F 6.456542290e+05 558662 52391 5.682938 -1414.8394 37.331347 6008.751
F 6.606934480e+05 571677 53330 7.908796 -3860.8548 37.331347 6008.751
F 6.760829754e+05 584988 54298 3.028206 -6246.9524 37.331347 6328.483
F 6.918309709e+05 598616 55529 4.980912 -5443.1622 37.331347 7203.480
F 7.079457844e+05 612557 56934 2.542204 -2641.2484 37.331347 7203.480
F 7.244359601e+05 626825 58603 2.319085 3394.0960 37.331347 7203.480
F 7.413102413e+05 641436 59858 12.746356 3471.1769 37.331347 7203.480
F 7.585775750e+05 656365 61022 1.082599 1956.8182 37.331347 7203.480
F 7.762471166e+05 671653 61938 0.406076 -3279.2662 37.331347 7203.480
F 7.943282347e+05 687300 63269 2.610529 -3292.2883 37.331347 7203.480
F 8.128305162e+05 703311 64810 4.400880 -840.7335 37.331347 7203.480
F 8.317637711e+05 719689 66560 0.288834 4062.5848 37.331347 7203.480
F 8.511380382e+05 736453 68287 0.588379 8249.6999 37.331347 8664.310
F 8.709635900e+05 753611 69489 4.411179 4852.8983 37.331347 8762.821
F 8.912509381e+05 771170 70545 9.661861 -958.4101 37.331347 8762.821
F 9.120108394e+05 789124 71512 1.033196 -8444.4315 37.331347 8762.821
F 9.332543008e+05 807509 73034 5.001161 -8782.9965 37.331347 9339.580
F 9.549925860e+05 826313 74867 -0.180113 -5302.2723 37.331347 9339.580
F 9.772372210e+05 845566 76765 5.516500 -1370.6952 37.331347 9339.580
S 1.000000000e+06 865260 78502 786757 37.331347 3.885824 3.541969 -0.500000 1257.431357 8.817938e+05 26.803499 9 9.853780e-06 2.238276e-11 0 0 1.572237e-11 0 0 9339.580 -148.418 129539 8657 77867 0 0.0 37.331347
F 1.000000000e+06 865260 78502 3.885824 -148.4184 37.331347 9339.580
M 1.000000000e+06 865260 3.885824 /private/tmp/rh-s40-free-greedy/var_eoverpi_th0.5_1e8.mom.1.000000e+06
P      1e+06 865261 78502 37.33 9339.6 9 -148.7
F 1.023292992e+06 885420 79979 9.484974 -3016.3321 37.331347 9339.580
F 1.047128548e+06 906047 81454 12.627821 -6416.2632 37.331347 9339.580
F 1.071519305e+06 927139 83135 0.379322 -7479.2455 37.331347 9339.580
F 1.096478196e+06 948734 85331 -0.450274 -1900.6610 37.331347 9339.580
F 1.122018454e+06 970839 87608 5.688638 4258.2180 37.331347 9339.580
F 1.148153621e+06 993448 89616 1.078949 6135.8357 37.331347 9339.580
F 1.174897555e+06 1016589 91397 1.730624 4292.2118 37.331347 9339.580
F 1.202264435e+06 1040269 92849 2.374345 -2732.6132 37.331347 9339.580
F 1.230268771e+06 1064499 94834 1.455002 -2909.4089 37.331347 9339.580
F 1.258925412e+06 1089293 96963 0.125042 -1647.3195 37.331347 9339.580
F 1.288249552e+06 1114666 99506 0.237653 4784.2909 37.331347 9339.580
F 1.318256739e+06 1140634 101752 4.339793 6407.9650 37.331347 9339.580
F 1.348962883e+06 1167199 103803 0.665061 4639.6938 37.331347 9339.580
F 1.380384265e+06 1194388 105348 2.126394 -4934.9981 37.331347 9339.580
F 1.412537545e+06 1222209 107097 2.308599 -12339.6768 37.331347 12718.399
F 1.445439771e+06 1250676 109252 0.460709 -14698.1727 37.331347 16311.566
F 1.479108388e+06 1279808 112059 0.488165 -8519.9213 37.331347 16311.566
F 1.513561248e+06 1309618 115012 -0.055190 -936.0116 37.331347 16311.566
F 1.548816619e+06 1340135 117615 12.024698 907.4681 37.331347 16311.566
F 1.584893192e+06 1371344 120191 5.553718 1596.4245 37.331347 16311.566
F 1.621810097e+06 1403287 122218 5.981013 -6323.6424 37.331347 16311.566
F 1.659586907e+06 1435978 124751 10.370208 -7825.2788 37.331347 16311.566
F 1.698243652e+06 1469418 127722 2.390431 -3887.9432 37.331347 16311.566
F 1.737800829e+06 1503646 131055 3.307118 4425.3130 37.331347 16311.566
F 1.778279410e+06 1538667 134356 -0.027381 11442.5149 37.331347 16311.566
F 1.819700859e+06 1574509 136962 1.816566 7554.3060 37.331347 16311.566
F 1.862087137e+06 1611192 139442 9.836035 942.7781 37.331347 16311.566
F 1.905460718e+06 1648714 142110 2.585465 -3880.3209 37.331347 16311.566
F 1.949844600e+06 1687124 145195 9.166352 -3618.4735 37.331347 16311.566
F 1.995262315e+06 1726414 148585 1.216693 102.4783 37.331347 16311.566
F 2.041737945e+06 1766631 152048 4.900197 3899.6108 37.331347 16311.566
F 2.089296131e+06 1807784 155264 7.895230 3112.6167 37.331347 16311.566
F 2.137962090e+06 1849888 157769 3.383515 -9036.7035 37.331347 16311.566
F 2.187761624e+06 1892974 160636 0.038561 -16999.0062 37.331347 17124.604
F 2.238721139e+06 1937077 163896 10.013828 -20314.2169 37.331347 21362.151
F 2.290867653e+06 1982187 168211 -0.069389 -9311.3025 37.331347 21362.151
F 2.344228815e+06 2028361 172510 2.865643 354.8454 37.331347 21362.151
F 2.398832919e+06 2075609 176778 4.338415 8429.9031 37.331347 21362.151
F 2.454708916e+06 2123952 180530 0.298194 7715.1968 37.331347 21362.151
F 2.511886432e+06 2173425 183668 0.110738 -3256.6181 37.331347 21362.151
F 2.570395783e+06 2224056 187294 5.544708 -8274.0989 37.331347 21362.151
F 2.630267992e+06 2275856 191436 0.757759 -6929.8450 37.331347 21362.151
F 2.691534804e+06 2328871 196575 4.282308 7867.8825 37.331347 21362.151
F 2.754228703e+06 2383123 201251 10.010969 14472.0250 37.331347 21362.151
F 2.818382931e+06 2438631 205520 8.181650 13704.3263 37.331347 21362.151
F 2.884031503e+06 2495426 209265 0.362305 3762.9190 37.331347 21362.151
F 2.951209227e+06 2553557 213111 5.435327 -6148.4643 37.331347 21362.151
R 2.990539725e+06 38.486458 2587621 215280 2.990184e+06
R 2.990540747e+06 39.602269 2587623 215280 2.990184e+06
R 2.990542266e+06 40.287510 2587625 215280 2.990184e+06
R 2.990542414e+06 41.159652 2587626 215280 2.990184e+06
F 3.019951720e+06 2613034 217286 2.581581 -12599.5088 41.159652 21362.151
F 3.090295433e+06 2673908 222201 11.264061 -9521.4898 41.159652 21362.151
S 3.162277660e+06 2736181 227547 2508633 41.159652 1.211170 3.792983 -0.500000 1275.922994 2.123492e+06 35.815861 9 1.763295e-07 5.847941e-14 0 0 4.114622e-12 0 0 21362.151 -1528.919 143578 8657 228584 0 0.1 41.159652
F 3.162277660e+06 2736181 227547 1.211170 -1528.9192 41.159652 21362.151
P   3.16e+06 2736182 227548 41.16 21362.2 9 -1515.9
F 3.235936569e+06 2799923 232430 9.399609 -2049.7473 41.159652 21362.151
F 3.311311215e+06 2865142 237038 10.036867 -8296.1109 41.159652 21362.151
F 3.388441561e+06 2931874 241315 4.543305 -21149.2477 41.159652 21480.932
F 3.467368505e+06 3000169 246472 7.533820 -22474.9369 41.159652 24209.944
F 3.548133892e+06 3070060 252603 15.799086 -10840.8626 41.159652 24209.944
F 3.630780548e+06 3141564 259110 9.286351 4762.0158 41.159652 24209.944
F 3.715352291e+06 3214732 265484 1.079795 16619.7000 41.159652 24209.944
F 3.801893963e+06 3289612 271119 0.380425 15408.4326 41.159652 24209.944
F 3.890451450e+06 3366238 276128 1.485502 2841.5669 41.159652 24209.944
F 3.981071706e+06 3444649 280913 2.767493 -15070.5658 41.159652 24209.944
F 4.073802778e+06 3524884 287392 1.652528 -9244.6433 41.159652 24209.944
F 4.168693835e+06 3606989 294585 1.598356 5464.1665 41.159652 24209.944
F 4.265795188e+06 3691007 301827 2.071792 18853.7834 41.159652 24209.944
F 4.365158322e+06 3776982 308605 2.525629 23065.8947 41.159652 24995.433
F 4.466835922e+06 3864958 314125 1.375027 5852.4259 41.159652 24995.433
F 4.570881896e+06 3954984 319808 0.973335 -11107.9695 41.159652 24995.433
F 4.677351413e+06 4047108 325418 1.587363 -31479.7158 41.159652 31852.524
F 4.786300923e+06 4141376 333092 0.372072 -22481.7142 41.159652 32419.663
F 4.897788194e+06 4237844 340832 3.344678 -14822.3531 41.159652 32419.663
F 5.011872336e+06 4336557 349356 4.358145 2494.0153 41.159652 32419.663
F 5.128613840e+06 4437568 356533 4.074072 -3363.7958 41.159652 32419.663
F 5.248074602e+06 4540931 363234 2.934938 -19172.5620 41.159652 32419.663
F 5.370317964e+06 4646707 370969 7.135710 -21628.3111 41.159652 32419.663
F 5.495408739e+06 4754937 379598 1.594779 -12838.9184 41.159652 32419.663
F 5.623413252e+06 4865692 389532 -0.075772 13481.8645 41.159652 32419.663
F 5.754399373e+06 4979029 398759 0.399405 26027.0395 41.159652 32419.663
F 5.888436554e+06 5095007 407580 1.927784 29414.9772 41.159652 32419.663
F 6.025595861e+06 5213687 414793 4.017105 4816.4038 41.159652 32419.663
F 6.165950019e+06 5335132 422328 6.742769 -17819.7237 41.159652 32419.663
F 6.309573445e+06 5459397 431515 0.714474 -17648.5959 41.942110 32419.663
F 6.456542290e+06 5586567 442162 5.042076 2271.4442 41.942110 32419.663
F 6.606934480e+06 5716692 453340 2.300653 27326.1761 41.942110 32419.663
F 6.760829754e+06 5849852 463121 3.494753 27138.7189 41.942110 32419.663
F 6.918309709e+06 5986118 472002 9.021816 9465.7684 41.942110 32419.663
R 7.050431265e+06 42.055968 6100470 478386 7.050026e+06
R 7.050435670e+06 43.244535 6100475 478386 7.050026e+06
F 7.079457844e+06 6125548 479851 4.634734 -27915.5632 43.802617 32419.663
F 7.244359601e+06 6268229 488751 3.403550 -52282.2177 43.802617 52817.991
F 7.413102413e+06 6414233 499933 1.676256 -44222.0647 43.802617 56766.726
F 7.585775750e+06 6563640 512411 2.038684 -19334.0429 43.802617 56766.726
F 7.762471166e+06 6716527 525620 2.273456 13427.5041 43.802617 56766.726
F 7.943282347e+06 6872976 536707 3.317985 8635.6641 43.802617 56766.726
F 8.128305162e+06 7033066 547824 1.221496 366.3209 43.802617 56766.726
F 8.317637711e+06 7196888 558299 2.101039 -22115.0230 43.802617 56766.726
F 8.511380382e+06 7364524 571214 1.096487 -9915.1036 43.802617 56766.726
F 8.709635900e+06 7536065 584965 0.324483 11439.3486 43.802617 56766.726
F 8.912509381e+06 7711605 599332 2.831308 38380.8631 43.802617 56766.726
F 9.120108394e+06 7891230 612241 1.544659 37569.7783 43.802617 56766.726
F 9.332543008e+06 8075041 623810 2.224301 10712.7924 43.802617 56766.726
R 9.333596078e+06 44.049068 8075994 623834 9.333155e+06
R 9.333611681e+06 45.548992 8076009 623834 9.333155e+06
R 9.333611772e+06 46.470230 8076010 623834 9.333155e+06
R 9.333646051e+06 47.809872 8076041 623834 9.333155e+06
F 9.549925860e+06 8263133 635242 2.411571 -23006.7376 47.809872 56766.726
F 9.772372210e+06 8455605 648247 1.377698 -36234.6017 47.809872 56766.726
S 1.000000000e+07 8652565 664386 7988178 47.809872 5.070933 4.058400 -0.500000 1407.675912 8.138834e+06 34.223925 9 1.333510e-07 1.403198e-14 0 0 7.742206e-13 0 0 56766.726 -3851.215 145098 8657 672119 0 0.4 47.809872
F 1.000000000e+07 8652565 664386 5.070933 -3851.2149 47.809872 56766.726
M 1.000000000e+07 8652565 5.070933 /private/tmp/rh-s40-free-greedy/var_eoverpi_th0.5_1e8.mom.1.000000e+07
P      1e+07 8652566 664386 47.81 56766.7 9 -3851.2
F 1.023292992e+07 8854104 680326 0.062435 20340.9921 47.809872 56766.726
F 1.047128548e+07 9060344 695753 1.490903 31163.8739 47.809872 56766.726
F 1.071519305e+07 9271386 709249 1.005917 5572.8342 47.809872 56766.726
F 1.096478196e+07 9487347 721193 3.709956 -50542.3823 47.809872 56766.726
F 1.122018454e+07 9708339 735263 7.099075 -77697.9829 47.809872 79193.622
F 1.148153621e+07 9934469 751789 1.002186 -70579.7699 47.809872 80385.372
F 1.174897555e+07 10165871 771846 -0.481062 -11726.8270 47.809872 80385.372
F 1.202264435e+07 10402669 790869 3.956141 24504.8625 47.809872 80385.372
F 1.230268771e+07 10644974 809468 -0.237286 47924.5392 47.809872 80385.372
F 1.258925412e+07 10892932 825061 4.463115 16255.8251 47.809872 80385.372
R 1.277292862e+07 48.002435 11051901 835165 1.277241e+07
R 1.277293429e+07 49.097606 11051907 835165 1.277241e+07
F 1.288249552e+07 11146659 840805 2.589222 -19344.9446 49.097606 80385.372
F 1.318256739e+07 11406297 859417 1.610628 -14418.8169 49.097606 80385.372
F 1.348962883e+07 11671994 879468 11.863310 7547.3368 49.097606 80385.372
F 1.380384265e+07 11943868 901083 10.476637 48481.9484 49.097606 80385.372
F 1.412537545e+07 12222071 920470 5.298682 45916.8382 49.097606 80385.372
F 1.445439771e+07 12506760 939240 5.819785 26180.8345 49.097606 80385.372
F 1.479108388e+07 12798081 955680 7.094346 -39194.3308 49.097606 80385.372
F 1.513561248e+07 13096179 975620 -0.339208 -54269.7466 49.097606 80385.372
F 1.548816619e+07 13401244 998846 15.459675 -22532.2306 49.097606 80385.372
F 1.584893192e+07 13713393 1022845 9.749871 14349.8224 49.097606 80385.372
F 1.621810097e+07 14032810 1046270 1.022822 33841.3944 49.097606 80385.372
F 1.659586907e+07 14359675 1066665 -0.085223 -5062.0635 49.097606 80385.372
F 1.698243652e+07 14694156 1086724 1.117002 -57845.6422 49.097606 80385.372
F 1.737800829e+07 15036430 1107558 4.283879 -106225.7329 49.097606 110041.840
F 1.778279410e+07 15386673 1133334 3.938881 -80931.1529 49.097606 110041.840
F 1.819700859e+07 15745089 1162669 18.378353 -5052.4896 49.097606 110041.840
F 1.862087137e+07 16111823 1192120 2.573041 63798.6129 49.097606 110041.840
F 1.905460718e+07 16487120 1219854 7.067346 94670.0591 49.097606 110041.840
F 1.949844600e+07 16871150 1243205 2.876212 42516.6981 49.097606 110041.840
F 1.995262315e+07 17264142 1267560 15.379629 -2550.5021 49.097606 110041.840
F 2.041737945e+07 17666260 1292936 0.214665 -40345.1245 49.097606 110041.840
F 2.089296131e+07 18077768 1323462 8.164994 -1748.2464 49.097606 110041.840
F 2.137962090e+07 18498850 1354298 5.047843 31735.2767 49.097606 110041.840
F 2.187761624e+07 18929746 1385726 7.598308 64640.6712 49.097606 110041.840
F 2.238721139e+07 19370677 1414010 8.350979 33463.3037 49.097606 110041.840
R 2.257971894e+07 50.035680 19537287 1423654 2.257903e+07
R 2.257972280e+07 51.702770 19537292 1423654 2.257903e+07
R 2.257973977e+07 52.019426 19537307 1423654 2.257903e+07
F 2.290867653e+07 19821882 1439947 12.518803 -48712.4935 52.019426 110041.840
F 2.344228815e+07 20283587 1469462 6.869126 -81719.1475 52.019426 110041.840
F 2.398832919e+07 20756048 1502414 2.596850 -68100.0819 52.019426 110041.840
F 2.454708916e+07 21239524 1539335 8.194634 1018.5771 52.019426 110041.840
M 2.500000000e+07 21631420 20.379449 /private/tmp/rh-s40-free-greedy/var_eoverpi_th0.5_1e8.mom.2.500000e+07
F 2.511886432e+07 21734252 1573596 4.320072 12633.7146 52.019426 110041.840
F 2.570395783e+07 22240508 1607911 4.659774 12622.5196 52.019426 110041.840
F 2.630267992e+07 22758556 1638346 4.790288 -66451.3796 52.160067 110041.840
F 2.691534804e+07 23288666 1671027 0.035778 -120382.5020 52.160067 120931.508
F 2.754228703e+07 23831131 1709738 2.322383 -84578.5567 52.160067 128653.432
F 2.818382931e+07 24386228 1752586 1.029192 8438.7915 52.160067 128653.432
F 2.884031503e+07 24954263 1797383 7.835743 121087.7628 52.160067 128653.432
F 2.951209227e+07 25535517 1837390 2.565968 137067.7663 52.327803 144450.305
F 3.019951720e+07 26130314 1874515 1.028510 88738.1755 52.327803 144450.305
F 3.090295433e+07 26738968 1908667 1.853310 -25931.5461 52.327803 144450.305
S 3.162277660e+07 27361803 1947246 25414556 52.327803 6.324398 4.389827 -0.500000 1948.556312 3.015977e+07 46.195793 10 2.104098e-07 1.403198e-14 0 0 5.693671e-16 1 0 144450.305 -79825.038 145146 8657 1980691 0 1.3 52.327803
F 3.162277660e+07 27361803 1947246 6.324398 -79825.0385 52.327803 144450.305
P   3.16e+07 27361804 1947246 52.33 144450.3 10 -79825.9
F 3.235936569e+07 27999137 1991439 2.208785 -52655.6657 52.327803 144450.305
R 3.281370303e+07 53.111331 28392306 2020594 3.281284e+07
R 3.281371668e+07 54.301977 28392319 2020594 3.281284e+07
R 3.281371688e+07 55.129350 28392320 2020594 3.281284e+07
F 3.311311215e+07 28651319 2038639 0.581364 10410.7825 55.129350 144450.305
F 3.388441561e+07 29318694 2087960 0.645743 93769.4599 55.129350 144450.305
F 3.467368505e+07 30001615 2129967 1.550900 33352.0652 55.129350 144450.305
F 3.548133892e+07 30700456 2172201 15.203558 -40500.3201 55.129350 144450.305
F 3.630780548e+07 31415549 2213776 3.076209 -143645.9980 55.129350 144593.892
F 3.715352291e+07 32147309 2264105 1.010649 -112650.7068 55.129350 145107.874
F 3.801893963e+07 32896119 2317159 4.016945 -52604.7277 55.129350 145107.874
F 3.890451450e+07 33662371 2371985 7.067717 19471.7373 55.129350 145107.874
F 3.981071706e+07 34446464 2425647 2.887629 51796.0305 55.129350 145107.874
F 4.073802778e+07 35248823 2473555 0.737977 -36543.2370 55.129350 145107.874
F 4.168693835e+07 36069879 2524964 6.196261 -83883.8914 55.129350 145107.874
F 4.265795188e+07 36910050 2580048 1.930614 -87674.8637 55.129350 145107.874
F 4.365158322e+07 37769795 2643952 1.468990 42241.4512 55.129350 145107.874
F 4.466835922e+07 38649565 2708368 -0.037034 159481.4965 55.129350 159482.117
F 4.570881896e+07 39549844 2770461 14.946042 213524.7087 55.129350 221552.412
R 4.626787464e+07 56.677185 40033612 2799201 4.626735e+07
R 4.626787999e+07 57.044197 40033617 2799201 4.626735e+07
F 4.677351413e+07 40471066 2825349 3.086322 117599.9193 57.713008 221552.412
F 4.786300923e+07 41413766 2877988 10.933418 -41609.8783 57.713008 221552.412
R 4.846189429e+07 58.057479 41932002 2907461 4.846162e+07
R 4.846189524e+07 59.232186 41932004 2907461 4.846162e+07
R 4.846192058e+07 60.310809 41932027 2907461 4.846162e+07
R 4.846192086e+07 61.065368 41932028 2907461 4.846162e+07
R 4.846192291e+07 62.294875 41932031 2907461 4.846162e+07
R 4.846194709e+07 63.370278 41932053 2907461 4.846162e+07
R 4.846195328e+07 64.016070 41932059 2907461 4.846162e+07
R 4.846198201e+07 65.152187 41932085 2907461 4.846162e+07
R 4.846198681e+07 66.006050 41932090 2907461 4.846162e+07
F 4.897788194e+07 42378415 2935796 9.659474 -133506.8429 66.024055 221552.412
M 5.000000000e+07 43262804 4.893643 /private/tmp/rh-s40-free-greedy/var_eoverpi_th0.5_1e8.mom.5.000000e+07
F 5.011872336e+07 43365526 2999980 0.794145 -136890.8803 66.024055 221552.412
F 5.128613840e+07 44375641 3073920 2.953412 7539.7273 66.024055 221552.412
F 5.248074602e+07 45409279 3145816 -0.437922 90196.4375 66.024055 221552.412
F 5.370317964e+07 46467007 3214013 9.569795 80892.4387 66.024055 221552.412
F 5.495408739e+07 47549358 3276223 5.160482 -61894.7502 66.024055 221552.412
F 5.623413252e+07 48656920 3340002 0.454975 -204470.1253 66.024055 221552.412
F 5.754399373e+07 49790296 3413905 11.206746 -194544.0551 66.024055 236177.179
F 5.888436554e+07 50950055 3493508 5.490538 -111563.5814 66.024055 236177.179
F 6.025595861e+07 52136832 3579382 3.383749 54260.8261 66.024055 236177.179
F 6.165950019e+07 53351255 3660582 3.640386 106292.2948 66.024055 236177.179
F 6.309573445e+07 54593970 3739393 8.357437 84622.0239 66.024055 236177.179
F 6.456542290e+07 55865620 3813445 1.633460 -54142.2510 66.024055 236177.179
F 6.606934480e+07 57166898 3894923 2.219227 -91838.9794 66.024055 236177.179
F 6.760829754e+07 58498486 3987213 2.160229 32175.8602 66.024055 236177.179
F 6.918309709e+07 59861091 4082256 2.430852 172179.8633 66.024055 236177.179
F 7.079457844e+07 61255444 4176164 11.560032 257227.9458 66.024055 260773.761
F 7.244359601e+07 62682270 4260016 15.248192 124937.4026 66.024055 260773.761
F 7.413102413e+07 64142316 4344120 3.975257 -39211.2162 66.024055 260773.761
F 7.585775750e+07 65636385 4426360 6.599533 -274438.2767 66.024055 274776.948
R 7.646630874e+07 67.001373 66162998 4460530 7.646566e+07
F 7.762471166e+07 67165249 4526600 2.947253 -221297.1833 67.248841 275875.452
F 7.943282347e+07 68729731 4634527 5.392550 -67320.2922 67.248841 275875.452
F 8.128305162e+07 70330649 4746038 2.427656 112303.9488 67.248841 275875.452
F 8.317637711e+07 71968868 4851785 10.223084 146300.1931 67.248841 275875.452
F 8.511380382e+07 73645230 4945478 2.177571 -81432.8718 67.248841 275875.452
F 8.709635900e+07 75360651 5044955 5.457527 -246378.9548 67.248841 275875.452
F 8.912509381e+07 77116034 5151671 13.525772 -322725.3110 67.248841 329876.621
F 9.120108394e+07 78912290 5275550 6.659282 -129501.6847 67.248841 329876.621
F 9.332543008e+07 80750388 5403733 1.455709 97196.6993 67.248841 329876.621
F 9.549925860e+07 82631311 5532197 6.328403 282422.1830 67.248841 329876.621
F 9.772372210e+07 84556036 5650369 0.989677 230790.9409 67.248841 329876.621
S 1.000000000e+08 86525605 5761506 80764098 67.248841 6.922029 4.671957 -0.500000 2246.733968 4.750182e+07 38.472856 11 3.308238e-08 3.644710e-16 0 0 2.053326e-15 5 0 329876.621 594.665 145148 8657 3828688 0 3.8 67.248841
F 1.000000000e+08 86525605 5761506 6.922029 594.6650 67.248841 329876.621
M 1.000000000e+08 86525605 6.922029 /private/tmp/rh-s40-free-greedy/var_eoverpi_th0.5_1e8.mom.1.000000e+08
# windows 60
# done N=86525605 pi=5761506 C=80764098 supE=67.248841236 minEbefore=-0.500000000 skviol=0 supPsi=329876.621 nS=145148 nP_small=1215 nL=5760291 nM=8657 LDbytes=3828688 time=3.8
