# s8gen mode=rule X=1.000000e+08 theta=0.750000 rho=0.78539816339744828+3.061617e-17 t=1.2732395447351628-7.871471e-17 B=10000.000000
# S cols: x N pi C supE E(x) meanE_win minEbefore_win maxPrimeGap_win gapStart gapPeakE maxClu_win minGapAbs minGapRel ties misorders minDecisionMargin_rel ambig_double skorokhodViol supPsi psi-x nS nM nLDbytes heap time wMaxE
S 1.000000000e+01 8 4 3 0.917490 -0.068583 0.003935 -0.750000 3.819719 5.774648e+00 0.917490 2 5.361954e-01 8.496414e-02 0 0 4.108817e-02 0 0 2.535 -2.802 8 0 0 0 0.0 0.917490
F 1.000000000e+01 8 4 -0.068583 -2.8024 0.917490 2.535
F 1.023292992e+01 8 4 -0.251526 -3.0353 0.917490 2.535
P         10 9 4 0.92 2.5 2 -2.1
F 1.047128548e+01 9 4 0.561270 -2.1017 0.917490 2.535
F 1.071519305e+01 9 4 0.369705 -2.3456 0.917490 2.535
F 1.096478196e+01 9 4 0.173679 -2.5952 0.917490 2.535
F 1.122018454e+01 9 4 -0.026914 -2.8506 0.917490 2.535
F 1.148153621e+01 10 4 0.767821 -3.1120 0.919014 2.919
F 1.174897555e+01 10 4 0.557774 -3.3794 0.919014 2.919
F 1.202264435e+01 10 4 0.342835 -3.6531 0.919014 2.919
F 1.230268771e+01 10 4 0.122890 -3.9331 0.919014 2.919
R 1.233725556e+01 1.095740 11 4 9.594367e+00
F 1.258925412e+01 11 4 0.897821 -4.2197 1.095740 3.968
F 1.288249552e+01 11 4 0.667510 -4.5129 1.095740 3.968
F 1.318256739e+01 11 4 0.431834 -4.8130 1.095740 3.968
F 1.348962883e+01 11 4 0.190668 -5.1201 1.095740 3.968
F 1.380384265e+01 11 4 -0.056114 -5.4343 1.095740 3.968
F 1.412537545e+01 11 4 -0.308646 -5.7558 1.095740 3.968
F 1.445439771e+01 11 4 -0.567059 -6.0849 1.095740 3.968
F 1.479108388e+01 12 4 0.168508 -5.7512 1.095740 5.566
F 1.513561248e+01 12 4 -0.102084 -6.0957 1.095740 5.566
F 1.548816619e+01 12 4 -0.378979 -6.4483 1.095740 5.566
F 1.584893192e+01 12 4 -0.662324 -6.8090 1.095740 5.566
F 1.621810097e+01 13 5 0.047731 -4.4081 1.095740 5.566
F 1.659586907e+01 13 5 -0.248967 -4.7858 1.095740 5.566
F 1.698243652e+01 13 5 -0.552576 -5.1724 1.095740 5.566
F 1.737800829e+01 14 6 0.136742 -2.7211 1.095740 5.566
F 1.778279410e+01 14 6 -0.181176 -3.1259 1.095740 5.566
F 1.819700859e+01 14 6 -0.506499 -3.5401 1.095740 5.566
F 1.862087137e+01 15 7 0.160600 -1.0458 1.095740 5.566
R 1.875631246e+01 2.054225 17 7 1.850704e+01
F 1.905460718e+01 17 7 1.819945 -1.4796 2.054225 5.566
F 1.949844600e+01 17 7 1.471354 -1.9234 2.054225 5.566
F 1.995262315e+01 17 7 1.114645 -2.3776 2.054225 5.566
F 2.041737945e+01 18 7 1.749626 -2.8423 2.054225 5.566
F 2.089296131e+01 18 7 1.376105 -3.3179 2.054225 5.566
F 2.137962090e+01 18 7 0.993883 -3.8046 2.054225 5.566
F 2.187761624e+01 18 7 0.602759 -4.3026 2.054225 5.566
F 2.238721139e+01 19 7 1.202523 -4.8122 2.054225 5.566
F 2.290867653e+01 19 7 0.792966 -5.3336 2.054225 5.566
F 2.344228815e+01 19 7 0.373868 -5.8672 2.054225 5.566
F 2.398832919e+01 19 7 -0.054992 -6.4133 2.054225 5.566
F 2.454708916e+01 20 7 0.506159 -6.9720 2.054225 6.543
F 2.511886432e+01 20 7 0.057088 -7.5438 2.054225 6.543
F 2.570395783e+01 20 7 -0.402443 -8.1289 2.054225 6.543
F 2.630267992e+01 21 8 0.127322 -5.4639 2.054225 6.543
F 2.691534804e+01 21 8 -0.353867 -6.0766 2.054225 6.543
F 2.754228703e+01 22 9 0.153737 -3.3923 2.054225 6.543
F 2.818382931e+01 22 9 -0.350130 -4.0338 2.054225 6.543
F 2.884031503e+01 23 9 0.134268 -4.0199 2.054225 6.543
F 2.951209227e+01 23 9 -0.393345 -4.6917 2.054225 6.543
F 3.019951720e+01 24 10 0.066753 -1.9791 2.054225 6.543
F 3.090295433e+01 24 10 -0.485725 -2.6825 2.054225 6.543
S 3.162277660e+01 26 10 15 2.054225 0.948927 0.256694 -0.750000 7.639437 1.850704e+01 2.054225 3 1.147707e-01 6.119043e-03 0 0 4.868846e-03 0 0 6.543 -3.402 26 0 0 0 0.0 2.054225
F 3.162277660e+01 26 10 0.948927 -3.4023 2.054225 6.543
F 3.235936569e+01 26 10 0.370412 -4.1389 2.054225 6.543
F 3.311311215e+01 26 10 -0.221579 -4.8927 2.054225 6.543
P       31.6 27 10 2.05 6.5 3 -3.4
F 3.388441561e+01 29 10 2.172640 -2.7386 2.324647 6.543
F 3.467368505e+01 29 10 1.552750 -3.5278 2.324647 6.543
F 3.548133892e+01 29 10 0.918420 -4.3355 2.324647 6.543
F 3.630780548e+01 30 10 1.269314 -5.1620 2.324647 6.543
F 3.715352291e+01 32 10 2.605090 -6.0077 2.986990 6.543
F 3.801893963e+01 32 10 1.925393 -6.8731 2.986990 6.543
F 3.890451450e+01 32 10 1.229864 -7.7587 2.986990 6.543
F 3.981071706e+01 32 10 0.518134 -8.6649 2.986990 6.543
F 4.073802778e+01 33 10 0.789826 -9.5922 2.986990 8.681
F 4.168693835e+01 33 10 0.044553 -10.5411 2.986990 8.681
F 4.265795188e+01 33 10 -0.718079 -11.5121 2.986990 8.681
F 4.365158322e+01 35 11 0.501525 -8.7516 2.986990 8.681
F 4.466835922e+01 35 11 -0.297049 -9.7684 2.986990 8.681
F 4.570881896e+01 36 12 -0.114224 -6.9967 2.986990 8.681
F 4.677351413e+01 37 13 0.049566 -4.2216 2.986990 8.681
F 4.786300923e+01 38 13 0.193879 -5.3111 2.986990 8.681
F 4.897788194e+01 38 13 -0.681740 -6.4259 2.986990 8.681
F 5.011872336e+01 39 14 -0.577755 -3.6736 2.986990 8.681
F 5.128613840e+01 41 15 0.505359 -0.9223 2.986990 8.681
F 5.248074602e+01 42 15 0.567117 -2.1169 2.986990 8.681
F 5.370317964e+01 43 15 0.607020 -3.3393 2.986990 8.681
F 5.495408739e+01 43 15 -0.375441 -4.5902 2.986990 8.681
F 5.623413252e+01 46 15 1.619214 -5.1999 2.986990 8.681
F 5.754399373e+01 46 15 0.590451 -6.5098 2.986990 8.681
F 5.888436554e+01 47 15 0.537726 -7.8502 2.986990 8.681
F 6.025595861e+01 49 15 1.460479 -9.2218 2.986990 9.144
F 6.165950019e+01 51 15 2.358140 -10.6253 2.986990 9.963
F 6.309573445e+01 51 15 1.230124 -12.0615 2.986990 9.963
F 6.456542290e+01 51 15 0.075834 -13.5312 2.986990 9.963
F 6.606934480e+01 54 15 1.894656 -15.0351 2.986990 14.829
F 6.760829754e+01 54 15 0.685965 -16.5741 2.986990 14.829
F 6.918309709e+01 54 15 -0.550879 -18.1489 2.986990 14.829
F 7.079457844e+01 57 17 1.183466 -11.2614 2.986990 14.829
F 7.244359601e+01 59 17 1.888331 -12.9104 2.986990 14.829
F 7.413102413e+01 59 17 0.563028 -14.5978 2.986990 14.829
F 7.585775750e+01 60 18 0.206855 -11.9964 2.986990 14.829
F 7.762471166e+01 61 19 -0.180908 -9.4186 2.986990 14.829
F 7.943282347e+01 62 19 -0.600996 -11.2267 2.986990 14.829
F 8.128305162e+01 64 21 -0.054161 -4.3065 2.986990 14.829
F 8.317637711e+01 65 22 -0.541176 -1.7910 2.986990 14.829
F 8.511380382e+01 69 23 1.937173 0.6957 2.986990 14.829
F 8.709635900e+01 69 23 0.380078 -1.2868 2.986990 14.829
F 8.912509381e+01 71 23 0.786713 -3.3156 2.986990 14.829
F 9.120108394e+01 72 23 0.156234 -5.3916 2.986990 14.829
F 9.332543008e+01 75 23 1.487777 -5.2547 2.986990 14.829
F 9.549925860e+01 75 23 -0.219544 -7.4286 2.986990 14.829
F 9.772372210e+01 77 23 0.033366 -9.6530 2.986990 14.829
S 1.000000000e+02 81 23 57 2.986990 2.245582 0.544655 -0.750000 19.098593 5.033803e+01 2.878241 4 8.102319e-03 8.790172e-05 0 0 2.747676e-04 0 0 14.829 -11.929 81 0 0 0 0.0 2.986990
F 1.000000000e+02 81 23 2.245582 -11.9293 2.986990 14.829
P        100 82 23 2.99 14.8 4 -12.7
F 1.023292992e+02 82 23 1.416154 -14.2586 2.986990 14.829
F 1.047128548e+02 82 23 -0.455886 -16.6422 2.986990 14.829
F 1.071519305e+02 85 24 0.628469 -14.4144 2.986990 16.721
R 1.087598449e+02 3.365616 89 24 1.063606e+02
R 1.091234148e+02 4.080069 90 24 1.063606e+02
F 1.096478196e+02 90 24 3.668202 -15.0680 4.080069 16.721
F 1.122018454e+02 90 24 1.662275 -17.6220 4.080069 16.721
F 1.148153621e+02 91 24 0.609624 -20.2356 4.080069 19.944
F 1.174897555e+02 93 25 0.509160 -18.1517 4.080069 19.944
F 1.202264435e+02 96 25 1.359770 -20.8884 4.080069 19.944
F 1.230268771e+02 97 26 0.160315 -18.8773 4.080069 19.944
F 1.258925412e+02 99 28 -0.090372 -12.0892 4.080069 19.944
F 1.288249552e+02 103 29 1.606515 -10.1795 4.080069 19.944
F 1.318256739e+02 104 30 0.249756 -8.2988 4.080069 19.944
F 1.348962883e+02 106 32 -0.161899 -1.5777 4.080069 19.944
F 1.380384265e+02 109 33 0.370272 0.1902 4.080069 19.944
F 1.412537545e+02 113 33 1.844959 -3.0251 4.080069 19.944
F 1.445439771e+02 113 33 -0.739176 -6.3154 4.080069 19.944
F 1.479108388e+02 116 35 -0.383503 0.2739 4.080069 19.944
F 1.513561248e+02 121 36 1.910576 1.8369 4.080069 19.944
F 1.548816619e+02 123 36 1.141625 -1.6886 4.080069 19.944
F 1.584893192e+02 127 36 2.308178 -5.2963 4.080069 19.944
F 1.621810097e+02 128 36 0.408731 -8.9880 4.080069 19.944
F 1.659586907e+02 134 36 3.441747 -12.7656 4.080069 19.944
F 1.698243652e+02 135 36 1.405654 -16.6313 4.153056 19.944
F 1.737800829e+02 139 37 2.298840 -15.4362 4.153056 19.944
F 1.778279410e+02 141 37 1.119660 -19.4841 4.153056 19.944
F 1.819700859e+02 146 37 2.866427 -23.6262 4.260457 21.851
F 1.862087137e+02 146 37 -0.462584 -27.8649 4.260457 21.851
F 1.905460718e+02 150 39 0.130863 -21.7243 4.260457 25.539
F 1.949844600e+02 156 40 2.644961 -19.1534 4.260457 25.539
F 1.995262315e+02 159 40 2.077862 -23.6952 4.270715 25.539
F 2.041737945e+02 160 41 -0.572325 -23.0289 4.270715 25.539
F 2.089296131e+02 165 43 0.692464 -17.1322 4.270715 25.539
F 2.137962090e+02 170 43 1.870248 -21.3285 4.270715 25.539
F 2.187761624e+02 172 45 -0.040998 -15.5416 4.270715 25.539
F 2.238721139e+02 176 49 -0.043349 0.9657 4.270715 25.539
F 2.290867653e+02 182 50 1.861073 1.1774 4.270715 25.539
F 2.344228815e+02 185 50 0.670098 -4.1587 4.270715 25.539
F 2.398832919e+02 188 53 -0.618499 6.7914 4.270715 25.539
F 2.454708916e+02 194 55 0.993011 12.1761 4.270715 25.539
F 2.511886432e+02 199 55 1.502299 6.4583 4.270715 25.539
F 2.570395783e+02 203 55 0.906985 3.3775 4.270715 25.539
F 2.630267992e+02 208 55 1.204633 -2.6097 4.270715 25.539
F 2.691534804e+02 213 55 1.392749 -8.7364 4.270715 25.539
F 2.754228703e+02 221 55 4.468782 -15.0058 4.784445 25.539
F 2.818382931e+02 221 55 -0.569880 -21.4212 4.784445 25.539
F 2.884031503e+02 228 56 1.274094 -22.3439 4.784445 25.539
F 2.951209227e+02 233 56 0.997968 -29.0617 4.784445 28.506
R 2.975556884e+02 5.085707 239 56 2.820676e+02
F 3.019951720e+02 240 56 2.598945 -33.0891 5.085707 30.455
F 3.090295433e+02 243 58 0.074162 -28.6622 5.085707 35.391
S 3.162277660e+02 248 58 189 5.085707 -0.579308 1.082432 -0.750000 39.470426 2.425972e+02 4.784445 4 2.692395e-03 1.555900e-05 0 0 4.832858e-05 0 0 35.391 -35.860 248 0 0 0 0.0 5.085707
F 3.162277660e+02 248 58 -0.579308 -35.8604 5.085707 35.391
P        316 249 59 5.09 35.4 4 -30.3
F 3.235936569e+02 259 59 4.635534 -37.4691 5.085707 37.118
F 3.311311215e+02 260 59 -0.284376 -45.0066 5.085707 39.032
F 3.388441561e+02 269 64 2.657820 -23.6599 5.085707 39.795
F 3.467368505e+02 272 64 -0.541087 -28.6345 5.085707 39.795
F 3.548133892e+02 282 65 3.115614 -29.6898 5.114093 39.795
F 3.630780548e+02 285 68 -0.375439 -20.2877 5.114093 39.795
F 3.715352291e+02 292 72 -0.017688 -5.1195 5.114093 39.795
F 3.801893963e+02 300 73 1.185345 -7.8501 5.114093 39.795
F 3.890451450e+02 306 75 0.230056 -4.7819 5.114093 39.795
F 3.981071706e+02 314 81 1.112758 22.0061 5.114093 39.795
F 4.073802778e+02 321 81 0.829676 12.7330 5.114093 39.795
F 4.168693835e+02 329 81 1.376950 3.2439 5.114093 39.795
F 4.265795188e+02 335 83 -0.249372 6.2977 5.114093 39.795
F 4.365158322e+02 344 85 0.946665 8.4938 5.114093 39.795
R 4.463615198e+02 6.213880 357 85 4.335831e+02
F 4.466835922e+02 357 85 5.960925 -1.6740 6.213880 39.795
F 4.570881896e+02 361 85 1.789174 -12.0786 6.213880 39.795
F 4.677351413e+02 369 87 1.427077 -10.4507 6.213880 39.795
F 4.786300923e+02 380 87 3.870203 -21.3456 6.213880 39.795
R 4.847709016e+02 7.047222 388 87 4.641409e+02
F 4.897788194e+02 391 87 6.114013 -32.4943 7.973915 39.795
F 5.011872336e+02 396 87 2.153865 -43.9028 7.973915 40.714
F 5.128613840e+02 405 88 1.985009 -49.3475 7.973915 47.794
F 5.248074602e+02 413 89 0.602583 -55.0322 7.973915 55.265
F 5.370317964e+02 425 89 3.001612 -67.2565 7.973915 67.154
F 5.495408739e+02 432 95 0.177005 -41.9470 7.973915 67.950
F 5.623413252e+02 443 96 1.123554 -48.4362 7.973915 67.950
F 5.754399373e+02 453 100 0.835928 -36.1670 7.973915 67.950
F 5.888436554e+02 463 100 0.308673 -49.5707 7.973915 67.950
F 6.025595861e+02 474 108 0.536206 -12.1745 7.973915 67.950
F 6.165950019e+02 485 111 0.512816 -6.9626 7.973915 67.950
F 6.309573445e+02 499 111 3.232659 -21.3249 7.973915 67.950
F 6.456542290e+02 507 116 -0.310248 -3.6958 7.973915 67.950
F 6.606934480e+02 520 121 0.877978 13.6520 7.973915 67.950
F 6.760829754e+02 531 123 -0.208929 11.2782 7.973915 67.950
F 6.918309709e+02 546 125 2.422624 11.8305 7.973915 67.950
F 7.079457844e+02 556 131 -0.233921 35.0194 7.973915 67.950
F 7.244359601e+02 572 131 2.814726 18.5292 7.973915 67.950
F 7.413102413e+02 587 131 4.561696 1.6549 7.973915 67.950
F 7.585775750e+02 596 132 -0.000036 -5.6718 7.973915 67.950
F 7.762471166e+02 614 133 4.122338 -16.7086 7.973915 67.950
R 7.838722331e+02 8.133586 624 133 7.595325e+02
F 7.943282347e+02 629 133 4.921461 -34.7897 8.133586 67.950
F 8.128305162e+02 644 133 5.389804 -53.2920 8.133586 67.950
F 8.317637711e+02 654 135 0.519660 -58.1162 8.133586 67.950
F 8.511380382e+02 672 136 3.303146 -70.7634 8.133586 68.915
F 8.709635900e+02 688 136 3.732194 -90.5890 8.133586 90.374
F 8.912509381e+02 701 137 0.798548 -101.8232 8.133586 105.308
F 9.120108394e+02 717 145 0.493760 -64.7676 8.133586 105.308
F 9.332543008e+02 734 145 0.809184 -86.0111 8.133586 105.308
F 9.549925860e+02 752 147 1.735975 -94.0556 8.133586 105.308
F 9.772372210e+02 767 154 -0.734920 -68.1607 8.133586 105.308
S 1.000000000e+03 790 164 625 8.133586 4.387235 1.680257 -0.750000 67.481696 7.595325e+02 8.133586 7 4.698370e-03 4.770400e-06 0 0 4.770423e-06 0 0 105.308 -22.005 790 0 0 0 0.0 8.133586
F 1.000000000e+03 790 164 4.387235 -22.0047 8.133586 105.308
P      1e+03 791 164 8.13 105.3 7 -25.9
F 1.023292992e+03 804 169 0.092961 -10.6748 8.133586 105.308
F 1.047128548e+03 823 170 0.372560 -27.5649 8.133586 105.308
F 1.071519305e+03 842 182 0.216104 31.6186 8.133586 105.308
F 1.096478196e+03 861 184 -0.386563 20.6380 8.133586 105.308
F 1.122018454e+03 886 188 4.554165 24.8639 8.133586 105.308
F 1.148153621e+03 902 191 0.027653 21.0332 8.133586 105.308
F 1.174897555e+03 925 199 2.023016 50.7098 8.133586 105.308
F 1.202264435e+03 947 199 2.529119 23.3429 8.133586 105.308
F 1.230268771e+03 967 199 0.534565 -4.6614 8.133586 105.308
F 1.258925412e+03 989 208 0.027692 30.8141 8.133586 105.308
R 1.282871673e+03 9.220342 1017 209 1.259916e+03
F 1.288249552e+03 1020 209 7.996566 8.6287 9.904859 105.308
R 1.290625869e+03 10.130211 1024 209 1.259916e+03
R 1.291894299e+03 11.133989 1026 209 1.259916e+03
R 1.292857363e+03 12.377599 1028 209 1.259916e+03
R 1.294405756e+03 13.161495 1030 209 1.259916e+03
F 1.318256739e+03 1045 209 9.428977 -21.3784 13.161495 105.308
F 1.348962883e+03 1067 209 7.312428 -52.0846 13.161495 105.308
F 1.380384265e+03 1087 210 2.634132 -76.2894 13.161495 105.308
F 1.412537545e+03 1113 210 3.381005 -108.4427 13.161495 107.632
F 1.445439771e+03 1140 210 4.539657 -141.3449 13.161495 136.836
F 1.479108388e+03 1162 218 0.096387 -116.6764 13.161495 156.243
F 1.513561248e+03 1190 223 1.037173 -114.5827 13.161495 156.243
F 1.548816619e+03 1219 223 2.347670 -149.8380 13.161495 156.243
F 1.584893192e+03 1245 229 0.013196 -141.7393 13.161495 167.116
F 1.621810097e+03 1275 246 1.018726 -52.5044 13.161495 167.116
F 1.659586907e+03 1304 250 0.348889 -60.6840 13.161495 167.116
F 1.698243652e+03 1334 261 -0.012047 -17.6566 13.161495 167.116
F 1.737800829e+03 1365 269 -0.080181 2.4164 13.161495 167.116
F 1.778279410e+03 1400 279 3.128016 36.6214 13.161495 167.116
F 1.819700859e+03 1429 285 -0.404314 40.1993 13.161495 167.116
F 1.862087137e+03 1464 289 1.305581 31.6085 13.161495 167.116
F 1.905460718e+03 1499 303 2.240050 93.8425 13.161495 167.116
F 1.949844600e+03 1536 305 4.381031 64.5848 13.161495 167.116
F 1.995262315e+03 1570 308 2.710040 41.9295 13.161495 167.116
F 2.041737945e+03 1604 313 0.208166 33.5391 13.161495 167.116
F 2.089296131e+03 1645 324 3.856054 73.7012 13.161495 167.116
F 2.137962090e+03 1688 324 8.633900 25.0352 13.161495 167.116
F 2.187761624e+03 1731 324 12.521437 -20.9245 13.962893 167.116
R 2.190644653e+03 14.257111 1735 324 2.072242e+03
F 2.238721139e+03 1759 328 0.497928 -41.0367 14.257111 167.116
F 2.290867653e+03 1809 330 9.542151 -77.7511 14.257111 167.116
R 2.315738020e+03 15.009011 1834 330 2.245403e+03
F 2.344228815e+03 1853 330 11.632392 -131.1123 15.938679 167.116
F 2.398832919e+03 1886 330 1.746429 -185.7164 15.938679 183.665
F 2.454708916e+03 1928 340 -0.138476 -159.7743 15.938679 187.133
F 2.511886432e+03 1980 341 6.954408 -209.1442 15.938679 207.647
F 2.570395783e+03 2020 343 1.001271 -248.0344 15.938679 252.323
F 2.630267992e+03 2067 359 0.977748 -182.0232 15.938679 258.566
F 2.691534804e+03 2114 378 -0.141094 -93.4917 15.938679 258.566
F 2.754228703e+03 2163 385 -0.380767 -100.8024 15.938679 258.566
F 2.818382931e+03 2217 394 3.232620 -93.5660 15.938679 258.566
F 2.884031503e+03 2266 415 0.672352 7.8233 15.938679 258.566
F 2.951209227e+03 2320 426 1.911092 28.3866 15.938679 258.566
F 3.019951720e+03 2375 443 2.920863 95.7357 15.938679 258.566
F 3.090295433e+03 2427 457 -0.326959 137.7677 15.938679 258.566
S 3.162277660e+03 2485 468 2016 15.938679 1.138332 2.503212 -0.750000 160.428183 2.072242e+03 14.257111 6 3.368651e-03 1.858561e-06 0 0 1.858564e-06 0 0 258.566 154.945 2485 0 0 0 0.0 15.938679
F 3.162277660e+03 2485 468 1.138332 154.9446 15.938679 258.566
P   3.16e+03 2486 468 15.94 258.6 7 154.3
F 3.235936569e+03 2543 469 1.286760 89.3499 15.938679 258.566
F 3.311311215e+03 2604 475 3.087652 62.5202 15.938679 258.566
F 3.388441561e+03 2661 492 -0.490381 123.4257 15.938679 258.566
F 3.467368505e+03 2729 495 5.520543 68.8868 15.938679 258.566
F 3.548133892e+03 2797 495 10.087556 -11.8786 15.938679 258.566
F 3.630780548e+03 2854 495 2.177024 -94.5252 15.938679 258.566
F 3.715352291e+03 2920 514 1.754532 -21.9971 15.938679 258.566
R 3.788634019e+03 16.199198 2992 514 3.699443e+03
R 3.790701864e+03 17.575116 2995 514 3.699443e+03
R 3.791145274e+03 18.226863 2996 514 3.699443e+03
R 3.791346540e+03 19.068789 2997 514 3.699443e+03
F 3.801893963e+03 3002 514 15.784862 -108.5388 19.068789 258.566
F 3.890451450e+03 3063 514 7.231975 -197.0962 19.477419 258.566
F 3.981071706e+03 3127 524 0.058992 -204.8834 19.477419 258.566
F 4.073802778e+03 3210 530 10.228178 -245.0980 19.477419 258.566
F 4.168693835e+03 3288 530 13.700917 -339.9891 19.901247 339.424
F 4.265795188e+03 3351 534 0.437692 -403.6630 19.901247 421.055
F 4.365158322e+03 3429 571 0.398069 -193.2364 19.901247 421.055
F 4.466835922e+03 3510 579 1.540669 -227.7995 19.901247 421.055
F 4.570881896e+03 3590 586 -0.176848 -272.9305 19.901247 421.055
F 4.677351413e+03 3674 618 0.202189 -109.3601 19.901247 421.055
F 4.786300923e+03 3760 644 0.633444 1.5942 19.901247 421.055
F 4.897788194e+03 3848 660 1.071546 30.0613 19.901247 421.055
F 5.011872336e+03 3937 687 0.470070 150.0425 19.901247 421.055
F 5.128613840e+03 4030 709 1.781508 223.8257 19.901247 421.055
F 5.248074602e+03 4124 718 1.957244 181.3038 19.901247 421.055
F 5.370317964e+03 4219 728 0.947533 144.8395 19.901247 421.055
F 5.495408739e+03 4317 747 0.701468 183.1371 19.901247 421.055
F 5.623413252e+03 4423 767 6.166958 227.5403 19.901247 421.055
F 5.754399373e+03 4531 769 11.290699 118.1661 19.901247 421.055
F 5.888436554e+03 4629 769 4.018144 -15.8710 19.901247 421.055
F 6.025595861e+03 4734 786 1.293476 -0.8298 19.901247 421.055
F 6.165950019e+03 4851 797 8.059578 -44.7095 19.901247 421.055
R 6.251275159e+03 20.045369 4930 797 6.076581e+03
R 6.256072344e+03 21.277669 4935 797 6.076581e+03
R 6.258918882e+03 22.042003 4938 797 6.076581e+03
R 6.260736041e+03 23.614810 4941 797 6.076581e+03
R 6.261095203e+03 24.332725 4942 797 6.076581e+03
F 6.309573445e+03 4968 797 12.258003 -188.3329 24.332725 421.055
F 6.456542290e+03 5072 797 0.828941 -326.2528 24.332725 421.055
F 6.606934480e+03 5192 819 2.711192 -279.0117 24.332725 421.055
F 6.760829754e+03 5320 823 9.842126 -393.3015 24.332725 421.055
F 6.918309709e+03 5435 827 1.157659 -515.4199 24.332725 534.373
F 7.079457844e+03 5561 852 0.592210 -450.7211 24.332725 552.184
F 7.244359601e+03 5692 885 2.078673 -322.8298 24.332725 552.184
F 7.413102413e+03 5838 888 15.548378 -464.9034 24.332725 552.184
F 7.585775750e+03 5960 910 1.931056 -441.2173 24.332725 552.184
F 7.762471166e+03 6098 965 1.154801 -125.9445 24.332725 552.184
F 7.943282347e+03 6239 997 0.146031 -19.7487 24.332725 552.184
F 8.128305162e+03 6384 1014 -0.170547 -51.8998 24.332725 552.184
F 8.317637711e+03 6534 1071 1.128016 272.6452 24.332725 552.184
F 8.511380382e+03 6686 1101 0.962878 352.2210 24.332725 552.184
F 8.709635900e+03 6848 1113 7.253359 262.7056 24.332725 552.184
F 8.912509381e+03 7000 1140 -0.083101 305.2307 24.332725 552.184
F 9.120108394e+03 7164 1179 0.869016 452.8105 24.332725 552.184
F 9.332543008e+03 7334 1192 4.023260 359.0638 24.332725 552.184
F 9.549925860e+03 7507 1193 6.291167 150.8273 24.332725 552.184
F 9.772372210e+03 7678 1211 2.582213 93.5515 24.332725 552.184
S 1.000000000e+04 7855 1234 6620 24.332725 0.803764 3.270070 -0.750000 390.884540 6.076581e+03 24.332725 6 9.773637e-05 1.711276e-08 0 0 2.664923e-08 0 0 552.184 77.498 7855 0 0 0 0.0 24.332725
F 1.000000000e+04 7855 1234 0.803764 77.4979 24.332725 552.184
P      1e+04 7856 1234 24.33 552.2 7 77.5
F 1.023292992e+04 8049 1240 11.861031 -100.1552 24.332725 552.184
F 1.047128548e+04 8229 1240 4.657013 -338.5108 24.332725 552.184
F 1.071519305e+04 8417 1264 1.092454 -359.9452 24.332725 552.184
F 1.096478196e+04 8614 1284 2.065784 -423.7995 24.332725 552.184
F 1.122018454e+04 8828 1285 15.473065 -669.8992 24.332725 669.266
F 1.148153621e+04 9019 1316 1.207942 -637.0097 24.332725 771.227
F 1.174897555e+04 9230 1363 2.161580 -464.4977 24.332725 771.227
F 1.202264435e+04 9455 1375 12.222609 -623.8041 24.332725 771.227
F 1.230268771e+04 9665 1381 2.277067 -847.3519 24.332725 877.293
F 1.258925412e+04 9888 1451 0.208335 -473.8770 24.332725 877.293
F 1.288249552e+04 10118 1511 -0.102921 -199.9771 24.332725 877.293
F 1.318256739e+04 10355 1540 1.221185 -225.2692 24.332725 877.293
F 1.348962883e+04 10595 1594 0.055693 -19.2086 24.332725 877.293
F 1.380384265e+04 10842 1671 0.272736 404.4787 24.332725 877.293
F 1.412537545e+04 11098 1706 3.741465 416.8597 24.332725 877.293
F 1.445439771e+04 11357 1732 4.327986 336.5420 24.332725 877.293
F 1.479108388e+04 11617 1808 -0.104717 728.8037 24.332725 877.293
F 1.513561248e+04 11889 1848 1.303151 773.5740 24.332725 877.293
F 1.548816619e+04 12171 1858 6.408119 522.1824 24.332725 877.293
F 1.584893192e+04 12448 1859 0.063373 175.9195 24.332725 877.293
F 1.621810097e+04 12740 1910 2.118680 305.1990 24.332725 877.293
F 1.659586907e+04 13038 1931 3.420307 131.1402 24.332725 877.293
F 1.698243652e+04 13361 1941 22.810942 -158.2367 24.904651 877.293
R 1.699609792e+04 25.081306 13374 1941 1.666229e+04
R 1.703029366e+04 26.224034 13402 1941 1.666229e+04
R 1.703042162e+04 27.123540 13403 1941 1.666229e+04
R 1.703252580e+04 28.470917 13406 1941 1.666229e+04
F 1.737800829e+04 13653 1974 4.129606 -226.9366 28.573060 877.293
F 1.778279410e+04 13969 1995 2.211572 -421.5602 28.573060 877.293
F 1.819700859e+04 14297 2009 4.888275 -690.5117 28.573060 877.293
F 1.862087137e+04 14632 2009 6.987226 -1109.4644 28.573060 1109.235
F 1.905460718e+04 14971 2076 5.331915 -883.8574 28.573060 1124.403
F 1.949844600e+04 15317 2128 2.741723 -814.7780 28.573060 1124.403
F 1.995262315e+04 15682 2142 11.031821 -1130.6204 28.573060 1129.675
F 2.041737945e+04 16036 2203 0.013079 -990.3787 28.573060 1308.664
F 2.089296131e+04 16411 2294 1.491959 -558.3880 28.573060 1308.664
F 2.137962090e+04 16794 2356 2.270413 -417.7006 28.573060 1308.664
F 2.187761624e+04 17189 2392 6.145784 -556.4154 28.573060 1308.664
F 2.238721139e+04 17586 2497 2.910692 -15.5048 28.573060 1308.664
F 2.290867653e+04 17994 2595 1.352927 450.5851 28.573060 1308.664
F 2.344228815e+04 18416 2646 4.255337 430.2208 28.573060 1308.664
F 2.398832919e+04 18842 2725 1.395709 680.3114 28.573060 1308.664
F 2.454708916e+04 19280 2833 0.546658 1212.0393 28.573060 1308.664
F 2.511886432e+04 19730 2891 1.475498 1227.2313 28.573060 1308.664
F 2.570395783e+04 20190 2894 1.944128 672.5994 28.573060 1308.664
F 2.630267992e+04 20658 2975 -0.291103 897.4664 28.573060 1308.664
F 2.691534804e+04 21139 3019 -0.479519 736.3272 28.573060 1308.664
F 2.754228703e+04 21637 3030 5.123746 221.6718 28.573060 1308.664
F 2.818382931e+04 22135 3032 -0.742381 -399.3784 28.573060 1308.664
F 2.884031503e+04 22653 3120 1.654941 -153.4594 28.573060 1308.664
F 2.951209227e+04 23181 3136 2.042334 -660.7447 28.573060 1308.664
F 3.019951720e+04 23733 3150 14.140051 -1198.8550 28.573060 1308.664
F 3.090295433e+04 24272 3213 0.661828 -1251.3069 28.573060 1511.546
S 3.162277660e+04 24837 3286 21550 28.573060 0.314734 3.860470 -0.750000 709.194426 2.745809e+04 25.790442 6 9.773637e-05 3.303544e-09 0 0 2.141313e-08 0 0 1511.546 -1215.830 20551 7854 2096 0 0.0 28.573060
F 3.162277660e+04 24837 3286 0.314734 -1215.8300 28.573060 1511.546
P   3.16e+04 24838 3286 28.57 1511.5 7 -1215.9
F 3.235936569e+04 25419 3343 3.799014 -1361.2122 28.573060 1511.546
F 3.311311215e+04 26008 3359 0.807933 -1948.5594 28.573060 1968.846
F 3.388441561e+04 26615 3505 2.027607 -1198.4638 28.573060 1989.980
F 3.467368505e+04 27234 3603 1.136845 -964.3684 28.573060 1989.980
F 3.548133892e+04 27869 3673 1.806973 -1034.4076 28.573060 1989.980
F 3.630780548e+04 28517 3777 0.701660 -764.6698 28.573060 1989.980
F 3.715352291e+04 29184 3932 3.476741 25.7104 28.573060 1989.980
F 3.801893963e+04 29860 4050 -0.219963 403.1805 28.573060 1989.980
F 3.890451450e+04 30555 4129 -0.748838 352.8378 28.573060 1989.980
F 3.981071706e+04 31270 4291 2.521339 1160.6740 28.573060 1989.980
F 4.073802778e+04 31997 4441 1.213199 1823.7842 28.573060 1989.980
F 4.168693835e+04 32744 4498 2.940583 1485.6083 28.573060 1989.980
F 4.265795188e+04 33505 4561 1.308337 1191.1599 28.573060 1989.980
F 4.365158322e+04 34287 4701 2.912105 1696.7145 28.573060 1989.980
F 4.466835922e+04 35088 4756 5.338109 1268.0548 28.573060 1989.980
F 4.570881896e+04 35919 4762 19.162935 292.5330 28.573060 1989.980
F 4.677351413e+04 36736 4856 -0.046694 237.9554 28.573060 1989.980
F 4.786300923e+04 37595 4930 3.265852 -44.5160 28.573060 1989.980
F 4.897788194e+04 38483 4943 15.646878 -1008.3901 28.573060 1989.980
F 5.011872336e+04 39372 4957 8.632117 -1986.9715 28.573060 1989.980
F 5.128613840e+04 40289 5126 8.746492 -1323.4683 28.573060 2046.491
F 5.248074602e+04 41228 5192 9.503856 -1796.1250 28.573060 2046.491
F 5.370317964e+04 42192 5254 13.406743 -2343.8967 28.573060 2393.013
F 5.495408739e+04 43161 5341 -0.053906 -2645.7873 28.633621 2979.445
F 5.623413252e+04 44166 5526 -0.399003 -1899.5742 28.633621 2979.445
F 5.754399373e+04 45197 5667 1.838405 -1654.6323 28.633621 2979.445
F 5.888436554e+04 46253 5763 5.112854 -1930.6753 28.633621 2979.445
F 6.025595861e+04 47325 5995 -0.133826 -751.0992 28.633621 2979.445
F 6.165950019e+04 48428 6198 0.527196 82.0535 28.633621 2979.445
F 6.309573445e+04 49559 6348 3.511444 301.7820 28.633621 2979.445
F 6.456542290e+04 50710 6512 0.220831 647.0065 28.633621 2979.445
F 6.606934480e+04 51892 6765 1.043335 1950.5814 28.633621 2979.445
F 6.760829754e+04 53101 6960 1.352680 2577.7143 28.633621 2979.445
F 6.918309709e+04 54340 7029 3.508004 1770.9622 28.633621 2979.445
F 7.079457844e+04 55603 7255 0.853514 2681.2663 28.633621 2979.445
F 7.244359601e+04 56901 7424 3.718144 2921.2482 28.633621 3065.801
F 7.413102413e+04 58231 7473 8.415196 1782.4884 28.633621 3065.801
F 7.585775750e+04 59581 7532 2.241976 718.4081 28.633621 3065.801
F 7.762471166e+04 60970 7724 3.479424 1110.8951 28.633621 3065.801
F 7.943282347e+04 62405 7807 18.391729 241.5848 28.633621 3065.801
R 7.965689816e+04 29.403885 62592 7807 7.891607e+04
R 7.969496591e+04 30.505538 62623 7807 7.891607e+04
R 7.969516113e+04 31.352214 62624 7807 7.891607e+04
R 7.977792433e+04 32.350148 62690 7807 7.891607e+04
R 7.991558438e+04 33.232200 62799 7807 7.891607e+04
R 7.991954465e+04 34.121810 62803 7807 7.891607e+04
R 7.998683994e+04 35.268212 62857 7807 7.891607e+04
R 7.999027968e+04 36.566645 62861 7807 7.891607e+04
R 7.999574488e+04 37.274286 62866 7807 7.891607e+04
R 7.999662710e+04 38.581397 62868 7807 7.891607e+04
R 7.999700759e+04 39.282559 62869 7807 7.891607e+04
R 7.999733657e+04 40.024177 62870 7807 7.891607e+04
R 8.025576549e+04 41.054582 63074 7807 7.891607e+04
R 8.025708853e+04 42.015470 63076 7807 7.891607e+04
R 8.026124371e+04 43.751998 63081 7807 7.891607e+04
R 8.026156419e+04 44.500293 63082 7807 7.891607e+04
R 8.075230042e+04 45.076959 63468 7807 7.891607e+04
R 8.083693591e+04 46.604400 63536 7807 7.891607e+04
R 8.111951693e+04 47.665787 63759 7807 7.891607e+04
F 8.128305162e+04 63880 7807 40.225943 -1603.0012 47.764688 3065.801
F 8.317637711e+04 65329 7928 2.211578 -2124.1667 47.764688 3065.801
F 8.511380382e+04 66852 8114 3.560198 -1952.7241 47.764688 3065.801
F 8.709635900e+04 68408 8180 2.465004 -3185.2182 47.764688 3186.302
F 8.912509381e+04 70000 8272 1.100405 -4162.7233 47.764688 4233.892
F 9.120108394e+04 71630 8555 0.621575 -3009.4675 47.764688 4310.636
F 9.332543008e+04 73300 8725 2.164015 -3186.7191 47.764688 4310.636
F 9.549925860e+04 75008 8912 2.843086 -3207.2342 47.764688 4310.636
F 9.772372210e+04 76753 9148 0.753544 -2722.5316 47.764688 4310.636
S 1.000000000e+05 78541 9494 69046 47.764688 0.969058 4.203345 -0.750000 3016.304481 7.891607e+04 47.764688 7 3.664712e-05 5.338245e-10 0 0 1.902383e-11 0 0 4310.636 -1019.484 47338 7854 8360 0 0.0 47.764688
F 1.000000000e+05 78541 9494 0.969058 -1019.4840 47.764688 4310.636
P      1e+05 78542 9495 47.76 4310.6 7 -1010.2
F 1.023292992e+05 80369 9741 -0.458277 -492.6474 47.764688 4310.636
F 1.047128548e+05 82246 9961 4.501550 -335.8682 47.764688 4310.636
F 1.071519305e+05 84157 10327 -0.144040 1460.3790 47.764688 4310.636
F 1.096478196e+05 86121 10665 3.589253 2882.6723 47.764688 4310.636
F 1.122018454e+05 88127 10897 3.662067 3040.4686 47.764688 4310.636
F 1.148153621e+05 90178 11101 2.010836 2813.5402 47.764688 4310.636
F 1.174897555e+05 92279 11513 2.547215 4946.8232 47.764688 4960.450
F 1.202264435e+05 94431 11712 5.157512 4539.0820 47.764688 5217.398
F 1.230268771e+05 96625 11766 -0.297910 2377.8939 47.764688 5217.398
F 1.258925412e+05 98878 12017 2.014770 2457.3723 47.764688 5217.398
F 1.288249552e+05 101190 12296 10.902208 2807.8051 47.764688 5217.398
R 1.313200247e+05 48.279166 103187 12320 1.292982e+05
R 1.313238336e+05 49.287695 103191 12320 1.292982e+05
R 1.313353786e+05 50.220245 103201 12320 1.292982e+05
R 1.313364656e+05 51.366490 103203 12320 1.292982e+05
R 1.313366100e+05 52.253105 103204 12320 1.292982e+05
R 1.313398621e+05 53.698963 103208 12320 1.292982e+05
R 1.313851675e+05 54.116180 103244 12320 1.292982e+05
R 1.313936551e+05 55.449990 103252 12320 1.292982e+05
R 1.313939873e+05 56.189123 103253 12320 1.292982e+05
R 1.314327350e+05 57.756707 103285 12320 1.292982e+05
R 1.314356533e+05 58.464653 103288 12320 1.292982e+05
R 1.315939296e+05 59.154805 103413 12320 1.292982e+05
R 1.315953706e+05 60.022992 103415 12320 1.292982e+05
R 1.315966618e+05 61.008904 103417 12320 1.292982e+05
R 1.315986318e+05 62.461645 103420 12320 1.292982e+05
R 1.315987956e+05 63.333055 103421 12320 1.292982e+05
R 1.315991963e+05 64.018297 103422 12320 1.292982e+05
R 1.316003692e+05 65.097131 103424 12320 1.292982e+05
R 1.316006070e+05 66.910368 103426 12320 1.292982e+05
R 1.316006975e+05 67.839311 103427 12320 1.292982e+05
R 1.316012439e+05 68.410128 103428 12320 1.292982e+05
F 1.318256739e+05 103600 12320 64.143263 107.2056 68.410128 5217.398
R 1.318283569e+05 69.035997 103607 12320 1.292982e+05
R 1.318290083e+05 70.524381 103609 12320 1.292982e+05
R 1.318500384e+05 71.007379 103626 12320 1.292982e+05
R 1.319158713e+05 72.302356 103679 12320 1.292982e+05
R 1.319159046e+05 73.276213 103680 12320 1.292982e+05
R 1.319542448e+05 74.163866 103711 12320 1.292982e+05
R 1.319579760e+05 75.233389 103715 12320 1.292982e+05
F 1.348962883e+05 105949 12358 1.488350 -2502.8263 75.233389 5217.398
F 1.380384265e+05 108415 12680 -0.341222 -1825.8705 75.233389 5217.398
F 1.412537545e+05 110951 12844 10.346070 -3092.7793 75.233389 5217.398
F 1.445439771e+05 113526 12923 1.211274 -5445.1474 75.233389 5478.980
F 1.479108388e+05 116173 13201 3.884245 -5505.0351 75.233389 6263.749
F 1.513561248e+05 118884 13582 8.962927 -4398.5787 75.233389 6263.749
F 1.548816619e+05 121648 13796 4.012605 -5351.3304 75.233389 6263.749
F 1.584893192e+05 124488 14064 10.565144 -5734.6750 75.233389 6263.749
F 1.621810097e+05 127379 14549 2.118214 -3613.5494 75.233389 6263.749
F 1.659586907e+05 130344 14991 0.134488 -2084.1376 75.233389 6263.749
F 1.698243652e+05 133381 15351 1.040834 -1618.5986 75.233389 6263.749
F 1.737800829e+05 136490 15753 3.227473 -728.2083 75.233389 6263.749
F 1.778279410e+05 139669 16389 3.047133 2905.4983 75.233389 6263.749
F 1.819700859e+05 142923 16827 3.814170 4074.8824 75.233389 6263.749
F 1.862087137e+05 146253 17106 4.803676 3224.4580 75.233389 6263.749
F 1.905460718e+05 149654 17646 -0.749433 5452.8934 75.233389 6263.749
F 1.949844600e+05 153142 18209 1.348642 7864.9522 75.233389 8001.826
F 1.995262315e+05 156715 18413 7.249631 5809.7491 75.233389 8001.826
F 2.041737945e+05 160358 18673 0.062210 4338.9638 75.233389 8001.826
F 2.089296131e+05 164095 19208 1.851002 6130.7634 75.233389 8001.826
F 2.137962090e+05 167926 19447 10.635547 4199.7486 75.233389 8001.826
R 2.152204466e+05 76.041946 169110 19447 2.135395e+05
R 2.152356584e+05 77.094572 169123 19447 2.135395e+05
R 2.152363100e+05 78.582794 169125 19447 2.135395e+05
R 2.152413307e+05 79.639540 169130 19447 2.135395e+05
R 2.152418805e+05 80.207740 169131 19447 2.135395e+05
R 2.152420153e+05 81.101922 169132 19447 2.135395e+05
F 2.187761624e+05 171843 19447 16.389258 -772.3111 81.789306 8001.826
F 2.238721139e+05 175830 19829 1.038339 -1165.7633 81.789306 8001.826
F 2.290867653e+05 179928 20217 3.460691 -1596.4589 81.789306 8001.826
F 2.344228815e+05 184130 20316 14.484785 -5710.2790 81.789306 8001.826
F 2.398832919e+05 188405 20547 0.888509 -8310.9743 81.789306 8497.658
F 2.454708916e+05 192794 21081 1.397993 -7277.1657 81.789306 8497.658
F 2.511886432e+05 197283 21545 -0.313599 -7231.2215 81.789306 8497.658
F 2.570395783e+05 201880 21771 1.372699 -10269.0386 81.789306 10325.312
F 2.630267992e+05 206581 22408 0.020390 -8306.4285 81.789306 10630.044
F 2.691534804e+05 211393 23157 0.136226 -5077.3643 81.789306 10630.044
F 2.754228703e+05 216323 23684 6.168880 -4746.2874 81.789306 10630.044
F 2.818382931e+05 221363 24246 7.507602 -4115.6997 81.789306 10630.044
F 2.884031503e+05 226512 25111 0.480825 184.6874 81.789306 10630.044
F 2.951209227e+05 231791 25984 3.354756 4458.3265 81.789306 10630.044
F 3.019951720e+05 237190 26507 3.331923 4208.7135 81.789306 10630.044
F 3.090295433e+05 242712 27141 0.549693 5188.8092 81.789306 10630.044
S 3.162277660e+05 248365 28071 220293 81.789306 0.078753 5.122692 -0.750000 5417.634263 2.135395e+05 81.789306 7 2.374511e-05 1.119825e-10 0 0 3.835736e-11 0 0 10630.044 9758.395 88873 7854 27081 0 0.0 81.789306
F 3.162277660e+05 248365 28071 0.078753 9758.3952 81.789306 10630.044
P   3.16e+05 248366 28072 81.79 10630.0 7 9770.0
F 3.235936569e+05 254155 28753 4.921559 11048.4157 81.789306 12173.108
F 3.311311215e+05 260073 29067 3.010742 7511.3209 81.789306 12173.108
F 3.388441561e+05 266128 29776 0.207488 8822.9335 81.789306 12173.108
F 3.467368505e+05 272328 30598 1.299871 11406.6024 81.789306 12173.108
F 3.548133892e+05 278683 30706 13.001145 4737.9925 81.789306 12173.108
F 3.630780548e+05 285167 31008 5.948012 363.1943 81.789306 12173.108
F 3.715352291e+05 291803 31737 -0.301172 1253.5179 81.789306 12173.108
F 3.801893963e+05 298616 32169 15.731785 -1843.3313 81.789306 12173.108
R 3.833897633e+05 82.169458 301196 32210 3.820107e+05
R 3.833907419e+05 83.400860 301198 32210 3.820107e+05
R 3.836956802e+05 84.902853 301439 32210 3.820107e+05
R 3.836960136e+05 85.641034 301440 32210 3.820107e+05
R 3.836966925e+05 86.107822 301441 32210 3.820107e+05
R 3.836988977e+05 87.375857 301444 32210 3.820107e+05
R 3.836991962e+05 88.141411 301445 32210 3.820107e+05
R 3.836992301e+05 89.114755 301446 32210 3.820107e+05
R 3.841189401e+05 90.475329 301777 32210 3.820107e+05
R 3.841191132e+05 91.339403 301778 32210 3.820107e+05
R 3.841191426e+05 92.316249 301779 32210 3.820107e+05
R 3.841194310e+05 93.089800 301780 32210 3.820107e+05
R 3.841216457e+05 94.350337 301783 32210 3.820107e+05
R 3.841216604e+05 95.338780 301784 32210 3.820107e+05
R 3.841240748e+05 96.442533 301787 32210 3.820107e+05
R 3.841241609e+05 97.374940 301788 32210 3.820107e+05
R 3.841248813e+05 98.809100 301790 32210 3.820107e+05
R 3.841550805e+05 99.090677 301814 32210 3.820107e+05
R 3.841562857e+05 100.144190 301816 32210 3.820107e+05
R 3.841589592e+05 101.044368 301819 32210 3.820107e+05
R 3.841598934e+05 102.310646 301821 32210 3.820107e+05
R 3.841764485e+05 103.308324 301835 32210 3.820107e+05
R 3.848268563e+05 104.479226 302347 32210 3.820107e+05
R 3.848269869e+05 105.376667 302348 32210 3.820107e+05
R 3.848589972e+05 106.235851 302374 32210 3.820107e+05
R 3.848590481e+05 107.195844 302375 32210 3.820107e+05
R 3.848804563e+05 108.381901 302393 32210 3.820107e+05
R 3.848808081e+05 109.105610 302394 32210 3.820107e+05
R 3.849555602e+05 110.395413 302454 32210 3.820107e+05
R 3.849582257e+05 111.301922 302457 32210 3.820107e+05
R 3.849760495e+05 112.303179 302472 32210 3.820107e+05
R 3.849791576e+05 113.862093 302476 32210 3.820107e+05
R 3.849792714e+05 114.772730 302477 32210 3.820107e+05
R 3.849801341e+05 115.095157 302478 32210 3.820107e+05
R 3.849801406e+05 116.090002 302479 32210 3.820107e+05
R 3.850487898e+05 117.173078 302534 32210 3.820107e+05
R 3.850494378e+05 118.664123 302536 32210 3.820107e+05
R 3.850498099e+05 119.371879 302537 32210 3.820107e+05
R 3.850506431e+05 120.717502 302539 32210 3.820107e+05
R 3.850532776e+05 121.648387 302542 32210 3.820107e+05
R 3.850535442e+05 122.439001 302543 32210 3.820107e+05
R 3.850598776e+05 123.464758 302549 32210 3.820107e+05
R 3.851473412e+05 124.771011 302619 32210 3.820107e+05
R 3.851474328e+05 125.699045 302620 32210 3.820107e+05
F 3.890451450e+05 305556 32221 0.443041 -10030.5466 125.699045 12173.108
F 3.981071706e+05 312673 32877 0.144810 -10639.2353 125.699045 12173.108
F 4.073802778e+05 319964 33667 8.063406 -9716.5002 125.699045 12173.108
F 4.168693835e+05 327414 34087 5.337244 -13743.8357 125.699045 13808.579
F 4.265795188e+05 335037 34643 2.014788 -16225.0453 125.699045 16839.527
F 4.365158322e+05 342839 35788 0.052463 -11294.5155 125.699045 16839.527
F 4.466835922e+05 350827 36799 2.312503 -8315.2266 125.699045 16839.527
F 4.570881896e+05 358999 37474 2.560764 -9924.3179 125.699045 16839.527
F 4.677351413e+05 367364 38561 5.464475 -6370.5202 125.699045 16839.527
F 4.786300923e+05 375915 39959 -0.410059 1002.0203 125.699045 16839.527
F 4.897788194e+05 384680 41062 8.400195 4316.0610 125.699045 16839.527
F 5.011872336e+05 393632 41906 0.252589 3989.8461 125.699045 16839.527
F 5.128613840e+05 402800 43233 -0.603666 9752.6820 125.699045 16839.527
F 5.248074602e+05 412184 44689 0.969981 16966.8772 125.699045 16973.600
F 5.370317964e+05 421786 45344 1.998843 13379.6662 125.699045 17913.742
F 5.495408739e+05 431610 46231 1.392359 12585.0455 125.699045 17913.742
F 5.623413252e+05 441663 47524 0.941391 16893.4150 125.699045 17913.742
F 5.754399373e+05 451969 48489 19.315468 16589.9335 125.699045 19163.271
F 5.888436554e+05 462484 48632 7.059954 5096.7710 125.699045 19163.271
F 6.025595861e+05 473251 49723 1.593158 5889.6158 125.699045 19163.271
F 6.165950019e+05 484275 50792 2.203376 6093.5554 125.699045 19163.271
F 6.309573445e+05 495639 51055 86.045861 -4761.3043 125.699045 19163.271
F 6.456542290e+05 507096 51565 0.139725 -12638.2468 125.699045 19163.271
F 6.606934480e+05 518915 52703 7.364764 -12440.0866 125.699045 19163.271
F 6.760829754e+05 530994 53663 -0.541779 -14954.3306 125.699045 19163.271
F 6.918309709e+05 543364 54103 1.011457 -24776.7325 125.699045 24875.267
F 7.079457844e+05 556026 55529 6.466558 -21691.5351 125.699045 26030.258
F 7.244359601e+05 568973 57073 2.112856 -17366.5384 125.699045 26030.258
F 7.413102413e+05 582231 58334 7.083373 -17213.7074 125.699045 26030.258
F 7.585775750e+05 595788 59504 2.351176 -18650.8622 125.699045 26030.258
F 7.762471166e+05 609665 61611 1.725655 -7768.7713 125.699045 26030.258
F 7.943282347e+05 623868 63687 3.848711 2338.2601 125.699045 26030.258
F 8.128305162e+05 638397 64885 1.190849 160.7651 125.699045 26030.258
F 8.317637711e+05 653269 66754 3.047194 6704.7198 125.699045 26030.258
F 8.511380382e+05 668482 68945 -0.466604 17221.6243 125.699045 26030.258
F 8.709635900e+05 684055 70885 1.581461 23905.4302 125.699045 26030.258
F 8.912509381e+05 699987 71835 -0.064538 16638.3392 125.699045 26030.258
F 9.120108394e+05 716292 73863 0.147169 23687.6990 125.699045 26030.258
F 9.332543008e+05 732977 75880 0.571569 30154.6955 125.699045 30175.931
F 9.549925860e+05 750085 76609 35.362279 18483.1282 125.699045 30741.237
F 9.772372210e+05 767523 77717 2.466856 11558.8828 125.699045 30741.237
S 1.000000000e+06 785399 79592 705806 125.699045 0.622001 6.274244 -0.750000 13273.522254 6.238766e+05 109.630370 8 3.288609e-06 8.774203e-12 0 0 9.394838e-12 0 0 30741.237 14698.515 127419 7854 79070 0 0.0 125.699045
F 1.000000000e+06 785399 79592 0.622001 14698.5153 125.699045 30741.237
M 1.000000000e+06 785399 0.622001 /private/tmp/rh-s40-free-greedy/var_pi4_th0.75_1e8.mom.1.000000e+06
P      1e+06 785400 79592 125.70 30741.2 8 14698.0
F 1.023292992e+06 803733 81002 40.348643 10898.5029 125.699045 30741.237
R 1.033776803e+06 126.382704 812053 81017 1.027504e+06
R 1.033777592e+06 127.763039 812055 81017 1.027504e+06
R 1.033781929e+06 128.357279 812059 81017 1.027504e+06
R 1.033782122e+06 129.205345 812060 81017 1.027504e+06
R 1.034032847e+06 130.286421 812258 81017 1.027504e+06
R 1.034034353e+06 131.103911 812260 81017 1.027504e+06
R 1.034034926e+06 132.653370 812262 81017 1.027504e+06
R 1.034035201e+06 133.437546 812263 81017 1.027504e+06
R 1.034139825e+06 134.266094 812346 81017 1.027504e+06
R 1.034141404e+06 135.025795 812348 81017 1.027504e+06
R 1.034323413e+06 136.076785 812492 81017 1.027504e+06
R 1.034324723e+06 137.047700 812494 81017 1.027504e+06
R 1.034327191e+06 138.108969 812497 81017 1.027504e+06
R 1.034329874e+06 139.001863 812500 81017 1.027504e+06
R 1.034334604e+06 140.287198 812505 81017 1.027504e+06
R 1.034334849e+06 141.094324 812506 81017 1.027504e+06
R 1.034337319e+06 142.154822 812509 81017 1.027504e+06
R 1.034340805e+06 143.416665 812513 81017 1.027504e+06
R 1.034340883e+06 144.355696 812514 81017 1.027504e+06
R 1.034341291e+06 145.035435 812515 81017 1.027504e+06
R 1.034347735e+06 146.974387 812522 81017 1.027504e+06
R 1.034348905e+06 147.054771 812523 81017 1.027504e+06
R 1.034349793e+06 148.357288 812525 81017 1.027504e+06
R 1.034352075e+06 149.565687 812528 81017 1.027504e+06
R 1.034352390e+06 150.318170 812529 81017 1.027504e+06
R 1.034352736e+06 151.045984 812530 81017 1.027504e+06
R 1.034404888e+06 152.086140 812572 81017 1.027504e+06
R 1.034507298e+06 153.653663 812654 81017 1.027504e+06
R 1.034507355e+06 154.609109 812655 81017 1.027504e+06
R 1.034524667e+06 155.012070 812669 81017 1.027504e+06
R 1.034773965e+06 156.213587 812866 81017 1.027504e+06
R 1.034774302e+06 157.948924 812868 81017 1.027504e+06
R 1.034775119e+06 158.307016 812869 81017 1.027504e+06
F 1.047128548e+06 822424 81087 10.946918 -11721.8509 158.940664 30741.237
F 1.071519305e+06 841580 82739 10.491020 -13192.5893 158.940664 30741.237
F 1.096478196e+06 861181 84550 8.823942 -12979.3328 158.940664 30741.237
F 1.122018454e+06 881247 85313 15.552091 -27854.2203 158.940664 30741.237
F 1.148153621e+06 901760 86568 2.039776 -36452.9370 158.940664 37364.916
F 1.174897555e+06 922768 88960 5.403569 -29786.3555 158.940664 37364.916
F 1.202264435e+06 944258 91158 1.506532 -26400.3846 158.940664 37364.916
F 1.230268771e+06 966252 92413 0.952317 -36788.9738 158.940664 37364.916
F 1.258925412e+06 988761 95266 3.079121 -25399.8296 158.940664 38449.156
F 1.288249552e+06 1011789 98363 -0.046499 -11186.9037 158.940664 38449.156
F 1.318256739e+06 1035357 101037 0.364050 -3524.6491 158.940664 38449.156
F 1.348962883e+06 1059475 103126 1.814919 -4716.3295 158.940664 38449.156
F 1.380384265e+06 1084154 106586 2.519196 12746.3667 158.940664 38449.156
F 1.412537545e+06 1109407 110064 2.392122 29805.0944 158.940664 38449.156
F 1.445439771e+06 1135262 112019 16.044153 24605.3773 158.940664 38449.156
F 1.479108388e+06 1161690 114681 0.773865 28730.0805 158.940664 38449.156
F 1.513561248e+06 1188752 118112 3.560687 43060.4659 158.940664 43148.973
F 1.548816619e+06 1216447 120704 9.057465 44747.5492 158.940664 47908.928
F 1.584893192e+06 1244779 121740 6.582858 23490.7585 158.940664 47908.928
F 1.621810097e+06 1273768 124595 1.113553 27373.0644 158.940664 47908.928
F 1.659586907e+06 1303436 127479 -0.723702 30866.2883 158.940664 47908.928
F 1.698243652e+06 1333878 128581 80.339753 7999.5224 158.940664 47908.928
F 1.737800829e+06 1364867 129954 1.206148 -11839.3240 158.940664 47908.928
F 1.778279410e+06 1396666 132967 8.402746 -8992.0937 158.940664 47908.928
F 1.819700859e+06 1429213 135275 23.073113 -17175.2799 158.940664 47908.928
F 1.862087137e+06 1462491 135843 10.968177 -51356.0527 158.940664 51352.410
F 1.905460718e+06 1496550 139236 4.437084 -45702.3020 158.940664 53181.603
F 1.949844600e+06 1531406 142699 1.417838 -39966.4882 158.940664 53181.603
F 1.995262315e+06 1567090 145168 14.427725 -49595.5829 158.940664 53181.603
F 2.041737945e+06 1603581 147750 3.553516 -58572.3079 158.940664 64660.705
F 2.089296131e+06 1640933 152510 3.441432 -36916.3210 158.940664 64660.705
F 2.137962090e+06 1679152 157101 0.286890 -18719.5799 158.940664 64660.705
F 2.187761624e+06 1718267 160083 2.823997 -24962.1283 158.940664 64660.705
F 2.238721139e+06 1758288 164870 0.314808 -5956.4661 158.940664 64660.705
F 2.290867653e+06 1799249 170408 5.538328 22953.4506 158.940664 64660.705
F 2.344228815e+06 1841155 175189 1.779263 39658.6577 158.940664 64660.705
F 2.398832919e+06 1884053 178164 13.816503 28734.1952 158.940664 64660.705
F 2.454708916e+06 1927929 183681 4.911344 53982.6952 158.940664 64660.705
F 2.511886432e+06 1972831 188764 -0.204572 71691.6300 158.940664 71860.184
F 2.570395783e+06 2018786 191530 1.658407 54020.6245 158.940664 74508.651
F 2.630267992e+06 2065810 194850 2.135320 43268.7425 158.940664 74508.651
F 2.691534804e+06 2113928 199893 1.293674 56631.1420 158.940664 74508.651
F 2.754228703e+06 2163175 203527 8.620220 47785.0215 158.940664 74508.651
F 2.818382931e+06 2213553 204773 0.007432 2158.6074 158.940664 74508.651
F 2.884031503e+06 2265117 208968 3.739662 -1090.1112 158.940664 74508.651
F 2.951209227e+06 2317877 213513 2.478973 -598.8871 158.940664 74508.651
F 3.019951720e+06 2371882 215647 17.250645 -37487.8360 158.940664 74508.651
F 3.090295433e+06 2427113 218216 0.428346 -69403.2625 158.940664 74508.651
S 3.162277660e+06 2483649 223925 2259723 158.940664 1.718949 6.118567 -0.750000 25257.252849 1.683758e+06 140.540980 8 9.508642e-07 8.015991e-13 0 0 3.273560e-13 0 0 74508.651 -55976.798 142783 7854 225375 0 0.1 158.940664
F 3.162277660e+06 2483649 223925 1.718949 -55976.7983 158.940664 74508.651
P   3.16e+06 2483650 223925 158.94 74508.7 8 -55979.6
F 3.235936569e+06 2541499 228586 0.147002 -59817.4131 158.940664 74508.651
F 3.311311215e+06 2600699 230992 1.038837 -99062.5489 158.940664 99249.581
F 3.388441561e+06 2661278 237365 2.006301 -80394.4206 158.940664 104087.695
F 3.467368505e+06 2723266 244523 0.930122 -51614.1406 158.940664 104087.695
F 3.548133892e+06 2786702 250124 3.942869 -47952.5485 158.940664 104087.695
F 3.630780548e+06 2851613 255394 4.411535 -50966.3973 158.940664 104087.695
F 3.715352291e+06 2918035 264193 3.919694 -2518.6659 158.940664 104087.695
F 3.801893963e+06 2986002 272346 1.249265 34378.6441 158.940664 104087.695
F 3.890451450e+06 3055558 277787 4.361826 28322.0107 158.940664 104087.695
F 3.981071706e+06 3126727 285070 0.379517 48322.3711 158.940664 104087.695
F 4.073802778e+06 3199558 294219 0.565481 94731.7553 158.940664 104087.695
F 4.168693835e+06 3274088 301166 3.303856 105686.7767 158.940664 109364.283
F 4.265795188e+06 3350348 305183 0.079301 69945.2485 158.940664 109364.283
F 4.365158322e+06 3428389 312989 1.456045 89852.3967 158.940664 109364.283
F 4.466835922e+06 3508252 320564 7.056447 104073.9102 158.940664 109364.283
F 4.570881896e+06 3589989 324153 26.539056 55015.9234 158.940664 109364.283
F 4.677351413e+06 3673584 328500 0.576164 15267.8663 158.940664 109364.283
F 4.786300923e+06 3759152 336282 -0.169171 25928.5490 158.940664 109364.283
F 4.897788194e+06 3846732 341967 17.933369 1941.9372 158.940664 109364.283
F 5.011872336e+06 3936331 344562 15.457307 -72105.0084 158.940664 109364.283
F 5.128613840e+06 4028005 351457 0.894755 -82367.8932 158.940664 109364.283
F 5.248074602e+06 4121832 360279 3.631224 -65420.6006 158.940664 109364.283
F 5.370317964e+06 4217838 365120 -0.080154 -112707.4432 158.940664 112742.935
F 5.495408739e+06 4316091 370504 6.855002 -154291.6255 158.940664 155722.241
F 5.623413252e+06 4416624 381858 5.345328 -105954.7824 158.940664 155722.241
F 5.754399373e+06 4519495 391677 0.086097 -84223.3854 158.940664 155722.241
F 5.888436554e+06 4624781 398623 13.530953 -110012.4763 158.940664 155722.241
F 6.025595861e+06 4732492 409815 -0.137005 -72530.2888 158.940664 155722.241
F 6.165950019e+06 4842727 423505 0.965178 1000.0929 158.940664 155722.241
F 6.309573445e+06 4955533 433938 5.390029 20603.3650 158.940664 155722.241
F 6.456542290e+06 5070962 443082 5.328662 16922.5455 158.940664 155722.241
F 6.606934480e+06 5189074 457502 -0.420941 92834.7968 158.940664 155722.241
F 6.760829754e+06 5309943 470955 -0.486373 150370.2856 158.940664 155722.241
F 6.918309709e+06 5433629 479419 1.045986 126199.0970 158.940664 155722.241
F 7.079457844e+06 5560202 489410 8.596995 122650.6309 158.940664 155722.241
F 7.244359601e+06 5689713 503131 6.059979 174366.1558 158.940664 174665.849
F 7.413102413e+06 5822239 512412 1.765144 152332.3144 158.940664 180686.718
F 7.585775750e+06 5957855 518117 0.443174 70012.1744 158.940664 180686.718
F 7.762471166e+06 6096634 529020 3.187971 66206.4615 158.940664 180686.718
F 7.943282347e+06 6238650 540509 10.418526 67830.5287 158.940664 180686.718
F 8.128305162e+06 6383971 546479 14.839911 -22178.9095 158.940664 180686.718
F 8.317637711e+06 6532658 553321 0.403352 -102493.0894 158.940664 180686.718
F 8.511380382e+06 6684822 566746 -0.734620 -82107.9162 158.940664 180686.718
F 8.709635900e+06 6840538 577565 5.746023 -107573.1396 158.940664 180686.718
F 8.912509381e+06 6999877 583888 8.286033 -209302.4903 158.940664 209411.872
F 9.120108394e+06 7162917 597023 0.403111 -206420.2014 158.940664 229861.280
F 9.332543008e+06 7329765 614521 2.647111 -138199.6870 158.940664 229861.280
F 9.549925860e+06 7500500 625949 5.554204 -171973.0327 158.940664 229861.280
F 9.772372210e+06 7675203 638332 -0.400025 -195168.8898 158.940664 229861.280
S 1.000000000e+07 7853983 658848 7195134 158.940664 1.151424 4.538142 -0.750000 5840.349792 4.969064e+06 66.351614 9 5.032609e-07 9.357110e-14 0 0 6.026878e-13 0 0 229861.280 -92327.576 144838 7854 668082 0 0.4 88.964721
F 1.000000000e+07 7853983 658848 1.151424 -92327.5758 158.940664 229861.280
M 1.000000000e+07 7853983 1.151424 /private/tmp/rh-s40-free-greedy/var_pi4_th0.75_1e8.mom.1.000000e+07
P      1e+07 7853984 658848 158.94 229861.3 9 -92328.9
F 1.023292992e+07 8036926 678148 1.417850 -13964.1177 158.940664 229861.280
F 1.047128548e+07 8224132 691692 3.400596 -33538.5611 158.940664 229861.280
F 1.071519305e+07 8415694 710967 0.841613 34395.5679 158.940664 229861.280
F 1.096478196e+07 8611721 734766 1.170836 170337.1203 158.940664 229861.280
F 1.122018454e+07 8812323 751606 10.452330 188147.6498 158.940664 229861.280
F 1.148153621e+07 9017578 765808 0.329180 157602.1655 158.940664 229861.280
F 1.174897555e+07 9227625 786527 0.967102 227256.0402 158.940664 229861.280
F 1.202264435e+07 9442567 807283 3.996732 291700.5751 158.940664 299659.295
F 1.230268771e+07 9662510 818694 1.454585 197808.2031 158.940664 299659.295
F 1.258925412e+07 9887578 832402 0.722623 135201.2315 158.940664 299659.295
F 1.288249552e+07 10117890 852628 1.466424 172859.1337 158.940664 299659.295
F 1.318256739e+07 10353598 866728 33.571913 103762.1386 158.940664 299659.295
F 1.348962883e+07 10594753 875628 23.080610 -57179.0507 158.940664 299659.295
F 1.380384265e+07 10841515 892121 2.123380 -100339.0196 158.940664 299659.295
F 1.412537545e+07 11094047 913303 2.852632 -73389.5549 158.940664 299659.295
F 1.445439771e+07 11352461 924544 3.372943 -217224.4591 158.940664 299659.295
F 1.479108388e+07 11616890 938445 -0.329933 -324550.7548 158.940664 324789.207
F 1.513561248e+07 11887484 963298 1.538285 -258463.6089 158.940664 327307.127
F 1.548816619e+07 12164389 986536 11.506065 -226590.5184 158.940664 327307.127
F 1.584893192e+07 12447737 1001885 14.759997 -332973.5043 158.940664 333703.544
F 1.621810097e+07 12737674 1026924 7.066947 -286669.2084 158.940664 340528.100
F 1.659586907e+07 13034370 1060583 4.694399 -105251.9647 158.940664 340528.100
F 1.698243652e+07 13337984 1083451 9.328950 -111411.7216 158.940664 340528.100
F 1.737800829e+07 13648659 1107863 2.992895 -100278.5824 158.940664 340528.100
F 1.778279410e+07 13966575 1143525 0.958877 89874.9522 158.940664 340528.100
F 1.819700859e+07 14291901 1178209 3.662548 255073.8190 158.940664 340528.100
F 1.862087137e+07 14624813 1199551 14.613188 188335.0567 158.940664 340528.100
F 1.905460718e+07 14965454 1229125 0.302255 250223.3082 158.940664 340528.100
F 1.949844600e+07 15314045 1266229 1.109794 428828.4585 158.940664 428828.637
F 1.995262315e+07 15670758 1291554 4.208671 400023.8344 158.940664 468757.776
F 2.041737945e+07 16035775 1312036 2.466575 279821.7744 158.940664 468757.776
F 2.089296131e+07 16409293 1341234 -0.654263 296086.2000 158.940664 468757.776
F 2.137962090e+07 16791517 1372640 1.800314 339287.7314 158.940664 468757.776
F 2.187761624e+07 17182640 1388388 0.171384 107359.8093 158.940664 468757.776
F 2.238721139e+07 17582878 1408854 3.079492 -55915.6527 158.940664 468757.776
F 2.290867653e+07 17992434 1441294 1.314694 -27917.9776 158.940664 468757.776
F 2.344228815e+07 18411532 1466555 1.724042 -133112.1411 158.940664 468757.776
F 2.398832919e+07 18840394 1483632 4.096446 -389079.9633 158.940664 468757.776
F 2.454708916e+07 19279247 1513619 8.044855 -437846.7165 158.940664 468757.776
M 2.500000000e+07 19634957 2.700462 /private/tmp/rh-s40-free-greedy/var_pi4_th0.75_1e8.mom.2.500000e+07
F 2.511886432e+07 19728310 1554563 -0.114308 -312251.5969 158.940664 468757.776
F 2.570395783e+07 20187843 1580323 1.515486 -458043.9138 158.940664 468757.776
F 2.630267992e+07 20658091 1609532 14.284621 -557941.8666 158.940664 560067.434
F 2.691534804e+07 21139267 1656534 1.868153 -366943.2055 158.940664 560067.434
F 2.754228703e+07 21631662 1702804 0.133615 -201781.4743 158.940664 560067.434
F 2.818382931e+07 22135528 1734222 0.005740 -304682.8036 158.940664 560067.434
F 2.884031503e+07 22651131 1781905 0.328038 -142575.9295 158.940664 560067.434
F 2.951209227e+07 23178744 1841064 0.721144 202652.4297 158.940664 560067.434
F 3.019951720e+07 23718657 1882882 11.437871 234983.8448 158.940664 560067.434
F 3.090295433e+07 24271131 1922508 7.214881 214652.6864 158.940664 560067.434
S 3.162277660e+07 24836479 1977925 22858553 158.940664 8.120908 4.549966 -0.750000 5325.961016 2.365143e+07 51.285089 9 2.709320e-08 1.847924e-15 0 0 4.147426e-15 1 0 560067.434 451281.782 144932 7854 2012263 0 1.2 76.443174
F 3.162277660e+07 24836479 1977925 8.120908 451281.7819 158.940664 560067.434
P   3.16e+07 24836480 1977925 158.94 560067.4 9 451281.4
F 3.235936569e+07 25414987 2035517 0.401439 709918.7093 158.940664 713375.633
F 3.311311215e+07 26006979 2066792 1.319782 497351.9913 158.940664 713375.633
F 3.388441561e+07 26612761 2110384 2.994429 481398.9690 158.940664 713375.633
F 3.467368505e+07 27232655 2163056 6.232635 606004.6585 158.940664 713375.633
F 3.548133892e+07 27866985 2201959 6.360111 474164.5407 158.940664 713375.633
F 3.630780548e+07 28516106 2230190 22.046763 138965.1856 158.940664 713375.633
F 3.715352291e+07 29180313 2273998 4.128361 56474.7018 158.940664 713375.633
F 3.801893963e+07 29860016 2326305 10.424063 103394.2912 158.940664 713375.633
F 3.890451450e+07 30555546 2353471 11.549678 -307747.3233 158.940664 713375.633
F 3.981071706e+07 31267267 2390363 2.726591 -568733.7236 158.940664 713375.633
F 4.073802778e+07 31995579 2447047 6.586229 -503392.4395 158.940664 713375.633
F 4.168693835e+07 32740854 2500262 8.969975 -519289.3800 158.940664 713375.633
F 4.265795188e+07 33503492 2536372 14.724424 -856160.1195 158.940664 856645.105
F 4.365158322e+07 34283875 2595348 1.491865 -812857.0734 158.940664 892855.233
F 4.466835922e+07 35082449 2673627 1.495884 -451627.5014 158.940664 892855.233
F 4.570881896e+07 35899622 2728145 -0.678021 -531194.0785 158.940664 892855.233
F 4.677351413e+07 36735833 2787468 0.693057 -548813.6849 158.940664 892855.233
F 4.786300923e+07 37591521 2872507 1.239703 -135385.8397 158.940664 892855.233
F 4.897788194e+07 38467142 2958449 3.265103 270497.8606 158.940664 892855.233
M 5.000000000e+07 39269912 3.615526 /private/tmp/rh-s40-free-greedy/var_pi4_th0.75_1e8.mom.5.000000e+07
F 5.011872336e+07 39363154 3014004 0.504487 114199.7143 158.940664 892855.233
F 5.128613840e+07 40280039 3092729 -0.121031 343758.9056 158.940664 892855.233
F 5.248074602e+07 41218302 3189256 20.243653 863993.4127 158.940664 892855.233
F 5.370317964e+07 42178379 3259269 0.129875 886837.1903 158.940664 1004839.714
F 5.495408739e+07 43160841 3318005 1.481437 682107.2432 158.940664 1004839.714
F 5.623413252e+07 44166185 3401031 0.384699 882779.5010 158.940664 1004839.714
F 5.754399373e+07 45194949 3485638 1.792384 1083822.1405 158.940664 1099177.060
F 5.888436554e+07 46247691 3531838 18.240946 569725.0013 158.940664 1099177.060
F 6.025595861e+07 47324926 3595079 6.561365 330597.8291 158.940664 1099177.060
F 6.165950019e+07 48427262 3676811 3.583193 392346.5877 158.940664 1099177.060
F 6.309573445e+07 49555276 3742097 1.831711 127950.8096 158.940664 1099177.060
F 6.456542290e+07 50709571 3786213 6.218037 -548775.5459 158.940664 1099177.060
F 6.606934480e+07 51890748 3860884 5.722009 -708875.0541 158.940664 1099177.060
F 6.760829754e+07 53099434 3955599 1.067684 -541052.0840 158.940664 1099177.060
F 6.918309709e+07 54336280 4014191 2.391278 -1058611.0504 158.940664 1099177.060
F 7.079457844e+07 55601945 4086437 12.901371 -1364780.8257 158.940664 1365840.701
F 7.244359601e+07 56897067 4195859 -0.468798 -1034579.7295 158.940664 1366757.327
F 7.413102413e+07 58222373 4304009 2.582852 -763486.6006 158.940664 1366757.327
F 7.585775750e+07 59578546 4379728 2.363157 -1117087.8134 158.940664 1366757.327
F 7.762471166e+07 60966309 4493094 2.811124 -825656.1884 158.940664 1366757.327
F 7.943282347e+07 62386394 4635614 0.116679 -42682.2944 158.940664 1366757.327
F 8.128305162e+07 63839566 4740988 6.330530 25154.2805 158.940664 1366757.327
F 8.317637711e+07 65326581 4843250 6.964941 -4172.6205 158.940664 1366757.327
F 8.511380382e+07 66848226 4988631 0.585213 711433.2145 158.940664 1366757.327
F 8.709635900e+07 68405320 5132436 -0.608357 1356319.0955 158.940664 1366757.327
F 8.912509381e+07 69998686 5223442 0.791748 992436.1497 158.940664 1366757.327
F 9.120108394e+07 71629172 5344022 7.962528 1125201.2268 158.940664 1366757.327
F 9.332543008e+07 73297621 5488184 -0.597474 1644859.9927 158.940664 1645022.994
F 9.549925860e+07 75004947 5599171 4.473457 1509042.1473 158.940664 1784049.655
F 9.772372210e+07 76752039 5681771 6.931166 803448.9216 158.940664 1784049.655
S 1.000000000e+08 78539819 5807441 72732377 158.940664 2.445653 4.940387 -0.750000 6940.428758 5.841922e+07 66.005749 10 1.179863e-08 3.240868e-16 0 0 2.041928e-15 1 0 1784049.655 840829.038 144933 7854 3143704 0 3.5 83.856413
F 1.000000000e+08 78539819 5807441 2.445653 840829.0383 158.940664 1784049.655
M 1.000000000e+08 78539819 2.445653 /private/tmp/rh-s40-free-greedy/var_pi4_th0.75_1e8.mom.1.000000e+08
# windows 48
# done N=78539819 pi=5807441 C=72732377 supE=158.940663600 minEbefore=-0.750000000 skviol=0 supPsi=1784049.655 nS=144933 nP_small=1234 nL=5806207 nM=7854 LDbytes=3143704 time=3.5
