# s8gen mode=rule X=1.000000e+08 theta=0.500000 rho=0.70710678118654757-4.833647e-17 t=1.4142135623730951-9.667293e-17 B=10000.000000
# S cols: x N pi C supE E(x) meanE_win minEbefore_win maxPrimeGap_win gapStart gapPeakE maxClu_win minGapAbs minGapRel ties misorders minDecisionMargin_rel ambig_double skorokhodViol supPsi psi-x nS nM nLDbytes heap time wMaxE
R 4.974873734e+00 1.189340 5 2 4.535534e+00
S 1.000000000e+01 8 3 4 1.701903 0.636039 0.403467 -0.500000 2.828427 1.707107e+00 0.646447 2 3.786797e-01 4.890833e-02 0 0 5.142337e-02 0 0 2.845 -4.352 8 0 0 0 0.0 1.701903
F 1.000000000e+01 8 3 0.636039 -4.3523 1.701903 2.845
F 1.023292992e+01 8 3 0.471333 -4.5852 1.701903 2.845
F 1.047128548e+01 8 3 0.302790 -4.8235 1.701903 2.845
F 1.071519305e+01 8 3 0.130321 -5.0675 1.701903 2.845
F 1.096478196e+01 8 3 -0.046165 -5.3170 1.701903 2.845
F 1.122018454e+01 8 3 -0.226762 -5.5724 1.701903 2.845
F 1.148153621e+01 8 3 -0.411565 -5.8338 1.701903 2.845
P         10 9 4 1.70 3.5 2 -3.5
F 1.174897555e+01 9 4 0.399326 -3.6497 1.701903 3.507
F 1.202264435e+01 9 4 0.205813 -3.9233 1.701903 3.507
F 1.230268771e+01 9 4 0.007793 -4.2034 1.701903 3.507
F 1.258925412e+01 10 4 0.805160 -4.4899 1.701903 4.472
F 1.288249552e+01 10 4 0.597807 -4.7832 1.701903 4.472
F 1.318256739e+01 10 4 0.385624 -5.0833 1.701903 4.472
F 1.348962883e+01 11 4 1.168499 -5.3903 1.701903 5.118
F 1.380384265e+01 11 4 0.946316 -5.7045 1.701903 5.118
F 1.412537545e+01 11 4 0.718958 -6.0261 1.701903 5.118
F 1.445439771e+01 11 4 0.486304 -6.3551 1.701903 5.118
F 1.479108388e+01 12 4 1.248231 -6.1570 1.701903 5.864
F 1.513561248e+01 12 4 1.004613 -6.5015 1.701903 5.864
F 1.548816619e+01 12 4 0.755319 -6.8541 1.701903 5.864
F 1.584893192e+01 12 4 0.500220 -7.2148 1.701903 5.864
F 1.621810097e+01 12 4 0.239178 -7.5840 1.701903 5.864
F 1.659586907e+01 12 4 -0.027945 -7.9618 1.701903 5.864
F 1.698243652e+01 12 4 -0.301289 -8.3483 1.701903 5.864
F 1.737800829e+01 13 5 0.418999 -5.8953 1.701903 5.864
F 1.778279410e+01 13 5 0.132772 -6.3001 1.701903 5.864
F 1.819700859e+01 13 5 -0.160121 -6.7143 1.701903 5.864
F 1.862087137e+01 13 5 -0.459838 -7.1382 1.701903 5.864
F 1.905460718e+01 14 6 0.233465 -4.6446 1.701903 5.864
F 1.949844600e+01 14 6 -0.080377 -5.0884 1.701903 5.864
F 1.995262315e+01 15 6 0.598472 -5.5426 1.701903 5.864
F 2.041737945e+01 15 6 0.269839 -6.0073 1.701903 5.864
F 2.089296131e+01 16 6 0.933552 -4.9710 1.701903 5.864
F 2.137962090e+01 16 6 0.589432 -5.4576 1.701903 5.864
F 2.187761624e+01 17 6 1.237296 -5.9556 1.701903 5.864
F 2.238721139e+01 17 6 0.876958 -6.4652 1.701903 5.864
F 2.290867653e+01 18 6 1.508226 -6.9867 1.752155 6.642
F 2.344228815e+01 18 6 1.130906 -7.5203 1.752155 6.642
F 2.398832919e+01 18 6 0.744797 -8.0664 1.752155 6.642
F 2.454708916e+01 18 6 0.349694 -8.6251 1.752155 6.642
F 2.511886432e+01 19 6 0.945387 -8.6621 1.752155 8.293
F 2.570395783e+01 19 6 0.531664 -9.2472 1.752155 8.293
F 2.630267992e+01 19 6 0.108303 -9.8459 1.752155 8.293
F 2.691534804e+01 19 6 -0.324918 -10.4586 1.752155 8.293
F 2.754228703e+01 20 7 0.231769 -7.7837 1.752155 8.293
F 2.818382931e+01 20 7 -0.221870 -8.4252 1.752155 8.293
F 2.884031503e+01 21 8 0.313924 -5.7291 1.752155 8.293
F 2.951209227e+01 22 8 0.838906 -6.4009 1.752155 8.293
F 3.019951720e+01 22 8 0.352823 -7.0883 1.752155 8.293
F 3.090295433e+01 22 8 -0.144582 -7.7917 1.752155 8.293
S 3.162277660e+01 23 9 13 1.752155 0.346427 0.424747 -0.500000 8.485281 1.867767e+01 1.752155 2 6.464466e-01 3.031494e-02 0 0 1.384512e-02 0 0 8.293 -5.065 23 0 0 0 0.0 1.752155
F 3.162277660e+01 23 9 0.346427 -5.0646 1.752155 8.293
P       31.6 24 9 1.75 8.3 2 -5.3
F 3.235936569e+01 24 9 0.825580 -5.8011 1.752155 8.293
F 3.311311215e+01 24 9 0.292601 -6.5549 1.752155 8.293
F 3.388441561e+01 26 9 1.747207 -7.3262 1.789845 8.293
F 3.467368505e+01 26 9 1.189109 -8.1155 1.789845 8.293
F 3.548133892e+01 27 9 1.618011 -8.9231 1.875631 8.559
F 3.630780548e+01 27 9 1.033611 -9.7496 1.875631 8.559
F 3.715352291e+01 28 9 1.435599 -10.5953 1.875631 10.077
F 3.801893963e+01 28 9 0.823657 -11.4607 1.875631 10.077
F 3.890451450e+01 29 9 1.197461 -12.3463 1.875631 11.960
F 3.981071706e+01 29 9 0.556679 -13.2525 1.875631 11.960
F 4.073802778e+01 29 9 -0.099029 -14.1798 1.875631 11.960
F 4.168693835e+01 30 10 0.229990 -11.4077 1.875631 11.960
F 4.265795188e+01 31 10 0.543380 -11.8439 1.875631 11.960
F 4.365158322e+01 31 10 -0.159224 -12.8376 1.875631 11.960
F 4.466835922e+01 32 11 0.121807 -10.0671 1.875631 11.960
F 4.570881896e+01 33 12 0.386091 -7.2888 1.875631 11.960
F 4.677351413e+01 34 12 0.633238 -8.3535 1.875631 11.960
F 4.786300923e+01 34 12 -0.137152 -9.4430 1.875631 11.960
F 4.897788194e+01 36 13 1.074514 -6.6789 1.875631 11.960
F 5.011872336e+01 36 13 0.267818 -7.8197 1.875631 11.960
F 5.128613840e+01 37 13 0.442331 -8.9871 1.875631 11.960
F 5.248074602e+01 37 13 -0.402385 -10.1817 1.875631 11.960
F 5.370317964e+01 40 14 1.733224 -7.4411 1.875631 11.960
R 5.422792206e+01 2.362175 41 14 5.261880e+01
R 5.443071786e+01 3.218777 42 14 5.261880e+01
F 5.495408739e+01 42 14 2.848699 -6.6954 3.218777 11.960
F 5.623413252e+01 42 14 1.943570 -7.9755 3.218777 11.960
F 5.754399373e+01 43 14 2.017359 -9.2853 3.218777 11.960
F 5.888436554e+01 44 14 2.069573 -10.6257 3.218777 11.960
F 6.025595861e+01 45 14 2.099710 -11.9973 3.218777 11.960
F 6.165950019e+01 45 14 1.107256 -13.4008 3.218777 11.960
F 6.309573445e+01 46 14 1.091685 -14.8371 3.218777 14.281
F 6.456542290e+01 46 14 0.052458 -16.3068 3.218777 14.281
F 6.606934480e+01 48 15 0.989025 -13.6310 3.218777 14.281
F 6.760829754e+01 48 15 -0.099179 -15.1699 3.218777 14.281
F 6.918309709e+01 49 16 -0.212730 -12.5226 3.218777 14.281
F 7.079457844e+01 51 17 0.647780 -9.8915 3.218777 14.281
F 7.244359601e+01 52 17 0.481749 -11.0057 3.218777 14.281
F 7.413102413e+01 53 18 0.288557 -8.3914 3.218777 14.281
F 7.585775750e+01 55 19 1.067572 -5.7973 3.218777 14.281
F 7.762471166e+01 55 19 -0.181853 -7.5643 3.218777 14.281
F 7.943282347e+01 58 19 1.539619 -9.3724 3.218777 14.281
F 8.128305162e+01 58 19 0.231310 -11.2226 3.218777 14.281
F 8.317637711e+01 60 20 0.892526 -8.7054 3.218777 14.281
F 8.511380382e+01 62 20 1.522559 -10.6428 3.218777 14.281
F 8.709635900e+01 64 20 2.120681 -12.6254 3.218777 14.281
F 8.912509381e+01 64 20 0.686149 -14.6541 3.218777 14.281
F 9.120108394e+01 66 20 1.218202 -16.7301 3.218777 15.395
F 9.332543008e+01 70 20 3.716062 -17.3425 3.733496 18.448
F 9.549925860e+01 70 20 2.178933 -19.5163 3.733496 18.448
F 9.772372210e+01 71 20 1.606000 -21.7408 3.733496 21.350
S 1.000000000e+02 72 20 51 3.733496 0.996429 0.996555 -0.500000 12.727922 5.261880e+01 3.218777 3 2.334060e-02 4.433824e-04 0 0 4.435791e-04 0 0 22.588 -24.017 72 0 0 0 0.0 3.733496
F 1.000000000e+02 72 20 0.996429 -24.0170 3.733496 22.588
P        100 73 21 3.73 22.6 3 -21.5
F 1.023292992e+02 73 21 0.349365 -21.7202 3.733496 22.588
F 1.047128548e+02 74 21 -0.336063 -24.1038 3.733496 22.588
F 1.071519305e+02 77 23 0.939250 -17.2226 3.733496 22.588
F 1.096478196e+02 78 24 0.174390 -15.0254 3.733496 22.588
F 1.122018454e+02 80 25 0.368421 -12.8735 3.733496 22.588
F 1.148153621e+02 81 25 -0.479614 -15.4870 3.733496 22.588
F 1.174897555e+02 84 27 0.629304 -8.6620 3.733496 22.588
F 1.202264435e+02 85 27 -0.305827 -11.3987 3.733496 22.588
F 1.230268771e+02 87 28 -0.286032 -9.3958 3.733496 22.588
F 1.258925412e+02 89 28 -0.312363 -11.7267 3.733496 22.588
F 1.288249552e+02 93 28 1.614107 -14.6591 3.733496 22.588
F 1.318256739e+02 94 28 0.492279 -17.6598 3.733496 22.588
F 1.348962883e+02 97 28 1.321027 -18.2789 3.733496 22.588
F 1.380384265e+02 99 28 1.099199 -21.4210 3.733496 22.588
F 1.412537545e+02 102 29 1.825619 -19.6926 3.733496 22.588
F 1.445439771e+02 104 29 1.499080 -22.9828 3.733496 22.588
F 1.479108388e+02 107 29 2.118350 -26.3496 3.733496 25.051
F 1.513561248e+02 107 29 -0.317835 -29.7949 3.733496 25.051
F 1.548816619e+02 111 30 1.189233 -28.2899 3.733496 29.923
F 1.584893192e+02 113 30 0.638234 -31.8975 3.733496 31.440
F 1.621810097e+02 115 30 0.027815 -35.5892 3.733496 32.683
F 1.659586907e+02 118 33 0.356591 -24.0611 3.733496 32.683
F 1.698243652e+02 120 33 -0.376853 -27.9268 3.733496 32.683
F 1.737800829e+02 123 36 -0.173968 -16.4503 3.733496 32.683
F 1.778279410e+02 126 37 -0.036236 -15.3378 3.733496 32.683
F 1.819700859e+02 130 39 1.034825 -9.0952 3.733496 32.683
F 1.862087137e+02 132 40 0.037663 -8.1105 3.733496 32.683
F 1.905460718e+02 136 40 0.970687 -12.4478 3.733496 32.683
F 1.949844600e+02 138 41 -0.167727 -11.6182 3.733496 32.683
F 1.995262315e+02 143 43 1.620755 -5.5949 3.733496 32.683
R 2.003700577e+02 4.024080 146 43 1.982828e+02
F 2.041737945e+02 147 43 2.334432 -10.2425 4.024080 32.683
F 2.089296131e+02 150 43 1.971561 -14.9983 4.024080 32.683
F 2.137962090e+02 153 43 1.530358 -19.3301 4.024080 32.683
F 2.187761624e+02 156 43 1.008999 -24.3100 4.024080 32.683
F 2.238721139e+02 160 43 1.405617 -29.4060 4.024080 32.683
F 2.290867653e+02 163 44 0.718302 -29.1976 4.024080 32.683
F 2.344228815e+02 166 44 -0.054902 -34.5337 4.024080 32.683
F 2.398832919e+02 172 46 2.084004 -29.0565 4.024080 34.909
F 2.454708916e+02 176 46 2.132975 -34.6441 4.024080 34.909
F 2.511886432e+02 180 46 2.089914 -40.3619 4.024080 39.456
F 2.570395783e+02 182 48 -0.047322 -35.1259 4.024080 39.456
F 2.630267992e+02 188 50 1.719073 -29.9988 4.024080 39.456
F 2.691534804e+02 191 52 0.386856 -24.9467 4.024080 39.456
F 2.754228703e+02 195 53 -0.046273 -25.6006 4.024080 39.456
F 2.818382931e+02 200 56 0.417339 -15.1337 4.024080 39.456
F 2.884031503e+02 204 57 -0.224717 -16.0427 4.024080 39.456
F 2.951209227e+02 210 60 1.025101 -5.7342 4.024080 39.456
F 3.019951720e+02 215 60 1.164273 -9.7599 4.024080 39.456
F 3.090295433e+02 219 61 0.190221 -11.0622 4.024080 39.456
S 3.162277660e+02 225 61 163 4.024080 1.100309 0.916512 -0.500000 28.284271 1.982828e+02 4.024080 4 2.712857e-02 1.197232e-04 0 0 3.604399e-06 0 0 39.456 -18.260 225 0 0 0 0.0 4.024080
F 3.162277660e+02 225 61 1.100309 -18.2605 4.024080 39.456
P        316 226 61 4.02 39.5 4 -18.8
F 3.235936569e+02 230 61 0.891838 -25.6263 4.024080 39.456
F 3.311311215e+02 234 62 -0.437955 -27.3653 4.024080 39.456
F 3.388441561e+02 243 63 3.108106 -29.2756 4.024080 39.456
R 3.417099385e+02 5.081692 247 63 3.312189e+02
F 3.467368505e+02 249 63 3.527129 -37.1683 5.839051 39.456
F 3.548133892e+02 252 63 0.816153 -42.3175 5.839051 40.164
F 3.630780548e+02 258 63 0.972152 -50.0473 5.839051 46.215
F 3.715352291e+02 264 65 0.992027 -46.6884 5.839051 51.481
F 3.801893963e+02 269 65 -0.127393 -55.3426 5.839051 52.872
F 3.890451450e+02 278 69 2.610647 -40.4043 5.839051 52.872
F 3.981071706e+02 282 69 0.202827 -49.4663 5.839051 52.872
F 4.073802778e+02 288 71 -0.354250 -44.7538 5.839051 52.872
F 4.168693835e+02 295 71 -0.064061 -54.2429 5.839051 52.872
F 4.265795188e+02 302 74 0.069836 -44.3215 5.839051 52.872
F 4.365158322e+02 309 79 0.043802 -23.9200 5.839051 52.872
F 4.466835922e+02 317 82 0.854110 -15.8172 5.839051 52.872
F 4.570881896e+02 324 85 0.496948 -7.8751 5.839051 52.872
F 4.677351413e+02 331 87 -0.031583 -6.2478 5.839051 52.872
F 4.786300923e+02 340 89 1.264523 -4.8232 5.839051 52.872
F 4.897788194e+02 347 89 0.381182 -15.9720 5.839051 52.872
F 5.011872336e+02 355 90 0.314215 -21.1810 5.839051 52.872
F 5.128613840e+02 367 90 4.059344 -32.8552 5.839051 52.872
F 5.248074602e+02 371 90 -0.387807 -44.8012 5.839051 52.872
F 5.370317964e+02 381 92 0.968282 -44.4962 5.839051 52.872
F 5.495408739e+02 389 93 0.123028 -50.6972 5.839051 53.415
F 5.623413252e+02 398 93 0.071742 -63.4976 5.839051 62.639
F 5.754399373e+02 407 94 -0.190375 -70.2602 5.839051 67.404
F 5.888436554e+02 418 95 1.331765 -77.3080 5.839051 76.327
F 6.025595861e+02 427 100 0.633137 -59.0660 5.839051 79.462
F 6.165950019e+02 438 102 1.708600 -59.7566 5.839051 79.462
F 6.309573445e+02 447 105 0.552890 -54.8198 5.839051 79.462
F 6.456542290e+02 457 107 0.160623 -56.5953 5.839051 79.462
F 6.606934480e+02 470 112 2.526289 -39.2239 5.839051 79.462
F 6.760829754e+02 478 114 -0.355750 -41.5970 5.839051 79.462
F 6.918309709e+02 489 119 -0.491264 -24.7348 5.839051 79.462
F 7.079457844e+02 501 123 0.113842 -14.6375 5.839051 79.462
F 7.244359601e+02 513 127 0.453527 -4.8357 5.839051 79.462
F 7.413102413e+02 525 131 0.521608 7.9642 5.839051 79.462
F 7.585775750e+02 539 133 2.311759 3.9478 5.839051 79.462
F 7.762471166e+02 553 134 3.817507 -7.0759 5.839051 79.462
F 7.943282347e+02 566 134 4.032226 -25.1570 5.839051 79.462
F 8.128305162e+02 577 134 1.949137 -43.6593 5.839051 79.462
F 8.317637711e+02 589 134 0.561304 -59.2399 5.839051 79.462
F 8.511380382e+02 605 137 2.861628 -58.4229 5.839051 79.462
F 8.709635900e+02 619 137 2.842846 -78.2485 5.839051 79.462
F 8.912509381e+02 631 141 0.497525 -71.4020 5.839051 82.097
R 9.032680099e+02 6.000172 645 143 8.954901e+02
R 9.083822510e+02 7.383857 650 143 8.954901e+02
R 9.087851904e+02 8.098936 651 143 8.954901e+02
F 9.120108394e+02 652 143 6.818058 -78.5687 8.098936 82.097
F 9.332543008e+02 660 144 -0.203338 -92.9761 8.098936 94.705
F 9.549925860e+02 677 149 1.425373 -80.4692 8.098936 94.705
F 9.772372210e+02 692 154 0.696041 -68.3368 8.098936 94.705
S 1.000000000e+03 709 156 552 8.098936 1.600326 1.320579 -0.500000 63.639610 7.696251e+02 5.416933 4 1.249968e-02 1.485223e-05 0 0 3.197610e-05 0 0 94.705 -73.875 709 0 0 0 0.0 8.098936
F 1.000000000e+03 709 156 1.600326 -73.8753 8.098936 94.705
P      1e+03 710 156 8.10 94.7 4 -75.2
F 1.023292992e+03 725 162 1.129693 -55.6494 8.098936 94.705
F 1.047128548e+03 743 165 2.275410 -58.1291 8.098936 94.705
F 1.071519305e+03 758 172 0.028540 -33.7688 8.098936 94.705
F 1.096478196e+03 776 176 0.379939 -30.7745 8.098936 94.705
F 1.122018454e+03 795 183 1.320249 -7.2426 8.098936 94.705
F 1.148153621e+03 814 188 1.839895 1.8280 8.098936 94.705
F 1.174897555e+03 831 192 -0.070922 3.3085 8.098936 94.705
F 1.202264435e+03 852 195 1.577772 -2.8118 8.098936 94.705
F 1.230268771e+03 871 196 0.775716 -23.7124 8.098936 94.705
F 1.258925412e+03 892 199 1.512411 -30.9821 8.098936 94.705
F 1.288249552e+03 914 199 2.777113 -60.3063 8.098936 94.705
F 1.318256739e+03 936 200 3.558828 -83.1477 8.098936 94.705
F 1.348962883e+03 955 200 0.846305 -113.8539 8.098936 112.017
F 1.380384265e+03 978 207 1.628033 -94.7284 8.098936 117.551
F 1.412537545e+03 1000 208 0.892230 -119.6423 8.098936 118.227
F 1.445439771e+03 1027 214 4.626843 -108.9894 8.098936 118.227
F 1.479108388e+03 1047 216 0.819535 -128.0773 8.098936 127.468
F 1.513561248e+03 1072 223 1.457684 -111.3690 8.098936 132.656
F 1.548816619e+03 1099 226 3.528373 -124.6346 8.098936 132.656
F 1.584893192e+03 1122 236 1.018383 -84.6655 8.098936 132.656
F 1.621810097e+03 1147 244 -0.085811 -62.5546 8.098936 132.656
F 1.659586907e+03 1174 252 0.201951 -41.1168 8.098936 132.656
F 1.698243652e+03 1202 259 0.867504 -27.7762 8.098936 132.656
F 1.737800829e+03 1229 267 -0.103644 -4.0169 8.098936 132.656
F 1.778279410e+03 1258 269 0.273677 -29.5516 8.098936 132.656
F 1.819700859e+03 1287 278 -0.015710 -3.0046 8.098936 132.656
F 1.862087137e+03 1318 287 1.012665 22.2943 8.098936 132.656
F 1.905460718e+03 1350 290 2.342912 1.5254 8.098936 132.656
F 1.949844600e+03 1381 294 1.958768 -7.2756 8.098936 132.656
F 1.995262315e+03 1414 294 2.843594 -52.6933 8.098936 132.656
F 2.041737945e+03 1444 295 -0.019639 -91.5498 8.098936 132.656
F 2.089296131e+03 1479 296 1.351645 -127.6674 8.098936 132.656
F 2.137962090e+03 1513 302 0.939615 -130.4341 8.098936 132.656
F 2.187761624e+03 1549 304 1.726027 -164.8814 8.098936 162.615
F 2.238721139e+03 1584 311 0.692209 -161.9125 8.098936 173.319
F 2.290867653e+03 1620 318 -0.180945 -159.9754 8.098936 173.319
F 2.344228815e+03 1659 327 1.087015 -139.7447 8.098936 173.319
F 2.398832919e+03 1699 334 2.476083 -139.9571 8.098936 173.319
F 2.454708916e+03 1740 342 3.965787 -133.4957 8.098936 173.319
F 2.511886432e+03 1776 355 -0.464823 -89.0256 8.098936 173.319
F 2.570395783e+03 1820 366 2.162818 -61.3006 8.098936 173.319
F 2.630267992e+03 1864 377 3.826773 -34.7059 8.098936 173.319
F 2.691534804e+03 1905 391 1.504595 14.4489 8.098936 173.319
F 2.754228703e+03 1949 398 1.173314 7.1256 8.098936 173.319
F 2.818382931e+03 1996 408 2.809424 26.2584 8.098936 173.319
F 2.884031503e+03 2041 413 1.388874 0.4093 8.098936 173.319
F 2.951209227e+03 2089 422 1.887050 7.0242 8.098936 173.319
F 3.019951720e+03 2136 424 0.278766 -45.7241 8.098936 173.319
F 3.090295433e+03 2191 435 5.538251 -27.3134 8.098936 173.319
S 3.162277660e+03 2239 438 1800 8.098936 2.639129 1.379911 -0.500000 93.338095 1.943422e+03 5.016541 4 1.606200e-03 1.176694e-06 0 0 1.176696e-06 0 0 173.319 -75.132 2239 0 0 0 0.0 7.446233
F 3.162277660e+03 2239 438 2.639129 -75.1318 8.098936 173.319
P   3.16e+03 2240 438 8.10 173.3 4 -78.4
F 3.235936569e+03 2292 439 3.554415 -140.7240 8.098936 173.319
F 3.311311215e+03 2342 448 0.256492 -143.2152 8.098936 178.573
F 3.388441561e+03 2400 449 3.717101 -212.2393 8.098936 210.991
F 3.467368505e+03 2453 454 0.907324 -250.4865 8.098936 248.851
F 3.548133892e+03 2510 466 0.797571 -233.3046 8.098936 248.851
F 3.630780548e+03 2571 480 3.357561 -201.3505 8.098936 248.851
F 3.715352291e+03 2633 490 5.556307 -203.8175 8.098936 248.851
F 3.801893963e+03 2689 506 0.362104 -158.6489 8.098936 248.851
F 3.890451450e+03 2754 518 2.742505 -148.1654 8.098936 248.851
F 3.981071706e+03 2815 535 -0.335693 -98.0704 8.098936 248.851
F 4.073802778e+03 2882 549 1.093537 -74.6005 8.098936 248.851
F 4.168693835e+03 2952 564 3.995428 -44.6209 8.098936 248.851
F 4.265795188e+03 3017 582 0.334402 8.4660 8.098936 248.851
F 4.365158322e+03 3087 602 0.074056 80.6702 8.098936 248.851
F 4.466835922e+03 3167 607 8.177136 20.9411 8.571927 248.851
F 4.570881896e+03 3235 619 2.605522 17.9412 8.571927 248.851
F 4.677351413e+03 3309 630 1.320205 8.5288 8.571927 248.851
F 4.786300923e+03 3387 641 2.281267 -7.3398 8.571927 248.851
F 4.897788194e+03 3464 643 0.447862 -97.6170 8.571927 248.851
F 5.011872336e+03 3550 655 5.778191 -109.6364 8.571927 248.851
F 5.128613840e+03 3628 661 1.229482 -175.1363 8.571927 248.851
F 5.248074602e+03 3718 670 6.757967 -214.1967 8.571927 248.851
F 5.370317964e+03 3798 677 0.318858 -276.3665 8.571927 281.531
F 5.495408739e+03 3886 689 -0.133678 -293.9230 8.571927 324.230
F 5.623413252e+03 3977 701 0.353463 -318.4632 8.571927 324.230
F 5.754399373e+03 4069 713 -0.267712 -341.4101 8.571927 348.393
F 5.888436554e+03 4165 737 0.953689 -267.4038 8.571927 348.393
F 6.025595861e+03 4261 764 -0.032587 -169.8643 8.571927 348.393
F 6.165950019e+03 4362 787 1.722036 -109.8069 8.571927 348.393
F 6.309573445e+03 4463 805 1.164938 -96.0985 8.571927 348.393
F 6.456542290e+03 4566 826 0.242270 -59.1167 8.571927 348.393
F 6.606934480e+03 4672 850 -0.101067 4.2451 8.571927 348.393
F 6.760829754e+03 4783 877 2.078541 88.1471 8.571927 348.393
F 6.918309709e+03 4893 894 0.723397 85.1817 8.571927 348.393
F 7.079457844e+03 5009 918 2.774458 136.5523 8.571927 348.393
F 7.244359601e+03 5127 925 4.171308 33.7764 8.571927 348.393
F 7.413102413e+03 5242 944 -0.147879 34.1297 8.571927 348.393
F 7.585775750e+03 5366 949 1.753633 -93.9233 8.571927 348.393
F 7.762471166e+03 5490 970 0.811106 -82.7062 8.571927 348.393
F 7.943282347e+03 5619 974 1.958294 -227.6572 8.571927 348.393
F 8.128305162e+03 5750 989 2.127407 -277.8244 8.571927 348.393
R 8.271273525e+03 9.033509 5858 999 8.252229e+03
F 8.317637711e+03 5885 999 3.249078 -376.9962 9.728272 376.817
F 8.511380382e+03 6025 1016 6.252321 -417.1562 9.728272 416.652
F 8.709635900e+03 6161 1040 2.064501 -396.3958 9.728272 451.261
F 8.912509381e+03 6303 1063 0.611286 -389.7965 9.728272 451.261
F 9.120108394e+03 6450 1086 0.816617 -387.9177 9.728272 451.261
F 9.332543008e+03 6602 1120 2.602660 -289.8965 9.728272 451.261
F 9.549925860e+03 6754 1149 0.889771 -241.8587 9.728272 451.261
F 9.772372210e+03 6914 1181 3.596449 -170.7051 9.728272 451.261
S 1.000000000e+04 7073 1223 5849 9.728272 1.639295 1.685630 -0.500000 127.279221 4.971254e+03 7.136024 6 1.627973e-03 1.967029e-07 0 0 1.786753e-07 0 0 451.261 -12.000 7073 0 0 0 0.0 9.728272
F 1.000000000e+04 7073 1223 1.639295 -11.9996 9.728272 451.261
P      1e+04 7074 1223 9.73 451.3 6 -12.4
F 1.023292992e+04 7236 1260 -0.067033 96.2949 9.728272 451.261
F 1.047128548e+04 7407 1281 2.390136 56.6615 9.728272 451.261
F 1.071519305e+04 7579 1315 1.921438 127.9933 9.728272 451.261
F 1.096478196e+04 7759 1346 5.435428 166.4515 9.728272 451.261
F 1.122018454e+04 7936 1372 1.838530 157.8811 9.728272 451.261
F 1.148153621e+04 8120 1394 1.034991 106.6216 9.728272 451.261
F 1.174897555e+04 8312 1407 3.926824 -39.1656 9.728272 451.261
F 1.202264435e+04 8502 1434 0.413762 -54.7370 9.728272 451.261
F 1.230268771e+04 8703 1442 3.393202 -254.8083 9.728272 451.261
F 1.258925412e+04 8907 1461 4.760150 -362.2264 9.728272 451.261
F 1.288249552e+04 9111 1477 1.407168 -504.2094 9.728272 524.636
F 1.318256739e+04 9323 1515 1.224315 -444.2096 9.728272 524.907
F 1.348962883e+04 9542 1534 3.099088 -566.0458 9.728272 564.993
F 1.380384265e+04 9763 1560 1.916365 -627.9678 9.728272 645.415
F 1.412537545e+04 9994 1602 5.558342 -548.6624 9.728272 652.246
F 1.445439771e+04 10223 1646 1.904470 -456.7430 9.728272 652.246
F 1.479108388e+04 10460 1690 0.831393 -371.4556 9.728272 652.246
F 1.513561248e+04 10703 1736 0.212882 -269.0387 9.853844 652.246
F 1.548816619e+04 10956 1791 3.919766 -91.0888 9.853844 652.246
F 1.584893192e+04 11208 1841 0.819868 31.1327 9.853844 652.246
F 1.621810097e+04 11472 1892 3.777930 155.7354 9.853844 652.246
F 1.659586907e+04 11738 1933 2.655545 175.8706 9.853844 652.246
F 1.698243652e+04 12011 1977 2.311079 217.3300 9.853844 652.246
F 1.737800829e+04 12288 2023 -0.400397 270.2945 9.853844 652.246
F 1.778279410e+04 12579 2055 4.372810 178.2990 9.853844 652.246
F 1.819700859e+04 12872 2093 4.478938 138.8685 9.853844 652.246
F 1.862087137e+04 13167 2124 -0.237308 19.5368 9.853844 652.246
R 1.903898355e+04 10.112734 13473 2147 1.900874e+04
F 1.905460718e+04 13481 2147 7.065157 -187.7796 10.849712 652.246
F 1.949844600e+04 13788 2169 0.223719 -414.4739 10.849712 652.246
R 1.981780277e+04 11.404383 14025 2187 1.975544e+04
F 1.995262315e+04 14117 2195 8.071975 -606.6103 11.404383 652.246
F 2.041737945e+04 14438 2235 0.439646 -671.4976 11.404383 722.474
F 2.089296131e+04 14777 2276 3.152486 -739.7300 11.404383 779.814
F 2.137962090e+04 15118 2322 0.032193 -768.2382 11.404383 813.184
F 2.187761624e+04 15470 2369 -0.103692 -795.0258 11.404383 863.463
F 2.238721139e+04 15832 2436 1.558124 -634.3033 11.404383 863.463
F 2.290867653e+04 16201 2490 1.826586 -614.2831 11.404383 863.463
F 2.344228815e+04 16577 2570 0.506187 -335.4954 11.404383 863.463
F 2.398832919e+04 16963 2641 0.396867 -166.3024 11.404383 863.463
F 2.454708916e+04 17360 2705 2.293906 -78.8764 11.404383 863.463
F 2.511886432e+04 17763 2785 0.987814 158.9277 11.404383 863.463
F 2.570395783e+04 18179 2851 3.264223 243.1790 11.404383 863.463
F 2.630267992e+04 18600 2932 0.903773 468.3489 11.404383 863.463
F 2.691534804e+04 19033 2985 0.681990 400.8394 11.404383 863.463
R 2.727619813e+04 12.522442 19300 3020 2.715036e+04
F 2.754228703e+04 19477 3037 1.369176 315.0103 12.522442 863.463
F 2.818382931e+04 19932 3088 2.730280 195.4076 12.522442 863.463
F 2.884031503e+04 20399 3147 5.524777 144.1428 12.522442 863.463
F 2.951209227e+04 20872 3182 3.506538 -157.5741 12.522442 863.463
F 3.019951720e+04 21357 3227 2.423703 -376.1366 12.522442 863.463
F 3.090295433e+04 21855 3275 3.018545 -578.6528 12.522442 863.463
S 3.162277660e+04 22366 3318 19047 12.522442 5.027332 2.023345 -0.500000 183.847763 2.715036e+04 12.522442 6 6.377226e-06 4.627831e-10 0 0 8.932517e-09 0 0 863.463 -849.928 17817 7072 2095 0 0.0 12.522442
F 3.162277660e+04 22366 3318 5.027332 -849.9276 12.522442 863.463
P   3.16e+04 22367 3318 12.52 863.5 6 -850.4
F 3.235936569e+04 22887 3368 5.180190 -1062.6149 12.522442 1116.413
F 3.311311215e+04 23416 3445 1.200961 -1010.4142 12.522442 1229.323
F 3.388441561e+04 23963 3508 2.807050 -1125.2841 12.522442 1229.323
F 3.467368505e+04 24520 3601 1.709283 -938.1855 12.522442 1229.323
F 3.548133892e+04 25090 3685 0.611748 -866.6568 12.522442 1229.323
F 3.630780548e+04 25674 3784 0.211644 -654.7926 12.522442 1229.323
F 3.715352291e+04 26274 3888 2.199112 -407.3447 12.522442 1229.323
F 3.801893963e+04 26885 4010 1.257079 17.6933 12.522442 1229.323
F 3.890451450e+04 27512 4109 2.061085 182.5059 12.944323 1229.323
F 3.981071706e+04 28153 4210 2.279113 351.7925 12.944323 1229.323
F 4.073802778e+04 28808 4312 1.571411 506.0231 12.944323 1229.323
F 4.168693835e+04 29478 4410 0.590315 598.5787 12.944323 1229.323
F 4.265795188e+04 30165 4510 0.980061 692.3393 12.944323 1229.323
F 4.365158322e+04 30873 4590 6.376600 552.5714 12.944323 1229.323
F 4.466835922e+04 31589 4653 3.407401 210.0321 12.944323 1229.323
F 4.570881896e+04 32322 4736 0.691259 59.3369 12.944323 1229.323
F 4.677351413e+04 33081 4797 6.838086 -350.0786 12.944323 1229.323
F 4.786300923e+04 33847 4862 2.448711 -739.7763 12.944323 1229.323
F 4.897788194e+04 34634 4951 1.114661 -894.6053 12.944323 1229.323
F 5.011872336e+04 35441 5012 1.417953 -1375.9150 12.944323 1404.225
F 5.128613840e+04 36266 5090 0.930864 -1698.3615 12.944323 1703.343
F 5.248074602e+04 37111 5219 1.215711 -1486.9519 12.944323 1747.622
F 5.370317964e+04 37978 5328 3.824614 -1523.4612 12.944323 1747.622
F 5.495408739e+04 38859 5461 0.299262 -1324.2061 12.944323 1747.622
F 5.623413252e+04 39765 5619 1.170668 -872.5556 12.944323 1747.622
F 5.754399373e+04 40691 5754 0.958921 -698.8315 12.944323 1747.622
F 5.888436554e+04 41641 5922 3.172931 -195.8849 12.944323 1747.622
F 6.025595861e+04 42610 6089 2.310169 268.6649 12.944323 1747.622
F 6.165950019e+04 43607 6239 6.856401 517.7518 12.944323 1747.622
F 6.309573445e+04 44618 6385 2.285415 693.4055 12.944323 1747.622
F 6.456542290e+04 45655 6546 0.058742 1004.9190 12.944323 1747.622
R 6.573552202e+04 13.673719 46496 6647 6.558728e+04
R 6.574274458e+04 14.566598 46502 6647 6.558728e+04
F 6.606934480e+04 46723 6679 4.625370 986.6007 14.566598 1747.622
F 6.760829754e+04 47810 6804 3.421452 842.1336 14.566598 1747.622
F 6.918309709e+04 48924 6920 3.870010 564.0680 14.566598 1747.622
R 7.014359573e+04 15.694911 49615 6999 7.002932e+04
F 7.079457844e+04 50060 7048 0.380622 384.2443 15.694911 1747.622
F 7.244359601e+04 51229 7138 3.349116 -247.6451 15.694911 1747.622
F 7.413102413e+04 52419 7253 0.157248 -646.8425 15.694911 1747.622
R 7.584085645e+04 16.123223 53644 7347 7.568193e+04
F 7.585775750e+04 53650 7347 10.172371 -1312.1496 16.885089 1747.622
F 7.762471166e+04 54889 7488 -0.252898 -1481.7186 16.885089 1747.622
F 7.943282347e+04 56171 7591 3.218981 -2123.2657 16.885089 2186.052
F 8.128305162e+04 57477 7752 0.910113 -2155.0981 16.885089 2288.312
F 8.317637711e+04 58817 7916 2.126818 -2186.7316 16.993788 2338.287
F 8.511380382e+04 60189 8108 4.159253 -1935.4277 16.993788 2338.287
F 8.709635900e+04 61588 8302 1.281044 -1704.0161 16.993788 2338.287
F 8.912509381e+04 63026 8534 4.748897 -1088.3465 16.993788 2338.287
F 9.120108394e+04 64491 8767 1.802204 -505.9481 16.993788 2338.287
F 9.332543008e+04 65991 9009 -0.337360 136.4039 16.993788 2338.287
F 9.549925860e+04 67528 9248 -0.466249 709.8985 16.993788 2338.287
F 9.772372210e+04 69102 9469 0.600530 1022.1224 16.993788 2338.287
S 1.000000000e+05 70711 9708 61002 16.993788 0.028988 2.202378 -0.500000 376.180808 7.419135e+04 13.512669 6 1.858460e-05 4.627831e-10 0 0 1.920506e-09 0 0 2338.287 1494.712 40191 7072 8489 0 0.0 16.993788
F 1.000000000e+05 70711 9708 0.028988 1494.7120 16.993788 2338.287
P      1e+05 70712 9709 16.99 2338.3 6 1505.5
F 1.023292992e+05 72369 9910 10.965709 1493.0062 16.993788 2338.287
F 1.047128548e+05 74044 10093 0.537397 1222.7555 16.993788 2338.287
F 1.071519305e+05 75770 10314 1.850416 1340.7962 16.993788 2338.287
F 1.096478196e+05 77539 10487 5.990315 856.6186 16.993788 2338.287
F 1.122018454e+05 79346 10633 7.021341 4.2571 16.993788 2338.287
F 1.148153621e+05 81188 10821 0.985946 -416.9808 16.993788 2338.287
R 1.171954244e+05 17.027772 82887 10959 1.169374e+05
F 1.174897555e+05 83082 10976 3.904277 -1283.7736 17.027772 2338.287
F 1.202264435e+05 85019 11139 5.773657 -2115.5510 17.802506 2338.287
F 1.230268771e+05 86999 11342 5.568054 -2536.2405 17.802506 2535.308
F 1.258925412e+05 89020 11537 0.237538 -3114.2493 17.802506 3119.066
F 1.288249552e+05 91095 11777 1.707721 -3224.9567 17.802506 3460.130
F 1.318256739e+05 93216 12064 0.879189 -2845.3993 17.802506 3460.130
F 1.348962883e+05 95389 12350 2.626922 -2534.8815 17.802506 3460.130
F 1.380384265e+05 97609 12667 0.799692 -1922.7739 17.802506 3460.130
F 1.412537545e+05 99885 13018 3.219458 -979.7737 17.802506 3460.130
F 1.445439771e+05 102211 13349 2.680738 -341.2612 17.802506 3460.130
F 1.479108388e+05 104589 13715 -0.050032 666.3814 17.802506 3460.130
F 1.513561248e+05 107025 14060 -0.235144 1337.8774 17.802506 3460.130
F 1.548816619e+05 109518 14413 -0.166298 2026.7491 17.802506 3460.130
F 1.584893192e+05 112070 14732 0.834722 2234.8838 17.802506 3460.130
F 1.621810097e+05 114680 15053 0.415343 2398.1368 17.802506 3460.130
F 1.659586907e+05 117354 15329 3.191485 1940.5783 17.802506 3460.130
F 1.698243652e+05 120086 15603 1.746831 1371.2688 17.802506 3460.130
R 1.726661592e+05 18.295059 122112 15813 1.723463e+05
R 1.726663513e+05 19.159236 122113 15813 1.723463e+05
F 1.737800829e+05 122883 15850 1.632071 392.3030 19.670665 3460.130
R 1.743342175e+05 20.799751 123294 15864 1.739613e+05
R 1.744426302e+05 21.140371 123371 15864 1.739613e+05
F 1.778279410e+05 125753 16122 9.364138 -358.0274 21.140371 3460.130
F 1.819700859e+05 128674 16412 1.425421 -983.7326 21.140371 3460.130
F 1.862087137e+05 131677 16678 7.262957 -1985.1707 21.140371 3460.130
R 1.870075980e+05 22.366424 132257 16724 1.868688e+05
R 1.870078026e+05 23.221759 132258 16724 1.868688e+05
R 1.870130442e+05 24.515403 132263 16724 1.868688e+05
R 1.870133280e+05 25.314692 132264 16724 1.868688e+05
R 1.870150410e+05 26.103400 132266 16724 1.868688e+05
R 1.870163349e+05 27.188501 132268 16724 1.868688e+05
F 1.905460718e+05 134740 16911 3.287611 -3474.4618 27.622195 3474.169
F 1.949844600e+05 137876 17247 0.873232 -3817.4649 27.622195 4317.413
F 1.995262315e+05 141091 17580 4.355791 -4286.9591 27.622195 4357.591
F 2.041737945e+05 144380 17954 7.032499 -4359.4592 27.622195 5004.189
F 2.089296131e+05 147736 18375 0.160903 -3950.9540 27.622195 5004.189
F 2.137962090e+05 151178 18830 0.957966 -3229.9070 27.622195 5004.189
F 2.187761624e+05 154702 19351 3.599115 -1803.4464 27.622195 5004.189
F 2.238721139e+05 158304 19870 2.217280 -504.9558 27.622195 5004.189
F 2.290867653e+05 161992 20370 2.901899 451.9226 27.622195 5004.189
F 2.344228815e+05 165766 20897 3.697910 1626.1273 27.622195 5004.189
F 2.398832919e+05 169624 21454 0.604710 3059.1392 27.622195 5004.189
F 2.454708916e+05 173574 21922 -0.424905 3280.7357 27.622195 5004.189
F 2.511886432e+05 177629 22405 11.514178 3563.0808 27.622195 5004.189
F 2.570395783e+05 181756 22861 1.278274 3387.2643 27.622195 5004.189
F 2.630267992e+05 185992 23281 3.673766 2636.5310 27.622195 5004.189
F 2.691534804e+05 190331 23713 10.455941 1906.1116 27.622195 5004.189
F 2.754228703e+05 194755 24042 1.327800 -246.1562 27.622195 5004.189
F 2.818382931e+05 199291 24456 0.938839 -1454.6874 27.622195 5004.189
F 2.884031503e+05 203934 24893 1.883805 -2530.6034 27.622195 5004.189
F 2.951209227e+05 208683 25286 0.701419 -4303.3286 27.622195 5004.189
F 3.019951720e+05 213545 25808 1.873072 -4590.0821 27.622195 5359.932
F 3.090295433e+05 218517 26274 -0.178513 -5739.2059 27.622195 5746.160
S 3.162277660e+05 223609 26832 196776 27.622195 1.909357 2.772670 -0.500000 811.758585 2.718263e+05 22.870829 7 4.510754e-05 2.033536e-10 0 0 1.003539e-10 0 0 6593.677 -5876.732 73214 7072 25689 0 0.0 27.622195
F 3.162277660e+05 223609 26832 1.909357 -5876.7315 27.622195 6593.677
P   3.16e+05 223610 26832 27.62 6593.7 7 -5878.7
F 3.235936569e+05 228818 27383 2.437943 -6247.3391 27.622195 6781.342
F 3.311311215e+05 234146 28079 0.645645 -4945.8249 27.622195 6781.342
F 3.388441561e+05 239599 28763 -0.293465 -3946.9325 27.622195 6781.342
F 3.467368505e+05 245181 29585 0.728865 -1363.2473 27.622195 6781.342
F 3.548133892e+05 250893 30315 1.753524 -106.5817 27.622195 6781.342
F 3.630780548e+05 256736 31107 0.752479 1778.4778 27.622195 6781.342
F 3.715352291e+05 262716 31923 0.627162 3790.3353 27.622195 6781.342
F 3.801893963e+05 268837 32676 2.206833 4802.8731 27.622195 6781.342
F 3.890451450e+05 275099 33373 2.246894 4923.3203 27.622195 6781.342
F 3.981071706e+05 281508 34137 3.427169 5710.3536 27.622195 6781.342
F 4.073802778e+05 288065 34766 3.350150 4565.6172 27.622195 6781.342
F 4.168693835e+05 294793 35390 21.539186 3150.8198 27.622195 6781.342
F 4.265795188e+05 301640 36016 2.436647 1572.2704 27.622195 6781.342
F 4.365158322e+05 308673 36674 9.402034 186.6440 27.622195 6781.342
F 4.466835922e+05 315854 37183 0.710052 -3364.6728 27.622195 6781.342
F 4.570881896e+05 323211 37892 0.548630 -4524.2624 27.622195 6781.342
F 4.677351413e+05 330749 38529 10.016903 -6835.4227 27.622195 6832.841
F 4.786300923e+05 338443 39273 0.123146 -8002.3398 27.622195 8034.598
F 4.897788194e+05 346326 40115 -0.217350 -8122.3854 27.622195 8870.263
F 5.011872336e+05 354395 40897 1.815565 -9256.9369 27.622195 9353.734
F 5.128613840e+05 362650 41924 1.944678 -7426.6061 27.622195 9353.734
F 5.248074602e+05 371099 42917 3.793147 -6292.6017 27.622195 9353.734
F 5.370317964e+05 379739 44030 -0.117819 -3824.9233 27.622195 9353.734
F 5.495408739e+05 388585 45124 0.628663 -1877.3111 27.622195 9353.734
F 5.623413252e+05 397636 46414 0.342723 2397.7838 27.622195 9353.734
F 5.754399373e+05 406898 47529 0.225250 4081.0185 27.622195 9353.734
F 5.888436554e+05 416376 48747 0.365346 6845.5860 27.622195 9353.734
F 6.025595861e+05 426076 49819 1.737725 7391.0828 27.622195 9353.734
F 6.165950019e+05 436004 50923 5.200045 8061.3599 27.622195 9353.734
F 6.309573445e+05 446159 51974 4.490185 7722.7857 27.622195 9353.734
F 6.456542290e+05 456550 52925 3.223455 5737.9657 27.622195 9353.734
F 6.606934480e+05 467181 53891 -0.110265 3633.2207 27.622195 9353.734
F 6.760829754e+05 478065 54885 1.850562 1579.1900 27.622195 9353.734
F 6.918309709e+05 489203 55772 4.336135 -2251.7630 27.622195 9353.734
F 7.079457844e+05 500594 56762 0.442256 -5021.5781 27.622195 9353.734
F 7.244359601e+05 512255 57689 1.127202 -9014.0828 27.622195 9353.734
F 7.413102413e+05 524188 58859 2.208520 -10087.8768 27.622195 10433.883
F 7.585775750e+05 536396 59990 0.359748 -12054.1403 27.622195 12836.314
F 7.762471166e+05 548890 61285 0.107062 -12169.2672 27.622195 13103.006
F 7.943282347e+05 561677 62704 1.825845 -10967.7369 27.622195 13103.006
F 8.128305162e+05 574763 64174 4.737172 -9467.8633 27.622195 13103.006
F 8.317637711e+05 588146 65758 -0.095785 -6826.5125 27.622195 13103.006
F 8.511380382e+05 601849 67366 3.228568 -4263.4617 27.622195 13103.006
F 8.709635900e+05 615869 69219 4.446482 1241.7713 27.622195 13103.006
F 8.912509381e+05 630211 70937 1.125014 4491.6298 27.622195 13103.006
F 9.120108394e+05 644894 72718 4.658083 8166.6430 27.622195 13103.006
F 9.332543008e+05 659912 74448 1.262442 10698.2418 27.622195 13103.006
F 9.549925860e+05 675283 76146 0.973548 12341.3207 27.622195 13103.006
F 9.772372210e+05 691012 77720 0.641341 11805.0650 27.622195 13103.006
S 1.000000000e+06 707114 79255 627858 27.622195 6.925920 2.779130 -0.500000 634.981890 3.213832e+05 17.803567 8 2.041356e-05 2.515597e-11 0 0 2.515597e-11 0 0 13103.006 10231.705 101211 7072 78260 0 0.0 27.289982
F 1.000000000e+06 707114 79255 6.925920 10231.7049 27.622195 13103.006
M 1.000000000e+06 707114 6.925920 /private/tmp/rh-s40-free-greedy/var_rsqrt2_th0.5_1e8.mom.1.000000e+06
P      1e+06 707115 79255 27.62 13103.0 8 10230.4
F 1.023292992e+06 723589 80703 11.293124 6987.2322 27.622195 13103.006
F 1.047128548e+06 740434 82147 2.010006 3165.1344 27.622195 13103.006
F 1.071519305e+06 757682 83651 3.140201 -342.7984 27.622195 13103.006
F 1.096478196e+06 775330 85062 2.539191 -5686.2511 27.622195 13103.006
F 1.122018454e+06 793390 86544 2.849453 -10571.1912 27.622195 13103.006
F 1.148153621e+06 811872 88261 4.495502 -12746.2893 27.622195 13103.006
F 1.174897555e+06 830780 89811 1.678810 -17824.0217 27.622195 17838.676
F 1.202264435e+06 850134 91808 4.372609 -17241.9393 27.622195 18647.629
F 1.230268771e+06 869940 93791 8.316583 -17428.4131 27.622195 18740.536
F 1.258925412e+06 890201 95999 6.011419 -15076.6095 27.622195 18740.536
F 1.288249552e+06 910931 98437 0.713244 -10127.0232 27.622195 18740.536
R 1.288428354e+06 28.280825 911085 98442 1.288272e+06
F 1.318256739e+06 932149 100843 0.427929 -6217.0172 28.426810 18740.536
F 1.348962883e+06 953869 103348 7.905257 -1571.5122 28.426810 18740.536
F 1.380384265e+06 976081 105973 1.632963 4100.0560 28.426810 18740.536
F 1.412537545e+06 998819 108668 3.830623 10087.7181 28.426810 18740.536
F 1.445439771e+06 1022089 111192 8.443416 12970.6020 28.426810 18740.536
F 1.479108388e+06 1045890 113956 2.135723 18538.5138 28.426810 18740.536
F 1.513561248e+06 1070252 116298 2.284596 17390.7726 28.426810 20198.577
F 1.548816619e+06 1095179 118719 -0.026941 16636.4799 28.426810 20198.577
F 1.584893192e+06 1120693 121042 3.983261 13708.3453 28.426810 20198.577
F 1.621810097e+06 1146793 123239 -0.210533 8181.3966 28.426810 20198.577
F 1.659586907e+06 1173505 125442 -0.449111 1930.6551 28.426810 20198.577
F 1.698243652e+06 1200846 127660 6.104344 -4926.8937 28.426810 20198.577
F 1.737800829e+06 1228813 129980 1.956746 -11177.5417 28.426810 20198.577
F 1.778279410e+06 1257434 132371 0.277424 -17272.8936 28.426810 20198.577
F 1.819700859e+06 1286727 134944 3.890253 -21632.4089 28.426810 21874.585
F 1.862087137e+06 1316695 137724 0.265612 -23891.5230 28.426810 25623.570
F 1.905460718e+06 1347366 140473 1.512150 -27516.5809 28.426810 27644.162
F 1.949844600e+06 1378749 143912 0.368358 -22125.3742 28.426810 27644.162
F 1.995262315e+06 1410864 147127 0.193946 -20942.1553 28.426810 27644.162
F 2.041737945e+06 1443728 150951 0.961025 -11857.7524 28.426810 27644.162
F 2.089296131e+06 1477357 154706 1.245073 -4813.9993 28.426810 27644.162
F 2.137962090e+06 1511769 158651 1.215700 3981.2850 28.426810 27644.162
F 2.187761624e+06 1546983 162514 1.627192 10539.4000 28.426810 27644.162
F 2.238721139e+06 1583017 166467 1.808839 17360.6682 28.426810 27644.162
F 2.290867653e+06 1619894 170396 5.655034 22732.6602 28.426810 27644.162
F 2.344228815e+06 1657624 174243 3.615141 25766.8724 28.426810 27644.162
F 2.398832919e+06 1696231 178038 -0.316865 26877.4855 28.426810 27644.162
F 2.454708916e+06 1735743 181539 1.386987 22497.8986 28.426810 27644.162
R 2.480703974e+06 29.104905 1754152 183178 2.480439e+06
R 2.480704851e+06 30.484582 1754154 183178 2.480439e+06
R 2.480706698e+06 31.179078 1754156 183178 2.480439e+06
R 2.480707748e+06 32.436215 1754158 183178 2.480439e+06
R 2.480709122e+06 33.464634 1754160 183178 2.480439e+06
F 2.511886432e+06 1776172 185069 -0.222184 17350.2836 33.464634 27644.162
F 2.570395783e+06 1817545 188294 0.418778 6432.1578 33.464634 27644.162
F 2.630267992e+06 1859882 191807 1.373700 -1518.8996 33.464634 27644.162
F 2.691534804e+06 1903210 195301 7.195450 -11057.2919 33.464634 27644.162
F 2.754228703e+06 1947535 198798 0.914038 -21913.6511 33.464634 27644.162
F 2.818382931e+06 1992900 202744 2.024429 -27481.3180 33.464634 27644.162
F 2.884031503e+06 2039319 206733 0.474090 -33809.4727 33.464634 33962.695
F 2.951209227e+06 2086824 211028 3.650231 -37017.4815 33.464634 37038.601
F 3.019951720e+06 2135432 215924 3.366755 -32731.2611 33.464634 39091.568
F 3.090295433e+06 2185172 220736 2.850907 -31213.3438 33.464634 39091.568
S 3.162277660e+06 2236068 226025 2010042 33.464634 -0.270393 3.142876 -0.500000 1013.991124 1.609529e+06 26.510882 8 2.531565e-06 1.560179e-12 0 0 2.314496e-12 0 0 39091.568 -24088.382 111084 7072 225626 0 0.1 33.464634
F 3.162277660e+06 2236068 226025 -0.270393 -24088.3820 33.464634 39091.568
P   3.16e+06 2236069 226026 33.46 39091.6 8 -24073.7
F 3.235936569e+06 2288156 231651 3.015468 -13433.6469 33.464634 39091.568
F 3.311311215e+06 2341451 237636 0.092484 995.9737 33.464634 39091.568
F 3.388441561e+06 2395992 243342 1.701392 9618.4948 33.464634 39091.568
F 3.467368505e+06 2451802 249532 1.924684 23878.6218 33.464634 39091.568
F 3.548133892e+06 2508913 255218 3.171278 28826.2498 33.464634 39091.568
F 3.630780548e+06 2567351 261131 1.160827 35429.3125 33.464634 39091.568
F 3.715352291e+06 2627154 266889 2.907664 37900.1123 33.464634 39522.875
F 3.801893963e+06 2688357 272384 11.704372 34581.5074 33.464634 40290.182
F 3.890451450e+06 2750966 277884 1.104975 29418.3955 33.464634 40290.182
R 3.966277099e+06 34.274658 2804616 282321 3.965848e+06
R 3.966280903e+06 35.584164 2804620 282321 3.965848e+06
F 3.981071706e+06 2815058 283131 14.907733 18475.8024 35.899026 40290.182
F 4.073802778e+06 2880615 288321 1.137537 4675.9908 35.899026 40290.182
F 4.168693835e+06 2947716 293601 4.027897 -9783.8364 35.899026 40290.182
F 4.265795188e+06 3016376 299096 3.002508 -23052.6521 35.899026 40290.182
F 4.365158322e+06 3086635 304711 1.656384 -36621.4985 35.899026 40290.182
F 4.466835922e+06 3158533 310688 2.736560 -46802.0835 35.899026 47364.464
F 4.570881896e+06 3232106 317322 4.122337 -49176.9586 35.899026 50451.329
F 4.677351413e+06 3307389 324018 1.805073 -52874.5122 35.899026 55648.513
F 4.786300923e+06 3384436 331574 9.867494 -45682.9567 35.899026 55648.513
F 4.897788194e+06 3463263 339365 3.462537 -37210.5973 35.899026 55648.513
F 5.011872336e+06 3543933 347431 3.791687 -26922.7163 35.899026 55648.513
F 5.128613840e+06 3626483 356206 5.082817 -8158.5049 35.899026 55648.513
F 5.248074602e+06 3710952 364940 2.567508 7458.9105 35.899026 55648.513
F 5.370317964e+06 3797389 374027 0.457845 25987.4734 35.899026 55648.513
F 5.495408739e+06 3885843 383140 1.922668 42241.5221 35.899026 55648.513
F 5.623413252e+06 3976366 392074 12.063272 53012.2565 35.899026 55648.513
F 5.754399373e+06 4068980 400519 4.888540 53417.8354 35.899026 55648.513
F 5.888436554e+06 4163763 409130 9.289501 53548.8736 35.899026 59503.286
F 6.025595861e+06 4260740 417452 0.013285 46242.0644 35.899026 59503.286
F 6.165950019e+06 4359987 425701 1.636487 34807.6867 35.899026 59503.286
F 6.309573445e+06 4461542 433923 -0.462107 19882.7498 35.899026 59503.286
F 6.456542290e+06 4565466 441681 0.870585 -5467.2285 35.899026 59503.286
F 6.606934480e+06 4671814 450016 5.533390 -25034.9157 35.899026 59503.286
F 6.760829754e+06 4780629 458594 0.141662 -44079.3045 35.899026 59503.286
F 6.918309709e+06 4891984 467454 -0.002610 -62078.8473 35.899026 62077.813
F 7.079457844e+06 5005933 477124 0.058602 -70758.5419 35.899026 71246.530
F 7.244359601e+06 5122538 487349 1.908063 -74210.8471 35.899026 74749.702
F 7.413102413e+06 5241856 498207 0.721238 -71287.7722 35.899026 77745.809
F 7.585775750e+06 5363956 509624 2.233515 -63187.0203 35.899026 77745.809
F 7.762471166e+06 5488896 522075 -0.293340 -42466.8188 35.899026 77745.809
F 7.943282347e+06 5616750 534772 0.894492 -21628.9395 35.899026 77745.809
F 8.128305162e+06 5747582 547924 2.007757 2464.6103 35.899026 77745.809
F 8.317637711e+06 5881462 561285 3.678187 25906.4647 35.899026 77745.809
F 8.511380382e+06 6018469 574917 13.921720 49585.8521 35.899026 77745.809
F 8.709635900e+06 6158644 588612 1.100862 70037.6889 35.899026 77745.809
F 8.912509381e+06 6302102 601807 5.886174 78177.0092 35.899026 79578.467
F 9.120108394e+06 6448893 615203 2.216865 85117.6854 35.899026 85533.466
F 9.332543008e+06 6599106 627936 1.260456 76946.5032 35.899026 86545.776
F 9.549925860e+06 6752819 640323 1.371520 58533.7517 35.899026 86545.776
F 9.772372210e+06 6910121 652786 10.049449 36538.8392 35.899026 86545.776
S 1.000000000e+07 7071068 665217 6405850 35.899026 -0.104759 3.324855 -0.500000 1426.941484 9.687365e+06 23.743837 9 3.565884e-07 5.106837e-14 0 0 4.039615e-13 0 0 86545.776 9154.725 111989 7072 667314 0 0.4 35.899026
F 1.000000000e+07 7071068 665217 -0.104759 9154.7252 35.899026 86545.776
M 1.000000000e+07 7071068 -0.104759 /private/tmp/rh-s40-free-greedy/var_rsqrt2_th0.5_1e8.mom.1.000000e+07
P      1e+07 7071069 665218 35.90 86545.8 9 9170.3
F 1.023292992e+07 7235775 677953 0.567283 -18338.3738 35.899026 86545.776
F 1.047128548e+07 7404328 690808 10.736099 -49051.6429 35.899026 86545.776
F 1.071519305e+07 7576791 704319 5.038049 -74383.7878 35.899026 86545.776
R 1.092512872e+07 36.103639 7725269 715908 1.092475e+07
R 1.092512955e+07 37.517505 7725271 715908 1.092475e+07
R 1.092512962e+07 38.467296 7725272 715908 1.092475e+07
R 1.092514208e+07 39.657957 7725282 715908 1.092475e+07
R 1.092514434e+07 40.057123 7725284 715908 1.092475e+07
F 1.096478196e+07 7753272 717988 0.027946 -102503.5090 40.057123 103295.309
F 1.122018454e+07 7933870 733523 1.130573 -105893.0081 40.057123 106416.433
F 1.148153621e+07 8118673 749606 0.591063 -105978.5458 40.057123 109758.404
F 1.174897555e+07 8307782 766327 1.424134 -101356.9410 40.057123 109758.404
F 1.202264435e+07 8501303 784916 9.362133 -72193.8796 40.057123 109758.404
F 1.230268771e+07 8699317 803544 2.801872 -48302.1711 40.057123 109758.404
F 1.258925412e+07 8901947 823040 -0.249770 -16308.6910 40.057123 109758.404
F 1.288249552e+07 9109302 843378 1.768479 23238.1749 40.057123 109758.404
F 1.318256739e+07 9321488 863906 4.915326 59528.6753 40.057123 109758.404
F 1.348962883e+07 9538613 884389 4.688612 88550.0526 40.057123 109758.404
F 1.380384265e+07 9760794 904805 2.965668 109803.9166 40.057123 109884.925
F 1.412537545e+07 9988157 924889 7.942273 118767.9919 40.057123 122365.308
F 1.445439771e+07 10220807 944534 4.070195 113450.8109 40.057123 125020.296
F 1.479108388e+07 10458878 964675 1.993270 109110.7171 40.057123 125020.296
F 1.513561248e+07 10702496 983071 1.482003 68545.0994 40.057123 125020.296
F 1.548816619e+07 10951789 1002245 1.366632 33272.4462 40.057123 125020.296
F 1.584893192e+07 11206891 1021691 3.468650 -5253.0505 40.057123 125020.296
F 1.621810097e+07 11467931 1040911 1.530714 -55510.0717 40.057123 125020.296
R 1.655477739e+07 41.352220 11706037 1058997 1.655419e+07
R 1.655477760e+07 42.206481 11706038 1058997 1.655419e+07
R 1.655477833e+07 43.689726 11706040 1058997 1.655419e+07
R 1.655477849e+07 44.572520 11706041 1058997 1.655419e+07
F 1.659586907e+07 11735057 1061417 5.144932 -92531.4845 44.831680 125020.296
F 1.698243652e+07 12008398 1082779 1.679480 -123648.7705 44.831680 125020.296
F 1.737800829e+07 12288118 1105172 10.203504 -146094.5992 44.831680 146923.271
F 1.778279410e+07 12574336 1128720 1.410277 -157912.9783 44.831680 160192.585
F 1.819700859e+07 12867228 1154027 -0.461434 -149341.6950 44.831680 160192.585
F 1.862087137e+07 13166948 1180727 3.292161 -126448.2270 44.831680 160192.585
F 1.905460718e+07 13473643 1208984 0.757543 -86767.1905 44.831680 160192.585
F 1.949844600e+07 13787488 1238393 4.319618 -37243.9300 44.831680 160192.585
F 1.995262315e+07 14108636 1267838 0.575502 3189.3641 44.831680 160192.585
F 2.041737945e+07 14437278 1299186 10.246290 65716.1811 44.831680 160192.585
F 2.089296131e+07 14773559 1329860 4.086770 106894.9250 44.831680 160192.585
F 2.137962090e+07 15117688 1361280 12.793039 150240.2422 44.831680 160192.585
F 2.187761624e+07 15469812 1391697 0.907963 166019.9941 44.831680 169423.868
F 2.238721139e+07 15830150 1422347 0.724433 174847.8916 44.831680 186036.836
F 2.290867653e+07 16198893 1452323 12.186377 161078.8634 44.831680 186036.836
F 2.344228815e+07 16576203 1481678 1.787451 125302.0495 44.831680 186036.836
R 2.380783896e+07 45.331410 16834730 1501489 2.380701e+07
R 2.380783905e+07 46.266687 16834731 1501489 2.380701e+07
R 2.380786325e+07 47.158711 16834749 1501489 2.380701e+07
R 2.380787753e+07 48.058714 16834760 1501489 2.380701e+07
F 2.398832919e+07 16962311 1511450 0.467385 84840.9541 48.826959 186036.836
F 2.454708916e+07 17357416 1540620 2.505907 22167.6086 48.826959 186036.836
M 2.500000000e+07 17677671 1.177443 /private/tmp/rh-s40-free-greedy/var_rsqrt2_th0.5_1e8.mom.2.500000e+07
F 2.511886432e+07 17761723 1570248 3.414198 -45057.7113 48.826959 186036.836
F 2.570395783e+07 18175447 1600433 3.823815 -115467.2418 48.826959 186036.836
F 2.630267992e+07 18598807 1632663 3.373035 -163853.0267 48.826959 186036.836
F 2.691534804e+07 19032033 1666658 7.590544 -195295.7768 48.826959 196158.589
F 2.754228703e+07 19475341 1701609 2.776416 -223817.3956 48.826959 227324.824
F 2.818382931e+07 19928977 1739335 -0.119668 -218612.2306 48.826959 240039.624
F 2.884031503e+07 20393186 1778732 3.376942 -198759.8840 48.826959 240039.624
F 2.951209227e+07 20868203 1820222 2.138346 -157314.5002 48.826959 240039.624
F 3.019951720e+07 21354287 1864196 3.303584 -87804.0306 48.826959 240039.624
F 3.090295433e+07 21851693 1908712 4.145105 -23950.2257 48.826959 240039.624
S 3.162277660e+07 22360684 1955478 20405205 48.826959 3.932109 3.616319 -0.500000 1647.558800 1.501022e+07 36.588555 9 1.205468e-07 6.808214e-15 0 0 1.423405e-14 0 0 240039.624 63358.326 112032 7072 1968331 0 1.1 48.826959
F 3.162277660e+07 22360684 1955478 3.932109 63358.3257 48.826959 240039.624
P   3.16e+07 22360685 1955478 48.83 240039.6 9 63354.7
F 3.235936569e+07 22881530 2001963 2.790717 130148.2644 48.826959 240039.624
F 3.311311215e+07 23414515 2049010 8.560882 190532.3420 48.826959 240039.624
F 3.388441561e+07 23959905 2095989 4.649960 233365.1009 48.826959 240039.624
F 3.467368505e+07 24518004 2143658 5.882882 271228.7306 48.826959 273415.277
F 3.548133892e+07 25089101 2188173 5.348822 237050.8006 48.826959 273415.277
F 3.630780548e+07 25673497 2234209 1.244311 211548.4325 48.826959 273415.277
F 3.715352291e+07 26271510 2279565 1.712676 156032.4546 48.826959 273415.277
F 3.801893963e+07 26883455 2324095 4.679758 67373.4019 48.826959 273415.277
F 3.890451450e+07 27509651 2370097 4.685791 -14715.5227 48.826959 273415.277
F 3.981071706e+07 28150431 2416392 2.713370 -111198.0783 48.826959 273415.277
F 4.073802778e+07 28806137 2463748 1.011412 -209140.8479 48.826959 273415.277
F 4.168693835e+07 29477119 2514894 1.915014 -261161.5069 48.826959 273415.277
F 4.265795188e+07 30163728 2566727 0.661117 -322047.4941 48.826959 322191.923
F 4.365158322e+07 30866332 2622513 1.199876 -334812.1836 48.826959 340308.095
F 4.466835922e+07 31585302 2682252 2.001636 -299860.2665 48.826959 340308.095
F 4.570881896e+07 32321035 2744562 18.859411 -241904.7463 48.826959 340308.095
F 4.677351413e+07 33073878 2807780 8.686764 -190758.1514 48.826959 340308.095
F 4.786300923e+07 33844262 2876369 3.310979 -68038.6611 48.826959 340308.095
F 4.897788194e+07 34632593 2945329 0.261410 37466.3806 48.826959 340308.095
M 5.000000000e+07 35355348 8.647779 /private/tmp/rh-s40-free-greedy/var_rsqrt2_th0.5_1e8.mom.5.000000e+07
F 5.011872336e+07 35439291 3015460 1.552910 139356.2111 48.826959 340308.095
F 5.128613840e+07 36264778 3087685 1.464206 253361.8400 48.826959 340308.095
F 5.248074602e+07 37109493 3158380 1.311116 314641.1861 48.826959 340308.095
F 5.370317964e+07 37973885 3229828 2.214487 363152.9395 48.826959 364449.216
F 5.495408739e+07 38858408 3300411 -0.137284 369462.9125 48.826959 387143.268
F 5.623413252e+07 39763540 3370782 3.268754 344415.9353 48.826959 387143.268
F 5.754399373e+07 40689750 3439435 1.521440 260491.7935 48.826959 387143.268
F 5.888436554e+07 41637536 3509704 1.531046 176580.2169 48.826959 387143.268
F 6.025595861e+07 42607403 3578147 5.768893 30412.1567 48.826959 387143.268
F 6.165950019e+07 43599862 3648285 11.000908 -115841.9724 48.826959 387143.268
F 6.309573445e+07 44615425 3722415 3.014967 -221533.4921 48.826959 387143.268
F 6.456542290e+07 45654651 3797202 2.341889 -347084.0782 48.826959 387143.268
F 6.606934480e+07 46718088 3875647 5.969937 -439344.0070 48.826959 439423.634
F 6.760829754e+07 47806297 3959567 11.052662 -466235.4490 48.826959 479556.830
F 6.918309709e+07 48919842 4046590 4.609941 -470977.3527 48.826959 493970.252
F 7.079457844e+07 50059335 4139421 8.222061 -405457.9710 48.826959 493970.252
F 7.244359601e+07 51225368 4235067 9.716665 -324506.5304 48.826959 493970.252
F 7.413102413e+07 52418551 4336826 0.848415 -169008.4009 48.826959 493970.252
F 7.585775750e+07 53639536 4439879 0.971189 -26936.2771 48.826959 493970.252
F 7.762471166e+07 54888963 4546597 2.702642 143792.8814 48.826959 493970.252
F 7.943282347e+07 56167494 4653442 5.580959 278109.1232 48.826959 493970.252
F 8.128305162e+07 57475806 4762985 8.713607 421837.8566 48.826959 493970.252
F 8.317637711e+07 58814582 4872042 1.417907 516239.5194 48.826959 516517.028
F 8.511380382e+07 60184550 4979675 1.853235 543047.3686 48.826959 546226.796
F 8.709635900e+07 61586426 5087445 -0.355346 529742.9299 48.826959 547708.007
F 8.912509381e+07 63020961 5192856 2.497782 429552.8253 48.826959 547708.007
F 9.120108394e+07 64488910 5301201 4.804687 338249.6804 48.826959 547708.007
F 9.332543008e+07 65991050 5405989 5.240601 135911.5121 48.826959 547708.007
F 9.549925860e+07 67528177 5514311 3.351243 -48662.2530 48.826959 547708.007
F 9.772372210e+07 69101109 5624598 2.130532 -245172.0586 48.826959 547708.007
S 1.000000000e+08 70710683 5737978 64972704 48.826959 4.588452 3.875513 -0.500000 2196.273662 9.874109e+07 36.446945 10 1.545708e-07 2.208346e-15 0 0 2.764061e-15 4 0 547708.007 -434013.769 112033 7072 3521737 0 3.2 48.066219
F 1.000000000e+08 70710683 5737978 4.588452 -434013.7689 48.826959 547708.007
M 1.000000000e+08 70710683 4.588452 /private/tmp/rh-s40-free-greedy/var_rsqrt2_th0.5_1e8.mom.1.000000e+08
# windows 55
# done N=70710683 pi=5737978 C=64972704 supE=48.826958705 minEbefore=-0.500000000 skviol=0 supPsi=547708.007 nS=112033 nP_small=1223 nL=5736755 nM=7072 LDbytes=3521737 time=3.2
