# s8gen mode=rule X=1.000000e+08 theta=0.500000 rho=0.80000000000000004-4.440892e-17 t=1.25+0.000000e+00 B=10000.000000
# S cols: x N pi C supE E(x) meanE_win minEbefore_win maxPrimeGap_win gapStart gapPeakE maxClu_win minGapAbs minGapRel ties misorders minDecisionMargin_rel ambig_double skorokhodViol supPsi psi-x nS nM nLDbytes heap time wMaxE
R 4.291015625e+00 1.367188 5 2 4.125000e+00
R 6.972900391e+00 2.221680 8 3 6.625000e+00
S 1.000000000e+01 8 3 4 2.221680 -0.200000 0.513037 -0.500000 2.500000 1.625000e+00 0.687500 3 7.812500e-02 1.165501e-02 0 0 1.179245e-02 0 0 1.939 -4.750 8 0 0 0 0.0 2.221680
F 1.000000000e+01 8 3 -0.200000 -4.7501 2.221680 1.939
F 1.023292992e+01 8 3 -0.386344 -4.9830 2.221680 1.939
P         10 9 4 2.22 2.8 3 -2.8
F 1.047128548e+01 9 4 0.422972 -2.8819 2.221680 2.786
F 1.071519305e+01 9 4 0.227846 -3.1258 2.221680 2.786
F 1.096478196e+01 11 4 2.028174 -3.3754 2.221680 3.303
F 1.122018454e+01 11 4 1.823852 -3.6308 2.221680 3.303
F 1.148153621e+01 12 4 2.614771 -3.4067 2.735229 3.303
F 1.174897555e+01 12 4 2.400820 -3.6741 2.735229 3.303
F 1.202264435e+01 12 4 2.181885 -3.9478 2.735229 3.303
F 1.230268771e+01 12 4 1.957850 -4.2278 2.735229 3.303
F 1.258925412e+01 12 4 1.728597 -4.5144 2.735229 3.303
F 1.288249552e+01 12 4 1.494004 -4.8076 2.735229 3.303
F 1.318256739e+01 12 4 1.253946 -5.1077 2.735229 3.303
F 1.348962883e+01 12 4 1.008297 -5.4148 2.735229 3.303
F 1.380384265e+01 12 4 0.756926 -5.7290 2.735229 3.303
F 1.412537545e+01 12 4 0.499700 -6.0505 2.735229 3.303
F 1.445439771e+01 12 4 0.236482 -6.3795 2.735229 3.303
F 1.479108388e+01 12 4 -0.032867 -6.7162 2.735229 3.303
F 1.513561248e+01 12 4 -0.308490 -7.0608 2.735229 3.303
F 1.548816619e+01 13 5 0.409467 -4.6806 2.735229 4.567
F 1.584893192e+01 13 5 0.120854 -5.0413 2.735229 4.567
F 1.621810097e+01 13 5 -0.174481 -5.4105 2.735229 4.567
F 1.659586907e+01 13 5 -0.476695 -5.7883 2.735229 4.567
F 1.698243652e+01 15 6 1.214051 -3.3639 2.735229 4.567
F 1.737800829e+01 16 6 1.897593 -2.3424 2.735229 4.567
R 1.770043945e+01 3.639648 18 6 1.662500e+01
F 1.778279410e+01 18 6 3.573765 -2.7472 3.639648 4.567
F 1.819700859e+01 18 6 3.242393 -3.1614 3.639648 4.567
R 1.841281509e+01 4.069748 19 6 1.662500e+01
F 1.862087137e+01 19 6 3.903303 -3.0998 4.069748 4.567
F 1.905460718e+01 19 6 3.556314 -3.5335 4.069748 4.567
F 1.949844600e+01 19 6 3.201243 -3.9774 4.069748 4.567
F 1.995262315e+01 19 6 2.837901 -4.4315 4.069748 4.567
F 2.041737945e+01 19 6 2.466096 -4.8963 4.069748 4.567
F 2.089296131e+01 19 6 2.085631 -5.3719 4.069748 4.567
F 2.137962090e+01 19 6 1.696303 -5.8585 4.069748 4.567
F 2.187761624e+01 19 6 1.297907 -6.3565 4.069748 4.567
F 2.238721139e+01 19 6 0.890231 -6.8661 4.069748 4.567
F 2.290867653e+01 19 6 0.473059 -7.3876 4.069748 4.567
F 2.344228815e+01 19 6 0.046169 -7.9212 4.069748 4.567
F 2.398832919e+01 19 6 -0.390663 -8.4673 4.069748 4.567
F 2.454708916e+01 20 7 0.162329 -5.8428 4.069748 5.421
F 2.511886432e+01 21 7 0.704909 -6.4145 4.069748 6.280
F 2.570395783e+01 21 7 0.236834 -6.9996 4.069748 6.280
F 2.630267992e+01 21 7 -0.242144 -7.5984 4.069748 6.280
F 2.691534804e+01 22 8 0.267722 -4.9292 4.069748 6.280
F 2.754228703e+01 25 8 2.766170 -5.5561 4.069748 6.280
F 2.818382931e+01 26 8 3.252937 -6.1977 4.069748 6.280
F 2.884031503e+01 28 8 4.727748 -6.8541 4.789429 6.777
F 2.951209227e+01 28 8 4.190326 -7.5259 4.789429 6.777
S 3.162277660e+01 29 8 20 4.863340 3.501779 1.741330 -0.500000 7.500000 1.662500e+01 4.069748 4 6.835938e-02 2.495188e-03 0 0 1.409774e-02 0 0 7.449 -9.151 29 0 0 0 0.0 4.863340
F 3.019951720e+01 29 8 4.640386 -7.7278 4.863340 7.449
F 3.090295433e+01 29 8 4.077637 -8.4313 4.863340 7.449
F 3.162277660e+01 29 8 3.501779 -9.1511 4.863340 7.449
F 3.235936569e+01 29 8 2.912507 -9.8877 4.863340 7.449
F 3.311311215e+01 29 8 2.309510 -10.6414 4.863340 7.449
F 3.388441561e+01 29 8 1.692468 -11.4127 4.863340 7.449
F 3.467368505e+01 29 8 1.061052 -12.2020 4.863340 7.449
F 3.548133892e+01 29 8 0.414929 -13.0097 4.863340 7.449
F 3.630780548e+01 29 8 -0.246244 -13.8361 4.863340 7.449
P       31.6 30 9 4.86 10.6 4 -10.6
F 3.715352291e+01 30 9 0.077182 -11.0811 4.863340 10.553
F 3.801893963e+01 31 10 0.384848 -8.3122 4.863340 10.553
F 3.890451450e+01 31 10 -0.323612 -9.1978 4.863340 10.553
F 3.981071706e+01 33 11 0.951426 -6.4372 4.863340 10.553
F 4.073802778e+01 34 11 1.209578 -7.3646 4.863340 10.553
F 4.168693835e+01 34 11 0.450449 -8.3135 4.863340 10.553
F 4.265795188e+01 34 11 -0.326362 -9.2845 4.863340 10.553
F 4.365158322e+01 36 11 0.878733 -10.2781 4.863340 10.553
F 4.466835922e+01 40 11 4.065313 -9.4040 4.863340 10.553
F 4.570881896e+01 41 11 4.232945 -10.4445 4.863340 10.553
R 4.674022293e+01 5.407822 43 11 3.912500e+01
F 4.677351413e+01 43 11 5.381189 -11.5092 5.407822 11.476
F 4.786300923e+01 43 11 4.509593 -12.5987 5.407822 11.476
F 4.897788194e+01 44 11 4.617694 -13.2281 5.407822 12.872
F 5.011872336e+01 44 11 3.705021 -14.3689 5.407822 12.872
F 5.128613840e+01 44 11 2.771089 -15.5363 5.407822 12.872
F 5.248074602e+01 44 11 1.815403 -16.7309 5.407822 12.872
F 5.370317964e+01 44 11 0.837456 -17.9534 5.407822 12.872
F 5.495408739e+01 44 11 -0.163270 -19.2043 5.407822 12.872
F 5.623413252e+01 45 12 -0.187306 -16.4702 5.407822 15.611
F 5.754399373e+01 46 13 -0.235195 -13.7436 5.407822 15.611
F 5.888436554e+01 47 14 -0.307492 -11.0257 5.407822 15.611
F 6.025595861e+01 49 15 0.595233 -8.3176 5.407822 15.611
F 6.165950019e+01 50 15 0.472400 -9.7212 5.407822 15.611
F 6.309573445e+01 51 16 0.323412 -7.0162 5.407822 15.611
F 6.456542290e+01 54 16 2.147662 -8.4859 5.407822 15.611
F 6.606934480e+01 55 16 1.944524 -9.9898 5.407822 15.611
F 6.760829754e+01 55 16 0.713362 -11.5288 5.407822 15.611
F 6.918309709e+01 57 16 1.453522 -13.1036 5.407822 15.611
F 7.079457844e+01 60 16 3.164337 -13.2980 5.407822 15.611
F 7.244359601e+01 64 16 5.845123 -14.9470 5.924927 15.611
R 7.301431274e+01 6.388550 65 16 6.287500e+01
F 7.413102413e+01 65 16 5.495181 -16.6345 6.388550 15.611
F 7.585775750e+01 66 16 5.113794 -18.3612 6.388550 17.571
F 7.762471166e+01 67 16 4.700231 -20.1282 6.388550 18.456
F 7.943282347e+01 68 16 4.253741 -21.4508 6.388550 21.028
F 8.128305162e+01 68 16 2.773559 -23.3010 6.388550 21.028
F 8.317637711e+01 68 16 1.258898 -25.1943 6.388550 21.028
F 8.511380382e+01 68 16 -0.291043 -27.1317 6.388550 21.028
F 8.709635900e+01 70 18 0.122913 -20.2056 6.388550 22.946
F 8.912509381e+01 72 20 0.499925 -13.2684 6.388550 22.946
F 9.120108394e+01 73 20 -0.160867 -15.3444 6.388550 22.946
F 9.332543008e+01 75 21 0.139656 -12.9511 6.388550 22.946
F 9.549925860e+01 77 22 0.400593 -10.5671 6.388550 22.946
F 9.772372210e+01 79 22 0.621022 -12.7915 6.388550 22.946
S 1.000000000e+02 81 23 57 6.388550 0.800000 1.695087 -0.500000 22.500000 6.287500e+01 6.388550 4 9.765625e-03 2.224496e-04 0 0 8.300133e-04 0 0 22.946 -10.471 81 0 0 0 0.0 6.388550
F 1.000000000e+02 81 23 0.800000 -10.4714 6.388550 22.946
P        100 82 23 6.39 22.9 4 -10.5
F 1.023292992e+02 84 23 1.936561 -12.8007 6.388550 22.946
F 1.047128548e+02 87 23 3.029716 -15.1843 6.388550 22.946
F 1.071519305e+02 87 23 1.078456 -17.6234 6.388550 22.946
F 1.096478196e+02 89 23 1.081744 -17.7799 6.388550 22.946
F 1.122018454e+02 93 23 3.038524 -20.3339 6.388550 22.946
F 1.148153621e+02 97 23 4.947710 -22.9474 6.388550 22.946
F 1.174897555e+02 100 23 5.808196 -25.6218 6.388550 25.397
F 1.202264435e+02 102 23 5.618845 -28.3585 6.881393 26.780
F 1.230268771e+02 103 23 4.378498 -31.1589 6.881393 30.117
F 1.258925412e+02 104 23 3.085967 -34.0246 6.881393 31.555
F 1.288249552e+02 105 23 1.740036 -36.4715 6.881393 36.037
F 1.318256739e+02 106 24 0.339461 -34.5922 6.881393 36.037
F 1.348962883e+02 108 26 -0.117031 -27.8747 6.881393 36.037
F 1.380384265e+02 111 29 0.369259 -16.2652 6.881393 36.037
F 1.412537545e+02 114 30 0.796996 -14.5362 6.881393 36.037
F 1.445439771e+02 116 31 0.164818 -12.8557 6.881393 36.037
F 1.479108388e+02 119 32 0.471329 -11.2262 6.881393 36.037
F 1.513561248e+02 122 32 0.715100 -14.6715 6.881393 36.037
F 1.548816619e+02 124 33 -0.105330 -13.1593 6.881393 36.037
F 1.584893192e+02 128 33 1.008545 -16.7669 6.881393 36.037
F 1.621810097e+02 133 33 3.055192 -20.4586 6.881393 36.037
F 1.659586907e+02 135 33 2.033047 -24.2363 6.881393 36.037
F 1.698243652e+02 139 33 2.940508 -28.1020 6.881393 36.037
F 1.737800829e+02 140 33 0.775934 -32.0577 6.881393 36.037
F 1.778279410e+02 144 33 1.537647 -36.1056 6.881393 36.037
F 1.819700859e+02 149 33 3.223931 -40.2477 6.881393 39.779
F 1.862087137e+02 153 33 3.833029 -44.4863 6.881393 43.931
F 1.905460718e+02 155 33 2.363143 -48.8237 6.881393 46.655
F 1.949844600e+02 158 33 1.812432 -53.2621 6.881393 51.081
F 1.995262315e+02 160 34 0.179015 -52.5162 6.881393 51.215
F 2.041737945e+02 164 37 0.460964 -41.2323 6.881393 51.215
F 2.089296131e+02 168 40 0.656310 -29.5099 6.881393 51.215
F 2.137962090e+02 171 43 -0.236967 -18.3121 6.881393 51.215
F 2.187761624e+02 176 45 0.779070 -12.5357 6.881393 51.215
F 2.238721139e+02 179 46 -0.297691 -12.2307 6.881393 51.215
F 2.290867653e+02 186 48 2.530588 -6.5988 6.881393 51.215
F 2.344228815e+02 189 48 1.261695 -11.9349 6.881393 51.215
F 2.398832919e+02 193 48 0.893366 -14.6626 6.881393 51.215
F 2.454708916e+02 198 48 1.423287 -20.2502 6.881393 51.215
F 2.511886432e+02 203 48 1.849085 -25.9679 6.881393 51.215
F 2.570395783e+02 208 48 2.168337 -31.8189 6.881393 51.215
F 2.630267992e+02 216 48 5.378561 -37.8061 6.881393 51.215
F 2.691534804e+02 218 48 2.477216 -43.9328 6.881393 51.215
F 2.754228703e+02 222 48 1.461704 -50.2021 6.881393 51.215
F 2.818382931e+02 226 49 0.329365 -48.1661 6.881393 52.255
F 2.884031503e+02 233 50 2.077480 -49.0859 6.881393 52.255
F 2.951209227e+02 240 50 3.703262 -52.4958 6.881393 52.315
F 3.019951720e+02 244 50 2.203862 -59.3700 6.881393 59.062
F 3.090295433e+02 247 51 -0.423635 -60.6829 6.881393 59.062
S 3.162277660e+02 253 54 198 6.881393 -0.182213 1.651717 -0.500000 53.750000 2.278750e+02 5.573242 4 9.765625e-03 3.452157e-05 0 0 3.452276e-05 0 0 59.062 -50.648 253 0 0 0 0.0 6.881393
F 3.162277660e+02 253 54 -0.182213 -50.6478 6.881393 59.062
P        316 254 55 6.88 59.1 4 -45.3
F 3.235936569e+02 259 58 -0.074926 -34.9592 6.881393 59.062
F 3.311311215e+02 265 61 -0.104897 -25.1341 6.881393 59.062
F 3.388441561e+02 271 63 -0.275325 -21.2279 6.881393 59.062
F 3.467368505e+02 278 66 0.410520 -11.1267 6.881393 59.062
F 3.548133892e+02 285 67 0.949289 -13.3478 6.881393 59.062
F 3.630780548e+02 291 68 0.337556 -15.7358 6.881393 59.062
F 3.715352291e+02 301 69 3.571817 -18.2921 6.881393 59.062
F 3.801893963e+02 307 69 2.648483 -26.9462 6.881393 59.062
F 3.890451450e+02 313 69 1.563884 -35.8020 6.881393 59.062
F 3.981071706e+02 321 69 2.314264 -44.8640 6.881393 59.062
F 4.073802778e+02 328 70 1.895778 -48.1323 6.881393 59.062
F 4.168693835e+02 338 70 4.304493 -57.6214 6.881393 59.062
F 4.265795188e+02 346 70 4.536385 -67.3315 6.881393 66.924
F 4.365158322e+02 349 71 -0.412666 -71.1916 6.881393 70.051
F 4.466835922e+02 359 74 1.453126 -63.1022 6.881393 70.051
F 4.570881896e+02 367 76 1.129448 -61.2784 6.881393 70.051
F 4.677351413e+02 376 76 1.611887 -71.9253 6.881393 70.358
F 4.786300923e+02 385 79 1.895926 -64.3307 6.881393 70.652
F 4.897788194e+02 393 83 0.976945 -50.7295 6.881393 70.652
F 5.011872336e+02 401 87 -0.149787 -37.3142 6.881393 70.652
F 5.128613840e+02 411 91 0.510893 -24.0749 6.881393 70.652
F 5.248074602e+02 420 94 -0.045968 -17.2742 6.881393 70.652
F 5.370317964e+02 430 98 0.174563 -4.4090 6.881393 70.652
F 5.495408739e+02 441 101 1.167301 1.9702 6.881393 70.652
F 5.623413252e+02 451 102 0.926940 -4.0296 6.881393 70.652
F 5.754399373e+02 463 102 2.448050 -17.1283 6.881393 70.652
F 5.888436554e+02 474 102 2.725076 -27.3487 6.881393 70.652
F 6.025595861e+02 487 102 4.752331 -41.0647 6.881393 70.652
F 6.165950019e+02 497 102 3.523999 -55.1001 6.881393 70.652
F 6.309573445e+02 507 102 2.034124 -69.4624 6.881393 70.652
F 6.456542290e+02 519 102 2.276617 -84.1593 6.881393 82.972
F 6.606934480e+02 531 104 2.245242 -86.2358 6.881393 86.784
F 6.760829754e+02 544 104 2.933620 -101.6253 6.881393 100.511
F 6.918309709e+02 555 107 1.335223 -97.7834 6.881393 102.431
F 7.079457844e+02 567 115 0.443372 -61.4658 6.881393 102.431
F 7.244359601e+02 580 115 0.251232 -74.6741 6.881393 102.431
F 7.413102413e+02 594 118 0.751807 -71.7729 6.881393 102.431
F 7.585775750e+02 608 122 0.937940 -62.5731 6.881393 102.431
F 7.762471166e+02 621 129 -0.197693 -33.7472 6.881393 102.431
F 7.943282347e+02 636 135 0.337412 -11.8203 6.881393 102.431
F 8.128305162e+02 650 140 -0.464413 3.1277 6.881393 102.431
F 8.317637711e+02 666 144 0.388983 11.0410 6.881393 102.431
F 8.511380382e+02 682 147 0.889569 11.8608 6.881393 102.431
F 8.709635900e+02 699 149 2.029128 5.5601 6.881393 102.431
F 8.912509381e+02 718 149 4.799249 -14.7273 6.881393 102.431
F 9.120108394e+02 734 149 4.191329 -35.0017 6.881393 102.431
R 9.158144531e+02 7.148438 740 149 8.653750e+02
F 9.332543008e+02 752 149 5.196559 -56.2451 7.148438 102.431
R 9.462832031e+02 8.773438 766 149 8.653750e+02
F 9.549925860e+02 771 149 6.805931 -77.9834 8.773438 102.431
F 9.772372210e+02 786 149 4.010223 -100.2280 8.773438 102.431
S 1.000000000e+03 803 149 653 8.773438 2.800000 1.965554 -0.500000 97.500000 5.528750e+02 6.578003 5 0.000000e+00 0.000000e+00 1 0 9.001872e-05 0 0 121.023 -122.991 803 0 0 0 0.0 8.773438
F 1.000000000e+03 803 149 2.800000 -122.9908 8.773438 121.023
P      1e+03 804 149 8.77 123.9 5 -123.9
F 1.023292992e+03 820 153 1.165606 -118.5770 8.773438 137.347
F 1.047128548e+03 839 155 1.097162 -128.5409 8.773438 137.347
F 1.071519305e+03 861 160 3.584556 -118.1199 8.773438 137.347
F 1.096478196e+03 878 164 0.617443 -115.0903 8.773438 137.347
F 1.122018454e+03 899 173 1.185237 -75.1882 8.773438 137.347
F 1.148153621e+03 919 178 0.277103 -66.1608 8.773438 137.347
F 1.174897555e+03 943 182 2.881956 -64.6810 8.773438 137.347
F 1.202264435e+03 962 187 -0.011548 -55.2260 8.773438 137.347
F 1.230268771e+03 985 195 0.584983 -26.3988 8.773438 137.347
F 1.258925412e+03 1009 205 1.659671 16.2142 8.773438 137.347
F 1.288249552e+03 1031 212 0.200359 36.9548 8.773438 137.347
F 1.318256739e+03 1056 215 1.194609 28.4492 8.773438 137.347
F 1.348962883e+03 1080 216 0.629694 8.5379 8.773438 137.347
F 1.380384265e+03 1108 216 3.492588 -22.8835 8.773438 137.347
F 1.412537545e+03 1135 216 4.769964 -55.0367 8.773438 137.347
F 1.445439771e+03 1164 216 7.448183 -84.3047 8.773438 137.347
R 1.460967041e+03 9.026367 1178 216 1.331625e+03
F 1.479108388e+03 1189 216 5.513289 -117.4878 9.026367 137.347
F 1.513561248e+03 1217 216 5.951001 -151.9406 9.026367 151.674
F 1.548816619e+03 1244 216 4.746705 -183.5292 9.026367 182.805
F 1.584893192e+03 1270 221 1.885446 -182.7963 9.026367 197.555
F 1.621810097e+03 1299 227 1.351922 -175.4079 9.026367 198.169
F 1.659586907e+03 1330 238 2.130474 -131.7713 9.026367 198.169
F 1.698243652e+03 1360 241 1.205078 -148.1500 9.026367 198.169
F 1.737800829e+03 1393 250 2.559337 -120.6715 9.026367 198.169
F 1.778279410e+03 1424 263 1.176472 -63.9670 9.026367 198.169
F 1.819700859e+03 1456 271 0.039313 -45.4178 9.026367 198.169
F 1.862087137e+03 1490 278 0.130291 -35.1558 9.026367 198.169
F 1.905460718e+03 1525 282 0.431426 -48.3652 9.026367 198.169
F 1.949844600e+03 1561 295 0.924320 7.4309 9.026367 198.169
F 1.995262315e+03 1597 307 0.590148 53.0434 9.026367 198.169
F 2.041737945e+03 1634 313 0.409644 52.2010 9.026367 198.169
F 2.089296131e+03 1673 316 1.363095 27.5383 9.026367 198.169
F 2.137962090e+03 1717 316 6.430328 -21.1277 9.026367 198.169
F 2.187761624e+03 1756 316 5.590701 -70.9272 9.026367 198.169
F 2.238721139e+03 1798 316 6.823089 -121.8867 9.026367 198.169
F 2.290867653e+03 1838 316 5.105878 -174.0333 9.026367 198.169
F 2.344228815e+03 1882 316 6.416948 -227.3944 9.026367 224.426
F 2.398832919e+03 1921 317 1.733665 -273.7322 9.026367 274.071
F 2.454708916e+03 1965 326 1.032867 -259.4359 9.026367 285.436
F 2.511886432e+03 2011 335 1.290855 -246.2304 9.026367 285.436
F 2.570395783e+03 2057 351 0.483374 -179.2907 9.026367 285.436
F 2.630267992e+03 2105 362 0.585606 -152.6531 9.026367 285.436
F 2.691534804e+03 2157 373 3.572157 -127.1924 9.026367 285.436
F 2.754228703e+03 2205 383 1.417037 -110.7705 9.026367 285.436
F 2.818382931e+03 2256 401 1.093655 -32.1475 9.026367 285.436
F 2.884031503e+03 2308 416 0.574797 21.5216 9.026367 285.436
F 2.951209227e+03 2361 420 -0.167381 -13.7281 9.026367 285.436
F 3.019951720e+03 2416 433 -0.161376 21.4999 9.026367 285.436
F 3.090295433e+03 2474 447 1.563654 67.4879 9.026367 285.436
S 3.162277660e+03 2531 457 2073 9.026367 0.977872 1.954030 -0.500000 307.500000 2.086625e+03 8.812500 6 0.000000e+00 0.000000e+00 9 0 4.452692e-08 0 0 285.436 75.932 2531 0 0 0 0.0 9.026367
F 3.162277660e+03 2531 457 0.977872 75.9325 9.026367 285.436
P   3.16e+03 2532 458 9.03 285.4 6 82.1
F 3.235936569e+03 2594 461 5.050745 38.5819 9.026367 285.436
F 3.311311215e+03 2654 461 4.751028 -36.7927 9.312500 285.436
R 3.367168213e+03 10.065430 2704 461 3.222875e+03
F 3.388441561e+03 2716 461 5.046751 -109.8648 10.164062 285.436
R 3.395970703e+03 11.023438 2728 461 3.222875e+03
R 3.414671875e+03 12.062500 2744 461 3.222875e+03
R 3.449037109e+03 13.570312 2773 461 3.222875e+03
F 3.467368505e+03 2783 461 8.905196 -188.7917 13.570312 285.436
F 3.548133892e+03 2848 461 9.292886 -265.4775 13.570312 285.436
F 3.630780548e+03 2910 461 5.175562 -348.1241 13.570312 347.924
F 3.715352291e+03 2973 469 0.518167 -364.2638 13.570312 381.002
F 3.801893963e+03 3043 478 1.284829 -376.6870 13.570312 395.316
F 3.890451450e+03 3113 497 0.438840 -307.9169 13.570312 395.316
F 3.981071706e+03 3186 512 0.942636 -270.2222 13.570312 395.316
F 4.073802778e+03 3260 531 0.757778 -205.2240 13.570312 395.316
F 4.168693835e+03 3335 553 -0.155068 -116.9837 13.570312 395.316
F 4.265795188e+03 3414 567 1.163850 -97.2443 13.570312 395.316
F 4.365158322e+03 3495 582 2.673342 -71.1047 13.570312 395.316
F 4.466835922e+03 3574 608 0.331263 45.4641 13.570312 395.316
F 4.570881896e+03 3660 625 3.094483 84.4625 13.570312 395.316
F 4.677351413e+03 3742 638 -0.081130 90.5045 13.570312 395.316
F 4.786300923e+03 3829 654 -0.240739 117.0037 13.570312 395.316
F 4.897788194e+03 3918 662 -0.430555 73.3901 13.570312 395.316
F 5.011872336e+03 4015 669 5.302131 20.2606 13.570312 395.316
F 5.128613840e+03 4113 674 9.908928 -53.8596 13.570312 395.316
F 5.248074602e+03 4205 674 6.340318 -173.3204 13.709356 395.316
R 5.327832275e+03 14.534180 4277 674 5.044125e+03
R 5.328167511e+03 15.265991 4278 674 5.044125e+03
F 5.370317964e+03 4307 674 10.545629 -295.5638 15.812500 395.316
F 5.495408739e+03 4403 674 6.473009 -420.6545 15.812500 419.968
F 5.623413252e+03 4501 679 2.069398 -505.5202 15.812500 504.920
F 5.754399373e+03 4604 692 0.280501 -524.0700 15.812500 557.784
F 5.888436554e+03 4715 714 4.050757 -467.3801 15.812500 557.784
F 6.025595861e+03 4824 739 3.323311 -387.2048 15.812500 557.784
F 6.165950019e+03 4933 760 0.039985 -344.4819 15.812500 557.784
F 6.309573445e+03 5048 787 0.141244 -251.6877 15.812500 557.784
F 6.456542290e+03 5166 820 0.566168 -109.4767 15.812500 557.784
F 6.606934480e+03 5286 851 0.252416 12.5036 15.812500 557.784
F 6.760829754e+03 5411 873 2.136197 52.3259 15.812500 557.784
F 6.918309709e+03 5535 892 0.152233 62.7058 15.812500 557.784
F 7.079457844e+03 5664 920 0.233725 149.4497 15.812500 557.784
F 7.244359601e+03 5798 956 2.312319 304.0934 15.812500 557.784
F 7.413102413e+03 5931 959 0.318070 166.5249 15.812500 557.784
F 7.585775750e+03 6073 970 4.179400 96.3930 15.812500 557.784
F 7.762471166e+03 6215 976 4.823067 -22.1582 15.812500 557.784
F 7.943282347e+03 6361 983 6.174122 -135.7048 15.812500 557.784
F 8.128305162e+03 6507 986 4.155871 -293.7395 15.812500 557.784
F 8.317637711e+03 6660 986 5.689831 -483.0720 15.812500 557.784
F 8.511380382e+03 6813 992 3.695694 -618.0163 15.812500 646.692
F 8.709635900e+03 6968 996 0.091280 -780.0221 15.812500 779.044
F 8.912509381e+03 7130 1024 -0.207505 -728.5680 15.812500 779.044
F 9.120108394e+03 7300 1055 3.713285 -649.3286 15.812500 779.044
F 9.332543008e+03 7471 1090 4.765594 -542.2209 15.812500 779.044
F 9.549925860e+03 7641 1124 0.859312 -448.4085 15.812500 779.044
F 9.772372210e+03 7820 1171 1.902232 -239.5996 15.812500 779.044
S 1.000000000e+04 8002 1214 6787 15.812500 1.800000 2.914013 -0.500000 525.000000 5.044125e+03 15.812500 6 0.000000e+00 0.000000e+00 72 0 7.607248e-07 0 0 779.044 -67.035 8002 0 0 0 0.0 15.812500
F 1.000000000e+04 8002 1214 1.800000 -67.0355 15.812500 779.044
P      1e+04 8003 1214 15.81 779.0 6 -67.5
F 1.023292992e+04 8187 1252 0.456062 50.9924 15.812500 779.044
F 1.047128548e+04 8379 1295 1.771616 210.1150 15.812500 779.044
F 1.071519305e+04 8575 1325 2.645558 244.2199 15.812500 779.044
F 1.096478196e+04 8774 1345 1.974431 180.3981 15.812500 779.044
F 1.122018454e+04 8977 1390 0.652366 344.1036 15.812500 779.044
F 1.148153621e+04 9190 1418 4.571028 344.1074 15.812500 779.044
R 1.174323587e+04 16.211304 9411 1425 1.155538e+04
R 1.174842188e+04 17.062500 9416 1425 1.155538e+04
F 1.174897555e+04 9416 1425 16.619560 144.4842 17.062500 779.044
R 1.175202539e+04 18.179688 9420 1425 1.155538e+04
R 1.175202539e+04 19.179688 9421 1425 1.155538e+04
F 1.202264435e+04 9621 1428 2.684523 -101.0035 19.179688 779.044
F 1.230268771e+04 9845 1431 2.649834 -352.8015 19.179688 779.044
F 1.258925412e+04 10077 1446 5.396706 -497.9673 19.179688 779.044
F 1.288249552e+04 10315 1454 8.803586 -713.7366 19.179688 779.044
F 1.318256739e+04 10550 1467 3.746092 -890.5980 19.179688 888.279
F 1.348962883e+04 10794 1486 2.096939 -1017.1562 19.179688 1055.902
F 1.380384265e+04 11043 1529 -0.274117 -921.8328 19.179688 1095.326
F 1.412537545e+04 11301 1565 0.499643 -896.4980 19.179688 1095.326
F 1.445439771e+04 11565 1615 1.281834 -747.2096 19.179688 1095.326
F 1.479108388e+04 11840 1674 6.932895 -518.1027 19.179688 1095.326
F 1.513561248e+04 12109 1738 0.310013 -247.3660 19.179688 1095.326
F 1.548816619e+04 12391 1804 0.267049 36.1185 19.179688 1095.326
F 1.584893192e+04 12681 1857 1.654460 187.2337 19.179688 1095.326
F 1.621810097e+04 12976 1913 1.319221 360.2488 19.179688 1095.326
F 1.659586907e+04 13280 1969 3.104740 526.4750 19.179688 1095.326
F 1.698243652e+04 13589 2007 2.850780 509.5163 19.179688 1095.326
F 1.737800829e+04 13905 2040 2.393370 440.6724 19.179688 1095.326
F 1.778279410e+04 14228 2072 1.564720 353.5438 19.179688 1095.326
F 1.819700859e+04 14563 2102 5.193131 238.1156 19.179688 1095.326
F 1.862087137e+04 14911 2106 14.102907 -141.5916 19.179688 1095.326
F 1.905460718e+04 15256 2106 12.114256 -562.2020 19.806137 1095.326
R 1.909704126e+04 20.166992 15298 2106 1.825538e+04
F 1.949844600e+04 15599 2124 0.043202 -828.3085 20.166992 1095.326
F 1.995262315e+04 15966 2144 3.701480 -1079.8295 20.166992 1095.326
F 2.041737945e+04 16342 2168 7.896443 -1305.3749 20.166992 1303.286
F 2.089296131e+04 16729 2206 14.430953 -1398.5192 20.166992 1397.447
F 2.137962090e+04 17105 2260 1.103284 -1347.3695 20.166992 1461.355
F 2.187761624e+04 17503 2324 0.707008 -1201.4476 20.166992 1461.355
F 2.238721139e+04 17911 2403 1.030891 -920.6223 20.166992 1461.355
F 2.290867653e+04 18327 2494 -0.141222 -529.4994 20.166992 1461.355
F 2.344228815e+04 18754 2589 -0.030523 -108.2434 20.166992 1461.355
F 2.398832919e+04 19192 2676 1.136648 227.2020 20.166992 1461.355
F 2.454708916e+04 19640 2760 2.128675 516.5470 20.166992 1461.355
F 2.511886432e+04 20098 2838 2.708548 734.1199 20.166992 1461.355
F 2.570395783e+04 20563 2897 -0.366262 747.4221 20.166992 1461.355
F 2.630267992e+04 21043 2972 0.656065 911.0780 20.166992 1461.355
F 2.691534804e+04 21535 3021 2.521569 798.1150 20.166992 1461.355
F 2.754228703e+04 22038 3034 3.970373 303.8396 20.166992 1461.355
F 2.818382931e+04 22547 3066 -0.263450 -10.2115 20.166992 1461.355
F 2.884031503e+04 23075 3095 2.547975 -369.3263 20.166992 1461.355
R 2.917779688e+04 21.562500 23364 3117 2.905162e+04
R 2.917803979e+04 22.368164 23365 3117 2.905162e+04
F 2.951209227e+04 23627 3119 17.126187 -794.5204 22.368164 1461.355
R 2.980907617e+04 23.539062 23871 3119 2.931912e+04
R 2.981176401e+04 24.388794 23874 3119 2.931912e+04
R 2.981220239e+04 25.038086 23875 3119 2.931912e+04
R 2.981337305e+04 26.101562 23877 3119 2.931912e+04
F 3.019951720e+04 24160 3127 0.186237 -1399.4405 26.187500 1461.355
F 3.090295433e+04 24723 3156 0.436540 -1803.4156 26.187500 1812.080
S 3.162277660e+04 25302 3233 22068 26.187500 3.578719 3.535051 -0.500000 1020.000000 1.825538e+04 20.166992 7 0.000000e+00 0.000000e+00 324 0 2.660783e-08 0 0 1996.671 -1726.097 20424 8001 2035 0 0.0 26.187500
F 3.162277660e+04 25302 3233 3.578719 -1726.0965 26.187500 1996.671
P   3.16e+04 25303 3233 26.19 1996.7 7 -1727.4
F 3.235936569e+04 25888 3284 0.307446 -1933.4799 26.187500 2020.183
F 3.311311215e+04 26492 3367 1.310281 -1824.3642 26.187500 2020.183
F 3.388441561e+04 27114 3462 6.267509 -1605.8942 26.187500 2020.183
F 3.467368505e+04 27741 3586 1.851964 -1100.3204 26.187500 2020.183
F 3.548133892e+04 28385 3716 -0.271139 -547.4022 26.187500 2020.183
F 3.630780548e+04 29046 3860 -0.444382 136.4497 26.187500 2020.183
F 3.715352291e+04 29726 3996 2.981672 720.2844 26.187500 2020.183
F 3.801893963e+04 30417 4107 1.648294 1024.1389 26.187500 2020.183
F 3.890451450e+04 31125 4208 1.188400 1204.7636 26.187500 2020.183
F 3.981071706e+04 31850 4299 1.226356 1266.5722 26.187500 2020.183
F 4.073802778e+04 32595 4381 4.377776 1213.9692 26.187500 2020.183
F 4.168693835e+04 33360 4457 10.249322 1083.2318 26.187500 2020.183
F 4.265795188e+04 34128 4499 1.438496 564.7602 26.187500 2020.183
F 4.365158322e+04 34932 4518 10.533421 -214.8797 26.187500 2020.183
F 4.466835922e+04 35740 4543 5.112628 -958.8246 26.187500 2020.183
F 4.570881896e+04 36576 4609 8.744831 -1281.3234 26.187500 2020.183
F 4.677351413e+04 37422 4637 2.988697 -2039.8839 26.187500 2038.049
F 4.786300923e+04 38294 4675 3.392614 -2714.9451 26.187500 2714.796
F 4.897788194e+04 39184 4779 1.494451 -2707.5429 26.187500 3067.610
F 5.011872336e+04 40095 4890 -0.178690 -2639.1201 26.187500 3067.610
F 5.128613840e+04 41030 5028 0.889281 -2306.0728 26.187500 3067.610
F 5.248074602e+04 41985 5168 0.203180 -1975.2883 26.187500 3067.610
F 5.370317964e+04 42963 5352 0.256290 -1195.8475 26.187500 3067.610
F 5.495408739e+04 43965 5538 1.530091 -415.1912 26.187500 3067.610
F 5.623413252e+04 44988 5750 0.493985 623.7080 26.187500 3067.610
F 5.754399373e+04 46036 5943 0.605013 1427.0626 26.187500 3067.610
F 5.888436554e+04 47108 6107 0.307572 1886.0026 26.187500 3067.610
F 6.025595861e+04 48207 6230 2.033114 1870.2847 26.187500 3067.610
F 6.165950019e+04 49330 6364 2.199851 1942.9833 26.187500 3067.610
F 6.309573445e+04 50479 6480 2.212442 1787.4945 26.187500 3067.610
F 6.456542290e+04 51658 6554 5.461677 1136.3411 26.187500 3067.610
F 6.606934480e+04 52866 6627 10.324159 441.6664 26.187500 3067.610
F 6.760829754e+04 54088 6685 1.161969 -453.0878 26.187500 3067.610
F 6.918309709e+04 55349 6726 2.322326 -1571.5125 26.187500 3067.610
F 7.079457844e+04 56645 6805 9.137249 -2301.0366 26.187500 3067.610
F 7.244359601e+04 57958 6888 2.923194 -3022.0747 26.187500 3081.463
F 7.413102413e+04 59307 6979 1.980696 -3690.1700 26.187500 3808.502
F 7.585775750e+04 60687 7086 0.593998 -4215.7288 26.187500 4270.644
F 7.762471166e+04 62107 7274 7.030670 -3865.2233 26.187500 4272.050
F 7.943282347e+04 63547 7513 0.541222 -2973.6030 26.187500 4272.050
F 8.128305162e+04 65030 7753 3.358707 -2107.3212 26.187500 4272.050
F 8.317637711e+04 66542 8003 0.698312 -1171.0977 26.187500 4272.050
F 8.511380382e+04 68091 8288 -0.243056 126.8924 26.187500 4272.050
F 8.709635900e+04 69680 8588 2.712804 1553.3311 26.187500 4272.050
F 8.912509381e+04 71302 8856 1.724949 2576.2016 26.187500 4272.050
F 9.120108394e+04 72963 9089 1.932852 3158.5934 26.187500 4272.050
F 9.332543008e+04 74665 9281 4.455936 3234.9753 26.187500 4272.050
F 9.549925860e+04 76404 9447 4.393118 2962.7561 26.187500 4272.050
F 9.772372210e+04 78183 9590 3.822324 2385.4865 26.187500 4272.050
S 1.000000000e+05 80006 9705 70300 26.187500 5.800000 2.795432 -0.500000 492.500000 6.816412e+04 25.187500 6 0.000000e+00 0.000000e+00 1280 0 8.271749e-09 0 0 4272.050 1443.367 45624 8001 8531 0 0.0 25.187500
F 1.000000000e+05 80006 9705 5.800000 1443.3669 26.187500 4272.050
P      1e+05 80007 9705 26.19 4272.1 7 1439.6
F 1.023292992e+05 81869 9788 5.360618 87.8170 26.187500 4272.050
F 1.047128548e+05 83771 9888 0.516156 -1135.2857 26.187500 4272.050
R 1.070279197e+05 27.464233 85650 9992 1.067041e+05
R 1.070681777e+05 28.257812 85683 9992 1.067041e+05
F 1.071519305e+05 85741 9992 19.255581 -2359.6890 28.307617 4272.050
F 1.096478196e+05 87719 10062 0.544309 -4038.3827 28.307617 4272.050
F 1.122018454e+05 89770 10177 8.323656 -5250.7383 28.307617 5250.722
F 1.148153621e+05 91855 10396 2.510280 -5309.3688 28.307617 5533.019
F 1.174897555e+05 93997 10601 4.995605 -5580.5655 28.307617 5784.418
F 1.202264435e+05 96188 10846 6.645231 -5446.2246 28.307617 5784.418
F 1.230268771e+05 98423 11179 1.298335 -4341.7743 28.307617 5784.418
F 1.258925412e+05 100717 11563 2.767056 -2702.5119 28.307617 5784.418
F 1.288249552e+05 103060 11986 -0.164135 -657.0145 28.307617 5784.418
F 1.318256739e+05 105462 12392 1.260915 1124.2163 28.307617 5784.418
F 1.348962883e+05 107918 12818 0.769393 3086.4488 28.307617 5784.418
F 1.380384265e+05 110432 13195 1.058832 4401.7931 28.307617 5784.418
F 1.412537545e+05 113008 13495 4.796430 4740.2220 28.307617 5784.418
F 1.445439771e+05 115638 13789 2.618340 4939.6481 28.307617 5784.418
F 1.479108388e+05 118332 14028 3.128947 4415.3460 28.307617 5784.418
F 1.513561248e+05 121086 14204 0.900125 3067.3457 28.307617 5784.418
F 1.548816619e+05 123908 14363 2.470487 1440.2022 28.307617 5784.418
F 1.584893192e+05 126797 14505 5.344603 -468.7914 28.307617 5784.418
F 1.621810097e+05 129746 14655 0.992211 -2362.7188 28.307617 5784.418
F 1.659586907e+05 132775 14813 7.847405 -4237.1100 28.307617 5784.418
F 1.698243652e+05 135866 14987 6.307803 -6005.5936 28.307617 6008.126
R 1.735232168e+05 29.226562 138848 15164 1.733691e+05
R 1.735232411e+05 30.207153 138849 15164 1.733691e+05
R 1.735279344e+05 31.452515 138854 15164 1.733691e+05
R 1.735281094e+05 32.312500 138855 15164 1.733691e+05
R 1.735296621e+05 33.070312 138857 15164 1.733691e+05
R 1.735379238e+05 34.460938 138865 15164 1.733691e+05
R 1.735379495e+05 35.440384 138866 15164 1.733691e+05
F 1.737800829e+05 139038 15164 13.733700 -7827.8570 35.440384 7827.264
F 1.778279410e+05 142266 15444 3.447197 -8494.0013 35.440384 8653.932
F 1.819700859e+05 145579 15840 2.731311 -7840.3293 35.440384 8653.932
F 1.862087137e+05 148972 16267 4.829067 -6902.7546 35.440384 8653.932
F 1.905460718e+05 152438 16769 0.942563 -5136.2948 35.440384 8653.932
F 1.949844600e+05 155991 17300 3.232019 -3096.4157 35.440384 8653.932
F 1.995262315e+05 159623 17941 1.814802 183.1711 35.440384 8653.932
F 2.041737945e+05 163340 18576 0.764426 3298.4833 35.440384 8653.932
F 2.089296131e+05 167146 19165 2.109532 5761.2078 35.440384 8653.932
F 2.137962090e+05 171039 19704 1.832840 7503.7601 35.440384 8653.932
F 2.187761624e+05 175025 20105 3.870084 7449.7675 35.440384 8653.932
F 2.238721139e+05 179101 20479 3.108915 6962.7039 35.440384 8653.932
F 2.290867653e+05 183270 20797 0.387779 5681.3881 35.440384 8653.932
F 2.344228815e+05 187541 21080 2.494774 3847.2690 35.440384 8653.932
F 2.398832919e+05 191907 21309 0.166478 1239.7955 35.440384 8653.932
F 2.454708916e+05 196377 21518 0.086745 -1737.4190 35.440384 8653.932
F 2.511886432e+05 200952 21758 0.885479 -4463.5852 35.440384 8653.932
F 2.570395783e+05 205639 22018 7.137378 -7066.1176 35.440384 8653.932
F 2.630267992e+05 210422 22296 0.360648 -9574.5917 35.440384 9592.880
F 2.691534804e+05 215327 22664 4.015686 -11091.7880 35.440384 11117.707
F 2.754228703e+05 220339 23088 0.503733 -12048.6801 35.440384 12137.593
F 2.818382931e+05 225484 23652 13.165499 -11380.3530 35.440384 12233.208
F 2.884031503e+05 230723 24373 0.279750 -8876.1911 35.440384 12233.208
F 2.951209227e+05 236098 25170 1.061867 -5552.0550 35.440384 12233.208
F 3.019951720e+05 241597 25952 0.662368 -2561.5163 35.440384 12233.208
F 3.090295433e+05 247224 26836 0.165399 1575.4781 35.440384 12233.208
S 3.162277660e+05 252987 27770 225216 35.440384 4.587187 3.250727 -0.500000 751.250000 2.419304e+05 15.186330 8 0.000000e+00 0.000000e+00 5054 0 4.199438e-10 0 0 12233.208 6194.721 82767 8001 26740 0 0.0 35.440384
F 3.162277660e+05 252987 27770 4.587187 6194.7210 35.440384 12233.208
P   3.16e+05 252988 27770 35.44 12233.2 8 6194.1
F 3.235936569e+05 258881 28658 5.874456 10084.5790 35.440384 12233.208
F 3.311311215e+05 264906 29380 0.902814 11715.9598 35.440384 12233.208
F 3.388441561e+05 271076 29963 0.475089 11423.2148 35.440384 12233.208
F 3.467368505e+05 277393 30481 3.319638 10133.6279 35.440384 12233.208
F 3.548133892e+05 283853 30884 2.088613 7202.1011 35.440384 12233.208
F 3.630780548e+05 290478 31296 15.356184 4206.9422 35.440384 12233.208
F 3.715352291e+05 297240 31652 11.616722 311.8988 35.440384 12233.208
F 3.801893963e+05 304158 31971 6.282944 -4247.2426 35.440384 12233.208
F 3.890451450e+05 311238 32352 1.684005 -8203.3669 35.440384 12233.208
F 3.981071706e+05 318494 32786 8.063557 -11674.0876 35.440384 12233.208
F 4.073802778e+05 325907 33240 2.577757 -15088.1345 35.440384 15123.219
F 4.168693835e+05 333497 33849 1.293224 -16703.3422 35.440384 16709.327
F 4.265795188e+05 341265 34597 1.184959 -16718.7202 35.440384 17164.849
F 4.365158322e+05 349217 35486 4.134208 -15113.9855 35.440384 17164.849
F 4.466835922e+05 357352 36538 4.926279 -11607.6512 35.440384 17164.849
F 4.570881896e+05 365676 37714 5.248308 -6699.3505 35.440384 17164.849
F 4.677351413e+05 374188 39025 -0.313030 -239.0105 35.440384 17164.849
F 4.786300923e+05 382905 40365 0.726142 6389.7736 35.440384 17164.849
F 4.897788194e+05 391828 41581 4.744505 11172.3091 35.440384 17164.849
F 5.011872336e+05 400951 42755 1.013098 15197.7898 35.440384 17164.849
F 5.128613840e+05 410291 43816 1.692807 17463.6640 35.440384 17677.197
F 5.248074602e+05 419849 44650 2.831800 16491.7113 35.440384 18133.723
F 5.370317964e+05 429629 45438 3.362904 14668.0342 35.440384 18133.723
F 5.495408739e+05 439637 46004 4.100914 9639.5661 35.440384 18133.723
F 5.623413252e+05 449896 46532 22.739848 3845.1445 35.440384 18133.723
F 5.754399373e+05 460365 47007 12.850130 -2952.1565 35.440384 18133.723
F 5.888436554e+05 471083 47592 7.875716 -8564.1331 35.440384 18133.723
F 6.025595861e+05 482049 48232 1.131141 -13749.2593 35.440384 18133.723
F 6.165950019e+05 493283 48872 6.798511 -19239.0989 35.440384 19238.925
F 6.309573445e+05 504771 49692 4.924416 -22635.3204 35.440384 22716.425
F 6.456542290e+05 516524 50666 0.416772 -24292.7745 35.440384 24360.220
F 6.606934480e+05 528569 51854 14.041594 -23407.3009 35.440384 24684.640
F 6.760829754e+05 540867 53351 0.419686 -18704.3684 35.440384 24684.640
F 6.918309709e+05 553465 54903 0.023265 -13582.3445 35.440384 24684.640
F 7.079457844e+05 566358 56640 1.172493 -6301.6168 35.440384 24684.640
F 7.244359601e+05 579553 58519 4.031940 2547.0393 35.440384 24684.640
F 7.413102413e+05 593049 60468 0.606959 11992.6619 35.440384 24684.640
F 7.585775750e+05 606866 62312 3.739977 19682.9577 35.440384 24684.640
F 7.762471166e+05 620999 63930 1.106697 23941.5721 35.440384 24684.640
F 7.943282347e+05 635464 65409 1.212221 25935.9257 35.440384 26018.604
F 8.128305162e+05 650265 66640 0.387069 24171.0178 35.440384 26421.078
F 8.317637711e+05 665419 67748 7.783118 20328.1810 35.440384 26421.078
F 8.511380382e+05 680919 68623 8.369438 12892.2553 35.440384 26421.078
F 8.709635900e+05 696777 69324 5.928035 2654.0689 35.440384 26421.078
R 8.841872146e+05 36.028320 707386 69750 8.838154e+05
R 8.841897409e+05 37.007311 707389 69750 8.838154e+05
R 8.841909597e+05 38.032227 707391 69750 8.838154e+05
R 8.841934512e+05 39.039062 707394 69750 8.838154e+05
F 8.912509381e+05 713002 69987 1.049493 -8557.5466 39.039062 26421.078
F 9.120108394e+05 729611 70884 2.128515 -17018.3172 39.039062 26421.078
R 9.242854531e+05 40.437500 739469 71437 9.240366e+05
R 9.242857559e+05 41.195312 739470 71437 9.240366e+05
F 9.332543008e+05 746604 71959 0.359362 -23495.9906 41.195312 26421.078
F 9.549925860e+05 764004 73030 9.731183 -30499.8751 41.195312 30498.865
F 9.772372210e+05 781798 74384 8.023235 -34080.3579 41.195312 34080.309
S 1.000000000e+06 800000 75988 724011 41.195312 -0.200000 3.868759 -0.500000 1010.000000 8.896029e+05 32.648315 9 0.000000e+00 0.000000e+00 18440 0 2.870612e-11 0 0 35569.973 -34700.594 113795 8001 75606 0 0.0 41.195312
F 1.000000000e+06 800000 75988 -0.200000 -34700.5940 41.195312 35569.973
M 1.000000000e+06 800000 -0.200000 /private/tmp/rh-s40-free-greedy/var_r08_th0.5_1e8.mom.1.000000e+06
P      1e+06 800001 75989 41.20 35570.0 9 -34687.2
F 1.023292992e+06 818640 77900 5.406175 -31556.3742 41.195312 35569.973
F 1.047128548e+06 837707 80142 3.961559 -24312.1706 41.195312 35569.973
F 1.071519305e+06 857216 82602 0.355810 -14561.3481 41.195312 35569.973
F 1.096478196e+06 877184 85238 1.243085 -2890.2235 41.195312 35569.973
F 1.122018454e+06 897616 87953 1.036558 9387.7956 41.195312 35569.973
F 1.148153621e+06 918529 90743 5.902802 22157.7020 41.195312 35569.973
F 1.174897555e+06 939921 93435 2.756048 33008.1273 41.195312 35569.973
F 1.202264435e+06 961813 95816 1.252306 38975.1947 41.195312 39037.259
F 1.230268771e+06 984219 97796 3.783350 38755.7178 41.195312 39646.765
F 1.258925412e+06 1007145 99489 4.470565 33882.1810 41.195312 39646.765
F 1.288249552e+06 1030600 101050 0.158645 26524.9928 41.195312 39646.765
F 1.318256739e+06 1054612 102236 6.409155 13230.9812 41.195312 39646.765
F 1.348962883e+06 1079205 103374 34.493927 -1411.9418 41.195312 39646.765
F 1.380384265e+06 1104309 104550 1.388318 -16205.6797 41.195312 39646.765
F 1.412537545e+06 1130033 105856 2.764302 -29871.7688 41.195312 39646.765
F 1.445439771e+06 1156364 107445 11.983403 -40222.8589 41.195312 40313.542
F 1.479108388e+06 1183295 109325 8.089465 -47175.6879 41.195312 47266.753
F 1.513561248e+06 1210857 111586 7.801251 -49451.1963 41.195312 50368.523
F 1.548816619e+06 1239056 114129 2.504870 -48453.1078 41.195312 51153.255
F 1.584893192e+06 1267917 117183 2.246031 -40929.4571 41.195312 51153.255
F 1.621810097e+06 1297454 120607 5.722113 -28903.8614 41.195312 51153.255
F 1.659586907e+06 1327681 124311 11.274050 -13645.4987 41.195312 51153.255
F 1.698243652e+06 1358597 128270 1.878031 4466.2708 41.195312 51153.255
F 1.737800829e+06 1390245 132315 4.137000 22981.4388 41.195312 51153.255
F 1.778279410e+06 1422628 136243 4.271969 38992.8215 41.195312 51153.255
F 1.819700859e+06 1455764 139933 3.113112 50720.1044 41.195312 51153.255
F 1.862087137e+06 1489670 143288 0.090670 56731.2283 41.195312 56809.803
F 1.905460718e+06 1524369 146288 0.225629 56702.8767 41.195312 58738.956
F 1.949844600e+06 1559877 148775 1.120194 48309.2398 41.195312 58738.956
F 1.995262315e+06 1596215 150813 4.948025 32432.7701 41.195312 58738.956
F 2.041737945e+06 1633395 152544 4.444264 11086.3412 41.195312 58738.956
F 2.089296131e+06 1671442 154399 4.895317 -9495.2652 41.195312 58738.956
F 2.137962090e+06 1710371 156203 1.128398 -31885.3918 41.195312 58738.956
R 2.144975933e+06 42.053711 1716023 156444 2.144498e+06
R 2.144980424e+06 43.460938 1716028 156444 2.144498e+06
R 2.144980922e+06 44.062500 1716029 156444 2.144498e+06
R 2.144984516e+06 45.187500 1716033 156444 2.144498e+06
R 2.144988435e+06 46.052207 1716037 156444 2.144498e+06
R 2.144988801e+06 47.759399 1716039 156444 2.144498e+06
R 2.144989422e+06 48.262695 1716040 156444 2.144498e+06
R 2.144995453e+06 49.437500 1716046 156444 2.144498e+06
R 2.144996947e+06 50.242188 1716048 156444 2.144498e+06
R 2.145052787e+06 51.570312 1716094 156444 2.144498e+06
R 2.145088109e+06 52.312500 1716123 156444 2.144498e+06
F 2.187761624e+06 1750215 158368 5.500840 -50103.2444 52.312500 58738.956
F 2.238721139e+06 1790983 160879 5.889145 -64375.0637 52.312500 64414.037
F 2.290867653e+06 1832694 163840 -0.322214 -73187.6065 52.312500 73808.821
F 2.344228815e+06 1875384 167507 0.747744 -72800.6740 52.312500 74799.693
F 2.398832919e+06 1919069 171665 2.464784 -66364.6600 52.312500 74799.693
F 2.454708916e+06 1963769 176532 1.667452 -50665.3007 52.312500 74799.693
F 2.511886432e+06 2009515 181693 5.654792 -31818.2163 52.312500 74799.693
F 2.570395783e+06 2056317 187270 0.173785 -8065.3325 52.312500 74799.693
F 2.630267992e+06 2104215 193063 0.406484 17673.5777 52.312500 74799.693
F 2.691534804e+06 2153229 198953 0.956858 43594.5316 52.312500 74799.693
F 2.754228703e+06 2203385 204752 1.837329 66854.8099 52.312500 74799.693
F 2.818382931e+06 2254707 209858 0.454988 78485.7071 52.312500 78496.294
F 2.884031503e+06 2307227 214587 1.597499 83138.2693 52.312500 84296.371
F 2.951209227e+06 2360971 218862 3.418667 79644.1490 52.312500 84296.371
F 3.019951720e+06 2415962 222567 0.423678 66166.6038 52.312500 84296.371
F 3.090295433e+06 2472237 225548 0.453989 40358.8363 52.312500 84296.371
S 3.162277660e+06 2529822 227915 2301906 52.312500 -0.328135 3.838621 -0.500000 2056.250000 3.158462e+06 33.134872 11 0.000000e+00 0.000000e+00 67060 0 2.405554e-11 0 0 84296.371 3850.153 125060 8001 229217 0 0.1 52.312500
F 3.162277660e+06 2529822 227915 -0.328135 3850.1532 52.312500 84296.371
P   3.16e+06 2529823 227915 52.31 84296.4 11 3850.1
F 3.235936569e+06 2588750 230700 0.544563 -28058.4088 52.312500 84296.371
F 3.311311215e+06 2649054 233575 4.828139 -60273.6722 52.312500 84296.371
F 3.388441561e+06 2710757 237159 3.550886 -83550.0033 52.312500 84296.371
F 3.467368505e+06 2773903 241310 7.996380 -99967.6652 52.312500 100018.924
F 3.548133892e+06 2838520 246034 12.686131 -109531.4768 52.312500 109814.978
F 3.630780548e+06 2904628 251853 3.361839 -104323.8032 52.312500 111363.577
F 3.715352291e+06 2972283 258491 0.967223 -88476.1179 52.312500 111363.577
F 3.801893963e+06 3041516 266016 0.629436 -61062.3416 52.312500 111363.577
F 3.890451450e+06 3112363 273876 1.640046 -30388.4237 52.312500 111363.577
F 3.981071706e+06 3184860 282232 2.435572 5920.4896 52.312500 111363.577
F 4.073802778e+06 3259046 290792 3.577567 43414.0225 52.312500 111363.577
F 4.168693835e+06 3334959 299273 3.732237 77708.6648 52.312500 111363.577
F 4.265795188e+06 3412639 307445 2.649587 105281.4783 52.312500 111363.577
F 4.365158322e+06 3492133 314966 6.142079 120826.6853 52.312500 121338.691
F 4.466835922e+06 3573489 321790 20.062792 123559.2558 52.312500 125117.115
F 4.570881896e+06 3656710 327568 4.283081 108053.3442 52.312500 125117.115
F 4.677351413e+06 3741889 332724 7.669702 80709.1451 52.312500 125117.115
F 4.786300923e+06 3829043 337431 2.061419 44104.0622 52.312500 125117.115
R 4.847853334e+06 53.132812 3878336 339663 4.845797e+06
R 4.847856675e+06 54.460251 3878340 339663 4.845797e+06
R 4.847922143e+06 55.085938 3878393 339663 4.845797e+06
R 4.847923266e+06 56.187500 3878395 339663 4.845797e+06
F 4.897788194e+06 3918237 341347 6.245052 -7105.1777 56.187500 125117.115
R 4.921384330e+06 57.335938 3937165 342019 4.920273e+06
R 4.921385766e+06 58.187500 3937167 342019 4.920273e+06
F 5.011872336e+06 4009499 345278 0.930982 -60587.1213 58.742310 125117.115
F 5.128613840e+06 4102912 349906 20.728069 -105875.1192 58.742310 125117.115
F 5.248074602e+06 4198461 355747 1.118002 -135023.3348 58.742310 135242.738
F 5.370317964e+06 4296256 362415 1.429038 -154010.9309 58.742310 154485.206
F 5.495408739e+06 4396331 370180 3.809139 -158681.6194 58.742310 158851.733
F 5.623413252e+06 4498743 379296 12.198477 -145101.4209 58.742310 159940.307
F 5.754399373e+06 4603523 389675 3.301303 -114641.0229 58.742310 159940.307
F 5.888436554e+06 4710750 401221 0.557155 -68798.9146 58.742310 159940.307
F 6.025595861e+06 4820486 413123 9.111405 -20240.2606 58.742310 159940.307
F 6.165950019e+06 4932761 425614 0.785108 34582.9614 58.742310 159940.307
F 6.309573445e+06 5047661 438160 2.044158 87295.2651 58.742310 159940.307
F 6.456542290e+06 5165234 450499 -0.032277 133736.9392 58.742310 159940.307
F 6.606934480e+06 5285553 462146 5.215939 166163.8930 58.742310 166388.769
F 6.760829754e+06 5408665 472719 0.996864 178459.8340 58.742310 181041.800
F 6.918309709e+06 5534651 482476 3.032649 174580.6429 58.742310 182645.939
F 7.079457844e+06 5663566 490944 -0.475073 146941.5591 58.742310 182645.939
F 7.244359601e+06 5795492 498358 4.119400 99101.0150 58.742310 182645.939
F 7.413102413e+06 5930485 504811 2.869593 32387.4619 58.742310 182645.939
F 7.585775750e+06 6068629 511260 8.199767 -38141.6351 58.742310 182645.939
F 7.762471166e+06 6209986 517914 8.866970 -109270.2734 58.742310 182645.939
F 7.943282347e+06 6354631 525135 4.922206 -175362.8407 58.742310 182645.939
F 8.128305162e+06 6502650 534306 5.670687 -214498.0293 58.742310 214540.617
F 8.317637711e+06 6654112 545035 1.631179 -232935.0593 58.742310 233654.443
F 8.511380382e+06 6809110 557613 5.494381 -226087.5308 58.742310 234003.661
F 8.709635900e+06 6967709 571981 0.080351 -194883.3447 58.742310 234003.661
F 8.912509381e+06 7130009 587871 1.294930 -143565.3347 58.742310 234003.661
F 9.120108394e+06 7296090 605379 3.085153 -70748.6301 58.742310 234003.661
F 9.332543008e+06 7466038 623412 3.393624 6084.7325 58.742310 234003.661
F 9.549925860e+06 7639946 642046 5.111829 88038.1702 58.742310 234003.661
F 9.772372210e+06 7817900 660343 2.032354 159940.6546 58.742310 234003.661
S 1.000000000e+07 8000008 678218 7321789 58.742310 7.800000 4.120999 -0.500000 3252.500000 4.845797e+06 56.187500 12 0.000000e+00 0.000000e+00 237474 0 1.348146e-12 0 0 234003.661 220236.116 126758 8001 685540 0 0.4 58.742310
F 1.000000000e+07 8000008 678218 7.800000 220236.1155 58.742310 234003.661
M 1.000000000e+07 8000008 7.800000 /private/tmp/rh-s40-free-greedy/var_r08_th0.5_1e8.mom.1.000000e+07
P      1e+07 8000009 678218 58.74 234003.7 12 220235.5
F 1.023292992e+07 8186355 694954 10.861754 257274.1859 58.742310 257772.535
F 1.047128548e+07 8377031 710245 2.415593 265924.1866 58.742310 268212.076
F 1.071519305e+07 8572155 724041 0.358099 245176.3137 58.742310 268212.076
F 1.096478196e+07 8771828 735938 2.230855 188304.8012 58.742310 268212.076
F 1.122018454e+07 8976154 747131 6.165584 114470.7818 58.742310 268212.076
F 1.148153621e+07 9185232 756545 2.828025 6051.7892 58.742310 268212.076
F 1.174897555e+07 9399191 766236 10.360484 -103735.4753 58.742310 268212.076
F 1.202264435e+07 9618134 777326 18.323061 -196726.8457 58.742310 268212.076
F 1.230268771e+07 9842155 789424 4.633501 -279399.8664 58.742310 279426.311
F 1.258925412e+07 10071410 803884 6.505647 -329730.0491 58.742310 329747.884
F 1.288249552e+07 10306007 820527 10.386455 -350684.3537 58.742310 356059.408
F 1.318256739e+07 10546055 840775 0.891549 -319028.9969 58.742310 356059.408
F 1.348962883e+07 10791708 863429 4.739267 -254395.3757 58.742310 356059.408
F 1.380384265e+07 11043083 887784 8.683177 -168444.0425 58.742310 356059.408
F 1.412537545e+07 11300301 914093 0.443018 -57124.9284 58.742310 356059.408
F 1.445439771e+07 11563523 940974 4.634033 56778.3280 58.742310 356059.408
F 1.479108388e+07 11832873 968959 5.694654 181892.3972 58.742310 356059.408
F 1.513561248e+07 12108490 995638 -0.187490 278184.3618 58.742310 356059.408
F 1.548816619e+07 12390542 1021309 8.848700 350388.2899 58.742310 356059.408
F 1.584893192e+07 12679156 1045133 10.260311 384370.6358 58.742310 388118.306
F 1.621810097e+07 12974484 1067085 3.021129 379473.4444 58.742310 394038.160
F 1.659586907e+07 13276698 1087114 2.540500 334517.1785 58.742310 394038.160
F 1.698243652e+07 13585949 1104558 -0.419694 238242.0746 58.742310 394038.160
F 1.737800829e+07 13902412 1120700 5.170005 111674.7765 58.742310 394038.160
F 1.778279410e+07 14226237 1135303 1.519689 -49441.9099 58.742310 394038.160
R 1.792524415e+07 59.476562 14340255 1140727 1.792399e+07
R 1.792524530e+07 60.562500 14340257 1140727 1.792399e+07
R 1.792524592e+07 61.062500 14340258 1140727 1.792399e+07
R 1.792524599e+07 62.006226 14340259 1140727 1.792399e+07
R 1.792525158e+07 63.539062 14340265 1140727 1.792399e+07
R 1.792525208e+07 64.132812 14340266 1140727 1.792399e+07
F 1.819700859e+07 14557614 1150403 6.931120 -211351.4564 64.132812 394038.160
F 1.862087137e+07 14896701 1167351 3.706697 -351611.9108 64.132812 394038.160
F 1.905460718e+07 15243698 1187571 12.056294 -446590.5998 64.132812 446590.123
F 1.949844600e+07 15598758 1211435 1.001936 -490029.5268 64.132812 490839.803
F 1.995262315e+07 15962101 1237585 2.280249 -504820.2611 64.132812 511198.730
F 2.041737945e+07 16333906 1268864 2.242644 -443349.3658 64.132812 511198.730
F 2.089296131e+07 16714375 1304285 5.753168 -322256.1449 64.132812 511198.730
F 2.137962090e+07 17103702 1342039 5.083982 -172077.1857 64.132812 511198.730
F 2.187761624e+07 17502096 1381375 2.808404 -5657.5515 64.132812 511198.730
F 2.238721139e+07 17909773 1421115 3.691453 156880.1670 64.132812 511198.730
F 2.290867653e+07 18326945 1462012 3.577858 328142.8198 64.132812 511198.730
F 2.344228815e+07 18753843 1501741 12.277441 468302.0254 64.132812 511198.730
F 2.398832919e+07 19190668 1539273 4.447844 559651.9844 64.132812 559799.126
F 2.454708916e+07 19637672 1572970 0.474520 573925.0046 64.132812 583207.337
M 2.500000000e+07 20000018 17.800000 /private/tmp/rh-s40-free-greedy/var_r08_th0.5_1e8.mom.2.500000e+07
F 2.511886432e+07 20095095 1603750 3.347923 526273.7197 64.132812 583207.337
F 2.570395783e+07 20563176 1632214 9.537849 426541.2141 64.132812 583207.337
F 2.630267992e+07 21042145 1658579 0.864837 277959.0983 64.132812 583207.337
F 2.691534804e+07 21532285 1682413 6.368585 72775.4567 64.132812 583207.337
F 2.754228703e+07 22033831 1705196 1.173295 -164122.4960 64.132812 583207.337
F 2.818382931e+07 22547066 1729740 2.349884 -384909.9824 64.132812 583207.337
F 2.884031503e+07 23072256 1756965 3.774987 -574043.5139 64.132812 583207.337
F 2.951209227e+07 23609675 1788380 0.986669 -705825.2089 64.132812 705946.064
F 3.019951720e+07 24159616 1826280 2.036784 -740903.4204 64.132812 743122.846
F 3.090295433e+07 24722375 1869437 11.339891 -700524.5074 64.132812 743122.846
S 3.162277660e+07 25298223 1917731 23380491 64.132812 1.518653 4.680860 -0.500000 2633.750000 2.806988e+07 52.049805 14 0.000000e+00 0.000000e+00 827811 0 5.066358e-14 0 0 743122.846 -586837.654 126816 8001 1950933 0 1.2 64.132812
F 3.162277660e+07 25298223 1917731 1.518653 -586837.6535 64.132812 743122.846
P   3.16e+07 25298224 1917731 64.13 743122.8 14 -586839.9
F 3.235936569e+07 25887493 1971075 0.245630 -401547.7402 64.132812 743122.846
F 3.311311215e+07 26490493 2029026 3.081393 -152399.3477 64.132812 743122.846
F 3.388441561e+07 27107538 2088926 5.308864 114286.9340 64.132812 743122.846
F 3.467368505e+07 27738948 2147777 -0.236203 346184.0371 64.132812 743122.846
F 3.548133892e+07 28385085 2206877 13.661314 565365.2087 64.132812 743122.846
F 3.630780548e+07 29046245 2264646 0.418392 743958.2467 64.132812 744728.931
F 3.715352291e+07 29722824 2319453 5.472226 852966.0633 64.132812 854463.813
F 3.801893963e+07 30415155 2368743 3.094355 847427.4462 64.132812 861009.155
F 3.890451450e+07 31123615 2413413 3.200458 742148.8377 64.132812 861009.155
F 3.981071706e+07 31848574 2453695 0.155720 540509.8760 64.132812 861009.155
F 4.073802778e+07 32590425 2491316 2.575671 272099.6813 64.132812 861009.155
R 4.118041091e+07 65.073120 32944394 2508520 4.117961e+07
R 4.118041398e+07 66.618164 32944398 2508520 4.117961e+07
R 4.118041630e+07 67.758789 32944401 2508520 4.117961e+07
R 4.118042038e+07 68.499374 32944405 2508520 4.117961e+07
R 4.118050903e+07 69.573242 32944477 2508520 4.117961e+07
R 4.118050905e+07 70.556753 32944478 2508520 4.117961e+07
R 4.118051144e+07 71.650101 32944481 2508520 4.117961e+07
F 4.168693835e+07 33349566 2527797 15.122373 -36983.2633 71.650101 861009.155
F 4.265795188e+07 34126365 2564021 3.295873 -371884.4323 71.650101 861009.155
F 4.365158322e+07 34921270 2603291 3.220787 -674966.9866 71.650101 861009.155
F 4.466835922e+07 35734698 2647423 10.427923 -914742.7888 71.650101 914791.974
F 4.570881896e+07 36567065 2698073 9.630810 -1062334.6561 71.650101 1062361.104
F 4.677351413e+07 37418819 2756596 7.497024 -1094097.0792 71.650101 1108473.961
F 4.786300923e+07 38290417 2824399 9.414189 -985185.8012 71.650101 1108473.961
F 4.897788194e+07 39182320 2901222 14.250524 -740518.2174 71.650101 1108473.961
M 5.000000000e+07 40000000 -0.200000 /private/tmp/rh-s40-free-greedy/var_r08_th0.5_1e8.mom.5.000000e+07
F 5.011872336e+07 40094981 2982211 2.109818 -446223.3263 71.650101 1108473.961
F 5.128613840e+07 41028920 3068106 9.080691 -89575.0001 71.650101 1108473.961
F 5.248074602e+07 41984597 3158289 -0.019982 318043.9498 71.650101 1108473.961
F 5.370317964e+07 42962547 3247660 3.090380 685302.6485 71.650101 1108473.961
F 5.495408739e+07 43963275 3334943 4.891390 988974.6622 71.650101 1108473.961
F 5.623413252e+07 44987311 3416466 4.784772 1162861.9653 71.650101 1164026.656
F 5.754399373e+07 46035196 3494141 0.813027 1239992.4941 71.650101 1252238.305
F 5.888436554e+07 47107503 3565827 10.371553 1181353.8652 71.650101 1252698.000
F 6.025595861e+07 48204785 3632080 17.914051 995874.2706 71.650101 1252698.000
F 6.165950019e+07 49327620 3691836 19.651081 663517.3120 71.650101 1252698.000
F 6.309573445e+07 50476599 3747401 11.241585 224642.8203 71.650101 1252698.000
F 6.456542290e+07 51652342 3801950 3.477228 -264713.2451 71.650101 1252698.000
F 6.606934480e+07 52855488 3858914 11.959392 -743556.7060 71.650101 1252698.000
F 6.760829754e+07 54086640 3921646 1.768641 -1152209.6886 71.650101 1252698.000
F 6.918309709e+07 55346479 3992722 1.126485 -1444726.3844 71.650101 1445255.585
F 7.079457844e+07 56635670 4074293 7.049269 -1582698.5208 71.650101 1583104.529
F 7.244359601e+07 57954880 4166843 2.994001 -1557703.2540 71.650101 1602527.754
F 7.413102413e+07 59304820 4271265 0.495927 -1354016.6336 71.650101 1602527.754
F 7.585775750e+07 60686207 4389734 0.797665 -932534.6612 71.650101 1602527.754
F 7.762471166e+07 62099770 4515897 0.469705 -408756.3042 71.650101 1602527.754
F 7.943282347e+07 63546260 4644795 1.022057 126493.5578 71.650101 1602527.754
F 8.128305162e+07 65026442 4775931 0.506872 663315.8919 71.650101 1602527.754
F 8.317637711e+07 66541106 4908954 4.111786 1194502.4621 71.650101 1602527.754
F 8.511380382e+07 68091048 5038527 4.743810 1621684.0382 71.650101 1622110.336
F 8.709635900e+07 69677087 5157722 -0.396487 1817106.3707 71.650101 1817425.757
F 8.912509381e+07 71300078 5268373 2.749300 1812759.5832 71.650101 1860957.064
F 9.120108394e+07 72960867 5370697 -0.348473 1611178.7968 71.650101 1860957.064
F 9.332543008e+07 74660349 5466851 4.736241 1250499.9719 71.650101 1860957.064
F 9.549925860e+07 76399408 5556812 0.918285 728842.3718 71.650101 1860957.064
F 9.772372210e+07 78178979 5642072 1.123535 72155.9085 71.650101 1860957.064
S 1.000000000e+08 80000004 5726057 74273946 71.650101 3.800000 4.840274 -0.500000 3997.500000 4.162395e+07 46.170898 18 0.000000e+00 0.000000e+00 2861970 0 4.006516e-14 0 0 1860957.064 -657777.829 126817 8001 3751839 0 3.6 71.650101
F 1.000000000e+08 80000004 5726057 3.800000 -657777.8290 71.650101 1860957.064
M 1.000000000e+08 80000004 3.800000 /private/tmp/rh-s40-free-greedy/var_r08_th0.5_1e8.mom.1.000000e+08
# windows 58
# done N=80000004 pi=5726057 C=74273946 supE=71.650100708 minEbefore=-0.500000000 skviol=0 supPsi=1860957.064 nS=126817 nP_small=1214 nL=5724843 nM=8001 LDbytes=3751839 time=3.6
