# s8gen mode=rule X=1.000000e+11 theta=0.500000 rho=0.19634954084936207+7.654042e-18 t=5.0929581789406511-3.148588e-16 B=316227.766017
# S cols: x N pi C supE E(x) meanE_win minEbefore_win maxPrimeGap_win gapStart gapPeakE maxClu_win minGapAbs minGapRel ties misorders minDecisionMargin_rel ambig_double skorokhodViol supPsi psi-x nS nM nLDbytes heap time wMaxE
S 1.000000000e+01 3 2 0 0.000000 0.232854 -0.015341 -0.500000 5.092958 3.546479e+00 0.500000 1 2.546479e+00 5.895011e-01 0 0 8.409906e-02 0 0 5.217 -6.578 3 0 0 0 0.0 0.500000
F 1.000000000e+01 3 2 0.232854 -6.5777 0.000000 5.217
F 1.023292992e+01 3 2 0.187118 -6.8106 0.000000 5.217
F 1.047128548e+01 3 2 0.140317 -7.0490 0.000000 5.217
F 1.071519305e+01 3 2 0.092426 -7.2929 0.000000 5.217
F 1.096478196e+01 3 2 0.043420 -7.5425 0.000000 5.217
F 1.122018454e+01 3 2 -0.006729 -7.7979 0.000000 5.217
F 1.148153621e+01 3 2 -0.058045 -8.0592 0.000000 5.217
F 1.174897555e+01 3 2 -0.110556 -8.3267 0.000000 5.217
F 1.202264435e+01 3 2 -0.164291 -8.6004 0.000000 5.217
F 1.230268771e+01 3 2 -0.219278 -8.8804 0.000000 5.217
P         10 4 2 0.73 7.9 1 -7.9
F 1.258925412e+01 4 2 0.724455 -7.9010 0.726760 7.889
F 1.288249552e+01 4 2 0.666877 -8.1942 0.726760 7.889
F 1.318256739e+01 4 2 0.607958 -8.4943 0.726760 7.889
F 1.348962883e+01 4 2 0.547667 -8.8014 0.726760 7.889
F 1.380384265e+01 4 2 0.485971 -9.1156 0.726760 7.889
F 1.412537545e+01 4 2 0.422839 -9.4371 0.726760 7.889
F 1.445439771e+01 4 2 0.358235 -9.7661 0.726760 7.889
F 1.479108388e+01 4 2 0.292127 -10.1028 0.726760 7.889
F 1.513561248e+01 4 2 0.224479 -10.4474 0.726760 7.889
F 1.548816619e+01 4 2 0.155255 -10.7999 0.726760 7.889
F 1.584893192e+01 4 2 0.084419 -11.1607 0.726760 7.889
F 1.621810097e+01 4 2 0.011933 -11.5299 0.726760 7.889
F 1.659586907e+01 4 2 -0.062242 -11.9076 0.726760 7.889
F 1.698243652e+01 4 2 -0.138144 -12.2942 0.726760 7.889
F 1.737800829e+01 4 2 -0.215814 -12.6898 0.726760 7.889
F 1.778279410e+01 4 2 -0.295294 -13.0945 0.726760 7.889
F 1.819700859e+01 4 2 -0.376625 -13.5088 0.726760 7.889
F 1.862087137e+01 4 2 -0.459850 -13.9326 0.726760 7.889
F 1.905460718e+01 5 3 0.454986 -11.4312 0.726760 11.202
F 1.949844600e+01 5 3 0.367839 -11.8750 0.726760 11.202
F 1.995262315e+01 5 3 0.278661 -12.3292 0.726760 11.202
F 2.041737945e+01 5 3 0.187406 -12.7939 0.726760 11.202
F 2.089296131e+01 5 3 0.094026 -13.2695 0.726760 11.202
F 2.137962090e+01 5 3 -0.001529 -13.7562 0.726760 11.202
F 2.187761624e+01 5 3 -0.099310 -14.2542 0.726760 11.202
F 2.238721139e+01 5 3 -0.199369 -14.7638 0.726760 11.202
F 2.290867653e+01 5 3 -0.301759 -15.2852 0.726760 11.202
F 2.344228815e+01 5 3 -0.406533 -15.8188 0.726760 11.202
F 2.398832919e+01 6 4 0.486252 -13.1902 0.726760 13.120
F 2.454708916e+01 6 4 0.376540 -13.7490 0.726760 13.120
F 2.511886432e+01 6 4 0.264272 -14.3208 0.726760 13.120
F 2.570395783e+01 6 4 0.149389 -14.9059 0.726760 13.120
F 2.630267992e+01 6 4 0.031830 -15.5046 0.726760 13.120
F 2.691534804e+01 6 4 -0.088467 -16.1173 0.726760 13.120
F 2.754228703e+01 6 4 -0.211566 -16.7442 0.726760 13.120
F 2.818382931e+01 6 4 -0.337532 -17.3857 0.726760 13.120
F 2.884031503e+01 6 4 -0.466433 -18.0422 0.726760 13.120
F 2.951209227e+01 7 5 0.401664 -15.3463 0.726760 14.845
F 3.019951720e+01 7 5 0.266688 -16.0337 0.726760 14.845
R 3.063958362e+01 1.180281 8 5 2.901127e+01
S 3.162277660e+01 8 5 2 1.180281 0.987232 0.105247 -0.500000 10.185916 8.639437e+00 0.726760 1 1.628314e+00 5.314412e-02 0 0 5.612693e-02 0 0 16.474 -17.457 8 0 0 0 0.0 1.180281
F 3.090295433e+01 8 5 1.128569 -16.7372 1.180281 16.474
F 3.162277660e+01 8 5 0.987232 -17.4570 1.180281 16.474
F 3.235936569e+01 8 5 0.842603 -18.1936 1.180281 16.474
F 3.311311215e+01 8 5 0.694605 -18.9473 1.180281 16.474
F 3.388441561e+01 8 5 0.543160 -19.7186 1.180281 16.474
F 3.467368505e+01 8 5 0.388187 -20.5079 1.180281 16.474
F 3.548133892e+01 8 5 0.229605 -21.3156 1.180281 16.474
F 3.630780548e+01 8 5 0.067329 -22.1420 1.180281 16.474
F 3.715352291e+01 8 5 -0.098728 -22.9877 1.180281 16.474
F 3.801893963e+01 8 5 -0.268652 -23.8532 1.180281 16.474
F 3.890451450e+01 8 5 -0.442534 -24.7387 1.180281 16.474
P       31.6 9 6 1.18 21.4 1 -21.4
F 3.981071706e+01 9 6 0.379534 -21.9763 1.180281 21.363
F 4.073802778e+01 9 6 0.197456 -22.9036 1.180281 21.363
F 4.168693835e+01 9 6 0.011138 -23.8526 1.180281 21.363
F 4.265795188e+01 9 6 -0.179520 -24.8236 1.180281 21.363
F 4.365158322e+01 9 6 -0.374619 -25.8172 1.180281 21.363
F 4.466835922e+01 11 7 1.425738 -21.7773 1.438003 22.665
F 4.570881896e+01 11 7 1.221444 -22.8177 1.438003 22.665
F 4.677351413e+01 11 7 1.012392 -23.8824 1.438003 22.665
F 4.786300923e+01 11 7 0.798470 -24.9719 1.438003 22.665
F 4.897788194e+01 11 7 0.579565 -26.0868 1.438003 22.665
F 5.011872336e+01 11 7 0.355561 -27.2276 1.438003 22.665
F 5.128613840e+01 11 7 0.126340 -28.3950 1.438003 22.665
F 5.248074602e+01 11 7 -0.108221 -29.5896 1.438003 22.665
F 5.370317964e+01 11 7 -0.348245 -30.8121 1.438003 22.665
F 5.495408739e+01 12 8 0.406140 -28.0652 1.438003 27.587
F 5.623413252e+01 12 8 0.154803 -29.3453 1.438003 27.587
F 5.754399373e+01 12 8 -0.102387 -30.6551 1.438003 27.587
F 5.888436554e+01 12 8 -0.365569 -31.9955 1.438003 27.587
F 6.025595861e+01 13 9 0.365120 -29.2800 1.438003 28.593
F 6.165950019e+01 13 9 0.089535 -30.6835 1.438003 28.593
F 6.309573445e+01 13 9 -0.192469 -32.1197 1.438003 28.593
F 6.456542290e+01 13 9 -0.481042 -33.5894 1.438003 28.593
F 6.606934480e+01 14 10 0.223664 -30.9242 1.438003 29.517
F 6.760829754e+01 15 10 0.921491 -32.4631 1.438003 31.619
F 6.918309709e+01 15 10 0.612280 -34.0379 1.438003 31.619
F 7.079457844e+01 15 10 0.295867 -35.6494 1.438003 31.619
F 7.244359601e+01 15 10 -0.027917 -37.2984 1.438003 31.619
F 7.413102413e+01 15 10 -0.359243 -38.9859 1.438003 31.619
F 7.585775750e+01 16 10 0.301714 -38.5562 1.438003 37.338
F 7.762471166e+01 16 10 -0.045227 -40.3232 1.438003 37.338
F 7.943282347e+01 16 10 -0.400249 -42.1313 1.438003 37.338
F 8.128305162e+01 17 11 0.236460 -39.6003 1.438003 38.258
F 8.317637711e+01 17 11 -0.135294 -41.4936 1.438003 38.258
F 8.511380382e+01 18 11 0.484293 -43.4310 1.438003 43.143
F 8.709635900e+01 18 11 0.095019 -45.4136 1.438003 43.143
F 8.912509381e+01 18 11 -0.303322 -47.4423 1.438003 43.143
F 9.120108394e+01 19 12 0.289059 -45.0171 1.438003 43.943
F 9.332543008e+01 19 12 -0.128056 -47.1414 1.438003 43.943
S 1.000000000e+02 20 13 6 1.438003 -0.438605 0.148828 -0.500000 15.278875 6.466198e+01 1.087323 2 3.157456e-01 7.078564e-03 0 0 2.446289e-03 0 0 44.480 -49.260 20 0 0 0 0.0 1.438003
F 9.549925860e+01 20 13 0.445114 -44.7591 1.438003 44.480
F 9.772372210e+01 20 13 0.008342 -46.9835 1.438003 44.480
F 1.000000000e+02 20 13 -0.438605 -49.2598 1.438003 44.480
P        100 21 14 1.44 45.0 2 -45.0
F 1.023292992e+02 21 14 0.104039 -46.9808 1.438003 44.964
F 1.047128548e+02 22 14 0.636029 -49.3644 1.438003 47.539
F 1.071519305e+02 22 14 0.157117 -51.8034 1.438003 47.539
F 1.096478196e+02 23 14 0.667051 -54.2993 1.438003 53.314
F 1.122018454e+02 23 14 0.165569 -56.8534 1.438003 53.314
F 1.148153621e+02 23 14 -0.347594 -59.4669 1.438003 53.314
F 1.174897555e+02 24 15 0.127290 -57.3912 1.438003 55.493
F 1.202264435e+02 24 15 -0.410057 -60.1279 1.438003 55.493
F 1.230268771e+02 25 16 0.040079 -58.1351 1.438003 55.793
F 1.258925412e+02 26 17 0.477407 -56.1663 1.438003 56.051
F 1.288249552e+02 26 17 -0.098371 -59.0987 1.438003 56.051
F 1.318256739e+02 27 18 0.312439 -57.2252 1.438003 56.270
F 1.348962883e+02 27 18 -0.290475 -60.2958 1.438003 56.270
F 1.380384265e+02 28 19 0.092568 -58.5256 1.438003 56.451
F 1.412537545e+02 29 19 0.461240 -61.7409 1.438003 59.499
F 1.445439771e+02 29 19 -0.184794 -65.0311 1.438003 59.499
F 1.479108388e+02 30 20 0.154124 -63.4134 1.438003 61.652
F 1.513561248e+02 31 21 0.477644 -61.8398 1.438003 61.726
F 1.548816619e+02 31 21 -0.214594 -65.3653 1.438003 61.726
R 1.581938567e+02 2.135058 34 22 1.563352e+02
F 1.584893192e+02 34 22 2.077044 -62.6550 2.135058 62.506
F 1.621810097e+02 34 22 1.352183 -66.3467 2.135058 62.506
F 1.659586907e+02 35 22 1.610437 -70.1244 2.261970 66.806
F 1.698243652e+02 35 22 0.851413 -73.9901 2.261970 66.806
F 1.737800829e+02 35 22 0.074710 -77.9458 2.261970 66.806
F 1.778279410e+02 36 23 0.279915 -76.8191 2.261970 75.698
F 1.819700859e+02 37 24 0.466607 -75.7584 2.261970 75.698
F 1.862087137e+02 37 24 -0.365646 -79.9970 2.261970 75.698
F 1.905460718e+02 38 25 -0.217284 -79.1038 2.261970 75.698
F 1.949844600e+02 40 26 0.911240 -78.2848 2.261970 76.499
F 1.995262315e+02 40 26 0.019466 -82.8266 2.261970 76.499
F 2.041737945e+02 41 27 0.106919 -82.1650 2.261970 80.163
F 2.089296131e+02 42 27 0.173116 -86.9208 2.261970 84.632
F 2.137962090e+02 43 27 0.217562 -91.7874 2.261970 89.251
F 2.187761624e+02 44 28 0.239751 -91.3854 2.261970 90.060
F 2.238721139e+02 45 29 0.239163 -91.0762 2.261970 90.060
F 2.290867653e+02 46 30 0.215268 -90.8631 2.261970 90.060
F 2.344228815e+02 47 30 0.167524 -96.1992 2.261970 91.099
F 2.398832919e+02 48 30 0.095375 -101.6597 2.261970 98.553
F 2.454708916e+02 49 31 -0.001747 -101.7545 2.261970 99.199
F 2.511886432e+02 51 32 0.875575 -101.9588 2.261970 101.411
F 2.570395783e+02 51 32 -0.273254 -107.8098 2.261970 101.411
F 2.630267992e+02 52 33 -0.448842 -108.2433 2.261970 103.411
F 2.691534804e+02 54 34 0.348187 -108.7967 2.261970 104.352
F 2.754228703e+02 55 35 0.117195 -109.4549 2.261970 107.505
F 2.818382931e+02 56 36 -0.142470 -110.2407 2.261970 107.505
F 2.884031503e+02 57 36 -0.431477 -116.8055 2.261970 111.911
F 2.951209227e+02 59 38 0.249492 -112.1747 2.261970 111.911
F 3.019951720e+02 61 39 0.899736 -113.3487 2.261970 112.186
F 3.090295433e+02 61 39 -0.481459 -120.3831 2.261970 112.186
S 3.162277660e+02 63 41 21 2.261970 0.105173 0.222226 -0.500000 20.371833 1.563352e+02 2.261970 2 7.388470e-01 4.703812e-03 0 0 5.309884e-04 0 0 114.744 -116.097 63 0 0 0 0.0 2.261970
F 3.162277660e+02 63 41 0.105173 -116.0974 2.261970 114.744
P        316 64 42 2.26 114.7 2 -113.4
F 3.235936569e+02 65 42 0.658884 -117.6972 2.261970 114.744
F 3.311311215e+02 66 43 0.178906 -119.4371 2.261970 117.802
F 3.388441561e+02 69 44 1.664455 -121.3372 2.261970 121.135
F 3.467368505e+02 69 44 0.114728 -129.2299 2.261970 121.135
F 3.548133892e+02 71 45 0.528903 -128.5137 2.261970 128.094
F 3.630780548e+02 72 45 -0.093860 -136.7784 2.261970 129.457
F 3.715352291e+02 74 46 0.245578 -139.3214 2.261970 138.590
F 3.801893963e+02 75 47 -0.453664 -142.0477 2.261970 138.590
F 3.890451450e+02 78 48 0.807514 -144.9622 2.261970 141.287
F 3.981071706e+02 79 49 0.028189 -148.0435 2.261970 145.641
F 4.073802778e+02 81 51 0.207419 -145.3171 2.261970 145.641
F 4.168693835e+02 83 52 0.344238 -148.7754 2.261970 147.982
F 4.265795188e+02 85 54 0.437657 -146.3874 2.261970 147.982
F 4.365158322e+02 87 55 0.486666 -150.2450 2.261970 150.177
F 4.466835922e+02 89 56 0.490231 -154.3225 2.261970 153.706
F 4.570881896e+02 91 57 0.447293 -158.6028 2.261970 158.334
F 4.677351413e+02 93 58 0.356769 -163.1144 2.261970 159.509
F 4.786300923e+02 95 59 0.217551 -167.8415 2.261970 166.403
F 4.897788194e+02 97 60 0.028503 -172.8011 2.261970 171.403
F 5.011872336e+02 99 61 -0.211534 -178.0101 2.261970 171.403
F 5.128613840e+02 102 64 0.496252 -170.9944 2.261970 173.259
F 5.248074602e+02 104 64 0.150646 -182.9405 2.261970 176.448
F 5.370317964e+02 107 66 0.750403 -182.6166 2.261970 181.962
F 5.495408739e+02 109 67 0.294251 -188.8278 2.261970 185.434
R 5.610312049e+02 3.038130 114 68 5.535860e+02
F 5.623413252e+02 114 68 2.780889 -194.0459 3.038130 192.736
F 5.754399373e+02 115 68 1.208982 -203.9698 3.038130 200.616
F 5.888436554e+02 116 68 -0.422832 -217.3736 3.038130 205.331
F 6.025595861e+02 119 71 -0.115949 -211.9273 3.038130 211.388
F 6.165950019e+02 122 74 0.128204 -206.7243 3.038130 211.388
F 6.309573445e+02 125 76 0.308165 -208.2197 3.038130 211.388
F 6.456542290e+02 129 78 1.422438 -207.8448 3.038130 211.388
F 6.606934480e+02 131 80 0.469494 -209.9056 3.038130 211.388
F 6.760829754e+02 134 82 0.447768 -212.2709 3.038130 213.428
F 6.918309709e+02 137 82 0.355656 -228.0189 3.038130 226.832
F 7.079457844e+02 140 84 0.191520 -231.0206 3.038130 230.917
F 7.244359601e+02 143 86 -0.046319 -234.3690 3.038130 230.917
F 7.413102413e+02 147 88 0.640424 -238.0591 3.038130 234.650
F 7.585775750e+02 150 90 0.249991 -242.0805 3.038130 240.807
F 7.762471166e+02 153 92 -0.219415 -246.4704 3.038130 241.408
F 7.943282347e+02 157 94 0.230365 -251.2259 3.038130 246.144
F 8.128305162e+02 160 96 -0.402549 -256.3575 3.038130 250.836
F 8.317637711e+02 164 98 -0.120085 -261.8636 3.038130 259.464
F 8.511380382e+02 168 99 0.075787 -271.1443 3.038130 263.096
F 8.709635900e+02 172 101 0.183049 -277.4639 3.038130 273.145
F 8.912509381e+02 176 103 0.199637 -284.1983 3.038130 281.841
F 9.120108394e+02 180 107 0.123440 -277.7378 3.038130 281.841
F 9.332543008e+02 184 110 -0.047704 -278.4963 3.038130 281.841
F 9.549925860e+02 188 111 -0.316006 -293.3772 3.038130 289.221
F 9.772372210e+02 193 115 0.316270 -288.1341 3.038130 289.221
S 1.000000000e+03 198 118 79 3.038130 0.846809 0.285959 -0.500000 35.650707 5.535860e+02 3.038130 2 2.157295e-02 2.452707e-05 0 0 2.452767e-05 0 0 289.221 -290.209 198 0 0 0 0.0 3.038130
F 1.000000000e+03 198 118 0.846809 -290.2093 3.038130 289.221
P      1e+03 199 118 3.04 295.7 2 -295.7
F 1.023292992e+03 202 121 0.273240 -292.7284 3.038130 295.667
F 1.047128548e+03 207 122 0.593140 -309.6194 3.038130 305.137
F 1.071519305e+03 212 124 0.804026 -320.0872 3.038130 315.465
F 1.096478196e+03 217 127 0.903359 -324.0782 3.038130 323.902
F 1.122018454e+03 222 130 0.888541 -328.5856 3.038130 327.975
F 1.148153621e+03 227 131 0.756913 -347.6916 3.038130 336.698
F 1.174897555e+03 232 134 0.505754 -353.2680 3.038130 353.018
F 1.202264435e+03 238 137 1.132280 -359.3978 3.038130 358.119
F 1.230268771e+03 242 140 -0.366359 -366.0888 3.038130 361.677
F 1.258925412e+03 249 145 1.006923 -359.1144 3.038130 362.383
F 1.288249552e+03 254 147 0.249142 -374.1304 3.038130 370.794
F 1.318256739e+03 260 149 0.357244 -389.8017 3.038130 384.592
F 1.348962883e+03 266 154 0.328107 -384.5213 3.038130 388.275
F 1.380384265e+03 272 156 0.158533 -401.4887 3.038130 402.264
F 1.412537545e+03 278 160 -0.154749 -404.6898 3.038130 402.264
F 1.445439771e+03 285 164 0.384914 -408.5352 3.038130 409.852
F 1.479108388e+03 292 169 0.774097 -405.7586 3.038130 409.852
F 1.513561248e+03 299 173 1.009293 -410.9665 3.038130 409.852
F 1.548816619e+03 306 175 1.086918 -427.8820 3.038130 426.919
F 1.584893192e+03 313 178 1.003299 -441.8910 3.038130 438.966
F 1.621810097e+03 320 182 0.754682 -449.2869 3.038130 447.579
F 1.659586907e+03 327 186 0.337222 -457.4548 3.038130 456.518
F 1.698243652e+03 335 191 0.746988 -458.9876 3.038130 457.412
F 1.737800829e+03 343 195 0.979955 -468.7566 3.038130 467.005
F 1.778279410e+03 350 199 0.032004 -479.3329 3.038130 481.725
F 1.819700859e+03 359 203 0.898921 -490.7637 3.038130 494.291
F 1.862087137e+03 366 208 -0.423605 -495.5484 3.038130 496.233
F 1.905460718e+03 375 211 0.060012 -516.3248 3.038130 513.116
F 1.949844600e+03 384 216 0.345258 -522.8806 3.038130 525.084
F 1.995262315e+03 393 218 0.427510 -548.0836 3.045042 542.507
F 2.041737945e+03 402 226 0.302042 -533.6762 3.045042 545.206
F 2.089296131e+03 411 234 -0.035986 -520.1569 3.045042 545.206
F 2.137962090e+03 421 239 0.408475 -530.5387 3.045042 545.206
F 2.187761624e+03 430 241 -0.369641 -564.9846 3.045042 557.249
F 2.238721139e+03 440 247 -0.375518 -569.7499 3.045042 561.683
F 2.290867653e+03 453 253 2.385538 -575.5720 3.157765 571.639
F 2.344228815e+03 462 258 0.908098 -590.1848 3.157765 588.652
F 2.398832919e+03 472 263 0.186607 -605.9256 3.157765 603.863
F 2.454708916e+03 483 268 0.215381 -622.8154 3.157765 621.691
F 2.511886432e+03 494 274 -0.011398 -633.0918 3.157765 626.349
F 2.570395783e+03 505 279 -0.499682 -652.4081 3.157765 649.421
F 2.630267992e+03 517 285 -0.255563 -665.1084 3.157765 661.260
F 2.691534804e+03 529 292 -0.285273 -671.1808 3.157765 666.090
F 2.754228703e+03 542 300 0.404808 -670.6078 3.157765 669.928
F 2.818382931e+03 554 305 -0.191845 -695.0741 3.337984 699.560
F 2.884031503e+03 567 312 -0.081912 -705.0487 3.337984 704.958
F 2.951209227e+03 580 316 -0.272227 -740.3066 3.337984 732.163
F 3.019951720e+03 594 324 0.230216 -741.0241 3.337984 746.222
F 3.090295433e+03 608 332 0.418260 -747.1554 3.337984 754.502
S 3.162277660e+03 622 340 281 3.337984 0.284583 0.355990 -0.500000 40.743665 1.959242e+03 3.045042 2 6.471886e-02 2.452707e-05 0 0 2.303674e-06 0 0 758.153 -754.754 622 0 0 0 0.0 3.337984
F 3.162277660e+03 622 340 0.284583 -754.7541 3.337984 758.153
P   3.16e+03 623 341 3.34 758.2 2 -750.7
F 3.235936569e+03 636 349 -0.178310 -755.7824 3.337984 758.153
F 3.311311215e+03 651 355 0.021913 -782.5929 3.337984 777.093
F 3.388441561e+03 666 364 -0.122595 -786.6588 3.337984 792.291
F 3.467368505e+03 683 373 1.380136 -792.3232 3.337984 797.158
F 3.548133892e+03 698 376 0.521889 -848.6195 3.337984 842.163
F 3.630780548e+03 714 384 0.294256 -861.7027 3.337984 856.577
F 3.715352291e+03 730 392 -0.311367 -880.5905 3.337984 879.886
F 3.801893963e+03 747 400 -0.303784 -901.2922 3.337984 896.116
F 3.890451450e+03 766 410 1.307994 -907.3042 3.337984 906.938
F 3.981071706e+03 783 419 0.514748 -923.4288 3.337984 924.800
F 4.073802778e+03 801 429 0.307045 -933.1246 3.337984 945.957
F 4.168693835e+03 820 441 0.675229 -928.1279 3.337984 945.957
F 4.265795188e+03 838 446 -0.390577 -979.3422 3.337984 972.817
F 4.365158322e+03 858 458 0.099517 -978.2905 3.337984 976.376
F 4.466835922e+03 878 466 0.135167 -1012.8394 3.337984 1003.398
F 4.570881896e+03 898 477 -0.294212 -1024.3234 3.337984 1019.631
F 4.677351413e+03 919 488 -0.199453 -1037.9568 3.337984 1037.623
F 4.786300923e+03 943 500 2.408361 -1045.3658 3.337984 1046.249
F 4.897788194e+03 962 511 -0.482113 -1063.5030 3.337984 1062.469
F 5.011872336e+03 985 524 0.117518 -1066.9690 3.337984 1080.918
F 5.128613840e+03 1009 538 1.195377 -1064.2846 3.337984 1080.918
F 5.248074602e+03 1031 544 -0.260689 -1132.4147 3.337984 1128.448
F 5.370317964e+03 1056 554 0.736883 -1168.9234 3.337984 1167.369
F 5.495408739e+03 1081 566 1.175367 -1190.8245 3.337984 1184.846
F 5.623413252e+03 1105 578 0.041740 -1213.2001 3.337984 1217.471
F 5.754399373e+03 1131 592 0.322675 -1223.1455 3.337984 1224.277
F 5.888436554e+03 1157 604 0.004536 -1253.1663 3.337984 1249.701
F 6.025595861e+03 1184 615 0.073369 -1294.7356 3.337984 1290.978
F 6.165950019e+03 1212 630 0.514894 -1304.3866 3.337984 1295.532
F 6.309573445e+03 1242 645 2.314501 -1316.9340 3.439337 1325.562
F 6.456542290e+03 1270 659 1.457235 -1336.8419 3.439337 1342.885
F 6.606934480e+03 1300 673 1.927798 -1364.2549 3.439337 1362.553
F 6.760829754e+03 1328 687 -0.289468 -1391.8877 3.439337 1394.990
F 6.918309709e+03 1359 704 -0.210585 -1399.2813 3.439337 1394.990
F 7.079457844e+03 1391 719 0.148052 -1426.3437 3.439337 1431.577
F 7.244359601e+03 1423 731 -0.230332 -1484.7513 3.535094 1479.733
F 7.413102413e+03 1457 750 0.637094 -1484.4339 3.535094 1482.464
F 7.585775750e+03 1490 764 -0.267236 -1532.1958 3.535094 1528.288
F 7.762471166e+03 1526 784 1.038700 -1529.9545 3.535094 1551.207
F 7.943282347e+03 1561 797 0.536508 -1594.1780 3.535094 1592.722
F 8.128305162e+03 1597 810 0.207363 -1657.8310 3.535094 1655.749
F 8.317637711e+03 1635 831 1.032004 -1657.8949 3.535094 1655.749
F 8.511380382e+03 1673 850 0.990720 -1679.9355 3.535094 1677.658
F 8.709635900e+03 1711 867 0.063340 -1724.1419 3.535094 1720.477
F 8.912509381e+03 1751 889 0.229225 -1727.1579 3.535094 1739.595
F 9.120108394e+03 1793 906 1.467254 -1775.3733 3.535094 1775.200
F 9.332543008e+03 1833 927 -0.244185 -1796.0732 3.535094 1799.318
F 9.549925860e+03 1877 950 1.072792 -1802.9444 3.535094 1807.845
F 9.772372210e+03 1920 965 0.395553 -1887.7304 3.535094 1883.511
S 1.000000000e+04 1964 990 973 3.535094 -0.299059 0.401686 -0.500000 66.208456 3.492223e+03 2.664737 3 7.712245e-03 8.719396e-07 0 0 4.409493e-07 0 0 1911.316 -1885.376 1964 0 0 0 0.0 3.535094
F 1.000000000e+04 1964 990 -0.299059 -1885.3761 3.535094 1911.316
P      1e+04 1965 990 3.54 1911.3 3 -1886.3
F 1.023292992e+04 2011 1008 0.965258 -1947.6961 3.535094 1944.464
F 1.047128548e+04 2058 1032 1.164253 -1964.1903 3.535094 1963.421
F 1.071519305e+04 2105 1059 0.273114 -1957.8405 3.535094 1981.733
F 1.096478196e+04 2154 1080 0.266446 -2012.3083 3.535094 2015.561
F 1.122018454e+04 2204 1104 0.118266 -2044.1540 3.535094 2050.656
F 1.148153621e+04 2256 1127 0.801985 -2090.7822 3.535094 2089.129
F 1.174897555e+04 2308 1149 0.290395 -2152.2930 3.535094 2155.418
F 1.202264435e+04 2361 1176 -0.444348 -2172.6027 3.535094 2185.030
F 1.230268771e+04 2416 1195 -0.430733 -2273.9030 3.535094 2273.487
F 1.258925412e+04 2473 1222 0.302084 -2305.8673 3.535094 2318.356
F 1.288249552e+04 2532 1251 1.724270 -2324.9833 3.535094 2333.984
F 1.318256739e+04 2590 1280 0.805296 -2350.2616 3.535094 2362.050
R 1.324084166e+04 4.363169 2605 1284 1.322996e+04
F 1.348962883e+04 2651 1307 1.513923 -2396.0682 4.363169 2411.083
F 1.380384265e+04 2711 1335 -0.181816 -2440.5110 4.363169 2434.950
F 1.412537545e+04 2774 1365 -0.314634 -2475.7567 4.363169 2471.608
F 1.445439771e+04 2839 1395 0.081996 -2517.7784 4.363169 2514.433
F 1.479108388e+04 2905 1420 -0.026179 -2609.9135 4.363169 2599.991
F 1.513561248e+04 2973 1451 0.325788 -2656.4134 4.363169 2669.029
F 1.548816619e+04 3043 1485 1.102030 -2681.3396 4.363169 2686.259
F 1.584893192e+04 3113 1515 0.265843 -2747.5245 4.363169 2754.348
F 1.621810097e+04 3186 1548 0.779670 -2797.2036 4.363169 2797.047
F 1.659586907e+04 3261 1587 1.605077 -2796.4678 4.363169 2807.067
F 1.698243652e+04 3335 1618 -0.297265 -2881.4846 4.363169 2878.001
F 1.737800829e+04 3413 1656 0.032401 -2901.6424 4.363169 2912.371
F 1.778279410e+04 3492 1689 -0.447107 -2983.8377 4.363169 2981.433
F 1.819700859e+04 3574 1719 0.222069 -3104.1138 4.363169 3099.666
F 1.862087137e+04 3657 1755 -0.003194 -3169.4996 4.363169 3170.609
F 1.905460718e+04 3742 1795 -0.167021 -3209.5062 4.363169 3205.257
F 1.949844600e+04 3829 1834 -0.314569 -3268.5274 4.363169 3287.616
F 1.995262315e+04 3918 1874 -0.492045 -3327.1323 4.363169 3317.063
F 2.041737945e+04 4010 1920 0.253270 -3335.9173 4.363169 3331.744
F 2.089296131e+04 4104 1959 0.872990 -3423.9690 4.363169 3432.864
F 2.137962090e+04 4199 2004 0.317603 -3457.5056 4.363169 3468.489
F 2.187761624e+04 4296 2047 -0.463554 -3526.3146 4.363169 3530.370
F 2.238721139e+04 4397 2088 0.477673 -3625.7545 4.363169 3626.774
F 2.290867653e+04 4499 2136 0.088232 -3660.9515 4.363169 3659.358
F 2.344228815e+04 4604 2182 0.313834 -3732.2532 4.363169 3735.647
F 2.398832919e+04 4711 2229 0.098927 -3804.8020 4.363169 3826.006
F 2.454708916e+04 4821 2273 0.386664 -3910.9057 4.363169 3904.685
F 2.511886432e+04 4935 2327 2.118875 -3934.9416 4.363169 3948.104
F 2.570395783e+04 5048 2382 0.236032 -3962.1066 4.363169 4012.882
F 2.630267992e+04 5167 2431 1.677224 -4062.7308 4.363169 4062.208
F 2.691534804e+04 5287 2480 1.380120 -4176.1000 4.363169 4182.568
F 2.754228703e+04 5409 2534 0.280937 -4251.6453 4.399547 4240.181
F 2.818382931e+04 5535 2587 0.314405 -4350.7071 4.399547 4383.889
F 2.884031503e+04 5664 2644 0.413735 -4422.4385 4.399547 4452.908
F 2.951209227e+04 5796 2702 0.510583 -4497.9318 4.399547 4505.921
F 3.019951720e+04 5930 2755 -0.464987 -4639.2385 4.399547 4639.546
F 3.090295433e+04 6069 2824 0.415457 -4630.0935 4.399547 4659.950
S 3.162277660e+04 6211 2888 3322 4.399547 1.078683 0.491378 -0.500000 81.487331 1.566949e+04 4.323686 3 1.019412e-03 3.586732e-08 0 0 1.810928e-07 0 0 4685.245 -4682.343 6211 0 0 0 0.0 4.399547
F 3.162277660e+04 6211 2888 1.078683 -4682.3431 4.399547 4685.245
P   3.16e+04 6212 2888 4.40 4685.2 3 -4682.4
F 3.235936569e+04 6355 2948 0.449754 -4796.4959 4.399547 4831.615
F 3.311311215e+04 6503 3013 0.451983 -4869.3053 4.399547 4875.259
F 3.388441561e+04 6654 3074 0.006902 -5005.0467 4.399547 5006.130
F 3.467368505e+04 6809 3146 0.034211 -5042.4467 4.785371 5088.412
F 3.548133892e+04 6968 3211 0.451743 -5164.6326 4.785371 5184.082
F 3.630780548e+04 7131 3277 1.175415 -5298.8342 4.785371 5300.924
F 3.715352291e+04 7296 3351 0.119185 -5361.4408 4.785371 5396.752
F 3.801893963e+04 7468 3425 2.195009 -5447.3537 4.785371 5467.937
R 3.810120812e+04 5.041629 7487 3433 3.808359e+04
F 3.890451450e+04 7640 3496 0.312791 -5583.3532 5.041629 5579.052
F 3.981071706e+04 7818 3571 0.380335 -5695.9915 5.041629 5688.591
F 4.073802778e+04 8000 3638 0.303300 -5912.8672 5.041629 5905.750
F 4.168693835e+04 8186 3723 -0.014854 -5953.2586 5.041629 5953.901
F 4.265795188e+04 8377 3803 0.327084 -6072.3502 5.041629 6070.203
F 4.365158322e+04 8573 3888 1.228026 -6158.7915 5.041629 6177.160
F 4.466835922e+04 8771 3972 -0.415473 -6277.0663 5.041629 6288.957
F 4.570881896e+04 8976 4064 0.290734 -6331.4441 5.041629 6355.261
F 4.677351413e+04 9185 4149 0.238326 -6483.1332 5.041629 6476.071
F 4.786300923e+04 9400 4246 1.316463 -6523.1042 5.075883 6549.505
F 4.897788194e+04 9618 4335 0.411719 -6675.7116 5.075883 6682.806
F 5.011872336e+04 9842 4420 0.408029 -6892.1864 5.075883 6909.249
F 5.128613840e+04 10071 4516 0.186623 -7019.5831 5.075883 7025.482
F 5.248074602e+04 10306 4624 0.625964 -7036.2562 5.075883 7047.046
F 5.370317964e+04 10545 4721 -0.398314 -7203.3434 5.075883 7215.261
F 5.495408739e+04 10791 4825 -0.013476 -7320.3071 5.075883 7371.395
F 5.623413252e+04 11043 4931 0.650249 -7442.1817 5.075883 7469.513
F 5.754399373e+04 11301 5039 1.459601 -7569.5311 5.075883 7607.160
F 5.888436554e+04 11563 5140 0.278213 -7801.7766 5.075883 7812.428
F 6.025595861e+04 11832 5249 -0.033456 -7965.7674 5.075883 7979.428
F 6.165950019e+04 12108 5358 0.381799 -8162.8732 5.075883 8163.543
F 6.309573445e+04 12390 5479 0.377861 -8263.2205 5.075883 8260.524
F 6.456542290e+04 12679 5591 0.805208 -8493.8266 5.075883 8488.679
F 6.606934480e+04 12973 5719 -0.489166 -8578.7019 5.075883 8573.664
F 6.760829754e+04 13276 5847 0.338170 -8690.0561 5.075883 8727.796
F 6.918309709e+04 13586 5981 1.127001 -8773.0125 5.198872 8794.534
F 7.079457844e+04 13901 6118 -0.286621 -8850.5096 5.198872 8876.099
F 7.244359601e+04 14226 6240 0.929536 -9135.7306 5.198872 9135.048
F 7.413102413e+04 14558 6379 1.603799 -9266.0472 5.198872 9274.863
F 7.585775750e+04 14898 6524 2.560494 -9359.4691 5.198872 9421.447
F 7.762471166e+04 15243 6648 0.619856 -9725.9550 5.699824 9718.576
F 7.943282347e+04 15598 6799 0.597932 -9832.1683 5.699824 9833.485
F 8.128305162e+04 15961 6943 0.306486 -10056.0495 5.699824 10089.807
F 8.317637711e+04 16334 7084 1.552894 -10353.6055 5.699824 10353.202
F 8.511380382e+04 16715 7253 2.140049 -10368.8942 5.699824 10385.484
F 8.709635900e+04 17102 7408 -0.133749 -10580.7128 5.699824 10593.614
F 8.912509381e+04 17501 7568 0.525101 -10786.4519 5.699824 10779.043
F 9.120108394e+04 17910 7737 1.905394 -10928.5398 5.699824 10931.527
F 9.332543008e+04 18327 7889 1.791004 -11315.0726 5.699824 11326.997
F 9.549925860e+04 18752 8063 -0.039228 -11495.6550 5.699824 11485.563
R 9.557497260e+04 6.094362 18773 8071 9.554235e+04
F 9.772372210e+04 19189 8234 0.188386 -11751.6068 6.094362 11796.645
S 1.000000000e+05 19637 8415 11221 6.880053 1.242265 0.575926 -0.500000 178.253536 9.868470e+04 6.880053 3 7.818910e-04 1.410668e-08 0 0 1.927815e-08 0 0 11959.335 -11940.364 19637 0 0 0 0.0 6.880053
F 1.000000000e+05 19637 8415 1.242265 -11940.3639 6.880053 11959.335
P      1e+05 19638 8415 6.88 11959.3 3 -11944.6
F 1.023292992e+05 20093 8610 -0.114569 -12016.5380 6.880053 12064.576
F 1.047128548e+05 20561 8795 -0.124612 -12263.7920 6.880053 12283.050
F 1.071519305e+05 21040 8990 -0.036010 -12446.6794 6.880053 12449.882
F 1.096478196e+05 21531 9194 0.897313 -12571.7634 6.880053 12569.653
F 1.122018454e+05 22032 9374 0.415517 -13029.0040 6.880053 13030.205
F 1.148153621e+05 22545 9590 0.252709 -13128.3411 6.880053 13189.750
R 1.167313883e+05 7.041854 22928 9740 1.167087e+05
F 1.174897555e+05 23070 9793 0.136804 -13435.2239 7.041854 13459.672
F 1.202264435e+05 23609 9995 1.789378 -13811.4635 7.041854 13811.247
F 1.230268771e+05 24157 10214 -0.074477 -14041.8155 7.041854 14068.926
F 1.258925412e+05 24720 10433 0.253693 -14335.3516 7.041854 14341.763
F 1.288249552e+05 25296 10667 0.475552 -14517.1431 7.041854 14540.270
F 1.318256739e+05 25885 10911 0.285816 -14644.1570 7.041854 14656.620
F 1.348962883e+05 26488 11130 0.372088 -15130.3755 7.041854 15158.752
F 1.380384265e+05 27105 11372 0.414694 -15405.2626 7.041854 15426.575
F 1.412537545e+05 27736 11622 0.086518 -15653.0274 7.041854 15657.687
F 1.445439771e+05 28382 11886 0.052818 -15809.5501 7.041854 15866.301
F 1.479108388e+05 29044 12134 0.971061 -16220.9505 7.041854 16247.092
F 1.513561248e+05 29720 12402 0.490732 -16472.7200 7.041854 16526.408
F 1.548816619e+05 30412 12669 0.253151 -16810.6818 7.041854 16822.785
F 1.584893192e+05 31120 12963 -0.108714 -16895.5878 7.041854 16905.909
F 1.621810097e+05 31845 13239 0.029553 -17269.4209 7.041854 17306.911
F 1.659586907e+05 32587 13521 0.283622 -17654.7737 7.041854 17660.199
F 1.698243652e+05 33347 13809 1.260208 -18055.6042 7.041854 18076.341
F 1.737800829e+05 34122 14114 -0.443132 -18328.8681 7.219723 18327.369
F 1.778279410e+05 34919 14412 1.761783 -18771.7624 7.219723 18766.059
F 1.819700859e+05 35732 14740 1.453542 -18939.1064 7.219723 18963.335
F 1.862087137e+05 36564 15043 1.200919 -19504.4560 7.219723 19510.155
F 1.905460718e+05 37416 15373 1.562642 -19827.5148 7.219723 19822.521
F 1.949844600e+05 38288 15720 2.087161 -20037.1600 7.219723 20042.929
F 1.995262315e+05 39179 16051 1.312408 -20543.1450 7.219723 20578.931
F 2.041737945e+05 40090 16392 -0.234448 -21025.2754 7.219723 21032.766
F 2.089296131e+05 41024 16752 -0.037250 -21369.2832 7.219723 21363.141
F 2.137962090e+05 41980 17124 0.408887 -21664.4784 7.219723 21706.725
F 2.187761624e+05 42959 17499 1.597315 -22037.7255 7.219723 22045.645
F 2.238721139e+05 43958 17869 0.009585 -22580.0909 7.219723 22578.705
F 2.290867653e+05 44982 18268 0.115173 -22868.5364 7.219723 23044.254
F 2.344228815e+05 46031 18685 1.371196 -23053.2827 7.219723 23150.130
F 2.398832919e+05 47102 19085 0.222127 -23556.7810 7.219723 23594.730
F 2.454708916e+05 48199 19489 0.099498 -24128.8614 7.219723 24122.242
F 2.511886432e+05 49322 19921 0.421600 -24480.0999 7.219723 24478.186
F 2.570395783e+05 50472 20338 1.593175 -25134.8950 7.480272 25168.816
F 2.630267992e+05 51646 20788 0.005098 -25498.8008 7.480272 25511.696
F 2.691534804e+05 52849 21216 0.034056 -26279.2677 7.480272 26286.393
F 2.754228703e+05 54080 21692 0.042220 -26587.4680 7.480272 26684.059
F 2.818382931e+05 55340 22169 0.376900 -27016.1403 7.480272 27025.047
F 2.884031503e+05 56630 22644 1.370206 -27608.4501 7.480272 27631.718
F 2.951209227e+05 57948 23159 0.338689 -27845.6298 7.480272 27880.120
F 3.019951720e+05 59301 23651 3.582981 -28511.1529 7.480272 28540.464
F 3.090295433e+05 60679 24158 0.387423 -29135.8471 7.480272 29169.291
S 3.162277660e+05 62092 24680 37411 7.480272 0.019688 0.653873 -0.500000 152.788745 1.167087e+05 7.041854 5 7.109399e-04 2.691842e-09 0 0 1.094633e-09 0 0 29781.540 -29728.061 62092 0 0 0 0.0 7.480272
F 3.162277660e+05 62092 24680 0.019688 -29728.0609 7.480272 29781.540
P   3.16e+05 62093 24680 7.48 29781.5 5 -29730.1
F 3.235936569e+05 63538 25217 -0.269610 -30287.3027 7.480272 30292.205
F 3.311311215e+05 65019 25757 0.752685 -30964.2219 7.480272 30976.201
F 3.388441561e+05 66535 26351 2.301872 -31120.4945 7.480272 31198.399
F 3.467368505e+05 68082 26924 -0.425032 -31710.2355 7.480272 31723.502
F 3.548133892e+05 69668 27521 -0.249714 -32151.6353 7.480272 32147.381
F 3.630780548e+05 71293 28128 1.987003 -32645.9414 7.480272 32665.655
F 3.715352291e+05 72952 28732 0.424707 -33356.9482 7.480272 33424.154
F 3.801893963e+05 74651 29356 0.182946 -33987.6841 7.480272 34104.983
F 3.890451450e+05 76393 29971 3.360760 -34928.1726 7.480272 34951.916
F 3.981071706e+05 78170 30624 1.036203 -35571.0883 7.480272 35583.111
F 4.073802778e+05 79990 31283 0.265852 -36332.7251 7.480272 36384.280
F 4.168693835e+05 81853 31957 0.084311 -37099.0066 7.480272 37125.058
F 4.265795188e+05 83759 32665 -0.496303 -37639.0211 7.480272 37705.555
F 4.365158322e+05 85712 33399 1.513116 -38038.7074 7.480272 38055.072
F 4.466835922e+05 87707 34111 0.078126 -38951.8520 7.480272 38953.740
F 4.570881896e+05 89750 34866 0.140191 -39512.5390 7.480272 39606.772
F 4.677351413e+05 91843 35617 2.616119 -40363.3029 7.480272 40360.625
F 4.786300923e+05 93980 36389 0.397485 -41170.2907 7.721334 41217.390
F 4.897788194e+05 96169 37181 0.350049 -41951.6061 7.721334 42049.635
F 5.011872336e+05 98409 37993 0.313147 -42699.0828 7.721334 42724.928
F 5.128613840e+05 100702 38820 1.099083 -43498.5209 7.721334 43552.366
F 5.248074602e+05 103047 39681 0.492495 -44107.7499 7.721334 44141.824
F 5.370317964e+05 105447 40564 0.249711 -44678.8896 7.721334 44747.675
F 5.495408739e+05 107904 41430 1.098090 -45751.9776 7.721334 45831.979
F 5.623413252e+05 110417 42340 0.735348 -46508.0258 7.721334 46577.894
F 5.754399373e+05 112988 43261 -0.171133 -47395.3012 7.721334 47483.748
F 5.888436554e+05 115622 44193 2.014988 -48420.5842 7.721334 48453.993
F 6.025595861e+05 118313 45151 -0.101711 -49390.7243 7.721334 49414.050
R 6.085412311e+05 8.405037 119496 45571 6.084796e+05
F 6.165950019e+05 121073 46093 4.050844 -50871.7846 8.695251 50892.876
F 6.309573445e+05 123890 47141 1.011465 -51243.4051 8.695251 51396.557
F 6.456542290e+05 126775 48159 0.284931 -52319.6964 8.695251 52368.575
F 6.606934480e+05 129729 49208 1.341191 -53313.0925 8.695251 53445.276
F 6.760829754e+05 132750 50313 0.614555 -53874.9113 8.695251 54017.853
F 6.918309709e+05 135844 51381 2.502864 -55266.8980 8.695251 55284.906
R 7.046760810e+05 9.371397 138373 52278 7.046041e+05
F 7.079457844e+05 139006 52510 0.366639 -56180.2181 9.636203 56258.048
F 7.244359601e+05 142245 53683 1.528214 -56853.0232 9.636203 56882.152
F 7.413102413e+05 145558 54832 1.270843 -58192.4550 9.636203 58282.161
F 7.585775750e+05 148947 56023 -0.162206 -59348.0414 9.636203 59392.729
F 7.762471166e+05 152417 57252 0.431414 -60350.3242 9.636203 60382.676
F 7.943282347e+05 155967 58497 0.212178 -61531.9744 9.636203 61534.794
F 8.128305162e+05 159600 59834 0.297712 -61841.4463 9.636203 62043.336
F 8.317637711e+05 163317 61092 -0.238202 -63627.1470 9.636203 63643.068
F 8.511380382e+05 167123 62389 1.633349 -65300.0676 9.636203 65332.423
F 8.709635900e+05 171016 63786 1.895365 -66016.4548 9.636203 66118.325
F 8.912509381e+05 174998 65144 0.483865 -67714.6900 9.636203 67800.700
F 9.120108394e+05 179076 66569 2.286792 -68928.0856 9.636203 68963.366
F 9.332543008e+05 183245 68027 0.142892 -70132.3694 9.636203 70166.929
F 9.549925860e+05 187515 69509 1.840570 -71467.6044 9.636203 71615.898
F 9.772372210e+05 191883 71070 2.116714 -72186.3849 9.636203 72206.736
S 1.000000000e+06 196350 72603 123746 9.636203 -0.344500 0.737808 -0.500000 249.554951 8.490506e+05 5.515680 4 1.864031e-04 2.680155e-10 0 0 4.281701e-11 0 0 73819.820 -73780.567 139296 62091 47923 0 0.0 9.636203
F 1.000000000e+06 196350 72603 -0.344500 -73780.5667 9.636203 73819.820
M 1.000000000e+06 196350 -0.344500 /private/tmp/rh-s40-free-greedy/win_pi16_1e11.mom.1.000000e+06
P      1e+06 196351 72604 9.64 73819.8 5 -73767.5
F 1.023292992e+06 200924 74177 0.087161 -75304.9824 9.636203 75367.596
F 1.047128548e+06 205605 75806 0.986729 -76558.0074 9.636203 76613.606
F 1.071519305e+06 210393 77454 -0.127245 -78086.1487 9.636203 78246.067
F 1.096478196e+06 215296 79167 2.205985 -79233.7292 9.636203 79256.355
F 1.122018454e+06 220309 80898 0.388023 -80664.5420 9.636203 80744.627
F 1.148153621e+06 225440 82632 -0.240056 -82623.8163 9.636203 82817.790
F 1.174897555e+06 230694 84493 2.600892 -83364.4553 9.636203 83563.444
F 1.202264435e+06 236067 86322 2.126633 -85140.1290 9.636203 85136.027
F 1.230268771e+06 241564 88196 0.488079 -86873.4438 9.636203 87020.930
F 1.258925412e+06 247192 90104 1.769780 -88745.7610 9.636203 88832.385
F 1.288249552e+06 252948 92072 -0.011625 -90398.3575 9.636203 90529.654
F 1.318256739e+06 258841 94057 1.091012 -92456.0697 9.636203 92472.344
F 1.348962883e+06 264869 96125 -0.046270 -93982.7134 9.636203 93992.171
F 1.380384265e+06 271040 98198 1.379799 -96113.0943 9.636203 96171.824
F 1.412537545e+06 277355 100380 3.098030 -97378.1740 9.636203 97416.220
F 1.445439771e+06 283813 102585 0.761038 -99023.0951 9.636203 99019.197
F 1.479108388e+06 290426 104832 2.943466 -100780.4189 9.636203 100823.504
F 1.513561248e+06 297189 107140 1.140172 -102409.6384 9.636203 102427.462
F 1.548816619e+06 304113 109473 2.764366 -104420.4433 9.636203 104448.305
F 1.584893192e+06 311194 111871 0.145715 -106268.9679 9.636203 106366.261
F 1.621810097e+06 318443 114302 0.528388 -108452.8073 9.636203 108572.803
F 1.659586907e+06 325860 116786 0.069075 -110667.8394 9.636203 110776.782
F 1.698243652e+06 333453 119330 2.834938 -112845.5300 9.636203 112871.173
F 1.737800829e+06 341217 121991 -0.198463 -114199.4586 9.636203 114280.428
F 1.778279410e+06 349165 124636 -0.149313 -116624.6393 9.636203 116632.268
F 1.819700859e+06 357299 127371 0.768278 -118633.2968 9.636203 118676.867
F 1.862087137e+06 365623 130192 2.242044 -120324.7124 9.636203 120402.466
F 1.905460718e+06 374139 132991 1.859271 -123241.4687 9.636203 123254.975
F 1.949844600e+06 382852 135909 0.104459 -125374.7071 9.636203 125407.083
F 1.995262315e+06 391771 138851 1.356931 -128137.3246 9.636203 128216.364
F 2.041737945e+06 400895 141857 -0.111621 -130957.9329 9.636203 131060.662
F 2.089296131e+06 410234 144977 0.860358 -133133.5470 9.636203 133305.989
F 2.137962090e+06 419789 148177 0.321722 -135180.1779 9.636203 135269.575
F 2.187761624e+06 429567 151417 0.205999 -137695.6683 9.636203 137840.935
F 2.238721139e+06 439574 154755 1.328702 -139872.8583 9.636203 139871.224
F 2.290867653e+06 449814 158123 2.384582 -142716.2629 9.636203 142715.546
F 2.344228815e+06 460290 161638 0.944816 -144554.1196 9.636203 144617.431
F 2.398832919e+06 471011 165177 0.454126 -147195.1271 9.636203 147288.838
F 2.454708916e+06 481982 168722 0.227836 -150937.8292 9.801079 150956.109
F 2.511886432e+06 493211 172443 2.448857 -153315.8073 9.801079 153365.108
F 2.570395783e+06 504698 176207 1.164602 -156293.6074 9.801079 156324.105
F 2.630267992e+06 516455 180032 2.283830 -159650.9434 9.801079 159789.148
F 2.691534804e+06 528484 184031 1.573418 -161741.5702 9.801079 161766.413
F 2.754228703e+06 540792 188031 -0.344945 -165152.1955 9.801079 165239.924
F 2.818382931e+06 553389 192154 0.001858 -168105.4054 9.801079 168108.283
R 2.881193949e+06 10.087321 565732 196228 2.881126e+06
F 2.884031503e+06 566279 196397 -0.065084 -170667.3498 10.768944 170666.919
F 2.951209227e+06 579470 200627 0.619743 -174861.2429 10.768944 174904.531
F 3.019951720e+06 592968 205061 1.062661 -177480.5670 10.768944 177941.137
F 3.090295433e+06 606782 209502 3.107087 -181502.3320 10.768944 181524.822
S 3.162277660e+06 620915 214016 406898 10.768944 2.429737 0.817881 -0.500000 239.369034 1.902325e+06 6.279827 6 1.429310e-06 5.073128e-13 0 0 5.073128e-13 0 0 185984.953 -185948.309 316578 62091 189336 0 0.0 10.768944
F 3.162277660e+06 620915 214016 2.429737 -185948.3093 10.768944 185984.953
P   3.16e+06 620916 214016 10.77 185985.0 6 -185949.0
F 3.235936569e+06 635376 218829 0.536751 -187509.4029 10.768944 187494.277
F 3.311311215e+06 650176 223600 0.759709 -191290.1748 10.768944 191407.926
F 3.388441561e+06 665320 228508 0.251575 -194665.3426 10.768944 194711.823
F 3.467368505e+06 680817 233508 -0.017470 -198327.5510 10.768944 198441.794
F 3.548133892e+06 696675 238647 -0.264283 -201623.2093 10.768944 201655.413
F 3.630780548e+06 712904 243885 1.102884 -205207.7463 10.768944 205205.390
F 3.715352291e+06 729511 249249 2.479924 -208679.3726 10.768944 208846.045
F 3.801893963e+06 746501 254603 0.062316 -214140.9014 10.768944 214195.125
F 3.890451450e+06 763890 260233 0.840457 -217309.6999 10.768944 217313.540
F 3.981071706e+06 781683 265944 0.594879 -221203.8609 10.768944 221399.665
F 4.073802778e+06 799890 271782 -0.108630 -225116.2345 10.768944 225256.608
F 4.168693835e+06 818523 277738 1.075964 -229256.9154 10.768944 229268.526
F 4.265795188e+06 837590 283782 2.269825 -234135.7901 10.768944 234268.394
F 4.365158322e+06 857098 290005 0.364011 -238387.4797 10.768944 238521.033
F 4.466835922e+06 877064 296407 2.014112 -242094.3036 10.768944 242287.273
F 4.570881896e+06 897493 302797 1.634764 -248198.6217 10.768944 248251.579
F 4.677351413e+06 918397 309458 0.394041 -252435.7231 10.768944 252517.854
F 4.786300923e+06 939791 316283 2.207707 -256478.9824 10.768944 256532.842
F 4.897788194e+06 961679 323244 -0.266658 -260785.4628 10.768944 260919.188
F 5.011872336e+06 984081 330297 1.364327 -266126.5515 10.768944 266152.861
F 5.128613840e+06 1007002 337560 0.223689 -270705.0685 10.768944 270765.785
F 5.248074602e+06 1030459 344942 1.157806 -276010.9607 10.768944 276109.246
F 5.370317964e+06 1054460 352559 -0.270039 -280283.0579 10.768944 280314.305
F 5.495408739e+06 1079022 360278 0.213751 -285653.2322 10.768944 285742.074
F 5.623413252e+06 1104155 368162 -0.413668 -291190.5231 10.768944 291183.896
F 5.754399373e+06 1129878 376237 3.521524 -296554.2268 10.768944 296757.395
F 5.888436554e+06 1156193 384462 0.382738 -302462.6986 10.768944 302681.455
F 6.025595861e+06 1183125 392950 1.215749 -307172.5162 10.768944 307249.975
F 6.165950019e+06 1210683 401592 0.741294 -312488.5747 10.768944 312744.160
R 6.169900692e+06 11.028317 1211469 401834 6.169827e+06
F 6.309573445e+06 1238883 410320 0.347507 -319529.1693 11.028317 319589.553
F 6.456542290e+06 1267741 419372 1.082166 -324636.9527 11.028317 324782.102
F 6.606934480e+06 1297272 428518 2.644765 -331488.1595 11.028317 331521.092
F 6.760829754e+06 1327487 437877 0.378407 -338281.7685 11.028317 338310.367
F 6.918309709e+06 1358409 447544 1.261497 -343596.6855 11.028317 343721.430
F 7.079457844e+06 1390050 457248 0.899249 -351760.5564 11.028317 351789.711
F 7.244359601e+06 1422427 467339 -0.485005 -357359.8238 11.028317 357445.834
R 7.411363043e+06 12.465776 1455231 477637 7.411236e+06
F 7.413102413e+06 1455566 477732 5.941286 -361786.8001 12.465776 361833.708
F 7.585775750e+06 1489466 488161 1.610794 -369334.2176 12.465776 369532.989
F 7.762471166e+06 1524159 498957 0.546993 -374868.0753 12.465776 375014.956
F 7.943282347e+06 1559664 509907 3.354632 -381798.2542 12.465776 382118.421
F 8.128305162e+06 1595992 521031 2.209978 -389916.1161 12.465776 389931.421
F 8.317637711e+06 1633166 532461 0.850838 -397234.2449 12.465776 397576.399
F 8.511380382e+06 1671206 544036 -0.433655 -406392.6583 12.465776 406408.027
F 8.709635900e+06 1710137 556028 3.186506 -413137.3797 12.465776 413361.274
F 8.912509381e+06 1749968 568356 0.071508 -418839.6231 12.465776 419006.720
F 9.120108394e+06 1790730 580686 0.100778 -428940.1300 12.465776 429083.957
F 9.332543008e+06 1832442 593550 0.661778 -435035.7168 12.465776 435062.539
F 9.549925860e+06 1875127 606573 2.638551 -443229.4443 12.465776 443306.784
F 9.772372210e+06 1918802 619866 0.399994 -451844.0324 12.838454 452246.054
S 1.000000000e+07 1963496 633514 1329981 12.838454 -0.212144 0.906907 -0.500000 336.135240 5.952190e+06 7.182535 6 3.663698e-06 5.073128e-13 0 0 5.001759e-12 0 0 459707.379 -459615.724 672930 62091 608834 0 0.1 12.838454
F 1.000000000e+07 1963496 633514 -0.212144 -459615.7235 12.838454 459707.379
M 1.000000000e+07 1963496 -0.212144 /private/tmp/rh-s40-free-greedy/win_pi16_1e11.mom.1.000000e+07
P      1e+07 1963497 633515 12.84 459707.4 6 -459601.1
F 1.023292992e+07 2009234 647238 2.104463 -471143.1816 12.838454 471135.626
F 1.047128548e+07 2056034 661479 1.100149 -479430.7262 12.838454 479931.253
F 1.071519305e+07 2103928 676161 3.960403 -485821.8428 12.838454 485818.886
F 1.096478196e+07 2152931 690944 0.292709 -495919.6438 12.838454 496010.206
F 1.122018454e+07 2203080 706242 1.113083 -503123.1037 12.838454 503438.096
F 1.148153621e+07 2254395 721727 -0.167705 -512884.3217 12.838454 512923.413
F 1.174897555e+07 2306907 737572 0.241775 -522527.3250 12.838454 522802.910
F 1.202264435e+07 2360642 753826 0.499183 -531358.5468 12.838454 531412.973
F 1.230268771e+07 2415631 770387 3.113646 -541204.3221 12.838454 541474.979
F 1.258925412e+07 2471897 787207 1.930656 -552984.4144 12.838454 553076.082
F 1.288249552e+07 2529474 804483 1.116606 -563547.5329 12.838454 563664.672
F 1.318256739e+07 2588392 822165 0.142978 -573912.3371 12.838454 573997.375
F 1.348962883e+07 2648684 840280 0.770153 -583745.6681 12.838454 583864.155
F 1.380384265e+07 2710379 858596 0.030845 -597014.7898 12.838454 597157.099
F 1.412537545e+07 2773512 877600 0.213158 -605860.2806 12.838454 605905.653
F 1.445439771e+07 2838115 896920 -0.156764 -616545.3781 12.838454 617071.859
F 1.479108388e+07 2904226 916710 2.667517 -626693.7503 12.838454 626823.314
F 1.513561248e+07 2971872 936740 0.634571 -640263.4131 12.838454 640403.978
F 1.548816619e+07 3041095 957378 -0.123484 -651323.7160 12.838454 651813.819
F 1.584893192e+07 3111931 978316 -0.310001 -665181.4527 12.838454 665247.155
F 1.621810097e+07 3184418 999828 0.516737 -677437.7698 12.838454 677590.865
F 1.659586907e+07 3258593 1021898 0.923600 -688495.4689 12.838454 688585.171
R 1.668798247e+07 13.499911 3276692 1027303 1.668789e+07
F 1.698243652e+07 3334497 1044365 2.582237 -701247.8535 13.499911 701731.658
F 1.737800829e+07 3412165 1067332 0.248224 -714151.4445 13.499911 714582.167
F 1.778279410e+07 3491647 1090974 2.739719 -724504.8318 13.499911 724860.768
F 1.819700859e+07 3572976 1114936 0.915637 -738410.0747 13.499911 738662.574
F 1.862087137e+07 3656202 1139385 1.653297 -753216.5714 13.499911 753330.838
F 1.905460718e+07 3741364 1164421 -0.174436 -767524.1490 13.499911 767670.530
F 1.949844600e+07 3828513 1189854 1.277449 -784697.8232 13.499911 784752.221
F 1.995262315e+07 3917689 1216035 -0.197832 -799078.3962 13.499911 799319.657
F 2.041737945e+07 4008946 1243007 2.116644 -810095.8169 13.499911 810239.882
F 2.089296131e+07 4102324 1270142 -0.163566 -828586.4603 13.499911 828984.098
R 2.133101594e+07 14.010713 4188350 1295440 2.133088e+07
F 2.137962090e+07 4197881 1298202 1.450078 -841930.0450 14.714496 841966.929
F 2.187761624e+07 4295661 1326702 0.292846 -858519.9635 14.714496 858670.763
F 2.238721139e+07 4395720 1355970 0.519873 -873067.2617 14.714496 873246.169
F 2.290867653e+07 4498109 1385800 0.078673 -889294.1020 14.714496 889418.064
F 2.344228815e+07 4602885 1416093 1.681010 -909145.5012 14.714496 909336.082
F 2.398832919e+07 4710099 1447341 0.774111 -924486.3227 14.714496 925041.218
F 2.454708916e+07 4819811 1479312 0.511214 -939536.3673 14.714496 939890.832
F 2.511886432e+07 4932080 1511881 1.721423 -956677.7918 14.714496 956667.369
F 2.570395783e+07 5046962 1545263 0.878872 -972519.0776 14.714496 972530.548
F 2.630267992e+07 5164520 1579133 0.071155 -992896.6723 14.714496 993198.506
F 2.691534804e+07 5284818 1613911 0.967038 -1010944.0051 14.714496 1011103.783
F 2.754228703e+07 5407918 1649610 1.783404 -1026700.5993 14.714496 1026729.312
F 2.818382931e+07 5533883 1685676 0.251435 -1049910.2996 14.714496 1050119.800
F 2.884031503e+07 5662783 1722709 -0.417991 -1070667.7593 14.714496 1070668.007
F 2.951209227e+07 5794687 1760790 0.430286 -1087825.7828 14.714496 1088253.970
F 3.019951720e+07 5929666 1799525 3.859468 -1108491.5015 14.714496 1108627.767
F 3.090295433e+07 6067782 1839328 0.303720 -1125875.1081 14.714496 1126218.248
S 3.162277660e+07 6209119 1879642 4329476 14.714496 0.530227 0.992110 -0.500000 432.901445 1.025069e+07 7.973091 6 9.528730e-07 4.626467e-14 0 0 1.149506e-13 0 0 1149982.546 -1149902.626 1160403 62091 1854962 0 0.3 14.714496
F 3.162277660e+07 6209119 1879642 0.530227 -1149902.6263 14.714496 1149982.546
P   3.16e+07 6209120 1879642 14.71 1149982.5 6 -1149903.2
F 3.235936569e+07 6353748 1920985 0.600360 -1171983.5585 14.714496 1172429.081
F 3.311311215e+07 6501749 1963485 3.829945 -1190246.0877 14.714496 1190575.759
F 3.388441561e+07 6653191 2006557 0.748607 -1215180.9757 14.714496 1215243.465
F 3.467368505e+07 6808164 2050606 1.058159 -1240155.6862 14.714496 1240195.707
F 3.548133892e+07 6966745 2095921 -0.409972 -1260490.9375 14.714496 1260492.499
F 3.630780548e+07 7129022 2142034 0.261691 -1284732.0392 14.714496 1285259.436
F 3.715352291e+07 7295078 2189396 0.032090 -1305359.8964 14.714496 1305469.899
F 3.801893963e+07 7465003 2237524 0.856016 -1331275.3123 14.714496 1331602.179
F 3.890451450e+07 7638887 2286918 2.637419 -1354116.5475 14.714496 1354487.388
F 3.981071706e+07 7816817 2337562 0.181648 -1374577.5401 14.714496 1374776.507
F 4.073802778e+07 7998895 2388869 1.146557 -1403387.5831 14.714496 1403583.838
F 4.168693835e+07 8185212 2441360 -0.007506 -1431835.2596 14.714496 1431838.221
F 4.265795188e+07 8375870 2495191 -0.068894 -1457663.4792 14.714496 1457749.195
F 4.365158322e+07 8570973 2550038 3.872966 -1487000.7807 14.714496 1487146.546
F 4.466835922e+07 8770616 2606247 3.373971 -1514263.8558 14.714496 1514825.494
F 4.570881896e+07 8974907 2663783 0.580495 -1540495.9110 14.714496 1540585.131
F 4.677351413e+07 9183959 2722268 0.173264 -1572880.5561 14.714496 1573097.037
F 4.786300923e+07 9397881 2782561 0.309926 -1596792.8475 14.714496 1596942.600
F 4.897788194e+07 9616786 2844130 0.566276 -1622119.8256 14.714496 1623728.269
F 5.011872336e+07 9840790 2906432 0.876122 -1658987.7311 14.714496 1659270.631
F 5.128613840e+07 10070011 2970684 0.469742 -1686412.2085 14.714496 1686892.170
F 5.248074602e+07 10304572 3035907 0.810913 -1722323.6749 14.714496 1722557.677
F 5.370317964e+07 10544599 3102884 3.532469 -1753298.1550 14.714496 1753380.115
F 5.495408739e+07 10790213 3171456 2.370359 -1782830.0858 14.714496 1782882.470
F 5.623413252e+07 11041549 3241358 2.096175 -1816205.5492 14.714496 1816444.596
F 5.754399373e+07 11298738 3312870 0.448096 -1849042.4191 14.714496 1849301.383
F 5.888436554e+07 11561919 3386276 0.060237 -1876869.5722 14.714496 1877427.201
F 6.025595861e+07 11831237 3460723 6.390341 -1915556.2047 14.714496 1915707.796
F 6.165950019e+07 12106815 3537107 -0.354202 -1949808.7010 14.714496 1950061.879
F 6.309573445e+07 12388819 3614993 -0.292072 -1988024.0414 14.714496 1988082.176
F 6.456542290e+07 12677393 3694362 1.054509 -2031236.4885 14.714496 2031506.924
F 6.606934480e+07 12972687 3776047 0.680502 -2065207.8829 14.714496 2065549.464
R 6.676644075e+07 15.211050 13109576 3813689 6.676623e+07
R 6.676644551e+07 16.275843 13109578 3813689 6.676623e+07
F 6.760829754e+07 13274859 3859181 0.016921 -2106149.3360 16.275843 2106507.776
F 6.918309709e+07 13584071 3944255 0.847819 -2146073.9386 16.275843 2146701.084
F 7.079457844e+07 13900487 4031554 3.225343 -2180510.2725 16.275843 2181018.040
F 7.244359601e+07 14224268 4120366 0.382800 -2223113.8060 16.275843 2223302.644
F 7.413102413e+07 14555593 4211652 -0.354287 -2257287.9247 16.275843 2257686.574
F 7.585775750e+07 14894639 4304633 2.340789 -2297919.1450 16.275843 2297942.090
F 7.762471166e+07 15241579 4398972 1.702781 -2351963.1597 16.275843 2352137.989
F 7.943282347e+07 15596600 4496425 0.779170 -2388373.4972 16.275843 2388366.680
F 8.128305162e+07 15959895 4595628 4.332632 -2432847.8023 16.275843 2433232.687
F 8.317637711e+07 16331646 4697078 1.741235 -2477142.2767 16.275843 2477412.959
F 8.511380382e+07 16712059 4800871 1.896303 -2520457.2802 16.363906 2520862.008
F 8.709635900e+07 17101332 4906497 1.097911 -2573009.7270 16.363906 2573035.205
F 8.912509381e+07 17499674 5015054 1.947937 -2615681.9690 16.363906 2615806.620
F 9.120108394e+07 17907295 5126090 3.240632 -2657713.5739 16.363906 2657835.632
F 9.332543008e+07 18324407 5238765 0.850631 -2715531.8159 16.363906 2715914.771
F 9.549925860e+07 18751239 5354287 2.618364 -2767912.7588 16.363906 2768618.027
F 9.772372210e+07 19188010 5472281 1.232792 -2822802.4320 16.363906 2823087.998
S 1.000000000e+08 19634955 5593120 14041834 16.363906 0.111413 1.079965 -0.500000 539.853567 9.520196e+07 9.179170 6 1.905746e-06 2.690877e-14 0 0 3.701077e-14 0 0 2875203.149 -2874414.106 1632589 62091 5568440 0 0.8 16.363906
F 1.000000000e+08 19634955 5593120 0.111413 -2874414.1058 16.363906 2875203.149
M 1.000000000e+08 19634955 0.111413 /private/tmp/rh-s40-free-greedy/win_pi16_1e11.mom.1.000000e+08
P      1e+08 19634956 5593120 16.36 2875203.1 6 -2874415.8
F 1.023292992e+08 20092313 5716874 1.277480 -2922591.3309 16.363906 2922621.113
F 1.047128548e+08 20560323 5842896 1.234344 -2980270.1028 16.363906 2980414.954
F 1.071519305e+08 21039233 5971750 -0.163114 -3038233.6099 16.363906 3038693.994
F 1.096478196e+08 21529301 6104063 1.159944 -3086044.7708 16.363906 3086059.119
F 1.122018454e+08 22030782 6238736 0.363679 -3145240.2545 16.363906 3145389.553
F 1.148153621e+08 22543946 6376705 1.555805 -3199645.5503 16.363906 3199947.317
F 1.174897555e+08 23069064 6517304 3.650608 -3262962.5288 16.363906 3263251.526
F 1.202264435e+08 23606408 6661311 0.224685 -3321958.3119 16.363906 3322453.018
F 1.230268771e+08 24156272 6808710 0.369318 -3378242.6877 16.363906 3378244.730
F 1.258925412e+08 24718944 6958990 0.539412 -3442647.5235 16.363906 3442779.940
F 1.288249552e+08 25294723 7112640 1.398915 -3507444.4302 16.363906 3507464.432
F 1.318256739e+08 25883911 7269794 -0.337363 -3571548.0335 16.363906 3571765.936
F 1.348962883e+08 26486826 7430355 0.934379 -3638192.3868 16.363906 3639406.997
F 1.380384265e+08 27103783 7594559 0.541303 -3704430.6398 16.363906 3704770.041
F 1.412537545e+08 27735111 7762125 0.364433 -3777015.8763 16.363906 3777132.814
F 1.445439771e+08 28381144 7933352 -0.334787 -3851861.0237 16.363906 3852053.983
F 1.479108388e+08 29042227 8108637 0.908023 -3923197.3278 16.363906 3923452.103
F 1.513561248e+08 29718708 8288188 1.578566 -3988543.5812 16.363906 3989093.579
F 1.548816619e+08 30410949 8470962 4.998017 -4069292.3882 16.363906 4069447.131
F 1.584893192e+08 31119309 8658577 3.132848 -4136543.2964 16.363906 4136890.115
F 1.621810097e+08 31844168 8849939 0.400221 -4212748.3791 16.363906 4213279.853
F 1.659586907e+08 32585914 9045387 0.468852 -4293228.2666 16.554276 4293245.643
F 1.698243652e+08 33344938 9245691 1.055229 -4365249.1829 16.554276 4365430.640
F 1.737800829e+08 34121642 9449841 1.715091 -4449765.2635 16.554276 4449835.323
F 1.778279410e+08 34916436 9658314 0.630048 -4539692.0381 16.554276 4540130.335
F 1.819700859e+08 35729746 9872155 2.389224 -4617008.0910 16.554276 4617192.915
F 1.862087137e+08 36561996 10090197 -0.234176 -4705967.0865 16.554276 4706206.562
F 1.905460718e+08 37413635 10313471 0.488492 -4788940.7791 16.848899 4789063.143
F 1.949844600e+08 38285112 10541594 2.007340 -4875303.0696 16.848899 4875799.640
F 1.995262315e+08 39176885 10774533 0.254532 -4967791.5799 16.848899 4968216.067
F 2.041737945e+08 40089438 11013296 6.399291 -5049324.5567 16.848899 5049523.411
R 2.073176234e+08 17.037389 40706738 11174588 2.073175e+08
F 2.089296131e+08 41023237 11256393 2.597196 -5150673.8233 17.862067 5151311.652
F 2.137962090e+08 41978790 11504688 1.733639 -5257558.3246 17.862067 5257716.057
F 2.187761624e+08 42956600 11759540 0.161315 -5346237.5001 17.862067 5346833.610
F 2.238721139e+08 43957188 12019216 0.431584 -5452362.1741 17.862067 5452466.933
F 2.290867653e+08 44981082 12285136 0.019589 -5551014.6535 17.862067 5551770.676
F 2.344228815e+08 46028826 12557046 0.042959 -5649639.6552 17.862067 5649899.659
F 2.398832919e+08 47100977 12834482 1.973968 -5759768.9993 17.862067 5760591.921
F 2.454708916e+08 48198098 13119353 0.344990 -5847096.4072 17.862067 5848280.292
F 2.511886432e+08 49320776 13409859 0.447085 -5949193.8549 17.862067 5949630.126
F 2.570395783e+08 50469608 13705210 4.021569 -6083919.2064 17.862067 6084504.925
F 2.630267992e+08 51645193 14009147 0.944406 -6181840.1088 17.862067 6181884.665
F 2.691534804e+08 52848164 14318425 0.903237 -6308551.9827 17.862067 6308656.747
F 2.754228703e+08 54079155 14635565 0.066891 -6418139.7280 17.862067 6419129.367
F 2.818382931e+08 55338821 14959287 0.747204 -6538489.9241 17.862067 6538510.814
F 2.884031503e+08 56627828 15289809 1.052949 -6668486.1412 17.862067 6668659.568
F 2.951209227e+08 57946858 15628616 -0.464285 -6782235.1887 17.862067 6782719.711
F 3.019951720e+08 59296616 15975210 1.827532 -6892702.7231 17.862067 6893843.694
F 3.090295433e+08 60677811 16327912 1.270057 -7036017.6184 17.862067 7037127.151
S 3.162277660e+08 62091178 16689630 45401547 17.862067 0.535124 1.168748 -0.500000 651.898647 1.457012e+08 11.843405 6 2.631093e-07 8.326189e-16 0 0 2.284976e-15 7 0 7159478.028 -7158672.673 1876401 62091 16664950 0 2.6 17.862067
F 3.162277660e+08 62091178 16689630 0.535124 -7158672.6729 17.862067 7159478.028
P   3.16e+08 62091179 16689631 17.86 7159478.0 6 -7158658.4
F 3.235936569e+08 63537469 17058063 2.236451 -7309205.1089 17.862067 7309751.417
F 3.311311215e+08 65017444 17436176 -0.467691 -7433026.7169 17.862067 7434539.136
F 3.388441561e+08 66531895 17822460 -0.281072 -7563295.0096 17.862067 7564712.301
F 3.467368505e+08 68081622 18215830 -0.185559 -7725046.0063 17.862067 7725602.790
F 3.548133892e+08 69667447 18619366 0.133131 -7861545.8959 17.862067 7861933.103
F 3.630780548e+08 71290211 19032409 0.849761 -7989625.2853 17.862067 7990089.128
F 3.715352291e+08 72950773 19453161 0.553757 -8148676.1320 17.862067 8149331.279
F 3.801893963e+08 74650014 19884798 -0.206989 -8280089.6621 17.862067 8280308.913
F 3.890451450e+08 76388837 20324720 0.607049 -8439385.2974 17.862067 8440162.172
F 3.981071706e+08 78168165 20774332 4.049332 -8603029.7799 17.862067 8603274.591
F 4.073802778e+08 79988933 21234834 1.698427 -8751619.8437 17.862067 8751867.845
F 4.168693835e+08 81852115 21704687 2.157793 -8920108.1488 17.862067 8920321.173
F 4.265795188e+08 83758696 22184382 2.543915 -9103408.2178 17.862067 9104161.831
F 4.365158322e+08 85709686 22676358 1.962516 -9257608.7757 17.862067 9258609.524
F 4.466835922e+08 87706119 23178137 -0.027436 -9436777.0445 17.862067 9438017.667
R 4.499094602e+08 18.268962 88339535 23337128 4.499093e+08
F 4.570881896e+08 89749057 23692126 0.037803 -9597904.1188 18.268962 9597985.471
F 4.677351413e+08 91839581 24217119 -0.034503 -9769991.2626 18.268962 9771046.789
F 4.786300923e+08 93978800 24753193 0.332112 -9956681.0278 18.268962 9957012.598
F 4.897788194e+08 96167850 25300828 2.895613 -10153549.8900 18.268962 10153679.007
F 5.011872336e+08 98407884 25861411 -0.005927 -10338358.1313 18.268962 10338523.570
F 5.128613840e+08 100700101 26434079 2.930276 -10533631.6987 18.268962 10533703.996
F 5.248074602e+08 103045706 27020520 1.341987 -10711345.6938 18.268962 10712083.599
F 5.370317964e+08 105445948 27618142 0.557542 -10929159.6071 18.268962 10929613.560
F 5.495408739e+08 107902100 28230580 0.936448 -11119974.1130 18.268962 11120223.656
F 5.623413252e+08 110415463 28857009 1.194603 -11306344.2800 18.268962 11306769.521
F 5.754399373e+08 112987368 29495893 -0.286187 -11525326.2092 18.268962 11525349.392
F 5.888436554e+08 115619182 30149415 -0.164780 -11739275.4145 18.268962 11739503.953
F 6.025595861e+08 118312301 30817707 2.136268 -11952004.7239 18.268962 11952649.225
F 6.165950019e+08 121068148 31499684 1.690836 -12191941.0653 18.268962 12193505.030
F 6.309573445e+08 123888188 32199183 2.312131 -12388254.7998 18.268962 12389097.366
F 6.456542290e+08 126773916 32912358 3.777946 -12625767.5083 18.268962 12625991.612
F 6.606934480e+08 129726857 33640676 1.037876 -12881743.2100 18.268962 12882620.825
F 6.760829754e+08 132748586 34387230 3.402063 -13100774.7232 18.268962 13101523.459
F 6.918309709e+08 135840694 35149583 -0.288952 -13339690.3388 18.268962 13339782.888
F 7.079457844e+08 139004833 35927876 2.486283 -13603242.9651 18.268962 13603405.661
F 7.244359601e+08 142242675 36724450 6.060859 -13851449.8579 18.268962 13851597.832
F 7.413102413e+08 145555927 37537626 0.689985 -14126493.8079 18.268962 14127972.244
F 7.585775750e+08 148946362 38370919 2.640747 -14364820.6392 18.268962 14365027.840
F 7.762471166e+08 152415768 39221584 2.260665 -14630741.6753 18.268962 14631016.473
F 7.943282347e+08 155965985 40090642 0.024552 -14911949.2929 18.268962 14912676.436
F 8.128305162e+08 159598899 40981063 -0.440821 -15156274.3040 18.268962 15156918.196
F 8.317637711e+08 163316435 41889471 -0.354794 -15441770.5061 18.268962 15442205.631
F 8.511380382e+08 167120565 42818369 1.195886 -15726315.3762 18.268962 15726725.037
F 8.709635900e+08 171013305 43768485 3.211961 -16004211.9373 18.536516 16004211.879
F 8.912509381e+08 174996713 44737018 -0.287774 -16342711.4753 18.536516 16342787.547
F 9.120108394e+08 179072912 45730617 1.639175 -16614632.1447 18.536516 16616455.554
F 9.332543008e+08 183244057 46744578 2.739168 -16926831.2446 18.536516 16927202.602
F 9.549925860e+08 187512360 47779867 3.416495 -17269732.5643 18.536516 17269729.786
F 9.772372210e+08 191880080 48841023 -0.439231 -17560002.3033 18.536516 17561942.918
S 1.000000000e+09 196349548 49924829 146424718 18.536516 6.346987 1.259225 -0.500000 789.408518 8.624723e+08 14.623032 7 1.322331e-08 3.288874e-17 0 0 3.288874e-17 81 0 17874902.131 -17874880.352 1926947 62091 49900149 0 8.0 18.536516
F 1.000000000e+09 196349548 49924829 6.346987 -17874880.3523 18.536516 17874902.131
M 1.000000000e+09 196349548 6.346987 /private/tmp/rh-s40-free-greedy/win_pi16_1e11.mom.1.000000e+09
P      1e+09 196349549 49924829 18.54 17874902.1 7 -17874890.2
F 1.023292992e+09 200923111 51031247 1.007654 -18226184.7314 18.536516 18226660.195
F 1.047128548e+09 205603212 52164357 1.576296 -18540500.9465 18.536516 18540830.681
R 1.059131079e+09 19.125850 207959921 52734067 1.059131e+09
F 1.071519305e+09 210392326 53320494 1.601718 -18905363.8125 19.125850 18906026.164
R 1.077226867e+09 20.491455 211513022 53590017 1.077227e+09
F 1.096478196e+09 215292992 54503280 0.832299 -19257357.0787 20.491455 19257400.005
F 1.122018454e+09 220307809 55712766 -0.130352 -19607420.8630 20.491455 19607664.111
F 1.148153621e+09 225439438 56948622 0.790904 -19974734.4315 20.491455 19975666.019
F 1.174897555e+09 230690600 58211685 3.738935 -20354389.5546 20.491455 20354771.054
F 1.202264435e+09 236064074 59504247 3.479703 -20711522.1227 20.491455 20712706.329
F 1.230268771e+09 241562711 60825013 1.926029 -21086339.3649 20.491455 21086414.754
F 1.258925412e+09 247189430 62176295 2.626971 -21444026.5426 20.491455 21444444.289
F 1.288249552e+09 252947210 63554858 1.222007 -21866174.6291 20.491455 21868551.509
F 1.318256739e+09 258839108 64965307 1.859222 -22270322.8490 20.491455 22271842.551
R 1.328502892e+09 21.321034 260850955 65446681 1.328503e+09
F 1.348962883e+09 264868244 66407565 0.576646 -22672588.1630 21.417966 22672828.825
F 1.380384265e+09 271037818 67879851 0.645888 -23125287.6095 21.417966 23125865.674
F 1.412537545e+09 277351099 69386224 -0.122814 -23558165.4446 21.417966 23559404.731
F 1.445439771e+09 283811436 70926501 -0.115021 -23990687.0811 21.417966 23990747.189
F 1.479108388e+09 290422254 72500108 0.313082 -24450739.4691 21.417966 24451462.060
F 1.513561248e+09 297187059 74111724 2.018513 -24855802.2574 21.417966 24856591.532
F 1.548816619e+09 304109435 75757689 2.213023 -25299819.5224 21.417966 25302469.349
F 1.584893192e+09 311193051 77437891 -0.438669 -25802179.3564 21.417966 25802545.669
F 1.621810097e+09 318441669 79157680 0.235064 -26267222.5062 21.417966 26267733.598
F 1.659586907e+09 325859128 80915807 -0.078629 -26739086.4998 21.417966 26739312.173
F 1.698243652e+09 333449363 82710166 0.785142 -27280669.5217 21.417966 27282063.269
F 1.737800829e+09 341216396 84548519 0.383769 -27745895.4670 21.417966 27746208.183
F 1.778279410e+09 349164346 86423980 -0.466667 -28300244.2543 21.417966 28300831.071
F 1.819700859e+09 357297429 88344188 0.125090 -28800767.2401 21.417966 28802285.873
F 1.862087137e+09 365619955 90308523 -0.108907 -29280457.0730 21.417966 29282516.517
F 1.905460718e+09 374136339 92313625 1.117771 -29831562.1283 21.417966 29831894.541
F 1.949844600e+09 382851095 94363246 2.306250 -30395031.4317 21.417966 30395030.413
F 1.995262315e+09 391768840 96458523 -0.221826 -30967960.8038 21.417966 30969578.600
F 2.041737945e+09 400894311 98600014 2.225767 -31560364.5195 21.417966 31560848.978
F 2.089296131e+09 410232337 100792586 0.204810 -32090416.2537 21.417966 32091547.050
F 2.137962090e+09 419787876 103028478 0.569243 -32747597.7816 21.656057 32748490.728
F 2.187761624e+09 429565992 105316597 0.846000 -33364325.3198 21.656057 33364383.401
F 2.238721139e+09 439571870 107658410 1.548695 -33932851.1995 21.656057 33934472.020
F 2.290867653e+09 449810813 110048539 0.428742 -34593773.0987 21.656057 34594467.658
F 2.344228815e+09 460288252 112495433 -0.337560 -35190250.4377 21.656057 35190341.001
F 2.398832919e+09 471009746 114995557 2.972537 -35824197.4958 21.656057 35824269.362
F 2.454708916e+09 481980969 117547468 -0.317242 -36553420.4744 21.656057 36554505.162
F 2.511886432e+09 493207754 120161993 5.703701 -37170882.2633 21.656057 37172637.514
F 2.570395783e+09 504696036 122832076 3.448546 -37856794.3821 21.656057 37857031.509
F 2.630267992e+09 516451913 125559182 -0.323082 -38607823.9298 21.656057 38610397.559
F 2.691534804e+09 528481625 128351365 1.265222 -39278342.7548 21.656057 39280502.588
F 2.754228703e+09 540791542 131202258 -0.098233 -40036188.0806 21.656057 40037077.670
F 2.818382931e+09 553388200 134119065 4.704896 -40755292.6230 21.656057 40756352.017
F 2.884031503e+09 566278264 137101613 1.762344 -41470346.5197 21.656057 41470837.468
F 2.951209227e+09 579468579 140146145 1.590003 -42294998.2654 21.656057 42297406.106
F 3.019951720e+09 592966135 143263647 0.508172 -43022187.3591 21.656057 43022413.137
F 3.090295433e+09 606778090 146446409 -0.066575 -43853665.6676 21.656057 43853867.868
S 3.162277660e+09 620911771 149701129 471210641 21.656057 3.584093 1.350167 -0.500000 962.569096 2.108951e+09 21.656057 7 4.689618e-08 2.044792e-17 0 0 8.927189e-18 666 0 44678279.185 -44677013.504 1929807 62091 149676449 0 25.5 21.656057
F 3.162277660e+09 620911771 149701129 3.584093 -44677013.5045 21.656057 44678279.185
P   3.16e+09 620911772 149701129 21.66 44678279.2 7 -44677021.1
F 3.235936569e+09 635374662 153030468 1.597365 -45469056.9058 21.656057 45469069.899
F 3.311311215e+09 650174438 156429462 0.555939 -46374018.8272 21.656057 46377585.569
R 3.363813448e+09 22.230815 660483249 158797080 3.363813e+09
F 3.388441561e+09 665318946 159908570 0.422131 -47199426.0355 22.230815 47199430.288
F 3.467368505e+09 680816215 163466479 0.377266 -48011242.8308 22.230815 48012514.673
F 3.548133892e+09 696674466 167098749 4.564163 -48945217.1553 22.263725 48946047.497
F 3.630780548e+09 712902095 170814993 0.730459 -49829222.7694 22.263725 49830384.890
F 3.715352291e+09 729507718 174612647 0.770425 -50759798.1368 22.263725 50760451.823
F 3.801893963e+09 746500136 178492494 1.162966 -51760744.6361 22.263725 51761036.792
F 3.890451450e+09 763888357 182464934 0.303345 -52644510.1814 22.263725 52644795.861
F 3.981071706e+09 781681604 186522000 1.726172 -53629946.1464 22.263725 53630283.586
F 4.073802778e+09 799889313 190668094 7.217120 -54663801.0322 22.263725 54665364.299
F 4.168693835e+09 818521123 194912388 1.810781 -55588132.3965 22.263725 55589487.517
F 4.265795188e+09 837586929 199247522 1.672003 -56611655.4581 22.263725 56612082.871
F 4.365158322e+09 857096834 203678533 0.858011 -57670136.9448 22.263725 57670338.639
F 4.466835922e+09 877061184 208208610 0.958496 -58740904.5250 22.263725 58741946.084
F 4.570881896e+09 897490562 212838384 -0.389119 -59859325.5967 22.263725 59859369.116
F 4.677351413e+09 918395805 217572710 1.887821 -60967940.6044 22.263725 60969086.757
F 4.786300923e+09 939787990 222412321 0.553972 -62101956.3530 22.263725 62103011.375
F 4.897788194e+09 961678471 227358905 7.188980 -63276781.9987 22.263725 63278749.726
R 4.978318429e+09 23.456136 977490562 230929701 4.978318e+09
R 4.978318572e+09 24.376752 977490591 230929701 4.978318e+09
R 4.978318583e+09 25.209397 977490594 230929701 4.978318e+09
F 5.011872336e+09 984078833 232419156 0.173582 -64397022.3185 25.209397 64397214.827
F 5.128613840e+09 1007000973 237590618 -0.464381 -65573041.7969 25.209397 65574485.915
F 5.248074602e+09 1030457039 242876393 -0.347279 -66792188.8185 25.209397 66794132.438
F 5.370317964e+09 1054459467 248280840 -0.191724 -68014718.0899 25.209397 68016198.035
F 5.495408739e+09 1079020984 253802603 0.597331 -69330499.1173 25.209397 69330618.270
F 5.623413252e+09 1104154614 259451348 3.178881 -70583544.3689 25.209397 70583685.778
F 5.754399373e+09 1129873676 265226380 0.370986 -71851403.0887 25.209397 71852450.783
F 5.888436554e+09 1156191817 271124570 2.585052 -73268447.9227 25.209397 73268869.117
F 6.025595861e+09 1183122981 277159428 -0.404467 -74595481.4481 25.209397 74596718.952
F 6.165950019e+09 1210681458 283332114 2.141216 -75872976.3509 25.209397 75873412.782
F 6.309573445e+09 1238881850 289636102 0.354160 -77316253.7473 25.209397 77316732.231
F 6.456542290e+09 1267739117 296085108 2.012313 -78685731.9353 25.704273 78687091.945
R 6.574256306e+09 26.136994 1290852234 301243503 6.574256e+09
F 6.606934480e+09 1297268559 302671450 6.611615 -80226405.7204 26.136994 80227793.348
F 6.760829754e+09 1327485824 309407575 5.253488 -81729979.4905 26.136994 81731267.059
F 6.918309709e+09 1358406939 316300319 3.343335 -83116223.6504 26.136994 83116615.633
F 7.079457844e+09 1390048299 323337277 1.095681 -84742589.0680 26.136994 84744634.180
F 7.244359601e+09 1422426683 330531347 0.841440 -86395420.6228 26.136994 86395480.904
F 7.413102413e+09 1455559261 337891115 5.132703 -87959861.8959 26.136994 87960987.651
F 7.585775750e+09 1489463588 345415179 1.640319 -89549643.9886 26.136994 89549991.299
F 7.762471166e+09 1524157652 353107458 1.839499 -91159395.1338 26.136994 91160339.386
F 7.943282347e+09 1559659843 360967670 0.478378 -92881707.3367 26.136994 92881764.410
F 8.128305162e+09 1595988997 369003178 9.824640 -94636536.9878 26.136994 94636962.811
F 8.317637711e+09 1633164348 377225450 1.684916 -96252193.3053 26.136994 96254534.287
F 8.511380382e+09 1671205632 385623408 1.191716 -98073847.8099 26.136994 98073842.140
F 8.709635900e+09 1710133011 394206169 0.352466 -99987226.6207 26.136994 99987727.020
F 8.912509381e+09 1749967127 402987719 1.355111 -101768849.0944 26.136994 101769315.505
F 9.120108394e+09 1790729100 411957512 3.624604 -103758779.5749 26.136994 103760132.894
F 9.332543008e+09 1832440539 421140126 3.624530 -105494530.0492 26.136994 105496783.844
F 9.549925860e+09 1875123560 430521286 1.397809 -107406806.4359 26.136994 107408154.930
F 9.772372210e+09 1918800797 440106418 -0.159452 -109476978.9509 26.136994 109484225.136
S 1.000000000e+10 1963495410 449911828 1513583581 26.136994 0.702729 1.441656 -0.500000 1222.309963 9.004911e+09 19.698568 7 1.437299e-08 2.074009e-18 0 0 2.695713e-18 6454 0 111438362.817 -111438149.046 1929877 62091 449887148 0 80.6 26.136994
F 1.000000000e+10 1963495410 449911828 0.702729 -111438149.0460 26.136994 111438362.817
M 1.000000000e+10 1963495410 0.702729 /private/tmp/rh-s40-free-greedy/win_pi16_1e11.mom.1.000000e+10
P      1e+10 1963495411 449911829 26.14 111438362.8 7 -111438132.1
F 1.023292992e+10 2009231093 459931996 0.309392 -113528321.1130 26.136994 113528937.040
F 1.047128548e+10 2056032098 470175011 0.995818 -115674313.1098 26.136994 115674903.704
F 1.071519305e+10 2103923239 480648863 2.250038 -117808104.9478 26.136994 117812319.070
F 1.096478196e+10 2152929905 491351030 0.555842 -120106498.1671 26.136994 120107364.597
F 1.122018454e+10 2203078086 502299252 1.929331 -122280884.6677 26.136994 122281960.257
F 1.148153621e+10 2254394369 513493993 4.141895 -124444844.8047 26.136994 124450127.146
F 1.174897555e+10 2306905957 524934852 1.622200 -126734617.3537 26.136994 126738720.261
F 1.202264435e+10 2360640698 536631636 0.029880 -129053324.9607 26.136994 129053644.041
F 1.230268771e+10 2415627084 548586575 0.493148 -131482671.4314 26.136994 131484214.605
F 1.258925412e+10 2471894267 560807291 0.502563 -133981934.6013 26.136994 133982954.308
F 1.288249552e+10 2529472081 573310378 0.452919 -136304480.2074 26.136994 136305214.450
F 1.318256739e+10 2588391058 586083027 3.825073 -138891240.1299 26.136994 138892704.856
F 1.348962883e+10 2648682427 599141629 -0.000686 -141506886.5394 26.136994 141507497.896
F 1.380384265e+10 2710378169 612497529 2.691738 -144036326.3989 26.136994 144038500.029
F 1.412537545e+10 2773510984 626146230 0.004716 -146737444.9982 26.136994 146740625.246
R 1.415259736e+10 27.481571 2778856021 627301921 1.415260e+10
F 1.445439771e+10 2838114355 640103160 1.082648 -149406522.5916 27.629314 149410445.131
F 1.479108388e+10 2904222531 654373043 1.363675 -152093161.5694 27.629314 152094362.646
F 1.513561248e+10 2971870568 668950536 5.417984 -155086549.7857 27.629314 155087936.316
F 1.548816619e+10 3041094321 683864125 0.363082 -157887406.7679 27.629314 157889005.022
F 1.584893192e+10 3111930509 699109711 1.846162 -160763291.0167 27.629314 160763873.559
F 1.621810097e+10 3184416680 714688047 -0.416508 -163872372.5153 27.629314 163872973.063
F 1.659586907e+10 3258591274 730622111 0.446567 -166854754.4400 27.629314 166855134.672
F 1.698243652e+10 3334493618 746910554 3.084275 -169926067.5439 27.629314 169927346.186
F 1.737800829e+10 3412163954 763563039 5.070540 -173047311.6683 27.629314 173049222.558
F 1.778279410e+10 3491643457 780593685 -0.433820 -176078465.2007 27.629314 176079608.686
F 1.819700859e+10 3572974282 797991599 0.483749 -179473730.5701 27.629314 179474747.535
F 1.862087137e+10 3656199545 815784610 1.143780 -182778002.2917 27.629314 182778136.962
F 1.905460718e+10 3741363374 833979510 2.410561 -186037355.7519 27.629314 186044581.641
F 1.949844600e+10 3828510920 852567269 0.295354 -189676953.9238 27.629314 189678272.904
F 1.995262315e+10 3917688397 871585733 2.014596 -193016921.8927 27.774843 193025541.873
F 2.041737945e+10 4008943081 891018864 0.490522 -196658841.9498 27.774843 196660757.629
F 2.089296131e+10 4102323362 910882547 1.280953 -200452584.0820 27.774843 200454193.112
F 2.137962090e+10 4197878747 931212589 -0.074711 -203779680.3572 27.774843 203782085.494
F 2.187761624e+10 4295659904 951972134 -0.307143 -207753197.5399 27.774843 207764662.336
F 2.238721139e+10 4395718679 973204826 1.719808 -211577930.6268 27.774843 211578918.818
F 2.290867653e+10 4498108121 994915302 2.520275 -215391791.9372 27.774843 215392701.139
F 2.344228815e+10 4602882518 1017098760 1.857250 -219563891.9115 27.774843 219567051.409
R 2.383629513e+10 28.222146 4680245633 1033472769 2.383629e+10
R 2.383629514e+10 29.470009 4680245637 1033472769 2.383629e+10
F 2.398832919e+10 4710097424 1039786241 0.958222 -223613911.3770 29.470009 223615143.555
F 2.454708916e+10 4819809686 1062984432 0.060432 -227647986.0231 29.470009 227654362.092
M 2.500000000e+10 4908738522 -0.037702 /private/tmp/rh-s40-free-greedy/win_pi16_1e11.mom.2.500000e+10
F 2.511886432e+10 4932077478 1086687231 2.269859 -232084988.3614 29.470009 232086295.551
F 2.570395783e+10 5046960319 1110943111 0.718317 -236043780.1187 29.470009 236044828.302
F 2.630267992e+10 5164519130 1135722469 4.002032 -240518852.4471 29.470009 240519561.269
F 2.691534804e+10 5284816230 1161058126 -0.114924 -245015811.5052 29.470009 245016404.376
F 2.754228703e+10 5407915414 1186970961 0.250527 -249331880.8049 29.470009 249337001.273
F 2.818382931e+10 5533881947 1213449046 1.281811 -254060041.4893 29.470009 254060887.670
F 2.884031503e+10 5662782616 1240526521 0.856292 -258692561.2477 29.470009 258695164.951
F 2.951209227e+10 5794685775 1268207741 8.132883 -263444824.8544 29.470009 263445439.846
F 3.019951720e+10 5929661340 1296491593 2.314574 -268672059.6199 29.470009 268673789.060
F 3.090295433e+10 6067780895 1325438612 1.567103 -273249595.3747 29.470009 273253267.131
S 3.162277660e+10 6209117668 1355012524 4854105143 29.470009 1.073787 1.533598 -0.500000 1395.470541 2.198662e+10 22.281258 8 2.054763e-09 1.180959e-19 0 0 1.180959e-19 63223 0 278397156.779 -278396597.819 1929879 62091 1213968302 0 256.9 29.470009
F 3.162277660e+10 6209117668 1355012524 1.073787 -278396597.8188 29.470009 278397156.779
P   3.16e+10 6209117669 1355012525 29.47 278397156.8 8 -278396581.7
F 3.235936569e+10 6353746598 1385246560 1.206502 -283661657.1933 29.470009 283664206.550
F 3.311311215e+10 6501744370 1416168757 2.792247 -288726528.0640 29.470009 288726536.232
F 3.388441561e+10 6653189449 1447769620 0.454162 -294189170.9354 29.470009 294191223.771
F 3.467368505e+10 6808162139 1480086855 0.005511 -299512483.0781 29.470009 299512521.023
F 3.548133892e+10 6966744607 1513130024 -0.125515 -304849616.4504 29.470009 304851610.203
F 3.630780548e+10 7129020936 1546881867 0.537448 -311015155.9108 29.470009 311015430.120
F 3.715352291e+10 7295077165 1581414534 -0.062893 -316659301.0556 29.470009 316660572.516
F 3.801893963e+10 7465001341 1616718414 -0.137486 -322428746.6374 29.470009 322433020.376
F 3.890451450e+10 7638883560 1652812780 0.266303 -328277108.9970 29.470009 328277901.445
F 3.981071706e+10 7816816016 1689709109 0.494569 -334357133.8519 29.470009 334362291.247
F 4.073802778e+10 7998893053 1727434577 2.404050 -340449352.5312 29.470009 340450663.580
F 4.168693835e+10 8185211205 1765999329 0.340664 -346758690.6542 29.470009 346759950.848
F 4.265795188e+10 8375869273 1805436990 6.952881 -352927158.5859 29.470009 352931732.103
F 4.365158322e+10 8570968324 1845737697 -0.187037 -359671251.5248 29.470009 359673988.518
F 4.466835922e+10 8770611823 1886942404 -0.182191 -366473883.9878 29.470009 366475424.904
F 4.570881896e+10 8974905617 1929074483 0.341660 -373259308.4931 29.470009 373260768.245
F 4.677351413e+10 9183958024 1972153829 0.111065 -380047847.4587 29.470009 380050551.007
F 4.786300923e+10 9397879887 2016201698 -0.227426 -386837797.5232 29.470009 386838599.005
F 4.897788194e+10 9616784632 2061217853 1.122654 -394168239.0629 29.470009 394173452.564
M 5.000000000e+10 9817477043 -0.271754 /private/tmp/rh-s40-free-greedy/win_pi16_1e11.mom.5.000000e+10
F 5.011872336e+10 9840788324 2107240190 2.968678 -401652692.9353 29.470009 401652989.204
F 5.128613840e+10 10070009731 2154318368 3.589043 -408625205.1443 29.470009 408625541.472
F 5.248074602e+10 10304570386 2202423089 -0.239935 -416378842.0070 29.470009 416379457.748
F 5.370317964e+10 10544594665 2251604467 0.315615 -424262493.0494 29.470009 424263560.679
F 5.495408739e+10 10790209831 2301898270 4.206166 -431990713.7547 29.470009 431991741.970
F 5.623413252e+10 11041546102 2353305281 1.021665 -440156252.1471 29.470009 440166373.748
F 5.754399373e+10 11298736749 2405873205 -0.057290 -448204580.7617 29.470009 448209488.564
F 5.888436554e+10 11561918140 2459631680 3.083371 -456042548.7738 29.470009 456047626.814
F 6.025595861e+10 11831229807 2514555883 0.188186 -464941828.2876 29.470009 464944033.362
F 6.165950019e+10 12106814555 2570736083 3.645016 -473334063.9382 29.470009 473335434.409
F 6.309573445e+10 12388818490 2628175861 0.774458 -481816786.9490 29.470009 481820592.372
F 6.456542290e+10 12677391143 2686882817 0.355989 -490904414.1352 29.470009 490905613.734
F 6.606934480e+10 12972685517 2746913995 0.349006 -499897097.0507 29.470009 499905821.895
F 6.760829754e+10 13274858181 2808283080 0.767729 -509190299.4634 29.470009 509191979.672
F 6.918309709e+10 13584069352 2871018620 2.666198 -518825879.1498 29.470009 518828509.811
F 7.079457844e+10 13900482972 2935179948 0.189666 -528094840.7990 29.470009 528101925.186
F 7.244359601e+10 14224266819 3000751912 4.647258 -538164642.5848 29.470009 538165375.549
F 7.413102413e+10 14555592551 3067817220 -0.440120 -547774570.6481 29.470009 547778638.453
F 7.585775750e+10 14894635859 3136369580 2.636047 -557908858.6301 29.470009 557913348.595
F 7.762471166e+10 15241576494 3206439261 -0.372155 -568655919.1825 29.470009 568658624.264
F 7.943282347e+10 15596598419 3278116454 1.016637 -578619894.0456 29.470009 578620571.669
F 8.128305162e+10 15959889866 3351363948 1.479256 -589620007.6543 29.470009 589622505.191
R 8.181342151e+10 30.021245 16064027779 3372343216 8.181342e+10
R 8.181342151e+10 31.965166 16064027781 3372343216 8.181342e+10
R 8.181342151e+10 32.590867 16064027782 3372343216 8.181342e+10
R 8.181342152e+10 33.274334 16064027784 3372343216 8.181342e+10
F 8.317637711e+10 16331643457 3426249698 1.082017 -600856800.7048 33.274334 600858111.169
F 8.511380382e+10 16712056303 3502848748 2.150018 -611371004.2965 33.274334 611375165.144
F 8.709635900e+10 17101330102 3581116613 2.757518 -623231360.0012 33.274334 623232074.308
F 8.912509381e+10 17499671249 3661175104 -0.216036 -634342058.8168 33.274334 634342343.130
F 9.120108394e+10 17907290961 3743026957 4.478894 -645627383.8819 33.274334 645630384.065
F 9.332543008e+10 18324405348 3826680234 1.478157 -657901616.0408 33.274334 657909369.899
F 9.549925860e+10 18751235581 3912219865 2.210944 -670062088.6653 33.274334 670068082.683
F 9.772372210e+10 19188007965 3999691871 0.638338 -682010679.9658 33.274334 682011653.099
S 1.000000000e+11 19634954091 4089075050 15545879040 33.274334 5.260142 1.626110 -0.500000 1858.929735 5.820529e+10 22.395582 8 2.508075e-09 4.513206e-20 0 0 1.027567e-20 609732 0 695375124.651 -695374165.069 1929879 62091 1213968302 0 824.5 33.274334
F 1.000000000e+11 19634954091 4089075050 5.260142 -695374165.0694 33.274334 695375124.651
M 1.000000000e+11 19634954091 5.260142 /private/tmp/rh-s40-free-greedy/win_pi16_1e11.mom.1.000000e+11
# windows 23854
# done N=19634954091 pi=4089075050 C=15545879040 supE=33.274334046 minEbefore=-0.500000000 skviol=0 supPsi=695375124.651 nS=1929879 nP_small=24680 nL=4089050370 nM=62091 LDbytes=1213968302 time=824.5
