# s8gen mode=rule X=1.000000e+11 theta=0.500000 rho=0.098174770424681035+3.827021e-18 t=10.185916357881302-6.297177e-16 B=316227.766017
# S cols: x N pi C supE E(x) meanE_win minEbefore_win maxPrimeGap_win gapStart gapPeakE maxClu_win minGapAbs minGapRel ties misorders minDecisionMargin_rel ambig_double skorokhodViol supPsi psi-x nS nM nLDbytes heap time wMaxE
S 1.000000000e+01 2 1 0 0.000000 0.116427 -0.007671 -0.500000 5.092958 1.000000e+00 0.000000 1 5.092958e+00 8.358761e-01 0 0 1.000000e+300 0 0 4.286 -8.193 2 0 0 0 0.0 0.500000
F 1.000000000e+01 2 1 0.116427 -8.1929 0.000000 4.286
F 1.023292992e+01 2 1 0.093559 -8.4258 0.000000 4.286
F 1.047128548e+01 2 1 0.070159 -8.6642 0.000000 4.286
F 1.071519305e+01 2 1 0.046213 -8.9081 0.000000 4.286
F 1.096478196e+01 2 1 0.021710 -9.1576 0.000000 4.286
F 1.122018454e+01 2 1 -0.003364 -9.4131 0.000000 4.286
F 1.148153621e+01 2 1 -0.029022 -9.6744 0.000000 4.286
F 1.174897555e+01 2 1 -0.055278 -9.9418 0.000000 4.286
F 1.202264435e+01 2 1 -0.082146 -10.2155 0.000000 4.286
F 1.230268771e+01 2 1 -0.109639 -10.4956 0.000000 4.286
F 1.258925412e+01 2 1 -0.137772 -10.7821 0.000000 4.286
F 1.288249552e+01 2 1 -0.166561 -11.0754 0.000000 4.286
F 1.318256739e+01 2 1 -0.196021 -11.3754 0.000000 4.286
F 1.348962883e+01 2 1 -0.226166 -11.6825 0.000000 4.286
F 1.380384265e+01 2 1 -0.257014 -11.9967 0.000000 4.286
F 1.412537545e+01 2 1 -0.288581 -12.3182 0.000000 4.286
F 1.445439771e+01 2 1 -0.320882 -12.6473 0.000000 4.286
F 1.479108388e+01 2 1 -0.353936 -12.9840 0.000000 4.286
F 1.513561248e+01 2 1 -0.387761 -13.3285 0.000000 4.286
F 1.548816619e+01 2 1 -0.422372 -13.6810 0.000000 4.286
F 1.584893192e+01 2 1 -0.457790 -14.0418 0.000000 4.286
F 1.621810097e+01 2 1 -0.494034 -14.4110 0.000000 4.286
P         10 3 2 0.00 11.7 1 -11.7
F 1.659586907e+01 3 2 0.468879 -11.9989 0.000000 11.682
F 1.698243652e+01 3 2 0.430928 -12.3854 0.000000 11.682
F 1.737800829e+01 3 2 0.392093 -12.7810 0.000000 11.682
F 1.778279410e+01 3 2 0.352353 -13.1858 0.000000 11.682
F 1.819700859e+01 3 2 0.311688 -13.6000 0.000000 11.682
F 1.862087137e+01 3 2 0.270075 -14.0239 0.000000 11.682
F 1.905460718e+01 3 2 0.227493 -14.4576 0.000000 11.682
F 1.949844600e+01 3 2 0.183919 -14.9014 0.000000 11.682
F 1.995262315e+01 3 2 0.139331 -15.3556 0.000000 11.682
F 2.041737945e+01 3 2 0.093703 -15.8204 0.000000 11.682
F 2.089296131e+01 3 2 0.047013 -16.2960 0.000000 11.682
F 2.137962090e+01 3 2 -0.000765 -16.7826 0.000000 11.682
F 2.187761624e+01 3 2 -0.049655 -17.2806 0.000000 11.682
F 2.238721139e+01 3 2 -0.099685 -17.7902 0.000000 11.682
F 2.290867653e+01 3 2 -0.150879 -18.3117 0.000000 11.682
F 2.344228815e+01 3 2 -0.203266 -18.8453 0.000000 11.682
F 2.398832919e+01 3 2 -0.256874 -19.3913 0.000000 11.682
F 2.454708916e+01 3 2 -0.311730 -19.9501 0.000000 11.682
F 2.511886432e+01 3 2 -0.367864 -20.5219 0.000000 11.682
F 2.570395783e+01 3 2 -0.425305 -21.1070 0.000000 11.682
F 2.630267992e+01 3 2 -0.484085 -21.7057 0.000000 11.682
S 3.162277660e+01 4 3 0 0.000000 -0.006384 0.003183 -0.500000 10.185916 6.092958e+00 0.500000 1 1.018592e+01 3.848856e-01 0 0 1.291741e-02 0 0 18.592 -23.750 4 0 0 0 0.0 0.500000
F 2.691534804e+01 4 3 0.455767 -19.0425 0.000000 18.592
F 2.754228703e+01 4 3 0.394217 -19.6695 0.000000 18.592
F 2.818382931e+01 4 3 0.331234 -20.3110 0.000000 18.592
F 2.884031503e+01 4 3 0.266783 -20.9675 0.000000 18.592
F 2.951209227e+01 4 3 0.200832 -21.6393 0.000000 18.592
F 3.019951720e+01 4 3 0.133344 -22.3267 0.000000 18.592
F 3.090295433e+01 4 3 0.064284 -23.0301 0.000000 18.592
F 3.162277660e+01 4 3 -0.006384 -23.7500 0.000000 18.592
F 3.235936569e+01 4 3 -0.078699 -24.4865 0.000000 18.592
F 3.311311215e+01 4 3 -0.152697 -25.2403 0.000000 18.592
F 3.388441561e+01 4 3 -0.228420 -26.0116 0.000000 18.592
F 3.467368505e+01 4 3 -0.305906 -26.8009 0.000000 18.592
F 3.548133892e+01 4 3 -0.385198 -27.6085 0.000000 18.592
F 3.630780548e+01 4 3 -0.466336 -28.4350 0.000000 18.592
P       31.6 5 4 0.00 25.2 1 -25.2
R 3.712413937e+01 1.453521 6 4 3.665071e+01
F 3.715352291e+01 6 4 1.450636 -23.8721 1.453521 25.176
F 3.801893963e+01 6 4 1.365674 -24.7376 1.453521 25.176
F 3.890451450e+01 6 4 1.278733 -25.6231 1.453521 25.176
F 3.981071706e+01 6 4 1.189767 -26.5293 1.453521 25.176
F 4.073802778e+01 6 4 1.098728 -27.4566 1.453521 25.176
F 4.168693835e+01 6 4 1.005569 -28.4056 1.453521 25.176
F 4.265795188e+01 6 4 0.910240 -29.3766 1.453521 25.176
F 4.365158322e+01 6 4 0.812691 -30.3702 1.453521 25.176
F 4.466835922e+01 6 4 0.712869 -31.3870 1.453521 25.176
F 4.570881896e+01 6 4 0.610722 -32.4274 1.453521 25.176
F 4.677351413e+01 6 4 0.506196 -33.4921 1.453521 25.176
F 4.786300923e+01 6 4 0.399235 -34.5816 1.453521 25.176
F 4.897788194e+01 6 4 0.289782 -35.6965 1.453521 25.176
F 5.011872336e+01 6 4 0.177781 -36.8373 1.453521 25.176
F 5.128613840e+01 6 4 0.063170 -38.0048 1.453521 25.176
F 5.248074602e+01 6 4 -0.054110 -39.1994 1.453521 25.176
F 5.370317964e+01 6 4 -0.174123 -40.4218 1.453521 25.176
F 5.495408739e+01 6 4 -0.296930 -41.6727 1.453521 25.176
F 5.623413252e+01 6 4 -0.422598 -42.9527 1.453521 25.176
F 5.754399373e+01 7 5 0.448806 -40.2192 1.453521 39.698
F 5.888436554e+01 7 5 0.317216 -41.5595 1.453521 39.698
F 6.025595861e+01 7 5 0.182560 -42.9311 1.453521 39.698
F 6.165950019e+01 7 5 0.044767 -44.3347 1.453521 39.698
F 6.309573445e+01 7 5 -0.096234 -45.7709 1.453521 39.698
F 6.456542290e+01 7 5 -0.240521 -47.2406 1.453521 39.698
F 6.606934480e+01 7 5 -0.388168 -48.7445 1.453521 39.698
F 6.760829754e+01 8 6 0.460746 -46.0757 1.453521 45.676
F 6.918309709e+01 8 6 0.306140 -47.6505 1.453521 45.676
F 7.079457844e+01 8 6 0.147933 -49.2619 1.453521 45.676
F 7.244359601e+01 8 6 -0.013959 -50.9110 1.453521 45.676
F 7.413102413e+01 8 6 -0.179622 -52.5984 1.453521 45.676
F 7.585775750e+01 8 6 -0.349143 -54.3251 1.453521 45.676
F 7.762471166e+01 9 7 0.477387 -51.7432 1.453521 51.513
F 7.943282347e+01 9 7 0.299876 -53.5513 1.453521 51.513
F 8.128305162e+01 9 7 0.118230 -55.4015 1.453521 51.513
F 8.317637711e+01 9 7 -0.067647 -57.2948 1.453521 51.513
F 8.511380382e+01 9 7 -0.257853 -59.2323 1.453521 51.513
F 8.709635900e+01 9 7 -0.452490 -61.2148 1.453521 51.513
F 8.912509381e+01 10 8 0.348339 -58.7710 1.453521 57.226
F 9.120108394e+01 10 8 0.144529 -60.8470 1.453521 57.226
F 9.332543008e+01 10 8 -0.064028 -62.9713 1.453521 57.226
F 9.549925860e+01 10 8 -0.277443 -65.1452 1.453521 57.226
F 9.772372210e+01 10 8 -0.495829 -67.3696 1.453521 57.226
S 1.000000000e+02 12 9 2 1.453521 1.280698 0.148074 -0.500000 20.371833 3.665071e+01 1.453521 2 4.734321e-01 1.275268e-02 0 0 1.452748e-02 0 0 64.250 -65.063 12 0 0 0 0.0 1.453521
F 1.000000000e+02 12 9 1.280698 -65.0633 1.453521 64.250
F 1.023292992e+02 12 9 1.052019 -67.3926 1.453521 64.250
F 1.047128548e+02 12 9 0.818014 -69.7762 1.453521 64.250
F 1.071519305e+02 12 9 0.578559 -72.2153 1.453521 64.250
F 1.096478196e+02 12 9 0.333525 -74.7111 1.453521 64.250
F 1.122018454e+02 12 9 0.082784 -77.2652 1.453521 64.250
F 1.148153621e+02 12 9 -0.173797 -79.8787 1.453521 64.250
F 1.174897555e+02 12 9 -0.436355 -82.5531 1.453521 64.250
P        100 13 10 1.45 78.4 2 -78.4
F 1.202264435e+02 13 10 0.294971 -80.5179 1.453521 78.430
F 1.230268771e+02 13 10 0.020039 -83.3183 1.453521 78.430
F 1.258925412e+02 13 10 -0.261297 -86.1840 1.453521 78.430
F 1.288249552e+02 14 11 0.450814 -84.2619 1.453521 83.761
F 1.318256739e+02 14 11 0.156220 -87.2626 1.453521 83.761
F 1.348962883e+02 14 11 -0.145237 -90.3332 1.453521 83.761
F 1.380384265e+02 14 11 -0.453716 -93.4753 1.453521 83.761
F 1.412537545e+02 15 12 0.230620 -91.7597 1.453521 89.016
F 1.445439771e+02 15 12 -0.092397 -95.0499 1.453521 89.016
F 1.479108388e+02 15 12 -0.422938 -98.4168 1.453521 89.016
F 1.513561248e+02 16 13 0.238822 -96.8602 1.453521 94.200
F 1.548816619e+02 16 13 -0.107297 -100.3857 1.453521 94.200
F 1.584893192e+02 16 13 -0.461478 -103.9934 1.453521 94.200
F 1.621810097e+02 18 14 1.176091 -102.6169 1.453521 101.685
F 1.659586907e+02 18 14 0.805218 -106.3946 1.453521 101.685
F 1.698243652e+02 18 14 0.425707 -110.2603 1.453521 101.685
F 1.737800829e+02 18 14 0.037355 -114.2160 1.453521 101.685
F 1.778279410e+02 18 14 -0.360043 -118.2638 1.453521 101.685
F 1.819700859e+02 19 15 0.233303 -117.2172 1.453521 114.501
F 1.862087137e+02 19 15 -0.182823 -121.4558 1.453521 114.501
F 1.905460718e+02 20 16 0.391358 -120.5491 1.453521 119.442
F 1.949844600e+02 20 16 -0.044380 -124.9875 1.453521 119.442
F 1.995262315e+02 20 16 -0.490267 -129.5293 1.453521 119.442
F 2.041737945e+02 21 17 0.053459 -128.8804 1.453521 124.332
F 2.089296131e+02 21 17 -0.413442 -133.6362 1.453521 124.332
F 2.137962090e+02 22 18 0.108781 -133.1566 1.453521 129.172
F 2.187761624e+02 22 18 -0.380125 -138.1365 1.453521 129.172
F 2.238721139e+02 24 19 1.119581 -137.8389 1.453521 137.278
F 2.290867653e+02 25 19 1.607634 -141.2464 1.891451 138.355
F 2.344228815e+02 25 19 1.083762 -146.5825 1.891451 138.355
F 2.398832919e+02 25 19 0.547688 -152.0429 1.891451 138.355
F 2.454708916e+02 25 19 -0.000874 -157.6305 1.891451 138.355
F 2.511886432e+02 26 20 0.437787 -157.8246 1.891451 157.191
F 2.570395783e+02 26 20 -0.136627 -163.6755 1.891451 157.191
F 2.630267992e+02 27 21 0.275579 -164.0992 1.891451 161.813
F 2.691534804e+02 28 21 0.674094 -167.4360 1.891451 163.284
F 2.754228703e+02 28 21 0.058598 -173.7054 1.891451 163.284
F 2.818382931e+02 29 22 0.428765 -174.4821 1.891451 173.757
F 2.884031503e+02 29 22 -0.215738 -181.0470 1.891451 173.757
F 2.951209227e+02 30 23 0.124746 -182.0904 1.891451 178.268
F 3.019951720e+02 31 24 0.449868 -183.2559 1.891451 182.745
F 3.090295433e+02 31 24 -0.240730 -190.2903 1.891451 182.745
S 3.162277660e+02 32 25 6 1.891451 0.052586 0.199457 -0.500000 30.557749 2.199972e+02 1.891451 1 2.367161e+00 1.275268e-02 0 0 1.489889e-02 0 0 187.189 -191.747 32 0 0 0 0.0 1.891451
F 3.162277660e+02 32 25 0.052586 -191.7466 1.891451 187.189
P        316 33 26 1.89 191.6 2 -191.6
F 3.235936569e+02 33 26 0.329442 -193.3383 1.891451 191.601
F 3.311311215e+02 33 26 -0.410547 -200.8758 1.891451 191.601
F 3.388441561e+02 34 27 -0.167772 -202.7836 1.891451 195.982
F 3.467368505e+02 35 28 0.057364 -204.8408 1.891451 200.332
F 3.548133892e+02 36 28 0.264452 -212.9173 1.891451 205.540
F 3.630780548e+02 37 29 0.453070 -215.2887 1.891451 214.811
F 3.715352291e+02 37 29 -0.377211 -223.7459 1.891451 214.811
F 3.801893963e+02 38 30 -0.226832 -226.4790 1.891451 219.076
F 3.890451450e+02 39 31 -0.096243 -229.3868 1.891451 223.314
F 3.981071706e+02 40 32 0.014095 -232.4746 1.891451 227.525
F 4.073802778e+02 41 33 0.103710 -235.7480 1.891451 231.711
F 4.168693835e+02 42 33 0.172119 -245.2371 1.891451 237.866
F 4.265795188e+02 43 34 0.218828 -248.8981 1.891451 246.034
F 4.365158322e+02 44 34 0.243333 -258.8345 1.891451 253.136
F 4.466835922e+02 45 35 0.245116 -262.9062 1.891451 260.310
F 4.570881896e+02 46 36 0.223647 -267.1921 1.891451 264.377
F 4.677351413e+02 47 37 0.178385 -271.6982 1.891451 268.422
F 4.786300923e+02 48 37 0.108775 -282.5931 1.891451 275.524
F 4.897788194e+02 49 38 0.014252 -287.5580 1.891451 282.610
F 5.011872336e+02 50 39 -0.105767 -292.7619 1.891451 286.592
F 5.128613840e+02 51 40 -0.251874 -298.2111 1.891451 290.553
F 5.248074602e+02 52 41 -0.424677 -303.9122 1.891451 294.494
F 5.370317964e+02 54 42 0.375201 -309.8721 1.891451 306.463
F 5.495408739e+02 55 43 0.147126 -316.0786 1.891451 312.484
F 5.623413252e+02 56 44 -0.109556 -322.5581 1.891451 316.349
F 5.754399373e+02 57 45 -0.395509 -329.3175 1.891451 320.196
F 5.888436554e+02 59 47 0.288584 -329.9898 1.891451 327.836
F 6.025595861e+02 61 47 0.942026 -343.7057 1.891451 337.778
F 6.165950019e+02 62 47 0.564102 -357.7411 1.891451 345.485
F 6.309573445e+02 63 48 0.154082 -365.6618 1.891451 362.138
F 6.456542290e+02 64 49 -0.288781 -373.9009 1.891451 365.866
F 6.606934480e+02 66 51 0.234747 -375.9774 1.891451 373.276
F 6.760829754e+02 67 52 -0.276116 -384.8624 1.891451 376.957
F 6.918309709e+02 69 54 0.177828 -387.5561 1.891451 384.274
F 7.079457844e+02 71 55 0.595760 -393.8458 1.891451 387.911
F 7.244359601e+02 73 56 0.976841 -403.7580 1.891451 399.132
F 7.413102413e+02 74 57 0.320212 -414.0263 1.891451 412.195
F 7.585775750e+02 75 58 -0.375005 -424.6740 1.891451 415.761
F 7.762471166e+02 77 60 -0.109708 -429.0640 1.891451 422.854
F 7.943282347e+02 79 61 0.115183 -440.4855 1.891451 428.030
F 8.128305162e+02 81 63 0.298725 -445.6045 1.891451 443.554
F 8.317637711e+02 83 65 0.439957 -451.1044 1.891451 450.493
F 8.511380382e+02 85 66 0.537893 -463.7437 1.891451 456.541
F 8.709635900e+02 86 67 -0.408476 -476.8103 1.891451 467.557
F 8.912509381e+02 88 69 -0.400181 -483.5447 1.891451 474.376
F 9.120108394e+02 91 71 0.561720 -490.7057 1.891451 484.692
F 9.332543008e+02 93 72 0.476148 -505.1218 1.891451 500.130
F 9.549925860e+02 95 74 0.341997 -513.1508 1.891451 511.541
F 9.772372210e+02 98 75 1.158135 -528.5247 1.891451 521.241
S 1.000000000e+03 99 75 23 1.891451 -0.076596 0.173584 -0.500000 40.743665 5.866902e+02 1.767312 2 7.030224e-01 9.766775e-04 0 0 9.776323e-04 0 0 533.770 -551.288 99 0 0 0 0.0 1.873232
F 1.000000000e+03 99 75 -0.076596 -551.2875 1.891451 533.770
P      1e+03 100 76 1.89 548.7 2 -548.7
F 1.023292992e+03 101 77 -0.363380 -560.7463 1.891451 551.952
F 1.047128548e+03 104 80 0.296570 -563.7559 1.891451 561.684
F 1.071519305e+03 106 82 -0.097987 -574.2140 1.891451 568.123
F 1.096478196e+03 110 84 1.451680 -585.2021 1.891451 582.802
F 1.122018454e+03 111 85 -0.055729 -603.7246 1.891451 598.064
F 1.148153621e+03 114 88 0.378457 -608.7521 1.891451 607.514
F 1.174897555e+03 116 89 -0.247123 -628.4336 1.891451 620.823
F 1.202264435e+03 119 92 0.066140 -634.5613 1.891451 630.142
F 1.230268771e+03 122 94 0.316821 -648.3554 1.891451 646.490
F 1.258925412e+03 124 96 -0.496539 -662.7604 1.891451 652.610
F 1.288249552e+03 127 97 -0.375429 -684.9465 1.891451 675.068
F 1.318256739e+03 130 100 -0.321378 -693.4441 1.891451 685.078
F 1.348962883e+03 134 102 0.664053 -706.1702 1.891451 701.243
F 1.380384265e+03 137 103 0.579266 -728.5612 1.891451 726.379
F 1.412537545e+03 140 106 0.422626 -738.9785 1.891451 738.190
F 1.445439771e+03 143 108 0.192457 -757.3469 1.891451 754.214
F 1.479108388e+03 146 111 -0.112952 -769.1515 1.891451 762.908
F 1.513561248e+03 150 114 0.504647 -781.6783 1.891451 777.207
F 1.548816619e+03 153 116 0.043459 -802.2625 1.891451 797.612
F 1.584893192e+03 156 119 -0.498351 -816.2731 1.891451 806.104
F 1.621810097e+03 160 120 -0.122659 -845.8217 1.891451 838.656
F 1.659586907e+03 164 124 0.168611 -853.9865 1.891451 850.611
F 1.698243652e+03 168 128 0.373494 -862.9332 1.891451 861.645
F 1.737800829e+03 172 131 0.489977 -880.1330 1.891451 880.031
F 1.778279410e+03 176 134 0.516002 -898.1957 1.891451 894.787
F 1.819700859e+03 180 137 0.449461 -917.1156 1.891451 916.601
F 1.862087137e+03 184 140 0.288198 -936.9391 1.891451 934.782
F 1.905460718e+03 188 143 0.030006 -957.6951 1.891451 951.229
F 1.949844600e+03 192 146 -0.327371 -979.3919 1.891451 970.964
F 1.995262315e+03 197 150 0.213755 -994.4574 1.891451 991.542
F 2.041737945e+03 201 153 -0.348979 -1018.1113 1.891451 999.493
R 2.088969555e+03 2.014068 208 157 2.084020e+03
F 2.089296131e+03 208 157 1.982007 -1035.1358 2.014068 1034.809
F 2.137962090e+03 211 158 0.204237 -1076.1355 2.921110 1073.123
F 2.187761624e+03 216 163 0.315180 -1087.5331 2.921110 1085.651
F 2.238721139e+03 221 167 0.312241 -1107.6781 2.921110 1105.766
F 2.290867653e+03 226 170 0.192769 -1136.6456 2.921110 1133.516
F 2.344228815e+03 231 173 -0.045951 -1166.7698 2.921110 1155.973
F 2.398832919e+03 237 178 0.593304 -1182.5224 2.921110 1179.183
F 2.454708916e+03 242 182 0.107691 -1207.2154 2.921110 1203.219
F 2.511886432e+03 248 185 0.494301 -1240.9270 2.921110 1240.869
F 2.570395783e+03 253 190 -0.249841 -1260.2321 2.921110 1252.594
F 2.630267992e+03 260 193 0.872219 -1296.5106 2.921110 1291.193
F 2.691534804e+03 265 198 -0.142637 -1318.3384 2.921110 1311.793
F 2.754228703e+03 271 203 -0.297596 -1341.4874 2.921110 1333.363
F 2.818382931e+03 278 209 0.404078 -1358.0422 2.921110 1357.065
F 2.884031503e+03 284 212 -0.040956 -1399.8242 2.921110 1388.992
F 2.951209227e+03 291 218 0.363886 -1419.1275 2.921110 1417.741
F 3.019951720e+03 298 223 0.615108 -1447.8540 2.921110 1444.020
F 3.090295433e+03 305 228 0.709130 -1478.0805 2.921110 1471.646
S 3.162277660e+03 311 232 78 2.921110 -0.357709 0.160932 -0.500000 50.929582 2.084020e+03 2.921110 2 2.153386e-01 1.064389e-04 0 0 1.063201e-05 0 0 1509.140 -1517.877 311 0 0 0 0.0 2.921110
F 3.162277660e+03 311 232 -0.357709 -1517.8767 2.921110 1509.140
P   3.16e+03 312 233 2.92 1511.3 2 -1511.3
F 3.235936569e+03 319 238 0.410845 -1543.1179 2.921110 1542.210
F 3.311311215e+03 326 242 0.010956 -1582.0626 2.921110 1577.081
F 3.388441561e+03 334 249 0.438702 -1602.3640 2.921110 1601.740
F 3.467368505e+03 341 252 -0.309932 -1656.8624 2.921110 1640.048
F 3.548133892e+03 349 259 -0.239056 -1680.4987 2.921110 1672.971
F 3.630780548e+03 358 264 0.647128 -1722.2252 2.921110 1720.931
F 3.715352291e+03 366 269 0.344317 -1765.7366 2.921110 1764.151
F 3.801893963e+03 374 277 -0.151892 -1786.4219 2.921110 1779.782
F 3.890451450e+03 383 283 0.153997 -1825.4531 2.921110 1819.992
F 3.981071706e+03 392 290 0.257374 -1858.1274 2.921110 1855.656
F 4.073802778e+03 402 298 1.153522 -1884.4424 2.921110 1881.817
F 4.168693835e+03 410 304 -0.162385 -1929.3778 2.921110 1922.631
F 4.265795188e+03 420 310 0.304712 -1976.4111 2.921110 1967.981
F 4.365158322e+03 429 316 -0.450241 -2022.7610 2.921110 2013.082
F 4.466835922e+03 439 323 -0.432416 -2065.6869 2.921110 2056.189
F 4.570881896e+03 450 331 0.352894 -2098.2069 2.921110 2095.002
F 4.677351413e+03 460 339 -0.099726 -2137.1532 2.921110 2131.044
F 4.786300923e+03 471 344 0.204180 -2203.8028 2.921110 2200.790
F 4.897788194e+03 482 354 0.258943 -2230.4429 2.921110 2227.987
F 5.011872336e+03 493 361 0.058759 -2284.9762 2.921110 2275.217
F 5.128613840e+03 505 368 0.597688 -2341.9983 2.921110 2339.622
F 5.248074602e+03 516 376 -0.130345 -2393.0280 2.921110 2384.413
F 5.370317964e+03 528 385 -0.131558 -2438.0666 2.921110 2431.634
F 5.495408739e+03 540 393 -0.412317 -2494.3562 2.921110 2485.063
F 5.623413252e+03 554 401 1.020870 -2553.3723 2.921110 2552.696
F 5.754399373e+03 566 411 0.161337 -2597.8888 2.921110 2590.351
F 5.888436554e+03 580 420 1.002268 -2653.9100 2.921110 2651.609
F 6.025595861e+03 592 427 -0.463316 -2725.8616 2.921110 2716.049
F 6.165950019e+03 606 439 -0.242553 -2761.6423 2.921110 2754.079
F 6.309573445e+03 621 450 0.657250 -2809.1450 2.921110 2804.994
F 6.456542290e+03 635 461 0.228618 -2859.7381 2.921110 2856.974
R 6.570715746e+03 3.019665 649 470 6.565823e+03
F 6.606934480e+03 650 471 0.463899 -2922.3011 3.019665 2921.933
F 6.760829754e+03 665 481 0.355266 -2988.0975 3.019665 2986.623
F 6.918309709e+03 680 491 -0.105293 -3057.2813 3.019665 3039.424
F 7.079457844e+03 696 502 0.074026 -3121.0320 3.019665 3116.693
F 7.244359601e+03 713 515 0.884834 -3170.5459 3.019665 3162.544
F 7.413102413e+03 729 525 0.318547 -3250.3016 3.019665 3248.119
F 7.585775750e+03 746 537 0.366382 -3315.9135 3.019665 3314.553
F 7.762471166e+03 763 548 0.019350 -3389.7375 3.019665 3384.842
F 7.943282347e+03 781 560 0.268254 -3462.9490 3.019665 3459.542
F 8.128305162e+03 799 572 0.103682 -3540.0757 3.019665 3536.039
F 8.317637711e+03 817 585 -0.483998 -3612.2250 3.019665 3602.202
F 8.511380382e+03 837 600 0.495360 -3668.6030 3.019665 3668.556
F 8.709635900e+03 856 611 0.031670 -3767.1741 3.019665 3762.404
F 8.912509381e+03 877 627 1.114612 -3824.7180 3.019665 3824.251
F 9.120108394e+03 896 640 -0.266373 -3913.9465 3.019665 3906.140
F 9.332543008e+03 917 653 -0.122093 -4007.7010 3.019665 4001.364
F 9.549925860e+03 938 670 -0.463604 -4069.4988 3.019665 4052.239
F 9.772372210e+03 960 683 -0.302223 -4168.0581 3.019665 4159.887
S 1.000000000e+04 983 700 282 3.019665 0.350471 0.200207 -0.500000 61.115498 7.665902e+03 2.461800 2 1.583320e-01 2.151108e-05 0 0 1.066432e-05 0 0 4232.940 -4239.325 983 0 0 0 0.0 3.019665
F 1.000000000e+04 983 700 0.350471 -4239.3253 3.019665 4232.940
P      1e+04 984 701 3.02 4238.8 2 -4238.8
F 1.023292992e+04 1007 717 1.482629 -4315.4930 3.019665 4304.055
F 1.047128548e+04 1029 731 0.082127 -4424.4137 3.019665 4420.157
F 1.071519305e+04 1054 747 1.136557 -4520.0651 3.019665 4516.723
F 1.096478196e+04 1078 764 0.633223 -4611.6834 3.019665 4607.001
F 1.122018454e+04 1103 781 0.559133 -4708.7579 3.019665 4702.116
F 1.148153621e+04 1128 797 -0.099007 -4820.7273 3.019665 4814.626
F 1.174897555e+04 1154 815 -0.354803 -4919.6963 3.019665 4910.989
F 1.202264435e+04 1182 835 0.777826 -5005.7118 3.019665 5005.315
F 1.230268771e+04 1210 852 1.284633 -5125.8413 3.019665 5119.703
F 1.258925412e+04 1237 869 0.151042 -5252.1245 3.422433 5236.592
F 1.288249552e+04 1266 890 0.362135 -5346.8640 3.422433 5345.460
F 1.318256739e+04 1295 912 -0.097352 -5438.4835 3.422433 5432.399
F 1.348962883e+04 1325 931 -0.243038 -5565.0872 3.422433 5557.519
F 1.380384265e+04 1356 953 -0.090908 -5669.8322 3.422433 5663.813
F 1.412537545e+04 1388 972 0.342683 -5805.2574 3.422433 5802.104
F 1.445439771e+04 1420 994 0.040998 -5923.8228 3.422433 5917.786
F 1.479108388e+04 1454 1015 0.986910 -6059.1352 3.422433 6053.724
F 1.513561248e+04 1487 1039 0.162894 -6172.9493 3.422433 6169.516
F 1.548816619e+04 1521 1064 -0.448985 -6284.5933 3.422433 6274.927
F 1.584893192e+04 1557 1086 0.132922 -6432.8340 3.422433 6429.095
F 1.621810097e+04 1593 1116 -0.110165 -6511.5336 3.422433 6505.318
F 1.659586907e+04 1631 1141 0.802538 -6641.7961 3.422433 6637.089
F 1.698243652e+04 1669 1165 0.851368 -6794.8416 3.422433 6792.554
F 1.737800829e+04 1707 1190 0.016201 -6946.5998 3.422433 6941.672
F 1.778279410e+04 1749 1214 2.276446 -7116.8027 3.422433 7113.540
F 1.819700859e+04 1787 1242 -0.388966 -7256.6771 3.422433 7247.622
F 1.862087137e+04 1829 1268 -0.001597 -7421.9487 3.422433 7416.840
F 1.905460718e+04 1872 1296 0.416489 -7580.0899 3.422433 7575.107
F 1.949844600e+04 1915 1326 -0.157285 -7722.9966 3.422433 7716.302
F 1.995262315e+04 1960 1356 0.253978 -7880.4340 3.422433 7877.928
F 2.041737945e+04 2006 1385 0.626635 -8057.7448 3.422433 8033.944
F 2.089296131e+04 2053 1417 0.936495 -8215.3513 3.422433 8212.468
F 2.137962090e+04 2100 1449 0.158802 -8383.3252 3.422433 8379.850
F 2.187761624e+04 2149 1478 0.268223 -8591.8638 3.422433 8581.242
F 2.238721139e+04 2199 1513 0.238837 -8746.3173 3.422433 8739.111
F 2.290867653e+04 2250 1550 0.044116 -8896.7662 3.422433 8892.123
R 2.300062890e+04 4.016713 2263 1557 2.299571e+04
F 2.344228815e+04 2303 1583 0.656917 -9098.6836 4.830797 9091.030
F 2.398832919e+04 2357 1619 1.049464 -9282.0583 4.830797 9270.756
F 2.454708916e+04 2411 1654 0.193332 -9487.4412 4.830797 9484.318
F 2.511886432e+04 2467 1691 0.059437 -9684.7720 4.830797 9676.226
F 2.570395783e+04 2525 1725 0.618016 -9919.9535 4.830797 9914.200
F 2.630267992e+04 2583 1767 -0.161388 -10091.6844 4.830797 10084.948
F 2.691534804e+04 2643 1806 -0.309940 -10306.9740 4.830797 10298.724
F 2.754228703e+04 2705 1846 0.140468 -10525.4467 4.830797 10521.784
F 2.818382931e+04 2768 1889 0.157202 -10726.8812 4.830797 10723.389
F 2.884031503e+04 2833 1927 0.706868 -10993.5254 4.830797 10987.271
F 2.951209227e+04 2898 1973 -0.244708 -11192.3754 4.830797 11184.896
F 3.019951720e+04 2967 2015 1.267506 -11447.0108 4.830797 11446.926
F 3.090295433e+04 3035 2059 0.207728 -11696.0530 4.830797 11685.116
S 3.162277660e+04 3105 2106 998 4.830797 -0.460658 0.238369 -0.500000 71.301415 1.067075e+04 2.768927 3 1.581544e-02 9.003113e-07 0 0 9.003122e-07 0 0 11910.742 -11929.433 3105 0 0 0 0.0 4.830797
F 3.162277660e+04 3105 2106 -0.460658 -11929.4334 4.830797 11910.742
P   3.16e+04 3106 2107 4.83 11919.5 3 -11919.5
F 3.235936569e+04 3178 2154 0.224877 -12162.9157 4.830797 12160.312
F 3.311311215e+04 3252 2201 0.225992 -12428.0245 4.830797 12425.677
F 3.388441561e+04 3327 2250 -0.496549 -12688.7631 4.830797 12679.345
F 3.467368505e+04 3406 2303 1.017106 -12924.5867 4.830797 12918.824
F 3.548133892e+04 3486 2354 1.725872 -13198.5210 4.830797 13197.250
F 3.630780548e+04 3565 2408 -0.412293 -13453.3698 4.830797 13428.945
F 3.715352291e+04 3649 2465 0.559593 -13699.9493 4.830797 13696.843
F 3.801893963e+04 3733 2517 -0.402495 -14017.5597 4.830797 14008.727
F 3.890451450e+04 3822 2572 1.656395 -14322.4912 4.830797 14317.933
F 3.981071706e+04 3911 2626 1.690167 -14657.3471 4.830797 14655.228
F 4.073802778e+04 4000 2686 -0.348350 -14943.1032 4.830797 14935.319
F 4.168693835e+04 4095 2748 1.492573 -15233.1950 4.830797 15227.226
F 4.265795188e+04 4189 2812 0.163542 -15522.5958 4.830797 15520.593
F 4.365158322e+04 4286 2872 -0.385987 -15875.8908 4.830797 15867.862
F 4.466835922e+04 4387 2932 0.792264 -16245.6023 4.830797 16240.908
F 4.570881896e+04 4488 2998 -0.354633 -16578.6387 4.830797 16568.201
F 4.677351413e+04 4594 3063 1.119163 -16945.1388 4.830797 16944.079
F 4.786300923e+04 4701 3134 1.158232 -17270.3827 4.830797 17266.059
F 4.897788194e+04 4809 3205 -0.294140 -17613.9102 4.830797 17605.821
F 5.011872336e+04 4921 3275 -0.295985 -17994.4140 4.830797 17984.995
F 5.128613840e+04 5036 3350 0.093311 -18347.4607 4.830797 18349.901
F 5.248074602e+04 5154 3424 0.812982 -18738.6358 4.830797 18737.710
F 5.370317964e+04 5273 3501 -0.199157 -19123.3084 4.830797 19116.892
F 5.495408739e+04 5397 3577 0.993262 -19545.6158 4.830797 19542.367
F 5.623413252e+04 5522 3659 0.325125 -19929.7010 4.830797 19932.326
F 5.754399373e+04 5650 3742 -0.270199 -20330.8426 4.830797 20323.772
F 5.888436554e+04 5782 3824 0.139107 -20771.4849 4.830797 20770.200
F 6.025595861e+04 5917 3911 0.483272 -21186.5142 4.830797 21186.344
F 6.165950019e+04 6054 3995 -0.309101 -21664.5582 4.830797 21657.160
F 6.309573445e+04 6195 4083 -0.311069 -22123.6857 4.830797 22118.023
F 6.456542290e+04 6340 4176 0.402604 -22564.4425 4.830797 22567.007
F 6.606934480e+04 6487 4269 -0.244583 -23037.2408 4.830797 23030.569
F 6.760829754e+04 6638 4361 -0.330915 -23554.1239 4.830797 23545.660
F 6.918309709e+04 6794 4457 1.063501 -24054.6096 4.830797 24046.108
F 7.079457844e+04 6953 4560 1.856689 -24514.2635 4.830797 24512.006
F 7.244359601e+04 7113 4661 -0.035232 -25034.2068 4.830797 25029.760
F 7.413102413e+04 7279 4764 0.301899 -25567.8186 4.830797 25560.599
F 7.585775750e+04 7450 4873 1.780247 -26071.0096 4.830797 26068.175
F 7.762471166e+04 7622 4984 0.309928 -26589.3504 4.830797 26589.562
F 7.943282347e+04 7799 5093 -0.201034 -27163.3359 4.830797 27144.796
F 8.128305162e+04 7982 5204 1.153243 -27759.9569 4.830797 27753.662
F 8.317637711e+04 8167 5323 0.276447 -28306.5231 4.830797 28302.775
F 8.511380382e+04 8357 5440 0.070025 -28911.4529 4.830797 28914.066
F 8.709635900e+04 8552 5566 0.433126 -29462.2524 4.830797 29462.760
F 8.912509381e+04 8751 5687 0.262551 -30113.2466 4.830797 30106.890
F 9.120108394e+04 8955 5816 0.452697 -30711.7276 4.830797 30713.715
F 9.332543008e+04 9164 5947 0.895502 -31338.5001 4.830797 31329.925
F 9.549925860e+04 9377 6081 0.480386 -31977.2479 4.830797 31970.704
F 9.772372210e+04 9595 6216 0.094193 -32646.4242 4.830797 32643.659
S 1.000000000e+05 9818 6350 3467 4.830797 -0.378868 0.266508 -0.500000 132.416913 7.635972e+04 3.548663 3 1.737922e-02 2.362524e-07 0 0 1.417668e-07 0 0 33375.262 -33381.561 9818 0 0 0 0.0 3.996357
F 1.000000000e+05 9818 6350 -0.378868 -33381.5607 4.830797 33375.262
P      1e+05 9819 6351 4.83 33375.3 3 -33371.3
F 1.023292992e+05 10049 6493 1.942715 -34062.8403 4.830797 34061.117
F 1.047128548e+05 10281 6635 -0.062306 -34800.8187 4.830797 34799.995
R 1.066650579e+05 5.280607 10478 6749 1.066119e+05
F 1.071519305e+05 10521 6779 0.481995 -35573.7081 5.280607 35586.086
F 1.096478196e+05 10766 6935 0.448657 -36261.0388 5.280607 36254.409
F 1.122018454e+05 11017 7089 0.707758 -37020.2884 5.280607 37008.742
F 1.148153621e+05 11273 7243 0.126354 -37841.3276 5.280607 37839.700
F 1.174897555e+05 11536 7407 0.568402 -38597.2306 5.280607 38597.148
F 1.202264435e+05 11804 7577 -0.105311 -39347.3459 5.280607 39342.691
F 1.230268771e+05 12079 7745 -0.037239 -40180.7281 5.280607 40182.926
F 1.258925412e+05 12360 7917 -0.373154 -41028.4828 5.280607 41019.589
F 1.288249552e+05 12649 8095 0.737776 -41868.5879 5.280607 41862.404
F 1.318256739e+05 12943 8270 0.142908 -42802.3293 5.280607 42796.747
F 1.348962883e+05 13244 8463 -0.313956 -43595.4087 5.280607 43606.628
F 1.380384265e+05 13558 8650 5.207347 -44526.5018 5.486179 44523.662
F 1.412537545e+05 13868 8845 -0.456741 -45425.7325 5.486179 45402.585
F 1.445439771e+05 14191 9041 -0.473591 -46389.4670 5.486179 46369.763
F 1.479108388e+05 14522 9232 -0.014469 -47478.8492 5.486179 47473.609
F 1.513561248e+05 14860 9444 -0.254634 -48398.0453 5.486179 48392.100
F 1.548816619e+05 15206 9652 -0.373424 -49434.3348 5.486179 49421.130
F 1.584893192e+05 15561 9876 0.445643 -50362.4973 5.486179 50361.944
F 1.621810097e+05 15923 10092 0.014777 -51465.4074 5.486179 51464.401
F 1.659586907e+05 16296 10317 2.141811 -52535.3227 5.486179 52522.291
F 1.698243652e+05 16673 10547 -0.369896 -53633.8252 5.486179 53628.678
F 1.737800829e+05 17062 10777 0.278434 -54817.0356 5.486179 54804.278
F 1.778279410e+05 17459 11027 -0.119108 -55845.6258 5.486179 55839.320
F 1.819700859e+05 17866 11270 0.226771 -57041.3396 5.486179 57041.849
F 1.862087137e+05 18282 11522 0.100460 -58220.8210 5.486179 58224.546
F 1.905460718e+05 18708 11779 0.281321 -59436.6587 5.486179 59432.343
F 1.949844600e+05 19143 12044 -0.456420 -60650.2185 5.486179 60646.591
F 1.995262315e+05 19590 12311 0.656204 -61930.5345 5.486179 61927.519
F 2.041737945e+05 20046 12584 0.382776 -63243.3689 5.486179 63249.720
F 2.089296131e+05 20513 12870 0.481375 -64493.0207 5.486179 64492.831
F 2.137962090e+05 20990 13157 -0.295557 -65840.6415 5.486179 65826.526
F 2.187761624e+05 21479 13445 -0.201343 -67276.5770 5.486179 67271.543
F 2.238721139e+05 21979 13748 -0.495208 -68643.4480 5.486179 68618.625
F 2.290867653e+05 22492 14055 0.557586 -70072.5915 5.486179 70072.140
F 2.344228815e+05 23016 14362 0.685598 -71616.2515 5.486179 71614.015
F 2.398832919e+05 23551 14677 -0.388936 -73171.8895 5.486179 73156.642
F 2.454708916e+05 24101 15020 1.049749 -74500.3112 5.486179 74497.682
F 2.511886432e+05 24661 15349 -0.289200 -76131.0801 5.486179 76103.767
F 2.570395783e+05 25237 15694 1.296587 -77682.0639 5.486179 77681.815
F 2.630267992e+05 25823 16034 -0.497451 -79430.0401 5.486179 79431.350
F 2.691534804e+05 26425 16392 0.017028 -81078.4863 5.486179 81072.649
F 2.754228703e+05 27040 16760 -0.478890 -82742.5220 5.486179 82727.478
F 2.818382931e+05 27673 17134 2.688450 -84462.6007 5.486179 84458.424
F 2.884031503e+05 28315 17522 0.185103 -86153.9466 5.486179 86143.777
F 2.951209227e+05 28974 17914 -0.330656 -87938.9911 5.486179 87932.939
F 3.019951720e+05 29649 18313 -0.208510 -89776.8598 5.486179 89766.300
F 3.090295433e+05 30340 18726 0.193712 -91590.9223 5.486179 91585.060
S 3.162277660e+05 31047 19139 11907 5.486179 0.509844 0.294026 -0.500000 132.416913 2.242592e+05 3.268561 3 1.386166e-03 6.253517e-09 0 0 6.253517e-09 0 0 93547.781 -93555.388 31047 0 0 0 0.0 5.486179
F 3.162277660e+05 31047 19139 0.509844 -93555.3885 5.486179 93547.781
P   3.16e+05 31048 19140 5.49 93553.0 3 -93553.0
F 3.235936569e+05 31770 19574 0.365195 -95401.0138 5.486179 95404.643
F 3.311311215e+05 32511 19994 1.376343 -97604.9979 5.486179 97601.657
F 3.388441561e+05 33267 20461 0.150936 -99370.5656 5.486179 99361.970
F 3.467368505e+05 34042 20908 0.287484 -101559.9391 5.486179 101557.774
F 3.548133892e+05 34835 21371 0.375143 -103724.8943 5.486179 103718.158
F 3.630780548e+05 35646 21849 -0.006499 -105875.5525 5.486179 105866.276
F 3.715352291e+05 36476 22333 -0.287647 -108130.8084 5.486179 108125.425
F 3.801893963e+05 37326 22835 0.091473 -110340.8057 5.486179 110350.540
F 3.890451450e+05 38196 23344 0.680380 -112650.8417 5.486179 112649.708
F 3.981071706e+05 39085 23867 0.018101 -114968.5666 5.486179 114969.075
F 4.073802778e+05 39995 24399 -0.367074 -117369.2935 5.486179 117360.462
F 4.168693835e+05 40927 24945 0.042155 -119799.0725 5.486179 119779.546
F 4.265795188e+05 41881 25500 0.751849 -122314.4378 5.486179 122310.940
F 4.365158322e+05 42856 26074 0.256558 -124796.5305 5.486179 124820.272
F 4.466835922e+05 43854 26650 0.039063 -127470.7917 5.486179 127459.721
F 4.570881896e+05 44877 27245 1.570095 -130127.8648 5.486179 130125.703
F 4.677351413e+05 45921 27872 0.308059 -132585.1387 5.486179 132588.923
F 4.786300923e+05 46990 28479 -0.301257 -135541.7395 5.486179 135542.132
F 4.897788194e+05 48085 29109 0.175024 -138437.0077 5.773484 138433.075
F 5.011872336e+05 49205 29763 0.156574 -141266.1286 5.773484 141267.138
F 5.128613840e+05 50351 30428 0.049542 -144204.6695 5.773484 144200.081
F 5.248074602e+05 51525 31113 1.246248 -147130.1327 5.773484 147120.634
F 5.370317964e+05 52724 31804 0.124855 -150245.3659 5.773484 150241.545
F 5.495408739e+05 53953 32518 1.049045 -153319.1975 5.773484 153326.728
F 5.623413252e+05 55209 33235 0.367674 -156628.3225 5.773484 156621.872
F 5.754399373e+05 56496 33974 1.414434 -159934.0751 5.773484 159921.524
F 5.888436554e+05 57810 34733 -0.492506 -163255.9175 5.773484 163248.462
F 6.025595861e+05 59157 35497 -0.050855 -166805.9598 5.773484 166800.349
F 6.165950019e+05 60535 36297 0.025422 -170178.2818 5.773484 170173.448
F 6.309573445e+05 61945 37110 0.005733 -173692.3326 5.773484 173689.446
F 6.456542290e+05 63388 37944 0.142466 -177234.7045 5.773484 177226.511
F 6.606934480e+05 64865 38801 0.670596 -180792.3788 5.773484 180789.902
F 6.760829754e+05 66375 39653 -0.192722 -184743.1168 5.773484 184732.746
F 6.918309709e+05 67921 40543 -0.248568 -188526.7109 5.773484 188519.086
F 7.079457844e+05 69503 41451 -0.316680 -192414.3213 5.773484 192405.169
F 7.244359601e+05 71124 42375 1.764107 -196447.4684 5.773484 196453.202
F 7.413102413e+05 72780 43316 1.135422 -200613.9457 5.773484 200616.893
F 7.585775750e+05 74474 44300 -0.081103 -204563.1359 5.773484 204548.878
F 7.762471166e+05 76209 45275 0.215707 -209013.9243 5.773484 209011.028
F 7.943282347e+05 77984 46285 0.106089 -213378.8207 5.773484 213373.082
F 8.128305162e+05 79800 47326 -0.351144 -217720.0554 5.773484 217711.467
F 8.317637711e+05 81660 48387 0.880899 -222195.7753 5.965032 222200.203
F 8.511380382e+05 83561 49461 -0.183325 -226917.5230 5.965032 226920.968
F 8.709635900e+05 85510 50563 2.447683 -231676.4047 5.965032 231681.768
R 8.770960672e+05 6.393137 86116 50898 8.770339e+05
F 8.912509381e+05 87499 51687 -0.258067 -236570.4805 6.393137 236573.302
F 9.120108394e+05 89537 52847 -0.356604 -241417.7994 6.393137 241409.501
F 9.332543008e+05 91623 54009 0.071446 -246694.4376 6.393137 246698.093
F 9.549925860e+05 93758 55246 0.920285 -251409.5769 6.393137 251407.685
F 9.772372210e+05 95941 56469 0.058357 -256799.8665 6.393137 256795.264
S 1.000000000e+06 98177 57724 40452 6.393137 1.327750 0.338782 -0.500000 173.160578 8.752208e+05 2.916846 3 2.834367e-04 4.769338e-10 0 0 7.624446e-10 0 0 262229.419 -262238.477 57435 31046 38585 0 0.0 6.393137
F 1.000000000e+06 98177 57724 1.327750 -262238.4770 6.393137 262229.419
M 1.000000000e+06 98177 1.327750 /private/tmp/rh-s40-free-greedy/win_pi32_1e11.mom.1.000000e+06
P      1e+06 98178 57725 6.39 262243.3 3 -262243.3
F 1.023292992e+06 100462 59011 -0.456420 -267729.1382 6.393137 267720.168
F 1.047128548e+06 102803 60345 0.493365 -273081.6282 6.393137 273080.057
F 1.071519305e+06 105197 61689 -0.063623 -278813.1531 6.393137 278808.322
F 1.096478196e+06 107649 63055 1.602993 -284782.9549 6.393137 284780.209
F 1.122018454e+06 110155 64488 0.194011 -290370.0679 6.393137 290375.489
F 1.148153621e+06 112721 65916 0.379972 -296585.8203 6.393137 296595.067
F 1.174897555e+06 115346 67374 -0.199554 -302961.4686 6.393137 302959.512
F 1.202264435e+06 118033 68893 0.063316 -309073.3184 6.393137 309068.665
F 1.230268771e+06 120782 70428 -0.255960 -315570.3310 6.393137 315577.978
F 1.258925412e+06 123596 71996 0.384890 -322214.3674 6.393137 322226.168
F 1.288249552e+06 126475 73597 0.494188 -329025.7202 6.393137 329023.878
F 1.318256739e+06 129421 75248 0.545506 -335772.0655 6.393137 335765.406
F 1.348962883e+06 132437 76931 1.976865 -342742.2084 6.393137 342764.527
F 1.380384265e+06 135520 78654 0.189900 -349816.4852 6.393137 349835.200
F 1.412537545e+06 138677 80389 0.549015 -357406.4528 6.393137 357384.763
F 1.445439771e+06 141907 82206 0.380519 -364550.1403 6.393137 364562.725
F 1.479108388e+06 145212 84055 -0.028267 -371964.2301 6.393137 371968.431
F 1.513561248e+06 148596 85905 1.570086 -380105.6937 6.393137 380100.442
F 1.548816619e+06 152056 87842 0.382183 -387767.9917 6.393137 387774.926
F 1.584893192e+06 155597 89786 -0.427143 -396106.9906 6.393137 396114.451
F 1.621810097e+06 159223 91793 1.264194 -404341.6105 6.393137 404365.207
F 1.659586907e+06 162932 93862 1.534537 -412505.1455 6.393137 412504.762
F 1.698243652e+06 166726 95961 0.417469 -421061.1714 6.393137 421058.463
F 1.737800829e+06 170610 98110 0.900768 -429758.7789 6.393137 429759.218
F 1.778279410e+06 174586 100283 2.925343 -438976.0732 6.393137 438962.695
F 1.819700859e+06 178650 102548 0.384139 -447771.6645 6.393137 447785.346
F 1.862087137e+06 182811 104828 0.121022 -457267.0959 6.393137 457264.873
F 1.905460718e+06 187070 107172 0.929635 -466763.7324 6.393137 466762.429
F 1.949844600e+06 191426 109563 -0.447770 -476538.3593 6.393137 476537.300
F 1.995262315e+06 195886 111993 0.678466 -486719.0796 6.393137 486707.706
F 2.041737945e+06 200448 114511 -0.055811 -496631.8744 6.393137 496613.029
F 2.089296131e+06 205117 117047 -0.069821 -507307.2713 6.393137 507310.200
F 2.137962090e+06 209896 119681 1.160861 -517599.7086 6.393137 517613.812
F 2.187761624e+06 214784 122356 0.103000 -528364.6941 6.393137 528352.443
F 2.238721139e+06 219787 125091 0.164351 -539351.3368 6.393137 539366.912
F 2.290867653e+06 224906 127893 -0.307709 -550488.9260 6.393137 550471.639
F 2.344228815e+06 230145 130741 -0.027592 -562102.4214 6.393137 562098.385
F 2.398832919e+06 235506 133676 0.227063 -573616.1236 6.393137 573616.468
F 2.454708916e+06 240992 136634 0.613918 -585988.9019 6.393137 585983.273
F 2.511886432e+06 246605 139724 0.224428 -597658.4413 6.393137 597673.385
F 2.570395783e+06 252349 142827 0.082301 -610397.1143 6.393137 610402.007
F 2.630267992e+06 258227 146010 0.141915 -623252.9101 6.393137 623240.573
F 2.691534804e+06 264242 149300 0.286709 -635827.2709 6.393137 635822.090
F 2.754228703e+06 270397 152622 0.327527 -649283.6400 6.393137 649279.182
F 2.818382931e+06 276695 156050 0.000929 -662550.8620 6.393137 662550.444
F 2.884031503e+06 283141 159506 0.967458 -676817.3074 6.393137 676812.744
F 2.951209227e+06 289736 163084 0.809872 -690724.4806 6.393137 690722.938
F 3.019951720e+06 296484 166746 0.031331 -704854.2651 6.393137 704870.616
F 3.090295433e+06 303390 170461 0.053543 -719716.9434 6.393137 719727.558
S 3.162277660e+06 310457 174263 136193 6.393137 0.214869 0.368970 -0.500000 213.904244 2.559319e+06 2.932087 4 2.859097e-05 2.159336e-11 0 0 2.159336e-11 0 0 734822.643 -734824.210 116041 31046 155124 0 0.0 5.721823
F 3.162277660e+06 310457 174263 0.214869 -734824.2099 6.393137 734822.643
P   3.16e+06 310458 174264 6.39 734822.6 4 -734816.5
F 3.235936569e+06 317688 178156 -0.231625 -750164.7169 6.393137 750171.846
F 3.311311215e+06 325088 182134 -0.120145 -765844.0017 6.393137 765852.962
F 3.388441561e+06 332661 186182 0.625788 -782148.2690 6.393137 782149.064
F 3.467368505e+06 340409 190371 -0.008735 -798026.5965 6.393137 798021.415
F 3.548133892e+06 348339 194626 0.867859 -814652.2685 6.908730 814658.601
R 3.589210601e+06 7.171427 352378 196792 3.589146e+06
R 3.589212135e+06 8.020816 352379 196792 3.589146e+06
F 3.630780548e+06 356454 198970 2.051442 -831725.3459 8.927858 831721.758
F 3.715352291e+06 364755 203463 0.239962 -848363.1979 8.927858 848352.665
F 3.801893963e+06 373252 207969 1.031158 -866678.3326 8.927858 866665.023
F 3.890451450e+06 381945 212652 -0.079772 -884214.5421 8.927858 884204.505
F 3.981071706e+06 390842 217393 0.297440 -902825.2776 8.927858 902828.226
F 4.073802778e+06 399947 222249 1.445685 -921682.8554 8.927858 921678.932
F 4.168693835e+06 409261 227215 -0.462018 -940926.2303 8.927858 940925.650
F 4.265795188e+06 418795 232297 0.634913 -960488.2116 8.927858 960482.521
F 4.365158322e+06 428549 237504 -0.317994 -980285.0006 8.927858 980286.937
F 4.466835922e+06 438532 242791 0.507056 -1001067.7175 8.927858 1001062.306
F 4.570881896e+06 448746 248240 -0.182618 -1021607.0860 8.927858 1021598.893
F 4.677351413e+06 459199 253770 0.197021 -1043193.9733 8.927858 1043196.059
F 4.786300923e+06 469895 259442 0.103854 -1064943.1008 8.927858 1064962.508
F 4.897788194e+06 480842 265257 1.866671 -1086905.8850 8.927858 1086929.537
F 5.011872336e+06 492041 271169 0.682163 -1109836.2074 8.927858 1109854.833
F 5.128613840e+06 503503 277245 1.611844 -1132763.3381 8.927858 1132756.193
F 5.248074602e+06 515229 283429 -0.421097 -1156592.4007 8.927858 1156585.615
F 5.370317964e+06 527232 289795 1.364981 -1180243.0248 8.927858 1180255.323
F 5.495408739e+06 539512 296255 0.606875 -1205145.0738 8.927858 1205142.107
F 5.623413252e+06 552078 302873 -0.206834 -1230342.1962 8.927858 1230334.996
F 5.754399373e+06 564938 309661 0.260762 -1255732.7051 8.927858 1255718.662
F 5.888436554e+06 578097 316572 0.191369 -1282096.4426 8.927858 1282098.906
F 6.025595861e+06 591562 323674 -0.392126 -1308448.8025 8.927858 1308438.883
F 6.165950019e+06 605342 330922 0.370647 -1335558.9676 8.927858 1335572.330
F 6.309573445e+06 619442 338325 0.173754 -1363338.6718 8.927858 1363341.676
F 6.456542290e+06 633872 345885 1.541083 -1391833.5431 8.927858 1391825.539
F 6.606934480e+06 648635 353618 -0.177618 -1420854.4442 8.927858 1420845.162
F 6.760829754e+06 663744 361528 0.189203 -1450434.8148 8.927858 1450421.993
F 6.918309709e+06 679204 369603 -0.369252 -1480807.5003 8.927858 1480820.901
F 7.079457844e+06 695025 377893 -0.050376 -1511279.0097 8.927858 1511287.879
F 7.244359601e+06 711214 386333 -0.242503 -1542938.0118 8.927858 1542930.449
F 7.413102413e+06 727781 394964 0.470643 -1575232.2339 8.927858 1575238.647
F 7.585775750e+06 744733 403809 0.305397 -1607862.8656 8.927858 1607857.479
F 7.762471166e+06 762080 412829 0.273496 -1641544.6261 8.927858 1641565.035
F 7.943282347e+06 779831 422070 0.177316 -1675610.3344 8.927858 1675613.790
F 8.128305162e+06 797995 431503 -0.395011 -1710641.1440 8.927858 1710650.466
F 8.317637711e+06 816583 441170 -0.074581 -1746035.7213 8.927858 1746049.733
F 8.511380382e+06 835604 451002 0.283172 -1782979.0929 8.927858 1782999.968
F 8.709635900e+06 855069 461161 1.593253 -1818986.9462 8.927858 1818992.102
F 8.912509381e+06 874986 471470 1.535754 -1856988.0679 8.927858 1857008.459
F 9.120108394e+06 895366 481963 0.550389 -1896521.9935 8.927858 1896559.176
F 9.332543008e+06 916222 492754 0.830889 -1935866.4452 8.927858 1935864.180
F 9.549925860e+06 937563 503784 0.319276 -1976085.2345 8.927858 1976106.069
F 9.772372210e+06 959401 515108 -0.300003 -2016376.6018 8.927858 2016386.181
S 1.000000000e+07 981749 526606 455142 8.927858 0.393928 0.410064 -0.500000 254.647909 5.448840e+06 3.304080 4 3.857237e-05 5.451955e-12 0 0 3.444865e-12 0 0 2058846.465 -2058802.664 225158 31046 507467 0 0.0 8.927858
F 1.000000000e+07 981749 526606 0.393928 -2058802.6636 8.927858 2058846.465
M 1.000000000e+07 981749 0.393928 /private/tmp/rh-s40-free-greedy/win_pi32_1e11.mom.1.000000e+07
P      1e+07 981750 526606 8.93 2058846.5 4 -2058803.3
F 1.023292992e+07 1004618 538416 1.552231 -2101208.9539 8.927858 2101232.525
F 1.047128548e+07 1028017 550441 0.050075 -2145312.2822 8.927858 2145293.133
F 1.071519305e+07 1051963 562699 0.480202 -2190920.5130 8.927858 2190944.703
F 1.096478196e+07 1076467 575329 1.146355 -2235895.0030 8.927858 2235924.442
F 1.122018454e+07 1101540 588190 0.056541 -2282645.0830 8.927858 2282640.566
F 1.148153621e+07 1127198 601332 -0.083852 -2330475.5408 8.927858 2330475.458
F 1.174897555e+07 1153455 614807 1.120888 -2378704.6819 8.927858 2378699.443
F 1.202264435e+07 1180321 628545 -0.250408 -2428545.2199 8.927858 2428536.038
F 1.230268771e+07 1207814 642655 -0.443177 -2478367.6550 8.927858 2478374.073
F 1.258925412e+07 1235948 656968 -0.034672 -2531079.1680 8.927858 2531098.372
F 1.288249552e+07 1264737 671741 0.058303 -2582610.9373 8.927858 2582618.809
F 1.318256739e+07 1294197 686749 0.571489 -2636788.0160 8.927858 2636789.808
F 1.348962883e+07 1324342 702136 -0.114924 -2691394.1973 8.927858 2691401.021
F 1.380384265e+07 1355190 717818 0.015422 -2747944.0169 8.927858 2747930.798
F 1.412537545e+07 1386757 733874 0.606579 -2805290.4189 8.927858 2805306.550
F 1.445439771e+07 1419058 750334 -0.078382 -2863100.4606 8.927858 2863099.975
F 1.479108388e+07 1452113 767070 0.833758 -2923658.5628 8.927858 2923674.245
F 1.513561248e+07 1485936 784292 -0.182714 -2983628.3309 8.927858 2983700.906
F 1.548816619e+07 1520548 801801 -0.061742 -3046478.6941 8.927858 3046461.449
F 1.584893192e+07 1555966 819784 -0.155000 -3109287.0480 8.927858 3109278.560
F 1.621810097e+07 1592209 838121 -0.241632 -3174217.8228 8.927858 3174233.202
F 1.659586907e+07 1629297 856886 0.461800 -3240197.7145 8.927858 3240199.884
F 1.698243652e+07 1667248 876094 0.291119 -3307199.6779 8.927858 3307203.026
F 1.737800829e+07 1706083 895618 0.124112 -3377482.7101 8.927858 3377485.366
F 1.778279410e+07 1745824 915727 1.369860 -3446774.0505 8.927858 3446770.283
F 1.819700859e+07 1786488 936211 -0.042182 -3518772.4204 8.927858 3518782.032
F 1.862087137e+07 1828101 957180 0.326648 -3591830.4420 8.927858 3591815.035
F 1.905460718e+07 1870683 978577 0.412782 -3667112.3705 8.927858 3667140.758
F 1.949844600e+07 1914258 1000442 1.638724 -3744154.5562 8.927858 3744146.557
F 1.995262315e+07 1958848 1022919 2.901084 -3820743.0262 8.927858 3820736.244
R 1.999122599e+07 9.076054 1962644 1024822 1.999116e+07
F 2.041737945e+07 2004473 1045786 0.558322 -3900828.1042 9.076054 3900847.726
F 2.089296131e+07 2051163 1069227 0.418217 -3981548.8474 9.076054 3981563.775
F 2.137962090e+07 2098940 1093186 -0.274961 -4064070.4887 9.076054 4064073.634
F 2.187761624e+07 2147831 1117603 0.146423 -4149640.5306 9.076054 4149640.093
F 2.238721139e+07 2197861 1142677 0.759936 -4235140.4729 9.076054 4235192.947
F 2.290867653e+07 2249055 1168243 0.039337 -4323613.3796 9.076054 4323615.448
F 2.344228815e+07 2301444 1194440 1.840505 -4412918.3365 9.076054 4412916.899
F 2.398832919e+07 2355050 1221051 0.387056 -4507019.5639 9.076054 4507005.908
F 2.454708916e+07 2409906 1248443 0.255607 -4599962.8152 9.076054 4599951.893
F 2.511886432e+07 2466040 1276404 0.360712 -4695588.0064 9.076054 4695614.376
F 2.570395783e+07 2523482 1304992 0.939436 -4793201.9231 9.076054 4793199.592
F 2.630267992e+07 2582261 1334203 0.535578 -4893158.0420 9.076054 4893159.010
F 2.691534804e+07 2642409 1364054 -0.016481 -4995437.1416 9.076054 4995449.384
F 2.754228703e+07 2703959 1394623 0.391702 -5099002.0890 9.076054 5098997.743
F 2.818382931e+07 2766945 1425751 3.125717 -5206889.9911 9.076054 5206887.251
F 2.884031503e+07 2831392 1457742 -0.208995 -5314181.2310 9.076054 5314208.966
F 2.951209227e+07 2897344 1490430 0.215143 -5424055.1917 9.076054 5424061.311
F 3.019951720e+07 2964832 1523763 0.429734 -5537721.4110 9.076054 5537716.895
F 3.090295433e+07 3033891 1557887 -0.348140 -5652995.2300 9.076054 5653007.069
S 3.162277660e+07 3104560 1592734 1511825 9.076054 0.265113 0.449875 -0.500000 325.949323 2.719395e+07 4.022913 5 4.910412e-06 2.273895e-13 0 0 6.208715e-13 0 0 5771375.231 -5771396.632 341816 31046 1573595 0 0.1 9.076054
F 3.162277660e+07 3104560 1592734 0.265113 -5771396.6316 9.076054 5771375.231
P   3.16e+07 3104561 1592735 9.08 5771387.2 5 -5771387.2
F 3.235936569e+07 3176874 1628519 -0.199820 -5889552.3004 9.076054 5889549.932
F 3.311311215e+07 3250876 1664855 2.914973 -6014490.3422 9.076054 6014499.824
F 3.388441561e+07 3326596 1702184 0.374304 -6138946.0964 9.076054 6138945.567
F 3.467368505e+07 3404082 1740381 0.029079 -6265462.9077 9.076054 6265551.700
F 3.548133892e+07 3483375 1779280 1.795014 -6397296.1511 9.076054 6397308.263
F 3.630780548e+07 3564514 1819186 2.630845 -6529516.4204 9.076054 6529515.148
F 3.715352291e+07 3647540 1859904 0.516045 -6665904.6749 9.076054 6665950.873
F 3.801893963e+07 3732502 1901547 0.428008 -6804926.7993 9.076054 6804958.079
F 3.890451450e+07 3819443 1944104 0.318710 -6947185.7200 9.076054 6947196.518
F 3.981071706e+07 3908409 1987681 0.090824 -7091261.8429 9.076054 7091257.675
F 4.073802778e+07 3999447 2032223 -0.426721 -7238530.2877 9.076054 7238532.317
F 4.168693835e+07 4092607 2077688 0.496247 -7390202.6902 9.076054 7390251.344
F 4.265795188e+07 4187939 2124251 3.465553 -7543646.2448 9.076054 7543635.044
F 4.365158322e+07 4285486 2171826 0.936483 -7700861.2510 9.076054 7700887.891
F 4.466835922e+07 4385307 2220500 0.186986 -7860786.6627 9.076054 7860817.862
F 4.570881896e+07 4487454 2270127 0.290247 -8026443.7665 9.076054 8026491.530
F 4.677351413e+07 4591980 2321072 0.086632 -8191948.5059 9.076054 8191991.198
F 4.786300923e+07 4698941 2373111 0.154963 -8361740.7885 9.076054 8361757.328
F 4.897788194e+07 4808393 2426206 -0.216862 -8537031.7505 9.076054 8537062.008
F 5.011872336e+07 4920397 2480663 1.938061 -8712927.1607 9.076054 8713020.623
F 5.128613840e+07 5035006 2536083 0.234871 -8897048.0932 9.076054 8897077.863
F 5.248074602e+07 5152286 2593025 -0.094543 -9080051.9573 9.076054 9080091.046
F 5.370317964e+07 5272299 2651003 0.766234 -9271157.7958 9.076054 9271188.387
F 5.495408739e+07 5395107 2710470 1.185180 -9462881.0603 9.076054 9462899.679
F 5.623413252e+07 5520776 2771263 2.048087 -9658710.8822 9.076054 9658703.988
F 5.754399373e+07 5649371 2833287 1.724048 -9860980.9321 9.076054 9861001.690
F 5.888436554e+07 5780960 2896810 0.030118 -10065518.6191 9.076054 10065550.141
F 6.025595861e+07 5915616 2961667 0.195171 -10275964.7726 9.076054 10275958.072
F 6.165950019e+07 6053409 3027981 0.822899 -10490704.7024 9.076054 10490748.296
F 6.309573445e+07 6194410 3095829 -0.146036 -10709120.8685 9.076054 10709092.535
F 6.456542290e+07 6338697 3165062 0.527255 -10934510.0378 9.076054 10934495.907
F 6.606934480e+07 6486344 3236203 0.340251 -11158217.2475 9.076054 11158251.869
F 6.760829754e+07 6637430 3308604 0.008460 -11392598.3056 9.076054 11392590.956
F 6.918309709e+07 6792036 3382777 0.423910 -11629204.3696 9.076054 11629250.164
F 7.079457844e+07 6950242 3458578 -0.387329 -11871364.9514 9.076054 11871382.878
F 7.244359601e+07 7112134 3536142 -0.308600 -12117420.6648 9.076054 12117401.926
F 7.413102413e+07 7277798 3615258 0.822857 -12372032.8860 9.076054 12372010.081
F 7.585775750e+07 7447320 3696374 1.170395 -12627833.9848 9.076054 12627890.470
F 7.762471166e+07 7620789 3779245 -0.148609 -12890109.5232 9.076054 12890141.988
F 7.943282347e+07 7798302 3863885 1.889585 -13159482.3556 9.076054 13159482.178
F 8.128305162e+07 7979947 3950447 1.166316 -13434038.2234 9.221075 13434089.408
F 8.317637711e+07 8165823 4039006 0.370618 -13713330.3976 9.221075 13713330.724
F 8.511380382e+07 8356029 4129489 -0.051848 -13999565.7348 9.221075 13999579.928
F 8.709635900e+07 8550666 4222179 0.048955 -14288513.3307 9.221075 14288608.071
F 8.912509381e+07 8749837 4316701 0.473969 -14587965.4500 9.221075 14588001.899
F 9.120108394e+07 8953646 4413506 -0.379684 -14890695.2226 9.221075 14890706.644
F 9.332543008e+07 9162204 4512257 0.425316 -15203875.9231 9.221075 15203858.916
F 9.549925860e+07 9375619 4613544 0.309182 -15517685.0429 9.221075 15517697.053
F 9.772372210e+07 9594005 4716902 0.116396 -15841706.9449 9.221075 15841705.148
S 1.000000000e+08 9817480 4822578 4994901 9.857826 2.055707 0.489591 -0.500000 397.250738 8.058342e+07 7.286281 5 3.354045e-06 3.695729e-14 0 0 6.432695e-15 2 0 16172489.047 -16172498.445 428413 31046 4803439 0 0.4 9.857826
F 1.000000000e+08 9817480 4822578 2.055707 -16172498.4446 9.857826 16172489.047
M 1.000000000e+08 9817480 2.055707 /private/tmp/rh-s40-free-greedy/win_pi32_1e11.mom.1.000000e+08
P      1e+08 9817481 4822578 9.86 16172500.7 5 -16172500.7
F 1.023292992e+08 10046156 4930752 -0.361260 -16507820.6573 9.857826 16507809.218
F 1.047128548e+08 10280161 5041133 -0.382828 -16854191.2097 9.857826 16854207.323
F 1.071519305e+08 10519617 5154265 -0.081557 -17202717.4778 9.857826 17202706.093
F 1.096478196e+08 10764650 5269694 -0.420028 -17562954.8974 9.857826 17562931.836
F 1.122018454e+08 11015391 5387909 -0.318160 -17927043.4421 9.857826 17927036.738
F 1.148153621e+08 11271973 5508693 0.277902 -18300264.1263 9.857826 18300304.850
F 1.174897555e+08 11534532 5632162 1.325304 -18681724.1519 9.857826 18681720.692
F 1.202264435e+08 11803206 5758489 1.612342 -19069469.8105 9.857826 19069470.950
F 1.230268771e+08 12078136 5887511 -0.315341 -19467891.7316 9.857826 19467988.346
F 1.258925412e+08 12359474 6019596 1.769706 -19871478.3691 9.857826 19871496.273
F 1.288249552e+08 12647364 6154406 2.699458 -20287918.4663 9.857826 20287918.327
F 1.318256739e+08 12941956 6292496 -0.168682 -20708281.9801 9.857826 20708347.018
F 1.348962883e+08 13243413 6433473 -0.032810 -21141338.9229 9.857826 21141339.400
F 1.380384265e+08 13551892 6577728 0.270652 -21581263.3319 9.857826 21581283.410
F 1.412537545e+08 13867556 6725197 0.182217 -22030769.1689 9.857826 22030800.804
F 1.445439771e+08 14190574 6875844 1.332606 -22492114.8936 9.857826 22492108.242
F 1.479108388e+08 14521114 7030279 0.454011 -22955416.1877 9.857826 22955424.345
F 1.513561248e+08 14859354 7187714 0.289283 -23437113.4219 9.857826 23437139.072
F 1.548816619e+08 15205474 7349074 1.499008 -23921452.4864 9.857826 23921508.177
F 1.584893192e+08 15559653 7513793 -0.433576 -24420839.7411 9.857826 24420928.239
F 1.621810097e+08 15922085 7682095 0.700110 -24932748.0332 9.857826 24932744.172
F 1.659586907e+08 16292957 7854495 -0.265574 -25449240.4000 9.857826 25449224.921
F 1.698243652e+08 16672469 8030544 0.027614 -25980652.8526 9.857826 25980673.352
F 1.737800829e+08 17060821 8210813 0.357546 -26518027.8190 9.857826 26518065.677
F 1.778279410e+08 17458219 8394771 0.815024 -27073375.9284 9.857826 27073455.716
F 1.819700859e+08 17864872 8583236 -0.305388 -27633107.8052 9.857826 27633092.542
F 1.862087137e+08 18280999 8775663 0.382912 -28209569.0236 9.857826 28209584.214
F 1.905460718e+08 18706818 8972299 0.244246 -28800132.7826 9.857826 28800118.668
F 1.949844600e+08 19142557 9173823 1.503670 -29393959.0310 9.857826 29394048.202
F 1.995262315e+08 19588443 9379349 0.127266 -30010088.4991 9.859663 30010138.275
F 2.041737945e+08 20044717 9589785 0.699646 -30633349.3206 9.859663 30633345.241
F 2.089296131e+08 20511618 9804755 0.298598 -31273259.1831 9.859663 31273286.533
F 2.137962090e+08 20989395 10024714 0.366819 -31923339.2727 9.859663 31923409.378
F 2.187761624e+08 21478301 10249474 0.580657 -32589582.9600 9.859663 32589638.581
F 2.238721139e+08 21978595 10479251 0.715792 -33270217.3575 9.859663 33270200.502
R 2.289498168e+08 10.398234 22477107 10708217 2.289498e+08
F 2.290867653e+08 22490542 10714372 0.509794 -33961474.2814 10.398234 33961592.937
F 2.344228815e+08 23014413 10954616 -0.478521 -34670096.1999 10.398234 34670085.016
F 2.398832919e+08 23550488 11200468 -0.013016 -35389322.5136 10.398234 35389317.288
F 2.454708916e+08 24099051 11451675 1.672495 -36126708.0080 10.398234 36126704.090
F 2.511886432e+08 24660390 11708595 1.723542 -36878018.7545 10.398234 36878040.179
F 2.570395783e+08 25234803 11971213 0.510785 -37646291.9352 10.398234 37646294.281
F 2.630267992e+08 25822597 12239402 0.472203 -38436852.4852 10.633862 38436878.185
F 2.691534804e+08 26424082 12514315 -0.048382 -39230292.2657 10.633862 39230291.642
F 2.754228703e+08 27039578 12794959 0.033446 -40048779.0059 10.633862 40048776.312
F 2.818382931e+08 27669411 13082116 0.373602 -40880217.0149 10.633862 40880228.984
F 2.884031503e+08 28313914 13375554 0.026474 -41732174.5181 10.633862 41732197.577
F 2.951209227e+08 28973430 13675596 0.267857 -42601592.3244 10.633862 42601625.248
F 3.019951720e+08 29648309 13982433 1.413766 -43487941.7092 10.633862 43487958.874
F 3.090295433e+08 30338905 14295940 -0.364971 -44397065.2489 10.633862 44397090.599
S 3.162277660e+08 31045590 14616923 16428666 10.633862 0.767562 0.531354 -0.500000 519.481734 2.375383e+08 8.955257 6 1.084589e-06 4.233767e-15 0 0 4.233767e-15 5 0 45316758.251 -45316566.080 459840 31046 14597784 0 1.2 10.633862
F 3.162277660e+08 31045590 14616923 0.767562 -45316566.0801 10.633862 45316758.251
P   3.16e+08 31045591 14616924 10.63 45316758.3 6 -45316559.4
F 3.235936569e+08 31768735 14944578 1.118226 -46265687.7877 10.633862 46265696.616
F 3.311311215e+08 32508723 15280071 0.266154 -47225135.4240 10.633862 47225132.247
F 3.388441561e+08 33265949 15622859 0.859464 -48209259.1098 10.633862 48209271.496
F 3.467368505e+08 34040812 15973308 0.407221 -49214577.8814 10.633862 49214601.243
F 3.548133892e+08 34833724 16331748 0.066565 -50238434.2230 10.633862 50238457.627
F 3.630780548e+08 35645106 16697633 0.424880 -51295531.4367 10.633862 51295731.020
F 3.715352291e+08 36475388 17072943 1.276879 -52350809.4049 10.633862 52350806.379
F 3.801893963e+08 37325009 17455781 1.396506 -53445796.3505 10.633862 53445865.045
F 3.890451450e+08 38194419 17847422 0.303525 -54559569.0758 10.633862 54559559.028
F 3.981071706e+08 39084081 18248139 0.024666 -55690927.3264 10.633862 55691053.018
F 4.073802778e+08 39994466 18657600 -0.150787 -56850903.7568 10.975291 56850924.406
F 4.168693835e+08 40926058 19076174 1.078896 -58036696.5557 10.975291 58036720.730
F 4.265795188e+08 41879349 19504243 1.771957 -59245305.3594 10.975291 59245338.177
R 4.298176580e+08 11.202126 42197262 19646877 4.298176e+08
F 4.365158322e+08 42854843 19942119 0.481258 -60475207.1693 11.202126 60475274.699
F 4.466835922e+08 43853061 20389468 0.986282 -61737911.3693 11.202126 61737912.892
F 4.570881896e+08 44874529 20846993 0.018901 -63024374.1260 11.202126 63024359.390
F 4.677351413e+08 45919791 21315235 -0.017252 -64328829.5413 11.202126 64328838.513
F 4.786300923e+08 46989400 21793277 -0.333944 -65674765.7378 11.202126 65674817.368
F 4.897788194e+08 48083925 22282416 0.947806 -67041507.5066 11.202126 67041531.353
F 5.011872336e+08 49203943 22782189 0.497036 -68443788.0831 11.202126 68443830.844
F 5.128613840e+08 50350051 23293953 1.465138 -69859926.2312 11.202126 69859989.081
F 5.248074602e+08 51522855 23816622 2.170993 -71317379.4002 11.202126 71317370.854
F 5.370317964e+08 52722974 24351071 -0.221229 -72804421.8966 11.202126 72804449.348
F 5.495408739e+08 53951051 24897616 0.968224 -74320592.3572 11.202126 74320662.492
F 5.623413252e+08 55207732 25456247 0.597301 -75872187.9144 11.202126 75872175.621
F 5.754399373e+08 56493685 26027925 0.356907 -77446044.4884 11.202126 77446082.687
F 5.888436554e+08 57809593 26611780 1.417610 -79066102.4598 11.202126 79066096.632
F 6.025595861e+08 59156150 27209687 0.068134 -80701005.3375 11.202126 80701023.547
F 6.165950019e+08 60534074 27820128 0.345418 -82388078.4450 11.589812 82388076.606
F 6.309573445e+08 61944093 28444400 -0.343935 -84107921.5159 11.589812 84107902.516
F 6.456542290e+08 63386958 29083377 1.388973 -85849801.3511 11.589812 85849839.415
F 6.606934480e+08 64863428 29736009 -0.481062 -87642168.3866 11.589812 87642135.028
F 6.760829754e+08 66374292 30403636 0.201032 -89465076.1730 11.589812 89465102.965
F 6.918309709e+08 67920348 31086063 0.355524 -91329957.0744 11.589812 91329958.594
F 7.079457844e+08 69502417 31784083 1.243141 -93228423.3183 11.589812 93228456.405
F 7.244359601e+08 71121335 32497511 0.030429 -95171986.4075 11.589812 95171967.859
R 7.294931169e+08 12.818738 71617833 32716171 7.294930e+08
F 7.413102413e+08 72777964 33226826 0.344992 -97158943.1605 12.818738 97158938.376
F 7.585775750e+08 74473181 33972950 0.820373 -99178671.3866 12.818738 99178669.288
F 7.762471166e+08 76207883 34735567 -0.369668 -101245999.6946 12.818738 101246011.601
F 7.943282347e+08 77982993 35515440 0.012276 -103353877.2888 12.818738 103353935.419
F 8.128305162e+08 79799451 36312875 0.779589 -105504940.6439 12.818738 105505028.872
F 8.317637711e+08 81658220 37128522 1.822603 -107694696.7278 12.818738 107694693.648
F 8.511380382e+08 83560283 37961585 0.597943 -109948765.5669 12.818738 109948763.937
F 8.709635900e+08 85506651 38813682 -0.394019 -112243336.7156 12.818738 112243391.924
R 8.854338289e+08 13.222777 86927277 39436113 8.854336e+08
F 8.912509381e+08 87498357 39686059 -0.143887 -114562434.9083 13.222777 114562460.728
F 9.120108394e+08 89536456 40576737 0.319588 -116956581.4362 13.222777 116956611.065
F 9.332543008e+08 91622030 41487852 2.369584 -119391944.6075 13.222777 119391966.192
F 9.549925860e+08 93756180 42419376 1.208248 -121879346.3829 13.222777 121879345.091
F 9.772372210e+08 95940041 43371986 0.280385 -124415411.7220 13.222777 124415470.095
S 1.000000000e+09 98174771 44345886 53828884 13.222777 -0.326506 0.573935 -0.500000 539.853567 7.505167e+08 10.074533 6 3.941393e-07 4.829053e-16 0 0 1.561766e-15 22 0 127006768.777 -127006726.029 464264 31046 44326747 0 3.8 13.222777
F 1.000000000e+09 98174771 44345886 -0.326506 -127006726.0294 13.222777 127006768.777
M 1.000000000e+09 98174771 -0.326506 /private/tmp/rh-s40-free-greedy/win_pi32_1e11.mom.1.000000e+09
P      1e+09 98174772 44345887 13.22 127006768.8 6 -127006707.1
F 1.023292992e+09 100461556 45341370 0.503827 -129658291.5850 13.222777 129658282.613
F 1.047128548e+09 102801606 46360388 0.288148 -132340955.1802 13.222777 132341068.917
F 1.071519305e+09 105196163 47400896 0.300859 -135108809.4632 13.222777 135108906.257
F 1.096478196e+09 107646497 48465492 0.916149 -137919696.5419 13.222777 137919700.578
F 1.122018454e+09 110153906 49553944 0.934824 -140790611.0429 13.222777 140790627.564
F 1.148153621e+09 112719720 50666722 0.895452 -143724118.2046 13.222777 143724114.832
F 1.174897555e+09 115345299 51804719 0.369467 -146714398.1748 13.222777 146714524.781
F 1.202264435e+09 118032037 52967573 1.239851 -149781986.4659 13.222777 149782088.345
F 1.230268771e+09 120781355 54157749 -0.036985 -152888723.3327 13.222777 152888759.025
F 1.258925412e+09 123594715 55373869 0.813485 -156077043.5008 13.222777 156077091.200
F 1.288249552e+09 126473605 56617305 0.111003 -159332161.3304 13.222777 159332141.881
F 1.318256739e+09 129419554 57889133 0.429611 -162645798.5014 13.222777 162645801.098
F 1.348962883e+09 132434122 59189533 -0.211677 -166028758.5281 13.222777 166028782.735
F 1.380384265e+09 135518910 60518851 0.822944 -169488759.4334 13.750470 169488882.747
F 1.412537545e+09 138675550 61877792 -0.061407 -173026312.7869 13.750470 173026315.130
F 1.445439771e+09 141905719 63268448 0.442490 -176612917.8224 13.750470 176612916.305
F 1.479108388e+09 145211128 64689279 0.656541 -180297110.1504 13.750470 180297320.049
F 1.513561248e+09 148593530 66142498 1.009257 -184048577.4092 13.750470 184048580.599
F 1.548816619e+09 152054718 67627993 1.106511 -187886494.4548 13.750470 187886700.861
F 1.584893192e+09 155596526 69147143 -0.219335 -191798866.4110 13.750470 191798960.550
F 1.621810097e+09 159220835 70700847 0.117532 -195784171.2897 13.750470 195784212.312
F 1.659586907e+09 162929566 72288381 1.460686 -199875772.9965 13.750470 199875842.345
F 1.698243652e+09 166724684 73913418 2.392571 -204014112.3030 13.750470 204014111.384
F 1.737800829e+09 170608198 75572916 -0.308116 -208282716.7364 13.750470 208282712.121
F 1.778279410e+09 174582176 77270662 2.266666 -212620302.3482 13.750470 212620302.249
F 1.819700859e+09 178648715 79006648 0.062545 -217046718.9056 13.750470 217046739.948
F 1.862087137e+09 182809978 80781581 -0.054454 -221567126.7956 13.750470 221567267.632
F 1.905460718e+09 187068170 82596965 0.558885 -226170119.5920 13.750470 226170249.495
F 1.949844600e+09 191425547 84451815 0.153125 -230897828.4478 13.750470 230897826.897
F 1.995262315e+09 195884422 86350362 1.389087 -235681420.3321 13.750470 235681477.802
F 2.041737945e+09 200447155 88289390 0.112883 -240611866.9946 13.750470 240611889.350
F 2.089296131e+09 205116170 90272796 1.102405 -245628366.0190 13.750470 245628438.963
F 2.137962090e+09 209893940 92302032 1.784622 -250722932.8485 13.750470 250722931.875
F 2.187761624e+09 214782997 94375228 0.923000 -255959439.7192 13.750470 255959458.820
F 2.238721139e+09 219785935 96496403 0.274348 -261275727.0111 13.750470 261275740.685
F 2.290867653e+09 224905407 98664304 0.214371 -266723729.0382 13.750470 266723826.230
F 2.344228815e+09 230144127 100882119 0.331220 -272260101.4304 13.750470 272260218.675
F 2.398832919e+09 235504873 103148334 0.986268 -277943511.8594 13.750470 277943510.343
R 2.419240583e+09 14.291796 237508404 103994518 2.419240e+09
F 2.454708916e+09 240990485 105465907 -0.158621 -283736837.5668 14.291796 283736865.164
F 2.511886432e+09 246603875 107836279 0.351850 -289636114.7461 14.291796 289636254.239
F 2.570395783e+09 252348017 110259083 0.224273 -295677192.6849 14.291796 295677352.387
F 2.630267992e+09 258225957 112737523 -0.161541 -301819154.4006 14.291796 301819247.609
F 2.691534804e+09 264240812 115270378 -0.367389 -308117820.8655 14.291796 308117910.632
F 2.754228703e+09 270395772 117861688 0.450884 -314515215.8011 14.291796 314515241.131
F 2.818382931e+09 276694100 120509531 1.852448 -321083852.1665 14.291796 321083885.504
F 2.884031503e+09 283139132 123217405 0.381172 -327778899.2145 14.291796 327778906.214
F 2.951209227e+09 289734289 125987374 -0.204999 -334587460.2724 14.291796 334587534.155
F 3.019951720e+09 296483068 128818540 0.254086 -341561897.1245 14.291796 341561960.127
F 3.090295433e+09 303389047 131713730 1.466712 -348674038.6996 14.291796 348674117.920
S 3.162277660e+09 310455884 134673637 175782246 14.291796 -0.207953 0.616797 -0.500000 672.270480 1.566238e+09 6.845212 6 4.628298e-08 2.703120e-17 0 0 8.168485e-19 198 0 355943258.785 -355943103.191 464473 31046 134654498 0 11.9 14.291796
F 3.162277660e+09 310455884 134673637 -0.207953 -355943103.1911 14.291796 355943258.785
P   3.16e+09 310455885 134673638 14.29 355943258.8 6 -355943084.3
F 3.235936569e+09 317687331 137701243 0.298682 -363338974.2304 14.291796 363339062.430
F 3.311311215e+09 325087220 140795786 0.777970 -370914420.8377 14.291796 370914508.267
F 3.388441561e+09 332659474 143959784 0.711065 -378651020.0123 14.291796 378651028.449
F 3.467368505e+09 340408108 147197131 0.188633 -386500903.1933 14.291796 386501067.909
F 3.548133892e+09 348337231 150504631 -0.217918 -394572837.4301 14.291796 394572825.925
F 3.630780548e+09 356451048 153888071 0.365230 -402779139.9290 14.291796 402779401.071
F 3.715352291e+09 364753859 157346696 -0.114787 -411176720.5930 14.291796 411176715.995
F 3.801893963e+09 373250069 160884288 1.081483 -419723591.6980 14.291796 419723664.355
F 3.890451450e+09 381944179 164500503 0.151672 -428469578.7239 14.291796 428469645.172
F 3.981071706e+09 390840803 168197922 1.363086 -437400963.1337 14.291796 437401029.559
F 4.073802778e+09 399944654 171979729 0.608560 -446491653.0470 14.291796 446491640.888
F 4.168693835e+09 409260562 175844937 0.905390 -455808816.8321 14.291796 455808876.914
F 4.265795188e+09 418793464 179798703 -0.163999 -465284629.9706 14.291796 465284658.387
F 4.365158322e+09 428548419 183840271 1.929005 -474983225.6624 14.291796 474983218.380
F 4.466835922e+09 438530592 187973402 -0.020752 -484869737.0936 14.291796 484869827.934
F 4.570881896e+09 448745282 192198821 0.305440 -494977802.8537 14.385708 494977822.927
F 4.677351413e+09 459197903 196519493 0.943910 -505292271.9888 14.385708 505292315.332
F 4.786300923e+09 469893995 200939066 -0.223014 -515783956.0161 14.385708 515783954.911
F 4.897788194e+09 480839232 205455535 -0.405510 -526550695.4710 14.385708 526550639.951
F 5.011872336e+09 492039417 210075655 0.086791 -537496578.9134 14.385708 537496643.303
F 5.128613840e+09 503500487 214798186 -0.232191 -548704857.5760 14.385708 548705148.771
F 5.248074602e+09 515228520 219628068 -0.173639 -560122227.5369 14.492416 560122224.694
F 5.370317964e+09 527229735 224566717 0.904138 -571775431.9701 14.492416 571775518.883
F 5.495408739e+09 539510495 229614857 2.798666 -583707968.2752 14.492416 583708015.072
F 5.623413252e+09 552077306 234779330 0.089440 -595827612.2637 14.492416 595827754.411
F 5.754399373e+09 564936838 240057407 -0.314507 -608258222.5686 14.492416 608258311.886
F 5.888436554e+09 578095908 245455123 0.292526 -620928342.6108 14.492416 620928365.118
F 6.025595861e+09 591561492 250974924 0.797767 -633848318.5028 14.492416 633848343.816
F 6.165950019e+09 605340731 256618208 2.570608 -647053902.8012 14.492416 647053893.697
F 6.309573445e+09 619440926 262389517 0.677080 -660511429.0462 14.492416 660511487.730
F 6.456542290e+09 633869558 268288259 0.006157 -674304363.7958 14.492416 674304381.032
R 6.570529474e+09 15.434139 645060239 272862931 6.570529e+09
F 6.606934480e+09 648634277 274323706 0.305808 -688295351.2941 15.434139 688295492.259
F 6.760829754e+09 663742911 280490859 1.126744 -702670779.0268 15.434139 702670879.925
F 6.918309709e+09 679203470 286799544 1.671667 -717283792.9561 15.434139 717283846.265
F 7.079457844e+09 695024149 293249178 -0.452159 -732224539.8560 15.434139 732224543.953
F 7.244359601e+09 711213343 299844385 1.420720 -747467058.2107 15.434139 747467089.882
F 7.413102413e+09 727779630 306587327 1.566351 -763042939.8334 15.434139 763042979.984
F 7.585775750e+09 744731794 313482306 0.320160 -778937028.2215 15.434139 778937024.424
F 7.762471166e+09 762078826 320534070 0.419750 -795125858.2160 15.434139 795125848.289
F 7.943282347e+09 779829923 327741901 1.239189 -811712226.7758 15.434139 811712226.657
F 8.128305162e+09 797994494 335113555 -0.087680 -828607891.2247 15.434139 828607968.397
F 8.317637711e+09 816582174 342651554 0.342458 -845845868.0317 15.434139 845845965.219
F 8.511380382e+09 835602816 350357397 0.095858 -863484554.2858 15.434139 863484543.118
F 8.709635900e+09 855066507 358238927 1.176233 -881439714.5847 15.434139 881439843.214
F 8.912509381e+09 874983564 366295752 0.677556 -899817210.5704 15.434139 899817207.797
F 9.120108394e+09 895364550 374535697 1.312302 -918537064.0930 15.434139 918537046.694
F 9.332543008e+09 916220268 382959393 -0.187735 -937686580.4161 15.434139 937686698.690
F 9.549925860e+09 937561781 391574747 1.198905 -957188431.9721 15.434139 957188469.991
F 9.772372210e+09 959400401 400383703 1.920274 -977104175.5931 15.434139 977104248.922
S 1.000000000e+10 981747707 409388073 572359633 15.434139 1.851364 0.660177 -0.500000 743.571894 4.811691e+09 8.671968 6 6.245012e-08 7.873899e-18 0 0 9.768051e-19 2236 0 997501273.136 -997501176.163 464478 31046 409368934 0 37.7 15.434139
F 1.000000000e+10 981747707 409388073 1.851364 -997501176.1635 15.434139 997501273.136
M 1.000000000e+10 981747707 1.851364 /private/tmp/rh-s40-free-greedy/win_pi32_1e11.mom.1.000000e+10
P      1e+10 981747708 409388073 15.43 997501273.1 6 -997501191.2
F 1.023292992e+10 1004615547 418598664 0.154696 -1018242169.6298 15.746905 1018242283.668
F 1.047128548e+10 1028016049 428013652 -0.002091 -1039483168.6900 15.746905 1039483230.706
F 1.071519305e+10 1051961619 437643977 0.125019 -1061088743.6412 15.746905 1061088825.680
F 1.096478196e+10 1076464954 447488130 1.277921 -1083213008.0655 15.746905 1083213045.367
R 1.115423004e+10 16.133259 1095063990 454957195 1.115423e+10
F 1.122018454e+10 1101539043 457555693 0.464666 -1105756970.4719 16.133259 1105756976.551
F 1.148153621e+10 1127197183 467849783 0.070947 -1128773498.8428 16.133259 1128773669.084
F 1.174897555e+10 1153452979 478374012 0.811100 -1152306982.9831 16.133259 1152306984.173
F 1.202264435e+10 1180320349 489137812 -0.485060 -1176269930.9687 16.133259 1176269963.161
F 1.230268771e+10 1207813542 500141823 -0.253426 -1200781482.3423 16.133259 1200781479.341
F 1.258925412e+10 1235947135 511395207 1.251282 -1225766127.8992 16.133259 1225766225.095
F 1.288249552e+10 1264736041 522900357 0.226460 -1251308633.8765 16.133259 1251308629.509
F 1.318256739e+10 1294195529 534665320 1.412537 -1277365491.3189 16.133259 1277365485.070
F 1.348962883e+10 1324341214 546696651 -0.000343 -1303930925.9070 16.133259 1303930906.151
F 1.380384265e+10 1355189084 558994988 0.345869 -1331140635.9125 16.133259 1331140655.741
F 1.412537545e+10 1386755492 571574990 -0.497642 -1358806518.6441 16.133259 1358806618.994
F 1.445439771e+10 1419057178 584434401 0.541324 -1387138806.3926 16.133259 1387138904.180
F 1.479108388e+10 1452111265 597585972 -0.318163 -1416000653.5529 16.133259 1416000802.254
F 1.513561248e+10 1485935283 611031208 1.208992 -1445521921.3944 16.133259 1445521931.091
F 1.548816619e+10 1520547161 624780712 0.181541 -1475623035.3863 16.133259 1475623120.331
F 1.584893192e+10 1555965255 638841760 0.923081 -1506306071.2861 16.133259 1506306181.490
F 1.621810097e+10 1592208342 653216479 1.291746 -1537697993.0319 16.133259 1537698209.146
F 1.659586907e+10 1629295637 667915843 -0.276717 -1569722034.1348 16.133259 1569722049.388
F 1.698243652e+10 1667246808 682946373 0.042137 -1602409981.8060 16.133259 1602410052.052
F 1.737800829e+10 1706081976 698315374 1.035270 -1635779453.8524 16.133259 1635779481.127
F 1.778279410e+10 1745821729 714029583 -0.216910 -1669865499.8576 16.133259 1669865488.326
F 1.819700859e+10 1786487141 730099836 -0.258125 -1704611140.4703 16.133259 1704611352.905
F 1.862087137e+10 1828099774 746533619 1.571890 -1740042604.4469 16.133259 1740042890.120
F 1.905460718e+10 1870681687 763329756 0.705281 -1776395715.4936 16.133259 1776395904.357
F 1.949844600e+10 1914255460 780512391 -0.352323 -1813311990.2040 16.133259 1813312094.452
F 1.995262315e+10 1958844198 798077067 0.007298 -1851114563.3848 16.133259 1851114582.338
F 2.041737945e+10 2004471541 816041279 0.245261 -1889611590.0991 16.133259 1889611644.724
F 2.089296131e+10 2051161681 834406606 0.140477 -1928993589.4146 16.133259 1928993734.832
F 2.137962090e+10 2098939374 853188168 -0.037356 -1969134759.4144 16.133259 1969135017.410
F 2.187761624e+10 2147829953 872391643 0.346429 -2010138875.3944 16.133259 2010138896.166
F 2.238721139e+10 2197859341 892025463 1.859904 -2052049482.6695 16.133259 2052049477.295
F 2.290867653e+10 2249054061 912105957 1.260137 -2094727925.9946 16.978275 2094727930.517
F 2.344228815e+10 2301441259 932635700 0.428625 -2138368513.1355 16.978275 2138368637.975
F 2.398832919e+10 2355048712 953627639 -0.020889 -2182924252.8125 16.978275 2182924372.626
F 2.454708916e+10 2409904844 975094710 0.530216 -2228353943.9731 16.978275 2228354006.233
M 2.500000000e+10 2454369262 0.481149 /private/tmp/rh-s40-free-greedy/win_pi32_1e11.mom.2.500000e+10
F 2.511886432e+10 2466038739 997043139 0.634930 -2274782989.5029 16.978275 2274782982.379
F 2.570395783e+10 2523480162 1019490229 2.359159 -2322077946.1651 16.978275 2322078001.083
F 2.630267992e+10 2582259564 1042435841 0.501016 -2370529266.4309 16.978275 2370529420.719
F 2.691534804e+10 2642408116 1065903892 0.442538 -2419857345.4908 16.978275 2419857689.171
F 2.754228703e+10 2703957708 1089900621 0.625263 -2470213161.4205 16.978275 2470213243.779
F 2.818382931e+10 2766940974 1114435671 0.640906 -2521672706.0011 16.978275 2521672757.062
F 2.884031503e+10 2831391308 1139522998 -0.071854 -2574215518.7381 16.978275 2574215531.004
F 2.951209227e+10 2897342889 1165177738 5.066441 -2627799553.9384 16.978275 2627799716.688
F 3.019951720e+10 2964830670 1191410703 0.657287 -2682493814.4413 16.978275 2682493829.441
F 3.090295433e+10 3033890447 1218230821 -0.216448 -2738420757.0460 16.978275 2738421005.713
S 3.162277660e+10 3104558835 1245661991 1858896843 16.978275 1.036893 0.704030 -0.500000 947.290221 1.436794e+10 9.545969 6 4.399876e-08 1.404698e-18 0 0 8.168485e-19 21741 0 2795348922.832 -2795348841.141 464479 31046 660757796 0 119.3 16.978275
F 3.162277660e+10 3104558835 1245661991 1.036893 -2795348841.1414 16.978275 2795348922.832
P   3.16e+10 3104558836 1245661992 16.98 2795348922.8 6 -2795348832.6
F 3.235936569e+10 3176873299 1273705320 0.103251 -2853604877.2349 16.978275 2853604884.219
F 3.311311215e+10 3250872184 1302381437 -0.103877 -2913051496.4014 16.978275 2913051545.317
F 3.388441561e+10 3326594726 1331706692 1.227081 -2973663203.8243 16.978275 2973663417.965
F 3.467368505e+10 3404081070 1361689042 0.002756 -3035625925.6361 16.978275 3035626022.260
F 3.548133892e+10 3483372305 1392352010 0.937242 -3098756732.7885 16.978275 3098756763.593
F 3.630780548e+10 3564510468 1423696253 -0.231276 -3163436620.7652 16.978275 3163436598.712
R 3.660826967e+10 17.526699 3594008489 1435090753 3.660827e+10
F 3.715352291e+10 3647538583 1455755961 -0.031446 -3229240598.1527 17.988717 3229240668.834
F 3.801893963e+10 3732500672 1488537116 0.931257 -3296438525.5355 17.988717 3296438633.917
F 3.890451450e+10 3819441780 1522051139 -0.366849 -3365177607.2822 17.988717 3365177656.480
F 3.981071706e+10 3908408011 1556328489 2.747285 -3435150624.8427 17.988717 3435150691.038
F 4.073802778e+10 3999446526 1591370982 0.202025 -3506758471.0870 17.988717 3506758441.636
F 4.168693835e+10 4092605604 1627209493 1.170332 -3579703077.1131 17.988717 3579703071.309
F 4.265795188e+10 4187934636 1663847800 2.476441 -3654358293.1863 17.988717 3654358367.372
F 4.365158322e+10 4285484163 1701319405 0.406481 -3730381932.3350 17.988717 3730382003.572
F 4.466835922e+10 4385305913 1739634705 0.908905 -3808007470.6693 17.988717 3808007505.473
F 4.570881896e+10 4487452809 1778806724 0.170830 -3887415696.7667 17.988717 3887415978.394
F 4.677351413e+10 4591979013 1818868686 0.555532 -3968303009.8969 17.988717 3968303279.182
F 4.786300923e+10 4698939944 1859830702 -0.113713 -4050944286.4630 17.988717 4050944359.957
F 4.897788194e+10 4808392317 1901718223 1.061327 -4135249502.6588 17.988717 4135249680.268
M 5.000000000e+10 4908738522 -0.135877 /private/tmp/rh-s40-free-greedy/win_pi32_1e11.mom.5.000000e+10
F 5.011872336e+10 4920394161 1944542868 -0.015661 -4221481242.8044 17.988717 4221481363.239
F 5.128613840e+10 5035004865 1988339237 0.794521 -4309348273.7085 17.988717 4309348555.787
R 5.187196152e+10 18.016037 5092517933 2010308690 5.187196e+10
F 5.248074602e+10 5152285194 2033123000 0.380032 -4399038106.7925 18.824368 4399038175.578
F 5.370317964e+10 5272297333 2078912420 0.157807 -4490687771.2653 18.824368 4490687875.687
F 5.495408739e+10 5395104914 2125737319 0.103083 -4584162019.4020 18.824368 4584162118.479
F 5.623413252e+10 5520773053 2173614243 2.010833 -4679666964.2378 18.824368 4679666960.492
F 5.754399373e+10 5649368376 2222576172 0.971355 -4777016010.0475 18.824368 4777016182.173
F 5.888436554e+10 5780959071 2272631319 2.041686 -4876650233.2113 18.824368 4876650235.165
F 6.025595861e+10 5915614907 2323822586 3.094093 -4978165460.7050 18.824368 4978165684.258
F 6.165950019e+10 6053407276 2376171498 -0.177492 -5081702326.8499 18.824368 5081702312.829
F 6.309573445e+10 6194409245 2429688806 -0.112771 -5187684241.6014 18.824368 5187684409.217
F 6.456542290e+10 6338695575 2484423649 3.177994 -5295596452.6222 18.824368 5295596474.868
F 6.606934480e+10 6486342761 2540387741 2.174503 -5405870296.7110 18.824368 5405870314.393
F 6.760829754e+10 6637429091 2597612213 0.383865 -5518470808.4273 18.824368 5518470951.588
F 6.918309709e+10 6792034676 2656127107 0.833099 -5633406359.4714 18.824368 5633406572.840
F 7.079457844e+10 6950241487 2715961606 0.594833 -5750723588.2603 18.824368 5750724049.103
F 7.244359601e+10 7112133408 2777149879 0.323629 -5870362223.9851 18.824368 5870362289.965
F 7.413102413e+10 7277796276 2839706101 -0.220060 -5992779581.2202 18.824368 5992779568.742
F 7.585775750e+10 7447317929 2903686362 0.318024 -6117402999.3574 18.824368 6117403204.788
F 7.762471166e+10 7620788249 2969099886 1.313923 -6244851029.1836 18.824368 6244851197.121
F 7.943282347e+10 7798299213 3035990262 3.508319 -6374901180.6057 18.824368 6374901210.860
F 8.128305162e+10 7979944933 3104386578 0.239628 -6507713735.7173 18.824368 6507714141.328
F 8.317637711e+10 8165821728 3174330533 -0.458992 -6643152127.9873 18.824368 6643152917.986
F 8.511380382e+10 8356028153 3245850487 2.075009 -6781435728.0493 18.824368 6781435873.862
F 8.709635900e+10 8550665051 3318973972 0.878759 -6922826066.8632 18.824368 6922826063.098
F 8.912509381e+10 8749835626 3393758719 0.891982 -7066845437.3670 18.824368 7066845774.427
R 9.050735965e+10 19.102548 8885539275 3444674482 9.050736e+10
R 9.050735966e+10 20.363017 8885539278 3444674482 9.050736e+10
F 9.120108394e+10 8953645479 3470222649 0.239447 -7214040845.6482 20.363017 7214041027.584
F 9.332543008e+10 9162202675 3548412674 1.239079 -7364251340.6665 20.363017 7364251741.084
F 9.549925860e+10 9375617790 3628363750 0.105472 -7517640454.5356 20.363017 7517640576.110
F 9.772372210e+10 9594003984 3710119392 1.319169 -7674178996.1829 20.363017 7674179296.790
S 1.000000000e+11 9817477043 3793723427 6023753615 20.363017 -0.369929 0.748520 -0.500000 1130.636716 6.794739e+10 6.944392 6 3.386991e-09 5.003530e-20 0 0 6.150113e-20 214596 0 7833853794.772 -7833853710.095 464479 31046 660757796 0 381.8 20.363017
F 1.000000000e+11 9817477043 3793723427 -0.369929 -7833853710.0952 20.363017 7833853794.772
M 1.000000000e+11 9817477043 -0.369929 /private/tmp/rh-s40-free-greedy/win_pi32_1e11.mom.1.000000e+11
# windows 23850
# done N=9817477043 pi=3793723427 C=6023753615 supE=20.363017438 minEbefore=-0.500000000 skviol=0 supPsi=7833853794.772 nS=464479 nP_small=19139 nL=3793704288 nM=31046 LDbytes=660757796 time=381.8
