# pseudoN rho=0.85 X=1e+08 label=r0.85  g-prime sites=5756795 total mult=5756795 max m=1 max a=265 sat=0
# bin_lo  Emax  Emin  Erms  sup|psi-x|  max(psi-x)  min(psi-x)  (psi-x)@end
1.9953e+00 0.15 -0.7 0.15 2.30685 -1.30685 -2.30685 -1.30685
2.8184e+00 0.3 -0.55 0.3 2.20824 -1.20824 -2.20824 -1.20824
3.9811e+00 0.45 -0.4 0.45 2.51509 -1.51509 -2.51509 -1.51509
4.4668e+00 -0.4 -1.25 0.4 3.51509 -2.51509 -3.51509 -2.51509
5.6234e+00 -0.25 -1.1 0.25 4.51509 -3.51509 -4.51509 -3.51509
6.3096e+00 -0.1 -0.95 0.1 3.56918 -2.56918 -3.56918 -2.56918
7.9433e+00 0.05 -0.8 0.05 3.87604 -2.87604 -3.87604 -2.87604
8.9125e+00 0.2 -0.65 0.2 3.77742 -2.77742 -3.77742 -2.77742
1.0000e+01 0.5 -0.5 0.431567 2.47484 -0.0769434 -2.47484 -0.0769434
1.1220e+01 0.65 -0.2 0.65 2.07694 -1.07694 -2.07694 -1.07694
1.2589e+01 -0.05 -1.05 0.145774 4.07694 -2.07694 -4.07694 -3.07694
1.4125e+01 0.1 -0.75 0.1 2.36889 -1.36889 -2.36889 -1.36889
1.5849e+01 0.4 -0.6 0.333542 2.67575 0.157467 -2.67575 0.157467
1.7783e+01 0.55 -1.15 0.443001 2.84253 -0.842533 -2.84253 -1.84253
1.9953e+01 0.15 -1 0.122474 5.84253 -2.84253 -5.84253 -4.84253
2.2387e+01 0.45 -1.25 0.388373 5.70704 -2.70704 -5.70704 -4.70704
2.5119e+01 0.05 -1.1 0.158114 4.35033 -2.35033 -4.35033 -3.35033
2.8184e+01 1.35 -0.65 0.839146 3.98303 -0.983034 -3.98303 -2.98303
3.1623e+01 0.95 -0.75 0.702673 7.28989 -3.28989 -7.28989 -6.28989
3.5481e+01 0.4 -1.3 0.358818 8.28989 -3.01541 -8.28989 -3.01541
3.9811e+01 0.45 -1 0.259808 5.01541 0.459365 -5.01541 -0.540635
4.4668e+01 0.75 -0.95 0.427688 5.54063 -0.682702 -5.54063 -0.682702
5.0119e+01 0.65 -1.05 0.362284 5.6827 -1.67537 -5.6827 -2.67537
5.6234e+01 0.85 -1.15 0.445213 4.63232 0.367683 -4.63232 -1.50518
6.3096e+01 0.45 -1.25 0.29277 4.81204 -0.607343 -4.81204 -3.60734
7.0795e+01 1.55 -1.05 0.653197 4.34466 3.30356 -4.34466 0.303558
7.9433e+01 1.15 -1.25 0.601041 8.59783 -0.597829 -8.59783 -4.10919
8.9125e+01 1.35 -1.05 0.596867 9.10919 1.56269 -9.10919 -0.43731
1.0000e+02 1.85 -1.1 1.01176 6.13473 1.22945 -6.13473 -1.77055
1.1220e+02 1 -1.3 0.57278 13.3727 -2.77055 -13.3727 -12.3727
1.2589e+02 0.65 -1.15 0.316228 14.3727 -3.09259 -14.3727 -3.22385
1.4125e+02 2.35 -1.25 1.25235 6.27345 3.72655 -6.27345 -5.27345
1.5849e+02 1.6 -1.15 0.495904 12.0498 -3.70886 -12.0498 -3.70886
1.7783e+02 0.85 -1.25 0.379443 12.4994 -2.6909 -12.4994 -4.6909
1.9953e+02 1.35 -1.25 0.500416 11.6909 -1.27016 -11.6909 -1.86298
2.2387e+02 1.6 -1.25 0.551783 12.4465 12.4465 -12.1549 12.4465
2.5119e+02 2.15 -1.3 0.941409 11.4465 11.4465 -7.26565 5.62794
2.8184e+02 4 -0.9 1.8093 20.5389 4.62794 -20.5389 -9.30674
3.1623e+02 2.35 -1.3 0.719603 10.9741 6.14227 -10.9741 1.14227
3.5481e+02 3.95 -1.3 1.50216 13.598 13.598 -3.85773 4.50959
3.9811e+02 2.85 -1.25 1.24666 14.2775 5.72248 -14.2775 -13.2775
4.4668e+02 3.5 -1.3 1.24307 28.2775 3.34084 -28.2775 -6.65916
5.0119e+02 2.15 -1.25 0.761227 19.966 -0.940473 -19.966 -7.29714
5.6234e+02 2.85 -1.15 1.06492 19.9533 7.99213 -19.9533 -5.00787
6.3096e+02 2.85 -1.2 0.954382 26.8432 6.81953 -26.8432 -20.2822
7.0795e+02 4.45 -1.25 1.85038 46.8475 3.88487 -46.8475 -40.1705
7.9433e+02 3 -1.3 0.825558 37.441 5.19166 -37.441 -12.7536
8.9125e+02 3.85 -1.3 1.12655 24.2407 24.2407 -19.2679 -18.2679
1.0000e+03 3.35 -1.3 0.929617 29.8967 1.22148 -29.8967 -12.8854
1.1220e+03 4.35 -1.3 1.21325 42.448 1.03944 -42.448 0.0394414
1.2589e+03 3.8 -1.3 1.10818 30.1941 27.4523 -30.1941 17.703
1.4125e+03 4.85 -1.3 1.59287 30.0043 22.4831 -30.0043 17.8774
1.5849e+03 4.35 -1.3 1.55902 40.167 27.6173 -40.167 -16.2939
1.7783e+03 5.95 -1.3 1.89591 29.0148 12.3107 -29.0148 -10.8992
1.9953e+03 4.65 -1.3 1.4144 32.7478 32.7478 -31.3587 -30.3587
2.2387e+03 5.35 -1.3 1.54736 48.4672 33.0292 -48.4672 -33.6086
2.5119e+03 5.35 -1.3 1.65268 65.8606 24.1394 -65.8606 -56.9759
2.8184e+03 5.85 -1.3 1.65226 66.3765 7.6246 -66.3765 -21.0257
3.1623e+03 5.35 -1.3 1.50427 32.7672 16.091 -32.7672 -10.743
3.5481e+03 10.85 -1.3 2.42837 99.9136 59.4263 -99.9136 -27.9483
3.9811e+03 8.35 -1.3 2.14103 124.601 -8.57125 -124.601 -36.129
4.4668e+03 7 -1.3 1.79691 55.9969 55.9969 -54.5957 52.2408
5.0119e+03 7 -1.3 1.85503 67.657 67.657 -48.3069 -6.25256
5.6234e+03 9.65 -1.3 2.14789 97.0841 23.3973 -97.0841 -13.9067
6.3096e+03 6.65 -1.3 2.15247 100.883 84.5325 -100.883 63.3948
7.0795e+03 10 -1.3 2.94346 142.511 109.38 -142.511 97.38
7.9433e+03 8.85 -1.3 2.63165 149.534 149.534 -57.7262 10.7154
8.9125e+03 8.85 -1.3 2.35646 107.077 55.0669 -107.077 -51.0122
1.0000e+04 12.85 -1.3 2.87754 149.964 2.47855 -149.964 -92.4138
1.1220e+04 13.85 -1.3 2.67088 195.007 195.007 -116.121 -70.7792
1.2589e+04 10.5 -1.3 2.68211 235.787 218.553 -235.787 -164.414
1.4125e+04 11.85 -1.3 2.87886 254.407 20.4477 -254.407 -126.212
1.5849e+04 14.15 -1.3 2.84617 190.199 58.7377 -190.199 22.8763
1.7783e+04 16.35 -1.3 3.55952 242.249 101.279 -242.249 30.2433
1.9953e+04 17.35 -1.3 3.5863 287.38 152.193 -287.38 111.204
2.2387e+04 15 -1.3 3.12014 329.817 221.245 -329.817 44.7612
2.5119e+04 13.3 -1.3 2.99539 278.366 133.931 -278.366 94.422
2.8184e+04 16.45 -1.3 3.44464 209.573 209.573 -91.2963 102.82
3.1623e+04 14.3 -1.3 3.86386 237.768 237.768 -192.706 -134.793
3.5481e+04 17.85 -1.3 3.54097 486.584 278.704 -486.584 -64.9751
3.9811e+04 20.85 -1.3 3.41614 559.234 559.234 -310.442 168.009
4.4668e+04 18.65 -1.3 4.09668 274.326 230.576 -274.326 -141.105
5.0119e+04 17.3 -1.3 3.58354 421.399 108.635 -421.399 -245.074
5.6234e+04 25.85 -1.3 4.58508 445.081 259.635 -445.081 -180.769
6.3096e+04 21.5 -1.3 4.78126 548.064 495.035 -548.064 -512.061
7.0795e+04 19.3 -1.3 3.93911 554.832 482.5 -554.832 -376.014
7.9433e+04 21.85 -1.3 4.20028 548.971 205.694 -548.971 -94.2889
8.9125e+04 22 -1.3 4.44557 558.087 290.843 -558.087 278.843
1.0000e+05 24.35 -1.3 4.84518 848.838 848.838 -549.493 759.994
1.1220e+05 28.85 -1.3 5.46673 938.063 938.063 -828.222 526.644
1.2589e+05 26.85 -1.3 5.14742 1160.99 664.484 -1160.99 -141.5
1.4125e+05 24.85 -1.3 4.95583 528.568 496.091 -528.568 421.607
1.5849e+05 30.85 -1.3 4.9166 944.142 944.142 -430.6 -79.3898
1.7783e+05 30.8 -1.3 5.33775 1004.5 954.679 -1004.5 -793.585
1.9953e+05 38.85 -1.3 5.60718 1395.84 1144.94 -1395.84 -552.182
2.2387e+05 29.85 -1.3 5.2255 1528.65 932.473 -1528.65 102.031
2.5119e+05 28.85 -1.3 5.42024 863.807 863.807 -772.659 -514.031
2.8184e+05 36.85 -1.3 5.49053 1588.81 885.713 -1588.81 -628.221
3.1623e+05 39.35 -1.3 5.81347 2492.43 1100.96 -2492.43 -1227
3.5481e+05 32.6 -1.3 6.15149 1820.43 1820.43 -1565.43 -329.786
3.9811e+05 44.85 -1.3 6.63721 2211.45 2211.45 -1542.55 -576.332
4.4668e+05 38.85 -1.3 6.20354 1828.02 686.008 -1828.02 -144.423
5.0119e+05 38.9 -1.3 6.22874 2557.36 2557.36 -1630.29 1608.58
5.6234e+05 49.85 -1.3 6.78469 3166.69 3166.69 -2049.34 2718.98
6.3096e+05 58 -1.3 7.15457 3658.1 2947.94 -3658.1 1909.68
7.0795e+05 47.35 -1.3 7.38622 2902.02 2667.96 -2902.02 257.898
7.9433e+05 54.85 -1.3 7.14876 1567.12 955.495 -1567.12 -565.317
8.9125e+05 47.35 -1.3 7.29141 3555.84 3555.84 -2417.16 -2017.39
1.0000e+06 57.85 -1.3 8.50463 4409.94 4253.46 -4409.94 -4259.91
1.1220e+06 57.15 -1.3 7.76414 5540.94 2786.3 -5540.94 -4668.02
1.2589e+06 63.85 -1.3 8.2948 5950.05 3790.06 -5950.05 -7.91237
1.4125e+06 71.85 -1.3 8.36928 3775.24 3775.24 -2870.91 -1209.2
1.5849e+06 58.85 -1.3 8.27577 6260.7 4018.39 -6260.7 -222.226
1.7783e+06 61.85 -1.3 8.1915 6326.68 5488.13 -6326.68 1586.05
1.9953e+06 74.75 -1.3 9.28409 7029.9 7029.9 -6066.25 655.365
2.2387e+06 73.35 -1.3 9.21659 5097.48 5097.48 -3688.31 2048.72
2.5119e+06 71.85 -1.3 9.03594 3830.57 3830.57 -3633.71 2763.07
2.8184e+06 84.85 -1.3 9.58662 8789.87 7425.18 -8789.87 3459.11
3.1623e+06 106 -1.3 9.90742 12350.7 12350.7 -11374.8 10625.4
3.5481e+06 79.85 -1.3 10.3199 10990.1 10990.1 -10599.8 3592.66
3.9811e+06 88.85 -1.3 10.5047 9142.74 3785.8 -9142.74 -3534.72
4.4668e+06 91.85 -1.3 10.5091 7433.75 7433.75 -7072.61 -4818.34
5.0119e+06 91.85 -1.3 11.1859 14957.7 14957.7 -14895.2 -11666.6
5.6234e+06 82.85 -1.3 10.9602 18157.7 15185 -18157.7 -17321.8
6.3096e+06 113.85 -1.3 11.098 18716.8 15660.5 -18716.8 -7119.97
7.0795e+06 102.85 -1.3 11.9994 13926.8 9341.69 -13926.8 -604.056
7.9433e+06 122.85 -1.3 11.762 12652.2 12652.2 -10706.3 8137.39
8.9125e+06 112.85 -1.3 11.807 21690.5 19188.6 -21690.5 17536.9
1.0000e+07 115.15 -1.3 12.3884 30882.3 21443.9 -30882.3 14565.7
1.1220e+07 132.3 -1.3 12.4149 22455.4 22455.4 -20645.9 14463.3
1.2589e+07 124.85 -1.3 12.8701 20021.1 20021.1 -12145.8 6327.24
1.4125e+07 115 -1.3 13.1459 20820.6 20820.6 -19108.7 -3320.66
1.5849e+07 160.85 -1.3 13.7345 40030.8 33962.1 -40030.8 5179.59
1.7783e+07 147.85 -1.3 13.6941 37812.5 37635.7 -37812.5 5627.18
1.9953e+07 141.45 -1.3 14.0287 32599.9 29320.3 -32599.9 -11054
2.2387e+07 169.2 -1.3 14.5278 27439.4 13593.9 -27439.4 -22723.5
2.5119e+07 152.35 -1.3 15.3923 49061.6 31198.4 -49061.6 -36086.6
2.8184e+07 151.85 -1.3 15.0447 56426.9 56426.9 -55758.9 -40452.8
3.1623e+07 189.85 -1.3 15.6797 69382 69382 -57441.4 -39017
3.5481e+07 162.85 -1.3 15.8744 47693 42823.2 -47693 -18543.2
3.9811e+07 219 -1.3 16.2654 40866.1 40866.1 -32313.8 25132.2
4.4668e+07 191.85 -1.3 16.4042 74396.6 74396.6 -55652.1 60928.9
5.0119e+07 194.65 -1.3 17.5351 103418 87039.3 -103418 84526.2
5.6234e+07 218.85 -1.3 17.199 96503.1 86480.8 -96503.1 61727.1
6.3096e+07 214.85 -1.3 17.8362 77281.8 77281.8 -73434.2 19676.5
7.0795e+07 202.85 -1.3 18.3734 67699.8 67699.8 -46808.5 -13937.1
7.9433e+07 263.85 -1.3 18.7288 113138 113138 -89604.1 -64584
8.9125e+07 237.85 -1.3 18.8212 149101 141851 -149101 -87617.2
1.0000e+08 19.85 19 19.85 87616.9 -87615.9 -87616.9 -87615.9
