# pseudoN rho=0.6 X=1e+08 label=r0.6  g-prime sites=5760866 total mult=5760866 max m=1 max a=104 sat=0
# bin_lo  Emax  Emin  Erms  sup|psi-x|  max(psi-x)  min(psi-x)  (psi-x)@end
1.9953e+00 0.4 -0.2 0.4 2.30685 -1.30685 -2.30685 -1.30685
2.8184e+00 -0.2 -0.8 0.2 3.30685 -2.30685 -3.30685 -2.30685
3.9811e+00 0.2 -0.4 0.2 3.61371 -2.61371 -3.61371 -2.61371
4.4668e+00 -0.4 -1 0.4 4.61371 -3.61371 -4.61371 -3.61371
5.6234e+00 0 -0.6 0 3.82195 -2.82195 -3.82195 -2.82195
6.3096e+00 0.4 -0.2 0.4 2.87604 -1.87604 -2.87604 -1.87604
7.9433e+00 0.8 0.2 0.8 3.18289 -2.18289 -3.18289 -2.18289
8.9125e+00 0.2 -0.4 0.2 4.18289 -3.18289 -4.18289 -3.18289
1.0000e+01 0 -1 0.282843 5.18289 -2.78499 -5.18289 -2.78499
1.1220e+01 0.4 -0.2 0.4 4.78499 -3.78499 -4.78499 -3.78499
1.2589e+01 0.2 -0.8 0.2 6.78499 -4.78499 -6.78499 -5.78499
1.4125e+01 -0.4 -1 0.4 7.78499 -6.78499 -7.78499 -6.78499
1.5849e+01 0.4 -0.6 0.282843 8.09185 -5.25863 -8.09185 -5.25863
1.7783e+01 0.2 -0.8 0.2 7.25863 -4.31419 -7.25863 -4.31419
1.9953e+01 0.4 -1 0.326599 6.31419 -3.26967 -6.31419 -4.26967
2.2387e+01 0.2 -1 0.282843 8.26967 -5.26967 -8.26967 -7.26967
2.5119e+01 0.8 -0.6 0.516398 6.01158 -2.71574 -6.01158 -3.71574
2.8184e+01 0.2 -1 0.258199 6.71574 -3.28175 -6.71574 -3.28175
3.1623e+01 0.4 -1 0.316228 7.5886 -3.5886 -7.5886 -6.5886
3.5481e+01 0.8 -0.6 0.458258 6.79684 -3.18593 -6.79684 -5.18593
3.9811e+01 1.4 -1 0.916515 7.47235 -3.47235 -7.47235 -6.47235
4.4668e+01 1.2 -0.6 0.702377 9.47235 -5.62221 -9.47235 -6.6763
5.0119e+01 0.4 -1 0.258199 13.6763 -7.6763 -13.6763 -12.6763
5.6234e+01 0.4 -1 0.29277 11.6332 -5.44483 -11.6332 -7.44483
6.3096e+01 0.8 -1 0.414039 10.7517 -6.54699 -10.7517 -9.54699
7.0795e+01 0.4 -1 0.266667 14.2843 -6.28431 -14.2843 -9.91487
7.9433e+01 1.2 -1 0.547723 13.5204 -7.52042 -13.5204 -11.0545
8.9125e+01 0.8 -1 0.374166 13.0545 -5.02186 -13.0545 -7.44715
1.0000e+02 0.8 -1 0.363741 9.83203 -0.786232 -9.83203 -1.78623
1.1220e+02 1.4 -0.8 0.870013 8.62616 -2.02406 -8.62616 -7.62616
1.2589e+02 1.2 -1 0.612372 16.0578 -8.05782 -16.0578 -8.17458
1.4125e+02 0.8 -1 0.391077 14.1737 -8.1737 -14.1737 -10.1175
1.5849e+02 1.8 -1 0.738419 14.036 -8.03605 -14.036 -8.59441
1.7783e+02 2.2 -1 1.06344 20.2085 -2.20853 -20.2085 -14.9152
1.9953e+02 1.4 -1 0.644205 19.1596 -6.95132 -19.1596 -15.7614
2.2387e+02 1.8 -1 0.621059 24.3364 -14.3364 -24.3364 -16.3488
2.5119e+02 1.4 -1 0.447214 21.6556 -0.856739 -21.6556 -0.856739
2.8184e+02 2.4 -1 1.14143 23.0235 -1.85674 -23.0235 -15.8333
3.1623e+02 2.2 -1 0.711559 15.9607 -3.53777 -15.9607 -11.2506
3.5481e+02 1.2 -1 0.461224 25.39 2.27375 -25.39 1.27375
3.9811e+02 2.4 -1 1.06654 21.7262 0.273753 -21.7262 -13.3635
4.4668e+02 1.4 -1 0.584652 22.2499 -9.09367 -22.2499 -12.8771
5.0119e+02 2.2 -1 0.748331 22.0649 -4.17974 -22.0649 -16.7352
5.6234e+02 2.2 -1 0.757706 31.7352 -3.97092 -31.7352 -7.97092
6.3096e+02 3.2 -1 1.22718 33.2403 -8.97092 -33.2403 -23.0604
7.0795e+02 3.8 -1 1.01868 38.7657 -17.5677 -38.7657 -33.8944
7.9433e+02 3.2 -1 0.931466 45.2135 -19.8621 -45.2135 -29.8621
8.9125e+02 2.8 -1 0.799537 35.8621 0.753895 -35.8621 -18.1251
1.0000e+03 2.4 -1 0.813104 37.9932 -9.95958 -37.9932 -28.9546
1.1220e+03 2.4 -1 0.863645 41.9228 -14.2187 -41.9228 -30.4255
1.2589e+03 3.8 -1 1.13435 62.3497 -7.17956 -62.3497 -18.1796
1.4125e+03 3.2 -1 0.92849 38.6654 12.9466 -38.6654 -14.8509
1.5849e+03 3.4 -1 1.14864 42.919 9.45416 -42.919 -41.919
1.7783e+03 3.4 -1 1.14522 69.5926 -8.49483 -69.5926 -47.9095
1.9953e+03 3.2 -1 1.02037 57.3253 -11.4424 -57.3253 -33.7862
2.2387e+03 4.2 -1 1.06802 60.0483 -18.3788 -60.0483 -56.2215
2.5119e+03 3.2 -1 1.05978 62.2215 10.5379 -62.2215 -56.0602
2.8184e+03 3.2 -1 0.950153 91.5383 -29.4127 -91.5383 -55.9687
3.1623e+03 4.8 -1 1.32243 76.9034 -8.12338 -76.9034 -52.4547
3.5481e+03 3.8 -1 1.31011 95.1638 -2.22503 -95.1638 -44.996
3.9811e+03 6.8 -1 1.77288 87.4623 14.1081 -87.4623 -45.3124
4.4668e+03 5.2 -1 1.14491 65.84 0.731764 -65.84 -33.2254
5.0119e+03 4.2 -1 1.23603 80.6524 29.2214 -80.6524 -75.1331
5.6234e+03 4.2 -1 1.16336 98.5578 15.3233 -98.5578 8.32329
6.3096e+03 5.2 -1 1.48857 126.939 20.0938 -126.939 -31.499
7.0795e+03 7.4 -1 1.77331 137.761 30.5677 -137.761 3.56769
7.9433e+03 4.4 -1 1.58024 145.169 19.4695 -145.169 -96.9308
8.9125e+03 6.8 -1 1.44156 107.698 32.0929 -107.698 -87.6399
1.0000e+04 6.2 -1 1.36325 192.016 -27.6846 -192.016 -61.428
1.1220e+04 7.8 -1 1.83419 149.041 31.3091 -149.041 -27.2545
1.2589e+04 6.8 -1 1.69381 143.241 38.2631 -143.241 -28.7746
1.4125e+04 6.4 -1 1.81891 116.524 55.1556 -116.524 -115.524
1.5849e+04 7.2 -1 1.77472 246.506 35.3842 -246.506 34.3842
1.7783e+04 8.4 -1 2.08225 187.855 82.6371 -187.855 -83.9253
1.9953e+04 7.8 -1 1.61245 152.787 111.302 -152.787 -54.5445
2.2387e+04 6.4 -1 1.79154 158.988 50.7643 -158.988 -136.24
2.5119e+04 12.8 -1 2.36584 252.388 56.7172 -252.388 -124.367
2.8184e+04 8.2 -1 1.90145 280.188 -30.2472 -280.188 -221.182
3.1623e+04 7 -1 1.91423 237.645 116.505 -237.645 -26.7071
3.5481e+04 8.8 -1 2.09134 256.178 -5.27638 -256.178 -124.987
3.9811e+04 11.2 -1 2.09251 336.533 32.3369 -336.533 -314
4.4668e+04 10.8 -1 2.26929 340.877 87.385 -340.877 -224.77
5.0119e+04 9.4 -1 2.53705 291.908 135.837 -291.908 -267.271
5.6234e+04 11.2 -1 2.17524 395.289 68.0449 -395.289 -52.7
6.3096e+04 10.4 -1 2.4222 477.352 185.224 -477.352 -426.69
7.0795e+04 11.2 -1 2.37397 502.847 206.579 -502.847 -97.0804
7.9433e+04 13.4 -1 2.64143 573.421 86.4319 -573.421 -237.93
8.9125e+04 10.8 -1 2.51955 543.553 137.039 -543.553 -211.932
1.0000e+05 11.2 -1 2.75432 660.816 64.975 -660.816 -155.131
1.1220e+05 12.8 -1 2.61105 536.726 435.066 -536.726 -436.379
1.2589e+05 14.4 -1 2.72695 575.069 10.2537 -575.069 -257.617
1.4125e+05 14.8 -1 2.84009 651.071 272.609 -651.071 -202.268
1.5849e+05 12.2 -1 2.69977 647.412 277.833 -647.412 167.497
1.7783e+05 13.2 -1 2.98076 709.404 585.573 -709.404 -266.775
1.9953e+05 14.8 -1 2.91278 771.746 335.621 -771.746 111.851
2.2387e+05 19.4 -1 3.28484 1037.89 425.229 -1037.89 -96.7256
2.5119e+05 15.8 -1 3.06361 935.615 568.777 -935.615 214.191
2.8184e+05 16.2 -1 3.2074 864.648 609.897 -864.648 5.80172
3.1623e+05 25.4 -1 3.45482 830.444 767.537 -830.444 251.05
3.5481e+05 17.2 -1 3.23366 1239.57 296.947 -1239.57 -490.449
3.9811e+05 19.4 -1 3.34015 1059.88 386.583 -1059.88 -872.247
4.4668e+05 19.8 -1 3.36885 1560.98 668.836 -1560.98 533.228
5.0119e+05 20.2 -1 3.46944 1257.37 716.152 -1257.37 -659.593
5.6234e+05 17.8 -1 3.48368 1591.37 1002.97 -1591.37 -685.708
6.3096e+05 21.8 -1 3.81694 1212.55 861.898 -1212.55 -288.133
7.0795e+05 27.8 -1 3.84464 1587.38 936.455 -1587.38 -70.3153
7.9433e+05 20.8 -1 3.78675 1746.8 566.85 -1746.8 -1019.2
8.9125e+05 22.2 -1 3.82382 1794.53 1285.66 -1794.53 232.183
1.0000e+06 27.4 -1 3.89017 1633.81 590.003 -1633.81 -163.965
1.1220e+06 23.2 -1 4.04154 2894.48 1406.5 -2894.48 -2797.7
1.2589e+06 31.2 -1 4.10834 3675.87 980.931 -3675.87 -1916.51
1.4125e+06 26.8 -1 4.15603 2346.6 2180.01 -2346.6 -607.413
1.5849e+06 27.2 -1 4.29282 2243.41 1163.73 -2243.41 -70.9931
1.7783e+06 27 -1 4.32787 3651.48 3651.48 -3560.05 -2820.42
1.9953e+06 26.8 -1 4.36985 4334.81 1314.84 -4334.81 -1343.74
2.2387e+06 29.8 -1 4.65539 4270.91 1506.06 -4270.91 -3407.22
2.5119e+06 35 -1 4.60576 3614.86 3392.41 -3614.86 64.506
2.8184e+06 37.2 -1 4.69382 5403.84 2350.51 -5403.84 493.667
3.1623e+06 33 -1 4.87086 3765.74 3765.74 -3091.66 -2269.98
3.5481e+06 33.8 -1 4.73828 4719.02 899.27 -4719.02 -1434.66
3.9811e+06 40 -1 4.96194 5144.26 5144.26 -4804.46 1027.59
4.4668e+06 36.2 -1 5.13013 5345.46 3467.27 -5345.46 2976.82
5.0119e+06 35.4 -1 5.27757 7005.85 6770.42 -7005.85 -2386.99
5.6234e+06 42.8 -1 5.192 5689.47 4587.83 -5689.47 2209.58
6.3096e+06 38.2 -1 5.47238 7127.74 4807.47 -7127.74 -2490.24
7.0795e+06 43.8 -1 5.46182 5232.26 5101.66 -5232.26 3633.83
7.9433e+06 50.8 -1 5.53472 8461.36 7812.91 -8461.36 3474.96
8.9125e+06 38.8 -1 5.713 6770.55 6770.55 -5461.85 1690.29
1.0000e+07 44.8 -1 5.86581 8343.12 5641.63 -8343.12 -4708.48
1.1220e+07 51.4 -1 5.8797 9688.47 9688.47 -5798.73 -313.2
1.2589e+07 63.8 -1 5.98293 12267.5 12172.2 -12267.5 11520.7
1.4125e+07 51.8 -1 6.08209 11733.8 11733.8 -5740.28 -3147.82
1.5849e+07 60.2 -1 6.26542 11934.4 11934.4 -11618.3 -2007.03
1.7783e+07 52 -1 6.38687 10372.2 10372.2 -9542.15 -6537.85
1.9953e+07 53.4 -1 6.50094 16692.2 11296.5 -16692.2 1311.2
2.2387e+07 57.8 -1 6.64835 13895.8 13895.8 -13625.4 -3555.42
2.5119e+07 78.2 -1 6.70005 16833.5 15841.7 -16833.5 3088.18
2.8184e+07 57 -1 6.90274 18472.4 10618.3 -18472.4 -18471.4
3.1623e+07 67.8 -1 7.02497 20011 20011 -18521.4 -9686.22
3.5481e+07 73.2 -1 7.13034 19071 18070.2 -19071 3359.24
3.9811e+07 77.8 -1 7.35217 27930.1 27930.1 -15136.4 -7680.39
4.4668e+07 80.4 -1 7.45961 22732.2 12923.9 -22732.2 -19247
5.0119e+07 92.8 -1 7.57339 33946.5 28158.6 -33946.5 -10914.2
5.6234e+07 73.2 -1 7.73278 24630.7 14889 -24630.7 -1646.75
6.3096e+07 75.2 -1 7.88707 36348.8 28203 -36348.8 -23943.1
7.0795e+07 103.8 -1 7.98434 28255.4 18360.7 -28255.4 264.496
7.9433e+07 85.2 -1 8.16146 45338.3 31714.5 -45338.3 -3799.82
8.9125e+07 85.4 -1 8.35697 40526 40526 -29669.2 -12306.9
1.0000e+08 1.6 1 1.6 12308.9 -12307.9 -12308.9 -12307.9
