# pseudoN rho=1.1 X=1e+08 label=r1.1  g-prime sites=5439259 total mult=5763334 max m=2 max a=218 sat=0
# bin_lo  Emax  Emin  Erms  sup|psi-x|  max(psi-x)  min(psi-x)  (psi-x)@end
1.9953e+00 -0.1 -1.2 0.1 2.30685 -1.30685 -2.30685 -1.30685
2.8184e+00 -0.2 -1.3 0.2 2.20824 -1.20824 -2.20824 -1.20824
3.9811e+00 -0.3 -1.4 0.3 2.51509 -1.51509 -2.51509 -1.51509
4.4668e+00 -0.4 -1.5 0.4 1.90566 -0.905655 -1.90566 -0.905655
5.6234e+00 0.5 -0.6 0.5 1.1139 -0.113896 -1.1139 -0.113896
6.3096e+00 0.4 -0.7 0.4 0.832014 0.832014 -0.167986 0.832014
7.9433e+00 0.3 -0.8 0.3 0.525161 0.525161 -0.474839 0.525161
8.9125e+00 0.2 -0.9 0.2 0.623774 0.623774 -0.376226 0.623774
1.0000e+01 0.1 -1.1 0.0707107 1.37623 1.02167 -1.37623 1.02167
1.1220e+01 0.9 -0.2 0.9 0.978331 0.0216689 -0.978331 0.0216689
1.2589e+01 -0.2 -1.4 0.254951 2.97833 -0.978331 -2.97833 -1.97833
1.4125e+01 -0.4 -1.5 0.4 3.97833 -2.97833 -3.97833 -2.97833
1.5849e+01 0.5 -0.7 0.452769 1.5126 1.32062 -1.5126 1.32062
1.7783e+01 1.3 -0.9 0.930054 1.67938 0.320618 -1.67938 -0.679382
1.9953e+01 0.1 -1.2 0.0816497 4.67938 -1.67938 -4.67938 -3.67938
2.2387e+01 0.7 -1.3 0.544671 3.54389 -1.54389 -3.54389 -1.93445
2.5119e+01 0.5 -0.8 0.408248 1.57774 0.422259 -1.57774 -0.577741
2.8184e+01 1.1 -1.1 0.645497 1.78955 1.78955 -1.21045 -0.210445
3.1623e+01 0.9 -0.5 0.758288 4.5173 -0.517298 -4.5173 -3.5173
3.5481e+01 2.5 -0.9 1.44395 5.72554 -2.06198 -5.72554 -2.06198
3.9811e+01 0.9 -1.4 0.43589 4.3484 -0.348405 -4.3484 -3.3484
4.4668e+01 2.3 -1.5 1.58693 5.3484 1.33038 -5.3484 0.276294
5.0119e+01 2 -0.3 1.63044 6.72371 -0.723706 -6.72371 -5.72371
5.6234e+01 1.1 -1.3 0.470562 8.72371 -3.51903 -8.72371 -4.51903
6.3096e+01 0.7 -1.5 0.414039 7.82589 -3.62119 -7.82589 -6.62119
7.0795e+01 1.9 -1.5 0.85894 8.35851 0.302953 -8.35851 -2.69705
7.9433e+01 1.1 -1.3 0.667083 8.59844 -2.65545 -8.59844 -2.65545
8.9125e+01 2.5 -1.5 1.16833 9.10157 -3.65545 -9.10157 -8.10157
1.0000e+02 2.3 -1.5 0.939312 15.1016 -2.10187 -15.1016 -7.10187
1.1220e+02 1.1 -1.5 0.506876 9.10187 -1.61208 -9.10187 -6.60475
1.2589e+02 2.3 -1.5 0.887412 8.60475 1.64042 -8.60475 -2.35958
1.4125e+02 2.7 -1.5 1.21389 14.3556 -3.35958 -14.3556 -9.29304
1.5849e+02 1.9 -1.3 0.876896 12.2241 1.3008 -12.2241 -2.6992
1.7783e+02 2.9 -1.5 1.04076 12.2212 -3.6992 -12.2212 -8.93797
1.9953e+02 2.5 -1.5 0.740495 11.938 6.42935 -11.938 6.42935
2.2387e+02 3.7 -1.1 1.92075 13.2748 13.2748 -7.62655 1.41635
2.5119e+02 4.5 -1.5 1.77529 10.1179 3.64379 -10.1179 -8.35621
2.8184e+02 4.3 -1.5 1.52034 17.867 5.21332 -17.867 5.21332
3.1623e+02 4.7 -1.5 1.8223 11.0278 9.97223 -11.0278 -1.75161
3.5481e+02 3.7 -1.5 1.39854 14.7422 14.7422 -6.86829 1.62451
3.9811e+02 3.9 -1.5 1.27965 10.6286 10.6286 -10.1757 -4.07543
4.4668e+02 3.5 -1.5 1.39317 23.8088 1.50647 -23.8088 -3.49353
5.0119e+02 6.1 -1.5 2.73625 16.0917 16.0917 -10.9083 -4.26498
5.6234e+02 6.5 -1.5 1.83006 17.9983 17.9983 -2.91064 12.3004
6.3096e+02 4.7 -1.5 2.15943 29.9913 11.3004 -29.9913 -28.9913
7.0795e+02 4.3 -1.5 1.51498 32.9913 7.31189 -32.9913 -9.12982
7.9433e+02 4.7 -1.5 1.80937 29.335 2.43672 -29.335 -1.56328
8.9125e+02 6.1 -1.5 1.69569 17.9745 17.9745 -13.3242 13.8227
1.0000e+03 4.7 -1.5 1.86325 30.8439 19.6462 -30.8439 -10.8679
1.1220e+03 5.9 -1.5 1.92629 39.7293 -0.816859 -39.7293 -33.5928
1.2589e+03 7.3 -1.5 2.24043 45.6368 1.53923 -45.6368 -17.9473
1.4125e+03 5.5 -1.5 1.7872 30.4348 16.2433 -30.4348 -18.3475
1.5849e+03 8.5 -1.5 2.60512 57.3475 37.998 -57.3475 6.73028
1.7783e+03 6.3 -1.5 2.41004 61.5975 24.6812 -61.5975 -29.1281
1.9953e+03 7.9 -1.5 2.4273 54.761 6.81718 -54.761 -48.4885
2.2387e+03 7.7 -1.5 2.57232 56.4885 28.2144 -56.4885 -8.89489
2.5119e+03 8.5 -1.5 2.61485 29.3326 24.3496 -29.3326 -16.338
2.8184e+03 7.5 -1.5 2.35878 46.9288 20.07 -46.9288 -38.7884
3.1623e+03 8.9 -1.5 2.7085 69.6566 30.1621 -69.6566 -15.0896
3.5481e+03 8.3 -1.5 2.86284 95.57 28.205 -95.57 -32.1235
3.9811e+03 9.7 -1.5 3.11218 81.1235 46.71 -81.1235 -12.9786
4.4668e+03 12.3 -1.5 2.84963 64.4105 64.4105 -43.6561 41.4971
5.0119e+03 11.6 -1.5 3.55445 97.5907 40.4971 -97.5907 -51.1473
5.6234e+03 9.5 -1.5 3.09758 104.591 38.0148 -104.591 -41.923
6.3096e+03 12.5 -1.5 3.73242 93.6941 49.1006 -93.6941 17.196
7.0795e+03 9.9 -1.5 3.31494 129.563 129.563 -82.8021 20.3917
7.9433e+03 13.1 -1.5 4.28442 139.284 71.2047 -139.284 -34.8359
8.9125e+03 14.5 -1.5 3.21645 126.947 102.937 -126.947 -73.9384
1.0000e+04 13.5 -1.5 3.56136 143.1 80.6117 -143.1 77.6117
1.1220e+04 13.7 -1.5 4.23379 143.308 143.308 -86.6423 -26.255
1.2589e+04 15.5 -1.5 4.59018 92.9153 92.9153 -81.5266 71.7309
1.4125e+04 13.7 -1.5 4.08001 216.999 70.7309 -216.999 -166.307
1.5849e+04 15.7 -1.5 4.27607 184.794 59.9544 -184.794 -2.9048
1.7783e+04 18.9 -1.5 3.98714 137.327 125.423 -137.327 33.4215
1.9953e+04 16.9 -1.5 4.7992 209.328 209.328 -109.843 173.543
2.2387e+04 15.9 -1.5 5.34295 287.886 183.69 -287.886 -89.2064
2.5119e+04 30.9 -1.5 6.43635 195.616 104.564 -195.616 81.3561
2.8184e+04 18.6 -1.5 5.25571 278.787 123.919 -278.787 96.1955
3.1623e+04 18.9 -1.5 5.07321 247.91 247.91 -177.262 14.9371
3.5481e+04 21.7 -1.5 5.15974 297.387 187.414 -297.387 -120.746
3.9811e+04 23.9 -1.5 6.7421 320.943 169.707 -320.943 -160.235
4.4668e+04 26.7 -1.5 6.1922 255.593 160.886 -255.593 151.886
5.0119e+04 33.9 -1.5 7.91485 398.336 384.061 -398.336 -44.7681
5.6234e+04 30.3 -1.5 6.64771 344.489 344.489 -287.281 125.758
6.3096e+04 29.3 -1.5 6.65371 627.37 228.107 -627.37 -522.254
7.0795e+04 28.3 -1.5 6.47248 534.254 491.712 -534.254 27.999
7.9433e+04 31.9 -1.5 6.40495 737.495 519.22 -737.495 -26.9492
8.9125e+04 45.5 -1.5 7.76995 497.634 497.634 -409.125 48.5914
1.0000e+05 40.9 -1.5 8.08079 541.695 485.778 -541.695 -213.256
1.1220e+05 34.7 -1.5 7.29615 693.404 546.482 -693.404 -523.64
1.2589e+05 27.9 -1.5 7.15379 840.91 407.432 -840.91 -182.637
1.4125e+05 31.3 -1.5 7.469 937.259 937.259 -669.077 162.933
1.5849e+05 31.9 -1.5 7.88255 1062.16 1062.16 -650.404 -203.835
1.7783e+05 43.5 -1.5 8.42366 1052.44 282.61 -1052.44 -353.32
1.9953e+05 55.3 -1.5 9.83346 948.519 704.868 -948.519 -183.922
2.2387e+05 39.7 -1.5 8.5059 1077.13 1077.13 -921.981 -646.766
2.5119e+05 41.7 -1.5 9.12056 1656.75 1656.75 -817.237 -210.273
2.8184e+05 55.1 -1.5 10.4317 1687.16 662.459 -1687.16 -833.147
3.1623e+05 51.5 -1.5 9.84809 1414.19 496.351 -1414.19 -120.469
3.5481e+05 48.1 -1.5 10.0174 1688.52 1688.52 -1654.46 183.429
3.9811e+05 58.9 -1.5 10.8465 2200.1 2200.1 -2003.56 -72.4612
4.4668e+05 47.9 -1.5 9.8583 1430.2 1003.55 -1430.2 716.672
5.0119e+05 49.5 -1.5 10.5505 2902.26 1743.62 -2902.26 -452.364
5.6234e+05 61.1 -1.5 11.1947 1739.75 1542.77 -1739.75 703.804
6.3096e+05 65.9 -1.5 12.038 2057.96 2057.96 -1769.46 1033.98
7.0795e+05 73.8 -1.5 12.0865 2807.69 2807.69 -2342.47 -569.743
7.9433e+05 72.3 -1.5 13.0889 3562.1 1080.38 -3562.1 505.673
8.9125e+05 73.5 -1.5 12.0091 2261.75 2261.75 -1494.92 599.762
1.0000e+06 60.2 -1.5 12.253 2692.53 2049.32 -2692.53 384.381
1.1220e+06 76.1 -1.5 14.0459 3591.63 3591.63 -2035.63 759.58
1.2589e+06 101.3 -1.5 13.9345 4458.47 2564.22 -4458.47 -1567.54
1.4125e+06 83.3 -1.5 12.8618 4424.58 2761.99 -4424.58 436.609
1.5849e+06 114.5 -1.5 15.24 4472.47 4472.47 -3664.24 1469.06
1.7783e+06 113.3 -1.5 15.1464 3952.55 3952.55 -3765.65 1248.8
1.9953e+06 99.1 -1.5 14.5327 3581.89 3581.89 -3118.55 487.802
2.2387e+06 97.5 -1.5 15.9709 6245.55 3390.49 -6245.55 -860.893
2.5119e+06 103.9 -1.5 16.2741 7004.06 7004.06 -6772.15 -2726.3
2.8184e+06 99.1 -1.5 16.4097 5803.48 5803.48 -5346.76 2346.89
3.1623e+06 103.9 -1.5 16.7643 6614.03 6614.03 -4204.62 -4203.62
3.5481e+06 126.3 -1.5 18.0005 8657.69 4513.25 -8657.69 2731.52
3.9811e+06 133.7 -1.5 17.2675 6637.94 3994.26 -6637.94 -3238.34
4.4668e+06 108.1 -1.5 18.639 7625.65 6301.37 -7625.65 1317.34
5.0119e+06 137.9 -1.5 18.5696 11281.7 11281.7 -6638.93 -3284.41
5.6234e+06 112.1 -1.5 18.3108 8714.11 8501.92 -8714.11 -3691.13
6.3096e+06 158.1 -1.5 19.5613 13716 6308.94 -13716 -3482.97
7.0795e+06 135.7 -1.5 19.9273 9986.51 9986.51 -4223.36 2385.97
7.9433e+06 137.7 -1.5 20.0373 9421.91 9421.91 -7446.37 3076.05
8.9125e+06 119.9 -1.5 20.2903 13914 13914 -8392.79 -2148.14
1.0000e+07 183.1 -1.5 21.1435 11629.6 2432.08 -11629.6 -9893.39
1.1220e+07 139.1 -1.5 21.5028 10842.2 10539.4 -10842.2 -7414.91
1.2589e+07 145.7 -1.5 21.4588 23557.3 23557.3 -11575.2 11700.1
1.4125e+07 164.9 -1.5 22.6806 14802.8 14802.8 -11098 -10008.8
1.5849e+07 175.3 -1.5 23.1611 19613.9 13540.3 -19613.9 13156.8
1.7783e+07 171.3 -1.5 24.2202 21448.1 14336.6 -21448.1 -16635.2
1.9953e+07 175.3 -1.5 24.581 22759 22759 -20437.9 11016.2
2.2387e+07 256.9 -1.5 25.8371 15630.8 15376.4 -15630.8 -6452.76
2.5119e+07 214.1 -1.5 25.9893 18978.4 15956.7 -18978.4 1904.33
2.8184e+07 252.9 -1.5 26.3938 26469.2 9349.29 -26469.2 -5279.2
3.1623e+07 197.5 -1.5 26.9368 31418.2 31418.2 -15801.4 9072.22
3.5481e+07 193.1 -1.5 27.6345 26666.1 26666.1 -19484 3356.03
3.9811e+07 232.9 -1.5 28.4254 40140.8 40140.8 -24027.1 -8727.55
4.4668e+07 246.3 -1.5 29.0305 31177.2 20982.3 -31177.2 -28055.8
5.0119e+07 263.9 -1.5 30.6095 38197.2 29335.4 -38197.2 22098.8
5.6234e+07 278.3 -1.5 30.9582 42719.7 42719.7 -40151.5 14563.4
6.3096e+07 251.5 -1.5 31.2579 51430.8 31813.8 -51430.8 15347.1
7.0795e+07 257.5 -1.5 32.5523 33395.6 33395.6 -28898.9 20712.4
7.9433e+07 306.5 -1.5 32.875 58218.1 33257.3 -58218.1 -37470.5
8.9125e+07 355.1 -1.5 32.8043 48237.4 39624.4 -48237.4 32885.6
1.0000e+08 70.1 69 70.1 32884.6 32884.6 32883.6 32884.6
