# pseudoN rho=0.75 X=1e+08 label=r0.75  g-prime sites=5762995 total mult=5762995 max m=1 max a=204 sat=0
# bin_lo  Emax  Emin  Erms  sup|psi-x|  max(psi-x)  min(psi-x)  (psi-x)@end
1.9953e+00 0.25 -0.5 0.25 2.30685 -1.30685 -2.30685 -1.30685
2.8184e+00 0.5 -0.25 0.5 2.20824 -1.20824 -2.20824 -1.20824
3.9811e+00 0.75 0 0.75 2.51509 -1.51509 -2.51509 -1.51509
4.4668e+00 0 -0.75 0 3.51509 -2.51509 -3.51509 -2.51509
5.6234e+00 0.25 -0.5 0.25 4.51509 -3.51509 -4.51509 -3.51509
6.3096e+00 0.5 -0.25 0.5 3.56918 -2.56918 -3.56918 -2.56918
7.9433e+00 0.75 0 0.75 3.87604 -2.87604 -3.87604 -2.87604
8.9125e+00 1 0.25 1 3.77742 -2.77742 -3.77742 -2.77742
1.0000e+01 0.5 -0.5 0.395285 4.77742 -2.37953 -4.77742 -2.37953
1.1220e+01 0.75 0 0.75 4.37953 -3.37953 -4.37953 -3.37953
1.2589e+01 0.25 -0.75 0.176777 6.37953 -4.37953 -6.37953 -5.37953
1.4125e+01 0.5 -0.25 0.5 4.67148 -3.67148 -4.67148 -3.67148
1.5849e+01 0.75 -0.75 0.53033 5.97833 -3.97833 -5.97833 -4.97833
1.7783e+01 0.5 -0.5 0.395285 6.97833 -4.03389 -6.97833 -4.03389
1.9953e+01 0.25 -1 0.204124 8.03389 -5.03389 -8.03389 -7.03389
2.2387e+01 0.75 -0.75 0.520416 7.8984 -4.8984 -7.8984 -6.8984
2.5119e+01 0.75 -0.5 0.540062 6.54169 -4.54169 -6.54169 -5.54169
2.8184e+01 0.5 -0.75 0.322749 8.54169 -5.1077 -8.54169 -5.1077
3.1623e+01 1 -0.5 0.684653 8.41455 -4.85921 -8.41455 -4.85921
3.5481e+01 0.75 -0.75 0.467707 8.85921 -5.19564 -8.85921 -5.19564
3.9811e+01 0.75 -1 0.433013 7.19564 -1.72087 -7.19564 -2.72087
4.4668e+01 1.25 -0.5 0.85999 7.77496 -3.72087 -7.77496 -6.77496
5.0119e+01 0.75 -0.75 0.53033 7.84314 -3.8358 -7.84314 -4.8358
5.6234e+01 1 -0.75 0.559017 8.75827 -3.75827 -8.75827 -7.75827
6.3096e+01 0.75 -1 0.377964 11.0651 -6.86043 -11.0651 -9.86043
7.0795e+01 2.25 -0.75 1.05409 9.59775 -1.97619 -9.59775 -5.97619
7.9433e+01 1.25 -0.75 0.693722 12.8776 -6.87758 -12.8776 -10.4117
8.9125e+01 1 -0.75 0.553399 12.4117 -7.34694 -12.4117 -11.3469
1.0000e+02 2 -1 0.793604 14.0971 -6.09709 -14.0971 -10.3876
1.1220e+02 1 -1 0.49029 13.3876 -7.46561 -13.3876 -11.4656
1.2589e+02 1.5 -0.75 0.75 15.0531 -7.05307 -15.0531 -12.1186
1.4125e+02 1.75 -0.75 0.75 15.1549 -7.15487 -15.1549 -14.1549
1.5849e+02 2 -1 0.736725 15.9922 -8.99222 -15.9922 -12.6916
1.7783e+02 1.25 -1 0.508451 17.5042 -3.1867 -17.5042 -3.1867
1.9953e+02 2.25 -1 0.822851 13.8735 -1.87349 -13.8735 -11.1138
2.2387e+02 2 -1 0.658054 20.3796 -7.82332 -20.3796 -7.82332
2.5119e+02 1.25 -1 0.553399 15.1302 -3.19505 -15.1302 -9.19505
2.8184e+02 3.75 -0.5 1.56639 22.4675 0.092304 -22.4675 -21.4675
3.1623e+02 3 -1 1.06915 24.4675 1.9111 -24.4675 -11.143
3.5481e+02 2.25 -1 1.0127 23.5803 -3.58028 -23.5803 -22.5803
3.9811e+02 1.75 -1 0.763763 25.5803 -9.39638 -25.5803 -16.2275
4.4668e+02 3 -1 1.05475 19.1249 -5.86772 -19.1249 -15.8677
5.0119e+02 3.25 -1 1.36818 24.8147 -5.95019 -24.8147 -10.2399
5.6234e+02 2.25 -1 0.877622 30.3753 -11.2399 -30.3753 -20.6485
6.3096e+02 2.75 -1 1.08935 29.5351 -6.29236 -29.5351 -16.3408
7.0795e+02 3 -1 1.15967 19.9345 -1.76018 -19.9345 -9.58413
7.9433e+02 4.25 -1 1.58195 48.0578 1.46593 -48.0578 -18.8631
8.9125e+02 3.25 -1 1.03021 28.2561 -1.84938 -28.2561 -6.94362
1.0000e+03 3.25 -1 1.39066 35.6102 -1.65969 -35.6102 -17.6597
1.1220e+03 3 -1 1.14484 46.6597 -0.164819 -46.6597 -1.16482
1.2589e+03 4 -1 1.45843 40.8217 8.1145 -40.8217 -30.3938
1.4125e+03 3.5 -1 1.2739 50.8819 -8.36556 -50.8819 -45.3027
1.5849e+03 3.75 -1 1.24884 47.3027 6.21743 -47.3027 -35.4086
1.7783e+03 3.25 -1 1.22474 52.331 -8.7854 -52.331 -37.5414
1.9953e+03 5.25 -1 1.87591 60.5414 6.77495 -60.5414 -33.8898
2.2387e+03 5.75 -1 1.8504 70.0343 -8.59503 -70.0343 -32.8661
2.5119e+03 5.25 -1 1.46415 34.8661 8.68025 -34.8661 -12.6169
2.8184e+03 4 -1 1.33844 76.0371 -1.86302 -76.0371 -56.4694
3.1623e+03 4.25 -1 1.17873 63.6659 20.057 -63.6659 19.057
3.5481e+03 5.25 -1 1.68062 77.0458 18.057 -77.0458 -51.4697
3.9811e+03 8.25 -1 1.92484 85.0148 16.3526 -85.0148 -26.6474
4.4668e+03 6.75 -1 1.70926 60.8014 31.0538 -60.8014 -17.4017
5.0119e+03 6 -1 1.9396 109.574 -11.8333 -109.574 -37.0556
5.6234e+03 7.75 -1 1.91575 88.2317 50.5312 -88.2317 -23.2787
6.3096e+03 6.25 -1 1.83272 98.1406 12.7428 -98.1406 -58.1444
7.0795e+03 7.5 -1 2.14816 116.701 8.18419 -116.701 -79.1245
7.9433e+03 6.25 -1 2.00793 185.329 13.6583 -185.329 -176.141
8.9125e+03 6.25 -1 1.87241 178.141 27.1537 -178.141 -69.6706
1.0000e+04 6.25 -1 2.00234 158.167 37.8992 -158.167 -58.0345
1.1220e+04 9.25 -1 2.24646 181.61 55.4771 -181.61 54.9177
1.2589e+04 9.25 -1 2.3669 132.253 85.9034 -132.253 -51.0725
1.4125e+04 11.25 -1 2.82217 207.172 52.2728 -207.172 51.2728
1.5849e+04 8.25 -1 2.47058 148.143 92.3596 -148.143 -47.506
1.7783e+04 8.25 -1 2.13643 209.004 10.2937 -209.004 -84.6683
1.9953e+04 10.25 -1 2.65287 202.614 102.966 -202.614 60.2572
2.2387e+04 12 -1 2.73456 186.435 103.143 -186.435 -156.911
2.5119e+04 11.75 -1 2.73769 252.436 185.699 -252.436 -12.2405
2.8184e+04 11.75 -1 3.36027 287.312 118.27 -287.312 -108.707
3.1623e+04 10.25 -1 2.63273 298.081 66.9618 -298.081 -38.1759
3.5481e+04 13.75 -1 3.06169 395.907 193.337 -395.907 -354.672
3.9811e+04 15 -1 3.24917 364.747 48.6754 -364.747 -71.5575
4.4668e+04 14.75 -1 2.9531 282.665 282.665 -261.601 12.3224
5.0119e+04 14.25 -1 2.80953 482.139 86.9711 -482.139 -109.919
5.6234e+04 16 -1 3.41869 341.282 341.282 -206.441 325.325
6.3096e+04 14 -1 3.37746 437.143 339.43 -437.143 -189.243
7.0795e+04 15.25 -1 3.42167 525.309 330.496 -525.309 261.496
7.9433e+04 25.75 -1 4.99684 422.192 365.489 -422.192 -251.982
8.9125e+04 15.75 -1 3.51582 508.242 305.02 -508.242 90.9264
1.0000e+05 16.75 -1 3.69234 467.425 254.956 -467.425 -267.841
1.1220e+05 21.75 -1 4.40653 736.621 414.259 -736.621 50.2418
1.2589e+05 22.75 -1 4.35359 670.738 535.956 -670.738 -309.308
1.4125e+05 24.75 -1 4.30407 753.322 250.602 -753.322 -361.847
1.5849e+05 18 -1 4.11674 632.421 477.472 -632.421 -106.029
1.7783e+05 25.75 -1 4.87014 897.141 407.58 -897.141 -627.24
1.9953e+05 21.25 -1 3.98251 636.24 532.488 -636.24 308.673
2.2387e+05 26.75 -1 4.73239 1304.53 787.974 -1304.53 -145.758
2.5119e+05 26.25 -1 4.54838 1117.21 1117.21 -990.338 762.601
2.8184e+05 22.75 -1 4.75822 1094.99 1094.99 -995.643 253.901
3.1623e+05 24.75 -1 4.82236 1468.71 444.138 -1468.71 -370.919
3.5481e+05 29.25 -1 4.80422 1144.89 1144.89 -922.569 -52.8256
3.9811e+05 31 -1 5.34525 1428.81 937.811 -1428.81 -797.502
4.4668e+05 28.75 -1 5.13883 1451.53 702.954 -1451.53 95.6425
5.0119e+05 28.25 -1 5.41372 1898.04 1281.36 -1898.04 -1291.23
5.6234e+05 31.75 -1 5.57501 2137.5 2137.5 -1648.8 298.618
6.3096e+05 28.25 -1 5.474 2898.84 1086.3 -2898.84 -1765.17
7.0795e+05 33.25 -1 5.36479 1777.17 952.724 -1777.17 291.633
7.9433e+05 41 -1 6.00586 2776.92 2155.7 -2776.92 -823.805
8.9125e+05 33.75 -1 6.04491 2958.57 1446.27 -2958.57 463.914
1.0000e+06 32.75 -1 6.00098 2316.55 2316.55 -1322.17 1308.05
1.1220e+06 39 -1 6.34392 3697.29 2035.76 -3697.29 889.133
1.2589e+06 46.75 -1 6.23836 2708.39 2239.07 -2708.39 1982.56
1.4125e+06 50 -1 6.75824 2972.64 2972.64 -2911.21 -517.011
1.5849e+06 45.75 -1 6.82093 4257 4257 -3758.05 -697.23
1.7783e+06 44.75 -1 6.98565 3558.4 3558.4 -3021.3 -1335.01
1.9953e+06 46.75 -1 6.93779 4197.1 2843.69 -4197.1 -934.35
2.2387e+06 49.25 -1 7.63541 3962.58 3570.4 -3962.58 -2068.84
2.5119e+06 52.25 -1 7.09026 5207.93 5085.93 -5207.93 112.607
2.8184e+06 49.5 -1 7.56161 6684.24 4338.54 -6684.24 -722.468
3.1623e+06 58.25 -1 7.26448 4907.65 2275.86 -4907.65 -2281.07
3.5481e+06 58.75 -1 7.90568 6634.47 6634.47 -3298.81 3111.33
3.9811e+06 57.5 -1 7.93021 8314.19 3705.06 -8314.19 -1083.73
4.4668e+06 56.75 -1 8.0878 8859.97 8859.97 -5784.11 4696.73
5.0119e+06 59.75 -1 8.45816 7191.77 5710.3 -7191.77 2899.86
5.6234e+06 70.25 -1 8.62741 10132 10132 -9498.45 4692.1
6.3096e+06 61.25 -1 8.56065 7976.4 7976.4 -6848.94 1264.85
7.0795e+06 82.75 -1 9.00664 12309.3 8908.95 -12309.3 -3163.4
7.9433e+06 65.75 -1 9.03047 10749 10749 -9464.01 -8096.56
8.9125e+06 79.25 -1 9.44729 11746.1 8351.56 -11746.1 -9585.17
1.0000e+07 77.25 -1 9.31835 15431.4 11405.2 -15431.4 -318.241
1.1220e+07 81.75 -1 9.85547 12416.8 11446.4 -12416.8 -2779.46
1.2589e+07 84.5 -1 9.7729 17085.9 17085.9 -15968.8 5781.15
1.4125e+07 86 -1 10.044 19296.6 10873.6 -19296.6 -4013.61
1.5849e+07 88.25 -1 10.2878 10939.6 10939.6 -8980.19 4194.4
1.7783e+07 97.5 -1 10.7174 24938.2 24938.2 -21451.6 365.956
1.9953e+07 95.25 -1 10.677 24474.7 17218.5 -24474.7 6274.77
2.2387e+07 98 -1 10.9993 21107.2 21107.2 -13162.1 12692.6
2.5119e+07 102.5 -1 11.3394 28178.1 16030.3 -28178.1 7450.73
2.8184e+07 124 -1 11.4773 29041.9 24939.4 -29041.9 3627.53
3.1623e+07 115.25 -1 11.8055 29859.2 22597.6 -29859.2 -13064.2
3.5481e+07 141.25 -1 12.0135 27699.2 27699.2 -23397.9 -23225.4
3.9811e+07 116.25 -1 12.1296 36023.2 20605.9 -36023.2 -34476.4
4.4668e+07 143.75 -1 12.5782 36057.8 33153.6 -36057.8 -11280
5.0119e+07 125.25 -1 13.0206 49492.5 34203.8 -49492.5 2648.72
5.6234e+07 142.25 -1 13.029 37848.1 33816.7 -37848.1 3463.69
6.3096e+07 148.25 -1 13.2646 57535.5 43511.9 -57535.5 27099.9
7.0795e+07 171.75 -1 13.8224 45210 38379.1 -45210 3281.89
7.9433e+07 160.25 -1 13.8892 56851.2 56851.2 -25743.7 15889.2
8.9125e+07 207.5 -1 14.258 87553.8 54601.7 -87553.8 26862.2
1.0000e+08 67.75 67 67.75 26861.2 26861.2 26860.2 26861.2
