# pseudoN rho=0.65 X=1e+08 label=r0.65  g-prime sites=5761027 total mult=5761027 max m=1 max a=202 sat=0
# bin_lo  Emax  Emin  Erms  sup|psi-x|  max(psi-x)  min(psi-x)  (psi-x)@end
1.9953e+00 0.35 -0.3 0.35 2.30685 -1.30685 -2.30685 -1.30685
2.8184e+00 -0.3 -0.95 0.3 3.30685 -2.30685 -3.30685 -2.30685
3.9811e+00 0.05 -0.6 0.05 3.61371 -2.61371 -3.61371 -2.61371
4.4668e+00 0.4 -0.25 0.4 3.00427 -2.00427 -3.00427 -2.00427
5.6234e+00 -0.25 -0.9 0.25 4.00427 -3.00427 -4.00427 -3.00427
6.3096e+00 0.1 -0.55 0.1 3.05836 -2.05836 -3.05836 -2.05836
7.9433e+00 0.45 -0.2 0.45 3.36521 -2.36521 -3.36521 -2.36521
8.9125e+00 -0.2 -0.85 0.2 4.36521 -3.36521 -4.36521 -3.36521
1.0000e+01 0.5 -0.5 0.369121 5.36521 -2.96732 -5.36521 -2.96732
1.1220e+01 -0.15 -0.8 0.15 4.96732 -3.96732 -4.96732 -3.96732
1.2589e+01 0.55 -0.45 0.413824 4.40237 -2.40237 -4.40237 -3.40237
1.4125e+01 -0.1 -0.75 0.1 5.40237 -4.40237 -5.40237 -4.40237
1.5849e+01 0.25 -1.05 0.333542 6.70922 -4.70922 -6.70922 -5.70922
1.7783e+01 0.3 -0.7 0.215058 4.81885 -1.87441 -4.81885 -1.87441
1.9953e+01 0.65 -0.65 0.426224 5.87441 -2.87441 -5.87441 -4.87441
2.2387e+01 0.4 -0.95 0.290115 6.87441 -3.08692 -6.87441 -3.08692
2.5119e+01 0.75 -0.55 0.508265 7.08692 -4.08692 -7.08692 -6.08692
2.8184e+01 0.5 -0.85 0.322749 8.08692 -2.25173 -8.08692 -2.25173
3.1623e+01 0.85 -1.1 0.49371 6.55858 -2.55858 -6.55858 -5.55858
3.5481e+01 0.3 -1.05 0.280624 9.55858 -5.89502 -9.55858 -5.89502
3.9811e+01 0.65 -0.95 0.357071 8.89502 -5.15735 -8.89502 -7.15735
4.4668e+01 1.15 -0.9 0.632126 6.35069 -2.50054 -6.35069 -3.55463
5.0119e+01 0.85 -1.1 0.463231 10.5546 -4.55463 -10.5546 -9.55463
5.6234e+01 0.65 -1.05 0.35607 11.5546 -4.41665 -11.5546 -8.41665
6.3096e+01 0.45 -0.9 0.267261 11.7235 -4.2993 -11.7235 -6.2993
7.0795e+01 0.95 -1.1 0.541603 7.71914 -2.71914 -7.71914 -6.71914
7.9433e+01 0.65 -0.95 0.333542 9.71914 -1.40386 -9.71914 -3.40386
8.9125e+01 1.5 -0.45 0.914467 14.4039 -4.40386 -14.4039 -13.4039
1.0000e+02 0.85 -0.95 0.402636 16.4039 -2.06043 -16.4039 -3.06043
1.1220e+02 2 -1.1 0.987031 6.06043 -0.138484 -6.06043 -2.52905
1.2589e+02 1.75 -1.05 0.778621 14.8359 -3.52905 -14.8359 -7.97417
1.4125e+02 1.25 -0.9 0.666973 15.9865 -4.98653 -15.9865 -14.9865
1.5849e+02 2.15 -0.95 0.94514 13.9176 -3.04114 -13.9176 -11.0411
1.7783e+02 1.65 -1.1 0.609303 13.8538 -4.15001 -13.8538 -6.85671
1.9953e+02 3.15 -0.95 1.14946 15.8927 1.10729 -15.8927 -14.8927
2.2387e+02 1.65 -0.9 0.66346 26.596 -6.596 -26.596 -21.0705
2.5119e+02 1.25 -1.1 0.571183 25.0705 -1.37773 -25.0705 -11.3777
2.8184e+02 2.25 -0.95 0.876275 12.7298 -0.72984 -12.7298 -6.54289
3.1623e+02 3.7 -1.1 1.56253 29.1669 -0.112773 -29.1669 -28.1669
3.5481e+02 2 -1.1 0.644646 30.1669 -5.95598 -30.1669 -9.97709
3.9811e+02 2.65 -1.05 0.840387 20.9538 -1.99168 -20.9538 -9.55703
4.4668e+02 2.25 -1.1 0.768558 24.1923 -1.06087 -24.1923 -9.06087
5.0119e+02 2.75 -1.1 0.935173 28.8482 -3.60583 -28.8482 -19.1906
5.6234e+02 2.65 -1.05 0.956518 40.1616 -11.5134 -40.1616 -31.2551
6.3096e+02 2.15 -1.1 0.757088 34.2551 8.94564 -34.2551 8.94564
7.0795e+02 5.25 -1.1 2.31184 31.5517 22.4483 -31.5517 -18.5407
7.9433e+02 3.65 -1.1 0.90821 38.5499 -15.0213 -38.5499 -21.1205
8.9125e+02 3.25 -1.05 1.13393 32.8114 -7.81141 -32.8114 -19.465
1.0000e+03 3.65 -1.1 1.0016 29.2736 8.59982 -29.2736 4.62001
1.1220e+03 4.95 -1.1 1.59892 34.1061 3.62001 -34.1061 -3.663
1.2589e+03 3.25 -1.1 1.41059 35.3571 4.76783 -35.3571 -32.9609
1.4125e+03 3.25 -1.1 1.06286 74.979 -27.2641 -74.979 -32.8995
1.5849e+03 3.65 -1.1 1.04196 56.2426 27.0375 -56.2426 22.0375
1.7783e+03 4.65 -1.1 1.55306 41.4386 28.5213 -41.4386 -6.0971
1.9953e+03 4.65 -1.1 1.34045 73.3277 -7.0971 -73.3277 -61.949
2.2387e+03 4.15 -1.1 1.08865 87.7837 17.7897 -87.7837 9.08663
2.5119e+03 5.65 -1.1 1.73142 62.3453 12.4333 -62.3453 -29.5812
2.8184e+03 4.15 -1.1 1.17187 48.8867 13.1888 -48.8867 -3.81122
3.1623e+03 5.65 -1.1 1.72362 82.546 25.1395 -82.546 -81.546
3.5481e+03 6 -1.1 1.69485 120.546 4.75331 -120.546 -36.9594
3.9811e+03 5.25 -1.1 1.41191 61.7143 32.293 -61.7143 -12.1269
4.4668e+03 5.65 -1.1 1.79538 84.8399 55.877 -84.8399 -83.8399
5.0119e+03 7 -1.1 1.97967 156.684 -27.7396 -156.684 -90.9873
5.6234e+03 5.65 -1.1 1.71051 99.6698 42.3467 -99.6698 -57.4635
6.3096e+03 6 -1.1 1.74092 84.5145 29.6103 -84.5145 -54.0879
7.0795e+03 6.65 -1.1 1.82265 103.683 27.1378 -103.683 -70.8407
7.9433e+03 6.15 -1.1 1.89374 138.257 -2.28769 -138.257 -108.422
8.9125e+03 7.65 -1.1 1.98474 159.291 -58.016 -159.291 -96.9485
1.0000e+04 7.25 -1.1 2.01251 109.264 109.264 -101.949 53.2628
1.1220e+04 7 -1.1 2.02533 204.615 91.4635 -204.615 -156.933
1.2589e+04 7.65 -1.1 2.02741 241.602 -56.3448 -241.602 -127.148
1.4125e+04 8.65 -1.1 2.08801 142.03 32.2801 -142.03 -53.6901
1.5849e+04 14.25 -1.1 2.64016 198.83 136.928 -198.83 -147.093
1.7783e+04 9.9 -1.1 2.38523 163.093 26.0212 -163.093 -63.3372
1.9953e+04 14.05 -1.1 2.91444 361.355 23.5111 -361.355 -288.083
2.2387e+04 8.65 -1.1 2.2249 324.468 84.3706 -324.468 74.3706
2.5119e+04 12.9 -1.1 2.63172 211.31 211.31 -95.4791 69.8171
2.8184e+04 9 -1.1 2.36337 265.947 78.3048 -265.947 -189.05
3.1623e+04 13.15 -1.1 2.64553 401.246 2.44767 -401.246 -28.6488
3.5481e+04 12.25 -1.1 2.8059 196.353 162.501 -196.353 120.144
3.9811e+04 11.95 -1.1 2.8528 389.91 233.955 -389.91 -2.42522
4.4668e+04 13.65 -1.1 2.86649 261.49 125.125 -261.49 -101.776
5.0119e+04 12.65 -1.1 3.09801 436.917 108.394 -436.917 -128.832
5.6234e+04 14.65 -1.1 2.93315 404.569 163.922 -404.569 -185.132
6.3096e+04 15.65 -1.1 2.78601 493.592 493.592 -189.132 398.561
7.0795e+04 15.65 -1.1 3.52038 634.262 397.561 -634.262 -575.788
7.9433e+04 15.65 -1.1 3.10284 761.501 212.315 -761.501 177.712
8.9125e+04 15.65 -1.1 3.24569 253.086 253.086 -119.443 36.632
1.0000e+05 15.65 -1.1 3.40176 364.692 255.384 -364.692 61.7419
1.1220e+05 21.65 -1.1 3.40607 738.023 197.989 -738.023 84.3664
1.2589e+05 18.65 -1.1 3.45867 749.938 251.093 -749.938 -449.101
1.4125e+05 19.65 -1.1 3.47426 767.515 767.515 -710.122 717.515
1.5849e+05 19.65 -1.1 3.8282 865.565 865.565 -181.621 -46.6471
1.7783e+05 18.65 -1.1 3.89154 1098.29 35.9565 -1098.29 -646.056
1.9953e+05 20.65 -1.1 4.21602 984.769 247.331 -984.769 -199.296
2.2387e+05 27.65 -1.1 4.1498 1215.27 1215.27 -304.681 293.449
2.5119e+05 28.65 -1.1 4.35723 788.616 506.568 -788.616 -772.697
2.8184e+05 21.65 -1.1 4.19247 1048.99 819.198 -1048.99 -359.749
3.1623e+05 31.65 -1.1 4.26155 1240.91 -92.2065 -1240.91 -1073.51
3.5481e+05 26.65 -1.1 4.51752 1571.82 1571.82 -1264.69 473.592
3.9811e+05 27.65 -1.1 4.5491 1327.12 1327.12 -482.667 47.038
4.4668e+05 27.65 -1.1 4.7597 2542.75 130.306 -2542.75 -1880.81
5.0119e+05 28.65 -1.1 4.6126 2122.27 1258.67 -2122.27 815.826
5.6234e+05 30.65 -1.1 4.98015 1722.36 1722.36 -870.12 -556.896
6.3096e+05 34.65 -1.1 5.00078 1692.63 851.961 -1692.63 -331.155
7.0795e+05 34.65 -1.1 5.14824 2150.86 360.043 -2150.86 -1347.96
7.9433e+05 31.65 -1.1 5.18787 2170.83 1162.81 -2170.83 -1757.93
8.9125e+05 35.65 -1.1 5.30651 2279.21 1842.82 -2279.21 1457.92
1.0000e+06 36.65 -1.1 5.71481 2675.91 2675.91 -2020.25 -1500.73
1.1220e+06 38.65 -1.1 5.79625 4906.53 -758.316 -4906.53 -3233.83
1.2589e+06 43.65 -1.1 5.74481 3377.82 2585.2 -3377.82 -201.573
1.4125e+06 44.65 -1.1 5.96174 3158.03 3158.03 -825.087 782.439
1.5849e+06 45 -1.1 6.19702 4992.2 1200.84 -4992.2 -3045.13
1.7783e+06 50.65 -1.1 6.12825 3496.07 1275.81 -3496.07 -115.812
1.9953e+06 47.65 -1.1 6.39676 4002.64 929.36 -4002.64 -879.313
2.2387e+06 50.65 -1.1 6.63902 5406.61 5406.61 -1240.38 5225.06
2.5119e+06 50.65 -1.1 6.93134 5620.97 5620.97 -4663.24 -2141.03
2.8184e+06 54.65 -1.1 6.90138 7237.02 -374.335 -7237.02 -2835.45
3.1623e+06 57.65 -1.1 7.01896 5804.55 5804.55 -2960.1 4692.79
3.5481e+06 73.65 -1.1 7.25142 7361.09 7361.09 -3020.08 -1756.88
3.9811e+06 65 -1.1 7.28401 7139.92 1774.46 -7139.92 1520.22
4.4668e+06 66 -1.1 7.61046 5645.51 4340.2 -5645.51 -1957.13
5.0119e+06 65.65 -1.1 7.72288 4471.41 3243.69 -4471.41 2861.75
5.6234e+06 76.65 -1.1 7.97365 6242.28 6242.28 -3559.45 3982.01
6.3096e+06 80.65 -1.1 8.30761 7578.18 7578.18 -4420.64 -3511.98
7.0795e+06 82.65 -1.1 8.34111 15022 -1172.09 -15022 -2480.84
7.9433e+06 83.65 -1.1 8.50846 15449.2 15449.2 -3640.33 14736.4
8.9125e+06 85.65 -1.1 8.93211 15443.2 15443.2 -7905.23 1687.47
1.0000e+07 97.65 -1.1 9.02089 11880.4 3492.61 -11880.4 -3373.87
1.1220e+07 105 -1.1 9.22486 10841 10841 -9224.21 4579.34
1.2589e+07 100.65 -1.1 9.46292 9769.21 6069.23 -9769.21 1096.65
1.4125e+07 100.65 -1.1 9.68784 18658.4 18658.4 -7054.56 9277.03
1.5849e+07 98.65 -1.1 9.88115 22102.6 9994.51 -22102.6 -18927.4
1.7783e+07 102.65 -1.1 10.168 26047.6 12531 -26047.6 -1910.07
1.9953e+07 125.65 -1.1 10.4344 19518.4 19518.4 -8189.28 7522.95
2.2387e+07 128.65 -1.1 10.7642 23002.5 15529.6 -23002.5 -19115.6
2.5119e+07 133.65 -1.1 10.8285 31052.6 1693.61 -31052.6 -7828.02
2.8184e+07 121.65 -1.1 11.2164 19966.5 19966.5 -11537.5 -349.08
3.1623e+07 149.65 -1.1 11.535 25251.2 15677.9 -25251.2 14626
3.5481e+07 124.65 -1.1 11.7983 23629.7 23629.7 -11219.9 -4601.82
3.9811e+07 165.7 -1.1 12.0293 29768.7 5343.15 -29768.7 -29571.9
4.4668e+07 145.65 -1.1 12.307 42015.5 3839.75 -42015.5 -12706.2
5.0119e+07 157.65 -1.1 12.5972 53245.2 53245.2 -13619 15911.7
5.6234e+07 159.65 -1.1 12.9894 59209.2 21150 -59209.2 -43980.8
6.3096e+07 201.65 -1.1 13.1549 44975.2 14505.7 -44975.2 -16275.8
7.0795e+07 186.65 -1.1 13.58 36403.3 28781 -36403.3 -11619.3
7.9433e+07 199.75 -1.1 13.8513 31849.9 31849.9 -26585 -12099.7
8.9125e+07 181.65 -1.1 14.2104 35385 35385 -32975.8 -9469.37
1.0000e+08 73.65 73 73.65 9471.37 -9470.37 -9471.37 -9470.37
