# pseudoN rho=0.55 X=1e+08 label=r0.55  g-prime sites=5760199 total mult=5760199 max m=1 max a=258 sat=0
# bin_lo  Emax  Emin  Erms  sup|psi-x|  max(psi-x)  min(psi-x)  (psi-x)@end
1.9953e+00 0.45 -0.1 0.45 2.30685 -1.30685 -2.30685 -1.30685
2.8184e+00 -0.1 -0.65 0.1 3.30685 -2.30685 -3.30685 -2.30685
3.9811e+00 0.35 -0.2 0.35 3.61371 -2.61371 -3.61371 -2.61371
4.4668e+00 -0.2 -0.75 0.2 4.61371 -3.61371 -4.61371 -3.61371
5.6234e+00 0.25 -0.3 0.25 3.82195 -2.82195 -3.82195 -2.82195
6.3096e+00 -0.3 -0.85 0.3 4.82195 -3.82195 -4.82195 -3.82195
7.9433e+00 0.15 -0.4 0.15 5.1288 -4.1288 -5.1288 -4.1288
8.9125e+00 -0.4 -0.95 0.4 6.1288 -5.1288 -6.1288 -5.1288
1.0000e+01 0.5 -0.5 0.355317 4.82621 -2.42832 -4.82621 -2.42832
1.1220e+01 0.95 0.4 0.95 4.42832 -3.42832 -4.42832 -3.42832
1.2589e+01 0.4 -0.7 0.302076 6.42832 -4.42832 -6.42832 -5.42832
1.4125e+01 0.3 -0.25 0.3 4.72027 -3.72027 -4.72027 -3.72027
1.5849e+01 0.75 -0.35 0.548862 6.02712 -4.02712 -6.02712 -5.02712
1.7783e+01 0.1 -0.9 0.257391 7.02712 -4.08268 -7.02712 -4.08268
1.9953e+01 0.55 -0.55 0.410284 8.08268 -5.08268 -8.08268 -7.08268
2.2387e+01 0.35 -0.75 0.239792 11.0827 -8.08268 -11.0827 -10.0827
2.5119e+01 0.25 -0.85 0.241523 9.82459 -6.49238 -9.82459 -6.49238
2.8184e+01 0.5 -0.95 0.37081 9.49238 -6.05839 -9.49238 -6.05839
3.1623e+01 0.95 -0.7 0.541987 9.36525 -5.8099 -9.36525 -5.8099
3.5481e+01 0.75 -0.45 0.508675 9.01814 -5.01814 -9.01814 -8.01814
3.9811e+01 0.55 -0.65 0.357071 11.0181 -7.28047 -11.0181 -9.28047
4.4668e+01 0.25 -0.95 0.250832 11.4518 -7.45183 -11.4518 -7.53981
5.0119e+01 0.95 -0.7 0.575543 8.60798 -4.60065 -8.60798 -5.60065
5.6234e+01 1.55 -0.9 0.962697 9.52311 -4.52311 -9.52311 -8.52311
6.3096e+01 1.35 -0.95 0.819407 15.83 -8.82996 -15.83 -14.83
7.0795e+01 0.95 -0.9 0.489898 15.5673 -10.8803 -15.5673 -10.8803
7.9433e+01 0.55 -0.95 0.318198 13.8803 -9.01928 -13.8803 -12.0193
8.9125e+01 0.95 -0.9 0.465027 14.0193 -8.35942 -14.0193 -8.35942
1.0000e+02 1.55 -0.95 0.935106 15.3747 -7.05684 -15.3747 -14.3747
1.1220e+02 2 -0.8 1.0109 21.2146 -14.6125 -21.2146 -20.2146
1.2589e+02 0.95 -0.95 0.379144 24.5215 -9.01903 -24.5215 -11.019
1.4125e+02 1.05 -0.95 0.500735 16.019 -8.03821 -16.019 -12.9948
1.5849e+02 1.15 -0.85 0.520754 20.9072 -11.9072 -20.9072 -16.6007
1.7783e+02 1.05 -0.95 0.437321 24.1769 -13.4134 -24.1769 -17.6207
1.9953e+02 1.75 -0.85 0.777014 26.2928 -16.7691 -26.2928 -23.7691
2.2387e+02 1.55 -0.95 0.601338 28.0611 -10.7008 -28.0611 -10.7008
2.5119e+02 1.55 -0.95 0.745822 15.9096 -4.10703 -15.9096 -12.107
2.8184e+02 2.55 -0.9 1.07005 31.0463 -13.0463 -31.0463 -30.0463
3.1623e+02 1.75 -1 0.55719 33.0463 -20.0974 -33.0463 -27.3987
3.5481e+02 2 -0.95 0.781389 34.5766 -19.8824 -34.5766 -26.9476
3.9811e+02 2.55 -0.95 0.832917 32.9476 -13.8768 -32.9476 -14.4501
4.4668e+02 2.45 -0.95 1.07185 29.9173 -9.08486 -29.9173 -20.15
5.0119e+02 2.05 -0.95 0.910121 46.093 -21.15 -46.093 -42.7669
5.6234e+02 3.55 -1 1.01702 53.5978 -30.5978 -53.5978 -40.4511
6.3096e+02 2.55 -1 0.791308 39.0038 -21.7399 -39.0038 -29.7399
7.0795e+02 3.95 -0.95 1.3197 34.0259 -2.52026 -34.0259 -14.1881
7.9433e+02 3.8 -0.95 1.375 46.0785 -15.1881 -46.0785 -37.03
8.9125e+02 2.55 -1 0.999004 57.4447 -31.4319 -57.4447 -45.6332
1.0000e+03 3 -0.95 1.11259 59.3306 -30.2928 -59.3306 -40.2459
1.1220e+03 3.55 -1 1.09716 49.2459 -9.85288 -49.2459 -16.8529
1.2589e+03 4.55 -1 1.54584 42.1657 -1.95745 -42.1657 -29.9316
1.4125e+03 5.05 -0.95 2.16975 94.8009 -12.9043 -94.8009 -92.4363
1.5849e+03 3.55 -1 1.25694 96.6558 -44.5357 -96.6558 -52.5996
1.7783e+03 3.55 -1 1.10779 70.6208 -24.8897 -70.6208 -43.3468
1.9953e+03 4.55 -1 1.4392 66.1699 -7.27334 -66.1699 -44.5254
2.2387e+03 4.05 -1 1.40557 79.0141 -8.77153 -79.0141 -49.5034
2.5119e+03 3.55 -0.95 1.43255 116.951 -39.8425 -116.951 -115.951
2.8184e+03 5.95 -1 2.03872 129.259 -50.8005 -129.259 -55.8005
3.1623e+03 4.55 -0.95 1.33163 75.0393 -12.8953 -75.0393 -37.3431
3.5481e+03 4.55 -1 1.34671 83.6062 -6.82834 -83.6062 -58.6861
3.9811e+03 6.55 -1 1.50958 119.414 -27.0205 -119.414 -100.573
4.4668e+03 5.55 -1 1.72486 159.057 -66.3083 -159.057 -120.925
5.0119e+03 6.55 -1 1.68125 147.915 -45.4664 -147.915 -76.831
5.6234e+03 7.25 -1 1.94181 84.4524 -0.257799 -84.4524 -24.0395
6.3096e+03 7.55 -1 1.80703 126.045 -19.2679 -126.045 -99.5883
7.0795e+03 7.05 -1 1.99668 203.55 -90.9881 -203.55 -136.088
7.9433e+03 8 -1 1.79325 186.274 -87.9581 -186.274 -96.2679
8.9125e+03 7.55 -1 1.82095 154.367 -25.012 -154.367 -38.9043
1.0000e+04 8.8 -1 2.15571 131.362 -1.39452 -131.362 -99.0599
1.1220e+04 8.15 -1 2.01024 218.06 -20.5903 -218.06 -149.479
1.2589e+04 10.75 -1 2.6697 297.121 -90.0654 -297.121 -227.291
1.4125e+04 10.75 -1 2.30535 269.005 -23.3188 -269.005 -34.3188
1.5849e+04 8.55 -1 2.20398 137.232 64.2181 -137.232 -106.329
1.7783e+04 10.55 -1 2.23422 214.172 5.362 -214.172 -135.317
1.9953e+04 11.05 -1 2.62633 372.869 -115.833 -372.869 -276.048
2.2387e+04 10.95 -1 2.68777 332.333 -91.2743 -332.333 -181.086
2.5119e+04 11 -1 2.56366 327.387 5.50793 -327.387 -30.5884
2.8184e+04 12 -1 2.60087 157.48 91.6877 -157.48 17.2469
3.1623e+04 14.55 -1 2.88593 424.709 20.8842 -424.709 -234.473
3.5481e+04 11.8 -1 2.63691 515.084 -224.996 -515.084 -306.11
3.9811e+04 13.55 -1 2.81812 428.399 29.0613 -428.399 -181.678
4.4668e+04 12.55 -1 2.98969 253.393 6.43775 -253.393 -150.724
5.0119e+04 17.55 -1 3.08747 378.798 20.2479 -378.798 -176.564
5.6234e+04 16.25 -1 3.31048 532.056 -116.759 -532.056 -494.847
6.3096e+04 15.55 -1 3.32866 794.39 -202.495 -794.39 -337.123
7.0795e+04 15.55 -1 3.0169 563.344 153.943 -563.344 37.7783
7.9433e+04 16.55 -1 3.32889 351.718 140.406 -351.718 -276.166
8.9125e+04 18.55 -1 3.43885 674.12 37.2825 -674.12 -210.755
1.0000e+05 19.55 -1 3.34439 900.051 -159.001 -900.051 -570.803
1.1220e+05 16.95 -1 3.64985 908.727 -82.1725 -908.727 -509.362
1.2589e+05 21.05 -1 3.99636 664.874 365.05 -664.874 44.7063
1.4125e+05 18.55 -1 3.68644 435.007 334.126 -435.007 -262.959
1.5849e+05 27 -1 4.0802 1181.46 -131.812 -1181.46 -587.644
1.7783e+05 23 -1 4.18717 1274.43 -320.278 -1274.43 -706.019
1.9953e+05 23.45 -1 3.88736 955.701 455.912 -955.701 -187.335
2.2387e+05 26.55 -1 4.48497 674.051 495.607 -674.051 -542.147
2.5119e+05 28.55 -1 4.35695 1149.95 132.033 -1149.95 -633.708
2.8184e+05 23.55 -1 4.34211 1534.85 -441.963 -1534.85 -1372.99
3.1623e+05 33.55 -1 4.57275 1862.4 -185.743 -1862.4 -352.701
3.5481e+05 30.45 -1 4.71956 681.215 681.215 -659.724 -27.2976
3.9811e+05 29.55 -1 4.66368 1326.14 494.91 -1326.14 -381.283
4.4668e+05 34.55 -1 5.06444 2291.57 -220.965 -2291.57 -1295.44
5.0119e+05 36.55 -1 5.10621 2030.72 -128.179 -2030.72 -1214.57
5.6234e+05 34.55 -1 5.20349 1758.59 63.0357 -1758.59 -544.021
6.3096e+05 36.55 -1 5.24475 1134.14 1134.14 -814.173 409.758
7.0795e+05 41.35 -1 5.63184 2827.83 714.571 -2827.83 -2700.61
7.9433e+05 44.55 -1 5.61093 3057.18 -1006.2 -3057.18 -1581.87
8.9125e+05 45.55 -1 5.77175 3015.8 743.538 -3015.8 -1429.19
1.0000e+06 41.25 -1 5.85042 1739.34 1673.45 -1739.34 420.4
1.1220e+06 52.25 -1 6.098 2554.75 1729.48 -2554.75 470.836
1.2589e+06 45.55 -1 6.24528 3536.64 724.356 -3536.64 -2269.97
1.4125e+06 45.55 -1 6.31245 4654.92 -1446.23 -4654.92 -3249.08
1.5849e+06 58.55 -1 6.38994 3418.48 1005.72 -3418.48 605.663
1.7783e+06 59 -1 6.71799 2553.24 2553.24 -1548.79 -326.16
1.9953e+06 49.95 -1 6.91266 4062.59 1426.38 -4062.59 -630.533
2.2387e+06 65.55 -1 7.25793 6744.87 -198.396 -6744.87 -2931.64
2.5119e+06 62.55 -1 7.23133 5238.05 -25.7397 -5238.05 -2984.94
2.8184e+06 65.55 -1 7.38812 3676.38 2373.93 -3676.38 1628.41
3.1623e+06 69.55 -1 7.67457 4062.93 4062.93 -3359.9 -1151.47
3.5481e+06 71 -1 8.00401 6730.49 939.575 -6730.49 -3362.22
3.9811e+06 74.55 -1 8.12157 8149.4 -573.599 -8149.4 -2659.15
4.4668e+06 91.55 -1 8.33071 6144.32 5455.5 -6144.32 -426.787
5.0119e+06 83.55 -1 8.54127 7192.76 7192.76 -2631.39 505.896
5.6234e+06 93.05 -1 8.8518 6077.86 3999.99 -6077.86 -180.543
6.3096e+06 96.55 -1 9.02195 9616.14 -73.7059 -9616.14 -8645.3
7.0795e+06 91.45 -1 9.27882 10105.7 787.896 -10105.7 216.615
7.9433e+06 98.55 -1 9.56154 8746.05 8746.05 -5014.9 779.406
8.9125e+06 121.55 -1 9.83114 8717.96 8717.96 -5955.25 -1755.56
1.0000e+07 102.55 -1 10.0458 14086.1 2047.7 -14086.1 -5692.99
1.1220e+07 121.55 -1 10.2682 17217.1 -34.922 -17217.1 -8292.31
1.2589e+07 129.55 -1 10.5665 14345.3 3932.43 -14345.3 -2250.21
1.4125e+07 121.55 -1 10.8929 13119 13119 -3377.91 8468.95
1.5849e+07 126.55 -1 11.2243 13544.7 9578.47 -13544.7 -10323.2
1.7783e+07 131 -1 11.5712 20716.3 -4946.85 -20716.3 -8405.66
1.9953e+07 150.55 -1 11.8237 19554.3 4732.61 -19554.3 -3947.83
2.2387e+07 146.55 -1 12.0908 18323.6 18323.6 -10285.6 679.684
2.5119e+07 160.55 -1 12.461 19480.1 19480.1 -7746.75 3788.78
2.8184e+07 151.55 -1 12.9456 20842.5 12459 -20842.5 -18957.1
3.1623e+07 182.55 -1 13.1604 31191.7 3447.17 -31191.7 -18444.4
3.5481e+07 194.55 -1 13.4795 20677.9 11861.6 -20677.9 5245.48
3.9811e+07 182.55 -1 13.8869 25197.6 25197.6 -5599.77 1510.12
4.4668e+07 182.55 -1 14.3068 24015.6 24015.6 -23726.3 -10421.4
5.0119e+07 205.55 -1 14.7046 51127.6 8934.8 -51127.6 -16420.9
5.6234e+07 242.55 -1 15.1893 46601.6 10019 -46601.6 -31123.4
6.3096e+07 229.55 -1 15.3988 32202.3 28175 -32202.3 25624.7
7.0795e+07 258 -1 15.9316 36963 36963 -11444.2 6119.33
7.9433e+07 231 -1 16.3881 50610.3 9330.75 -50610.3 -25261.3
8.9125e+07 242.55 -1 16.8476 50667.1 -8493.82 -50667.1 -23693.4
1.0000e+08 128.55 128 128.55 23693.1 -23692.1 -23693.1 -23692.1
