# pseudoN rho=1.2 X=1e+08 label=r1.2  g-prime sites=4962786 total mult=5776087 max m=2 max a=417 sat=0
# bin_lo  Emax  Emin  Erms  sup|psi-x|  max(psi-x)  min(psi-x)  (psi-x)@end
1.9953e+00 -0.2 -1.4 0.2 2.30685 -1.30685 -2.30685 -1.30685
2.8184e+00 -0.4 -1.6 0.4 2.20824 -1.20824 -2.20824 -1.20824
3.9811e+00 0.4 -0.8 0.4 1.1288 -0.128799 -1.1288 -0.128799
4.4668e+00 0.2 -1 0.2 0.519361 0.480639 -0.519361 0.480639
5.6234e+00 0 -1.2 0 1.51936 -0.519361 -1.51936 -0.519361
6.3096e+00 -0.2 -1.4 0.2 0.573451 0.426549 -0.573451 0.426549
7.9433e+00 0.6 -0.6 0.6 0.880304 0.119696 -0.880304 0.119696
8.9125e+00 0.4 -0.8 0.4 0.781691 0.218309 -0.781691 0.218309
1.0000e+01 0.2 -1.2 0.141421 1.78169 0.616204 -1.78169 0.616204
1.1220e+01 0.8 -0.4 0.8 1.3838 -0.383796 -1.3838 -0.383796
1.2589e+01 0.4 -1.6 0.4 2.3838 0.255261 -2.3838 0.255261
1.4125e+01 0.2 -1 0.2 1.74474 -0.744739 -1.74474 -0.744739
1.5849e+01 2 -0.4 1.52315 1.6653 0.334703 -1.6653 -0.665297
1.7783e+01 0.6 -0.8 0.509902 2.6653 0.279142 -2.6653 0.279142
1.9953e+01 1.2 -0.4 1.01325 3.72086 -0.720858 -3.72086 -2.72086
2.2387e+01 0.4 -1.6 0.34641 5.72086 -3.72086 -5.72086 -4.11142
2.5119e+01 1.6 -1.4 0.930949 3.75471 -1.75471 -3.75471 -2.75471
2.8184e+01 0.4 -1.2 0.258199 5.75471 -2.32072 -5.75471 -2.32072
3.1623e+01 1.8 -1 1.22474 6.62758 -2.62758 -6.62758 -5.62758
3.5481e+01 1 -1.6 0.583095 9.62758 -2.30045 -9.62758 -2.30045
3.9811e+01 1.2 -1.6 0.69282 8.30045 -3.30045 -8.30045 -7.30045
4.4668e+01 1.6 -1.4 1.00333 9.30045 -2.62166 -9.30045 -3.67575
5.0119e+01 3 -1.6 1.25167 6.67575 0.283521 -6.67575 -1.71648
5.6234e+01 2.8 -1.6 1.32017 9.71648 -2.71648 -9.71648 -8.71648
6.3096e+01 2.4 -1.6 1.19523 11.637 0.0506834 -11.637 -0.949317
7.0795e+01 2.6 -1.6 1.12349 4.94932 3.65881 -4.94932 -1.34119
7.9433e+01 3.2 -1.4 1.74929 8.24257 -1.28803 -8.24257 -1.28803
8.9125e+01 2 -1.6 0.979796 3.28803 2.76612 -3.28803 -2.23388
1.0000e+02 3.8 -1.6 1.34393 6.23388 -0.216787 -6.23388 -1.21679
1.1220e+02 2.6 -1.6 1.16883 8.21679 4.55154 -8.21679 4.16098
1.2589e+02 2.6 -1.4 1.22474 4.14588 3.16098 -4.14588 -1.32805
1.4125e+02 4 -1.6 1.34602 6.32805 3.67678 -6.32805 -3.32322
1.5849e+02 3.2 -1.6 1.46251 11.3232 6.3666 -11.3232 3.3666
1.7783e+02 4 -1.6 1.55972 9.00545 9.00545 -1.35549 -0.355492
1.9953e+02 3 -1.6 1.37901 9.59884 9.59884 -4.35549 -3.03052
2.2387e+02 5.4 -1.6 2.0702 17.0305 3.06208 -17.0305 3.06208
2.5119e+02 6.2 -1.6 2.57811 15.3606 15.3606 0.0620808 2.95533
2.8184e+02 5.8 -1.6 2.37367 10.6775 1.95533 -10.6775 -9.22709
3.1623e+02 4 -1.6 1.69333 12.3198 12.3198 -12.2271 1.10631
3.5481e+02 4.8 -1.6 2.1713 25.0439 0.106306 -25.0439 -22.1167
3.9811e+02 3.8 -1.6 1.35401 22.1278 3.09877 -22.1278 -3.72316
4.4668e+02 6.6 -1.6 2.35024 18.2386 18.2386 -16.7232 -9.60017
5.0119e+02 6.8 -1.6 2.62597 33.3331 -0.898907 -33.3331 -32.3331
5.6234e+02 8.4 -1.6 2.8732 39.3331 11.2242 -39.3331 -15.949
6.3096e+02 5.8 -1.6 1.91454 26.4954 2.39708 -26.4954 -11.6806
7.0795e+02 10 -1.6 4.23603 31.7016 20.9364 -31.7016 -25.0246
7.9433e+02 4.6 -1.6 1.96684 44.6117 -6.58787 -44.6117 -27.711
8.9125e+02 8 -1.6 2.68528 41.711 21.546 -41.711 -2.31681
1.0000e+03 8.8 -1.6 3.51198 63.5108 -3.31681 -63.5108 -46.4511
1.1220e+03 9.6 -1.6 3.27845 51.4511 37.3562 -51.4511 -20.1851
1.2589e+03 10 -1.6 4.06061 57.9823 18.821 -57.9823 -56.9823
1.4125e+03 7.6 -1.6 2.90361 79.3386 13.6463 -79.3386 12.6463
1.5849e+03 9.4 -1.6 2.92575 58.2101 58.2101 -24.3493 -3.42925
1.7783e+03 10.4 -1.6 3.59723 65.2243 10.0794 -65.2243 -16.4836
1.9953e+03 11.4 -1.6 3.62377 37.6944 20.6124 -37.6944 2.63029
2.2387e+03 11.2 -1.6 4.24756 91.8887 26.908 -91.8887 -50.7209
2.5119e+03 12.8 -1.6 3.80665 60.9473 60.9473 -54.7209 3.2184
2.8184e+03 16 -1.6 5.17391 82.2616 42.8493 -82.2616 9.41776
3.1623e+03 12.2 -1.6 3.63295 72.6835 72.6835 -28.4048 21.1282
3.5481e+03 14.8 -1.6 5.2512 121.325 20.1282 -121.325 0.57505
3.9811e+03 15.6 -1.6 4.3358 130.701 130.701 -71.6466 127.701
4.4668e+03 22.2 -1.6 7.71559 174.646 174.646 -148.985 -40.3127
5.0119e+03 20 -1.6 5.68167 176.736 72.6255 -176.736 43.2587
5.6234e+03 13.6 -1.6 4.06302 162.865 162.865 -44.6868 148.865
6.3096e+03 22.8 -1.6 8.34918 191.208 147.865 -191.208 28.1042
7.0795e+03 16.8 -1.6 5.51681 213.325 213.325 -70.6106 136.882
7.9433e+03 25.8 -1.6 8.10866 216.875 135.882 -216.875 -70.5395
8.9125e+03 26.4 -1.6 7.72354 199.966 199.966 -199.693 105.966
1.0000e+04 30.8 -1.6 9.90434 138.113 138.113 -112.887 -81.322
1.1220e+04 16.4 -1.6 4.9245 236.308 236.308 -162.478 88.6487
1.2589e+04 25.8 -1.6 8.12915 320.724 87.6487 -320.724 -163.568
1.4125e+04 29.8 -1.6 7.7123 275.942 166.95 -275.942 150.926
1.5849e+04 37 -1.6 9.58603 234.161 234.161 -161.108 -24.3619
1.7783e+04 33.4 -1.6 8.79559 552.378 133.219 -552.378 -24.7812
1.9953e+04 30.8 -1.6 10.6788 446.454 446.454 -254.295 -81.6628
2.2387e+04 34 -1.6 8.16506 487.368 -36.2158 -487.368 -196.678
2.5119e+04 29 -1.6 8.11732 553.299 427.293 -553.299 294.005
2.8184e+04 39.6 -1.6 10.4307 654.287 293.005 -654.287 -653.287
3.1623e+04 44.4 -1.6 11.3105 856.261 502.256 -856.261 -38.7809
3.5481e+04 62.8 -1.6 15.0099 287.498 273.578 -287.498 -120.255
3.9811e+04 54.2 -1.6 10.6587 501.538 263.316 -501.538 -438.079
4.4668e+04 64.6 -1.6 15.2046 668.415 448.61 -668.415 -504.347
5.0119e+04 46.8 -1.6 11.6859 698.254 150.466 -698.254 33.0592
5.6234e+04 65.4 -1.6 16.8716 950.535 950.535 -636.038 -606.974
6.3096e+04 49.6 -1.6 14.9897 861.596 306.516 -861.596 -752.249
7.0795e+04 82.2 -1.6 16.407 1275.87 1275.87 -1089.25 -344.28
7.9433e+04 62.8 -1.6 14.6695 1721.97 379.067 -1721.97 -1328.31
8.9125e+04 89.4 -1.6 19.1462 1594.7 1594.7 -1405.31 519.864
1.0000e+05 93.2 -1.6 21.8504 1589.94 1061.55 -1589.94 -789.583
1.1220e+05 71 -1.6 18.032 1062.67 389.678 -1062.67 -209.895
1.2589e+05 93.2 -1.6 21.553 1637.18 1637.18 -1250 -1055.56
1.4125e+05 72.6 -1.6 14.1759 1365.26 467.276 -1365.26 -865.892
1.5849e+05 70.2 -1.6 15.4883 1570.8 1570.8 -1232.89 188.783
1.7783e+05 89.4 -1.6 21.5302 2939.72 936.98 -2939.72 -730.078
1.9953e+05 79.8 -1.6 19.6417 1816.48 1816.48 -892.332 1687.41
2.2387e+05 69.2 -1.6 19.3716 3614.76 1754.15 -3614.76 -145.322
2.5119e+05 120 -1.6 23.6624 2641.96 2641.96 -901.186 172.121
2.8184e+05 96.4 -1.6 20.0594 3921.8 2510.08 -3921.8 -1862.1
3.1623e+05 94.2 -1.6 19.6462 3060.21 3060.21 -2744.77 2743.66
3.5481e+05 169.2 -1.6 34.4911 4184.7 4184.7 -3231.81 -197.787
3.9811e+05 109.4 -1.6 22.3301 3887.97 3887.97 -3410.23 3597.99
4.4668e+05 95.4 -1.6 22.1707 3596.99 3596.99 -1409.35 1849.52
5.0119e+05 181.2 -1.6 34.1109 5240.14 2171.1 -5240.14 -1637.71
5.6234e+05 116.2 -1.6 22.8198 5134.92 5134.92 -1639.71 2236.12
6.3096e+05 121.2 -1.6 25.8811 6212.54 5428.29 -6212.54 1712.35
7.0795e+05 139.8 -1.6 32.2791 5062.75 5062.75 -3291.99 4284.45
7.9433e+05 119.2 -1.6 28.0149 5358.38 4283.45 -5358.38 715.697
8.9125e+05 131.2 -1.6 27.7283 9639.08 9639.08 -3546.07 5979.05
1.0000e+06 182.2 -1.6 36.5008 8312.09 6403.65 -8312.09 -5967.1
1.1220e+06 156.2 -1.6 25.8555 8316.14 8316.14 -6571.14 6527.13
1.2589e+06 187.8 -1.6 36.2963 8042.23 8042.23 -4353.9 1148.93
1.4125e+06 238.8 -1.6 38.7842 11685.2 2911.07 -11685.2 2465.07
1.5849e+06 222.6 -1.6 35.5417 13345.6 13345.6 -1973.63 3292.97
1.7783e+06 187.2 -1.6 37.5104 14996.2 3291.97 -14996.2 -6031.78
1.9953e+06 215.4 -1.6 40.0322 16388.3 16388.3 -7017.06 8532.33
2.2387e+06 290 -1.6 43.9681 11019.7 11019.7 -10946.4 -9945.23
2.5119e+06 204.2 -1.6 35.7024 16927.7 16927.7 -16424.3 9477.2
2.8184e+06 299.2 -1.6 46.8811 10933.4 9600.64 -10933.4 -10932.4
3.1623e+06 282 -1.6 42.3741 15960.8 15960.8 -10953.4 1521.42
3.5481e+06 237.2 -1.6 47.4778 11532.1 11532.1 -10754.1 -9545.77
3.9811e+06 274.4 -1.6 45.6677 17067 7790.53 -17067 1823.98
4.4668e+06 322.2 -1.6 50.5301 18506 18506 -11457.4 -7974.93
5.0119e+06 258 -1.6 47.3621 25404.6 6431.04 -25404.6 3944.15
5.6234e+06 297.2 -1.6 51.7269 31986 31986 -6961.8 186.028
6.3096e+06 402.2 -1.6 55.0136 49493.8 4997.99 -49493.8 -49492.8
7.0795e+06 326.8 -1.6 51.2534 50497.9 40631.5 -50497.9 19652
7.9433e+06 439.8 -1.6 63.1714 36128.7 21904.5 -36128.7 -24211.4
8.9125e+06 444.2 -1.6 54.1464 37136.1 18982.7 -37136.1 1115.87
1.0000e+07 505.4 -1.6 65.3019 33100.2 33100.2 -23389.8 -15434
1.1220e+07 353.2 -1.6 63.7724 39109.4 9914.41 -39109.4 -7931.94
1.2589e+07 500 -1.6 66.9781 47402.8 47402.8 -38403.4 -34603.1
1.4125e+07 485.2 -1.6 72.2644 41763.7 25842.7 -41763.7 -23508.6
1.5849e+07 457 -1.6 67.368 35501.6 35501.6 -25122 -2529.49
1.7783e+07 453.2 -1.6 69.8062 72584.3 17606.2 -72584.3 -29575.8
1.9953e+07 460.4 -1.6 69.9012 75936.4 75936.4 -45395.6 21908.6
2.2387e+07 586.4 -1.6 79.557 98301.9 24192 -98301.9 -73852.3
2.5119e+07 691 -1.6 74.0692 74229.3 55806.7 -74229.3 32407.5
2.8184e+07 811.2 -1.6 97.452 113984 113984 -99897.4 -72779.5
3.1623e+07 643.2 -1.6 74.1293 87808.4 74560.1 -87808.4 59542.9
3.5481e+07 828.2 -1.6 86.8405 130994 130994 -55817.4 -6540.56
3.9811e+07 641.2 -1.6 84.6559 101693 41031.4 -101693 -52970.4
4.4668e+07 598.8 -1.6 82.925 92581.1 92581.1 -57195.2 65892.9
5.0119e+07 682.2 -1.6 93.5273 167044 129051 -167044 -55075.5
5.6234e+07 1048.4 -1.6 95.2913 112736 112736 -55239.5 80815.3
6.3096e+07 801.6 -1.6 96.7347 170610 110998 -170610 14201.6
7.0795e+07 919.2 -1.6 98.3579 186284 186284 -97938.9 148295
7.9433e+07 737.6 -1.6 101.147 251045 251045 -225410 -121030
8.9125e+07 955.4 -1.6 99.3627 272545 272545 -194839 268175
1.0000e+08 83.2 82 83.2 268174 268174 268173 268174
