# pseudoN rho=0.9 X=1e+08 label=r0.9  g-prime sites=5761796 total mult=5761796 max m=1 max a=108 sat=0
# bin_lo  Emax  Emin  Erms  sup|psi-x|  max(psi-x)  min(psi-x)  (psi-x)@end
1.9953e+00 0.1 -0.8 0.1 2.30685 -1.30685 -2.30685 -1.30685
2.8184e+00 0.2 -0.7 0.2 2.20824 -1.20824 -2.20824 -1.20824
3.9811e+00 0.3 -0.6 0.3 2.51509 -1.51509 -2.51509 -1.51509
4.4668e+00 0.4 -0.5 0.4 1.90566 -0.905655 -1.90566 -0.905655
5.6234e+00 0.5 -0.4 0.5 2.90566 -1.90566 -2.90566 -1.90566
6.3096e+00 -0.4 -1.3 0.4 3.90566 -2.90566 -3.90566 -2.90566
7.9433e+00 -0.3 -1.2 0.3 4.21251 -3.21251 -4.21251 -3.21251
8.9125e+00 -0.2 -1.1 0.2 4.1139 -3.1139 -4.1139 -3.1139
1.0000e+01 0 -1 0.0707107 5.1139 -2.716 -5.1139 -2.716
1.1220e+01 0.1 -0.8 0.1 4.716 -3.716 -4.716 -3.716
1.2589e+01 0.3 -0.7 0.254951 3.15105 -0.511994 -3.15105 -0.511994
1.4125e+01 0.4 -0.5 0.4 2.51199 -1.51199 -2.51199 -1.51199
1.5849e+01 0.5 -1.3 0.452769 3.81885 -1.81885 -3.81885 -2.81885
1.7783e+01 -0.2 -1.2 0.254951 4.81885 -1.87441 -4.81885 -1.87441
1.9953e+01 0.1 -1 0.0816497 3.87441 -0.829885 -3.87441 -1.82989
2.2387e+01 0.4 -0.7 0.310913 1.69439 0.305609 -1.69439 -0.0849533
2.5119e+01 0.7 -0.4 0.60553 2.98634 -0.986341 -2.98634 -1.98634
2.8184e+01 0 -1.1 0.129099 4.98634 -1.55235 -4.98634 -1.55235
3.1623e+01 0.4 -0.8 0.273861 3.85921 2.2225 -3.85921 2.2225
3.5481e+01 0.5 -1.3 0.367423 2.7775 1.2225 -2.7775 -1.7775
3.9811e+01 1.1 -1 0.519615 4.06393 -0.063926 -4.06393 -3.06393
4.4668e+01 0.5 -1.3 0.343996 8.06393 -4.06393 -8.06393 -5.17211
5.0119e+01 0.5 -0.9 0.302765 4.26999 -0.269988 -4.26999 -3.26999
5.6234e+01 0.6 -1.2 0.280306 6.26999 -0.0815768 -6.26999 -2.08158
6.3096e+01 0.9 -1.3 0.478091 9.38843 -2.38843 -9.38843 -8.38843
7.0795e+01 0.5 -1.3 0.305505 11.3884 -3.79391 -11.3884 -4.42446
7.9433e+01 1.3 -1.3 0.494975 7.32584 0.0359793 -7.32584 0.0359793
8.9125e+01 0.5 -1.3 0.291548 4.09013 4.09013 -1.96402 -0.909866
1.0000e+02 1.5 -1.1 0.705473 8.29475 1.70525 -8.29475 -4.58522
1.1220e+02 0.7 -1.1 0.36585 5.70634 0.895762 -5.70634 -4.0969
1.2589e+02 1.5 -1.3 0.547723 9.40376 2.25963 -9.40376 0.194103
1.4125e+02 0.7 -1.3 0.363803 6.12666 6.12666 -2.85606 -1.85606
1.5849e+02 1.1 -1.3 0.552982 5.11595 3.3191 -5.11595 -2.9569
1.7783e+02 1.5 -1.3 0.640667 11.7584 1.66348 -11.7584 -1.33652
1.9953e+02 2.9 -1.3 1.03602 6.72001 5.27999 -6.72001 1.43329
2.2387e+02 0.9 -1.3 0.409704 10.7389 10.7389 -4.56671 1.8375
2.5119e+02 1.7 -1.3 0.729155 11.7758 7.22415 -11.7758 -10.7758
2.8184e+02 1.6 -1.3 0.738725 18.1105 -0.110477 -18.1105 -5.87509
3.1623e+02 1.5 -1.3 0.615373 13.1036 4.1198 -13.1036 -9.03376
3.5481e+02 1.5 -1.3 0.573268 9.53177 4.54665 -9.53177 3.2778
3.9811e+02 2.4 -1.3 0.957427 10.7222 4.5516 -10.7222 -5.40388
4.4668e+02 1.5 -1.3 0.561653 27.8002 -6.40388 -27.8002 -17.1705
5.0119e+02 2.5 -1.3 0.927804 17.0382 3.93952 -17.0382 0.939523
5.6234e+02 2.9 -1.3 0.905376 20.3798 10.3288 -20.3798 4.93822
6.3096e+02 4.1 -1.3 1.29765 24.233 24.233 -9.67489 -0.55992
7.0795e+02 2.7 -1.2 1.0299 22.2989 4.06789 -22.2989 -6.93145
7.9433e+02 2.5 -1.3 0.980006 28.2307 3.57641 -28.2307 -16.3636
8.9125e+02 3.5 -1.3 0.983851 28.2586 28.2586 -18.3636 15.9098
1.0000e+03 3.1 -1.3 1.00576 17.195 17.195 -15.6568 -1.805
1.1220e+03 4.5 -1.3 1.6813 28.7147 17.0181 -28.7147 -17.4426
1.2589e+03 5.1 -1.3 1.40825 45.7539 18.0592 -45.7539 11.0592
1.4125e+03 3.9 -1.3 1.22849 30.8438 30.8438 -7.68023 -0.15616
1.5849e+03 3.3 -1.3 1.03995 28.2952 28.2952 -25.7047 -4.86232
1.7783e+03 3.9 -1.3 1.19253 55.103 19.0791 -55.103 -25.7222
1.9953e+03 4.5 -1.3 1.79632 59.0456 1.95437 -59.0456 -27.0339
2.2387e+03 3.9 -1.3 1.02174 51.4797 51.4797 -35.0339 30.1784
2.5119e+03 4.9 -1.3 1.5708 35.008 35.008 -31.5506 -21.6564
2.8184e+03 6.5 -1.3 1.99706 75.377 28.8127 -75.377 -35.9849
3.1623e+03 3.7 -1.3 1.20092 79.58 4.82255 -79.58 -11.8244
3.5481e+03 4.3 -1.3 1.39216 33.5594 33.5594 -30.6011 3.8437
3.9811e+03 7.9 -1.3 1.89157 80.9249 80.9249 -22.3864 20.2784
4.4668e+03 6.2 -1.3 1.90287 94.5356 26.915 -94.5356 -76.0554
5.0119e+03 8.3 -1.3 2.38223 102.307 64.8112 -102.307 -36.5698
5.6234e+03 8.9 -1.3 2.20799 62.5738 62.5738 -56.0515 20.659
6.3096e+03 7.5 -1.3 2.09782 133.558 133.558 -28.0598 -19.1949
7.0795e+03 6.5 -1.3 1.87909 81.658 20.6546 -81.658 -35.3372
7.9433e+03 6.5 -1.3 1.9134 139.982 58.1381 -139.982 18.2322
8.9125e+03 8.6 -1.3 2.75073 120.527 120.527 -119.661 -40.8011
1.0000e+04 5.9 -1.3 1.64452 75.9879 75.9879 -64.4427 68.3127
1.1220e+04 12.4 -1.3 2.91594 194.119 94.4759 -194.119 -110.382
1.2589e+04 7.3 -1.3 1.73958 179.372 -15.6519 -179.372 -88.6695
1.4125e+04 7.5 -1.3 2.02361 112.893 112.893 -96.1464 95.9095
1.5849e+04 11.5 -1.3 2.98021 166.958 166.958 -146.08 -145.08
1.7783e+04 9.9 -1.3 2.98354 257.018 134.801 -257.018 -149.228
1.9953e+04 11.4 -1.3 2.76229 276.753 -3.19418 -276.753 -74.4499
2.2387e+04 11.5 -1.3 2.4514 188.158 178.149 -188.158 152.099
2.5119e+04 14.9 -1.3 3.10575 278.308 236.124 -278.308 216.964
2.8184e+04 11.9 -1.3 3.23585 262.804 259.694 -262.804 -212.009
3.1623e+04 9.5 -1.3 2.56351 356.082 -10.763 -356.082 -168.078
3.5481e+04 11.5 -1.3 2.88567 227.601 179.249 -227.601 33.2981
3.9811e+04 13.7 -1.3 3.16905 328.123 328.123 -105.903 -104.903
4.4668e+04 11.3 -1.3 3.23728 435.557 259.454 -435.557 5.53023
5.0119e+04 14.9 -1.3 3.2437 395.488 234.094 -395.488 -131.078
5.6234e+04 13.4 -1.3 3.19204 554.552 309.31 -554.552 -96.5909
6.3096e+04 13 -1.3 2.83063 531.387 531.387 -160.486 201.79
7.0795e+04 14.9 -1.3 3.46353 435.394 308.077 -435.394 -58.3172
7.9433e+04 14.3 -1.3 3.43608 857.685 268.812 -857.685 50.1283
8.9125e+04 17.9 -1.3 3.74793 519.089 519.089 -461.19 111.935
1.0000e+05 18.5 -1.3 4.18771 498.539 498.539 -326.754 -79.7133
1.1220e+05 22 -1.3 4.95487 867.151 818.239 -867.151 -599.379
1.2589e+05 20.3 -1.3 3.79821 689.532 96.3234 -689.532 -292.955
1.4125e+05 16.9 -1.3 3.61458 557.841 408.832 -557.841 405.832
1.5849e+05 23.4 -1.3 4.53923 1041.38 1041.38 -323.796 758.017
1.7783e+05 21.9 -1.3 4.8249 757.017 757.017 -717.848 -591
1.9953e+05 21.5 -1.3 4.3798 1275.25 388.949 -1275.25 -722.157
2.2387e+05 23.1 -1.3 4.43634 804.2 672.974 -804.2 446.256
2.5119e+05 20.3 -1.3 4.76386 1256.43 1256.43 -694.113 -81.3528
2.8184e+05 21 -1.3 4.6175 1200.92 1200.92 -511.123 527.702
3.1623e+05 27.7 -1.3 5.08047 1617.92 582.634 -1617.92 -942.225
3.5481e+05 23.5 -1.3 5.15774 1717.42 1410.78 -1717.42 -1273.22
3.9811e+05 31.9 -1.3 4.97252 1554.36 1554.36 -1388.53 1367.06
4.4668e+05 29.9 -1.3 5.54162 1473.84 1468.15 -1473.84 -666.97
5.0119e+05 24.9 -1.3 5.23669 1932.02 665.383 -1932.02 40.7045
5.6234e+05 33.1 -1.3 5.79274 2861.57 2054.97 -2861.57 1283.03
6.3096e+05 29.4 -1.3 5.96064 2956.1 2956.1 -1414.68 -912.008
7.0795e+05 35.1 -1.3 6.11179 1836.09 1682.76 -1836.09 127.303
7.9433e+05 37 -1.3 5.92899 2650.55 872.085 -2650.55 -1973.44
8.9125e+05 32.5 -1.3 5.88338 2824.91 1270.65 -2824.91 569.723
1.0000e+06 37.9 -1.3 6.39601 3818.12 3818.12 -1702.95 2742.7
1.1220e+06 37.1 -1.3 6.53462 4132.68 4132.68 -3374.5 -2854.03
1.2589e+06 51.4 -1.3 6.78214 4152.35 905.713 -4152.35 -600.327
1.4125e+06 35.9 -1.3 6.53119 4353.97 1257.83 -4353.97 -363.237
1.5849e+06 39.9 -1.3 6.79673 3661.41 3661.41 -1979.75 1530.3
1.7783e+06 46.9 -1.3 7.22298 5491.27 5491.27 -3993.08 4177.29
1.9953e+06 49 -1.3 7.58394 5379.83 4777.77 -5379.83 -4721.15
2.2387e+06 53 -1.3 7.71596 6711.62 3020.12 -6711.62 -2252.58
2.5119e+06 51.9 -1.3 7.90959 4580.57 4580.57 -3901.68 3833.13
2.8184e+06 48.9 -1.3 7.68166 6293.54 6293.54 -2392.57 -2123.83
3.1623e+06 68.3 -1.3 8.0553 8659.92 4022.15 -8659.92 2393.99
3.5481e+06 52.9 -1.3 8.15049 7680.36 4811.71 -7680.36 2.43684
3.9811e+06 74.1 -1.3 8.65468 8238.51 8121.28 -8238.51 -400.712
4.4668e+06 71.1 -1.3 8.66689 10194.5 10194.5 -9558.88 1806.94
5.0119e+06 84.5 -1.3 8.95261 9677.11 8929.18 -9677.11 -5073.27
5.6234e+06 54.9 -1.3 8.78332 13318.4 4145.21 -13318.4 2796.38
6.3096e+06 69.5 -1.3 9.13335 12087.1 12087.1 -5671.96 4668.39
7.0795e+06 70.1 -1.3 9.45639 13836.4 13836.4 -7406.41 -4846.42
7.9433e+06 77.9 -1.3 9.44558 16186.6 9365.32 -16186.6 -3169.09
8.9125e+06 67.4 -1.3 9.69922 14732.9 10670.2 -14732.9 -425.057
1.0000e+07 88.9 -1.3 9.91956 14982.3 14982.3 -10961.2 5495.22
1.1220e+07 71.7 -1.3 10.1176 22311.6 22311.6 -12989.5 14685.3
1.2589e+07 75.9 -1.3 10.3094 17454.6 14983 -17454.6 -12824.7
1.4125e+07 75.4 -1.3 10.1793 30494.7 14312.5 -30494.7 -9949.75
1.5849e+07 77.3 -1.3 10.7884 24856.3 24856.3 -10845.3 16411.9
1.7783e+07 123.6 -1.3 11.7201 24585.8 24585.8 -17918.7 -10801.3
1.9953e+07 84.9 -1.3 10.9925 30397.6 30397.6 -23935.4 5514.14
2.2387e+07 112.9 -1.3 11.6174 31794.2 25239.5 -31794.2 1325.27
2.5119e+07 91.9 -1.3 11.7263 28474.5 28474.5 -27201.1 -16204.3
2.8184e+07 111.4 -1.3 11.7748 49922.9 49922.9 -22250.5 26932.7
3.1623e+07 118.9 -1.3 12.0773 50350.9 31521.3 -50350.9 -19054.6
3.5481e+07 123.9 -1.3 12.3779 53397.2 37656.1 -53397.2 4039.11
3.9811e+07 130.9 -1.3 12.995 55397.3 55397.3 -42560.8 19831.4
4.4668e+07 135.9 -1.3 13.159 57754.1 57754.1 -53227.9 -44595.4
5.0119e+07 125.5 -1.3 13.3895 55993.5 55993.5 -52133.5 6607.61
5.6234e+07 124.2 -1.3 13.4527 72057.3 29915.9 -72057.3 -22365.4
6.3096e+07 121.6 -1.3 13.7929 63201.3 63201.3 -45600.9 -990.202
7.0795e+07 122 -1.3 13.857 93643.9 93643.9 -53074.8 78493.6
7.9433e+07 133.1 -1.3 14.7215 95152.3 79775.6 -95152.3 -92156.1
8.9125e+07 152.9 -1.3 14.5144 105708 81014.8 -105708 4615.54
1.0000e+08 1.9 1 1.9 4614.54 4614.54 4613.54 4614.54
