# pseudoN rho=1.05 X=1e+08 label=r1.05  g-prime sites=5488365 total mult=5773112 max m=2 max a=85 sat=0
# bin_lo  Emax  Emin  Erms  sup|psi-x|  max(psi-x)  min(psi-x)  (psi-x)@end
1.9953e+00 -0.05 -1.1 0.05 2.30685 -1.30685 -2.30685 -1.30685
2.8184e+00 -0.1 -1.15 0.1 2.20824 -1.20824 -2.20824 -1.20824
3.9811e+00 -0.15 -1.2 0.15 2.51509 -1.51509 -2.51509 -1.51509
4.4668e+00 -0.2 -1.25 0.2 1.90566 -0.905655 -1.90566 -0.905655
5.6234e+00 -0.25 -1.3 0.25 2.90566 -1.90566 -2.90566 -1.90566
6.3096e+00 -0.3 -1.35 0.3 1.95975 -0.959745 -1.95975 -0.959745
7.9433e+00 -0.35 -1.4 0.35 2.2666 -1.2666 -2.2666 -1.2666
8.9125e+00 -0.4 -1.45 0.4 2.16799 -1.16799 -2.16799 -1.16799
1.0000e+01 0.5 -1.5 0.475657 3.16799 1.6278 -3.16799 1.6278
1.1220e+01 0.45 -0.6 0.45 0.627805 0.627805 -0.372195 0.627805
1.2589e+01 0.4 -0.7 0.375832 2.19275 2.19275 0.192754 1.19275
1.4125e+01 0.3 -0.75 0.3 0.807246 0.192754 -0.807246 0.192754
1.5849e+01 0.25 -0.85 0.226385 1.71911 1.71911 -1.1141 1.71911
1.7783e+01 0.15 -0.95 0.127475 2.66355 2.66355 -0.280885 2.66355
1.9953e+01 0.95 -1.05 0.549242 1.66355 1.66355 -1.33645 -0.336446
2.2387e+01 -0.1 -1.25 0.155456 3.33645 -1.33645 -3.33645 -1.72701
2.5119e+01 -0.25 -1.4 0.302765 4.6284 -2.6284 -4.6284 -3.6284
2.8184e+01 0.5 -1.5 0.451848 3.60687 3.60687 -3.2611 3.60687
3.1623e+01 1.4 -0.6 1.19111 3.30002 3.30002 -0.699979 0.300021
3.5481e+01 1.25 -0.95 0.639336 4.69998 -0.699979 -4.69998 -3.69998
3.9811e+01 0.85 -1.15 0.384057 5.69998 -0.225207 -5.69998 -1.22521
4.4668e+01 0.8 -1.5 0.461429 4.22521 -0.375059 -4.22521 -1.42915
5.0119e+01 1.3 -0.7 0.81522 3.47297 3.47297 -0.527031 0.472969
5.6234e+01 1.2 -1.05 0.800669 4.52703 -0.416157 -4.52703 -2.41616
6.3096e+01 1.75 -1.5 0.902378 9.72301 -2.72301 -9.72301 -8.72301
7.0795e+01 1.2 -0.95 0.637704 4.39687 4.39687 -3.19765 -0.603126
7.9433e+01 0.65 -1.45 0.285044 6.08567 0.914327 -6.08567 -5.08567
8.9125e+01 1.4 -1.5 0.946705 7.08567 0.946975 -7.08567 -6.05302
1.0000e+02 1.05 -1.45 0.501344 14.053 -3.97932 -14.053 -4.97932
1.1220e+02 2.85 -1 1.46458 5.05948 5.05948 -3.25193 2.66891
1.2589e+02 2.75 -1.05 1.19373 8.63794 4.14377 -8.63794 2.14377
1.4125e+02 3.3 -0.6 1.81598 10.8389 1.14377 -10.8389 -9.83895
1.5849e+02 1.25 -1.5 0.587255 15.7452 -6.88529 -15.7452 -10.8853
1.7783e+02 1.7 -1.25 0.850334 11.3176 0.682372 -11.3176 -1.50388
1.9953e+02 3.95 -1.4 1.65819 7.79227 7.79227 -5.20773 -4.20773
2.2387e+02 2.85 -1.05 1.66073 18.2077 -5.20773 -18.2077 -14.6798
2.5119e+02 3.25 -1.5 1.42229 17.6798 10.638 -17.6798 0.63795
2.8184e+02 2.75 -1.45 1.25556 10.5288 8.56345 -10.5288 8.56345
3.1623e+02 3.95 -1.45 1.77406 16.5698 16.5698 -0.677652 1.51573
3.5481e+02 4.85 -1.5 2.80651 32.5398 0.515731 -32.5398 -9.66327
3.9811e+02 2.15 -1.5 0.839146 21.451 -0.606242 -21.451 -15.3507
4.4668e+02 3.2 -1.5 1.15591 13.8961 7.31295 -13.8961 -2.68705
5.0119e+02 4 -1.45 1.1164 20.5708 15.1544 -20.5708 -19.2483
5.6234e+02 2.75 -1.5 1.00612 36.9822 -19.9822 -36.9822 -34.5182
6.3096e+02 3.1 -1.5 1.22323 34.17 -13.9455 -34.17 -13.9455
7.0795e+02 4.95 -1.45 1.8346 46.8952 46.8952 -20.1329 25.8952
7.9433e+02 5.65 -1.5 2.30841 31.9911 24.8952 -31.9911 6.75643
8.9125e+02 5.6 -1.45 1.75141 31.7777 5.75643 -31.7777 -25.872
1.0000e+03 4.75 -1.5 1.59357 69.1788 -14.4149 -69.1788 -15.4149
1.1220e+03 7.45 -1.5 2.63072 82.5508 82.5508 -20.4149 10.7819
1.2589e+03 6.8 -1.5 2.23098 40.5552 21.9052 -40.5552 -16.0913
1.4125e+03 6 -1.5 2.27543 72.4085 -0.40853 -72.4085 -71.4085
1.5849e+03 5.8 -1.5 1.19169 88.4085 26.1414 -88.4085 13.1414
1.7783e+03 5.4 -1.5 1.86651 43.7013 43.7013 -19.2987 11.0866
1.9953e+03 5.9 -1.5 2.00721 61.6375 61.6375 -2.10625 21.0526
2.2387e+03 9.05 -1.5 3.52778 159.214 20.0526 -159.214 -62.6109
2.5119e+03 4.05 -1.5 1.55195 64.6109 54.5476 -64.6109 32.5179
2.8184e+03 7.3 -1.5 2.49685 47.7266 47.7266 -27.8989 34.4996
3.1623e+03 7.9 -1.5 2.79654 103.292 103.292 -77.3869 -76.3869
3.5481e+03 8.35 -1.5 2.56563 172.231 -64.7971 -172.231 -101.567
3.9811e+03 10.25 -1.5 2.88492 114.333 114.333 -105.567 -52.6674
4.4668e+03 7.2 -1.5 1.91453 157.089 157.089 -68.6014 133.026
5.0119e+03 7.55 -1.5 2.73096 132.026 132.026 -51.6476 -49.8821
5.6234e+03 7.25 -1.5 2.24438 143.239 -50.8821 -143.239 -83.4734
6.3096e+03 9.55 -1.5 2.83029 148.623 17.0997 -148.623 -34.5811
7.0795e+03 8.75 -1.5 2.20926 259.529 259.529 -37.5811 117.263
7.9433e+03 17.3 -1.5 5.84918 303.817 134.175 -303.817 -154.62
8.9125e+03 11.65 -1.5 4.03126 170.981 89.0186 -170.981 -144.528
1.0000e+04 9.95 -1.5 3.02888 279.504 64.8888 -279.504 62.8888
1.1220e+04 9.25 -1.5 2.90646 384.067 384.067 43.8888 123.287
1.2589e+04 19.05 -1.5 5.2007 288.716 122.287 -288.716 -0.22154
1.4125e+04 13.15 -1.5 4.2005 407.223 96.2627 -407.223 -177.25
1.5849e+04 10.8 -1.5 2.82212 283.255 283.255 -224.369 266.319
1.7783e+04 16 -1.5 4.81638 422.529 422.529 -125.41 21.4665
1.9953e+04 11.05 -1.5 3.82901 288.984 266.33 -288.984 -213.721
2.2387e+04 16.25 -1.5 3.86878 660.714 -209.687 -660.714 -467.33
2.5119e+04 17.75 -1.5 4.41178 648.274 648.274 -500.198 260.27
2.8184e+04 19.65 -1.5 4.90923 405.281 405.281 -221.637 336.44
3.1623e+04 19.05 -1.5 4.34188 391.335 391.335 -236.297 -150.926
3.5481e+04 22.45 -1.5 5.79227 960.092 53.6054 -960.092 40.6054
3.9811e+04 17.75 -1.5 4.56882 523.366 523.366 -97.8351 380.242
4.4668e+04 23.15 -1.5 5.43767 753.648 753.648 -206.818 302.801
5.0119e+04 28.05 -1.5 7.01476 1072.53 638.817 -1072.53 -749.495
5.6234e+04 22.15 -1.5 4.50154 1194.46 9.29478 -1194.46 -198.053
6.3096e+04 16.7 -1.5 4.5412 419.845 374.677 -419.845 50.7988
7.0795e+04 20 -1.5 5.09044 1501.36 1501.36 -369.74 434.219
7.9433e+04 31 -1.5 6.62037 1319.26 433.219 -1319.26 -872.055
8.9125e+04 22.45 -1.5 4.84703 1133.1 246.539 -1133.1 -428.79
1.0000e+05 41.8 -1.5 8.24431 1448.18 1121.78 -1448.18 956.054
1.1220e+05 29.3 -1.5 6.51645 2191.97 2191.97 18.4455 115.306
1.2589e+05 35.65 -1.5 8.45691 1896.18 333.634 -1896.18 -1426.86
1.4125e+05 23.65 -1.5 5.86986 1932.74 406.904 -1932.74 -1512.94
1.5849e+05 28.6 -1.5 5.60444 2209.07 2209.07 -1848.04 2049.36
1.7783e+05 25.05 -1.5 6.31295 2139.52 2139.52 -405.852 -135.699
1.9953e+05 32.8 -1.5 7.09808 1822.32 662.861 -1822.32 -857.776
2.2387e+05 32.55 -1.5 6.9713 3234.3 -311.926 -3234.3 -506.425
2.5119e+05 38.25 -1.5 7.27405 3620.1 3620.1 -679.308 2586.74
2.8184e+05 48.55 -1.5 8.47409 3158.92 3158.92 -1775.92 -831.799
3.1623e+05 38.7 -1.5 8.45605 3373.08 2056.27 -3373.08 -3372.08
3.5481e+05 30.2 -1.5 7.43294 4576.24 -869.455 -4576.24 -882.56
3.9811e+05 37.05 -1.5 7.64439 4820.27 4820.27 -871.666 656.033
4.4668e+05 35.25 -1.5 7.88286 2384.14 2384.14 -37.5226 1874.14
5.0119e+05 57 -1.5 10.9508 4610.12 1978.76 -4610.12 -3370.24
5.6234e+05 81.55 -1.5 10.4433 6289.67 3412.67 -6289.67 2859.49
6.3096e+05 60.4 -1.5 9.50177 5719.47 5719.47 -901.409 2943.75
7.0795e+05 53.05 -1.5 9.27385 5381.64 5381.64 872.44 3714.22
7.9433e+05 50.8 -1.5 10.0704 10379.2 3775.96 -10379.2 -8815.24
8.9125e+05 55.3 -1.5 8.68268 8848.24 3565.05 -8848.24 -335.18
1.0000e+06 58.1 -1.5 9.03586 5003.93 5003.93 -3571.22 4996.86
1.1220e+06 70.95 -1.5 11.7741 12155.8 12155.8 -2673.74 -2161.67
1.2589e+06 68.5 -1.5 11.4515 13141.1 -1681.06 -13141.1 -5045.91
1.4125e+06 61.85 -1.5 10.1845 6138.66 2840.67 -6138.66 1486.9
1.5849e+06 61.45 -1.5 10.5461 14480.2 14480.2 -1958.98 13560.1
1.7783e+06 99.8 -1.5 13.2287 18243 18243 -11364.2 -6854.58
1.9953e+06 68.05 -1.5 11.1398 9590.25 -782.424 -9590.25 -1271.86
2.2387e+06 66.05 -1.5 11.3361 14591.2 -53.1823 -14591.2 -3907.62
2.5119e+06 66.45 -1.5 10.4593 25464.1 25464.1 -4037.68 10811
2.8184e+06 104.55 -1.5 13.8165 10900.9 10900.9 -9563.25 -6070.76
3.1623e+06 87.8 -1.5 13.4818 15290.1 3235.74 -15290.1 -8477.92
3.5481e+06 78.5 -1.5 12.1558 29712.7 13861.1 -29712.7 12499.5
3.9811e+06 78.55 -1.5 13.1819 26773.2 26773.2 12049.9 12927
4.4668e+06 85.05 -1.5 13.4225 13134.8 13079 -13134.8 3769.66
5.0119e+06 83.35 -1.5 13.3776 40314.6 8820.26 -40314.6 -34373.8
5.6234e+06 80.75 -1.5 12.9358 34415.8 15818.5 -34415.8 11401.2
6.3096e+06 118.15 -1.5 15.5564 40548.5 40548.5 -2290.01 695.604
7.0795e+06 123.25 -1.5 14.3413 31227.2 31227.2 -7348.59 -1128.81
7.9433e+06 109.15 -1.5 15.1391 55710.6 -706.009 -55710.6 -25906.4
8.9125e+06 102.05 -1.5 14.21 56035.2 56035.2 -34151.5 36187.2
1.0000e+07 92.85 -1.5 14.969 40806.4 40806.4 -13121.8 35352.6
1.1220e+07 130.05 -1.5 16.4158 52413.5 52413.5 -38174 -34550
1.2589e+07 130.55 -1.5 16.7723 79140.8 -23637.3 -79140.8 -24333.3
1.4125e+07 138.5 -1.5 16.6268 44252.1 44252.1 -24946.4 4161.05
1.5849e+07 125.3 -1.5 16.7685 74152.1 74152.1 -2498.1 42128.1
1.7783e+07 111.8 -1.5 17.649 101513 46585.2 -101513 -100291
1.9953e+07 116.05 -1.5 16.9396 113341 22130.5 -113341 3228.26
2.2387e+07 126.05 -1.5 18.1654 49717.2 28690.9 -49717.2 25691.5
2.5119e+07 141.25 -1.5 17.6219 117803 117803 21739.9 79158
2.8184e+07 137.2 -1.5 19.5286 136890 83683.4 -136890 -43877.2
3.1623e+07 230.55 -1.5 20.2623 77443.8 -3874.29 -77443.8 -50910
3.5481e+07 192.05 -1.5 19.0139 60121.7 48482.1 -60121.7 43750.4
3.9811e+07 155.05 -1.5 20.4812 202638 202638 -3113.35 -3066.87
4.4668e+07 159.05 -1.5 20.3337 104021 -3067.87 -104021 -31861.1
5.0119e+07 169.05 -1.5 20.7683 148816 -13539.4 -148816 -142728
5.6234e+07 198.3 -1.5 20.0533 260847 260847 -147648 245487
6.3096e+07 168.3 -1.5 22.1973 248518 248518 -33511.6 53527
7.0795e+07 202.55 -1.5 22.2239 67940.6 56365.8 -67940.6 -47662.7
7.9433e+07 226.85 -1.5 23.0026 327617 -24474.6 -327617 -171895
8.9125e+07 185 -1.5 22.0013 286600 286600 -172877 212879
1.0000e+08 7.05 6 7.05 212878 212878 212877 212878
