# pseudoN rho=1.3 X=1e+08 label=r1.3  g-prime sites=4805699 total mult=5766933 max m=2 max a=267 sat=0
# bin_lo  Emax  Emin  Erms  sup|psi-x|  max(psi-x)  min(psi-x)  (psi-x)@end
1.9953e+00 -0.3 -1.6 0.3 2.30685 -1.30685 -2.30685 -1.30685
2.8184e+00 0.4 -0.9 0.4 1.10963 -0.109628 -1.10963 -0.109628
3.9811e+00 0.1 -1.2 0.1 1.41648 -0.416481 -1.41648 -0.416481
4.4668e+00 -0.2 -1.5 0.2 0.807043 0.192957 -0.807043 0.192957
5.6234e+00 0.5 -0.8 0.5 1.80704 -0.807043 -1.80704 -0.807043
6.3096e+00 0.2 -1.1 0.2 0.861133 0.138867 -0.861133 0.138867
7.9433e+00 -0.1 -1.4 0.1 1.16799 -0.167986 -1.16799 -0.167986
8.9125e+00 1.6 0.3 1.6 1.02924 1.02924 0.0292388 1.02924
1.0000e+01 1.3 -1.3 0.919239 1.97076 0.0292388 -1.97076 -0.970761
1.1220e+01 0.7 -0.6 0.7 2.97076 -1.97076 -2.97076 -1.97076
1.2589e+01 0.4 -1.2 0.291548 2.40581 -0.405812 -2.40581 -1.40581
1.4125e+01 0.8 -0.5 0.8 3.40581 -2.40581 -3.40581 -2.40581
1.5849e+01 0.5 -1.1 0.380789 3.71266 -0.879451 -3.71266 -0.879451
1.7783e+01 1.9 -0.7 1.4089 3.87945 -1.87945 -3.87945 -2.87945
1.9953e+01 1 -1.6 0.627163 6.87945 -3.87945 -6.87945 -5.87945
2.2387e+01 1.1 -0.9 0.818535 2.60846 -0.608463 -2.60846 -0.999025
2.5119e+01 3.2 -0.8 2.50998 2.99903 -0.8018 -2.99903 -1.8018
2.8184e+01 2.3 -0.3 1.71756 5.8018 -2.8018 -5.8018 -4.8018
3.1623e+01 0.7 -1.5 0.41833 6.10865 -2.61215 -6.10865 -4.61215
3.5481e+01 1.5 -1.4 0.815475 7.61215 -3.97456 -7.61215 -4.97456
3.9811e+01 0.7 -1.3 0.387298 6.97456 1.2844 -6.97456 1.2844
4.4668e+01 2.5 -0.1 1.76965 3.76969 0.284402 -3.76969 -2.76969
5.0119e+01 3.1 -0.9 1.92137 9.76969 -3.76969 -9.76969 -8.76969
5.6234e+01 1.4 -1.7 0.579409 10.7697 1.6063 -10.7697 0.606301
6.3096e+01 2.6 -1.4 1.42428 2.70055 1.50414 -2.70055 -1.49586
7.0795e+01 2.7 -1.7 1.16237 8.49586 -2.49586 -8.49586 -6.15205
7.9433e+01 4 -1.7 2.48294 10.5728 -1.5728 -10.5728 -9.5728
8.9125e+01 1.7 -1.5 0.803119 14.5728 -3.90092 -14.5728 -5.90092
1.0000e+02 2.9 -1.6 0.99344 7.90092 5.39473 -7.90092 4.39473
1.1220e+02 3.3 -0.9 2.20942 12.8495 12.8495 0.849503 2.45894
1.2589e+02 4.9 -0.3 2.824 13.8479 1.45894 -13.8479 -12.8479
1.4125e+02 2.1 -1.7 0.813489 14.8479 0.238607 -14.8479 0.238607
1.5849e+02 4.7 -1.7 1.77245 8.32071 8.32071 -5.69249 4.32071
1.7783e+02 3.3 -1.7 1.38613 8.2608 7.50809 -8.2608 -7.2608
1.9953e+02 5.2 -1.7 2.28072 17.6493 -0.649275 -17.6493 -4.4413
2.2387e+02 4.5 -1.7 2.31686 25.7676 -5.4413 -25.7676 -24.7676
2.5119e+02 2.5 -1.7 0.958297 27.7676 18.5529 -27.7676 18.5529
2.8184e+02 4.6 -1.2 2.59064 26.8473 26.8473 2.37088 3.37088
3.1623e+02 7.1 -1.6 4.12409 22.052 2.37088 -22.052 -21.052
3.5481e+02 4.8 -1.6 1.97565 32.052 -8.58576 -32.052 -11.5858
3.9811e+02 5.1 -1.7 1.82003 28.5868 9.93965 -28.5868 7.03773
4.4668e+02 5.5 -1.7 1.7433 19.4202 10.5798 -19.4202 7.64281
5.0119e+02 9.3 -1.7 4.35888 28.7301 28.7301 -3.99889 -2.67633
5.6234e+02 10.5 -1.7 5.01536 51.6763 -3.67633 -51.6763 -49.8021
6.3096e+02 5.4 -1.7 1.80454 52.8021 5.33861 -52.8021 -3.42512
7.0795e+02 8.7 -1.7 3.11341 49.1044 49.1044 -6.42512 17.3058
7.9433e+02 8.5 -1.7 4.3554 40.3381 16.3058 -40.3381 -39.3381
8.9125e+02 7.2 -1.7 2.47517 71.3381 33.4169 -71.3381 31.4169
1.0000e+03 14.3 -1.7 7.55391 54.89 30.4169 -54.89 -17.445
1.1220e+03 7.1 -1.7 2.5915 73.6159 73.6159 -47.3561 73.6159
1.2589e+03 10.4 -1.7 4.46115 80.8968 80.8968 -18.3573 -8.39328
1.4125e+03 10.5 -1.7 4.45052 97.3283 -9.39328 -97.3283 -96.3283
1.5849e+03 13.3 -1.7 6.2602 142.328 13.7833 -142.328 10.7833
1.7783e+03 14.3 -1.7 4.32983 97.7352 97.7352 16.2671 34.5198
1.9953e+03 16.3 -1.7 7.53606 66.109 33.5198 -66.109 -65.109
2.2387e+03 14.5 -1.7 3.77742 74.5304 34.4762 -74.5304 21.4762
2.5119e+03 18.9 -1.7 8.00946 173.524 20.4762 -173.524 -24.2053
2.8184e+03 13.9 -1.7 4.92391 104.992 41.1527 -104.992 -14.2322
3.1623e+03 21.4 -1.7 8.09926 222.026 222.026 -41.2322 93.9599
3.5481e+03 26.3 -1.7 11.1877 173.359 92.9599 -173.359 -165.644
3.9811e+03 19.7 -1.7 6.3205 239.644 64.7564 -239.644 34.7564
4.4668e+03 22.3 -1.7 7.40595 142.584 142.584 -45.3428 21.4176
5.0119e+03 34.3 -1.7 14.1752 149.582 132.535 -149.582 -32.9589
5.6234e+03 27.3 -1.7 8.84846 169.668 169.668 -121.362 137.668
6.3096e+03 55.3 -1.7 18.9494 292.123 168.788 -292.123 -291.123
7.0795e+03 20.3 -1.7 5.6874 366.257 -68.875 -366.257 -84.2612
7.9433e+03 32.4 -1.7 9.70663 419.182 419.182 -88.2612 60.9395
8.9125e+03 58.3 -1.7 20.3081 249.779 165.861 -249.779 -248.779
1.0000e+04 37.1 -1.7 10.8138 386.779 98.242 -386.779 32.3405
1.1220e+04 31.7 -1.7 11.8604 377.884 218.22 -377.884 -181.07
1.2589e+04 27.9 -1.7 9.80614 532.187 101.054 -532.187 99.0536
1.4125e+04 32.8 -1.7 8.5467 612.746 612.746 -59.8317 570.746
1.5849e+04 77.3 -1.7 30.8441 855.18 593.46 -855.18 -854.18
1.7783e+04 66.3 -1.7 19.326 924.18 -97.1664 -924.18 -514.921
1.9953e+04 29.3 -1.7 9.47178 625.424 625.424 -507.019 247.403
2.2387e+04 41.1 -1.7 13.1435 469.824 390.459 -469.824 -424.043
2.5119e+04 32.8 -1.7 9.50558 465.118 323.957 -465.118 254.957
2.8184e+04 67.9 -1.7 23.9091 910.117 253.957 -910.117 -836.419
3.1623e+04 36.8 -1.7 8.0787 1588.8 429.577 -1588.8 425.577
3.5481e+04 51 -1.7 10.9403 1768.5 1768.5 383.551 1665.5
3.9811e+04 79 -1.7 25.652 1664.5 1664.5 -1289.02 -875.058
4.4668e+04 60.8 -1.7 17.3332 1847.58 -316.7 -1847.58 -449.788
5.0119e+04 38.7 -1.7 11.1008 915.604 915.604 -454.788 190.069
5.6234e+04 55.4 -1.7 19.0512 1288.48 1288.48 -782.359 499.024
6.3096e+04 53.2 -1.7 14.779 1544.88 1544.88 -81.8624 1022.64
7.0795e+04 62.3 -1.7 19.5484 2134.92 1114.9 -2134.92 -2133.92
7.9433e+04 45.5 -1.7 12.693 3483.57 1642.86 -3483.57 1616.86
8.9125e+04 58 -1.7 14.3099 4044.69 4044.69 702.996 3168.29
1.0000e+05 92.8 -1.7 25.4831 3167.29 3167.29 -2046.33 -2045.33
1.1220e+05 129.5 -1.7 29.2412 2782.99 815.699 -2782.99 -313.41
1.2589e+05 75.1 -1.7 19.1442 1290.65 1037.29 -1290.65 -731.497
1.4125e+05 77.6 -1.7 15.2821 2679.73 1482.59 -2679.73 687.64
1.5849e+05 84.3 -1.7 19.9461 4361.51 4361.51 493.115 2593.9
1.7783e+05 155.3 -1.7 55.0892 4298.34 2592.9 -4298.34 -4297.34
1.9953e+05 66.1 -1.7 14.7215 5547.9 -249.952 -5547.9 -713.094
2.2387e+05 106.5 -1.7 26.4865 6526.05 6526.05 -1112.09 3260.04
2.5119e+05 101.9 -1.7 28.8116 4649.65 4040.99 -4649.65 -4415.06
2.8184e+05 114.9 -1.7 26.3645 4476.06 2331.32 -4476.06 -1447.67
3.1623e+05 167.3 -1.7 42.1066 3775.11 1186.78 -3775.11 -3774.11
3.5481e+05 159.1 -1.7 31.8189 6636.24 2073.37 -6636.24 1457.55
3.9811e+05 123.3 -1.7 23.4342 8085.81 8085.81 802.934 3857.77
4.4668e+05 191.3 -1.7 58.8227 9413.89 7814.13 -9413.89 -8294.88
5.0119e+05 91.5 -1.7 22.1464 11634.4 -166.815 -11634.4 -961.664
5.6234e+05 287.5 -1.7 44.4753 8720.71 8720.71 -1084.42 630.764
6.3096e+05 132.3 -1.7 30.3199 6141.75 4319.89 -6141.75 -5268.3
7.0795e+05 144.3 -1.7 29.7433 9944.83 9944.83 -5362.3 2093.03
7.9433e+05 295.4 -1.7 64.7113 8114.41 7767.75 -8114.41 -5366.24
8.9125e+05 165.3 -1.7 39.1791 20174.4 1722.31 -20174.4 973.216
1.0000e+06 198.7 -1.7 38.0262 16705 16705 930.216 16106.3
1.1220e+06 288.6 -1.7 55.6277 17967.7 17967.7 -11177.5 -9508.34
1.2589e+06 225.3 -1.7 43.3448 17759.2 5433 -17759.2 3147.25
1.4125e+06 236.1 -1.7 38.5586 9533.07 7637.92 -9533.07 4677.4
1.5849e+06 276.1 -1.7 48.6701 17959.3 9320.55 -17959.3 -2105.22
1.7783e+06 189.1 -1.7 37.3039 27676.3 27676.3 -6544.6 18959.6
1.9953e+06 310.7 -1.7 62.5933 22402.5 22402.5 -18268.7 -8352.74
2.2387e+06 374.5 -1.7 65.8715 45988.8 1405.41 -45988.8 1010.41
2.5119e+06 252.3 -1.7 46.3959 34367.5 34367.5 -3934.25 22609.4
2.8184e+06 310.5 -1.7 58.4328 24273.2 24273.2 -14699.4 -14698.4
3.1623e+06 353.8 -1.7 54.418 33469.1 15320 -33469.1 9097.75
3.5481e+06 356.7 -1.7 69.33 22766.9 18942.7 -22766.9 -5939.13
3.9811e+06 350.3 -1.7 62.7938 56719.3 4203.66 -56719.3 -5144.87
4.4668e+06 443.7 -1.7 71.0378 65378.9 65378.9 -13667.1 48144.4
5.0119e+06 576.5 -1.7 89.803 53504.3 53504.3 -35134.6 -19440.7
5.6234e+06 402 -1.7 70.5309 67042.3 -19350.4 -67042.3 -24890
6.3096e+06 443.3 -1.7 72.4126 52326.5 52326.5 -25910.1 15984
7.0795e+06 542.5 -1.7 84.237 39301.5 26769.8 -39301.5 -39300.5
7.9433e+06 359.5 -1.7 64.2788 61824.9 61824.9 -60482.4 20892.5
8.9125e+06 397.3 -1.7 77.9517 65253.5 47856 -65253.5 -46605.4
1.0000e+07 571.9 -1.7 87.5751 111162 330.345 -111162 -55185.7
1.1220e+07 437.3 -1.7 73.6573 119233 119233 -55190.7 117428
1.2589e+07 626 -1.7 88.8079 138180 138180 -61907.2 -61872.5
1.4125e+07 798.3 -1.7 97.4543 106909 -37544.2 -106909 -45338.4
1.5849e+07 460.7 -1.7 82.277 110043 110043 -46369.7 -23126.6
1.7783e+07 609 -1.7 88.0259 87372.9 55855.2 -87372.9 -60225.1
1.9953e+07 607.7 -1.7 89.3997 179347 179347 -77211.8 97308.3
2.2387e+07 704.3 -1.7 96.3326 147852 147852 -91179.4 -91178.4
2.5119e+07 702 -1.7 97.5212 288558 -68319 -288558 -125068
2.8184e+07 792.3 -1.7 100.3 235948 235948 -131293 232454
3.1623e+07 741.1 -1.7 114.189 274240 274240 -112326 -40932.2
3.5481e+07 627 -1.7 100.251 178879 55921.3 -178879 -32330.2
3.9811e+07 1520.3 -1.7 138.28 182911 182911 -154693 -90978.1
4.4668e+07 827.1 -1.7 111.285 282932 74874.1 -282932 -144498
5.0119e+07 828.5 -1.7 99.32 397078 397078 -157090 356501
5.6234e+07 916.9 -1.7 121.081 460710 460710 -168582 -168581
6.3096e+07 1548.3 -1.7 140.589 590934 -148661 -590934 -177930
7.0795e+07 1517.8 -1.7 123.364 350909 350909 -187790 322393
7.9433e+07 1109.3 -1.7 120.513 453621 453621 -193042 -11718.5
8.9125e+07 1272.3 -1.7 135.353 331796 331796 -206727 98873.5
1.0000e+08 63.3 62 63.3 98872.5 98872.5 98871.5 98872.5
