# pseudoN rho=1.61803398875 X=1e+08 label=r1.6180339887498949  g-prime sites=3717483 total mult=5736009 max m=2 max a=1036 sat=0
# bin_lo  Emax  Emin  Erms  sup|psi-x|  max(psi-x)  min(psi-x)  (psi-x)@end
1.9953e+00 0.381966 -1.23607 0.381966 1.61371 -0.613706 -1.61371 -0.613706
2.8184e+00 -0.236068 -1.8541 0.236068 1.51509 -0.515093 -1.51509 -0.515093
3.9811e+00 1.1459 -0.472136 1.1459 1.1288 -0.128799 -1.1288 -0.128799
4.4668e+00 -0.472136 -2.09017 0.472136 2.1288 -1.1288 -2.1288 -1.1288
5.6234e+00 -0.0901699 -1.7082 0.0901699 3.1288 -2.1288 -3.1288 -2.1288
6.3096e+00 0.291796 -1.32624 0.291796 0.763021 0.763021 -0.236979 0.763021
7.9433e+00 2.67376 1.05573 2.67376 1.14932 1.14932 0.149316 1.14932
8.9125e+00 2.05573 0.437694 2.05573 1.24793 1.24793 0.247928 1.24793
1.0000e+01 0.437694 -1.79837 0.334738 1.64582 1.64582 -0.752072 1.64582
1.1220e+01 1.20163 -0.416408 1.20163 0.645823 0.645823 -0.354177 0.645823
1.2589e+01 1.96556 -2.03444 1.42071 2.35418 -0.354177 -2.35418 -1.35418
1.4125e+01 0.347524 -1.27051 0.347524 3.35418 -2.35418 -3.35418 -2.35418
1.5849e+01 3.72949 0.493422 3.03046 3.96788 -1.96788 -3.96788 -2.96788
1.7783e+01 2.49342 -0.742646 1.86862 5.96788 -3.96788 -5.96788 -4.96788
1.9953e+01 1.02129 -1.36068 0.711334 5.97215 -2.97215 -5.97215 -4.97215
2.2387e+01 2.78522 -1.21478 1.75901 5.83666 -2.83666 -5.83666 -4.83666
2.5119e+01 4.31308 -2.06888 2.50404 6.83666 -2.44221 -6.83666 -3.44221
2.8184e+01 2.69505 -1.15905 1.69646 6.44221 -3.00822 -6.44221 -3.00822
3.1623e+01 4.84095 -0.63119 3.50096 6.62193 -2.62193 -6.62193 -5.62193
3.5481e+01 2.36881 -2.10333 1.26768 8.62193 -2.32078 -8.62193 -2.32078
3.9811e+01 2.66061 -1.72136 1.68122 4.32078 3.10637 -4.32078 0.106367
4.4668e+01 4.33437 -2.0476 2.48761 4.89363 -0.893633 -4.89363 -2.00181
5.0119e+01 7.00813 -1.7558 3.055 4.00181 2.91972 -4.00181 -0.0802773
5.6234e+01 5.3901 -1.70007 2.69503 8.08028 -1.08028 -8.08028 -7.08028
6.3096e+01 6.06386 -1.26238 3.6597 12.694 -6.69398 -12.694 -8.44549
7.0795e+01 2.11959 -1.88041 0.966707 8.18281 3.75623 -8.18281 -0.243767
7.9433e+01 6.70318 -0.442719 3.68338 10.1452 -1.14515 -10.1452 -9.14515
8.9125e+01 7.0507 -2.09519 3.49792 11.1452 -1.52654 -11.1452 -5.52654
1.0000e+02 8.39823 -1.89357 3.32629 11.5265 0.473077 -11.5265 -4.52692
1.1220e+02 6.78019 -1.78211 3.08424 11.5269 2.25814 -11.5269 -0.741862
1.2589e+02 7.50968 -2.05262 3.0929 11.2368 11.2368 -9.35557 9.2368
1.4125e+02 4.20473 -1.37886 2.23616 12.1996 12.1996 -3.80036 -2.80036
1.5849e+02 9.78832 -1.53791 5.00224 19.8004 -3.80036 -19.8004 -11.4708
1.7783e+02 11.4834 -2.10022 5.41457 14.0215 14.0215 -13.4708 3.02153
1.9953e+02 8.50466 -1.93304 3.93151 14.3426 14.3426 -2.97847 0.342629
2.2387e+02 11.5604 -1.94619 5.03137 13.6574 0.755213 -13.6574 -4.62072
2.5119e+02 8.40133 -2.01507 3.53779 21.4517 21.4517 -14.2344 11.4517
2.8184e+02 11.6242 -1.29874 5.94812 24.5483 10.4517 -24.5483 -23.5483
3.1623e+02 10.9029 -2.07583 4.74952 33.259 5.58382 -33.259 0.583824
3.5481e+02 15.293 -2.0201 7.96961 32.6551 7.34488 -32.6551 -31.6551
3.9811e+02 12.3913 -1.9218 4.95176 35.6051 2.39488 -35.6051 -34.6051
4.4668e+02 13.8847 -2.09401 5.28152 41.4 12.1186 -41.4 -9.66478
5.0119e+02 18.519 -1.99571 9.47612 44.6971 44.6971 -12.4442 8.8326
5.6234e+02 26.6305 -2.0909 12.6228 41.1674 7.8326 -41.1674 -27.0482
6.3096e+02 13.132 -2.11721 5.7226 32.7958 21.8758 -32.7958 -0.124175
7.0795e+02 20.9122 -2.07464 9.11228 36.849 15.151 -36.849 -23.2016
7.9433e+02 22.6367 -2.05025 10.0365 54.3256 31.6744 -54.3256 -53.3256
8.9125e+02 16.4726 -1.97324 8.39435 56.9441 47.9453 -56.9441 -7.77375
1.0000e+03 31.0167 -2.04714 16.9646 74.98 20.6916 -74.98 -73.98
1.1220e+03 28.6429 -2.05719 12.2286 123.98 44.7784 -123.98 9.7784
1.2589e+03 19.5903 -2.10479 7.62976 44.905 15.9165 -44.905 -12.0527
1.4125e+03 21.2064 -2.09858 9.04622 124.238 -3.53874 -124.238 -29.9933
1.5849e+03 23.7029 -2.03162 11.2039 188.566 -22.2469 -188.566 -22.2469
1.7783e+03 41.9928 -2.11366 20.8163 134.834 134.834 -30.1658 -29.1658
1.9953e+03 32.0385 -1.924 12.9963 246.046 -30.1658 -246.046 -184.942
2.2387e+03 51.5462 -2.10936 20.7943 202.228 195.102 -202.228 72.9936
2.5119e+03 37.5625 -2.11631 15.6775 109.472 109.472 -38.2669 34.442
2.8184e+03 38.4847 -2.10699 15.653 115.66 41.9646 -115.66 -29.0354
3.1623e+03 30.7765 -2.11394 10.1376 317.317 317.317 -157.467 268.317
3.5481e+03 96.3675 -1.37321 55.1387 267.317 267.317 -149.293 -148.293
3.9811e+03 36.4589 -2.10033 11.0108 202.409 159.64 -202.409 145.042
4.4668e+03 96.4744 -2.1154 50.0046 346.871 346.871 -25.8805 -24.8805
5.0119e+03 47.7267 -2.10298 22.9448 189.618 168.219 -189.618 -88.5261
5.6234e+03 72.6176 -2.10061 31.85 381.891 -24.3629 -381.891 -130.363
6.3096e+03 76.7702 -2.11258 22.4215 287.087 287.087 -164.363 147.087
7.0795e+03 163.055 -2.07339 93.3428 605.913 146.087 -605.913 -52.8881
7.9433e+03 48.1325 -2.11551 15.8417 261.661 261.661 -190.037 -83.295
8.9125e+03 122.21 -2.11743 56.8717 677.644 150.356 -677.644 -558.317
1.0000e+04 107.077 -2.11076 46.9753 573.317 152.412 -573.317 -536.8
1.1220e+04 81.6799 -2.11726 33.4193 915.455 721.754 -915.455 339.165
1.2589e+04 140.922 -2.11324 55.0866 583.253 583.253 -543.191 -542.191
1.4125e+04 168.492 -2.11544 70.3822 1432.41 856.308 -1432.41 663.308
1.5849e+04 100.647 -2.11764 49.7264 779.268 662.308 -779.268 92.456
1.7783e+04 142.691 -2.10742 48.1289 1029.33 282.539 -1029.33 141.43
1.9953e+04 128.536 -2.11583 58.7378 1563.39 140.43 -1563.39 -1280.86
2.2387e+04 159.473 -2.11611 79.6764 1717.66 1717.66 -1291.86 74.6616
2.5119e+04 252.672 -2.11311 106.066 1735.75 73.6616 -1735.75 -968.4
2.8184e+04 195.836 -2.11796 66.7995 1649.97 1649.97 -1415.88 433.554
3.1623e+04 200.803 -2.11113 86.7511 1665.89 1198.55 -1665.89 644.094
3.5481e+04 202.401 -2.11389 81.4651 2049.97 643.094 -2049.97 -1268.17
3.9811e+04 171.522 -2.11738 47.5091 2628.9 2628.9 -1880.17 2539.9
4.4668e+04 424.428 -2.09491 250.102 2798.59 2798.59 -1538.74 -1537.74
5.0119e+04 325.755 -2.11522 128.487 3436.74 1597.53 -3436.74 -143.488
5.6234e+04 254.054 -2.11177 103.79 2224.58 2224.58 -986.395 -985.395
6.3096e+04 243.14 -2.11746 85.4773 2610.57 2610.57 -2101.53 591.602
7.0795e+04 425.12 -2.11722 174.551 4021.42 1359.64 -4021.42 1302.64
7.9433e+04 290.55 -2.11681 90.7111 4596.67 4596.67 622.189 1364.25
8.9125e+04 562.98 -2.09703 256.055 8852.75 1363.25 -8852.75 -7484.03
1.0000e+05 400.619 -2.11713 157.149 7491.03 4356.89 -7491.03 -1625.26
1.1220e+05 251.825 -2.11648 96.0451 2355.26 1766.94 -2355.26 -1070.06
1.2589e+05 608.662 -2.11652 171.14 4804.95 1217.64 -4804.95 -4803.95
1.4125e+05 538.845 -2.11768 152.678 9722.18 9722.18 -9662.16 8237.1
1.5849e+05 630.482 -2.11675 281.187 8236.1 8236.1 -6733.79 -5487.6
1.7783e+05 414.379 -2.11739 129.759 9397.6 8734.33 -9397.6 8355.01
1.9953e+05 694.179 -2.11743 322.339 9223.58 8500.3 -9223.58 -5806.25
2.2387e+05 702.319 -2.11723 269.745 6172.91 6172.91 -5814.25 -4528.64
2.5119e+05 418.278 -2.11791 131.976 9625.97 -1361.43 -9625.97 -7233.48
2.8184e+05 873.243 -2.11741 286.832 16763 16763 -8002.48 5445.7
3.1623e+05 1741.39 -2.11701 837.671 15915.3 5444.7 -15915.3 -244.086
3.5481e+05 402.928 -2.11767 116.413 10985 10985 -3106.09 2828.24
3.9811e+05 940.145 -2.1179 335.967 14389.6 14389.6 -12335.7 13023.2
4.4668e+05 1056.5 -2.11757 462.053 30474.4 13891.5 -30474.4 -29896.7
5.0119e+05 281.395 -2.11803 81.8456 29908.7 12047 -29908.7 11925.9
5.6234e+05 1677.21 -2.11787 545.54 21958.3 16257.7 -21958.3 -21957.3
6.3096e+05 1608.31 -2.11796 549.966 46240.1 20664.2 -46240.1 14773.6
7.0795e+05 1425.9 -2.11796 474.876 16514.6 16514.6 -11786.9 8334.38
7.9433e+05 759.281 -2.11771 265.036 15451.1 15451.1 -11753.7 -6052.07
8.9125e+05 911.629 -2.1174 280.452 49537 -4859.02 -49537 -4860.02
1.0000e+06 762.171 -2.11675 257.765 48677.6 48677.6 -11733.1 -9641.84
1.1220e+06 1752.66 -2.11803 504.393 42118.3 -1.22793 -42118.3 -42117.3
1.2589e+06 1125.45 -2.11794 315.623 44547.5 44547.5 -42852.3 -2329.94
1.4125e+06 1751.17 -2.11785 402.986 44211.2 34904.1 -44211.2 18097.3
1.5849e+06 1317.23 -2.1176 361.703 52211.3 19262.8 -52211.3 -25337.3
1.7783e+06 1227.1 -2.118 275.325 109463 109463 -30804 105856
1.9953e+06 2962.02 -2.1179 1141.61 105855 105855 -91785.2 -74197.3
2.2387e+06 1621.1 -2.11801 428.825 74273.3 22102 -74273.3 4603.65
2.5119e+06 2283.35 -2.11801 579.498 57303.6 57303.6 -20642.9 -20641.9
2.8184e+06 1923.61 -2.11801 460.418 61922.4 61922.4 -36196 -36195
3.1623e+06 1173.29 -2.11795 325.512 104924 43404.8 -104924 24320.6
3.5481e+06 1837.62 -2.118 554.16 79784.1 79784.1 -3110.85 28876.3
3.9811e+06 2922.1 -2.118 818.543 160267 32199.6 -160267 10601.5
4.4668e+06 2392.62 -2.11799 568.631 121674 121674 -64052.5 1859.69
5.0119e+06 2929.95 -2.11779 807.125 86920.6 86920.6 -61350.9 -30107.1
5.6234e+06 1644.29 -2.11801 440.138 165416 38716.7 -165416 -110808
6.3096e+06 2102.03 -2.11802 401.36 196783 196783 -184814 165315
7.0795e+06 3971.45 -2.11802 1043.14 172930 172930 -55559.5 -25820.3
7.9433e+06 3244.22 -2.11803 764.018 249989 115172 -249989 109848
8.9125e+06 2686.98 -2.11802 596.969 156734 156734 -106362 51514
1.0000e+07 4231.45 -2.11803 1027.65 181093 170643 -181093 -179899
1.1220e+07 2006.03 -2.11802 510.327 202702 18739.5 -202702 -105088
1.2589e+07 3158.06 -2.11801 632.96 352225 352225 -147969 -9379.44
1.4125e+07 7799.55 -2.11801 1899.97 345007 10221.5 -345007 -94522.9
1.5849e+07 3131.58 -2.11801 684.784 321625 321625 -237729 270313
1.7783e+07 8416.88 -2.11803 2220.92 351488 351488 -244901 184138
1.9953e+07 13267.3 -2.118 2897.15 581233 334040 -581233 -269981
2.2387e+07 2974.73 -2.11802 613.978 288615 288615 -279236 194649
2.5119e+07 15367.5 -2.11803 5065.98 764499 574278 -764499 -764498
2.8184e+07 4639.36 -2.118 789.428 824795 270222 -824795 -24619
3.1623e+07 6360.39 -2.11803 1139.59 672147 672147 -215594 246969
3.5481e+07 7321.41 -2.11802 1614.61 639254 367584 -639254 238124
3.9811e+07 7871.56 -2.11803 1564.01 1.20856e+06 328814 -1.20856e+06 165640
4.4668e+07 6387.44 -2.11802 1112.18 707383 707383 84998.5 100529
5.0119e+07 19311.7 -2.11803 5370.66 1.85283e+06 555375 -1.85283e+06 -883926
5.6234e+07 6403.75 -2.11803 1039.51 919337 919337 -887832 -51547.8
6.3096e+07 11271.1 -2.11803 1515.48 796248 796248 -747014 158066
7.0795e+07 8292.16 -2.11803 1361.8 549595 324795 -549595 -301648
7.9433e+07 15549.3 -2.11803 2641.13 1.92807e+06 1.92807e+06 -1.74007e+06 1.90281e+06
8.9125e+07 12918.2 -2.11803 1849.43 2.31777e+06 2.31777e+06 -1.0458e+06 -469823
1.0000e+08 413.743 412.125 413.743 469825 -469824 -469825 -469824
