# pseudoN rho=0.99 X=1e+08 label=r0.99  g-prime sites=5761154 total mult=5761154 max m=1 max a=24 sat=0
# bin_lo  Emax  Emin  Erms  sup|psi-x|  max(psi-x)  min(psi-x)  (psi-x)@end
1.9953e+00 0.01 -0.98 0.01 2.30685 -1.30685 -2.30685 -1.30685
2.8184e+00 0.02 -0.97 0.02 2.20824 -1.20824 -2.20824 -1.20824
3.9811e+00 0.03 -0.96 0.03 2.51509 -1.51509 -2.51509 -1.51509
4.4668e+00 0.04 -0.95 0.04 1.90566 -0.905655 -1.90566 -0.905655
5.6234e+00 0.05 -0.94 0.05 2.90566 -1.90566 -2.90566 -1.90566
6.3096e+00 0.06 -0.93 0.06 1.95975 -0.959745 -1.95975 -0.959745
7.9433e+00 0.07 -0.92 0.07 2.2666 -1.2666 -2.2666 -1.2666
8.9125e+00 0.08 -0.91 0.08 2.16799 -1.16799 -2.16799 -1.16799
1.0000e+01 0.1 -0.9 0.0951315 3.16799 -0.770091 -3.16799 -0.770091
1.1220e+01 0.11 -0.88 0.11 2.77009 -1.77009 -2.77009 -1.77009
1.2589e+01 0.13 -0.87 0.1251 2.20514 -0.205141 -2.20514 -1.20514
1.4125e+01 0.14 -0.85 0.14 3.20514 -2.20514 -3.20514 -2.20514
1.5849e+01 0.16 -0.84 0.155081 3.51199 -0.678781 -3.51199 -0.678781
1.7783e+01 0.18 -0.82 0.175071 2.67878 0.265658 -2.67878 0.265658
1.9953e+01 0.21 -0.8 0.200167 3.73434 -0.734342 -3.73434 -2.73434
2.2387e+01 0.24 -0.77 0.230145 2.59885 -0.598847 -2.59885 -0.98941
2.5119e+01 0.27 -0.74 0.260128 3.8908 -1.8908 -3.8908 -2.8908
2.8184e+01 0.3 -0.71 0.290115 2.5235 0.910486 -2.5235 0.910486
3.1623e+01 0.34 -0.68 0.325192 3.39637 0.603633 -3.39637 -2.39637
3.5481e+01 0.38 -0.64 0.365171 4.39637 -0.785449 -4.39637 -2.78545
3.9811e+01 0.43 -0.6 0.410244 4.78545 0.689323 -4.78545 -0.310677
4.4668e+01 0.49 -0.55 0.465314 3.31068 0.539471 -3.31068 -0.514619
5.0119e+01 0.51 -1.47 0.478801 7.51462 -1.51462 -7.51462 -6.51462
5.6234e+01 -0.38 -1.43 0.410488 9.51462 -3.32621 -9.51462 -5.32621
6.3096e+01 -0.31 -1.36 0.340588 8.63306 -4.42837 -8.63306 -7.42837
7.0795e+01 -0.22 -1.29 0.261279 7.87523 -1.87523 -7.87523 -3.50578
7.9433e+01 -0.12 -1.2 0.167481 7.98833 -1.98833 -7.98833 -3.49969
8.9125e+01 -0.02 -1.1 0.0710634 11.4997 -4.49969 -11.4997 -8.92498
1.0000e+02 0.11 -1 0.06245 10.925 4.35248 -10.925 1.35248
1.1220e+02 0.24 -0.87 0.183848 5.07987 5.07987 -4.52223 -2.91279
1.2589e+02 0.4 -0.74 0.328253 4.91279 3.35419 -4.91279 1.35419
1.4125e+02 0.55 -1.43 0.476661 6.64581 1.37542 -6.64581 -5.62458
1.5849e+02 -0.24 -1.41 0.334515 5.55568 2.37431 -5.55568 -1.62569
1.7783e+02 -0.02 -1.22 0.140178 7.85166 7.85166 -5.23981 7.85166
1.9953e+02 0.22 -1 0.125764 10.7965 6.85166 -10.7965 -5.38931
2.2387e+02 0.5 -0.76 0.373832 9.38931 3.88166 -9.38931 0.505728
2.5119e+02 0.55 -1.43 0.369482 10.8011 4.80996 -10.8011 4.80996
2.8184e+02 0.15 -1.18 0.102956 8.93103 8.93103 -7.03121 6.93103
3.1623e+02 1.29 -1.47 0.792396 11.6899 11.6899 -10.5441 -5.83968
3.5481e+02 -0.03 -1.45 0.275953 10.8397 3.6168 -10.8397 0.564314
3.9811e+02 0.45 -1.01 0.255767 8.42801 3.96741 -8.42801 0.967409
4.4668e+02 0.55 -1.43 0.316098 7.92557 6.64674 -7.92557 1.41576
5.0119e+02 1.39 -1.43 0.642907 19.2406 11.3195 -19.2406 -18.2406
5.6234e+02 0.29 -1.37 0.20137 18.9073 7.74396 -18.9073 -1.6466
6.3096e+02 1.39 -1.47 0.458804 11.2608 8.84824 -11.2608 5.96036
7.0795e+02 1.41 -1.43 0.346357 10.5242 10.5242 -8.7519 -0.474933
7.9433e+02 0.95 -1.47 0.322931 15.4749 4.78064 -15.4749 0.278501
8.9125e+02 1.45 -1.47 0.430583 21.6945 6.34781 -21.6945 -8.33685
1.0000e+03 1.12 -1.41 0.294201 21.6332 21.6332 -16.3369 15.6516
1.1220e+03 0.69 -1.47 0.343644 22.7045 22.7045 -18.8599 -6.96001
1.2589e+03 0.79 -1.41 0.320552 27.96 24.4131 -27.96 -18.4156
1.4125e+03 1.41 -1.47 0.341421 29.4156 3.88248 -29.4156 -7.68908
1.5849e+03 1.92 -1.45 0.466397 25.9514 25.9514 -24.6891 9.91002
1.7783e+03 1.59 -1.41 0.493198 24.3649 24.3649 -19.3318 -7.21464
1.9953e+03 2.26 -1.47 0.416891 34.4762 7.66497 -34.4762 -27.7634
2.2387e+03 1.55 -1.41 0.401307 35.6149 21.7584 -35.6149 -3.75936
2.5119e+03 1.55 -1.47 0.477046 37.9553 21.77 -37.9553 12.77
2.8184e+03 1.4 -1.47 0.399562 34.7487 33.3908 -34.7487 -33.7487
3.1623e+03 1.97 -1.47 0.502323 54.5787 16.3112 -54.5787 -18.0652
3.5481e+03 2.13 -1.47 0.518026 33.9783 31.5367 -33.9783 -2.46328
3.9811e+03 2.54 -1.47 0.499058 23.8892 23.1754 -23.8892 5.77508
4.4668e+03 2.11 -1.47 0.510301 28.2924 22.1596 -28.2924 9.57508
5.0119e+03 2.05 -1.47 0.541468 54.1081 19.1408 -54.1081 -36.1629
5.6234e+03 2.41 -1.47 0.588205 43.5275 37.6698 -43.5275 29.6698
6.3096e+03 2.19 -1.47 0.615248 55.5131 55.5131 -38.4465 25.8436
7.0795e+03 2.25 -1.47 0.532584 39.8748 29.0666 -39.8748 5.28813
7.9433e+03 2.65 -1.47 0.55508 60.7554 48.3314 -60.7554 -4.81639
8.9125e+03 2.47 -1.46 0.620112 53.4484 45.7929 -53.4484 -16.337
1.0000e+04 3.29 -1.47 0.60281 97.1388 97.1388 -59.4832 69.4622
1.1220e+04 4.45 -1.47 0.782194 113.865 77.1088 -113.865 4.17872
1.2589e+04 4.56 -1.47 0.7549 79.3405 63.904 -79.3405 -7.29716
1.4125e+04 3.3 -1.47 0.673448 87.3866 87.3866 -80.9893 62.3866
1.5849e+04 4.69 -1.47 0.911343 81.1286 81.1286 -44.195 -10.5993
1.7783e+04 3.05 -1.48 0.764874 144.671 82.0333 -144.671 -33.3981
1.9953e+04 3.47 -1.47 0.803683 99.8454 54.5547 -99.8454 -33.4766
2.2387e+04 4.91 -1.48 0.799443 149.528 149.528 -112.948 4.05536
2.5119e+04 4.77 -1.47 0.777785 143.008 143.008 -117.272 103.501
2.8184e+04 4.61 -1.47 0.984347 115.954 102.501 -115.954 -98.6132
3.1623e+04 4.55 -1.47 0.958989 163.723 18.4024 -163.723 -18.1605
3.5481e+04 3.91 -1.47 0.799989 132.665 132.665 -61.0504 77.5699
3.9811e+04 5.51 -1.47 0.966706 110.124 110.124 -104.69 -13.9218
4.4668e+04 6.35 -1.48 1.00145 157.075 157.075 -148.306 42.8584
5.0119e+04 4.77 -1.48 1.0754 227.286 75.41 -227.286 -210.302
5.6234e+04 5.95 -1.48 1.0211 331.997 331.997 -219.676 -7.25464
6.3096e+04 5.9 -1.48 1.13795 228.619 155.282 -228.619 75.995
7.0795e+04 6.16 -1.47 1.11552 256.834 132.612 -256.834 -106.641
7.9433e+04 5.72 -1.48 1.12941 181.763 121.221 -181.763 -97.0393
8.9125e+04 7.77 -1.47 1.19404 253.196 253.196 -138.446 49.3065
1.0000e+05 5.97 -1.48 1.22783 227.56 227.56 -130.361 146.489
1.1220e+05 5.84 -1.48 1.18922 404.535 161.293 -404.535 -1.64945
1.2589e+05 6.97 -1.48 1.26884 439.644 337.78 -439.644 -349.085
1.4125e+05 7.64 -1.48 1.35624 425.433 346.017 -425.433 157.849
1.5849e+05 7.19 -1.48 1.29803 329.053 329.053 -184.762 2.64024
1.7783e+05 7.57 -1.48 1.34616 389.126 74.5081 -389.126 -182.996
1.9953e+05 8.44 -1.48 1.47123 281.792 258.441 -281.792 41.8643
2.2387e+05 8.91 -1.48 1.5318 336.42 336.42 -162.226 -3.23654
2.5119e+05 7.57 -1.48 1.49518 481.291 481.291 -348.61 465.389
2.8184e+05 9.25 -1.48 1.58531 565.445 549.377 -565.445 -387.695
3.1623e+05 7.95 -1.48 1.57825 585.869 585.869 -450.581 -37.1011
3.5481e+05 8.79 -1.48 1.6076 698.572 698.572 -220.644 110.852
3.9811e+05 9.45 -1.48 1.68177 594.364 558.329 -594.364 370.105
4.4668e+05 8.81 -1.48 1.73555 696.159 381.153 -696.159 -56.5569
5.0119e+05 11.24 -1.48 1.78561 496.864 496.864 -475.166 74.0039
5.6234e+05 18.2 -1.48 1.90797 927.674 927.674 -392.906 -59.7283
6.3096e+05 14.25 -1.48 1.96756 735.068 605.155 -735.068 501.214
7.0795e+05 9.81 -1.48 1.94104 1024.11 857.058 -1024.11 36.0421
7.9433e+05 13.49 -1.48 1.95525 841.296 841.296 -571.267 -478.863
8.9125e+05 12.95 -1.48 2.01972 1341.23 1341.23 -489.492 463.591
1.0000e+06 12.91 -1.48 2.08542 881.61 529.246 -881.61 -645.558
1.1220e+06 14.99 -1.48 2.20725 1102 406.166 -1102 161.313
1.2589e+06 14.93 -1.48 2.21046 1549.14 1549.14 -1003.66 -233.013
1.4125e+06 13.55 -1.48 2.27807 1425.14 1425.14 -988.305 411.456
1.5849e+06 15.97 -1.48 2.32372 1463.42 471.108 -1463.42 -699.156
1.7783e+06 17.07 -1.48 2.31881 1162.83 576.816 -1162.83 -782.252
1.9953e+06 14.75 -1.48 2.43822 1524.76 1524.76 -1113.23 -45.5475
2.2387e+06 16.29 -1.48 2.55067 1889.21 1889.21 -962.472 -696.99
2.5119e+06 21.32 -1.48 2.60999 1648.39 1648.39 -1626.35 -415.383
2.8184e+06 17.93 -1.48 2.57577 2642.31 1284.29 -2642.31 986.016
3.1623e+06 20.21 -1.48 2.63298 2204.34 2204.34 -1149.51 -767.689
3.5481e+06 20.99 -1.48 2.74281 2207.64 2207.64 -1783.07 -1011.64
3.9811e+06 24.1 -1.48 2.86719 2265 1722.3 -2265 1160.54
4.4668e+06 18.6 -1.48 2.87029 3087.41 2411.18 -3087.41 -638.01
5.0119e+06 23.76 -1.48 2.92683 2059.89 2059.89 -1045.74 249.122
5.6234e+06 21.96 -1.48 2.97191 3388.14 3388.14 -1573.39 -1076.27
6.3096e+06 23.64 -1.48 3.08112 4407.52 2168.02 -4407.52 412.887
7.0795e+06 23.88 -1.48 3.16763 3431.82 2325.12 -3431.82 778.381
7.9433e+06 24.66 -1.48 3.21475 3183.71 3183.71 -1337.97 14.8869
8.9125e+06 27.79 -1.48 3.33538 2700.21 2700.21 -2081.94 188.069
1.0000e+07 27.87 -1.48 3.35615 3462.01 2887.29 -3462.01 1142.16
1.1220e+07 29.52 -1.48 3.48657 3586.21 2653.71 -3586.21 -339.785
1.2589e+07 27.81 -1.48 3.52213 4940.81 4940.81 -4689.52 -2179.44
1.4125e+07 31.35 -1.48 3.60076 7288.16 7288.16 -3231.36 -1880.66
1.5849e+07 30.65 -1.48 3.70466 5783.99 4161.54 -5783.99 1074.89
1.7783e+07 32.84 -1.48 3.79301 6286.2 6286.2 -3654.5 2509.16
1.9953e+07 34.84 -1.48 3.85802 6905.71 6905.71 -5587.52 -2947.57
2.2387e+07 29.9 -1.48 3.85504 6174.77 6174.77 -5253.56 805.209
2.5119e+07 32.8 -1.48 4.02522 7080.15 5425.33 -7080.15 -23.1432
2.8184e+07 29.19 -1.48 4.03406 8793.25 3489.08 -8793.25 1681.35
3.1623e+07 32.09 -1.48 4.14744 12014.9 12014.9 -4788.94 -1540.64
3.5481e+07 34.62 -1.48 4.29841 9285.85 6139.88 -9285.85 -6815.64
3.9811e+07 34.03 -1.48 4.29995 7745.55 7745.55 -7725.28 4885.65
4.4668e+07 34.99 -1.48 4.42167 7373.57 6353.43 -7373.57 -817.494
5.0119e+07 41.29 -1.48 4.46421 10380.2 10380.2 -7690.69 -5442.99
5.6234e+07 41.44 -1.48 4.5662 9953.27 7416.19 -9953.27 -706.403
6.3096e+07 46.39 -1.48 4.6483 15227.3 12678.3 -15227.3 -1742.91
7.0795e+07 49.72 -1.48 4.79343 12250.6 7557.57 -12250.6 2720.91
7.9433e+07 47.81 -1.48 4.8986 15841 15841 -8734.81 -4902.62
8.9125e+07 45.69 -1.48 4.98295 9646.15 8797.48 -9646.15 -7332.45
1.0000e+08 1.99 1 1.99 7334.45 -7333.45 -7334.45 -7333.45
