# pseudoN rho=1.5 X=1e+08 label=r1.5  g-prime sites=4165359 total mult=5768909 max m=2 max a=622 sat=0
# bin_lo  Emax  Emin  Erms  sup|psi-x|  max(psi-x)  min(psi-x)  (psi-x)@end
1.9953e+00 0.5 -1 0.5 1.61371 -0.613706 -1.61371 -0.613706
2.8184e+00 0 -1.5 0 1.51509 -0.515093 -1.51509 -0.515093
3.9811e+00 1.5 0 1.5 1.1288 -0.128799 -1.1288 -0.128799
4.4668e+00 0 -1.5 0 2.1288 -1.1288 -2.1288 -1.1288
5.6234e+00 0.5 -1 0.5 3.1288 -2.1288 -3.1288 -2.1288
6.3096e+00 0 -1.5 0 2.18289 -1.18289 -2.18289 -1.18289
7.9433e+00 2.5 1 2.5 1.79659 -0.796594 -1.79659 -0.796594
8.9125e+00 2 0.5 2 1.69798 -0.697982 -1.69798 -0.697982
1.0000e+01 0.5 -1.5 0.353553 2.69798 -0.300087 -2.69798 -0.300087
1.1220e+01 1.5 0 1.5 2.30009 -1.30009 -2.30009 -1.30009
1.2589e+01 0.5 -1.5 0.353553 4.30009 -2.30009 -4.30009 -3.30009
1.4125e+01 0 -1.5 0 2.59204 -1.59204 -2.59204 -1.59204
1.5849e+01 3.5 0.5 2.85044 3.20574 -1.20574 -3.20574 -2.20574
1.7783e+01 2.5 -0.5 1.90394 5.20574 -3.20574 -5.20574 -4.20574
1.9953e+01 0.5 -1.5 0.408248 5.21001 -2.21001 -5.21001 -4.21001
2.2387e+01 2.5 -1.5 1.55456 5.07452 -2.07452 -5.07452 -4.07452
2.5119e+01 1.5 -1.5 0.912871 3.71781 -1.71781 -3.71781 -2.71781
2.8184e+01 0.5 -1.5 0.288675 5.71781 -2.28382 -5.71781 -2.28382
3.1623e+01 4.5 -0.5 3.29773 5.89753 -1.89753 -5.89753 -4.89753
3.5481e+01 2.5 -1.5 1.36931 7.89753 -1.59638 -7.89753 -1.59638
3.9811e+01 1.5 -1.5 0.74162 3.59638 1.87839 -3.59638 0.878395
4.4668e+01 3.5 -1.5 2.11148 4.1757 -0.121605 -4.1757 -3.1757
5.0119e+01 2.5 -1.5 1.06066 6.1757 -0.19807 -6.1757 -1.19807
5.6234e+01 2.5 -1.5 1.2956 3.93991 3.93991 -3.19807 -0.0600898
6.3096e+01 6.5 -1 4.20883 6.6738 0.326205 -6.6738 -5.6738
7.0795e+01 2.5 -1.5 1.05409 5.41112 2.21044 -5.41112 -1.78956
7.9433e+01 2.5 -1.5 1.23491 8.69095 -2.69095 -8.69095 -6.22504
8.9125e+01 4.5 -1.5 2.37171 11.225 -3.12787 -11.225 -7.12787
1.0000e+02 3.5 -1.5 1.32288 10.1279 2.7568 -10.1279 -1.53367
1.1220e+02 4.5 -1.5 2.31218 8.53367 -2.53367 -8.53367 -7.35665
1.2589e+02 7.5 -1.5 3.67423 17.9704 -2.2255 -17.9704 -2.2255
1.4125e+02 3.5 -1.5 1.46026 5.26265 3.802 -5.26265 0.802001
1.5849e+02 3.5 -1.5 1.89529 11.198 -0.197999 -11.198 -7.92054
1.7783e+02 5.5 -1.5 1.93942 20.4588 -8.71105 -20.4588 -19.4588
1.9953e+02 3.5 -1.5 1.70783 10.8621 8.3709 -10.8621 -0.869387
2.2387e+02 6.5 -1.5 3.17074 19.5863 -0.161337 -19.5863 -14.0608
2.5119e+02 7.5 -1.5 2.61247 19.1985 19.1985 -17.5959 13.1985
2.8184e+02 7.5 -1.5 3.01188 17.1145 12.1985 -17.1145 -16.1145
3.1623e+02 4.5 -1.5 2.03101 20.3493 1.48995 -20.3493 -11.5641
3.5481e+02 6.5 -1.5 2.17684 21.6192 21.6192 -15.5641 21.6192
3.9811e+02 8.5 -1.5 4.71699 28.6039 28.6039 -18.3961 -17.3961
4.4668e+02 8.5 -1.5 3.45556 30.3961 1.68061 -30.3961 1.68061
5.0119e+02 8.5 -1.5 2.9302 15.997 15.997 -8.003 -4.67685
5.6234e+02 11.5 -1.5 5.01102 24.6768 15.7218 -24.6768 -15.2782
6.3096e+02 6.5 -1.5 2.39724 30.6491 -0.920521 -30.6491 -10.9167
7.0795e+02 8.5 -1.5 2.65443 29.0076 29.0076 -13.9167 29.0076
7.9433e+02 16.5 -1.5 9.03316 50.9924 28.0076 -50.9924 -34.111
8.9125e+02 10.5 -1.5 3.69121 39.5196 31.8453 -39.5196 11.8453
1.0000e+03 9.5 -1.5 3.18597 42.1409 10.8453 -42.1409 -12.0615
1.1220e+03 14.5 -1.5 6.05064 82.4829 -0.611389 -82.4829 -55.9362
1.2589e+03 8.5 -1.5 2.96544 53.7981 32.9547 -53.7981 7.95469
1.4125e+03 12.5 -1.5 4.45749 55.6641 37.3244 -55.6641 -54.6641
1.5849e+03 15.5 -1.5 6.20785 148.664 46.7418 -148.664 15.7418
1.7783e+03 14.5 -1.5 4.63308 44.6217 14.7418 -44.6217 -23.8495
1.9953e+03 10.5 -1.5 4.46039 50.0397 50.0397 -27.0523 11.0397
2.2387e+03 21.5 -1.5 8.78248 119.075 22.9792 -119.075 -18.5166
2.5119e+03 12.5 -1.5 4.14929 56.8352 56.8352 -44.1704 -14.3209
2.8184e+03 12.5 -1.5 5.77937 105.786 32.143 -105.786 -42.0626
3.1623e+03 24.5 -1.5 7.32468 82.5858 76.3529 -82.5858 -11.8279
3.5481e+03 19.5 -1.5 6.02708 68.1858 68.1858 -25.4513 15.8857
3.9811e+03 18.5 -1.5 6.8049 134.803 60.6259 -134.803 -133.803
4.4668e+03 21.5 -1.5 6.38964 255.205 255.205 -190.803 219.205
5.0119e+03 24.5 -1.5 8.20116 232.245 232.245 -123.376 -75.084
5.6234e+03 17.5 -1.5 7.20268 153.633 16.2698 -153.633 -70.0002
6.3096e+03 36.5 -1.5 10.7091 126.246 28.8681 -126.246 -117.381
7.0795e+03 22.5 -1.5 7.53034 127.361 127.361 -126.381 -104.047
7.9433e+03 28.5 -1.5 9.49473 201.798 62.2645 -201.798 -179.124
8.9125e+03 31.5 -1.5 7.72466 233.314 233.314 -205.124 36.9262
1.0000e+04 36.5 -1.5 12.382 249.155 38.5838 -249.155 -66.1022
1.1220e+04 44.5 -1.5 12.0618 238.619 148.553 -238.619 -29.0765
1.2589e+04 37.5 -1.5 10.8362 328.362 328.362 -79.6577 58.2271
1.4125e+04 31.5 -1.5 12.1826 496.348 291.157 -496.348 -495.348
1.5849e+04 35.5 -1.5 10.1367 500.348 248.267 -500.348 115.664
1.7783e+04 44.5 -1.5 12.8231 421.818 421.818 -277.404 -184.744
1.9953e+04 39.5 -1.5 13.179 581.902 57.598 -581.902 -199.554
2.2387e+04 63.5 -1.5 15.7797 471.899 471.899 -320.903 456.899
2.5119e+04 48.5 -1.5 15.36 455.899 455.899 -257.455 186.569
2.8184e+04 70.5 -1.5 20.9615 580.033 293.531 -580.033 21.8648
3.1623e+04 54.5 -1.5 14.8904 641.451 641.451 -498.88 -91.4975
3.5481e+04 70.5 -1.5 18.5441 445.864 355.297 -445.864 -96.2019
3.9811e+04 72.5 -1.5 19.1373 723.079 444.008 -723.079 -138.853
4.4668e+04 87.5 -1.5 19.8951 1035.57 1035.57 -299.189 568.568
5.0119e+04 95.5 -1.5 27.0198 1197.71 567.568 -1197.71 -686.83
5.6234e+04 97.5 -1.5 23.0699 1654.66 969.739 -1654.66 917.94
6.3096e+04 83.5 -1.5 18.9411 1234.22 1234.22 -422.149 515.608
7.0795e+04 100.5 -1.5 28.4378 1371.32 820.835 -1371.32 -236.682
7.9433e+04 119.5 -1.5 28.708 1148.47 977.133 -1148.47 939.005
8.9125e+04 80.5 -1.5 25.7033 1008.79 1008.79 -865.367 -864.367
1.0000e+05 114.5 -1.5 29.6754 1933.7 230.972 -1933.7 -179.028
1.1220e+05 122.5 -1.5 26.9735 1366.32 1366.32 -1214.65 950.276
1.2589e+05 97.5 -1.5 26.4171 1704.09 949.276 -1704.09 -240.263
1.4125e+05 165.5 -1.5 42.8404 1908.41 135.147 -1908.41 -482.731
1.5849e+05 154.5 -1.5 33.0039 2646.92 2646.92 -1604.78 270.869
1.7783e+05 117.5 -1.5 36.5309 3377.13 1864.01 -3377.13 -3006.04
1.9953e+05 137.5 -1.5 41.482 3100 935.134 -3100 243.993
2.2387e+05 176.5 -1.5 36.836 2612.83 2612.83 -469.43 628.253
2.5119e+05 159.5 -1.5 36.4668 2763.36 765.825 -2763.36 -1066.27
2.8184e+05 184.5 -1.5 49.4831 3465.42 1384.66 -3465.42 835.279
3.1623e+05 152.5 -1.5 40.7344 4737.73 4737.73 -2561.04 -2560.04
3.5481e+05 175.5 -1.5 43.008 5651.52 1392.17 -5651.52 -258.049
3.9811e+05 248.5 -1.5 56.6041 4383.29 4383.29 -1945.35 1136.49
4.4668e+05 251.5 -1.5 56.0683 3236.36 2425.68 -3236.36 -1885.11
5.0119e+05 173.5 -1.5 42.1564 4648.52 83.6792 -4648.52 -1641.01
5.6234e+05 284.5 -1.5 56.8686 5449.53 5449.53 -3397.12 2846.78
6.3096e+05 304.5 -1.5 71.6648 7623.02 5617.41 -7623.02 -5508.9
7.0795e+05 230.5 -1.5 51.7015 8284.71 2238.48 -8284.71 -650.873
7.9433e+05 369.5 -1.5 70.8137 5576.93 5576.93 -2594.36 1836.25
8.9125e+05 365.5 -1.5 68.9726 7927.51 5204.94 -7927.51 -3432.64
1.0000e+06 321.5 -1.5 61.6682 8491.28 6222.78 -8491.28 5047.94
1.1220e+06 320.5 -1.5 72.3153 10754.5 10754.5 -2897.21 -1126.44
1.2589e+06 401.5 -1.5 82.5607 14525.1 1895.86 -14525.1 -3297.89
1.4125e+06 328.5 -1.5 63.058 8758.15 8758.15 -3837.89 5682.42
1.5849e+06 519.5 -1.5 100.894 8094.18 8094.18 -5469.36 1891.68
1.7783e+06 381.5 -1.5 77.7429 12250.3 3110.66 -12250.3 -7794.07
1.9953e+06 469.5 -1.5 92.5356 17477.3 17477.3 -13631.7 10223.3
2.2387e+06 469.5 -1.5 93.742 13775.5 13775.5 -10079.5 -5014.6
2.5119e+06 494.5 -1.5 94.3218 17670.7 5423.14 -17670.7 3742.26
2.8184e+06 419.5 -1.5 86.9991 14423.4 14423.4 -6544.35 3958.17
3.1623e+06 660.5 -1.5 151.983 23398.7 20368 -23398.7 -6920.19
3.5481e+06 485.5 -1.5 91.5241 21628.1 6812.63 -21628.1 2427.15
3.9811e+06 550.5 -1.5 112.901 30695.4 30695.4 -8168.22 1143.45
4.4668e+06 762.5 -1.5 118.405 28584.2 3728.82 -28584.2 1411.96
5.0119e+06 640.5 -1.5 112.839 25328.8 25328.8 -25205 8949.22
5.6234e+06 581.5 -1.5 114.348 25666.8 25666.8 -5238.21 6573.59
6.3096e+06 928.5 -1.5 145.764 57398.5 8463.34 -57398.5 -6552.14
7.0795e+06 759.5 -1.5 124.772 37639.6 37639.6 -22110.5 13203
7.9433e+06 609.5 -1.5 130.835 49443 49443 -28533.6 -17072.6
8.9125e+06 845.5 -1.5 154.802 45331.3 20197 -45331.3 -17622.2
1.0000e+07 1062 -1.5 148.174 42508.4 42508.4 -41706.1 21045.1
1.1220e+07 906.5 -1.5 151.683 43546.4 43076 -43546.4 -37833.1
1.2589e+07 1028.5 -1.5 164.244 63114.9 22990.6 -63114.9 -4257.01
1.4125e+07 1186.5 -1.5 161.562 57280.3 57280.3 -15793.2 -11645.3
1.5849e+07 1326.5 -1.5 171.062 69660.2 21600.3 -69660.2 -40676.7
1.7783e+07 1281.5 -1.5 185.397 68177.4 32572.7 -68177.4 8841.59
1.9953e+07 1372.5 -1.5 176.47 99789.7 99789.7 -7700.92 1678.31
2.2387e+07 1618.5 -1.5 209.97 102509 23551.2 -102509 -63249
2.5119e+07 1548.5 -1.5 199.093 101695 101695 -84935.5 53916.8
2.8184e+07 1252.5 -1.5 196.594 91220.5 89040 -91220.5 -83274.5
3.1623e+07 1937.5 -1.5 213.976 83296.5 14679.2 -83296.5 -36792.4
3.5481e+07 2033.5 -1.5 242.107 90433.4 90433.4 -89640.6 79883.1
3.9811e+07 1397.5 -1.5 218.625 167070 167070 -91523.5 -71408.2
4.4668e+07 2134.5 -1.5 235.131 155075 20808.7 -155075 -15283.3
5.0119e+07 2347.5 -1.5 287.58 164508 164508 -57696.2 10255.3
5.6234e+07 1935.5 -1.5 248.469 188276 85200 -188276 -85793.9
6.3096e+07 1915.5 -1.5 235.909 134049 76046 -134049 73450.4
7.0795e+07 1764.5 -1.5 272.008 244428 244428 -52825.6 100496
7.9433e+07 3604.5 -1.5 345.439 246629 110382 -246629 -89000.2
8.9125e+07 2270.5 -1.5 261.544 237434 237434 -223934 136109
1.0000e+08 441.5 440 441.5 136108 136108 136107 136108
