# pseudoN rho=0.52 X=1e+08 label=r0.52  g-prime sites=5761241 total mult=5761241 max m=1 max a=187 sat=0
# bin_lo  Emax  Emin  Erms  sup|psi-x|  max(psi-x)  min(psi-x)  (psi-x)@end
1.9953e+00 0.48 -0.04 0.48 2.30685 -1.30685 -2.30685 -1.30685
2.8184e+00 -0.04 -0.56 0.04 3.30685 -2.30685 -3.30685 -2.30685
3.9811e+00 0.44 -0.08 0.44 3.61371 -2.61371 -3.61371 -2.61371
4.4668e+00 -0.08 -0.6 0.08 4.61371 -3.61371 -4.61371 -3.61371
5.6234e+00 0.4 -0.12 0.4 3.82195 -2.82195 -3.82195 -2.82195
6.3096e+00 -0.12 -0.64 0.12 4.82195 -3.82195 -4.82195 -3.82195
7.9433e+00 0.36 -0.16 0.36 5.1288 -4.1288 -5.1288 -4.1288
8.9125e+00 -0.16 -0.68 0.16 6.1288 -5.1288 -6.1288 -5.1288
1.0000e+01 0.32 -0.72 0.266833 5.82621 -3.82621 -5.82621 -4.82621
1.1220e+01 0.28 -0.24 0.28 6.82621 -5.82621 -6.82621 -5.82621
1.2589e+01 0.24 -0.76 0.24 7.82621 -5.18716 -7.82621 -5.18716
1.4125e+01 -0.28 -0.8 0.28 7.18716 -6.18716 -7.18716 -6.18716
1.5849e+01 0.2 -0.84 0.266833 8.49401 -6.49401 -8.49401 -7.49401
1.7783e+01 0.16 -0.88 0.278568 7.60364 -5.60364 -7.60364 -6.60364
1.9953e+01 0.12 -0.92 0.245493 9.60364 -6.5126 -9.60364 -6.5126
2.2387e+01 0.04 -1 0.376652 10.5126 -7.5126 -10.5126 -9.5126
2.5119e+01 0.96 -0.52 0.619677 8.2545 -4.95866 -8.2545 -5.95866
2.8184e+01 0.44 -0.6 0.34641 8.95866 -5.52467 -8.95866 -5.52467
3.1623e+01 0.88 -0.68 0.507937 8.83153 -5.27618 -8.83153 -5.27618
3.5481e+01 1.8 -0.28 1.17405 8.48442 -4.48442 -8.48442 -7.48442
3.9811e+01 0.72 -0.84 0.468188 11.4844 -7.72322 -11.4844 -8.72322
4.4668e+01 0.56 -1 0.347946 11.8731 -7.87307 -11.8731 -10.8731
5.0119e+01 0.48 -0.6 0.314113 13.9412 -7.94125 -13.9412 -12.9412
5.6234e+01 0.36 -0.76 0.252982 16.8808 -10.8808 -16.8808 -15.8808
6.3096e+01 0.24 -0.88 0.252982 18.1877 -11.7785 -18.1877 -13.7785
7.0795e+01 1.08 -1 0.505261 19.7785 -9.73451 -19.7785 -9.73451
7.9433e+01 0.92 -0.64 0.5755 16.3157 -9.31567 -16.3157 -15.3157
8.9125e+01 0.64 -0.96 0.350999 17.3157 -10.2722 -17.3157 -11.6771
1.0000e+02 1.36 -0.72 0.53008 18.7111 -10.3745 -18.7111 -17.7111
1.1220e+02 0.24 -1 0.29057 19.7111 -13.4002 -19.7111 -16.4002
1.2589e+02 1.88 -0.76 0.899166 15.1513 -7.15135 -15.1513 -12.2169
1.4125e+02 1.64 -1 0.592105 20.2169 -12.1956 -20.2169 -19.1956
1.5849e+02 0.48 -1 0.28786 26.0958 -17.6248 -26.0958 -17.6248
1.7783e+02 1.8 -0.88 0.7868 25.217 -14.4374 -25.217 -21.305
1.9953e+02 2.2 -0.96 0.72682 28.5111 -17.6688 -28.5111 -27.5111
2.2387e+02 0.96 -1 0.440454 30.5111 -11.7592 -30.5111 -11.7592
2.5119e+02 2.24 -1 1.05754 34.0661 -12.7592 -34.0661 -24.2085
2.8184e+02 1.88 -1 0.7639 31.7811 -15.7811 -31.7811 -30.7811
3.1623e+02 1.56 -0.96 0.700556 32.7811 -12.4348 -32.7811 -19.4348
3.5481e+02 2.6 -1 0.758923 36.5268 -18.7817 -36.5268 -21.8028
3.9811e+02 2.88 -1 0.968676 31.7964 -14.5789 -31.7964 -21.3872
4.4668e+02 1.8 -1 0.763628 42.6034 -14.1732 -42.6034 -36.3868
5.0119e+02 2.44 -1 0.848358 52.6936 -21.2199 -52.6936 -33.9081
5.6234e+02 2.64 -1 0.988237 42.9357 -20.3557 -42.9357 -25.1783
6.3096e+02 2.56 -1 0.861397 45.9506 -22.7862 -45.9506 -40.391
7.0795e+02 4.68 -1 1.0918 47.7332 -21.7332 -47.7332 -44.7438
7.9433e+02 3.12 -1 0.806816 62.2415 -25.0079 -62.2415 -27.0079
8.9125e+02 2.28 -1 0.796018 59.9044 -22.2134 -59.9044 -42.3758
1.0000e+03 3.12 -1 1.00941 52.048 -20.9808 -52.048 -51.0277
1.1220e+03 3.76 -1 0.920844 60.0277 -32.7345 -60.0277 -34.7345
1.2589e+03 4.68 -1 1.42812 65.5786 -35.7345 -65.5786 -64.5786
1.4125e+03 4.84 -1 1.26081 77.6716 -34.9855 -77.6716 -46.519
1.5849e+03 4.32 -1 1.02763 57.519 -10.8793 -57.519 -40.1341
1.7783e+03 4.76 -1 1.62216 89.2756 -27.8729 -89.2756 -34.3238
1.9953e+03 4.76 -1 1.26105 80.3718 -28.7244 -80.3718 -50.5076
2.2387e+03 5 -1 1.35876 90.661 -31.908 -90.661 -74.8128
2.5119e+03 6.08 -1 1.44258 106.975 -45.744 -106.975 -67.5493
2.8184e+03 4.2 -1 1.17359 96.9558 -24.2303 -96.9558 -35.2303
3.1623e+03 4.56 -1 1.27274 118.423 -36.2303 -118.423 -116.635
3.5481e+03 4.76 -1 1.39049 141.285 -40.6524 -141.285 -97.1568
3.9811e+03 4.24 -1 1.19188 129.539 -50.8337 -129.539 -93.218
4.4668e+03 6.48 -1 1.40278 137.48 -49.3281 -137.48 -75.2747
5.0119e+03 7.64 -1 1.94287 147.804 3.71954 -147.804 -104.15
5.6234e+03 7.72 -1 1.40658 159.779 -51.651 -159.779 -148.788
6.3096e+03 5.6 -1 1.43429 174.303 -28.9759 -174.303 -77.5347
7.0795e+03 6.96 -1 1.7771 178.952 -54.1882 -178.952 -73.7759
7.9433e+03 9.2 -1 1.72747 177.999 -57.9954 -177.999 -174.542
8.9125e+03 6.6 -1 1.67499 193.349 -68.6067 -193.349 -149.864
1.0000e+04 8.76 -1 1.82892 265.891 -46.45 -265.891 -48.45
1.1220e+04 6.96 -1 1.71495 228.727 -28.1505 -228.727 -154.694
1.2589e+04 9.32 -1 1.94232 215.087 -47.9732 -215.087 -180.92
1.4125e+04 9.4 -1 1.89437 238.801 -56.2513 -238.801 -139.842
1.5849e+04 11.88 -1 2.00975 264.817 -115.915 -264.817 -157.639
1.7783e+04 13.68 -1 2.21574 314.776 -70.7559 -314.776 -232.63
1.9953e+04 10.32 -1 1.91764 289.59 -32.5761 -289.59 -113.425
2.2387e+04 12.56 -1 2.17314 399.281 -54.7712 -399.281 -148.383
2.5119e+04 15.12 -1 2.33708 348.827 -85.951 -348.827 -253.145
2.8184e+04 9.76 -1 2.18437 434.524 -82.6169 -434.524 -407.719
3.1623e+04 13.24 -1 2.37862 460.26 -16.0742 -460.26 -202.898
3.5481e+04 12.84 -1 2.32289 384.439 -95.8045 -384.439 -108.804
3.9811e+04 14.12 -1 2.54351 479.805 -37.8789 -479.805 -426.028
4.4668e+04 15.6 -1 2.45496 497.567 -20.112 -497.567 -271.81
5.0119e+04 11.72 -1 2.39486 486.425 -104.227 -486.425 -173.901
5.6234e+04 14 -1 2.46667 564.5 -174.901 -564.5 -226.922
6.3096e+04 14.96 -1 2.61097 673.145 102.674 -673.145 -459.68
7.0795e+04 12.64 -1 2.54359 548.429 -86.697 -548.429 -381.68
7.9433e+04 15.72 -1 2.6929 870.002 -166.245 -870.002 -236.944
8.9125e+04 19.68 -1 2.84568 677.655 74.6302 -677.655 -243.389
1.0000e+05 12.92 -1 2.80301 589.41 -119.105 -589.41 -552.874
1.1220e+05 14.48 -1 2.88428 775.314 39.0755 -775.314 -478.554
1.2589e+05 22.32 -1 3.03252 1284.63 -73.0791 -1284.63 -224.47
1.4125e+05 20.76 -1 3.16922 870.587 114.034 -870.587 -789.267
1.5849e+05 19.96 -1 2.96241 928.995 121.922 -928.995 -716.78
1.7783e+05 18.48 -1 3.14189 1056.67 197.679 -1056.67 -187.839
1.9953e+05 21.84 -1 3.16278 1087.94 -102.334 -1087.94 -687.522
2.2387e+05 18.92 -1 3.35594 1571.95 78.7383 -1571.95 -914.519
2.5119e+05 22.12 -1 3.31746 1023.73 393.969 -1023.73 -269.828
2.8184e+05 32 -1 3.62765 1467.28 -264.272 -1467.28 -352.849
3.1623e+05 20.72 -1 3.46148 1587.19 204.183 -1587.19 -661.09
3.5481e+05 26.44 -1 3.77615 2009.17 -70.7727 -2009.17 -1948.33
3.9811e+05 25.6 -1 3.57806 2282.57 54.2055 -2282.57 -388.966
4.4668e+05 29.92 -1 3.8205 2098.23 353.55 -2098.23 -210.905
5.0119e+05 26.4 -1 3.82854 2181.26 376.469 -2181.26 -1956.48
5.6234e+05 36.48 -1 4.07679 2115.04 69.4302 -2115.04 -957.331
6.3096e+05 27.2 -1 3.94691 2418.88 488.947 -2418.88 478.947
7.0795e+05 27.24 -1 4.23289 2135.37 597.612 -2135.37 -951.266
7.9433e+05 32 -1 4.21856 2313.56 1195.29 -2313.56 -1911.71
8.9125e+05 38.4 -1 4.4483 3018.52 900.886 -3018.52 -306.481
1.0000e+06 35.28 -1 4.47458 3188.15 -305.178 -3188.15 -616.86
1.1220e+06 40.44 -1 4.68964 2913.97 590.242 -2913.97 -1464.84
1.2589e+06 34.24 -1 4.64875 2645.69 580.249 -2645.69 -1980.97
1.4125e+06 42.84 -1 4.86065 3909.82 740.718 -3909.82 -430.01
1.5849e+06 38.68 -1 4.94477 5169.87 350.522 -5169.87 -1053.7
1.7783e+06 42.4 -1 5.0423 4005.32 1249.28 -4005.32 -3843.72
1.9953e+06 41.04 -1 5.18614 5156.39 1282.69 -5156.39 -1717.32
2.2387e+06 44.72 -1 5.35974 4510.92 1793.29 -4510.92 -893.271
2.5119e+06 45.76 -1 5.4283 5796.27 535.617 -5796.27 -3720.2
2.8184e+06 59.16 -1 5.55679 5242.92 2097.57 -5242.92 -3712.17
3.1623e+06 51.6 -1 5.5664 5086.45 2375.9 -5086.45 -890.814
3.5481e+06 49.6 -1 5.74614 6430.94 162.737 -6430.94 103.131
3.9811e+06 62.48 -1 5.95591 7714.38 2783.75 -7714.38 -1720.81
4.4668e+06 61.92 -1 6.16666 6797.84 2771.78 -6797.84 -6414.46
5.0119e+06 63 -1 6.17882 8546.76 3274.15 -8546.76 1480.25
5.6234e+06 68.8 -1 6.38969 10367 2816.16 -10367 1045.32
6.3096e+06 68.68 -1 6.53616 9798.26 3074.26 -9798.26 -9797.26
7.0795e+06 68.12 -1 6.63299 10723 2489.42 -10723 -2097.2
7.9433e+06 92.44 -1 6.7995 11830.5 4993.74 -11830.5 4379.18
8.9125e+06 74.32 -1 6.97757 12863.9 4989.92 -12863.9 -8335.56
1.0000e+07 79.52 -1 7.11891 12532.1 6836.18 -12532.1 -12435.5
1.1220e+07 85.96 -1 7.30165 13820 8494.64 -13820 346.981
1.2589e+07 81.4 -1 7.45125 11567.2 1431.64 -11567.2 -1540.77
1.4125e+07 100.72 -1 7.62774 13742.2 6505.4 -13742.2 -9408.26
1.5849e+07 104.36 -1 7.83166 12546.7 9242.19 -12546.7 -8127.02
1.7783e+07 95.52 -1 7.94413 18467.4 3824.74 -18467.4 3460.79
1.9953e+07 113.52 -1 8.2381 21863.2 11355.3 -21863.2 -7042.23
2.2387e+07 98.32 -1 8.39592 22181.4 12226 -22181.4 -20621.5
2.5119e+07 117.28 -1 8.54261 22659.3 6702.35 -22659.3 5122.12
2.8184e+07 124.12 -1 8.78593 28642.7 9873.04 -28642.7 7393.52
3.1623e+07 123.32 -1 9.01277 24964.5 9708.1 -24964.5 -14923.2
3.5481e+07 134.52 -1 9.1736 19648.9 17568.5 -19648.9 -3250.93
3.9811e+07 147.12 -1 9.44131 32767.4 22921.9 -32767.4 2529.54
4.4668e+07 119.84 -1 9.60292 32271.4 5458.57 -32271.4 -7830.18
5.0119e+07 146.04 -1 9.9429 30316.9 22244.6 -30316.9 -9292.73
5.6234e+07 173.72 -1 10.1055 31505.6 31505.6 -29050.6 -25225.5
6.3096e+07 145.12 -1 10.3105 39182.8 19914.5 -39182.8 18965.3
7.0795e+07 160.52 -1 10.5867 53132.4 25407.3 -53132.4 -11770.8
7.9433e+07 182.72 -1 10.8284 51974.8 38901.5 -51974.8 -51258.5
8.9125e+07 186.32 -1 11.0776 55589 20984.1 -55589 -4401.71
1.0000e+08 13.52 13 13.52 4401.41 -4400.41 -4401.41 -4400.41
