# pseudoN rho=1.4 X=1e+08 label=r1.4  g-prime sites=4689833 total mult=6389204 max m=2 max a=1537 sat=0
# bin_lo  Emax  Emin  Erms  sup|psi-x|  max(psi-x)  min(psi-x)  (psi-x)@end
1.9953e+00 -0.4 -1.8 0.4 2.30685 -1.30685 -2.30685 -1.30685
2.8184e+00 0.2 -1.2 0.2 1.10963 -0.109628 -1.10963 -0.109628
3.9811e+00 -0.2 -1.6 0.2 1.41648 -0.416481 -1.41648 -0.416481
4.4668e+00 0.4 -1 0.4 1.80239 1.80239 0.802395 1.80239
5.6234e+00 1 -0.4 1 0.802395 0.802395 -0.197605 0.802395
6.3096e+00 -0.4 -1.8 0.4 1.19761 -0.197605 -1.19761 -0.197605
7.9433e+00 0.2 -1.2 0.2 1.57498 1.57498 0.574983 1.57498
8.9125e+00 1.8 0.4 1.8 2.77221 2.77221 1.77221 2.77221
1.0000e+01 2.4 -0.4 1.83848 1.77221 1.77221 -0.227792 0.772208
1.1220e+01 1.6 0.2 1.6 1.22779 -0.227792 -1.22779 -0.227792
1.2589e+01 0.2 -1.6 0.2 2.22779 0.411265 -2.22779 0.411265
1.4125e+01 2.4 1 2.4 1.58873 -0.588735 -1.58873 -0.588735
1.5849e+01 3 0.2 2.40416 2.89559 -0.895587 -2.89559 -1.89559
1.7783e+01 3.2 0.4 2.59615 4.89559 -2.89559 -4.89559 -3.89559
1.9953e+01 2.4 -1.8 1.51877 7.89559 -4.89559 -7.89559 -6.89559
2.2387e+01 4.4 -1.2 3.0133 3.6246 -0.405723 -3.6246 -0.405723
2.5119e+01 5.6 1.6 4.7399 2.40572 -0.208499 -2.40572 -1.2085
2.8184e+01 6.4 2.4 5.17687 5.2085 -2.2085 -5.2085 -4.2085
3.1623e+01 5.6 5.77316e-15 3.83406 8.51535 -4.51535 -8.51535 -7.51535
3.5481e+01 3 -1.6 1.70587 11.5154 -7.85179 -11.5154 -7.85179
3.9811e+01 2.4 -1.6 1.37113 12.8518 -8.85179 -12.8518 -9.0676
4.4668e+01 6.4 2.2 5.1601 16.0676 -10.0676 -16.0676 -15.0676
5.0119e+01 5 0.8 3.79473 22.0676 -16.0676 -22.0676 -21.0676
5.6234e+01 2.4 -1.8 1.17108 24.0676 -15.7038 -24.0676 -15.7038
6.3096e+01 3.4 -1.8 1.81265 15.9312 -1.09784 -15.9312 -3.09784
7.0795e+01 8.4 0.6 5.59206 13.0978 -4.09784 -13.0978 -12.0978
7.9433e+01 10 0.4 6.48074 20.9006 -11.9006 -20.9006 -19.9006
8.9125e+01 6.4 -1.6 3.86005 30.9006 -20.9006 -30.9006 -29.9006
1.0000e+02 2.2 -1.8 0.809558 32.9006 4.6924 -32.9006 3.6924
1.1220e+02 6.4 -1.6 2.86679 11.156 11.156 0.15599 3.37487
1.2589e+02 11.2 1.4 7.52662 12.932 2.37487 -12.932 -11.932
1.4125e+02 10.8 -1.8 6.08663 28.932 -12.932 -28.932 -18.8068
1.5849e+02 4.6 -1.8 1.50018 30.978 30.978 -21.7379 28.978
1.7783e+02 4.6 -1.8 2.10065 44.0511 44.0511 29.3471 35.6902
1.9953e+02 14 0.8 9.00777 34.6902 34.6902 10.6902 11.6902
2.2387e+02 16.4 4.4 11.4121 15.1126 10.6902 -15.1126 -14.1126
2.5119e+02 10.6 -1.8 4.50037 25.4195 2.0813 -25.4195 -4.28035
2.8184e+02 7 -1.8 2.1974 93.7391 93.7391 -0.638443 85.7391
3.1623e+02 22.6 4.2 13.6276 84.7391 84.7391 46.7391 47.7391
3.5481e+02 27.4 9 18.8532 46.7391 46.7391 2.73913 3.73913
3.9811e+02 20.2 -1.6 12.7281 41.2609 2.73913 -41.2609 -19.8708
4.4668e+02 7.4 -1.8 2.3848 118.237 118.237 -19.6613 116.237
5.0119e+02 25.4 -1.2 15.6591 115.237 115.237 63.2803 64.2803
5.6234e+02 44.4 15.8 29.1322 63.2803 63.2803 -1.50083 -0.500831
6.3096e+02 44.2 24.2 34.4414 78.5008 -1.50083 -78.5008 -77.5008
7.0795e+02 26.2 -1.8 10.7475 113.304 63.0954 -113.304 57.0954
7.9433e+02 15.4 -1.8 7.15741 59.174 59.174 6.17397 7.17397
8.9125e+02 44.4 10.8 30.1319 101.826 6.17397 -101.826 -100.826
1.0000e+03 60.4 24.4 46.1084 224.133 -101.826 -224.133 -223.133
1.1220e+03 43.8 -1.8 20.7318 304.044 -202.529 -304.044 -202.529
1.2589e+03 13.4 -1.8 4.99413 212.391 36.9829 -212.391 -19.3132
1.4125e+03 61.8 -1.6 24.3899 188.65 -20.3132 -188.65 -187.65
1.5849e+03 79.4 45.4 61.8478 382.65 -188.65 -382.65 -381.65
1.7783e+03 69.4 -1.8 42.0469 574.865 -382.65 -574.865 -526.526
1.9953e+03 14.4 -1.8 4.52456 530.926 218.708 -530.926 214.708
2.2387e+03 34.4 -1.8 20.3661 235.287 235.287 10.2868 11.2868
2.5119e+03 104.4 25.8 74.7245 294.074 10.2868 -294.074 -293.074
2.8184e+03 112.4 45.4 76.4139 634.855 -294.074 -634.855 -633.855
3.1623e+03 75.2 -1.8 27.0136 754.855 245.592 -754.855 245.592
3.5481e+03 48.4 -1.8 13.7097 692.228 692.228 251.766 559.261
3.9811e+03 119.4 29.4 76.2117 558.261 558.261 80.2232 81.2232
4.4668e+03 185.4 101.4 143.117 452.133 80.2232 -452.133 -451.133
5.0119e+03 117.4 -1.8 64.8111 876.133 -159.166 -876.133 -167.166
5.6234e+03 53.4 -1.8 11.2336 1592.49 1592.49 -198.166 1437.49
6.3096e+03 163 -1.2 81.188 1436.49 1436.49 668.687 669.687
7.0795e+03 273.2 161.6 211.1 668.687 668.687 -195.313 -194.313
7.9433e+03 285.2 4.4 173.231 1163.62 -195.313 -1163.62 -1162.62
8.9125e+03 42.4 -1.8 9.69756 2295.72 2295.72 -1195.52 2283.15
1.0000e+04 225.2 -1.8 97.1037 2501.55 2501.55 1642.9 1643.9
1.1220e+04 440.4 186.2 343.309 1642.9 1642.9 298.912 299.912
1.2589e+04 450.4 299.4 380.814 1227.62 298.912 -1227.62 -1226.62
1.4125e+04 348.4 -1.8 160.077 2096.62 845.267 -2096.62 755.937
1.5849e+04 158 -1.8 52.041 3428.19 3428.19 740.937 2652.64
1.7783e+04 644.4 153.8 402.644 2651.64 2651.64 483.836 484.836
1.9953e+04 761 585 683.975 1951.16 483.836 -1951.16 -1950.16
2.2387e+04 719.4 -1.8 466.198 4454.16 -1951.16 -4454.16 -3678.66
2.5119e+04 83.4 -1.8 21.083 4192.47 4192.47 -3697.66 3391.74
2.8184e+04 698.4 -1.8 335.152 3390.74 3390.74 198.159 199.159
3.1623e+04 1196.4 601 951.376 3632 198.159 -3632 -3631
3.5481e+04 1312.6 606.4 1011.04 7958.36 -3632 -7958.36 -7957.36
3.9811e+04 614 -1.8 208.893 9242.36 4671.43 -9242.36 4671.43
4.4668e+04 441 -1.8 201.732 6403.54 6403.54 1727.51 1728.51
5.0119e+04 1788.4 414 1239.54 4388.49 1727.51 -4388.49 -4387.49
5.6234e+04 1962.4 1435.4 1695.85 11243.6 -4388.49 -11243.6 -11242.6
6.3096e+04 1528.4 -1.8 780.339 16271.9 -6516.66 -16271.9 -6517.66
7.0795e+04 459.6 -1.8 150.726 13271.7 13271.7 -6543.66 9925.18
7.9433e+04 2343.4 311.4 1187.42 9924.18 9924.18 325.668 326.668
8.9125e+04 3109.2 2297.4 2755.52 10514 325.668 -10514 -10513
1.0000e+05 3060.4 409.4 2146.94 22716 -10514 -22716 -22715
1.1220e+05 460.6 -1.8 67.4919 28230.1 28230.1 -23554.7 27112.3
1.2589e+05 1927.4 -1.8 986.55 27111.3 27111.3 11903.7 11904.7
1.4125e+05 4944.8 1841.4 3688.1 11903.7 11903.7 -5332.27 -5331.27
1.5849e+05 5125.4 3345.4 4382.85 24668.1 -5332.27 -24668.1 -24667.1
1.7783e+05 3467.4 -1.8 1420.69 33909.1 23388.1 -33909.1 23361.1
1.9953e+05 1715.4 -1.8 628.51 52793.9 52793.9 23320.1 35986.4
2.2387e+05 7325.4 1702.4 4826.67 35985.4 35985.4 8764.43 8765.43
2.5119e+05 8739.2 7029.6 7959.95 21876.5 8764.43 -21876.5 -21875.5
2.8184e+05 7521.4 -1.8 4627.5 51314.1 -21876.5 -51314.1 -33744.4
3.1623e+05 1171.8 -1.8 372.987 94229.5 94229.5 -33751.4 80040.5
3.5481e+05 9334.4 1013.4 5398.86 80039.5 80039.5 36748.7 36749.7
3.9811e+05 15007.4 9231.6 12808.9 36748.7 36748.7 -11827.3 -11826.3
4.4668e+05 15096 7166.4 12496.5 66331.3 -11827.3 -66331.3 -66330.3
5.0119e+05 7182.2 -1.8 2264.42 135486 135486 -82866.3 135313
5.6234e+05 10128.4 -1.8 5445.05 147211 147211 83927.4 83928.4
6.3096e+05 24453.4 10018.4 18452 83927.4 83927.4 6986.49 6987.49
7.0795e+05 27354.4 22454.2 25001.8 79396.5 6986.49 -79396.5 -79395.5
7.9433e+05 22456.8 -1.8 12834.8 148500 -37676 -148500 -37677
8.9125e+05 8941.4 -1.8 3336.78 210282 210282 -37688 156026
1.0000e+06 35506.4 8733.4 21386.8 156025 156025 34020.9 34021.9
1.1220e+06 48291.6 35428.4 42755.4 102863 34020.9 -102863 -102862
1.2589e+06 45478.4 12536.4 33993.8 256465 -102863 -256465 -256464
1.4125e+06 12575.4 -1.8 3044.33 313108 313108 -286464 290041
1.5849e+06 33952.4 517.8 19683.8 290040 290040 96964.6 96965.6
1.7783e+06 74134.4 33617.4 59404.4 119986 96964.6 -119986 -119985
1.9953e+06 79309.4 56552 70499.6 363442 -119986 -363442 -363441
2.2387e+06 56783.4 -1.8 26703.7 527956 83694.6 -527956 83691.6
2.5119e+06 37149.4 -1.8 17408.4 570311 570311 83704.3 342289
2.8184e+06 107315 36768.2 75104 342288 342288 -1606.76 -1605.76
3.1623e+06 132923 106678 122324 387463 -1606.76 -387463 -387462
3.5481e+06 118681 5712.8 82792.1 820319 -387463 -820319 -820318
3.9811e+06 19295 -1.8 5251.63 1.06699e+06 1.06699e+06 -836154 927955
4.4668e+06 130169 19193.4 75231.8 927954 927954 383581 383582
5.0119e+06 231326 130159 191448 383581 383581 -227860 -227859
5.6234e+06 229628 126409 192363 914010 -227860 -914010 -914009
6.3096e+06 126444 -1.8 48161.7 1.32978e+06 1.32978e+06 -1.26332e+06 1.32972e+06
7.0795e+06 125326 -1.8 75200.7 1.94848e+06 1.94848e+06 1.2167e+06 1.2167e+06
7.9433e+06 335927 122853 253597 1.2167e+06 1.2167e+06 247475 247476
8.9125e+06 399314 332126 364147 840012 247475 -840012 -840011
1.0000e+07 332226 -1.8 207103 1.96174e+06 -840012 -1.96174e+06 -1.38896e+06
1.1220e+07 120628 -1.8 43459.1 3.2277e+06 3.2277e+06 -1.38893e+06 2.63925e+06
1.2589e+07 477998 120587 300800 2.63925e+06 2.63925e+06 1.10374e+06 1.10374e+06
1.4125e+07 683920 477681 600829 1.10374e+06 1.10374e+06 -619680 -619679
1.5849e+07 642262 269386 524735 2.55354e+06 -619680 -2.55354e+06 -2.55354e+06
1.7783e+07 269402 -1.8 95247.9 5.01232e+06 5.01232e+06 -3.3333e+06 5.01216e+06
1.9953e+07 475180 -1.8 291818 5.09366e+06 5.09366e+06 2.6832e+06 2.6832e+06
2.2387e+07 1.08803e+06 474729 847799 2.6832e+06 2.6832e+06 -48401.8 -48400.8
2.5119e+07 1.17039e+06 929495 1.07749e+06 3.11332e+06 -48401.8 -3.11332e+06 -3.11331e+06
2.8184e+07 929553 -1.8 494837 5.90067e+06 -911468 -5.90067e+06 -911468
3.1623e+07 532012 -1.8 237765 7.65026e+06 7.65026e+06 -911453 5.53435e+06
3.5481e+07 1.47153e+06 531885 1.03744e+06 5.53435e+06 5.53435e+06 1.2055e+06 1.2055e+06
3.9811e+07 1.96343e+06 1.47151e+06 1.80942e+06 3.65214e+06 1.2055e+06 -3.65214e+06 -3.65214e+06
4.4668e+07 1.78138e+06 557464 1.39656e+06 9.1025e+06 -3.65214e+06 -9.1025e+06 -9.1025e+06
5.0119e+07 557633 -1.8 164045 1.17088e+07 1.17088e+07 -1.05797e+07 1.1113e+07
5.6234e+07 1.73436e+06 129028 1.01644e+06 1.1113e+07 1.1113e+07 4.25144e+06 4.25144e+06
6.3096e+07 3.28218e+06 1.73434e+06 2.65734e+06 4.25144e+06 4.25144e+06 -3.4474e+06 -3.4474e+06
7.0795e+07 3.27298e+06 2.18882e+06 2.93449e+06 1.20856e+07 -3.4474e+06 -1.20856e+07 -1.20856e+07
7.9433e+07 2.18916e+06 -1.8 1.07365e+06 1.84858e+07 5.35155e+06 -1.84858e+07 5.35153e+06
8.9125e+07 1.5949e+06 -1.8 846774 1.86323e+07 1.86323e+07 5.35152e+06 1.15181e+07
1.0000e+08 1.59416e+06 1.59416e+06 1.59416e+06 1.15181e+07 1.15181e+07 1.15181e+07 1.15181e+07
