# pseudoN rho=0.7 X=1e+08 label=r0.7  g-prime sites=5760625 total mult=5760625 max m=1 max a=468 sat=0
# bin_lo  Emax  Emin  Erms  sup|psi-x|  max(psi-x)  min(psi-x)  (psi-x)@end
1.9953e+00 0.3 -0.4 0.3 2.30685 -1.30685 -2.30685 -1.30685
2.8184e+00 -0.4 -1.1 0.4 3.30685 -2.30685 -3.30685 -2.30685
3.9811e+00 -0.1 -0.8 0.1 3.61371 -2.61371 -3.61371 -2.61371
4.4668e+00 0.2 -0.5 0.2 3.00427 -2.00427 -3.00427 -2.00427
5.6234e+00 0.5 -0.2 0.5 2.21251 -1.21251 -2.21251 -1.21251
6.3096e+00 -0.2 -0.9 0.2 3.21251 -2.21251 -3.21251 -2.21251
7.9433e+00 0.1 -0.6 0.1 3.51936 -2.51936 -3.51936 -2.51936
8.9125e+00 0.4 -0.3 0.4 2.32214 -1.32214 -2.32214 -1.32214
1.0000e+01 0.7 -0.7 0.494975 4.32214 -2.32214 -4.32214 -3.32214
1.1220e+01 0.3 -0.4 0.3 5.32214 -4.32214 -5.32214 -4.32214
1.2589e+01 -0.1 -1.1 0.291548 6.32214 -3.68308 -6.32214 -3.68308
1.4125e+01 0.2 -0.5 0.2 2.97503 -1.97503 -2.97503 -1.97503
1.5849e+01 0.5 -0.9 0.380789 4.28188 -2.28188 -4.28188 -3.28188
1.7783e+01 0.4 -0.6 0.291548 5.28188 -2.33744 -5.28188 -2.33744
1.9953e+01 0.7 -0.7 0.439697 5.33744 -2.2464 -5.33744 -2.2464
2.2387e+01 0.2 -1.1 0.264575 5.2464 -3.2464 -5.2464 -3.63696
2.5119e+01 0.5 -0.9 0.316228 4.37887 -1.37887 -4.37887 -3.37887
2.8184e+01 1.7 -0.3 1.1619 4.01157 -1.01157 -4.01157 -3.01157
3.1623e+01 1.3 -0.8 0.724569 6.31842 -2.76307 -6.31842 -2.76307
3.5481e+01 1.5 -0.3 1.03199 5.97132 -1.97132 -5.97132 -4.97132
3.9811e+01 0.7 -1.1 0.387298 7.97132 -4.23365 -7.97132 -6.23365
4.4668e+01 0.7 -0.9 0.406202 8.23365 -3.51318 -8.23365 -4.51318
5.0119e+01 0.5 -1.1 0.302765 9.51318 -5.50585 -9.51318 -6.50585
5.6234e+01 1.7 -1.1 0.788307 10.4283 -5.42831 -10.4283 -9.42831
6.3096e+01 1.7 -0.9 0.696932 10.7352 2.08249 -10.7352 1.08249
7.0795e+01 2.3 -0.6 1.25433 7.91751 0.08249 -7.91751 -3.54806
7.9433e+01 1 -1.2 0.552268 9.35084 -2.39629 -9.35084 -2.39629
8.9125e+01 1.7 -0.9 0.803119 12.3963 -3.39629 -12.3963 -7.80117
1.0000e+02 1.7 -1.1 0.724834 10.8012 0.832547 -10.8012 -2.16745
1.1220e+02 1.7 -1.1 0.671393 9.38833 -3.16745 -9.38833 -3.95861
1.2589e+02 2.3 -0.9 1.18849 15.4057 -2.40565 -15.4057 -14.4057
1.4125e+02 1.7 -1.1 0.737643 21.4057 -12.4045 -21.4057 -16.3611
1.5849e+02 1.5 -1.2 0.652525 17.2922 -4.82086 -17.2922 -9.82086
1.7783e+02 2.7 -1.1 1.08858 18.8209 0.0629882 -18.8209 -2.93701
1.9953e+02 3.7 -1.1 1.81705 10.152 3.05621 -10.152 -9.15203
2.2387e+02 2.2 -1.1 0.762983 18.444 -4.98798 -18.444 -6.98798
2.5119e+02 2 -0.9 1.04163 17.602 -3.19674 -17.602 -13.9708
2.8184e+02 1.7 -1.1 0.504268 16.9708 -1.36202 -16.9708 -3.36202
3.1623e+02 3.7 -1.2 1.24932 19.1769 2.17772 -19.1769 -18.1769
3.5481e+02 4.5 -1.1 1.61766 22.1769 3.10073 -22.1769 -5.89927
3.9811e+02 4.7 -1.1 1.52753 36.8993 -6.89927 -36.8993 -29.5869
4.4668e+02 2.7 -1.1 0.977474 32.5869 -1.892 -32.5869 -13.892
5.0119e+02 3.3 -1.1 1.33791 28.9501 -6.23985 -28.9501 -24.0096
5.6234e+02 3.7 -1.1 0.982643 26.0096 -0.926666 -26.0096 -7.44499
6.3096e+02 4.7 -1.2 1.55897 41.9543 -8.44499 -41.9543 -15.8746
7.0795e+02 4.9 -1.1 1.73973 22.3885 3.61149 -22.3885 -21.3885
7.9433e+02 5 -1.1 1.44322 32.3885 14.6712 -32.3885 6.24799
8.9125e+02 4.7 -1.1 1.67956 41.238 15.4819 -41.238 -40.238
1.0000e+03 4.7 -1.1 1.38041 64.022 -2.11663 -64.022 -9.11663
1.1220e+03 4.2 -1.1 1.38256 36.5919 2.85279 -36.5919 -35.4594
1.2589e+03 6.7 -1.2 1.56149 52.3213 16.9987 -52.3213 13.9987
1.4125e+03 5.7 -1.1 2.38749 67.7912 21.5113 -67.7912 -48.3349
1.5849e+03 5.5 -1.1 1.66512 53.59 -9.8697 -53.59 -45.7595
1.7783e+03 7.7 -1.1 1.90076 75.7522 -19.7008 -75.7522 -74.4019
1.9953e+03 5.7 -1.1 1.32295 69.803 35.0085 -69.803 16.0085
2.2387e+03 9.7 -1.1 3.04713 57.3854 22.1201 -57.3854 -27.4436
2.5119e+03 7.7 -1.2 2.12147 36.7819 32.0761 -36.7819 -16.5987
2.8184e+03 6.7 -1.2 2.2102 103.875 -9.65453 -103.875 -50.5619
3.1623e+03 5.7 -1.1 1.60441 64.5619 2.27773 -64.5619 -7.71973
3.5481e+03 8.7 -1.1 2.19868 64.0561 17.5228 -64.0561 -4.08337
3.9811e+03 9.5 -1.1 2.70233 72.4116 47.4789 -72.4116 -71.4116
4.4668e+03 11.7 -1.1 3.26876 166.003 -11.7956 -166.003 -15.1143
5.0119e+03 12.7 -1.2 2.86992 126.764 19.6676 -126.764 -95.4084
5.6234e+03 9.7 -1.2 2.48837 106.408 6.77587 -106.408 -29.7275
6.3096e+03 9 -1.1 2.46235 120.988 76.914 -120.988 -90.6695
7.0795e+03 10.7 -1.1 2.6444 191.212 31.0029 -191.212 -33.5353
7.9433e+03 10.7 -1.1 2.71758 180.019 22.2657 -180.019 -88.875
8.9125e+03 12.7 -1.1 3.4248 115.875 92.7162 -115.875 82.7162
1.0000e+04 9.7 -1.2 2.86879 146.234 84.9271 -146.234 -50.1146
1.1220e+04 13.3 -1.2 3.4287 175.589 26.06 -175.589 -11.2466
1.2589e+04 18.7 -1.1 3.64054 269.314 20.9905 -269.314 -140.452
1.4125e+04 12.7 -1.1 2.91593 134.509 134.509 -133.896 21.6866
1.5849e+04 13 -1.1 3.33539 215.189 112.9 -215.189 -44.5361
1.7783e+04 16.7 -1.1 3.75399 153.501 63.9252 -153.501 -108.264
1.9953e+04 14.7 -1.2 3.85377 392.521 -46.1267 -392.521 -142.245
2.2387e+04 17.7 -1.2 3.63045 192.964 192.55 -192.964 -24.5222
2.5119e+04 26 -1.1 4.17614 304.861 248.269 -304.861 234.269
2.8184e+04 15.7 -1.1 3.90848 302.096 242.404 -302.096 -159.418
3.1623e+04 19.7 -1.1 4.19616 497.89 33.9967 -497.89 -46.5755
3.5481e+04 16.7 -1.1 3.83671 338.351 156.847 -338.351 -174.929
3.9811e+04 23.7 -1.2 4.23835 483.845 335.07 -483.845 270.766
4.4668e+04 19.7 -1.2 4.45174 478.166 478.166 -398.722 -289.817
5.0119e+04 24.7 -1.1 4.50474 530.007 204.429 -530.007 -65.5785
5.6234e+04 23.7 -1.1 4.93943 747.956 80.2783 -747.956 -104.7
6.3096e+04 36.7 -1.1 4.94813 476.416 462.453 -476.416 286.216
7.0795e+04 19.7 -1.1 4.8466 625.311 287.565 -625.311 -306.923
7.9433e+04 35.7 -1.2 5.63791 507.215 485.352 -507.215 -61.9202
8.9125e+04 27.7 -1.2 4.95925 974.131 113.055 -974.131 -210.947
1.0000e+05 25.7 -1.1 5.32511 597.512 597.512 -377.051 -28.2645
1.1220e+05 29 -1.1 5.80986 711.967 307.757 -711.967 24.0414
1.2589e+05 39.7 -1.1 6.43186 812.515 619.477 -812.515 -555.089
1.4125e+05 28.7 -1.1 5.95106 1383.92 456.486 -1383.92 243.858
1.5849e+05 39 -1.2 6.44178 1283.79 1283.79 -1032.22 -937.16
1.7783e+05 43.7 -1.2 6.1766 1227.04 1044.62 -1227.04 356.754
1.9953e+05 50 -1.1 6.78459 1110.24 981.259 -1110.24 -1070.45
2.2387e+05 39.7 -1.1 6.37535 1571.83 568.433 -1571.83 -33.2164
2.5119e+05 38.7 -1.1 6.67811 1885.47 1390.46 -1885.47 -881.903
2.8184e+05 50.7 -1.1 7.34917 1648.94 1648.94 -1509.45 627.354
3.1623e+05 39.7 -1.2 7.48039 1566.21 1125.34 -1566.21 -1497.64
3.5481e+05 58 -1.2 7.52023 1496.08 1014.36 -1496.08 -432.139
3.9811e+05 64.7 -1.1 7.90569 2710.37 657.872 -2710.37 -1240.32
4.4668e+05 58.7 -1.1 7.94178 2585.11 2585.11 -1998.9 -6.22899
5.0119e+05 56.7 -1.1 7.75958 2839.21 768.459 -2839.21 89.8108
5.6234e+05 60.7 -1.1 8.69406 2452.49 2190.12 -2452.49 -2220.49
6.3096e+05 50.7 -1.2 8.39874 3006.98 94.2891 -3006.98 -685.017
7.0795e+05 78.7 -1.2 8.78936 1892.02 1737.48 -1892.02 -1414.67
7.9433e+05 63.7 -1.1 8.64002 3572.48 2027.72 -3572.48 1912.16
8.9125e+05 87.7 -1.1 10.0324 4783.96 4129.43 -4783.96 -3367.28
1.0000e+06 78.7 -1.1 9.68495 4009.34 2206.87 -4009.34 899.364
1.1220e+06 75.7 -1.1 9.60075 5080.87 3404.62 -5080.87 -2879.5
1.2589e+06 66.7 -1.2 9.58476 4082.83 4082.83 -3594.18 1664.05
1.4125e+06 88 -1.2 10.6437 5562.3 4400.32 -5562.3 -4797.64
1.5849e+06 78.7 -1.1 10.2753 5112.17 4089.56 -5112.17 1863.94
1.7783e+06 113 -1.1 11.1823 6053.53 3427.25 -6053.53 -2782.88
1.9953e+06 105.7 -1.1 11.0909 6545.79 6545.79 -2990.65 1124.94
2.2387e+06 113.7 -1.1 11.5895 7105.25 3725.63 -7105.25 674.887
2.5119e+06 126.7 -1.2 11.7127 6444.16 6444.16 -1893.21 -679.951
2.8184e+06 118.7 -1.2 12.0881 10875.7 2304.43 -10875.7 1666.13
3.1623e+06 112.7 -1.1 12.2088 8754.87 8754.87 -3337.45 -308.022
3.5481e+06 123.7 -1.1 12.7576 8632.16 4088.27 -8632.16 3788.93
3.9811e+06 121.7 -1.1 13.2566 9739.73 9739.73 -7319.81 -5038.69
4.4668e+06 136.7 -1.1 13.4736 13997.6 8583.26 -13997.6 8176.1
5.0119e+06 172.7 -1.2 14.4042 10749.4 9961.07 -10749.4 -5470.9
5.6234e+06 158.7 -1.2 13.9069 16772.8 16772.8 -15161.5 16768.8
6.3096e+06 165.7 -1.1 15.2503 17430.8 17430.8 -14031.6 -6529.89
7.0795e+06 144 -1.1 14.5237 12612.7 10924.4 -12612.7 9350.61
7.9433e+06 169.7 -1.1 15.815 19226.5 15761.6 -19226.5 -7577.43
8.9125e+06 187.7 -1.1 15.4182 21409.7 21409.7 -16825.7 16839.3
1.0000e+07 201.7 -1.2 16.6427 23152.7 17640.9 -23152.7 -253.039
1.1220e+07 179.7 -1.2 16.3794 20381.1 20381.1 -8430.72 6973.58
1.2589e+07 224.7 -1.1 17.3396 22383.5 8041.93 -22383.5 -207.9
1.4125e+07 196.7 -1.1 17.3261 24630.4 24630.4 -8505.84 8703.86
1.5849e+07 220.7 -1.1 17.9585 24859.9 11783.2 -24859.9 3796.49
1.7783e+07 261.7 -1.1 18.7216 31518.2 31518.2 -11789.1 -10241.2
1.9953e+07 243.7 -1.2 19.1493 40649 25102.7 -40649 21832.5
2.2387e+07 229.7 -1.2 20.1529 27922.5 27922.5 -23952.9 -23858.5
2.5119e+07 248.7 -1.1 20.0812 35898.6 35786.7 -35898.6 19985.8
2.8184e+07 298.7 -1.1 21.19 42914.6 42914.6 -42646.6 -38368.4
3.1623e+07 280.7 -1.1 20.5543 64145.4 54666 -64145.4 21621.9
3.5481e+07 348.7 -1.1 22.0413 50453.4 31312.4 -50453.4 -45781
3.9811e+07 306 -1.2 22.0746 61897.6 61897.6 -60148.1 30879.5
4.4668e+07 345.7 -1.2 23.9897 65922.6 47103.5 -65922.6 -56365.8
5.0119e+07 385.7 -1.1 23.2279 65536.2 65536.2 -60411.9 8497.26
5.6234e+07 433.7 -1.1 25.1839 84023.1 11380.7 -84023.1 -63414
6.3096e+07 384.7 -1.1 24.3534 85561.4 85561.4 -64991.5 -20627.2
7.0795e+07 435.7 -1.1 25.7341 87892 10376.8 -87892 -17137.4
7.9433e+07 382.7 -1.2 25.9828 81593.3 81593.3 -45553.4 -43834.9
8.9125e+07 471.7 -1.2 27.0394 104993 9744.44 -104993 -16421.3
1.0000e+08 174.7 174 174.7 16423.3 -16422.3 -16423.3 -16422.3
