# pseudoN rho=1.01 X=1e+08 label=r1.01  g-prime sites=5686057 total mult=5760708 max m=2 max a=31 sat=0
# bin_lo  Emax  Emin  Erms  sup|psi-x|  max(psi-x)  min(psi-x)  (psi-x)@end
1.9953e+00 -0.01 -1.02 0.01 2.30685 -1.30685 -2.30685 -1.30685
2.8184e+00 -0.02 -1.03 0.02 2.20824 -1.20824 -2.20824 -1.20824
3.9811e+00 -0.03 -1.04 0.03 2.51509 -1.51509 -2.51509 -1.51509
4.4668e+00 -0.04 -1.05 0.04 1.90566 -0.905655 -1.90566 -0.905655
5.6234e+00 -0.05 -1.06 0.05 2.90566 -1.90566 -2.90566 -1.90566
6.3096e+00 -0.06 -1.07 0.06 1.95975 -0.959745 -1.95975 -0.959745
7.9433e+00 -0.07 -1.08 0.07 2.2666 -1.2666 -2.2666 -1.2666
8.9125e+00 -0.08 -1.09 0.08 2.16799 -1.16799 -2.16799 -1.16799
1.0000e+01 -0.09 -1.11 0.0951315 3.16799 -0.770091 -3.16799 -0.770091
1.1220e+01 -0.11 -1.12 0.11 2.77009 -1.77009 -2.77009 -1.77009
1.2589e+01 -0.12 -1.14 0.1251 2.20514 -0.205141 -2.20514 -1.20514
1.4125e+01 -0.14 -1.15 0.14 3.20514 -2.20514 -3.20514 -2.20514
1.5849e+01 -0.15 -1.17 0.155081 3.51199 -0.678781 -3.51199 -0.678781
1.7783e+01 -0.17 -1.19 0.175071 2.67878 0.265658 -2.67878 0.265658
1.9953e+01 -0.19 -1.22 0.200167 3.73434 -0.734342 -3.73434 -2.73434
2.2387e+01 -0.22 -1.25 0.230145 2.59885 -0.598847 -2.59885 -0.98941
2.5119e+01 -0.25 -1.28 0.260128 3.8908 -1.8908 -3.8908 -2.8908
2.8184e+01 -0.28 -1.31 0.290115 2.5235 0.910486 -2.5235 0.910486
3.1623e+01 -0.31 -1.35 0.325192 3.39637 0.603633 -3.39637 -2.39637
3.5481e+01 -0.35 -1.39 0.365171 4.39637 -0.785449 -4.39637 -2.78545
3.9811e+01 -0.39 -1.44 0.410244 4.78545 0.689323 -4.78545 -0.310677
4.4668e+01 -0.44 -1.5 0.465314 3.31068 0.539471 -3.31068 -0.514619
5.0119e+01 0.5 -0.56 0.475307 4.3875 4.3875 0.387498 1.3875
5.6234e+01 0.44 -0.63 0.410488 4.57591 4.57591 -1.6125 2.57591
6.3096e+01 0.37 -0.7 0.340588 3.47375 3.47375 -0.730943 0.473749
7.0795e+01 0.3 -0.79 0.261279 6.02689 6.02689 0.0268888 4.39634
7.9433e+01 0.21 -0.89 0.167481 5.91379 5.91379 -0.0862105 4.40243
8.9125e+01 0.11 -0.99 0.0710634 3.59757 3.40243 -3.59757 -1.02286
1.0000e+02 0.99 -1.12 0.281575 4.40774 2.95643 -4.40774 -0.0435659
1.1220e+02 -0.12 -1.25 0.183848 5.91828 3.68382 -5.91828 -4.30884
1.2589e+02 -0.25 -1.41 0.328253 6.30884 1.95814 -6.30884 -0.0418585
1.4125e+02 1.48 -1.5 0.814663 8.04186 4.99665 -8.04186 -2.00335
1.5849e+02 0.42 -0.77 0.334515 7.00335 0.926632 -7.00335 -3.07337
1.7783e+02 0.23 -0.99 0.140178 6.68748 6.40399 -6.68748 6.40399
1.9953e+02 0.97 -1.23 0.305478 12.2442 5.40399 -12.2442 -6.83698
2.2387e+02 0.5 -1.5 0.373832 10.837 4.58351 -10.837 4.58351
2.5119e+02 1.46 -0.81 0.503835 7.15119 3.58351 -7.15119 3.30801
2.8184e+02 1.95 -1.16 0.526742 12.5332 6.95346 -12.5332 -0.297768
3.1623e+02 0.5 -1.5 0.35762 11.9708 5.4609 -11.9708 4.4609
3.5481e+02 1.44 -0.98 0.401435 5.91857 3.4609 -5.91857 -0.934638
3.9811e+02 0.93 -1.46 0.288675 9.91965 2.47577 -9.91965 -0.524234
4.4668e+02 1.48 -1.5 0.548974 6.69426 6.69426 -5.30574 -0.0978146
5.0119e+02 1.4 -1.5 0.481683 11.2772 3.58728 -11.2772 -7.04506
5.6234e+02 0.97 -1.3 0.304317 14.4419 6.25759 -14.4419 -3.13298
6.3096e+02 1.38 -1.5 0.621776 17.6604 17.6604 -7.68567 -2.20477
7.0795e+02 2.46 -1.5 0.692462 14.2048 7.69722 -14.2048 -8.6709
7.9433e+02 1.34 -1.5 0.513685 16.99 13.1298 -16.99 5.48205
8.9125e+02 1.95 -1.5 0.471241 17.7001 5.02471 -17.7001 -3.08855
1.0000e+03 2.44 -1.5 0.675387 14.999 14.999 -14.0265 -0.0116648
1.1220e+03 1.46 -1.5 0.533581 14.3979 11.2588 -14.3979 -1.47939
1.2589e+03 2.42 -1.5 0.619091 28.2548 7.19967 -28.2548 -27.2548
1.4125e+03 1.95 -1.5 0.520006 33.2548 15.6301 -33.2548 5.35153
1.5849e+03 2.44 -1.5 0.683985 21.432 21.432 -16.8972 -6.74274
1.7783e+03 2.14 -1.5 0.664172 32.6174 16.2315 -32.6174 -31.6174
1.9953e+03 2.03 -1.5 0.643144 33.6174 24.6202 -33.6174 -14.0588
2.2387e+03 4.36 -1.5 0.917965 26.1912 24.7033 -26.1912 -13.3311
2.5119e+03 2.97 -1.5 0.857891 43.3417 24.4639 -43.3417 3.11427
2.8184e+03 4.39 -1.5 0.89592 36.4476 33.8028 -36.4476 -35.4476
3.1623e+03 3.38 -1.5 0.765647 56.4476 10.8674 -56.4476 -11.4966
3.5481e+03 3.4 -1.5 0.92106 31.1843 25.8535 -31.1843 4.13924
3.9811e+03 3.75 -1.5 1.04109 45.1281 41.0947 -45.1281 -4.36145
4.4668e+03 2.87 -1.5 0.908676 51.1915 28.6929 -51.1915 -8.97229
5.0119e+03 5.3 -1.5 1.10428 36.8831 32.8594 -36.8831 -20.7546
5.6234e+03 4.34 -1.5 1.01912 48.0004 30.4494 -48.0004 1.69719
6.3096e+03 4.42 -1.5 1.22086 69.7537 69.7537 -45.3028 68.3447
7.0795e+03 4.99 -1.5 1.29016 76.076 67.3447 -76.076 12.5219
7.9433e+03 4.43 -1.5 1.08558 80.3697 43.478 -80.3697 2.62204
8.9125e+03 4.36 -1.5 0.906013 86.7049 86.7049 -51.0427 73.915
1.0000e+04 4.39 -1.5 1.00364 88.7607 88.7607 -76.9919 -29.8612
1.1220e+04 3.41 -1.5 0.961385 64.0808 24.689 -64.0808 21.4887
1.2589e+04 6.33 -1.5 1.34305 86.4846 55.3832 -86.4846 38.9414
1.4125e+04 6.36 -1.5 1.28513 90.5124 90.5124 -78.5793 41.5167
1.5849e+04 6.32 -1.5 1.33902 108.622 108.622 -62.3053 27.2279
1.7783e+04 6 -1.5 1.29226 166.913 79.9322 -166.913 -64.5514
1.9953e+04 7.11 -1.5 1.44959 165.056 123.273 -165.056 35.3017
2.2387e+04 5.89 -1.5 1.32836 121.183 121.183 -85.2228 38.0558
2.5119e+04 6.65 -1.5 1.38924 105.474 67.3864 -105.474 -30.7672
2.8184e+04 7.25 -1.5 1.53147 115.511 69.5127 -115.511 -16.7881
3.1623e+04 7.79 -1.5 1.82857 210.982 139.533 -210.982 -82.7173
3.5481e+04 6.21 -1.5 1.40849 178.637 116.458 -178.637 -18.9204
3.9811e+04 6.87 -1.5 1.61128 205.405 205.405 -142.873 38.2848
4.4668e+04 12.23 -1.5 1.66767 186.962 80.0452 -186.962 -98.636
5.0119e+04 6.33 -1.5 1.46597 125.628 104.056 -125.628 39.8067
5.6234e+04 10.27 -1.5 1.7439 193.946 193.946 -139.852 -2.91536
6.3096e+04 10.31 -1.5 1.93006 282.814 167.363 -282.814 -237.124
7.0795e+04 10.26 -1.5 1.78718 269.789 128.269 -269.789 -17.2256
7.9433e+04 7.33 -1.5 1.7025 269.737 269.737 -250.569 -223.557
8.9125e+04 9.21 -1.5 1.86553 233.557 226.912 -233.557 -37.6689
1.0000e+05 8.79 -1.5 1.80699 270.953 251.006 -270.953 -98.0344
1.1220e+05 8.31 -1.5 1.86448 281.288 178.899 -281.288 -202.275
1.2589e+05 13.09 -1.5 2.06587 557.663 557.663 -350.456 175.852
1.4125e+05 9.84 -1.5 2.01185 543.157 543.157 -326.896 -325.896
1.5849e+05 13.3 -1.5 2.04334 408.778 271.339 -408.778 59.7479
1.7783e+05 14.25 -1.5 2.30188 347.757 347.757 -316.836 -41.8017
1.9953e+05 11.23 -1.5 2.13154 497.002 497.002 -350.938 135.266
2.2387e+05 12.79 -1.5 2.18877 380.716 380.716 -329.49 291.126
2.5119e+05 15.77 -1.5 2.39878 496.995 496.995 -375.833 -147.536
2.8184e+05 12.22 -1.5 2.21928 666.093 299.874 -666.093 -138.402
3.1623e+05 13.71 -1.5 2.41867 724.421 724.421 -450.95 480.975
3.5481e+05 16.11 -1.5 2.67894 595.467 486.505 -595.467 222.993
3.9811e+05 12.81 -1.5 2.47329 778.598 778.598 -756.681 458.424
4.4668e+05 17.95 -1.5 2.66457 798.787 798.787 -508.747 404.286
5.0119e+05 15.87 -1.5 2.62334 719.863 719.863 -534.964 -155.818
5.6234e+05 14.71 -1.5 2.62321 711.033 711.033 -473.165 251.37
6.3096e+05 18.4 -1.5 2.79743 1023.27 727.48 -1023.27 -324.258
7.0795e+05 19.69 -1.5 2.87632 782.919 752.453 -782.919 201.474
7.9433e+05 16.01 -1.5 2.8492 867.195 867.195 -388.884 -155.514
8.9125e+05 20.61 -1.5 2.97166 1754.7 978.622 -1754.7 -553.472
1.0000e+06 17.02 -1.5 3.02178 1491.53 1206.11 -1491.53 399.013
1.1220e+06 20.17 -1.5 3.19771 943.774 943.774 -701.918 -416.953
1.2589e+06 16.31 -1.5 3.03535 1259.09 1259.09 -1146.63 426.607
1.4125e+06 19.59 -1.5 3.28167 1405.16 1049.23 -1405.16 -321.227
1.5849e+06 18.81 -1.5 3.2438 1891.72 1586.42 -1891.72 -1367.29
1.7783e+06 21.36 -1.5 3.4365 1740.04 1740.04 -1625.44 -514.605
1.9953e+06 25.56 -1.5 3.42425 2280.48 2280.48 -1383.57 -771.226
2.2387e+06 24.25 -1.5 3.64919 2047.33 939.231 -2047.33 -397.261
2.5119e+06 23.78 -1.5 3.5253 1971.47 1516.15 -1971.47 -656.861
2.8184e+06 31.91 -1.5 3.68351 2228.69 1869.24 -2228.69 -1112.49
3.1623e+06 24.24 -1.5 3.75753 2563.76 2563.76 -2490.96 -1076.25
3.5481e+06 25.71 -1.5 3.91529 2877.13 2877.13 -2497.44 -782.915
3.9811e+06 27.06 -1.5 3.94787 3353.3 2175.42 -3353.3 -1231.37
4.4668e+06 30.85 -1.5 4.20573 2629.5 2629.5 -1670.82 -440.541
5.0119e+06 34.99 -1.5 4.14311 3855.78 3855.78 -2834.2 303.229
5.6234e+06 30.56 -1.5 4.21089 2861.63 1844.3 -2861.63 992.183
6.3096e+06 28.51 -1.5 4.32031 4246.21 3527.02 -4246.21 740.501
7.0795e+06 36.81 -1.5 4.42695 4261.14 4261.14 -3283.71 3.98152
7.9433e+06 34.63 -1.5 4.47168 3735.13 3018.42 -3735.13 2108.09
8.9125e+06 33.29 -1.5 4.59692 4507.26 3921.97 -4507.26 258.117
1.0000e+07 39.81 -1.5 4.75099 4937.85 3854.02 -4937.85 1875.14
1.1220e+07 47.56 -1.5 4.77566 4120.37 4120.37 -2837.73 3786.49
1.2589e+07 32.43 -1.5 4.85966 5069.91 5069.91 -4777.37 963.821
1.4125e+07 50.85 -1.5 4.97396 5713.92 3641.21 -5713.92 852.397
1.5849e+07 40.95 -1.5 5.07326 6911.53 6092.92 -6911.53 2277.78
1.7783e+07 42.17 -1.5 5.09235 7154.46 7154.46 -5790.03 5054.73
1.9953e+07 36.41 -1.5 5.18323 11618.5 11618.5 -7510.38 2748.48
2.2387e+07 42.41 -1.5 5.36341 7901.75 6357.38 -7901.75 2020.66
2.5119e+07 45.75 -1.5 5.47579 9541.49 8234.18 -9541.49 -1355.53
2.8184e+07 44.93 -1.5 5.5724 12335.9 12335.9 -7036.82 154.205
3.1623e+07 45.95 -1.5 5.64254 11777.4 10189.4 -11777.4 -3097.8
3.5481e+07 49.01 -1.5 5.7341 11873.3 10089.8 -11873.3 2150.86
3.9811e+07 53.19 -1.5 5.85465 10592.6 10592.6 -9003.94 -6208.51
4.4668e+07 47.41 -1.5 5.97234 18016.1 18016.1 -14658.9 -5754.72
5.0119e+07 46.05 -1.5 6.06452 12044.4 12044.4 -9793.87 -4546.5
5.6234e+07 56.36 -1.5 6.14811 12222.9 9603.77 -12222.9 -5803.62
6.3096e+07 50.85 -1.5 6.25199 18505.3 14117 -18505.3 7453.37
7.0795e+07 66.21 -1.5 6.49246 21035.3 21035.3 -15219.4 673.187
7.9433e+07 54.26 -1.5 6.51439 19332.6 19332.6 -16817.9 -14119.6
8.9125e+07 61.05 -1.5 6.7146 24671.2 24671.2 -21767.3 -15438.5
1.0000e+08 3.01 2 3.01 15440.5 -15439.5 -15440.5 -15439.5
