overlay delta measured 2026-09-24 23:07:41 IST
NEW ./comparator/Challenge/DBN.lean
NEW ./comparator/Challenge/Separation.lean
NEW ./comparator/Challenge/Separation5.lean
NEW ./comparator/Challenge/Separation5c.lean
NEW ./comparator/Challenge/Separation6.lean
NEW ./comparator/Challenge/Separation6b.lean
NEW ./comparator/Challenge/SeparationClause4.lean
NEW ./comparator/Challenge/SeparationClause4b.lean
NEW ./comparator/Challenge/SeparationClause5Sum.lean
NEW ./comparator/Challenge/SeparationG1.lean
NEW ./comparator/ChallengeDeps/DBN.lean
NEW ./comparator/ChallengeDeps/DBN/Instance02.lean
NEW ./comparator/ChallengeDeps/Separation.lean
NEW ./comparator/ChallengeDeps/Separation5.lean
NEW ./comparator/ChallengeDeps/Separation6.lean
NEW ./comparator/ChallengeDeps/Separation6b.lean
NEW ./comparator/ChallengeDeps/SepConfig.lean
NEW ./comparator/config-dbn.json
NEW ./comparator/config-separation-clause4.json
NEW ./comparator/config-separation-clause4b.json
NEW ./comparator/config-separation-clause5sum.json
NEW ./comparator/config-separation-g1.json
NEW ./comparator/config-separation.json
NEW ./comparator/config-separation5.json
NEW ./comparator/config-separation5c.json
NEW ./comparator/config-separation6.json
NEW ./comparator/config-separation6b.json
NEW ./comparator/PrintAxioms/DBN.lean
NEW ./comparator/PrintAxioms/Separation.lean
NEW ./comparator/PrintAxioms/Separation5.lean
NEW ./comparator/PrintAxioms/Separation5c.lean
NEW ./comparator/PrintAxioms/Separation6.lean
NEW ./comparator/PrintAxioms/Separation6b.lean
NEW ./comparator/PrintAxioms/SeparationClause4.lean
NEW ./comparator/PrintAxioms/SeparationClause4b.lean
NEW ./comparator/PrintAxioms/SeparationClause5Sum.lean
NEW ./comparator/PrintAxioms/SeparationG1.lean
NEW ./comparator/Solution/DBN.lean
NEW ./comparator/Solution/Separation.lean
NEW ./comparator/Solution/Separation5.lean
NEW ./comparator/Solution/Separation5c.lean
NEW ./comparator/Solution/Separation6.lean
NEW ./comparator/Solution/Separation6b.lean
NEW ./comparator/Solution/SeparationClause4.lean
NEW ./comparator/Solution/SeparationClause4b.lean
NEW ./comparator/Solution/SeparationClause5Sum.lean
NEW ./comparator/Solution/SeparationG1.lean
NEW ./formalization.yaml
CHANGED ./README.md
CHANGED ./Zeta23.lean
NEW ./Zeta23/DBN/Asym.lean
NEW ./Zeta23/DBN/BarrierCert.lean
NEW ./Zeta23/DBN/BtFacts.lean
NEW ./Zeta23/DBN/Defs.lean
NEW ./Zeta23/DBN/Instance02.lean
NEW ./Zeta23/DBN/Instance02/arb_0000.lean
NEW ./Zeta23/DBN/Instance02/arb_0001.lean
NEW ./Zeta23/DBN/Instance02/arb_0002.lean
NEW ./Zeta23/DBN/Instance02/arb_0003.lean
NEW ./Zeta23/DBN/Instance02/arb_0004.lean
NEW ./Zeta23/DBN/Instance02/arb_0005.lean
NEW ./Zeta23/DBN/Instance02/arb_0006.lean
NEW ./Zeta23/DBN/Instance02/arb_0007.lean
NEW ./Zeta23/DBN/Instance02/arb_0008.lean
NEW ./Zeta23/DBN/Instance02/arb_0009.lean
NEW ./Zeta23/DBN/Instance02/arb_0010.lean
NEW ./Zeta23/DBN/Instance02/arb_0011.lean
NEW ./Zeta23/DBN/Instance02/arb_0012.lean
NEW ./Zeta23/DBN/Instance02/arb_0013.lean
NEW ./Zeta23/DBN/Instance02/arb_0014.lean
NEW ./Zeta23/DBN/Instance02/arb_0015.lean
NEW ./Zeta23/DBN/Instance02/arb_0016.lean
NEW ./Zeta23/DBN/Instance02/arb_0017.lean
NEW ./Zeta23/DBN/Instance02/arb_0018.lean
NEW ./Zeta23/DBN/Instance02/arb_0019.lean
NEW ./Zeta23/DBN/Instance02/arb_0020.lean
NEW ./Zeta23/DBN/Instance02/arb_0021.lean
NEW ./Zeta23/DBN/Instance02/arb_0022.lean
NEW ./Zeta23/DBN/Instance02/arb_0023.lean
NEW ./Zeta23/DBN/Instance02/arb_0024.lean
NEW ./Zeta23/DBN/Instance02/arb_0025.lean
NEW ./Zeta23/DBN/Instance02/arb_0026.lean
NEW ./Zeta23/DBN/Instance02/arb_0027.lean
NEW ./Zeta23/DBN/Instance02/arb_0028.lean
NEW ./Zeta23/DBN/Instance02/arb_0029.lean
NEW ./Zeta23/DBN/Instance02/arb_0030.lean
NEW ./Zeta23/DBN/Instance02/arb_0031.lean
NEW ./Zeta23/DBN/Instance02/arb_0032.lean
NEW ./Zeta23/DBN/Instance02/arb_0033.lean
NEW ./Zeta23/DBN/Instance02/arb_0034.lean
NEW ./Zeta23/DBN/Instance02/arb_0035.lean
NEW ./Zeta23/DBN/Instance02/arb_0036.lean
NEW ./Zeta23/DBN/Instance02/arb_0037.lean
NEW ./Zeta23/DBN/Instance02/arb_0038.lean
NEW ./Zeta23/DBN/Instance02/arb_0039.lean
NEW ./Zeta23/DBN/Instance02/arb_0040.lean
NEW ./Zeta23/DBN/Instance02/arb_0041.lean
NEW ./Zeta23/DBN/Instance02/arb_0042.lean
NEW ./Zeta23/DBN/Instance02/arb_0043.lean
NEW ./Zeta23/DBN/Instance02/arb_0044.lean
NEW ./Zeta23/DBN/Instance02/arb_0045.lean
NEW ./Zeta23/DBN/Instance02/arb_0046.lean
NEW ./Zeta23/DBN/Instance02/arb_0047.lean
NEW ./Zeta23/DBN/Instance02/arb_0048.lean
NEW ./Zeta23/DBN/Instance02/arb_0049.lean
NEW ./Zeta23/DBN/Instance02/arb_0050.lean
NEW ./Zeta23/DBN/Instance02/arb_0051.lean
NEW ./Zeta23/DBN/Instance02/arb_0052.lean
NEW ./Zeta23/DBN/Instance02/arb_0053.lean
NEW ./Zeta23/DBN/Instance02/arb_0054.lean
NEW ./Zeta23/DBN/Instance02/arb_0055.lean
NEW ./Zeta23/DBN/Instance02/arb_0056.lean
NEW ./Zeta23/DBN/Instance02/arb_0057.lean
NEW ./Zeta23/DBN/Instance02/arb_0058.lean
NEW ./Zeta23/DBN/Instance02/arb_0059.lean
NEW ./Zeta23/DBN/Instance02/arb_0060.lean
NEW ./Zeta23/DBN/Instance02/arb_0061.lean
NEW ./Zeta23/DBN/Instance02/arb_0062.lean
NEW ./Zeta23/DBN/Instance02/arb_0063.lean
NEW ./Zeta23/DBN/Instance02/arb_0064.lean
NEW ./Zeta23/DBN/Instance02/arb_0065.lean
NEW ./Zeta23/DBN/Instance02/arb_0066.lean
NEW ./Zeta23/DBN/Instance02/arb_0067.lean
NEW ./Zeta23/DBN/Instance02/arb_0068.lean
NEW ./Zeta23/DBN/Instance02/arb_0069.lean
NEW ./Zeta23/DBN/Instance02/arb_0070.lean
NEW ./Zeta23/DBN/Instance02/arb_0071.lean
NEW ./Zeta23/DBN/Instance02/arb_Barrier.lean
NEW ./Zeta23/DBN/Instance02/Asym_arb.lean
NEW ./Zeta23/DBN/Instance02/Asym_mp.lean
NEW ./Zeta23/DBN/Instance02/mp_0000.lean
NEW ./Zeta23/DBN/Instance02/mp_0001.lean
NEW ./Zeta23/DBN/Instance02/mp_0002.lean
NEW ./Zeta23/DBN/Instance02/mp_0003.lean
NEW ./Zeta23/DBN/Instance02/mp_0004.lean
NEW ./Zeta23/DBN/Instance02/mp_0005.lean
NEW ./Zeta23/DBN/Instance02/mp_0006.lean
NEW ./Zeta23/DBN/Instance02/mp_0007.lean
NEW ./Zeta23/DBN/Instance02/mp_0008.lean
NEW ./Zeta23/DBN/Instance02/mp_0009.lean
NEW ./Zeta23/DBN/Instance02/mp_0010.lean
NEW ./Zeta23/DBN/Instance02/mp_0011.lean
NEW ./Zeta23/DBN/Instance02/mp_0012.lean
NEW ./Zeta23/DBN/Instance02/mp_0013.lean
NEW ./Zeta23/DBN/Instance02/mp_0014.lean
NEW ./Zeta23/DBN/Instance02/mp_0015.lean
NEW ./Zeta23/DBN/Instance02/mp_0016.lean
NEW ./Zeta23/DBN/Instance02/mp_0017.lean
NEW ./Zeta23/DBN/Instance02/mp_0018.lean
NEW ./Zeta23/DBN/Instance02/mp_0019.lean
NEW ./Zeta23/DBN/Instance02/mp_0020.lean
NEW ./Zeta23/DBN/Instance02/mp_0021.lean
NEW ./Zeta23/DBN/Instance02/mp_0022.lean
NEW ./Zeta23/DBN/Instance02/mp_0023.lean
NEW ./Zeta23/DBN/Instance02/mp_0024.lean
NEW ./Zeta23/DBN/Instance02/mp_0025.lean
NEW ./Zeta23/DBN/Instance02/mp_0026.lean
NEW ./Zeta23/DBN/Instance02/mp_0027.lean
NEW ./Zeta23/DBN/Instance02/mp_0028.lean
NEW ./Zeta23/DBN/Instance02/mp_0029.lean
NEW ./Zeta23/DBN/Instance02/mp_0030.lean
NEW ./Zeta23/DBN/Instance02/mp_0031.lean
NEW ./Zeta23/DBN/Instance02/mp_0032.lean
NEW ./Zeta23/DBN/Instance02/mp_0033.lean
NEW ./Zeta23/DBN/Instance02/mp_0034.lean
NEW ./Zeta23/DBN/Instance02/mp_0035.lean
NEW ./Zeta23/DBN/Instance02/mp_0036.lean
NEW ./Zeta23/DBN/Instance02/mp_0037.lean
NEW ./Zeta23/DBN/Instance02/mp_0038.lean
NEW ./Zeta23/DBN/Instance02/mp_Barrier.lean
NEW ./Zeta23/DBN/Instance02/Rect.lean
NEW ./Zeta23/PairCeiling/GridCorner.lean
NEW ./Zeta23/PairCeiling/GridParseval.lean
NEW ./Zeta23/PairCeiling/GridWitness.lean
NEW ./Zeta23/Separation/Assembly.lean
NEW ./Zeta23/Separation/Assembly2.lean
NEW ./Zeta23/Separation/B1Sym.lean
NEW ./Zeta23/Separation/Clause4.lean
NEW ./Zeta23/Separation/Clause5.lean
NEW ./Zeta23/Separation/Clause5Cert.lean
NEW ./Zeta23/Separation/LemmaG.lean
NEW ./Zeta23/Separation/LemmaG1.lean
NEW ./Zeta23/Separation/ZEnclosure.lean
NEW ./Zeta23/W1/ArgPrinciple/General.lean
NEW ./Zeta23/W1/ArgPrinciple/Rect.lean
NEW ./Zeta23/W1/ArgPrincipleBridge.lean
NEW ./Zeta23/W1/Checker.lean
NEW ./Zeta23/W1/Examples.lean
NEW ./Zeta23/W1/FDH.lean
NEW ./Zeta23/W1/Format.lean
NEW ./Zeta23/W1/Instances.lean
NEW ./Zeta23/W1/Ledger.lean
NEW ./Zeta23/W1/Soundness.lean
