=== builder's p23_diff.py re-run by the checker 2026-09-24 23:18:15 IST, cwd results/c2-m2/verify ===
r0_73_check.py lines 22-33, exec'd verbatim:
def gamma_poly(n, a, s):      # sum_{j=0}^n n!/j! s^j / a^{n+1-j}  (= e^{a s} int_s^inf x^n e^{-a x} dx)
    return mp.fsum(mp.factorial(n)/mp.factorial(j)*s**j/a**(n+1-j) for j in range(n+1))
def P_relaxed(m, L, R0, L0):
    L = mp.mpf(L); R0 = mp.mpf(R0); a = 2*cB; sR = mp.sqrt(R0)*L; u0 = R0*L
    beta = 1 + 3/(2*(R0*mp.mpf(L0) - 1))
    phi0 = u0**m*(1 + cB/2*sR)**2
    integ = (2/L**(m+1))*(gamma_poly(2*m+1, a, sR) + cB*gamma_poly(2*m+2, a, sR) + cB**2/4*gamma_poly(2*m+3, a, sR))
    return beta**m*CB**2*(phi0 + integ)
# --- end of the copy; the exponent is now a parameter ---
def Ftilde(L, R0, L0, ex):
    L = mp.mpf(L); R0 = mp.mpf(R0)
    return (ex - 2*cB*mp.sqrt(R0))*L + 2*cB/mp.sqrt(R0) + mp.log((mp.mpf('1.05')*P_relaxed(2, L, R0, L0) + P_relaxed(3, L, R0, L0))/b1)

constants: c_B = 0.142960647493, C_B = 33.2845000532, b1 (record, certified upper) = 8.6980807, b1sym = (2e^-1/Z)^2 = 10.984421 (Z = 0.221996908084)
L =     50  P_2:  Lean-transcription = 945084322266075.5717   r0_73_check = 945084322266075.5717   |rel diff| = 0.0
L =     50  P_3:  Lean-transcription = 3510403813783391145.6   r0_73_check = 3510403813783391145.6   |rel diff| = 0.0
L =     50  F13 at the record's b1: Lean-transcription = -0.322723205707068   r0_73_check Ftilde = -0.322723205707068   diff = 0.0
L =     50  F13 at b1sym (the Lean F13): -0.556098819488212   (= record value - log(b1sym/b1) = -0.556098819488212)
L =    100  P_2:  Lean-transcription = 14231554518093023.099   r0_73_check = 14231554518093023.099   |rel diff| = 0.0
L =    100  P_3:  Lean-transcription = 1.0479833957011906173e+20   r0_73_check = 1.0479833957011906173e+20   |rel diff| = 0.0
L =    100  F13 at the record's b1: Lean-transcription = -37.8221871827996   r0_73_check Ftilde = -37.8221871827996   diff = 0.0
L =    100  F13 at b1sym (the Lean F13): -38.0555627965808   (= record value - log(b1sym/b1) = -38.0555627965808)
L =   1000  P_2:  Lean-transcription = 1.3473484234084491477e+20   r0_73_check = 1.3473484234084491477e+20   |rel diff| = 0.0
L =   1000  P_3:  Lean-transcription = 9.8476361482896789809e+24   r0_73_check = 9.8476361482896789809e+24   |rel diff| = 0.0
L =   1000  F13 at the record's b1: Lean-transcription = -762.492965035373   r0_73_check Ftilde = -762.492965035373   diff = 0.0
L =   1000  F13 at b1sym (the Lean F13): -762.726340649154   (= record value - log(b1sym/b1) = -762.726340649154)
L =  10000  P_2:  Lean-transcription = 1.3399815087979899083e+24   r0_73_check = 1.3399815087979899083e+24   |rel diff| = 0.0
L =  10000  P_3:  Lean-transcription = 9.7866743029735189413e+29   r0_73_check = 9.7866743029735189413e+29   |rel diff| = 0.0
L =  10000  F13 at the record's b1: Lean-transcription = -8112.19979935196   r0_73_check Ftilde = -8112.19979935196   diff = 0.0
L =  10000  F13 at b1sym (the Lean F13): -8112.43317496575   (= record value - log(b1sym/b1) = -8112.43317496575)
decrease threshold 5/(2 c_B sqrt 73 - 13/8) = 6.1131225
RESULT: PASS -- P2, P3 and F13 agree term for term at all four values of L
exit=0
