Sat Sep 26 01:09:57 IST 2026
(1) character sums: N_1..N_4 = [5, 55, 380, 2475]  (record: [5, 55, 380, 2475]);  a_1..a_4 = [5, 25, 125, 605]  [0.1s]
points: (x-0, y-1) (x-0, y-6) (x**2 + 1, y-(1)) (x-1, y^2-3) (x**3 + x**2 + 1, y-(4*x**2 + 6*x + 2)) (x**2 + 3*x + 1, y^2-(2*x - 3))
[A] box (2, 1, 2), dim R/J = 11, |F| = 18, unknowns 198, conditions 63, kernel dim 135  [1.2s]
[A] pairs checked 153; mismatches against Theorem 3.3: 0
   Gamma_0 cap Gamma_(0, 0, 1): deg/log7 = 2
   Gamma_0 cap Gamma_(0, 0, 2): deg/log7 = 2
   Gamma_0 cap Gamma_(0, 1, 0): deg/log7 = 1
   Gamma_0 cap Gamma_(0, 1, 1): deg/log7 = 0
   Gamma_0 cap Gamma_(0, 1, 2): deg/log7 = 0
   Gamma_0 cap Gamma_(1, 0, 0): deg/log7 = 1
   Gamma_0 cap Gamma_(1, 0, 1): deg/log7 = 0
   Gamma_0 cap Gamma_(1, 0, 2): deg/log7 = 0
   Gamma_0 cap Gamma_(1, 1, 0): deg/log7 = 0
   Gamma_0 cap Gamma_(1, 1, 1): deg/log7 = 0
   Gamma_0 cap Gamma_(1, 1, 2): deg/log7 = 0
   Gamma_0 cap Gamma_(2, 0, 0): deg/log7 = 1
   Gamma_0 cap Gamma_(2, 0, 1): deg/log7 = 0
   Gamma_0 cap Gamma_(2, 0, 2): deg/log7 = 0
   Gamma_0 cap Gamma_(2, 1, 0): deg/log7 = 0
   Gamma_0 cap Gamma_(2, 1, 1): deg/log7 = 0
   Gamma_0 cap Gamma_(2, 1, 2): deg/log7 = 0
[B] box (1, 1, 1, 1), dim R/J = 20, |F| = 16, unknowns 320, conditions 80, kernel dim 240  [162.8s]
[B] pairs checked 120; mismatches against Theorem 3.3: 0
   Gamma_0 cap Gamma_(0, 0, 0, 1): deg/log7 = 4
   Gamma_0 cap Gamma_(0, 0, 1, 0): deg/log7 = 3
   Gamma_0 cap Gamma_(0, 0, 1, 1): deg/log7 = 0
   Gamma_0 cap Gamma_(0, 1, 0, 0): deg/log7 = 2
   Gamma_0 cap Gamma_(0, 1, 0, 1): deg/log7 = 0
   Gamma_0 cap Gamma_(0, 1, 1, 0): deg/log7 = 0
   Gamma_0 cap Gamma_(0, 1, 1, 1): deg/log7 = 0
   Gamma_0 cap Gamma_(1, 0, 0, 0): deg/log7 = 1
   Gamma_0 cap Gamma_(1, 0, 0, 1): deg/log7 = 0
   Gamma_0 cap Gamma_(1, 0, 1, 0): deg/log7 = 0
   Gamma_0 cap Gamma_(1, 0, 1, 1): deg/log7 = 0
   Gamma_0 cap Gamma_(1, 1, 0, 0): deg/log7 = 0
   Gamma_0 cap Gamma_(1, 1, 0, 1): deg/log7 = 0
   Gamma_0 cap Gamma_(1, 1, 1, 0): deg/log7 = 0
   Gamma_0 cap Gamma_(1, 1, 1, 1): deg/log7 = 0
(3) N = 1: 5 effective divisors of degree 1; sum deg(Gamma_0 cap Gamma_n)/log 7 = 5; N_N = 5  OK
(3) N = 2: 40 effective divisors of degree 2; sum deg(Gamma_0 cap Gamma_n)/log 7 = 55; N_N = 55  OK
(3) N = 3: 285 effective divisors of degree 3; sum deg(Gamma_0 cap Gamma_n)/log 7 = 380; N_N = 380  OK
(3) N = 4: 2000 effective divisors of degree 4; sum deg(Gamma_0 cap Gamma_n)/log 7 = 2475; N_N = 2475  OK
RESULT: pair mismatches 0; N-sums PASS; total 164.5s
real 164.63
user 164.38
sys 0.23
