Sat Sep 26 01:13:44 IST 2026
box = divisors of 5040 (60 indices): 148 printed congruences, integer kernel rank 60 (projected generators of L)  [0.05s]
pairs m < n in the box: 1770; mismatches lattice vs closed form: 0
  (Gamma_1, Gamma_2): I = 2Z   closed form 2
  (Gamma_1, Gamma_4): I = 2Z   closed form 2
  (Gamma_2, Gamma_4): I = 4Z   closed form 4
  (Gamma_2, Gamma_3): I = 1Z   closed form 1
  (Gamma_2, Gamma_6): I = 3Z   closed form 3
  (Gamma_3, Gamma_9): I = 9Z   closed form 9
  (Gamma_4, Gamma_12): I = 3Z   closed form 3
  (Gamma_6, Gamma_12): I = 4Z   closed form 4
  (Gamma_8, Gamma_24): I = 3Z   closed form 3
  (Gamma_5, Gamma_35): I = 7Z   closed form 7
  (Gamma_10, Gamma_15): I = 1Z   closed form 1
  (Gamma_1, Gamma_6): I = 1Z   closed form 1
  (Gamma_16, Gamma_48): I = 3Z   closed form 3
  (Gamma_9, Gamma_63): I = 7Z   closed form 7
done in 0.06s
real 0.08
user 0.07
sys 0.00
