## rho = pi/128, steps 24543693, p1 = 21.3718
  inclusions (violations): P1⊆P 0  P⊆P2 0  P1⊆P3 0  P3⊆P2 0
  queue brackets (violations): e1<=eS 0  eS<=e2 0  e2<=e0 (unsaturated) 0  e3<=eS 0
  P^(1) first differs from P at x = 1.0044e+04  (Prop. 3.3: not below p1^3 = 9.7617e+03)
  P^(2) first differs from P at x = 2.1470e+05  (Prop. 3.3: not below p1^4 = 2.0863e+05)
  P^(3) first differs from P at x = 4.5885e+06  (Prop. 3.3: not below p1^5 = 4.4587e+06)
  x<= 1e+05 (tau 0.283): max e0 1  e1 1  eS 1  e2 1  e3 1
  x<= 1e+06 (tau 0.339): max e0 2  e1 2  eS 2  e2 2  e3 2
  x<= 1e+07 (tau 0.396): max e0 3  e1 3  eS 3  e2 3  e3 3
  x<= 1e+08 (tau 0.452): max e0 4  e1 4  eS 4  e2 4  e3 4
  x<= 1e+09 (tau 0.509): max e0 5  e1 5  eS 5  e2 5  e3 5
## rho = pi/64, steps 49087385, p1 = 11.1859
  inclusions (violations): P1⊆P 0  P⊆P2 0  P1⊆P3 0  P3⊆P2 0
  queue brackets (violations): e1<=eS 0  eS<=e2 0  e2<=e0 (unsaturated) 0  e3<=eS 0
  P^(1) first differs from P at x = 1.4983e+03  (Prop. 3.3: not below p1^3 = 1.3996e+03)
  P^(2) first differs from P at x = 1.6777e+04  (Prop. 3.3: not below p1^4 = 1.5656e+04)
  P^(3) first differs from P at x = 1.8768e+05  (Prop. 3.3: not below p1^5 = 1.7513e+05)
  x<= 1e+05 (tau 0.565): max e0 2  e1 2  eS 2  e2 2  e3 2
  x<= 1e+06 (tau 0.678): max e0 3  e1 3  eS 3  e2 3  e3 3
  x<= 1e+07 (tau 0.791): max e0 5  e1 4  eS 4  e2 4  e3 4
  x<= 1e+08 (tau 0.904): max e0 7  e1 5  eS 5  e2 5  e3 5
  x<= 1e+09 (tau 1.017): max e0 10  e1 7  eS 7  e2 7  e3 7
