## tau = 0.3
#  rho      tau_bin  nsteps     lam    D(1) pred   D(4) pred   D(16) pred  tailratio  meanEratio  phi-f0
  0.01227  0.2967  169842138  0.1096  0.992 0.993  0.970 0.974  0.897 0.896   0.983      0.913      +0.0251
  0.01636  0.3014     716117  0.1066  0.984 0.988  0.947 0.953  0.812 0.812   nan      0.838      +0.0301
  0.02454  0.3108       3396  0.1028  0.932 0.973  0.898 0.893  0.536 0.573   nan      0.300      +0.0377
## tau = 0.6
#  rho      tau_bin  nsteps     lam    D(1) pred   D(4) pred   D(16) pred  tailratio  meanEratio  phi-f0
  0.02454  0.5934  339684276  0.2170  0.987 0.987  0.953 0.949  0.834 0.798   1.049      0.915      +0.0288
  0.03272  0.6028    1432234  0.2157  0.976 0.978  0.914 0.912  0.705 0.648   1.047      0.844      +0.0333
  0.04909  0.5934       3820  0.2060  0.946 0.951  0.814 0.803  0.602 0.212   nan      0.676      +0.0398
## tau = 1.0
#  rho      tau_bin  nsteps     lam    D(1) pred   D(4) pred   D(16) pred  tailratio  meanEratio  phi-f0
  0.04909  0.9890   12081071  0.3372  0.976 0.970  0.910 0.880  0.754 0.518   1.158      0.873      +0.0278
  0.06545  1.0173     161080  0.3426  0.959 0.950  0.851 0.799  0.633 0.198   1.180      0.805      +0.0298
## tau = 1.15
#  rho      tau_bin  nsteps     lam    D(1) pred   D(4) pred   D(16) pred  tailratio  meanEratio  phi-f0
  0.04909  1.1585  382037012  0.3843  0.981 0.974  0.930 0.894  0.801 0.577   1.150      0.901      +0.0235
  0.06545  1.1680    1610809  0.3842  0.968 0.955  0.882 0.821  0.697 0.285   1.171      0.844      +0.0259
  0.09817  1.1303       4296  0.3736  0.959 0.906  0.839 0.623  0.495 -0.508   nan      0.815      +0.0274
## tau = 1.5
#  rho      tau_bin  nsteps     lam    D(1) pred   D(4) pred   D(16) pred  tailratio  meanEratio  phi-f0
  0.06545  1.5070  286446932  0.4648  0.979 0.963  0.918 0.852  0.780 0.408   1.206      0.885      +0.0187
  0.09817  1.5259     241621  0.4677  0.962 0.925  0.850 0.699  0.669 -0.205   1.269      0.805      +0.0194
  0.13090  1.5070       5729  0.4624  0.932 0.876  0.735 0.503  0.421 -0.986   nan      0.708      +0.0211
## tau = 2.0
#  rho      tau_bin  nsteps     lam    D(1) pred   D(4) pred   D(16) pred  tailratio  meanEratio  phi-f0
  0.09817  1.9780   24162142  0.5514  0.971 0.936  0.888 0.744  0.734 -0.022   1.340      0.840      +0.0130
