# m_32_1e10.tsv rho=0.0981748   x  tau  sum_{p<=x}1/p  Ein(tau)  diff  lattice_sum  Delta_rho
  1e+01  0.2261  0.164124  0.213896  -0.049772  0.164124  0.035097
  1e+02  0.4521  0.357607  0.405739  -0.048132  0.378958  0.035097
  1e+03  0.6782  0.526491  0.578532  -0.052041  0.602130  0.035097
  1e+04  0.9042  0.690158  0.734821  -0.044663  0.828297  0.035097
  1e+05  1.1303  0.837173  0.876767  -0.039594  1.054314  0.035097
  1e+06  1.3563  0.970825  1.006209  -0.035383  1.280374  0.035097
  1e+07  1.5824  1.092719  1.124715  -0.031995  1.506429  0.035097
  1e+08  1.8084  1.204319  1.233626  -0.029307  1.732485  0.035097
  1e+09  2.0345  1.306919  1.334092  -0.027173  1.958541  0.035097
  1e+10  2.2606  1.401615  1.427098  -0.025483  2.184597  0.035097
# m_64_1e10.tsv rho=0.0490874   x  tau  sum_{p<=x}1/p  Ein(tau)  diff  lattice_sum  Delta_rho
  1e+02  0.2261  0.164965  0.213896  -0.048931  0.164965  0.051573
  1e+03  0.3391  0.263269  0.312375  -0.049106  0.276491  0.051573
  1e+04  0.4521  0.360231  0.405739  -0.045507  0.389574  0.051573
  1e+05  0.5651  0.453065  0.494348  -0.041282  0.502588  0.051573
  1e+06  0.6782  0.541155  0.578532  -0.037377  0.615612  0.051573
  1e+07  0.7912  0.624741  0.658596  -0.033855  0.728640  0.051573
  1e+08  0.9042  0.704107  0.734821  -0.030714  0.841668  0.051573
  1e+09  1.0173  0.779549  0.807465  -0.027916  0.954696  0.051573
  1e+10  1.1303  0.851341  0.876767  -0.025426  1.067724  0.051573
# m_128_1e10.tsv rho=0.0245437   x  tau  sum_{p<=x}1/p  Ein(tau)  diff  lattice_sum  Delta_rho
  1e+02  0.1130  0.062890  0.109913  -0.047023  0.062890  0.042799
  1e+03  0.1695  0.122237  0.162618  -0.040381  0.124367  0.042799
  1e+04  0.2261  0.174948  0.213896  -0.038948  0.180362  0.042799
  1e+05  0.2826  0.226934  0.263798  -0.036865  0.236913  0.042799
  1e+06  0.3391  0.277478  0.312375  -0.034896  0.293431  0.042799
  1e+07  0.3956  0.326651  0.359673  -0.033021  0.349945  0.042799
  1e+08  0.4521  0.374493  0.405739  -0.031246  0.406459  0.042799
  1e+09  0.5086  0.421047  0.450616  -0.029569  0.462973  0.042799
  1e+10  0.5651  0.466362  0.494348  -0.027986  0.519486  0.042799
# m_256_1e10.tsv rho=0.0122718   x  tau  sum_{p<=x}1/p  Ein(tau)  diff  lattice_sum  Delta_rho
  1e+03  0.0848  0.053878  0.083008  -0.029129  0.053878  0.029906
  1e+04  0.1130  0.081544  0.109913  -0.028369  0.082424  0.029906
  1e+05  0.1413  0.108804  0.136447  -0.027643  0.110649  0.029906
  1e+06  0.1695  0.135730  0.162618  -0.026888  0.138908  0.029906
  1e+07  0.1978  0.162291  0.188432  -0.026141  0.167165  0.029906
  1e+08  0.2261  0.188483  0.213896  -0.025413  0.195422  0.029906
  1e+09  0.2543  0.214312  0.239016  -0.024704  0.223679  0.029906
  1e+10  0.2826  0.239783  0.263798  -0.024016  0.251936  0.029906
