centre c: z = (3143.2206824215 0) + (0.3152587994 0) i
   L  4800: [1.6557370640183e-1076 +/- 3.40e-1090] + [2.0178675679148e-1076 +/- 1.98e-1090] i   (rad 4.9e-1435, 4.9e-1435) (0.70s)
   T   256: [1.6557370640183e-1076 +/- 3.40e-1090] + [2.0178675679148e-1076 +/- 1.98e-1090] i   (rad 2.3e-1137, 2.3e-1137) (0.00s)
   T  1024: [1.6557370640183e-1076 +/- 3.40e-1090] + [2.0178675679148e-1076 +/- 1.98e-1090] i   (rad 8.3e-1289, 8.3e-1289) (0.04s)
   L vs T256: overlap True ; |L - T| <= 3.31e-1137
   L vs T1024: overlap True ; |L - T| <= 1.18e-1288
z0* (NOTE 50-digit zero, truncated): z = (3143.220682421536585287 0) + (0.3152587993782148453823 0) i
   L  4800: [2.5787820316330e-1085 +/- 5.74e-1100] + [1.7049877228997e-1084 +/- 2.62e-1098] i   (rad 4.9e-1435, 4.9e-1435) (0.68s)
   T   256: [2.5787820316330e-1085 +/- 5.74e-1100] + [1.7049877228997e-1084 +/- 2.62e-1098] i   (rad 2.3e-1137, 2.3e-1137) (0.00s)
   T  1024: [2.5787820316330e-1085 +/- 5.74e-1100] + [1.7049877228997e-1084 +/- 2.62e-1098] i   (rad 8.3e-1289, 8.3e-1289) (0.04s)
   L vs T256: overlap True ; |L - T| <= 3.30e-1137
   L vs T1024: overlap True ; |L - T| <= 1.18e-1288
r=1e-3 corner SW: z = (3143.2206824215 -1e-3) + (0.3152587994 -1e-3) i
   L  4800: [-5.1544997819556e-1069 +/- 2.87e-1084] + [6.9527026401742e-1069 +/- 4.75e-1083] i   (rad 6.6e-1435, 6.6e-1435) (0.68s)
   T   256: [-5.1544997819556e-1069 +/- 2.87e-1084] + [6.9527026401742e-1069 +/- 4.75e-1083] i   (rad 4.5e-1137, 4.5e-1137) (0.00s)
   T  1024: [-5.1544997819556e-1069 +/- 2.87e-1084] + [6.9527026401742e-1069 +/- 4.75e-1083] i   (rad 8.3e-1289, 8.3e-1289) (0.04s)
   L vs T256: overlap True ; |L - T| <= 6.39e-1137
   L vs T1024: overlap True ; |L - T| <= 1.17e-1288
r=1e-3 corner SE: z = (3143.2206824215 1e-3) + (0.3152587994 -1e-3) i
   L  4800: [-6.9679254271855e-1069 +/- 3.46e-1083] + [-5.1198207397685e-1069 +/- 2.50e-1083] i   (rad 6.6e-1435, 6.6e-1435) (0.68s)
   T   256: [-6.9679254271855e-1069 +/- 3.46e-1083] + [-5.1198207397685e-1069 +/- 2.50e-1083] i   (rad 4.5e-1137, 4.5e-1137) (0.00s)
   T  1024: [-6.9679254271855e-1069 +/- 3.46e-1083] + [-5.1198207397685e-1069 +/- 2.50e-1083] i   (rad 8.3e-1289, 8.3e-1289) (0.04s)
   L vs T256: overlap True ; |L - T| <= 6.40e-1137
   L vs T1024: overlap True ; |L - T| <= 1.18e-1288
r=1e-3 corner NE: z = (3143.2206824215 1e-3) + (0.3152587994 1e-3) i
   L  4800: [5.1349801452948e-1069 +/- 3.92e-1083] + [-7.0026807507074e-1069 +/- 4.15e-1083] i   (rad 6.6e-1435, 6.6e-1435) (0.68s)
   T   256: [5.1349801452948e-1069 +/- 3.92e-1083] + [-7.0026807507074e-1069 +/- 4.15e-1083] i   (rad 4.5e-1137, 4.5e-1137) (0.00s)
   T  1024: [5.1349801452948e-1069 +/- 3.92e-1083] + [-7.0026807507074e-1069 +/- 4.15e-1083] i   (rad 8.3e-1289, 8.3e-1289) (0.04s)
   L vs T256: overlap True ; |L - T| <= 6.43e-1137
   L vs T1024: overlap True ; |L - T| <= 1.18e-1288
r=1e-3 corner NW: z = (3143.2206824215 -1e-3) + (0.3152587994 1e-3) i
   L  4800: [6.9874455779382e-1069 +/- 4.45e-1085] + [5.1697997756759e-1069 +/- 1.91e-1083] i   (rad 6.5e-1435, 6.5e-1435) (0.68s)
   T   256: [6.9874455779382e-1069 +/- 4.45e-1085] + [5.1697997756759e-1069 +/- 1.91e-1083] i   (rad 4.5e-1137, 4.5e-1137) (0.00s)
   T  1024: [6.9874455779382e-1069 +/- 4.45e-1085] + [5.1697997756759e-1069 +/- 1.91e-1083] i   (rad 8.3e-1289, 8.3e-1289) (0.04s)
   L vs T256: overlap True ; |L - T| <= 6.43e-1137
   L vs T1024: overlap True ; |L - T| <= 1.17e-1288
r=1e-3 mid S: z = (3143.2206824215 0) + (0.3152587994 -1e-3) i
   L  4800: [-6.0487465975843e-1069 +/- 3.44e-1083] + [9.1158497782019e-1070 +/- 1.81e-1084] i   (rad 4.9e-1435, 4.9e-1435) (0.68s)
   T   256: [-6.0487465975843e-1069 +/- 3.44e-1083] + [9.1158497782019e-1070 +/- 1.81e-1084] i   (rad 2.3e-1137, 2.3e-1137) (0.00s)
   T  1024: [-6.0487465975843e-1069 +/- 3.44e-1083] + [9.1158497782019e-1070 +/- 1.81e-1084] i   (rad 8.3e-1289, 8.3e-1289) (0.04s)
   L vs T256: overlap True ; |L - T| <= 3.30e-1137
   L vs T1024: overlap True ; |L - T| <= 1.18e-1288
r=1e-3 mid E: z = (3143.2206824215 1e-3) + (0.3152587994 0) i
   L  4800: [-9.2894320001352e-1070 +/- 1.43e-1084] + [-6.0563421261575e-1069 +/- 4.12e-1083] i   (rad 6.6e-1435, 6.6e-1435) (0.68s)
   T   256: [-9.2894320001352e-1070 +/- 1.43e-1084] + [-6.0563421261575e-1069 +/- 4.12e-1083] i   (rad 4.5e-1137, 4.5e-1137) (0.00s)
   T  1024: [-9.2894320001352e-1070 +/- 1.43e-1084] + [-6.0563421261575e-1069 +/- 4.12e-1083] i   (rad 8.3e-1289, 8.3e-1289) (0.04s)
   L vs T256: overlap True ; |L - T| <= 6.41e-1137
   L vs T1024: overlap True ; |L - T| <= 1.18e-1288
r=1e-3 mid N: z = (3143.2206824215 0) + (0.3152587994 1e-3) i
   L  4800: [6.0737362338672e-1069 +/- 4.82e-1083] + [-9.2134453587849e-1070 +/- 1.96e-1084] i   (rad 4.9e-1435, 4.9e-1435) (0.68s)
   T   256: [6.0737362338672e-1069 +/- 4.82e-1083] + [-9.2134453587849e-1070 +/- 1.96e-1084] i   (rad 2.3e-1137, 2.3e-1137) (0.00s)
   T  1024: [6.0737362338672e-1069 +/- 4.82e-1083] + [-9.2134453587849e-1070 +/- 1.96e-1084] i   (rad 8.3e-1289, 8.3e-1289) (0.04s)
   L vs T256: overlap True ; |L - T| <= 3.31e-1137
   L vs T1024: overlap True ; |L - T| <= 1.18e-1288
r=1e-3 mid W: z = (3143.2206824215 -1e-3) + (0.3152587994 0) i
   L  4800: [9.0395426307615e-1070 +/- 4.62e-1084] + [6.0661024618061e-1069 +/- 4.56e-1083] i   (rad 6.6e-1435, 6.6e-1435) (0.69s)
   T   256: [9.0395426307615e-1070 +/- 4.62e-1084] + [6.0661024618061e-1069 +/- 4.56e-1083] i   (rad 4.5e-1137, 4.5e-1137) (0.00s)
   T  1024: [9.0395426307615e-1070 +/- 4.62e-1084] + [6.0661024618061e-1069 +/- 4.56e-1083] i   (rad 8.3e-1289, 8.3e-1289) (0.04s)
   L vs T256: overlap True ; |L - T| <= 6.41e-1137
   L vs T1024: overlap True ; |L - T| <= 1.17e-1288
r=4e-11 corner SW: z = (3143.2206824215 -4e-11) + (0.3152587994 -4e-11) i
   L  4800: [-4.0217298040187e-1077 +/- 9.88e-1092] + [4.8089430071314e-1076 +/- 2.12e-1090] i   (rad 6.6e-1435, 6.6e-1435) (0.69s)
   T   256: [-4.0217298040187e-1077 +/- 9.88e-1092] + [4.8089430071314e-1076 +/- 2.12e-1090] i   (rad 4.5e-1137, 4.5e-1137) (0.00s)
   T  1024: [-4.0217298040187e-1077 +/- 9.88e-1092] + [4.8089430071314e-1076 +/- 2.12e-1090] i   (rad 8.3e-1289, 8.3e-1289) (0.04s)
   L vs T256: overlap True ; |L - T| <= 6.40e-1137
   L vs T1024: overlap True ; |L - T| <= 1.18e-1288
r=4e-11 corner SE: z = (3143.2206824215 4e-11) + (0.3152587994 -4e-11) i
   L  4800: [-1.1353383754419e-1076 +/- 5.37e-1091] + [-4.0042475949396e-1078 +/- 4.99e-1092] i   (rad 6.6e-1435, 6.6e-1435) (0.78s)
   T   256: [-1.1353383754419e-1076 +/- 5.37e-1091] + [-4.0042475949396e-1078 +/- 4.99e-1092] i   (rad 4.5e-1137, 4.5e-1137) (0.00s)
   T  1024: [-1.1353383754419e-1076 +/- 5.37e-1091] + [-4.0042475949396e-1078 +/- 4.99e-1092] i   (rad 8.3e-1289, 8.3e-1289) (0.04s)
   L vs T256: overlap True ; |L - T| <= 6.41e-1137
   L vs T1024: overlap True ; |L - T| <= 1.18e-1288
r=4e-11 corner NE: z = (3143.2206824215 4e-11) + (0.3152587994 4e-11) i
   L  4800: [3.7136471081262e-1076 +/- 1.87e-1090] + [-7.7320787210140e-1077 +/- 3.41e-1091] i   (rad 6.6e-1435, 6.6e-1435) (0.73s)
   T   256: [3.7136471081262e-1076 +/- 1.87e-1090] + [-7.7320787210140e-1077 +/- 3.41e-1091] i   (rad 4.5e-1137, 4.5e-1137) (0.00s)
   T  1024: [3.7136471081262e-1076 +/- 1.87e-1090] + [-7.7320787210140e-1077 +/- 3.41e-1091] i   (rad 8.3e-1289, 8.3e-1289) (0.04s)
   L vs T256: overlap True ; |L - T| <= 6.41e-1137
   L vs T1024: overlap True ; |L - T| <= 1.18e-1288
r=4e-11 corner NW: z = (3143.2206824215 -4e-11) + (0.3152587994 4e-11) i
   L  4800: [4.4468125037909e-1076 +/- 1.92e-1090] + [4.0757776125787e-1076 +/- 7.89e-1091] i   (rad 6.6e-1435, 6.6e-1435) (0.75s)
   T   256: [4.4468125037909e-1076 +/- 1.92e-1090] + [4.0757776125787e-1076 +/- 7.89e-1091] i   (rad 4.5e-1137, 4.5e-1137) (0.00s)
   T  1024: [4.4468125037909e-1076 +/- 1.92e-1090] + [4.0757776125787e-1076 +/- 7.89e-1091] i   (rad 8.3e-1289, 8.3e-1289) (0.04s)
   L vs T256: overlap True ; |L - T| <= 6.40e-1137
   L vs T1024: overlap True ; |L - T| <= 1.18e-1288
XCHECK VERDICT: all 14 points overlap (L vs T at 256 and 1024 bits): True ; total 10.3s
