[2026-09-17 10:35:28] 36 recorded on-line zeros in [55.699, 115.699]; t = 85.6993484853776; L* = 86.90744354035114
    u = 57.041500826455426 -> 57.041096686224792536  shift = -4.041e-04  |f_DH(1/2+iu)| recorded = 1.497e-03, refined = 7.25e-40;  |Z_DH(u)| recorded = 4.29e-22
    u = 58.39524595005148  -> 58.395102945332528532  shift = -1.430e-04  |f_DH(1/2+iu)| recorded = 4.100e-04, refined = 3.82e-40;  |Z_DH(u)| recorded = 4.09e-23
    u = 59.76703281804963  -> 59.766792343475193379  shift = -2.405e-04  |f_DH(1/2+iu)| recorded = 8.607e-04, refined = 2.32e-40;  |Z_DH(u)| recorded = 2.94e-23
    u = 61.70213246169716  -> 61.702010047247522212  shift = -1.224e-04  |f_DH(1/2+iu)| recorded = 5.268e-04, refined = 1.38e-39;  |Z_DH(u)| recorded = 3.96e-24
    u = 63.28010994884271  -> 63.279596045160846616  shift = -5.139e-04  |f_DH(1/2+iu)| recorded = 1.911e-03, refined = 3.56e-40;  |Z_DH(u)| recorded = 4.19e-24
    u = 64.67701380557345  -> 64.676718897464743827  shift = -2.949e-04  |f_DH(1/2+iu)| recorded = 1.250e-03, refined = 8.15e-40;  |Z_DH(u)| recorded = 9.20e-25
    u = 66.65606699935569  -> 66.655757840827916105  shift = -3.092e-04  |f_DH(1/2+iu)| recorded = 1.315e-03, refined = 1.61e-39;  |Z_DH(u)| recorded = 2.06e-25
    u = 68.34730101758207  -> 68.347099472687974816  shift = -2.015e-04  |f_DH(1/2+iu)| recorded = 3.537e-04, refined = 7.23e-41;  |Z_DH(u)| recorded = 1.48e-26
    u = 68.93625557410306  -> 68.936700215058083664  shift = +4.446e-04  |f_DH(1/2+iu)| recorded = 8.759e-04, refined = 9.56e-40;  |Z_DH(u)| recorded = 2.31e-26
    u = 71.43065921734906  -> 71.429835774129078924  shift = -8.234e-04  |f_DH(1/2+iu)| recorded = 3.310e-03, refined = 2.10e-39;  |Z_DH(u)| recorded = 1.24e-26
    u = 72.51150823363596  -> 72.511343013207412267  shift = -1.652e-04  |f_DH(1/2+iu)| recorded = 6.084e-04, refined = 2.77e-39;  |Z_DH(u)| recorded = 9.80e-28
    u = 74.3255439140863   -> 74.324981748955939972  shift = -5.622e-04  |f_DH(1/2+iu)| recorded = 2.552e-03, refined = 4.96e-40;  |Z_DH(u)| recorded = 9.95e-28
    u = 75.90981424508291  -> 75.909395893988398892  shift = -4.184e-04  |f_DH(1/2+iu)| recorded = 1.519e-03, refined = 1.84e-39;  |Z_DH(u)| recorded = 1.72e-28
    u = 77.2268137625412   -> 77.226418275633045172  shift = -3.955e-04  |f_DH(1/2+iu)| recorded = 1.372e-03, refined = 2.63e-39;  |Z_DH(u)| recorded = 5.53e-29
    u = 78.71779014326027  -> 78.71740992631090878  shift = -3.802e-04  |f_DH(1/2+iu)| recorded = 1.575e-03, refined = 1.44e-40;  |Z_DH(u)| recorded = 1.98e-29
    u = 80.32842663489554  -> 80.327947086090337299  shift = -4.795e-04  |f_DH(1/2+iu)| recorded = 2.180e-03, refined = 4.46e-40;  |Z_DH(u)| recorded = 7.77e-30
    u = 81.92603172322526  -> 81.925402391830996618  shift = -6.293e-04  |f_DH(1/2+iu)| recorded = 2.487e-03, refined = 2.82e-39;  |Z_DH(u)| recorded = 2.54e-30
    u = 83.10894934679578  -> 83.108841084749819871  shift = -1.083e-04  |f_DH(1/2+iu)| recorded = 5.012e-04, refined = 1.57e-39;  |Z_DH(u)| recorded = 2.03e-31
    u = 87.64752783514871  -> 87.647476332559738753  shift = -5.150e-05  |f_DH(1/2+iu)| recorded = 2.563e-04, refined = 3.54e-39;  |Z_DH(u)| recorded = 2.98e-33
    u = 89.43961870345946  -> 89.43918879881651351  shift = -4.299e-04  |f_DH(1/2+iu)| recorded = 1.977e-03, refined = 3.12e-39;  |Z_DH(u)| recorded = 5.65e-33
    u = 90.72492745897941  -> 90.724504774418695616  shift = -4.227e-04  |f_DH(1/2+iu)| recorded = 1.727e-03, refined = 2.78e-39;  |Z_DH(u)| recorded = 1.80e-33
    u = 92.18311095057965  -> 92.18274358947845004  shift = -3.674e-04  |f_DH(1/2+iu)| recorded = 1.702e-03, refined = 1.82e-39;  |Z_DH(u)| recorded = 5.68e-34
    u = 93.78145486013116  -> 93.780943998317702984  shift = -5.109e-04  |f_DH(1/2+iu)| recorded = 2.344e-03, refined = 1.11e-39;  |Z_DH(u)| recorded = 2.24e-34
    u = 95.3487028099305   -> 95.348660537642022142  shift = -4.227e-05  |f_DH(1/2+iu)| recorded = 1.294e-04, refined = 1.26e-39;  |Z_DH(u)| recorded = 3.62e-36
    u = 96.2917677694835   -> 96.291745418975218249  shift = -2.235e-05  |f_DH(1/2+iu)| recorded = 7.228e-05, refined = 1.85e-39;  |Z_DH(u)| recorded = 9.67e-37
    u = 97.97407907587134  -> 97.973624940696999974  shift = -4.541e-04  |f_DH(1/2+iu)| recorded = 2.369e-03, refined = 3.35e-39;  |Z_DH(u)| recorded = 8.50e-36
    u = 99.68305666486454  -> 99.682294345954139576  shift = -7.623e-04  |f_DH(1/2+iu)| recorded = 2.866e-03, refined = 1.22e-39;  |Z_DH(u)| recorded = 2.70e-36
    u = 100.59899262113166 -> 100.59899380779228486  shift = +1.187e-06  |f_DH(1/2+iu)| recorded = 4.849e-06, refined = 1.29e-40;  |Z_DH(u)| recorded = 2.23e-39
    u = 102.82034971047517 -> 102.81920982710841301  shift = -1.140e-03  |f_DH(1/2+iu)| recorded = 3.699e-03, refined = 2.53e-39;  |Z_DH(u)| recorded = 2.98e-37
    u = 103.64743000006594 -> 103.64740913767407403  shift = -2.086e-05  |f_DH(1/2+iu)| recorded = 5.378e-05, refined = 1.08e-39;  |Z_DH(u)| recorded = 2.27e-39
    u = 104.95712422795589 -> 104.95698407880192507  shift = -1.401e-04  |f_DH(1/2+iu)| recorded = 5.718e-04, refined = 2.62e-39;  |Z_DH(u)| recorded = 8.66e-39
    u = 106.5801536640148  -> 106.57969715624982147  shift = -4.565e-04  |f_DH(1/2+iu)| recorded = 2.439e-03, refined = 1.34e-39;  |Z_DH(u)| recorded = 1.04e-38
    u = 108.20228056444257 -> 108.20210507205939854  shift = -1.755e-04  |f_DH(1/2+iu)| recorded = 7.014e-04, refined = 4.23e-40;  |Z_DH(u)| recorded = 8.37e-40
    u = 109.22800097533681 -> 109.2278308203790337  shift = -1.702e-04  |f_DH(1/2+iu)| recorded = 6.860e-04, refined = 6.28e-40;  |Z_DH(u)| recorded = 3.66e-40
    u = 110.86627529005253 -> 110.86580591393692909  shift = -4.694e-04  |f_DH(1/2+iu)| recorded = 2.507e-03, refined = 7.00e-40;  |Z_DH(u)| recorded = 3.71e-40
    u = 112.37697972142182 -> 112.37639423691519958  shift = -5.855e-04  |f_DH(1/2+iu)| recorded = 2.700e-03, refined = 1.60e-39;  |Z_DH(u)| recorded = 1.22e-40
[2026-09-17 10:35:36] over the 36 points: |displacement| from 1.187e-06 (u = 100.59899262113166) to 1.140e-03 (u = 102.82034971047517);  |f_DH| at the recorded points from 4.849e-06 to 3.699e-03;  max |Z_DH| at the recorded points 4.29e-22;  max |f_DH| at the refined points 3.54e-39;  8s
    transform check: Bhat(0) trapezoid(M = 16384, 40 digits) = 1.0  mpmath.quad(30 digits) = 1.0  diff = 1.2e-30
    transform check: Bhat(37.25) trapezoid(M = 16384, 40 digits) = 0.00685215995573  mpmath.quad(30 digits) = 0.00685215995573  diff = 7.5e-33
    transform check: Bhat(250) trapezoid(M = 16384, 40 digits) = 1.76295046218e-6  mpmath.quad(30 digits) = 1.76295046218e-6  diff = 1.6e-34
    transform check: Bhat(869.07) trapezoid(M = 16384, 40 digits) = -2.81600264229e-11  mpmath.quad(30 digits) = -2.81600264229e-11  diff = 2.5e-38
    transform check: Bhat(2607.2) trapezoid(M = 16384, 40 digits) = -4.88988205438e-18  mpmath.quad(30 digits) = -4.88988205438e-18  diff = 8.6e-37
[2026-09-17 10:35:50] L = 10      : W_Z' recorded positions = 0.00480108319075 (record's own value 0.004801083190752414);  refined positions = 0.00480011760565;  relative change (refined - recorded)/recorded = -0.0002011;  leading digits in common: 7
[2026-09-17 10:35:57] L = 20      : W_Z' recorded positions = 4.46428817363e-5 (record's own value 4.464288173625844e-05);  refined positions = 4.46524659103e-5;  relative change (refined - recorded)/recorded = 0.0002147;  leading digits in common: 8
[2026-09-17 10:36:04] L = 86.90744354035114: W_Z' recorded positions = 3.4321639764e-10 (record's own value 3.43216397640519e-10);  refined positions = 3.40838609798e-10;  relative change (refined - recorded)/recorded = -0.006928;  leading digits in common: 2
[2026-09-17 10:36:04] wrote out/dh_online_shift_all36.json (36s)
