[2026-09-16 23:18:36] Z = 0.2219969080840397, A(0) = 16.621965346934 (record ||B'||_2^2 = 16.62196535)
[2026-09-16 23:18:37] zeta_t85p7_L10: L=10 X=22026 terms=2532: P = 3.960851e-02;  l1 = 1.456863 (primes 1.411211, prime powers 4.565e-02);  EXACT sup_t P = 1.420155, sup_t(-P) = 1.422174, sup|P| = 1.422174 (= 0.976189 x l1);  trivial 4 sqrtX a0 = 9.8676, 2 a0 sum Lambda/sqrt n = 9.7741;  PNT approx of l1 = 1.477805;  |P|/sup = 2.79e-02
[2026-09-16 23:18:41] zeta_t85p7_L20: L=20 X=485165195 terms=25617272: P = 4.563000e-03;  l1 = 12.539726 (primes 12.526792, prime powers 1.293e-02);  EXACT sup_t P = 12.526951, sup_t(-P) = 12.529890, sup|P| = 12.529890 (= 0.999216 x l1);  trivial 4 sqrtX a0 = 183.0616, 2 a0 sum Lambda/sqrt n = 183.0512;  PNT approx of l1 = 12.542506;  |P|/sup = 3.64e-04
[2026-09-16 23:18:43] zeta_t1e6_L10: L=10 X=22026 terms=2532: P = -5.220748e-02;  l1 = 1.456863 (primes 1.411211, prime powers 4.565e-02);  EXACT sup_t P = 1.420155, sup_t(-P) = 1.422174, sup|P| = 1.422174 (= 0.976189 x l1);  trivial 4 sqrtX a0 = 9.8676, 2 a0 sum Lambda/sqrt n = 9.7741;  PNT approx of l1 = 1.477805;  |P|/sup = 3.67e-02
[2026-09-16 23:18:46] zeta_t1e6_L20: L=20 X=485165195 terms=25617272: P = -4.285191e-03;  l1 = 12.539726 (primes 12.526792, prime powers 1.293e-02);  EXACT sup_t P = 12.526951, sup_t(-P) = 12.529890, sup|P| = 12.529890 (= 0.999216 x l1);  trivial 4 sqrtX a0 = 183.0616, 2 a0 sum Lambda/sqrt n = 183.0512;  PNT approx of l1 = 12.542506;  |P|/sup = 3.42e-04
[2026-09-16 23:18:47] the twelve campaign points (L_sign at t from summary_<tag>.json 'derived'): l1-norm of the prime sum (PNT approx) against the orbit signal 2 delta^2 c(delta L)^2 and the margin-3 requirement
   t=   1e+03 delta= 0.05 L_sign= 32.1: X = e^L = 8.73e+13;  signal 2d^2c^2 = 5.5318e-03;  l1(P) ~ 4.9233e+02;  l1/signal = 8.900e+04
   t=   1e+03 delta= 0.05 L_bal3= 37.6: X = e^L = 2.14e+16;  signal 2d^2c^2 = 5.7416e-03;  l1(P) ~ 3.1488e+03;  l1/signal = 5.484e+05
   t=   1e+03 delta= 0.10 L_sign= 19.4: X = e^L = 2.66e+08;  signal 2d^2c^2 = 2.3171e-02;  l1(P) ~ 1.0684e+01;  l1/signal = 4.611e+02
   t=   1e+03 delta= 0.10 L_bal3= 28.5: X = e^L = 2.38e+12;  signal 2d^2c^2 = 2.7374e-02;  l1(P) ~ 1.5408e+02;  l1/signal = 5.629e+03
   t=   1e+03 delta= 0.25 L_sign=  6.7: X = e^L = 8.12e+02;  signal 2d^2c^2 = 1.3954e-01;  l1(P) ~ 1.1733e+00;  l1/signal = 8.409e+00
   t=   1e+03 delta= 0.25 L_bal3= 11.6: X = e^L = 1.09e+05;  signal 2d^2c^2 = 1.7295e-01;  l1(P) ~ 1.8710e+00;  l1/signal = 1.082e+01
   t=   1e+04 delta= 0.05 L_sign= 25.1: X = e^L = 7.96e+10;  signal 2d^2c^2 = 5.3197e-03;  l1(P) ~ 5.3969e+01;  l1/signal = 1.015e+04
   t=   1e+04 delta= 0.05 L_bal3= 58.8: X = e^L = 3.44e+25;  signal 2d^2c^2 = 6.9794e-03;  l1(P) ~ 7.3558e+06;  l1/signal = 1.054e+09
   t=   1e+04 delta= 0.10 L_sign= 13.5: X = e^L = 7.29e+05;  signal 2d^2c^2 = 2.1486e-02;  l1(P) ~ 2.6524e+00;  l1/signal = 1.234e+02
   t=   1e+04 delta= 0.10 L_bal3= 22.2: X = e^L = 4.38e+09;  signal 2d^2c^2 = 2.4236e-02;  l1(P) ~ 2.3084e+01;  l1/signal = 9.525e+02
   t=   1e+04 delta= 0.25 L_sign=  8.8: X = e^L = 6.63e+03;  signal 2d^2c^2 = 1.5096e-01;  l1(P) ~ 1.2958e+00;  l1/signal = 8.583e+00
   t=   1e+04 delta= 0.25 L_bal3= 11.1: X = e^L = 6.62e+04;  signal 2d^2c^2 = 1.6838e-01;  l1(P) ~ 1.7269e+00;  l1/signal = 1.026e+01
   t=   1e+05 delta= 0.05 L_sign= 25.8: X = e^L = 1.60e+11;  signal 2d^2c^2 = 5.3383e-03;  l1(P) ~ 6.6690e+01;  l1/signal = 1.249e+04
   t=   1e+05 delta= 0.05 L_bal3= 29.2: X = e^L = 4.80e+12;  signal 2d^2c^2 = 5.4368e-03;  l1(P) ~ 1.9240e+02;  l1/signal = 3.539e+04
   t=   1e+05 delta= 0.10 L_sign= 20.1: X = e^L = 5.36e+08;  signal 2d^2c^2 = 2.3420e-02;  l1(P) ~ 1.2886e+01;  l1/signal = 5.502e+02
   t=   1e+05 delta= 0.10 L_bal3= 23.9: X = e^L = 2.40e+10;  signal 2d^2c^2 = 2.4976e-02;  l1(P) ~ 3.7764e+01;  l1/signal = 1.512e+03
   t=   1e+05 delta= 0.25 L_sign=  9.5: X = e^L = 1.34e+04;  signal 2d^2c^2 = 1.5567e-01;  l1(P) ~ 1.3915e+00;  l1/signal = 8.939e+00
   t=   1e+05 delta= 0.25 L_bal3= 13.4: X = e^L = 6.60e+05;  signal 2d^2c^2 = 1.9217e-01;  l1(P) ~ 2.6001e+00;  l1/signal = 1.353e+01
   t=   1e+06 delta= 0.05 L_sign= 33.3: X = e^L = 2.90e+14;  signal 2d^2c^2 = 5.5742e-03;  l1(P) ~ 7.3243e+02;  l1/signal = 1.314e+05
   t=   1e+06 delta= 0.05 L_bal3= 38.5: X = e^L = 5.25e+16;  signal 2d^2c^2 = 5.7798e-03;  l1(P) ~ 4.2998e+03;  l1/signal = 7.439e+05
   t=   1e+06 delta= 0.10 L_sign= 22.4: X = e^L = 5.35e+09;  signal 2d^2c^2 = 2.4319e-02;  l1(P) ~ 2.4438e+01;  l1/signal = 1.005e+03
   t=   1e+06 delta= 0.10 L_bal3= 28.9: X = e^L = 3.56e+12;  signal 2d^2c^2 = 2.7612e-02;  l1(P) ~ 1.7488e+02;  l1/signal = 6.334e+03
   t=   1e+06 delta= 0.25 L_sign= 11.0: X = e^L = 5.99e+04;  signal 2d^2c^2 = 1.6750e-01;  l1(P) ~ 1.7005e+00;  l1/signal = 1.015e+01
   t=   1e+06 delta= 0.25 L_bal3= 13.3: X = e^L = 5.97e+05;  signal 2d^2c^2 = 1.9098e-01;  l1(P) ~ 2.5492e+00;  l1/signal = 1.335e+01
[2026-09-16 23:19:07] wrote out/kronecker_instance.json
