# 17:25 IST 2026-10-01 s8cert pi128 1e10
# s8cert pi128 t=40.743665431525208 rho~=0.024543692606170259 Xmax=1e+10 Kfin=245436926 x_Kfin=9999999978.114177704 windows=126 Lmax=2097152 checkpoints=14
SNAP K=25 x_K=999.219803 N=26 pi=24 E(x_K)=0.5 supE=0.8140836421 maxgap=81.487331 decisions=1 fallbacks=0 minrel=2.802e-02 prefixes=25 secs=0.0
CHK V=1000 N=26 pi=24 supE=0.8140836421
CHK V=3162 N=79 pi=74 supE=1.4422509264
SNAP K=245 x_K=9962.826198 N=246 pi=230 E(x_K)=0.5 supE=1.4675892003 maxgap=81.487331 decisions=15 fallbacks=0 minrel=1.592e-04 prefixes=245 secs=0.0
CHK V=10000 N=246 pi=230 supE=1.4675892003
CHK V=31622 N=777 pi=722 supE=1.4929274742
SNAP K=2454 x_K=99965.583136 N=2455 pi=2251 E(x_K)=0.5 supE=2.3238009496 maxgap=122.230996 decisions=203 fallbacks=0 minrel=3.186e-06 prefixes=2454 secs=0.0
CHK V=100000 N=2455 pi=2251 supE=2.3238009496
CHK V=316227 N=7762 pi=7024 supE=2.6393641520
SNAP K=24544 x_K=999993.152519 N=24545 pi=21912 E(x_K)=0.5 supE=2.8066303747 maxgap=203.718327 decisions=2632 fallbacks=0 minrel=3.271e-09 prefixes=4236 secs=0.0
CHK V=1000000 N=24545 pi=21912 supE=2.8066303747
CHK V=3162277 N=77615 pi=68344 supE=2.8444741810
SNAP K=245437 x_K=9999983.640685 N=245438 pi=213180 E(x_K)=0.5 supE=3.6780621876 maxgap=285.205658 decisions=32257 fallbacks=0 minrel=2.005e-10 prefixes=6552 secs=0.0
CHK V=10000000 N=245438 pi=213180 supE=3.6780621876
CHK V=31622776 N=776141 pi=664934 supE=3.9603908258
SNAP K=2454369 x_K=99999970.009674 N=2454370 pi=2074099 E(x_K)=0.5 supE=4.7096312700 maxgap=407.436654 decisions=380270 fallbacks=0 minrel=1.944e-12 prefixes=6755 secs=0.1
CHK V=100000000 N=2454370 pi=2074099 supE=4.7096312700
CHK V=316227766 N=7761398 pi=6469924 supE=5.4469665973
SNAP K=24543693 x_K=999999996.674235 N=24543694 pi=20183541 E(x_K)=0.5 supE=5.5461045297 maxgap=529.667651 decisions=4360152 fallbacks=0 minrel=8.623e-15 prefixes=6756 secs=0.9
CHK V=1000000000 N=24543694 pi=20183541 supE=5.5461045297
CHK V=3162277660 N=77613972 pi=62968657 supE=5.9162056555
SNAP K=245436926 x_K=9999999978.114178 N=245436927 pi=196463063 E(x_K)=0.5 supE=7.0887086339 maxgap=651.898647 decisions=48973863 fallbacks=13 minrel=2.430e-16 prefixes=6756 secs=8.8
FINAL K=245436926 N=245436927 pi=196463063 composites_emitted=48973863 prefixes=6756 storedprimes=9528942 decisions=48973863 fallbacks=13 fallbacksV=0 minrel=2.4296e-16 at 3.779588e+09 omax=7 maxe=6 secs=8.8
        8.84 real         8.79 user         0.03 sys
            70500352  maximum resident set size
                   0  average shared memory size
                   0  average unshared data size
                   0  average unshared stack size
                4488  page reclaims
                   1  page faults
                   0  swaps
                   0  block input operations
                   0  block output operations
                   0  messages sent
                   0  messages received
                   0  signals received
                   4  voluntary context switches
                 888  involuntary context switches
        156882693300  instructions retired
         34720438293  cycles elapsed
            69894672  peak memory footprint
# done 17:25 IST 2026-10-01
