# 17:20 IST 2026-10-01 s8cert pi32 1e10
# s8cert pi32 t=10.185916357881302 rho~=0.098174770424681035 Xmax=1e+10 Kfin=981747704 x_Kfin=9999999993.393053055 windows=482 Lmax=2097152 checkpoints=14
SNAP K=98 x_K=994.126845 N=99 pi=75 E(x_K)=0.5 supE=1.8914512254 maxgap=40.743665 decisions=23 fallbacks=0 minrel=4.087e-04 prefixes=98 secs=0.0
CHK V=1000 N=99 pi=75 supE=1.8914512254
CHK V=3162 N=311 pi=232 supE=2.9211101108
SNAP K=982 x_K=9998.476905 N=983 pi=700 E(x_K)=0.5 supE=3.0196649008 maxgap=61.115498 decisions=282 fallbacks=0 minrel=1.063e-05 prefixes=982 secs=0.0
CHK V=10000 N=983 pi=700 supE=3.0196649008
CHK V=31622 N=3105 pi=2106 supE=4.8307967135
SNAP K=9817 x_K=99991.047927 N=9818 pi=6350 E(x_K)=0.5 supE=4.8307967135 maxgap=132.416913 decisions=3467 fallbacks=0 minrel=7.269e-09 prefixes=9817 secs=0.0
CHK V=100000 N=9818 pi=6350 supE=4.8307967135
CHK V=316227 N=31047 pi=19139 supE=5.4861794336
SNAP K=98175 x_K=999998.245477 N=98177 pi=57724 E(x_K)=1.5 supE=6.3931374803 maxgap=173.160578 decisions=40452 fallbacks=0 minrel=7.624e-10 prefixes=33777 secs=0.0
CHK V=1000000 N=98177 pi=57724 supE=6.3931374803
CHK V=3162277 N=310457 pi=174263 supE=6.3931374803
SNAP K=981748 x_K=9999998.919559 N=981749 pi=526606 E(x_K)=0.5 supE=8.9278579642 maxgap=254.647909 decisions=455142 fallbacks=0 minrel=3.445e-12 prefixes=79833 secs=0.1
CHK V=10000000 N=981749 pi=526606 supE=8.9278579642
CHK V=31622776 N=3104560 pi=1592734 supE=9.0760544712
SNAP K=9817477 x_K=99999995.474465 N=9817480 pi=4822578 E(x_K)=2.5 supE=9.8578257093 maxgap=397.250738 decisions=4994901 fallbacks=0 minrel=6.496e-15 prefixes=92357 secs=0.5
CHK V=100000000 N=9817480 pi=4822578 supE=9.8578257093
CHK V=316227766 N=31045590 pi=14616923 supE=10.6338624340
SNAP K=98174770 x_K=999999991.581276 N=98174771 pi=44345886 E(x_K)=0.5 supE=13.2227769186 maxgap=539.853567 decisions=53828884 fallbacks=1 minrel=1.148e-16 prefixes=92493 secs=4.2
CHK V=1000000000 N=98174771 pi=44345886 supE=13.2227769186
CLOSE k=170506750 rel=9.750849e-19 c~=1736767489.861220 factors 375340 45
CLOSE k=203536582 rel=8.168485e-19 c~=2073206595.928091 factors 33405216 1
CLOSE k=239302804 rel=6.163000e-17 c~=2437518331.471589 factors 14700206 2
CHK V=3162277660 N=310455884 pi=134673637 supE=14.2917957669
CLOSE k=333869845 rel=8.884517e-17 c~=3400770301.309921 factors 54796018 1
CLOSE k=430126345 rel=5.846705e-17 c~=4381230969.398238 factors 11061 627 1
CLOSE k=496461648 rel=8.648599e-18 c~=5056916807.145036 factors 547973 15 1
CLOSE k=501300248 rel=3.773909e-17 c~=5106202392.220197 factors 1272 244 16
CLOSE k=511520160 rel=9.750850e-19 c~=5210301561.037103 factors 1126019 45
CLOSE k=543799314 rel=9.172054e-19 c~=5539094323.784272 factors 33405216 2
CLOSE k=565111476 rel=2.550951e-17 c~=5756178213.135972 factors 245923 226
CLOSE k=566881920 rel=2.542984e-17 c~=5774211807.636286 factors 2016565 28
CLOSE k=587047540 rel=2.455630e-17 c~=5979617126.261105 factors 22182210 3
CLOSE k=595321575 rel=1.679388e-17 c~=6063895764.899204 factors 209875 8 4
CLOSE k=616015980 rel=8.389452e-17 c~=6274687243.305323 factors 6210684 2 1
CLOSE k=620264917 rel=4.728658e-17 c~=6317966550.011314 factors 928294 66
CLOSE k=626489887 rel=4.681673e-17 c~=6381373573.761635 factors 7153321 9
CLOSE k=634744074 rel=9.529708e-17 c~=6465450042.331861 factors 1972135 32
CLOSE k=666934293 rel=7.326609e-17 c~=6793336920.607744 factors 2068 1197 3
CLOSE k=674186734 rel=8.972182e-17 c~=6867209678.024211 factors 41414825 2
CLOSE k=678707870 rel=6.518961e-17 c~=6913261580.976903 factors 4900069 14
CLOSE k=688481173 rel=6.619610e-17 c~=7012811638.061049 factors 1237981 55
CLOSE k=719382180 rel=4.294593e-17 c~=7327566710.737353 factors 570987 8 2
CLOSE k=741731588 rel=4.133608e-17 c~=7555215911.273516 factors 9757 7464
CLOSE k=741732908 rel=4.133601e-17 c~=7555229356.683109 factors 12892 5649
CLOSE k=741735848 rel=4.133584e-17 c~=7555259303.277201 factors 17262 4219
CLOSE k=741742844 rel=4.133545e-17 c~=7555330563.948041 factors 25636 2841
CLOSE k=741747944 rel=4.133517e-17 c~=7555382512.121467 factors 31246 2331
CLOSE k=741769328 rel=4.133398e-17 c~=7555600327.756864 factors 53602 1359
CLOSE k=741812144 rel=4.133159e-17 c~=7556036447.951642 factors 97026 751
CLOSE k=741904628 rel=4.132644e-17 c~=7556978482.240085 factors 189877 384
CLOSE k=741856688 rel=4.132911e-17 c~=7556490169.409886 factors 141807 514
CLOSE k=742411292 rel=4.129823e-17 c~=7562139319.365634 factors 696820 105
CLOSE k=742304108 rel=4.130420e-17 c~=7561047552.106730 factors 589617 124
CLOSE k=742047848 rel=4.131846e-17 c~=7558437309.180861 factors 333262 219
CLOSE k=743557892 rel=4.123455e-17 c~=7573818491.061581 factors 1843485 40
CLOSE k=744182792 rel=4.119993e-17 c~=7580183670.193622 factors 2468395 30
CLOSE k=749379392 rel=4.091422e-17 c~=7633115803.138987 factors 7665015 10
CLOSE k=752917088 rel=4.072198e-17 c~=7669150478.694597 factors 11202714 7
CLOSE k=757816009 rel=3.682164e-17 c~=7719050468.058551 factors 782820 16 1
CLOSE k=782804536 rel=9.462602e-17 c~=7973581513.987208 factors 52834 1455
CLOSE k=807141983 rel=5.433354e-17 c~=8221480713.493579 factors 117018 42 2
CLOSE k=822183013 rel=5.543141e-17 c~=8374687397.195877 factors 134939875 1
CLOSE k=851032390 rel=9.768051e-19 c~=8668544738.294863 factors 375340 223
CLOSE k=852533570 rel=9.750851e-19 c~=8683835632.212986 factors 1876698 45
CLOSE k=871276269 rel=6.789946e-17 c~=8874747186.362017 factors 142997251 1
CLOSE k=884062046 rel=9.403104e-19 c~=9004982051.640453 factors 33405216 3
CLOSE k=892017497 rel=9.976057e-17 c~=9086015599.929762 factors 54796018 2
CLOSE k=901709154 rel=5.142294e-17 c~=9184734017.686953 factors 12454 269 3
CLOSE k=918593845 rel=8.244805e-17 c~=9356720067.941624 factors 27110 3327
CLOSE k=918602465 rel=8.244727e-17 c~=9356807870.540628 factors 36592 2465
CLOSE k=919092493 rel=8.240331e-17 c~=9361799254.761648 factors 528914 171
CLOSE k=919697825 rel=8.234908e-17 c~=9367965115.882399 factors 1134337 80
CLOSE k=921584211 rel=7.079201e-17 c~=9387179685.897076 factors 24824393 1 1
CLOSE k=924381473 rel=8.193183e-17 c~=9415672362.660154 factors 5818049 16
CLOSE k=934959733 rel=8.100484e-17 c~=9523421634.232077 factors 16396319 6
CLOSE k=954732109 rel=8.552254e-17 c~=9724821392.178741 factors 1326367 12 1
CLOSE k=978683245 rel=7.738588e-17 c~=9968785670.336895 factors 60119835 2
SNAP K=981747704 x_K=9999999993.393053 N=981747705 pi=409388073 E(x_K)=0.5 supE=15.4341390068 maxgap=743.571894 decisions=572359633 fallbacks=785 minrel=8.168e-19 prefixes=92493 secs=42.8
FINAL K=981747704 N=981747705 pi=409388073 composites_emitted=572359633 prefixes=92493 storedprimes=71517727 decisions=572359633 fallbacks=785 fallbacksV=0 minrel=8.1685e-19 at 2.073207e+09 omax=12 maxe=14 secs=42.9
       42.89 real        42.76 user         0.08 sys
           346750976  maximum resident set size
                   0  average shared memory size
                   0  average unshared data size
                   0  average unshared stack size
               23875  page reclaims
                   1  page faults
                   0  swaps
                   0  block input operations
                   0  block output operations
                   0  messages sent
                   0  messages received
                   0  signals received
                  22  voluntary context switches
                4241  involuntary context switches
        716667388795  instructions retired
        169166680751  cycles elapsed
           346292968  peak memory footprint
# done 17:21 IST 2026-10-01
