# 17:19 IST 2026-10-01 s8cert pi16 1e10
# s8cert pi16 t=5.0929581789406511 rho~=0.19634954084936207 Xmax=1e+10 Kfin=1963495408 x_Kfin=9999999995.939531326 windows=951 Lmax=2097152 checkpoints=14
SNAP K=196 x_K=996.673324 N=197 pi=118 E(x_K)=0.5 supE=3.0381300550 maxgap=35.650707 decisions=78 fallbacks=0 minrel=2.453e-05 prefixes=196 secs=0.0
CHK V=1000 N=198 pi=118 supE=3.0381300550
CHK V=3162 N=622 pi=340 supE=3.3379843823
SNAP K=1963 x_K=9995.930426 N=1964 pi=990 E(x_K)=0.5 supE=3.5350939623 maxgap=66.208456 decisions=973 fallbacks=0 minrel=4.409e-07 prefixes=1963 secs=0.0
CHK V=10000 N=1964 pi=990 supE=3.5350939623
CHK V=31622 N=6211 pi=2888 supE=4.3995471044
SNAP K=19635 x_K=99998.687364 N=19636 pi=8415 E(x_K)=0.5 supE=6.8800531649 maxgap=178.253536 decisions=11220 fallbacks=0 minrel=1.100e-09 prefixes=19635 secs=0.0
CHK V=100000 N=19637 pi=8415 supE=6.8800531649
CHK V=316227 N=62092 pi=24680 supE=7.4802722684
SNAP K=196349 x_K=999995.698998 N=196350 pi=72603 E(x_K)=0.5 supE=9.6362027473 maxgap=249.554951 decisions=123746 fallbacks=0 minrel=5.072e-13 prefixes=92996 secs=0.0
CHK V=1000000 N=196350 pi=72603 supE=9.6362027473
CHK V=3162277 N=620914 pi=214016 supE=10.7689441002
SNAP K=1963495 x_K=9999996.373080 N=1963496 pi=633514 E(x_K)=0.5 supE=12.8384544437 maxgap=336.135240 decisions=1329981 fallbacks=0 minrel=3.303e-13 prefixes=278245 secs=0.1
CHK V=10000000 N=1963496 pi=633514 supE=12.8384544437
CHK V=31622776 N=6209119 pi=1879642 supE=14.7144962029
SNAP K=19634954 x_K=99999998.020944 N=19634955 pi=5593120 E(x_K)=0.5 supE=16.3639060126 maxgap=539.853567 decisions=14041834 fallbacks=0 minrel=6.735e-15 prefixes=362680 secs=1.0
CHK V=100000000 N=19634955 pi=5593120 supE=16.3639060126
CHK V=316227766 N=62091178 pi=16689630 supE=17.8620673379
CLOSE k=78944647 rel=3.288874e-17 c~=402061778.982795 factors 3459 1264 1
CLOSE k=92503090 rel=2.321402e-17 c~=471114367.246304 factors 166841 31 1
SNAP K=196349541 x_K=999999999.220714 N=196349547 pi=49924829 E(x_K)=5.5 supE=18.5365159736 maxgap=789.408518 decisions=146424718 fallbacks=56 minrel=2.321e-17 prefixes=364290 secs=9.4
