# 17:24 IST 2026-10-01 s8cert pi64 1e10
# s8cert pi64 t=20.371832715762604 rho~=0.049087385212340517 Xmax=1e+10 Kfin=490873852 x_Kfin=9999999988.300094604 windows=243 Lmax=2097152 checkpoints=14
SNAP K=49 x_K=989.033887 N=50 pi=45 E(x_K)=0.5 supE=1.3492927474 maxgap=40.743665 decisions=4 fallbacks=0 minrel=1.235e-03 prefixes=49 secs=0.0
CHK V=1000 N=51 pi=45 supE=1.3492927474
CHK V=3162 N=156 pi=136 supE=1.4901291686
SNAP K=491 x_K=9993.383947 N=492 pi=424 E(x_K)=0.5 supE=1.9705051418 maxgap=61.115498 decisions=67 fallbacks=0 minrel=4.680e-05 prefixes=491 secs=0.0
CHK V=10000 N=493 pi=424 supE=1.9705051418
CHK V=31622 N=1553 pi=1303 supE=2.1548279489
SNAP K=4909 x_K=99996.140885 N=4910 pi=4022 E(x_K)=0.5 supE=3.1209412345 maxgap=101.859164 decisions=887 fallbacks=0 minrel=2.123e-07 prefixes=4909 secs=0.0
CHK V=100000 N=4910 pi=4022 supE=3.1209412345
CHK V=316227 N=15524 pi=12382 supE=3.1825039566
SNAP K=49087 x_K=999982.966602 N=49088 pi=38134 E(x_K)=0.5 supE=3.5061862571 maxgap=142.602829 decisions=10953 fallbacks=0 minrel=5.542e-09 prefixes=11724 secs=0.0
CHK V=1000000 N=49088 pi=38134 supE=3.5061862571
CHK V=3162277 N=155229 pi=117459 supE=4.5810426369
SNAP K=490874 x_K=9999993.826601 N=490875 pi=361823 E(x_K)=0.5 supE=5.4483987088 maxgap=244.461993 decisions=129051 fallbacks=0 minrel=1.520e-11 prefixes=22046 secs=0.0
CHK V=10000000 N=490875 pi=361823 supE=5.4483987088
CHK V=31622776 N=1552281 pi=1114828 supE=5.6990733677
SNAP K=4908738 x_K=99999980.195591 N=4908739 pi=3435941 E(x_K)=0.5 supE=6.1874914260 maxgap=325.949323 decisions=1472797 fallbacks=0 minrel=2.963e-13 prefixes=23634 secs=0.2
CHK V=100000000 N=4908739 pi=3435941 supE=6.1874914260
CHK V=316227766 N=15522795 pi=10592203 supE=7.3352755047
SNAP K=49087385 x_K=999999986.488318 N=49087386 pi=32662714 E(x_K)=0.5 supE=7.9979256316 maxgap=468.552152 decisions=16424671 fallbacks=2 minrel=1.004e-15 prefixes=23645 secs=1.9
CHK V=1000000000 N=49087386 pi=32662714 supE=7.9979256316
CLOSE k=142901225 rel=5.334807e-17 c~=2911159841.391636 factors 3428 2047
CLOSE k=142903033 rel=5.334739e-17 c~=2911196673.665186 factors 6140 1143
CLOSE k=142906669 rel=5.334604e-17 c~=2911270745.648941 factors 10233 686
CLOSE k=143831009 rel=5.300320e-17 c~=2930101245.501430 factors 935251 8
CLOSE k=145701505 rel=5.232276e-17 c~=2968206677.108932 factors 2805752 3
CHK V=3162277660 N=155227945 pi=100748294 supE=8.2992331488
CLOSE k=156924509 rel=4.858071e-17 c~=3196839837.165267 factors 14028758 1
CLOSE k=215380357 rel=7.597297e-17 c~=4387692573.507481 factors 168 75 42
CLOSE k=251850243 rel=8.816938e-17 c~=5130650990.262413 factors 10897 1135
CLOSE k=251860341 rel=8.816584e-17 c~=5130856705.029178 factors 21556 574
CLOSE k=251873733 rel=8.816115e-17 c~=5131129524.612906 factors 35170 352
CLOSE k=252506451 rel=8.794024e-17 c~=5144019149.865158 factors 668221 19
CLOSE k=252635781 rel=8.789522e-17 c~=5146653838.990289 factors 797554 16
CLOSE k=371582828 rel=4.837644e-17 c~=7569823182.508241 factors 1460 111 6
CLOSE k=409995269 rel=8.374747e-18 c~=8352355025.136175 factors 705818 3 1
CLOSE k=428696819 rel=5.334892e-17 c~=8733339873.261642 factors 6140 3428
CLOSE k=428699581 rel=5.334858e-17 c~=8733396140.263603 factors 10283 2047
CLOSE k=428699541 rel=5.334858e-17 c~=8733395325.390295 factors 10233 2057
CLOSE k=428779573 rel=5.333862e-17 c~=8735025723.906204 factors 92093 229
CLOSE k=429622525 rel=5.323397e-17 c~=8752198201.037621 factors 935251 23
CLOSE k=431493011 rel=5.300321e-17 c~=8790303428.926798 factors 2805752 8
CLOSE k=437104509 rel=5.232276e-17 c~=8904619927.467634 factors 8417255 3
CLOSE k=442716011 rel=5.165956e-17 c~=9018936507.495800 factors 14028758 2
CLOSE k=470773525 rel=4.858071e-17 c~=9590519489.123968 factors 42086273 1
SNAP K=490873852 x_K=9999999988.300095 N=490873853 pi=310847297 E(x_K)=0.5 supE=10.4758397090 maxgap=631.526814 decisions=180026556 fallbacks=117 minrel=8.375e-18 prefixes=23645 secs=19.1
FINAL K=490873852 N=490873853 pi=310847297 composites_emitted=180026556 prefixes=23645 storedprimes=29271153 decisions=180026556 fallbacks=117 fallbacksV=0 minrel=8.3747e-18 at 8.352355e+09 omax=9 maxe=9 secs=19.2
       19.21 real        19.12 user         0.04 sys
           164151296  maximum resident set size
                   0  average shared memory size
                   0  average unshared data size
                   0  average unshared stack size
               10191  page reclaims
                  15  page faults
                   0  swaps
                   0  block input operations
                   0  block output operations
                   0  messages sent
                   0  messages received
                   0  signals received
                   6  voluntary context switches
                1625  involuntary context switches
        332320000952  instructions retired
         75362464714  cycles elapsed
           163578432  peak memory footprint
# done 17:25 IST 2026-10-01
