=== pre-run removal of comparator-layer build artifacts Thu Sep 10 02:08:14 IST 2026 ===
.lake/build/lib/lean/Challenge/DBN.ilean
.lake/build/lib/lean/Challenge/DBN.ilean.hash
.lake/build/lib/lean/Challenge/DBN.olean
.lake/build/lib/lean/Challenge/DBN.olean.hash
.lake/build/lib/lean/Challenge/DBN.trace
removed .lake/build/lib/lean/Challenge
.lake/build/lib/lean/ChallengeDeps/DBN.ilean
.lake/build/lib/lean/ChallengeDeps/DBN.ilean.hash
.lake/build/lib/lean/ChallengeDeps/DBN.olean
.lake/build/lib/lean/ChallengeDeps/DBN.olean.hash
.lake/build/lib/lean/ChallengeDeps/DBN.trace
.lake/build/lib/lean/ChallengeDeps/DBN/Instance02.ilean
.lake/build/lib/lean/ChallengeDeps/DBN/Instance02.ilean.hash
.lake/build/lib/lean/ChallengeDeps/DBN/Instance02.olean
.lake/build/lib/lean/ChallengeDeps/DBN/Instance02.olean.hash
.lake/build/lib/lean/ChallengeDeps/DBN/Instance02.trace
removed .lake/build/lib/lean/ChallengeDeps
.lake/build/lib/lean/Solution/DBN.ilean
.lake/build/lib/lean/Solution/DBN.ilean.hash
.lake/build/lib/lean/Solution/DBN.olean
.lake/build/lib/lean/Solution/DBN.olean.hash
.lake/build/lib/lean/Solution/DBN.trace
removed .lake/build/lib/lean/Solution
.lake/build/ir/Challenge/DBN.c
.lake/build/ir/Challenge/DBN.c.hash
.lake/build/ir/Challenge/DBN.setup.json
removed .lake/build/ir/Challenge
.lake/build/ir/ChallengeDeps/DBN.c
.lake/build/ir/ChallengeDeps/DBN.c.hash
.lake/build/ir/ChallengeDeps/DBN.setup.json
.lake/build/ir/ChallengeDeps/DBN/Instance02.c
.lake/build/ir/ChallengeDeps/DBN/Instance02.c.hash
.lake/build/ir/ChallengeDeps/DBN/Instance02.setup.json
removed .lake/build/ir/ChallengeDeps
.lake/build/ir/Solution/DBN.c
.lake/build/ir/Solution/DBN.c.hash
.lake/build/ir/Solution/DBN.setup.json
removed .lake/build/ir/Solution
(eval):26: no matches found: .lake/build/lib/lean/Challenge*
