[2026-10-01 05:00:19] seed 1002 start
# alpha=0.75 X=10000000000 Y=20000000000 seed=1002 nR(Y)=3184657 nR(X)=1954402 logrho_Y=-1.876893501934 tail=-0.000390327898 rho=0.153005129833 primes_done=60.1s
# block 1..100000000 N=15300548 t=60.8s
# block 100000001..200000000 N=30601175 t=61.3s
# block 200000001..300000000 N=45901203 t=61.8s
# block 300000001..400000000 N=61202097 t=62.4s
# block 400000001..500000000 N=76502405 t=63.0s
# block 500000001..600000000 N=91803429 t=63.5s
# block 600000001..700000000 N=107103669 t=64.0s
# block 700000001..800000000 N=122404520 t=64.6s
# block 800000001..900000000 N=137703753 t=65.1s
# block 900000001..1000000000 N=153004602 t=65.7s
# block 1000000001..1100000000 N=168305230 t=66.2s
# block 1100000001..1200000000 N=183605656 t=66.8s
# block 1200000001..1300000000 N=198905908 t=67.3s
# block 1300000001..1400000000 N=214206406 t=67.8s
# block 1400000001..1500000000 N=229506770 t=68.4s
# block 1500000001..1600000000 N=244807321 t=68.9s
# block 1600000001..1700000000 N=260107460 t=69.5s
# block 1700000001..1800000000 N=275408407 t=70.0s
# block 1800000001..1900000000 N=290708669 t=70.5s
# block 1900000001..2000000000 N=306009290 t=71.1s
# block 2000000001..2100000000 N=321309657 t=71.6s
# block 2100000001..2200000000 N=336610625 t=72.2s
# block 2200000001..2300000000 N=351910530 t=72.7s
# block 2300000001..2400000000 N=367210965 t=73.2s
# block 2400000001..2500000000 N=382511690 t=73.8s
# block 2500000001..2600000000 N=397812366 t=74.3s
# block 2600000001..2700000000 N=413113333 t=74.9s
# block 2700000001..2800000000 N=428413190 t=75.4s
# block 2800000001..2900000000 N=443713883 t=76.0s
# block 2900000001..3000000000 N=459014092 t=76.5s
# block 3000000001..3100000000 N=474314586 t=77.1s
# block 3100000001..3200000000 N=489615266 t=77.6s
# block 3200000001..3300000000 N=504916158 t=78.2s
# block 3300000001..3400000000 N=520216803 t=78.7s
# block 3400000001..3500000000 N=535516886 t=79.3s
# block 3500000001..3600000000 N=550817290 t=79.8s
# block 3600000001..3700000000 N=566117416 t=80.3s
# block 3700000001..3800000000 N=581418780 t=80.9s
# block 3800000001..3900000000 N=596719075 t=81.4s
# block 3900000001..4000000000 N=612019702 t=82.0s
# block 4000000001..4100000000 N=627321083 t=82.5s
# block 4100000001..4200000000 N=642621383 t=83.1s
# block 4200000001..4300000000 N=657922065 t=83.6s
# block 4300000001..4400000000 N=673221978 t=84.2s
# block 4400000001..4500000000 N=688522608 t=84.7s
# block 4500000001..4600000000 N=703823436 t=85.2s
# block 4600000001..4700000000 N=719124012 t=85.8s
# block 4700000001..4800000000 N=734424459 t=86.3s
# block 4800000001..4900000000 N=749724802 t=86.9s
# block 4900000001..5000000000 N=765025138 t=87.4s
# block 5000000001..5100000000 N=780326892 t=88.0s
# block 5100000001..5200000000 N=795627523 t=88.5s
# block 5200000001..5300000000 N=810927925 t=89.1s
# block 5300000001..5400000000 N=826227558 t=89.6s
# block 5400000001..5500000000 N=841528241 t=90.1s
# block 5500000001..5600000000 N=856828493 t=90.7s
# block 5600000001..5700000000 N=872129646 t=91.2s
# block 5700000001..5800000000 N=887430536 t=91.8s
# block 5800000001..5900000000 N=902730412 t=92.3s
# block 5900000001..6000000000 N=918030915 t=92.9s
# block 6000000001..6100000000 N=933331954 t=93.4s
# block 6100000001..6200000000 N=948633221 t=94.0s
# block 6200000001..6300000000 N=963933173 t=94.5s
# block 6300000001..6400000000 N=979233386 t=95.0s
# block 6400000001..6500000000 N=994533971 t=95.6s
# block 6500000001..6600000000 N=1009834102 t=96.1s
# block 6600000001..6700000000 N=1025134327 t=96.7s
# block 6700000001..6800000000 N=1040435493 t=97.2s
# block 6800000001..6900000000 N=1055735889 t=97.8s
# block 6900000001..7000000000 N=1071036431 t=98.3s
# block 7000000001..7100000000 N=1086337399 t=98.9s
# block 7100000001..7200000000 N=1101637227 t=99.4s
# block 7200000001..7300000000 N=1116937844 t=100.0s
# block 7300000001..7400000000 N=1132238888 t=100.5s
# block 7400000001..7500000000 N=1147539367 t=101.0s
# block 7500000001..7600000000 N=1162839251 t=101.6s
# block 7600000001..7700000000 N=1178140148 t=102.1s
# block 7700000001..7800000000 N=1193441056 t=102.7s
# block 7800000001..7900000000 N=1208741829 t=103.2s
# block 7900000001..8000000000 N=1224041765 t=103.8s
# block 8000000001..8100000000 N=1239342507 t=104.3s
# block 8100000001..8200000000 N=1254642152 t=104.9s
# block 8200000001..8300000000 N=1269943378 t=105.4s
# block 8300000001..8400000000 N=1285244032 t=106.0s
# block 8400000001..8500000000 N=1300544496 t=106.5s
# block 8500000001..8600000000 N=1315845363 t=107.1s
# block 8600000001..8700000000 N=1331145695 t=107.6s
# block 8700000001..8800000000 N=1346446174 t=108.2s
# block 8800000001..8900000000 N=1361746586 t=108.7s
# block 8900000001..9000000000 N=1377047573 t=109.3s
# block 9000000001..9100000000 N=1392348385 t=109.8s
# block 9100000001..9200000000 N=1407648841 t=110.4s
# block 9200000001..9300000000 N=1422949257 t=110.9s
# block 9300000001..9400000000 N=1438249705 t=111.5s
# block 9400000001..9500000000 N=1453550089 t=112.0s
# block 9500000001..9600000000 N=1468850473 t=112.6s
# block 9600000001..9700000000 N=1484151402 t=113.1s
# block 9700000001..9800000000 N=1499452160 t=113.7s
# block 9800000001..9900000000 N=1514752764 t=114.2s
# block 9900000001..10000000000 N=1530053781 t=114.8s
# done N(X)=1530053781 E(X)=2482.6707 total=114.8s
      114.97 real       114.72 user         0.59 sys
          2128297984  maximum resident set size
                   0  average shared memory size
                   0  average unshared data size
                   0  average unshared stack size
              144826  page reclaims
                  59  page faults
                   0  swaps
                   0  block input operations
                   0  block output operations
                   0  messages sent
                   0  messages received
                   0  signals received
                   9  voluntary context switches
                1685  involuntary context switches
        896092973598  instructions retired
        497725997936  cycles elapsed
          2114602904  peak memory footprint
[2026-10-01 05:02:14] seed 1002 done
[2026-10-01 05:02:14] seed 1003 start
# alpha=0.75 X=10000000000 Y=20000000000 seed=1003 nR(Y)=3180952 nR(X)=1952072 logrho_Y=-1.191625655145 tail=-0.000390327898 rho=0.303608576948 primes_done=60.6s
# block 1..100000000 N=30361040 t=61.2s
# block 100000001..200000000 N=60721893 t=61.8s
# block 200000001..300000000 N=91082017 t=62.3s
# block 300000001..400000000 N=121443049 t=62.9s
# block 400000001..500000000 N=151804056 t=63.4s
# block 500000001..600000000 N=182164358 t=64.0s
# block 600000001..700000000 N=212525104 t=64.5s
# block 700000001..800000000 N=242886076 t=65.1s
# block 800000001..900000000 N=273248168 t=65.6s
# block 900000001..1000000000 N=303608744 t=66.1s
# block 1000000001..1100000000 N=333969494 t=66.7s
# block 1100000001..1200000000 N=364329743 t=67.2s
# block 1200000001..1300000000 N=394690069 t=67.8s
# block 1300000001..1400000000 N=425051070 t=68.3s
# block 1400000001..1500000000 N=455412132 t=68.9s
# block 1500000001..1600000000 N=485772903 t=69.4s
# block 1600000001..1700000000 N=516134130 t=70.0s
# block 1700000001..1800000000 N=546495317 t=70.5s
# block 1800000001..1900000000 N=576856481 t=71.1s
# block 1900000001..2000000000 N=607217292 t=71.6s
# block 2000000001..2100000000 N=637578411 t=72.1s
# block 2100000001..2200000000 N=667938701 t=72.7s
# block 2200000001..2300000000 N=698298477 t=73.2s
# block 2300000001..2400000000 N=728659482 t=73.8s
# block 2400000001..2500000000 N=759020617 t=74.3s
# block 2500000001..2600000000 N=789381628 t=74.9s
# block 2600000001..2700000000 N=819741294 t=75.4s
# block 2700000001..2800000000 N=850102723 t=76.0s
# block 2800000001..2900000000 N=880463522 t=76.5s
# block 2900000001..3000000000 N=910824813 t=77.0s
# block 3000000001..3100000000 N=941185596 t=77.6s
# block 3100000001..3200000000 N=971546282 t=78.2s
# block 3200000001..3300000000 N=1001907343 t=78.7s
# block 3300000001..3400000000 N=1032268393 t=79.2s
# block 3400000001..3500000000 N=1062629006 t=79.8s
# block 3500000001..3600000000 N=1092990455 t=80.3s
# block 3600000001..3700000000 N=1123350936 t=80.9s
# block 3700000001..3800000000 N=1153711404 t=81.4s
# block 3800000001..3900000000 N=1184072337 t=82.0s
# block 3900000001..4000000000 N=1214432716 t=82.5s
# block 4000000001..4100000000 N=1244794157 t=83.1s
# block 4100000001..4200000000 N=1275155033 t=83.6s
# block 4200000001..4300000000 N=1305516434 t=84.2s
# block 4300000001..4400000000 N=1335877250 t=84.7s
# block 4400000001..4500000000 N=1366237931 t=85.3s
# block 4500000001..4600000000 N=1396598659 t=85.8s
# block 4600000001..4700000000 N=1426959630 t=86.3s
# block 4700000001..4800000000 N=1457320729 t=86.9s
# block 4800000001..4900000000 N=1487680992 t=87.4s
# block 4900000001..5000000000 N=1518041787 t=88.0s
# block 5000000001..5100000000 N=1548401909 t=88.6s
# block 5100000001..5200000000 N=1578762522 t=89.1s
# block 5200000001..5300000000 N=1609123859 t=89.7s
# block 5300000001..5400000000 N=1639483952 t=90.3s
# block 5400000001..5500000000 N=1669844572 t=90.9s
# block 5500000001..5600000000 N=1700206098 t=91.4s
# block 5600000001..5700000000 N=1730567481 t=92.0s
# block 5700000001..5800000000 N=1760928130 t=92.6s
# block 5800000001..5900000000 N=1791288637 t=93.1s
# block 5900000001..6000000000 N=1821650033 t=93.7s
# block 6000000001..6100000000 N=1852010477 t=94.3s
# block 6100000001..6200000000 N=1882371186 t=94.8s
# block 6200000001..6300000000 N=1912731947 t=95.4s
# block 6300000001..6400000000 N=1943092368 t=95.9s
# block 6400000001..6500000000 N=1973453585 t=96.5s
# block 6500000001..6600000000 N=2003814041 t=97.0s
# block 6600000001..6700000000 N=2034175310 t=97.6s
# block 6700000001..6800000000 N=2064536101 t=98.1s
# block 6800000001..6900000000 N=2094896940 t=98.6s
# block 6900000001..7000000000 N=2125258178 t=99.2s
# block 7000000001..7100000000 N=2155619550 t=99.7s
# block 7100000001..7200000000 N=2185980667 t=100.3s
# block 7200000001..7300000000 N=2216341415 t=100.8s
# block 7300000001..7400000000 N=2246702206 t=101.4s
# block 7400000001..7500000000 N=2277062642 t=101.9s
# block 7500000001..7600000000 N=2307423105 t=102.5s
# block 7600000001..7700000000 N=2337784037 t=103.0s
# block 7700000001..7800000000 N=2368145074 t=103.6s
# block 7800000001..7900000000 N=2398506135 t=104.1s
# block 7900000001..8000000000 N=2428867246 t=104.7s
# block 8000000001..8100000000 N=2459227936 t=105.2s
# block 8100000001..8200000000 N=2489588507 t=105.8s
# block 8200000001..8300000000 N=2519949785 t=106.3s
# block 8300000001..8400000000 N=2550310631 t=106.8s
# block 8400000001..8500000000 N=2580672285 t=107.4s
# block 8500000001..8600000000 N=2611033178 t=107.9s
# block 8600000001..8700000000 N=2641393605 t=108.5s
# block 8700000001..8800000000 N=2671754675 t=109.0s
# block 8800000001..8900000000 N=2702115239 t=109.6s
# block 8900000001..9000000000 N=2732475928 t=110.1s
# block 9000000001..9100000000 N=2762836632 t=110.7s
# block 9100000001..9200000000 N=2793197346 t=111.3s
# block 9200000001..9300000000 N=2823558572 t=111.9s
# block 9300000001..9400000000 N=2853919736 t=112.5s
# block 9400000001..9500000000 N=2884280950 t=113.1s
# block 9500000001..9600000000 N=2914641848 t=113.7s
# block 9600000001..9700000000 N=2945002602 t=114.3s
# block 9700000001..9800000000 N=2975363284 t=114.9s
# block 9800000001..9900000000 N=3005724260 t=115.5s
# block 9900000001..10000000000 N=3036085765 t=116.1s
# done N(X)=3036085765 E(X)=-4.4807 total=116.1s
      116.27 real       115.96 user         0.81 sys
          2131116032  maximum resident set size
                   0  average shared memory size
                   0  average unshared data size
                   0  average unshared stack size
              150474  page reclaims
                  65  page faults
                   0  swaps
                   0  block input operations
                   0  block output operations
                   0  messages sent
                   0  messages received
                   0  signals received
                  10  voluntary context switches
                2290  involuntary context switches
        871360844323  instructions retired
        496225609881  cycles elapsed
          2117339032  peak memory footprint
[2026-10-01 05:04:11] seed 1003 done
[2026-10-01 05:04:11] seed 1004 start
# alpha=0.75 X=10000000000 Y=20000000000 seed=1004 nR(Y)=3183075 nR(X)=1954700 logrho_Y=-1.731921583235 tail=-0.000390327898 rho=0.176875017591 primes_done=62.8s
# block 1..100000000 N=17687465 t=63.4s
# block 100000001..200000000 N=35374478 t=63.9s
# block 200000001..300000000 N=53061967 t=64.5s
# block 300000001..400000000 N=70749857 t=65.0s
# block 400000001..500000000 N=88437193 t=65.6s
# block 500000001..600000000 N=106124485 t=66.1s
# block 600000001..700000000 N=123812516 t=66.7s
# block 700000001..800000000 N=141499664 t=67.2s
# block 800000001..900000000 N=159187366 t=67.8s
# block 900000001..1000000000 N=176874997 t=68.3s
# block 1000000001..1100000000 N=194562461 t=68.9s
# block 1100000001..1200000000 N=212250005 t=69.4s
# block 1200000001..1300000000 N=229937097 t=69.9s
# block 1300000001..1400000000 N=247624403 t=70.5s
# block 1400000001..1500000000 N=265311809 t=71.0s
# block 1500000001..1600000000 N=282999061 t=71.6s
# block 1600000001..1700000000 N=300687183 t=72.1s
# block 1700000001..1800000000 N=318374750 t=72.7s
# block 1800000001..1900000000 N=336062342 t=73.2s
# block 1900000001..2000000000 N=353749720 t=73.8s
# block 2000000001..2100000000 N=371437281 t=74.3s
# block 2100000001..2200000000 N=389124806 t=74.9s
# block 2200000001..2300000000 N=406812124 t=75.4s
# block 2300000001..2400000000 N=424499818 t=76.0s
# block 2400000001..2500000000 N=442187664 t=76.5s
# block 2500000001..2600000000 N=459875285 t=77.1s
# block 2600000001..2700000000 N=477562556 t=77.6s
# block 2700000001..2800000000 N=495249812 t=78.2s
# block 2800000001..2900000000 N=512937311 t=78.7s
# block 2900000001..3000000000 N=530624314 t=79.2s
# block 3000000001..3100000000 N=548311612 t=79.8s
# block 3100000001..3200000000 N=565998905 t=80.3s
# block 3200000001..3300000000 N=583686441 t=80.9s
# block 3300000001..3400000000 N=601374171 t=81.4s
# block 3400000001..3500000000 N=619061814 t=82.0s
# block 3500000001..3600000000 N=636749397 t=82.5s
# block 3600000001..3700000000 N=654437135 t=83.1s
# block 3700000001..3800000000 N=672124814 t=83.6s
# block 3800000001..3900000000 N=689812135 t=84.2s
# block 3900000001..4000000000 N=707499606 t=84.7s
# block 4000000001..4100000000 N=725187415 t=85.3s
# block 4100000001..4200000000 N=742874238 t=85.8s
# block 4200000001..4300000000 N=760562351 t=86.4s
# block 4300000001..4400000000 N=778249026 t=87.0s
# block 4400000001..4500000000 N=795936574 t=87.6s
# block 4500000001..4600000000 N=813623943 t=88.1s
# block 4600000001..4700000000 N=831311531 t=88.6s
# block 4700000001..4800000000 N=848999144 t=89.2s
# block 4800000001..4900000000 N=866686847 t=89.8s
# block 4900000001..5000000000 N=884374468 t=90.3s
# block 5000000001..5100000000 N=902061776 t=90.9s
# block 5100000001..5200000000 N=919749037 t=91.4s
# block 5200000001..5300000000 N=937436126 t=92.0s
# block 5300000001..5400000000 N=955122988 t=92.5s
# block 5400000001..5500000000 N=972810616 t=93.1s
# block 5500000001..5600000000 N=990498215 t=93.7s
# block 5600000001..5700000000 N=1008185835 t=94.3s
# block 5700000001..5800000000 N=1025872886 t=94.9s
# block 5800000001..5900000000 N=1043561009 t=95.5s
# block 5900000001..6000000000 N=1061248936 t=96.0s
# block 6000000001..6100000000 N=1078936519 t=96.6s
# block 6100000001..6200000000 N=1096624271 t=97.2s
# block 6200000001..6300000000 N=1114311083 t=97.7s
# block 6300000001..6400000000 N=1131998407 t=98.3s
# block 6400000001..6500000000 N=1149685757 t=98.9s
# block 6500000001..6600000000 N=1167373414 t=99.4s
# block 6600000001..6700000000 N=1185060716 t=100.0s
# block 6700000001..6800000000 N=1202748166 t=100.5s
# block 6800000001..6900000000 N=1220436158 t=101.1s
# block 6900000001..7000000000 N=1238123828 t=101.7s
# block 7000000001..7100000000 N=1255810916 t=102.2s
# block 7100000001..7200000000 N=1273498061 t=102.8s
# block 7200000001..7300000000 N=1291186402 t=103.3s
# block 7300000001..7400000000 N=1308873266 t=103.9s
# block 7400000001..7500000000 N=1326560671 t=104.5s
# block 7500000001..7600000000 N=1344247170 t=105.0s
# block 7600000001..7700000000 N=1361934479 t=105.6s
# block 7700000001..7800000000 N=1379622630 t=106.2s
# block 7800000001..7900000000 N=1397309502 t=106.8s
# block 7900000001..8000000000 N=1414997282 t=107.3s
# block 8000000001..8100000000 N=1432684557 t=107.9s
# block 8100000001..8200000000 N=1450372677 t=108.4s
# block 8200000001..8300000000 N=1468060565 t=109.0s
# block 8300000001..8400000000 N=1485748559 t=109.5s
# block 8400000001..8500000000 N=1503436123 t=110.1s
# block 8500000001..8600000000 N=1521123383 t=110.6s
# block 8600000001..8700000000 N=1538810690 t=111.2s
# block 8700000001..8800000000 N=1556498715 t=111.7s
# block 8800000001..8900000000 N=1574186621 t=112.3s
# block 8900000001..9000000000 N=1591874341 t=112.8s
# block 9000000001..9100000000 N=1609562087 t=113.4s
# block 9100000001..9200000000 N=1627249500 t=113.9s
# block 9200000001..9300000000 N=1644936696 t=114.5s
# block 9300000001..9400000000 N=1662624371 t=115.0s
# block 9400000001..9500000000 N=1680312106 t=115.6s
# block 9500000001..9600000000 N=1697999937 t=116.1s
# block 9600000001..9700000000 N=1715687188 t=116.7s
# block 9700000001..9800000000 N=1733375019 t=117.2s
# block 9800000001..9900000000 N=1751062531 t=117.8s
# block 9900000001..10000000000 N=1768750265 t=118.4s
# done N(X)=1768750265 E(X)=89.0940 total=118.4s
      118.54 real       118.26 user         0.29 sys
          2131050496  maximum resident set size
                   0  average shared memory size
                   0  average unshared data size
                   0  average unshared stack size
              144138  page reclaims
                  18  page faults
                   0  swaps
                   0  block input operations
                   0  block output operations
                   0  messages sent
                   0  messages received
                   0  signals received
                   8  voluntary context switches
                1633  involuntary context switches
        889488441294  instructions retired
        484899108790  cycles elapsed
          2117453720  peak memory footprint
[2026-10-01 05:06:09] seed 1004 done
[2026-10-01 05:06:09] seed 1005 start
# alpha=0.75 X=10000000000 Y=20000000000 seed=1005 nR(Y)=3179881 nR(X)=1951458 logrho_Y=-0.509072250852 tail=-0.000390327898 rho=0.600818384631 primes_done=61.0s
# block 1..100000000 N=60082047 t=61.6s
# block 100000001..200000000 N=120163841 t=62.1s
# block 200000001..300000000 N=180244929 t=62.7s
# block 300000001..400000000 N=240327675 t=63.2s
# block 400000001..500000000 N=300408803 t=63.7s
# block 500000001..600000000 N=360490410 t=64.2s
# block 600000001..700000000 N=420571603 t=64.7s
# block 700000001..800000000 N=480653763 t=65.3s
# block 800000001..900000000 N=540734999 t=65.8s
# block 900000001..1000000000 N=600817212 t=66.4s
# block 1000000001..1100000000 N=660898768 t=66.9s
# block 1100000001..1200000000 N=720980294 t=67.5s
# block 1200000001..1300000000 N=781061808 t=68.0s
# block 1300000001..1400000000 N=841143506 t=68.6s
# block 1400000001..1500000000 N=901225382 t=69.1s
# block 1500000001..1600000000 N=961307454 t=69.7s
# block 1600000001..1700000000 N=1021388551 t=70.2s
# block 1700000001..1800000000 N=1081471043 t=70.8s
# block 1800000001..1900000000 N=1141552204 t=71.3s
# block 1900000001..2000000000 N=1201634364 t=71.8s
# block 2000000001..2100000000 N=1261715310 t=72.4s
# block 2100000001..2200000000 N=1321797062 t=72.9s
# block 2200000001..2300000000 N=1381878445 t=73.5s
# block 2300000001..2400000000 N=1441961040 t=74.0s
# block 2400000001..2500000000 N=1502042193 t=74.6s
# block 2500000001..2600000000 N=1562124154 t=75.1s
# block 2600000001..2700000000 N=1622205518 t=75.7s
# block 2700000001..2800000000 N=1682286449 t=76.2s
# block 2800000001..2900000000 N=1742368806 t=76.7s
# block 2900000001..3000000000 N=1802451044 t=77.3s
# block 3000000001..3100000000 N=1862532368 t=77.8s
# block 3100000001..3200000000 N=1922614252 t=78.4s
# block 3200000001..3300000000 N=1982696178 t=78.9s
# block 3300000001..3400000000 N=2042777591 t=79.4s
# block 3400000001..3500000000 N=2102860323 t=80.0s
# block 3500000001..3600000000 N=2162942393 t=80.5s
# block 3600000001..3700000000 N=2223024273 t=81.1s
# block 3700000001..3800000000 N=2283105376 t=81.6s
# block 3800000001..3900000000 N=2343188407 t=82.2s
# block 3900000001..4000000000 N=2403270394 t=82.7s
# block 4000000001..4100000000 N=2463351360 t=83.3s
# block 4100000001..4200000000 N=2523433453 t=83.8s
# block 4200000001..4300000000 N=2583515234 t=84.3s
# block 4300000001..4400000000 N=2643596791 t=84.9s
# block 4400000001..4500000000 N=2703679000 t=85.4s
# block 4500000001..4600000000 N=2763760488 t=86.0s
# block 4600000001..4700000000 N=2823843107 t=86.5s
# block 4700000001..4800000000 N=2883925516 t=87.0s
# block 4800000001..4900000000 N=2944006722 t=87.6s
# block 4900000001..5000000000 N=3004088647 t=88.1s
# block 5000000001..5100000000 N=3064169494 t=88.7s
# block 5100000001..5200000000 N=3124251668 t=89.2s
# block 5200000001..5300000000 N=3184333061 t=89.7s
# block 5300000001..5400000000 N=3244415494 t=90.3s
# block 5400000001..5500000000 N=3304496879 t=90.8s
# block 5500000001..5600000000 N=3364578022 t=91.4s
# block 5600000001..5700000000 N=3424659878 t=91.9s
# block 5700000001..5800000000 N=3484741864 t=92.4s
# block 5800000001..5900000000 N=3544823505 t=93.0s
# block 5900000001..6000000000 N=3604905593 t=93.5s
# block 6000000001..6100000000 N=3664986057 t=94.1s
# block 6100000001..6200000000 N=3725068003 t=94.6s
# block 6200000001..6300000000 N=3785149882 t=95.1s
# block 6300000001..6400000000 N=3845231670 t=95.7s
# block 6400000001..6500000000 N=3905313413 t=96.2s
# block 6500000001..6600000000 N=3965395698 t=96.8s
# block 6600000001..6700000000 N=4025476811 t=97.3s
# block 6700000001..6800000000 N=4085558547 t=97.8s
# block 6800000001..6900000000 N=4145640078 t=98.4s
# block 6900000001..7000000000 N=4205722658 t=98.9s
# block 7000000001..7100000000 N=4265804532 t=99.5s
# block 7100000001..7200000000 N=4325886759 t=100.0s
# block 7200000001..7300000000 N=4385969353 t=100.6s
# block 7300000001..7400000000 N=4446050709 t=101.2s
# block 7400000001..7500000000 N=4506131667 t=101.8s
# block 7500000001..7600000000 N=4566213439 t=102.3s
# block 7600000001..7700000000 N=4626295992 t=102.9s
# block 7700000001..7800000000 N=4686378830 t=103.4s
# block 7800000001..7900000000 N=4746460227 t=104.0s
# block 7900000001..8000000000 N=4806541996 t=104.5s
# block 8000000001..8100000000 N=4866622697 t=105.1s
# block 8100000001..8200000000 N=4926704388 t=105.6s
# block 8200000001..8300000000 N=4986786072 t=106.1s
# block 8300000001..8400000000 N=5046867417 t=106.7s
# block 8400000001..8500000000 N=5106949299 t=107.2s
# block 8500000001..8600000000 N=5167031235 t=107.8s
# block 8600000001..8700000000 N=5227113291 t=108.3s
# block 8700000001..8800000000 N=5287194903 t=108.8s
# block 8800000001..8900000000 N=5347276717 t=109.4s
# block 8900000001..9000000000 N=5407358989 t=109.9s
# block 9000000001..9100000000 N=5467440899 t=110.5s
# block 9100000001..9200000000 N=5527521691 t=111.0s
# block 9200000001..9300000000 N=5587603891 t=111.6s
# block 9300000001..9400000000 N=5647686507 t=112.1s
# block 9400000001..9500000000 N=5707768378 t=112.6s
# block 9500000001..9600000000 N=5767850954 t=113.2s
# block 9600000001..9700000000 N=5827933385 t=113.7s
# block 9700000001..9800000000 N=5888014518 t=114.3s
# block 9800000001..9900000000 N=5948097867 t=114.8s
# block 9900000001..10000000000 N=6008179669 t=115.4s
# done N(X)=6008179669 E(X)=-4177.3078 total=115.4s
      115.53 real       115.18 user         0.47 sys
          2127708160  maximum resident set size
                   0  average shared memory size
                   0  average unshared data size
                   0  average unshared stack size
              157425  page reclaims
                  61  page faults
                   0  swaps
                   0  block input operations
                   0  block output operations
                   0  messages sent
                   0  messages received
                   0  signals received
                   9  voluntary context switches
                1878  involuntary context switches
        841836871978  instructions retired
        479871801974  cycles elapsed
          2114062280  peak memory footprint
[2026-10-01 05:08:05] seed 1005 done
[2026-10-01 05:08:05] seed 1006 start
# alpha=0.75 X=10000000000 Y=20000000000 seed=1006 nR(Y)=3181696 nR(X)=1953792 logrho_Y=-1.730049932066 tail=-0.000390327898 rho=0.177206375921 primes_done=63.3s
# block 1..100000000 N=17720784 t=63.9s
# block 100000001..200000000 N=35441174 t=64.5s
# block 200000001..300000000 N=53161827 t=65.0s
# block 300000001..400000000 N=70882590 t=65.6s
# block 400000001..500000000 N=88603074 t=66.2s
# block 500000001..600000000 N=106323793 t=66.7s
# block 600000001..700000000 N=124045273 t=67.3s
# block 700000001..800000000 N=141765743 t=67.9s
# block 800000001..900000000 N=159486452 t=68.5s
# block 900000001..1000000000 N=177207033 t=69.0s
# block 1000000001..1100000000 N=194927817 t=69.6s
# block 1100000001..1200000000 N=212648752 t=70.2s
# block 1200000001..1300000000 N=230368977 t=70.7s
# block 1300000001..1400000000 N=248089213 t=71.3s
# block 1400000001..1500000000 N=265809795 t=71.9s
# block 1500000001..1600000000 N=283530273 t=72.4s
# block 1600000001..1700000000 N=301250681 t=73.0s
# block 1700000001..1800000000 N=318971748 t=73.6s
# block 1800000001..1900000000 N=336692059 t=74.1s
# block 1900000001..2000000000 N=354412298 t=74.7s
# block 2000000001..2100000000 N=372132338 t=75.3s
# block 2100000001..2200000000 N=389853338 t=75.8s
# block 2200000001..2300000000 N=407573587 t=76.4s
# block 2300000001..2400000000 N=425293977 t=77.0s
# block 2400000001..2500000000 N=443015100 t=77.5s
# block 2500000001..2600000000 N=460735248 t=78.1s
# block 2600000001..2700000000 N=478456202 t=78.7s
# block 2700000001..2800000000 N=496177258 t=79.3s
# block 2800000001..2900000000 N=513898021 t=79.8s
# block 2900000001..3000000000 N=531618322 t=80.4s
# block 3000000001..3100000000 N=549338987 t=81.0s
# block 3100000001..3200000000 N=567060188 t=81.5s
# block 3200000001..3300000000 N=584781306 t=82.1s
# block 3300000001..3400000000 N=602501824 t=82.7s
# block 3400000001..3500000000 N=620221722 t=83.2s
# block 3500000001..3600000000 N=637942242 t=83.8s
# block 3600000001..3700000000 N=655663149 t=84.4s
# block 3700000001..3800000000 N=673383637 t=84.9s
# block 3800000001..3900000000 N=691104623 t=85.5s
# block 3900000001..4000000000 N=708825013 t=86.0s
# block 4000000001..4100000000 N=726545704 t=86.6s
# block 4100000001..4200000000 N=744266378 t=87.2s
# block 4200000001..4300000000 N=761987001 t=87.8s
# block 4300000001..4400000000 N=779707521 t=88.3s
# block 4400000001..4500000000 N=797428287 t=88.9s
# block 4500000001..4600000000 N=815149126 t=89.5s
# block 4600000001..4700000000 N=832869701 t=90.0s
# block 4700000001..4800000000 N=850590262 t=90.6s
# block 4800000001..4900000000 N=868311355 t=91.2s
# block 4900000001..5000000000 N=886031427 t=91.7s
# block 5000000001..5100000000 N=903752036 t=92.3s
# block 5100000001..5200000000 N=921472665 t=92.8s
# block 5200000001..5300000000 N=939193340 t=93.4s
# block 5300000001..5400000000 N=956913966 t=94.0s
# block 5400000001..5500000000 N=974634462 t=94.5s
# block 5500000001..5600000000 N=992355241 t=95.1s
# block 5600000001..5700000000 N=1010075962 t=95.7s
# block 5700000001..5800000000 N=1027797053 t=96.2s
# block 5800000001..5900000000 N=1045517429 t=96.8s
# block 5900000001..6000000000 N=1063238042 t=97.4s
# block 6000000001..6100000000 N=1080958959 t=97.9s
# block 6100000001..6200000000 N=1098679073 t=98.5s
# block 6200000001..6300000000 N=1116399409 t=99.1s
# block 6300000001..6400000000 N=1134120354 t=99.6s
# block 6400000001..6500000000 N=1151841341 t=100.2s
# block 6500000001..6600000000 N=1169561951 t=100.8s
# block 6600000001..6700000000 N=1187281744 t=101.3s
# block 6700000001..6800000000 N=1205002114 t=101.9s
# block 6800000001..6900000000 N=1222722964 t=102.5s
# block 6900000001..7000000000 N=1240443068 t=103.1s
# block 7000000001..7100000000 N=1258164002 t=103.6s
# block 7100000001..7200000000 N=1275884416 t=104.2s
# block 7200000001..7300000000 N=1293605031 t=104.8s
# block 7300000001..7400000000 N=1311325562 t=105.3s
# block 7400000001..7500000000 N=1329046255 t=105.9s
# block 7500000001..7600000000 N=1346767052 t=106.5s
# block 7600000001..7700000000 N=1364487683 t=107.0s
# block 7700000001..7800000000 N=1382207647 t=107.6s
# block 7800000001..7900000000 N=1399928837 t=108.2s
# block 7900000001..8000000000 N=1417649876 t=108.8s
# block 8000000001..8100000000 N=1435369818 t=109.3s
# block 8100000001..8200000000 N=1453090497 t=109.9s
# block 8200000001..8300000000 N=1470811554 t=110.5s
# block 8300000001..8400000000 N=1488531956 t=111.0s
# block 8400000001..8500000000 N=1506252035 t=111.6s
# block 8500000001..8600000000 N=1523973220 t=112.2s
# block 8600000001..8700000000 N=1541694410 t=112.7s
# block 8700000001..8800000000 N=1559415507 t=113.3s
# block 8800000001..8900000000 N=1577135649 t=113.9s
# block 8900000001..9000000000 N=1594856784 t=114.4s
# block 9000000001..9100000000 N=1612576938 t=115.0s
# block 9100000001..9200000000 N=1630297218 t=115.6s
# block 9200000001..9300000000 N=1648018050 t=116.1s
# block 9300000001..9400000000 N=1665737929 t=116.7s
# block 9400000001..9500000000 N=1683458873 t=117.3s
# block 9500000001..9600000000 N=1701179519 t=117.9s
# block 9600000001..9700000000 N=1718899715 t=118.4s
# block 9700000001..9800000000 N=1736619945 t=119.0s
# block 9800000001..9900000000 N=1754340743 t=119.6s
# block 9900000001..10000000000 N=1772061577 t=120.1s
# done N(X)=1772061577 E(X)=-2182.2091 total=120.1s
      120.34 real       120.67 user         0.27 sys
          2128314368  maximum resident set size
                   0  average shared memory size
                   0  average unshared data size
                   0  average unshared stack size
              150949  page reclaims
                  84  page faults
                   0  swaps
                   0  block input operations
                   0  block output operations
                   0  messages sent
                   0  messages received
                   0  signals received
                   9  voluntary context switches
                1149  involuntary context switches
        894348657227  instructions retired
        479807076981  cycles elapsed
          2114242456  peak memory footprint
[2026-10-01 05:10:05] seed 1006 done
[2026-10-01 05:10:05] seed 1007 start
# alpha=0.75 X=10000000000 Y=20000000000 seed=1007 nR(Y)=3182059 nR(X)=1954554 logrho_Y=-1.603915308141 tail=-0.000390327898 rho=0.201029093817 primes_done=62.0s
# block 1..100000000 N=20102968 t=62.8s
# block 100000001..200000000 N=40206140 t=63.4s
# block 200000001..300000000 N=60308748 t=64.1s
# block 300000001..400000000 N=80412070 t=64.7s
# block 400000001..500000000 N=100515264 t=65.4s
# block 500000001..600000000 N=120617920 t=66.0s
# block 600000001..700000000 N=140721118 t=66.6s
# block 700000001..800000000 N=160823818 t=67.3s
# block 800000001..900000000 N=180926488 t=67.9s
# block 900000001..1000000000 N=201029542 t=68.5s
# block 1000000001..1100000000 N=221132453 t=69.1s
# block 1100000001..1200000000 N=241235372 t=70.0s
# block 1200000001..1300000000 N=261338349 t=70.6s
# block 1300000001..1400000000 N=281441363 t=71.2s
# block 1400000001..1500000000 N=301543910 t=71.8s
# block 1500000001..1600000000 N=321646254 t=72.4s
# block 1600000001..1700000000 N=341749158 t=73.1s
# block 1700000001..1800000000 N=361851692 t=73.7s
# block 1800000001..1900000000 N=381954951 t=74.3s
# block 1900000001..2000000000 N=402057702 t=74.9s
# block 2000000001..2100000000 N=422160658 t=75.6s
# block 2100000001..2200000000 N=442263362 t=76.2s
# block 2200000001..2300000000 N=462366222 t=76.8s
# block 2300000001..2400000000 N=482469450 t=77.4s
# block 2400000001..2500000000 N=502571724 t=78.1s
# block 2500000001..2600000000 N=522674422 t=78.7s
# block 2600000001..2700000000 N=542778297 t=79.3s
# block 2700000001..2800000000 N=562881175 t=79.9s
# block 2800000001..2900000000 N=582983865 t=80.6s
# block 2900000001..3000000000 N=603086212 t=81.2s
# block 3000000001..3100000000 N=623189053 t=81.8s
# block 3100000001..3200000000 N=643292385 t=82.4s
# block 3200000001..3300000000 N=663395004 t=83.1s
# block 3300000001..3400000000 N=683497964 t=83.7s
# block 3400000001..3500000000 N=703600778 t=84.3s
# block 3500000001..3600000000 N=723703742 t=84.9s
# block 3600000001..3700000000 N=743806982 t=85.6s
# block 3700000001..3800000000 N=763909025 t=86.2s
# block 3800000001..3900000000 N=784011539 t=86.8s
# block 3900000001..4000000000 N=804114248 t=87.4s
# block 4000000001..4100000000 N=824217079 t=88.1s
# block 4100000001..4200000000 N=844319998 t=88.7s
# block 4200000001..4300000000 N=864423348 t=89.3s
# block 4300000001..4400000000 N=884526136 t=90.0s
# block 4400000001..4500000000 N=904628713 t=90.6s
# block 4500000001..4600000000 N=924731819 t=91.2s
# block 4600000001..4700000000 N=944834807 t=91.9s
# block 4700000001..4800000000 N=964938334 t=92.5s
# block 4800000001..4900000000 N=985040897 t=93.1s
# block 4900000001..5000000000 N=1005143848 t=93.7s
# block 5000000001..5100000000 N=1025247014 t=94.4s
# block 5100000001..5200000000 N=1045350078 t=95.0s
# block 5200000001..5300000000 N=1065453022 t=95.6s
# block 5300000001..5400000000 N=1085555880 t=96.2s
# block 5400000001..5500000000 N=1105658870 t=96.8s
# block 5500000001..5600000000 N=1125761788 t=97.5s
# block 5600000001..5700000000 N=1145864855 t=98.1s
# block 5700000001..5800000000 N=1165968034 t=98.8s
# block 5800000001..5900000000 N=1186070551 t=99.4s
# block 5900000001..6000000000 N=1206173498 t=100.0s
# block 6000000001..6100000000 N=1226276424 t=100.6s
# block 6100000001..6200000000 N=1246379801 t=101.3s
# block 6200000001..6300000000 N=1266482317 t=101.9s
# block 6300000001..6400000000 N=1286584929 t=102.5s
# block 6400000001..6500000000 N=1306687942 t=103.1s
# block 6500000001..6600000000 N=1326790101 t=103.8s
# block 6600000001..6700000000 N=1346893258 t=104.4s
# block 6700000001..6800000000 N=1366996732 t=105.0s
# block 6800000001..6900000000 N=1387099462 t=105.6s
# block 6900000001..7000000000 N=1407202219 t=106.3s
# block 7000000001..7100000000 N=1427305140 t=106.9s
# block 7100000001..7200000000 N=1447407624 t=107.5s
# block 7200000001..7300000000 N=1467510587 t=108.1s
# block 7300000001..7400000000 N=1487613785 t=108.8s
# block 7400000001..7500000000 N=1507716537 t=109.4s
# block 7500000001..7600000000 N=1527819184 t=110.0s
# block 7600000001..7700000000 N=1547922516 t=110.6s
# block 7700000001..7800000000 N=1568025127 t=111.2s
# block 7800000001..7900000000 N=1588128031 t=111.9s
# block 7900000001..8000000000 N=1608230613 t=112.5s
# block 8000000001..8100000000 N=1628333512 t=113.1s
# block 8100000001..8200000000 N=1648436957 t=113.7s
# block 8200000001..8300000000 N=1668539981 t=114.3s
# block 8300000001..8400000000 N=1688642950 t=114.9s
# block 8400000001..8500000000 N=1708746205 t=115.6s
# block 8500000001..8600000000 N=1728849215 t=116.2s
# block 8600000001..8700000000 N=1748951957 t=116.8s
# block 8700000001..8800000000 N=1769054591 t=117.4s
# block 8800000001..8900000000 N=1789157805 t=118.1s
# block 8900000001..9000000000 N=1809260633 t=118.7s
# block 9000000001..9100000000 N=1829363851 t=119.3s
# block 9100000001..9200000000 N=1849466015 t=120.0s
# block 9200000001..9300000000 N=1869568714 t=120.6s
# block 9300000001..9400000000 N=1889671954 t=121.2s
# block 9400000001..9500000000 N=1909774308 t=121.8s
# block 9500000001..9600000000 N=1929877168 t=122.5s
# block 9600000001..9700000000 N=1949980555 t=123.1s
# block 9700000001..9800000000 N=1970084023 t=123.7s
# block 9800000001..9900000000 N=1990186960 t=124.3s
# block 9900000001..10000000000 N=2010289506 t=125.0s
# done N(X)=2010289506 E(X)=-1432.1712 total=125.0s
      125.16 real       124.79 user         0.46 sys
          2130509824  maximum resident set size
                   0  average shared memory size
                   0  average unshared data size
                   0  average unshared stack size
              203074  page reclaims
                  18  page faults
                   0  swaps
                   0  block input operations
                   0  block output operations
                   0  messages sent
                   0  messages received
                   0  signals received
                   3  voluntary context switches
                5513  involuntary context switches
        885363388372  instructions retired
        482131110260  cycles elapsed
          2118043568  peak memory footprint
[2026-10-01 05:12:10] seed 1007 done
[2026-10-01 05:12:10] seed 1008 start
# alpha=0.75 X=10000000000 Y=20000000000 seed=1008 nR(Y)=3182317 nR(X)=1953483 logrho_Y=-1.983017288806 tail=-0.000390327898 rho=0.137599550982 primes_done=67.7s
# block 1..100000000 N=13759984 t=68.4s
# block 100000001..200000000 N=27520208 t=69.0s
# block 200000001..300000000 N=41279878 t=69.7s
# block 300000001..400000000 N=55039782 t=70.4s
# block 400000001..500000000 N=68799955 t=71.0s
# block 500000001..600000000 N=82560203 t=71.7s
# block 600000001..700000000 N=96319839 t=72.3s
# block 700000001..800000000 N=110080014 t=73.0s
# block 800000001..900000000 N=123839794 t=73.6s
# block 900000001..1000000000 N=137599588 t=74.3s
# block 1000000001..1100000000 N=151359645 t=74.9s
# block 1100000001..1200000000 N=165120069 t=75.6s
# block 1200000001..1300000000 N=178878956 t=76.2s
# block 1300000001..1400000000 N=192639176 t=76.9s
# block 1400000001..1500000000 N=206399015 t=77.5s
# block 1500000001..1600000000 N=220158573 t=78.2s
# block 1600000001..1700000000 N=233918256 t=78.8s
# block 1700000001..1800000000 N=247678058 t=79.5s
# block 1800000001..1900000000 N=261438370 t=80.1s
# block 1900000001..2000000000 N=275198065 t=80.8s
# block 2000000001..2100000000 N=288957717 t=81.4s
# block 2100000001..2200000000 N=302718065 t=82.0s
# block 2200000001..2300000000 N=316478075 t=82.7s
# block 2300000001..2400000000 N=330237631 t=83.3s
# block 2400000001..2500000000 N=343997842 t=84.0s
# block 2500000001..2600000000 N=357758209 t=84.6s
# block 2600000001..2700000000 N=371518124 t=85.3s
# block 2700000001..2800000000 N=385277593 t=85.9s
# block 2800000001..2900000000 N=399037428 t=86.6s
# block 2900000001..3000000000 N=412798098 t=87.2s
# block 3000000001..3100000000 N=426558236 t=87.9s
# block 3100000001..3200000000 N=440318207 t=88.5s
# block 3200000001..3300000000 N=454077766 t=89.2s
# block 3300000001..3400000000 N=467837993 t=89.9s
# block 3400000001..3500000000 N=481598300 t=90.5s
# block 3500000001..3600000000 N=495357851 t=91.2s
# block 3600000001..3700000000 N=509117864 t=91.8s
# block 3700000001..3800000000 N=522877643 t=92.5s
# block 3800000001..3900000000 N=536638167 t=93.1s
# block 3900000001..4000000000 N=550397459 t=93.8s
# block 4000000001..4100000000 N=564157435 t=94.5s
# block 4100000001..4200000000 N=577917370 t=95.1s
# block 4200000001..4300000000 N=591677280 t=95.7s
# block 4300000001..4400000000 N=605437866 t=96.4s
# block 4400000001..4500000000 N=619197821 t=97.0s
# block 4500000001..4600000000 N=632957874 t=97.7s
# block 4600000001..4700000000 N=646718265 t=98.4s
# block 4700000001..4800000000 N=660478284 t=99.0s
# block 4800000001..4900000000 N=674237833 t=99.7s
# block 4900000001..5000000000 N=687997469 t=100.3s
# block 5000000001..5100000000 N=701757727 t=101.0s
# block 5100000001..5200000000 N=715517480 t=101.6s
# block 5200000001..5300000000 N=729276872 t=102.3s
# block 5300000001..5400000000 N=743037087 t=102.9s
# block 5400000001..5500000000 N=756797236 t=103.5s
# block 5500000001..5600000000 N=770557641 t=104.2s
# block 5600000001..5700000000 N=784317709 t=104.8s
# block 5700000001..5800000000 N=798077699 t=105.5s
# block 5800000001..5900000000 N=811837424 t=106.2s
# block 5900000001..6000000000 N=825596915 t=106.8s
# block 6000000001..6100000000 N=839356575 t=107.5s
# block 6100000001..6200000000 N=853117174 t=108.1s
# block 6200000001..6300000000 N=866877050 t=108.8s
# block 6300000001..6400000000 N=880636960 t=109.4s
# block 6400000001..6500000000 N=894397810 t=110.1s
# block 6500000001..6600000000 N=908157768 t=110.7s
# block 6600000001..6700000000 N=921918024 t=111.4s
# block 6700000001..6800000000 N=935678396 t=112.0s
# block 6800000001..6900000000 N=949437887 t=112.7s
# block 6900000001..7000000000 N=963197752 t=113.3s
# block 7000000001..7100000000 N=976958383 t=113.9s
# block 7100000001..7200000000 N=990718003 t=114.6s
# block 7200000001..7300000000 N=1004477462 t=115.2s
# block 7300000001..7400000000 N=1018236929 t=115.9s
# block 7400000001..7500000000 N=1031996762 t=116.5s
# block 7500000001..7600000000 N=1045756968 t=117.2s
# block 7600000001..7700000000 N=1059516575 t=117.8s
# block 7700000001..7800000000 N=1073276226 t=118.5s
# block 7800000001..7900000000 N=1087036757 t=119.1s
# block 7900000001..8000000000 N=1100796959 t=119.8s
# block 8000000001..8100000000 N=1114556568 t=120.4s
# block 8100000001..8200000000 N=1128316504 t=121.1s
# block 8200000001..8300000000 N=1142076353 t=121.7s
# block 8300000001..8400000000 N=1155835912 t=122.3s
# block 8400000001..8500000000 N=1169595805 t=123.0s
# block 8500000001..8600000000 N=1183355177 t=123.6s
# block 8600000001..8700000000 N=1197115079 t=124.3s
# block 8700000001..8800000000 N=1210875383 t=124.9s
# block 8800000001..8900000000 N=1224635623 t=125.6s
# block 8900000001..9000000000 N=1238395559 t=126.2s
# block 9000000001..9100000000 N=1252155753 t=126.9s
# block 9100000001..9200000000 N=1265915096 t=127.5s
# block 9200000001..9300000000 N=1279675315 t=128.2s
# block 9300000001..9400000000 N=1293435847 t=128.8s
# block 9400000001..9500000000 N=1307195239 t=129.5s
# block 9500000001..9600000000 N=1320955074 t=130.1s
# block 9600000001..9700000000 N=1334714444 t=130.8s
# block 9700000001..9800000000 N=1348474060 t=131.4s
# block 9800000001..9900000000 N=1362234510 t=132.1s
# block 9900000001..10000000000 N=1375994505 t=132.7s
# done N(X)=1375994505 E(X)=-1004.8156 total=132.7s
      132.96 real       132.68 user         0.26 sys
          2217607168  maximum resident set size
                   0  average shared memory size
                   0  average unshared data size
                   0  average unshared stack size
              162969  page reclaims
                  84  page faults
                   0  swaps
                   0  block input operations
                   0  block output operations
                   0  messages sent
                   0  messages received
                   0  signals received
                 397  voluntary context switches
                4063  involuntary context switches
        901323434158  instructions retired
        511948159277  cycles elapsed
          2204026848  peak memory footprint
[2026-10-01 05:14:23] seed 1008 done
[2026-10-01 05:14:23] seed 1009 start
# alpha=0.75 X=10000000000 Y=20000000000 seed=1009 nR(Y)=3183465 nR(X)=1954438 logrho_Y=-1.555745935412 tail=-0.000390327898 rho=0.210949552175 primes_done=68.3s
# block 1..100000000 N=21095269 t=69.1s
# block 100000001..200000000 N=42190515 t=69.9s
# block 200000001..300000000 N=63285075 t=70.6s
# block 300000001..400000000 N=84380475 t=71.4s
# block 400000001..500000000 N=105475414 t=72.1s
# block 500000001..600000000 N=126569737 t=72.9s
# block 600000001..700000000 N=147664134 t=73.6s
# block 700000001..800000000 N=168758925 t=74.4s
# block 800000001..900000000 N=189853247 t=75.1s
# block 900000001..1000000000 N=210947660 t=75.8s
# block 1000000001..1100000000 N=232042831 t=76.6s
# block 1100000001..1200000000 N=253138053 t=77.3s
# block 1200000001..1300000000 N=274232967 t=78.1s
# block 1300000001..1400000000 N=295328120 t=78.8s
# block 1400000001..1500000000 N=316422775 t=79.5s
# block 1500000001..1600000000 N=337517942 t=80.3s
# block 1600000001..1700000000 N=358612804 t=81.0s
# block 1700000001..1800000000 N=379706840 t=81.8s
# block 1800000001..1900000000 N=400802501 t=82.6s
# block 1900000001..2000000000 N=421897078 t=83.3s
# block 2000000001..2100000000 N=442992072 t=84.0s
# block 2100000001..2200000000 N=464087448 t=84.8s
# block 2200000001..2300000000 N=485181891 t=85.6s
# block 2300000001..2400000000 N=506277143 t=86.3s
# block 2400000001..2500000000 N=527372157 t=87.0s
# block 2500000001..2600000000 N=548467138 t=87.8s
# block 2600000001..2700000000 N=569562192 t=88.5s
# block 2700000001..2800000000 N=590656829 t=89.3s
# block 2800000001..2900000000 N=611751532 t=90.0s
# block 2900000001..3000000000 N=632846871 t=90.8s
# block 3000000001..3100000000 N=653942287 t=91.5s
# block 3100000001..3200000000 N=675037232 t=92.2s
# block 3200000001..3300000000 N=696132209 t=93.0s
# block 3300000001..3400000000 N=717226887 t=93.8s
# block 3400000001..3500000000 N=738321583 t=94.8s
# block 3500000001..3600000000 N=759416878 t=95.5s
# block 3600000001..3700000000 N=780512170 t=96.3s
# block 3700000001..3800000000 N=801606767 t=97.0s
# block 3800000001..3900000000 N=822702257 t=97.8s
# block 3900000001..4000000000 N=843797043 t=98.6s
# block 4000000001..4100000000 N=864891565 t=99.3s
# block 4100000001..4200000000 N=885986587 t=100.1s
# block 4200000001..4300000000 N=907080681 t=100.8s
# block 4300000001..4400000000 N=928176377 t=101.6s
# block 4400000001..4500000000 N=949271993 t=102.4s
# block 4500000001..4600000000 N=970366637 t=103.1s
# block 4600000001..4700000000 N=991461965 t=103.9s
# block 4700000001..4800000000 N=1012557052 t=104.6s
# block 4800000001..4900000000 N=1033652366 t=105.3s
# block 4900000001..5000000000 N=1054747093 t=106.1s
# block 5000000001..5100000000 N=1075841677 t=106.8s
# block 5100000001..5200000000 N=1096936455 t=107.5s
# block 5200000001..5300000000 N=1118030981 t=108.3s
# block 5300000001..5400000000 N=1139125914 t=109.1s
# block 5400000001..5500000000 N=1160220615 t=110.1s
# block 5500000001..5600000000 N=1181315859 t=110.8s
# block 5600000001..5700000000 N=1202412030 t=111.6s
# block 5700000001..5800000000 N=1223506660 t=112.3s
# block 5800000001..5900000000 N=1244602002 t=113.1s
# block 5900000001..6000000000 N=1265697441 t=113.8s
# block 6000000001..6100000000 N=1286792641 t=114.5s
# block 6100000001..6200000000 N=1307887516 t=115.3s
# block 6200000001..6300000000 N=1328982316 t=116.1s
# block 6300000001..6400000000 N=1350077926 t=116.8s
# block 6400000001..6500000000 N=1371173567 t=117.6s
# block 6500000001..6600000000 N=1392268405 t=118.3s
# block 6600000001..6700000000 N=1413362473 t=119.1s
# block 6700000001..6800000000 N=1434457730 t=119.8s
# block 6800000001..6900000000 N=1455552865 t=120.5s
# block 6900000001..7000000000 N=1476648061 t=121.3s
# block 7000000001..7100000000 N=1497742152 t=122.1s
# block 7100000001..7200000000 N=1518837231 t=122.8s
# block 7200000001..7300000000 N=1539932386 t=123.6s
# block 7300000001..7400000000 N=1561026971 t=124.3s
# block 7400000001..7500000000 N=1582122292 t=125.1s
# block 7500000001..7600000000 N=1603217397 t=126.0s
# block 7600000001..7700000000 N=1624311992 t=126.7s
# block 7700000001..7800000000 N=1645406758 t=127.5s
# block 7800000001..7900000000 N=1666501487 t=128.3s
# block 7900000001..8000000000 N=1687597000 t=129.0s
# block 8000000001..8100000000 N=1708692018 t=129.8s
# block 8100000001..8200000000 N=1729786706 t=130.5s
# block 8200000001..8300000000 N=1750880855 t=131.3s
# block 8300000001..8400000000 N=1771976247 t=132.0s
# block 8400000001..8500000000 N=1793071869 t=132.8s
# block 8500000001..8600000000 N=1814166487 t=133.5s
# block 8600000001..8700000000 N=1835261453 t=134.3s
# block 8700000001..8800000000 N=1856356397 t=135.1s
# block 8800000001..8900000000 N=1877451813 t=135.8s
# block 8900000001..9000000000 N=1898546605 t=136.6s
# block 9000000001..9100000000 N=1919641910 t=137.3s
# block 9100000001..9200000000 N=1940736751 t=138.0s
# block 9200000001..9300000000 N=1961831358 t=138.8s
# block 9300000001..9400000000 N=1982926255 t=139.5s
# block 9400000001..9500000000 N=2004021549 t=140.3s
# block 9500000001..9600000000 N=2025116345 t=141.0s
# block 9600000001..9700000000 N=2046211638 t=141.7s
# block 9700000001..9800000000 N=2067306471 t=142.6s
# block 9800000001..9900000000 N=2088401599 t=143.6s
# block 9900000001..10000000000 N=2109496334 t=144.4s
# done N(X)=2109496334 E(X)=812.2478 total=144.4s
      144.63 real       143.46 user         1.10 sys
          2220015616  maximum resident set size
                   0  average shared memory size
                   0  average unshared data size
                   0  average unshared stack size
              280352  page reclaims
                  36  page faults
                   0  swaps
                   0  block input operations
                   0  block output operations
                   0  messages sent
                   0  messages received
                   0  signals received
                  10  voluntary context switches
               18031  involuntary context switches
        886187725810  instructions retired
        544921484079  cycles elapsed
          2206484448  peak memory footprint
[2026-10-01 05:16:48] seed 1009 done
[2026-10-01 05:16:48] all done
