run            rho      sup[1e4] sup[1e6] sup[1e7] |  ms[1e4]  ms[1e6]  ms[1e7] | drift*X  sup|E|top  tail_sd*X
O O_s1002      0.1530    0.374    0.370    0.407 |   0.793    0.785    0.928 |   3249.8    2632.5     102.5
O O_s1003      0.3036    0.393    0.367    0.381 |   0.800    0.727    0.780 |   -654.5    3026.7     203.3
O O_s1004      0.1769    0.392    0.385    0.425 |   0.759    0.807    0.904 |  -1136.2    3822.4     118.4
O O_s1005      0.6008    0.332    0.338    0.444 |   0.617    0.681    1.017 |  -4054.1    7860.4     402.3
O O_s1006      0.1772    0.369    0.389    0.391 |   0.736    0.816    0.917 |  -2232.2    2728.4     118.7
O O_s1007      0.2010    0.361    0.346    0.387 |   0.738    0.707    0.902 |  -2092.3    2539.2     134.6
O O_s1008      0.1376    0.381    0.374    0.342 |   0.793    0.785    0.708 |    315.7    1754.7      92.1
O O_s1009      0.2109    0.391    0.431    0.418 |   0.795    1.041    0.723 |   3228.7    2864.6     141.3
W bern_a0.750_s1 0.1736    0.348    0.351    0.433 |   0.739    0.765    0.982 |  -1151.3    2182.3     116.2
W bern_a0.750_s2 0.1755    0.387    0.404    0.438 |   0.764    0.836    0.735 |  -1033.4    3532.4     117.6
W bern_a0.750_s3 0.5176    0.337    0.396    0.474 |   0.686    0.879    1.152 |  -3097.0    5701.5     346.6
W bern_a0.750_s4 0.2294    0.356    0.404    0.456 |   0.712    0.926    1.077 |   2833.7    3950.8     153.6
W bern_a0.750_s5 0.1298    0.377    0.400    0.429 |   0.758    0.820    0.776 |  -1152.6    2171.7      86.9
W bern_a0.750_s6 0.1135    0.401    0.381    0.388 |   0.842    0.876    0.773 |  -2044.5    4787.1      76.0
W bern_a0.750_s7 0.2245    0.349    0.356    0.327 |   0.624    0.774    0.593 |   1055.0    3051.9     150.3
W bern_a0.750_s8 0.2952    0.382    0.375    0.313 |   0.721    0.648    0.566 |   2777.8    3954.7     197.7
W bern_a0.750_s9 0.2903    0.392    0.394    0.332 |   0.745    0.751    0.549 |   -645.0    2412.7     194.4
W bern_a0.750_s10 0.2516    0.330    0.349    0.404 |   0.600    0.808    0.886 |    103.3    2427.8     168.5
W bern_a0.750_s11 0.1697    0.381    0.350    0.346 |   0.741    0.556    0.579 |   -131.9    2058.2     113.6
W bern_a0.750_s12 0.1724    0.380    0.373    0.364 |   0.741    0.758    0.774 |   -128.1    1918.2     115.5
writer seeds 1-4 (fr)  sup: 0.357±0.011 (n=4)  0.389±0.013 (n=4)  0.450±0.009 (n=4)
                       ms : 0.725±0.017 (n=4)  0.852±0.034 (n=4)  0.986±0.091 (n=4)
writer seeds 5-12      sup: 0.374±0.008 (n=8)  0.372±0.007 (n=8)  0.363±0.014 (n=8)
                       ms : 0.721±0.027 (n=8)  0.749±0.036 (n=8)  0.687±0.046 (n=8)
writer all 12          sup: 0.368±0.007 (n=12)  0.378±0.006 (n=12)  0.392±0.016 (n=12)
                       ms : 0.723±0.018 (n=12)  0.783±0.030 (n=12)  0.787±0.059 (n=12)
reader 1002-1009       sup: 0.374±0.007 (n=8)  0.375±0.010 (n=8)  0.399±0.011 (n=8)
                       ms : 0.754±0.022 (n=8)  0.794±0.039 (n=8)  0.860±0.039 (n=8)
writer 12 + reader 8   sup: 0.371±0.005 (n=20)  0.377±0.005 (n=20)  0.395±0.010 (n=20)
                       ms : 0.735±0.014 (n=20)  0.787±0.023 (n=20)  0.816±0.039 (n=20)
rank test sup[1e7]: fr seeds 1-4 beat 32/32 pairs; exact one-sided p = 1/495 = 0.0020
rank test ms[1e7]: fr seeds 1-4 beat 28/32 pairs; exact one-sided p = 12/495 = 0.0242

X = 1e9 comparison (windows [1e4,1e9], [1e6,1e9], [1e7,1e9])
fr seeds 1-8 at 1e9 (Y=4e9)        sup: 0.353±0.013 (n=8)  0.355±0.013 (n=8)  0.373±0.027 (n=8)
                                   ms : 0.677±0.040 (n=8)  0.738±0.055 (n=8)  0.661±0.125 (n=8)
writer 12 seeds truncated at 1e9   sup: 0.359±0.011 (n=12)  0.357±0.011 (n=12)  0.365±0.021 (n=12)
                                   ms : 0.686±0.034 (n=12)  0.739±0.038 (n=12)  0.682±0.101 (n=12)
reader seed 1001 (numpy, PCG64)    sup: 0.353  0.326  0.328   ms: 0.689  0.495  0.442
   true dyadic [2^j, 2^(j+1)) ms-slope from 1e+04: 0.763 (16 windows)
   true dyadic [2^j, 2^(j+1)) ms-slope from 1e+06: 0.550 (10 windows)
   true dyadic [2^j, 2^(j+1)) ms-slope from 1e+07: 0.798 (6 windows)
