 sigma      t    R(route i)             R(route ii)            t*|R-1|
-0.400     10  1.00083978226615483    1.00083978226615483    0.00839782
-0.400     30  1.00009333063794597    1.00009333063794597    0.00279992
-0.400    100  1.00000839997816066    1.00000839997816066    0.000839998
-0.400   1000  1.00000008399999782    1.00000008399999782    8.4e-5
-0.400  10000  1.00000000084          1.00000000084          8.4e-6
 0.050     10  0.999964334737383299   0.999964334737383299   0.000356653
 0.050     30  0.999996041171746645   0.999996041171746645   0.000118765
 0.050    100  0.999999643745993069   0.999999643745993069   3.56254e-5
 0.050   1000  0.999999996437499529   0.999999996437499529   3.5625e-6
 0.050  10000  0.999999999964374898   0.999999999964374898   3.56251e-7
 0.200     10  0.99991988420994973    0.99991988420994973    0.000801158
 0.200     30  0.999991109688087278   0.999991109688087278   0.000266709
 0.200    100  0.999999199988479416   0.999999199988479416   8.00012e-5
 0.200   1000  0.999999991999998848   0.999999991999998848   8.0e-6
 0.200  10000  0.99999999992          0.99999999992          8.0e-7
 0.375     10  0.999951089471685605   0.999951089471685605   0.000489105
 0.375     30  0.999994573640232426   0.999994573640232426   0.000162791
 0.375    100  0.999999511710552739   0.999999511710552739   4.88289e-5
 0.375   1000  0.99999999511718668    0.99999999511718668    4.88281e-6
 0.375  10000  0.999999999951171875   0.999999999951171875   4.88281e-7
 0.600     10  1.00004006996726292    1.00004006996726292    0.0004007
 0.600     30  1.00000444530420265    1.00000444530420265    0.000133359
 0.600    100  1.00000040000696036    1.00000040000696036    4.00007e-5
 0.600   1000  1.0000000040000007     1.0000000040000007     4.0e-6
 0.600  10000  1.00000000004          1.00000000004          4.0e-7
 1.200     10  0.999719960208346129   0.999719960208346129   0.0028004
 1.200     30  0.999968888404134265   0.999968888404134265   0.000933348
 1.200    100  0.999997199996079414   0.999997199996079414   0.00028
 1.200   1000  0.999999971999999608   0.999999971999999608   2.8e-5
 1.200  10000  0.99999999972          0.99999999972          2.8e-6
