# alpha=0.75 X=1000000000 Y=4000000000 seed=1001 nR(Y)=1024405 nR(X)=388232 logrho_Y=-1.635996664015 tail=-0.000620899684 rho=0.194637278330 primes_done=11.4s
# block 1..100000000 N=19464026 t=12.1s
# block 100000001..200000000 N=38927780 t=12.6s
# block 200000001..300000000 N=58391211 t=13.2s
# block 300000001..400000000 N=77854709 t=13.7s
# block 400000001..500000000 N=97318692 t=14.3s
# block 500000001..600000000 N=116782386 t=14.8s
# block 600000001..700000000 N=136245752 t=15.4s
# block 700000001..800000000 N=155709462 t=15.9s
# block 800000001..900000000 N=175172685 t=16.5s
# block 900000001..1000000000 N=194636523 t=17.0s
# done N(X)=194636523 E(X)=-755.3305 total=17.0s
       17.18 real        17.05 user         0.17 sys
          2134638592  maximum resident set size
                   0  average shared memory size
                   0  average unshared data size
                   0  average unshared stack size
              136019  page reclaims
                  19  page faults
                   0  swaps
                   0  block input operations
                   0  block output operations
                   0  messages sent
                   0  messages received
                   0  signals received
                   2  voluntary context switches
                 507  involuntary context switches
        123802535458  instructions retired
         75372763756  cycles elapsed
          2121205656  peak memory footprint
