Q0 all:"Gelfond-Schnirelman": 1 entries
   2013-07 1307.5361v1 The Gelfond-Schnirelman method in prime number theory
Q1 all:Gelfond AND all:Schnirelman: 1 entries
   2013-07 1307.5361v1 The Gelfond-Schnirelman method in prime number theory
Q2 abs:"integer Chebyshev" AND abs:prime: 0 entries
Q3 abs:"integer Chebyshev constant": 3 entries
   2013-07 1307.5456v1 The multivariate integer Chebyshev problem
   2013-07 1307.5362v1 Monic integer Chebyshev problem
   2001-01 math/0101166v1 Small polynomials with integer coefficients
Q4 all:Nair AND all:Chebyshev AND abs:prime: 1 entries
   2013-07 1307.5361v1 The Gelfond-Schnirelman method in prime number theory
Q5 abs:"weighted capacity" AND abs:prime: 1 entries
   2013-07 1307.5361v1 The Gelfond-Schnirelman method in prime number theory
Q6 abs:"least common multiple" AND abs:"prime number theorem": 0 entries
Q7 abs:"Chebyshev-type" AND abs:"prime number theorem" AND abs:elementary: 0 entries
R0 abs:lcm AND abs:"lower bound" AND abs:primes: 5 entries
   2021-06 2106.06782v4 On the Least Common Multiple of Polynomial Sequences at Prime Arguments
   2018-05 1805.02945v1 The number of solutions of the Erdős-Straus Equation and sums of $k$ unit fractions
   2012-11 1211.4468v1 New Lower Bounds for the Least Common Multiples of Arithmetic Progressions
   2010-12 1101.0142v2 Asymptotic Improvements of Lower Bounds for the Least Common Multiples of Arithmetic Progressions
   2008-11 0811.4769v3 Further Improvements of Lower Bounds for the Least Common Multiples of Arithmetic Progressions
R1 abs:"Chebyshev's method": 40 entries
   2026-09 2609.33824v1 Accelerated Consensus and Decentralized Optimization over Slowly Varying Networks
   2026-09 2609.02884v1 Chebyshev's method applied to polynomials with rotational symmetry
   2026-07 2607.07497v1 Explicit stabilized implementation of singly diagonally implicit Runge-Kutta methods
   2025-12 2512.20079v1 Chebyshev's method applied to polynomials with two distinct roots
   2025-12 2512.06631v1 B-spline periodization of Fourier pseudo-spectral method for non-periodic problems
   2025-12 2512.03149v1 A high-order regularized delta-Chebyshev method for computing spectral densities
   2025-10 2510.16120v1 Spectral Chebyshev Approximation of Cosmic Expansion in $f(R)$ Gravity
   2025-05 2505.17161v1 Massive scalar field perturbations of 4D de Sitter Einstein-Gauss-Bonnet black holes
   2024-11 2411.11290v2 Chebyshev's method for exponential maps
   2024-10 2410.15020v1 Iterative Methods via Locally Evolving Set Process
   2024-07 2407.02788v2 Generalized Gouy Rotation of Electron Vortex beams in uniform magnetic fields
   2024-06 2406.04228v1 Early-time resonances in the three-dimensional wall-bounded axisymmetric Euler and related equations
   2024-03 2403.11306v3 Massive Scalar Field Perturbations of Black Holes Immersed in Chaplygin-Like Dark Fluid
   2024-02 2402.07137v1 Julia sets of rational maps with rotational symmetries
   2023-09 2309.07562v1 On dynamics of the Chebyshev's method for quartic polynomials
   2023-04 2304.00663v1 Massive scalar field perturbations in Weyl black holes
   2023-03 2303.16267v1 Second order stabilized two-step Runge-Kutta methods
   2022-12 2212.09209v3 CDIO-CT collaborative strategy for solving complex STEM problems in system modeling and simulation: an illustration of s
   2022-12 2212.05694v5 Open Source Implementations of Numerical Algorithms for Computing the Complete Elliptic Integral of the First Kind
   2022-09 2209.13271v3 The Curse of Unrolling: Rate of Differentiating Through Optimization
   2022-08 2208.11322v2 Symmetry and dynamics of Chebyshev's method
   2022-06 2206.09901v2 Only Tails Matter: Average-Case Universality and Robustness in the Convex Regime
   2022-05 2205.06079v2 Quasinormal modes of massive scalar fields in four-dimensional wormholes: anomalous decay rate
   2022-03 2203.05094v1 Mathematical modelling of transport phenomena in compressible multicomponent flows
   2022-01 2201.11055v1 The Julia sets of Chebyshev's method with small degrees
   2022-01 2201.10206v2 A fully adaptive explicit stabilized integrator for advection-diffusion-reaction problems
   2021-12 2112.04793v2 Quasinormal modes for a non-minimally coupled scalar field in a five-dimensional Einstein-power-Maxwell background
   2021-10 2110.00537v1 Robust iteration methods for complex systems with an indefinite matrix term
   2021-01 2101.09545v4 Acceleration Methods
   2021-01 2101.07088v2 A fast spectral method for electrostatics in doubly-periodic slit channels
   2020-07 2007.06226v5 AMITE: A Novel Polynomial Expansion for Analyzing Neural Network Nonlinearities
   2020-05 2005.13350v4 Stabilized leapfrog based local time-stepping method for the wave equation
   2020-04 2004.12244v1 Dynamo action in sliding plates of anisotropic electrical conductivity
   2019-11 1911.01404v1 Nonstationary iterative processes
   2019-10 1910.10385v1 Adaptive Padé-Chebyshev Type Approximation to Piecewise Smooth Functions
   2019-05 1905.00238v1 Fast Calculation of Credit Exposures for Barrier and Bermudan options using Chebyshev interpolation
   2018-08 1808.09462v4 Optimal bounds on the positivity of a matrix from a few moments
   2018-02 1802.01631v1 A Discrete Spherical Harmonics Method for Radiative Transfer Analysis in Inhomogeneous Polarized Planar Atmosphere
   2017-08 1708.08145v5 Optimal explicit stabilized integrator of weak order one for stiff and ergodic stochastic differential equations
   2015-07 1507.01226v1 Chebyshev matrix product state approach for time evolution
R2 abs:Chebyshev AND abs:elementary AND abs:"prime number theorem": 5 entries
   2023-08 2308.07245v1 On the proof of the Prime Number Theorem using Order Estimates for the Chebyshev Theta Function
   2017-06 1706.01009v1 On The Prime Numbers In Intervals
   2011-10 1110.2377v1 On the Primes in the Interval [3n, 4n]
   2008-11 0811.4451v3 Towards Proving Legendre's Conjecture
   2007-10 0710.4076v2 Some information-theoretic computations related to the distribution of prime numbers
R3 abs:"Nair" AND abs:"lcm": 3 entries
   2020-12 2012.05828v1 Effective estimates for the least common multiple of some integer sequences
   2013-08 1308.6458v2 Uniform lower bound for the least common multiple of a polynomial sequence
   2009-07 0907.3401v1 Nair's and Farhi's identities involving the least common multiple of binomial coefficients are equivalent
R4 id:1307.5456: 1 entries
   2013-07 1307.5456v1 The multivariate integer Chebyshev problem
   ABS: The multivariate integer Chebyshev problem is to find polynomials with integer coefficients that minimize the supremum norm over a compact set in $\C^d.$ We study this problem on general sets, but devote special attention to product sets such as cube and polydisk. We also establish a multivariate analog of the Hilbert-Fekete upper bound for the integer Chebyshev constant, which depends on the dimension of space. In the case of single variable polynomials in the complex plane, our estimate coincides with the Hilbert-Fekete result.
