\BOOKMARK [1][-]{section.1}{\376\377\000I\000n\000t\000r\000o\000d\000u\000c\000t\000i\000o\000n}{}% 1
\BOOKMARK [2][-]{subsection.1.1}{\376\377\000H\000a\000g\000l\000u\000n\000d\000'\000s\000\040\000a\000p\000p\000r\000o\000x\000i\000m\000a\000n\000t\000s\000\040\000a\000n\000d\000\040\000h\000i\000s\000\040\000c\000o\000n\000j\000e\000c\000t\000u\000r\000e}{section.1}% 2
\BOOKMARK [2][-]{subsection.1.2}{\376\377\000T\000h\000e\000\040\000r\000e\000s\000u\000l\000t}{section.1}% 3
\BOOKMARK [2][-]{subsection.1.3}{\376\377\000S\000c\000o\000p\000e}{section.1}% 4
\BOOKMARK [2][-]{subsection.1.4}{\376\377\000T\000h\000e\000\040\000m\000e\000c\000h\000a\000n\000i\000s\000m}{section.1}% 5
\BOOKMARK [2][-]{subsection.1.5}{\376\377\000T\000h\000e\000\040\000c\000o\000m\000p\000a\000n\000i\000o\000n\000\040\000a\000p\000p\000r\000o\000x\000i\000m\000a\000n\000t\000s\000,\000\040\000a\000n\000d\000\040\000w\000h\000y\000\040\000a\000n\000\040\000o\000r\000d\000e\000r\000i\000n\000g\000\040\000p\000r\000o\000p\000e\000r\000t\000y}{section.1}% 6
\BOOKMARK [2][-]{subsection.1.6}{\376\377\000P\000r\000i\000o\000r\000\040\000w\000o\000r\000k}{section.1}% 7
\BOOKMARK [2][-]{subsection.1.7}{\376\377\000O\000r\000g\000a\000n\000i\000z\000a\000t\000i\000o\000n}{section.1}% 8
\BOOKMARK [1][-]{section.2}{\376\377\000R\000i\000e\000m\000a\000n\000n\000'\000s\000\040\000i\000d\000e\000n\000t\000i\000t\000y\000\040\000a\000n\000d\000\040\000t\000h\000e\000\040\000t\000w\000o\000\040\000f\000a\000m\000i\000l\000i\000e\000s}{}% 9
\BOOKMARK [1][-]{section.3}{\376\377\000P\000o\000s\000i\000t\000i\000v\000i\000t\000y\000\040\000o\000n\000\040\000t\000h\000e\000\040\000c\000r\000i\000t\000i\000c\000a\000l\000\040\000l\000i\000n\000e}{}% 10
\BOOKMARK [1][-]{section.4}{\376\377\000S\000t\000r\000u\000c\000t\000u\000r\000e\000:\000\040\000n\000o\000\040\000m\000e\000m\000b\000e\000r\000\040\000i\000s\000\040\000r\000e\000a\000l\000-\000r\000o\000o\000t\000e\000d}{}% 11
\BOOKMARK [1][-]{section.5}{\376\377\000D\000e\000p\000a\000r\000t\000u\000r\000e\000\040\000h\000e\000i\000g\000h\000t\000\040\000a\000n\000d\000\040\000t\000h\000e\000\040\000l\000o\000b\000e\000\040\000s\000c\000a\000n}{}% 12
\BOOKMARK [1][-]{section.6}{\376\377\000T\000h\000e\000\040\000c\000e\000r\000t\000i\000f\000i\000c\000a\000t\000e}{}% 13
\BOOKMARK [2][-]{subsection.6.1}{\376\377\000C\000e\000r\000t\000i\000f\000i\000c\000a\000t\000e\000\040\000A\000:\000\040\000A\000r\000b\000\040\000b\000a\000l\000l\000\040\000a\000r\000i\000t\000h\000m\000e\000t\000i\000c}{section.6}% 14
\BOOKMARK [2][-]{subsection.6.2}{\376\377\000C\000e\000r\000t\000i\000f\000i\000c\000a\000t\000e\000\040\000B\000:\000\040\000i\000n\000t\000e\000r\000v\000a\000l\000\040\000a\000r\000i\000t\000h\000m\000e\000t\000i\000c\000\040\000w\000i\000t\000h\000\040\000p\000r\000o\000v\000e\000d\000\040\000r\000e\000m\000a\000i\000n\000d\000e\000r\000s}{section.6}% 15
\BOOKMARK [2][-]{subsection.6.3}{\376\377\000T\000h\000e\000\040\000e\000n\000c\000l\000o\000s\000u\000r\000e\000s}{section.6}% 16
\BOOKMARK [2][-]{subsection.6.4}{\376\377\000P\000r\000o\000o\000f\000\040\000o\000f\000\040\000T\000h\000e\000o\000r\000e\000m\000\040\0001\000.\0001}{section.6}% 17
\BOOKMARK [1][-]{section.7}{\376\377\000T\000h\000e\000\040\000c\000o\000m\000p\000a\000n\000i\000o\000n\000\040\000v\000i\000o\000l\000a\000t\000i\000o\000n\000\040\000a\000t\000\040\000N\000\040\000=\000\040\0002\0004}{}% 18
\BOOKMARK [1][-]{section*.5}{\376\377\000A\000c\000k\000n\000o\000w\000l\000e\000d\000g\000m\000e\000n\000t}{}% 19
\BOOKMARK [1][-]{section*.6}{\376\377\000D\000a\000t\000a\000\040\000a\000n\000d\000\040\000c\000o\000d\000e\000\040\000a\000v\000a\000i\000l\000a\000b\000i\000l\000i\000t\000y}{}% 20
