[2026-10-01 02:45:13] start run_seeds
[2026-10-01 02:45:13] bern alpha=0.75 X=1e10 Y=2e10 seed 5
       76.21 real        75.99 user         0.20 sys
          2501722112  maximum resident set size
                   0  average shared memory size
                   0  average unshared data size
                   0  average unshared stack size
              152869  page reclaims
                   1  page faults
                   0  swaps
                   0  block input operations
                   0  block output operations
                   0  messages sent
                   0  messages received
                   0  signals received
                   0  voluntary context switches
                 605  involuntary context switches
       1004315068384  instructions retired
        330503894080  cycles elapsed
          2502494368  peak memory footprint
[2026-10-01 02:46:29] done /Users/jaytyagi/Library/Mobile Documents/com~apple~CloudDocs/Documents/Work/2026/Math/riemann/rh-program/results/conj-O-s38/verify/data_big/bern_a0.75_s5.csv
[2026-10-01 02:46:29] bern alpha=0.75 X=1e10 Y=2e10 seed 6
       77.16 real        76.94 user         0.20 sys
          2501722112  maximum resident set size
                   0  average shared memory size
                   0  average unshared data size
                   0  average unshared stack size
              152869  page reclaims
                   1  page faults
                   0  swaps
                   0  block input operations
                   0  block output operations
                   0  messages sent
                   0  messages received
                   0  signals received
                   0  voluntary context switches
                 459  involuntary context switches
       1016076224352  instructions retired
        332030521462  cycles elapsed
          2502477960  peak memory footprint
[2026-10-01 02:47:47] done /Users/jaytyagi/Library/Mobile Documents/com~apple~CloudDocs/Documents/Work/2026/Math/riemann/rh-program/results/conj-O-s38/verify/data_big/bern_a0.75_s6.csv
[2026-10-01 02:47:47] bern alpha=0.75 X=1e10 Y=2e10 seed 7
       72.09 real        71.87 user         0.19 sys
          2501722112  maximum resident set size
                   0  average shared memory size
                   0  average unshared data size
                   0  average unshared stack size
              152869  page reclaims
                   1  page faults
                   0  swaps
                   0  block input operations
                   0  block output operations
                   0  messages sent
                   0  messages received
                   0  signals received
                   0  voluntary context switches
                1189  involuntary context switches
        961888434031  instructions retired
        308628116602  cycles elapsed
          2502477960  peak memory footprint
[2026-10-01 02:48:59] done /Users/jaytyagi/Library/Mobile Documents/com~apple~CloudDocs/Documents/Work/2026/Math/riemann/rh-program/results/conj-O-s38/verify/data_big/bern_a0.75_s7.csv
[2026-10-01 02:48:59] bern alpha=0.75 X=1e10 Y=2e10 seed 8
       69.03 real        68.83 user         0.18 sys
          2501722112  maximum resident set size
                   0  average shared memory size
                   0  average unshared data size
                   0  average unshared stack size
              152869  page reclaims
                   1  page faults
                   0  swaps
                   0  block input operations
                   0  block output operations
                   0  messages sent
                   0  messages received
                   0  signals received
                   0  voluntary context switches
                 429  involuntary context switches
        948116875743  instructions retired
        294055112016  cycles elapsed
          2502477960  peak memory footprint
[2026-10-01 02:50:08] done /Users/jaytyagi/Library/Mobile Documents/com~apple~CloudDocs/Documents/Work/2026/Math/riemann/rh-program/results/conj-O-s38/verify/data_big/bern_a0.75_s8.csv
[2026-10-01 02:50:08] bern alpha=0.75 X=1e10 Y=2e10 seed 9
       69.01 real        68.79 user         0.20 sys
          2501722112  maximum resident set size
                   0  average shared memory size
                   0  average unshared data size
                   0  average unshared stack size
              152869  page reclaims
                   1  page faults
                   0  swaps
                   0  block input operations
                   0  block output operations
                   0  messages sent
                   0  messages received
                   0  signals received
                   0  voluntary context switches
                 515  involuntary context switches
        949383890229  instructions retired
        293735122928  cycles elapsed
          2502477960  peak memory footprint
[2026-10-01 02:51:17] done /Users/jaytyagi/Library/Mobile Documents/com~apple~CloudDocs/Documents/Work/2026/Math/riemann/rh-program/results/conj-O-s38/verify/data_big/bern_a0.75_s9.csv
[2026-10-01 02:51:17] bern alpha=0.75 X=1e10 Y=2e10 seed 10
       72.09 real        71.88 user         0.19 sys
          2501722112  maximum resident set size
                   0  average shared memory size
                   0  average unshared data size
                   0  average unshared stack size
              152869  page reclaims
                   1  page faults
                   0  swaps
                   0  block input operations
                   0  block output operations
                   0  messages sent
                   0  messages received
                   0  signals received
                   0  voluntary context switches
                 693  involuntary context switches
        953326513018  instructions retired
        307265107813  cycles elapsed
          2502477960  peak memory footprint
[2026-10-01 02:52:29] done /Users/jaytyagi/Library/Mobile Documents/com~apple~CloudDocs/Documents/Work/2026/Math/riemann/rh-program/results/conj-O-s38/verify/data_big/bern_a0.75_s10.csv
[2026-10-01 02:52:29] bern alpha=0.75 X=1e10 Y=2e10 seed 11
