(a) additive class sums, finite R
R=[2] Q=2 rho=1/2  (1/Q)int E^2 = 1/12  rho*2^|R|/12 = 1/12  equal=True
   max rel. error of c(a/b) vs rho mu(b) b/(2 pi i a phi(b)) over a<= 6: 6.51e-16;  Parseval of predicted c = 0.083333333333 vs 0.083333333333
R=[3] Q=3 rho=2/3  (1/Q)int E^2 = 1/9  rho*2^|R|/12 = 1/9  equal=True
   max rel. error of c(a/b) vs rho mu(b) b/(2 pi i a phi(b)) over a<= 6: 1.06e-15;  Parseval of predicted c = 0.111111111111 vs 0.111111111111
R=[2, 3] Q=6 rho=1/3  (1/Q)int E^2 = 1/9  rho*2^|R|/12 = 1/9  equal=True
   max rel. error of c(a/b) vs rho mu(b) b/(2 pi i a phi(b)) over a<= 6: 6.02e-15;  Parseval of predicted c = 0.111111111111 vs 0.111111111111
R=[2, 5] Q=10 rho=2/5  (1/Q)int E^2 = 2/15  rho*2^|R|/12 = 2/15  equal=True
   max rel. error of c(a/b) vs rho mu(b) b/(2 pi i a phi(b)) over a<= 6: 3.95e-15;  Parseval of predicted c = 0.133333333333 vs 0.133333333333
R=[3, 7] Q=21 rho=4/7  (1/Q)int E^2 = 4/21  rho*2^|R|/12 = 4/21  equal=True
   max rel. error of c(a/b) vs rho mu(b) b/(2 pi i a phi(b)) over a<= 6: 1.04e-14;  Parseval of predicted c = 0.190476190476 vs 0.190476190476
R=[2, 3, 5] Q=30 rho=4/15  (1/Q)int E^2 = 8/45  rho*2^|R|/12 = 8/45  equal=True
   max rel. error of c(a/b) vs rho mu(b) b/(2 pi i a phi(b)) over a<= 6: 2.00e-14;  Parseval of predicted c = 0.177777777778 vs 0.177777777778
R=[2, 3, 7] Q=42 rho=2/7  (1/Q)int E^2 = 4/21  rho*2^|R|/12 = 4/21  equal=True
   max rel. error of c(a/b) vs rho mu(b) b/(2 pi i a phi(b)) over a<= 6: 2.31e-14;  Parseval of predicted c = 0.190476190476 vs 0.190476190476
R=[2, 3, 5, 7] Q=210 rho=8/35  (1/Q)int E^2 = 32/105  rho*2^|R|/12 = 32/105  equal=True
   max rel. error of c(a/b) vs rho mu(b) b/(2 pi i a phi(b)) over a<= 6: 8.50e-14;  Parseval of predicted c = 0.304761904762 vs 0.304761904762
R=[3, 5, 7, 11] Q=1155 rho=32/77  (1/Q)int E^2 = 128/231  rho*2^|R|/12 = 128/231  equal=True
   max rel. error of c(a/b) vs rho mu(b) b/(2 pi i a phi(b)) over a<= 6: 5.01e-13;  Parseval of predicted c = 0.554112554113 vs 0.554112554113
(b) reflected Mellin diagonal (finite R)
R=[2] sigma=0.200000000000000011102230246252: brute=6.92914577326 corrected=6.92914577326 sketch=9.21491143894  rel(brute-corrected)=1.14e-31
R=[2, 3] sigma=0.299999999999999988897769753748: brute=15.6854069903 corrected=15.6854069903 sketch=24.454348717  rel(brute-corrected)=0.0
R=[2, 3, 5] sigma=0.349999999999999977795539507497: brute=25.0628517276 corrected=25.0628517276 sketch=41.8939715145  rel(brute-corrected)=0.0
R=[3, 7, 11] sigma=0.100000000000000005551115123126: brute=15.851596268 corrected=15.851596268 sketch=17.7586065163  rel(brute-corrected)=1.99e-31
(c) Stirling spot check for chi
sigma=0.1: |chi|(t/2pi)^(sigma-1/2) at t=50,500,5000: ['0.9999976', '0.99999998', '1.0']
sigma=0.25: |chi|(t/2pi)^(sigma-1/2) at t=50,500,5000: ['0.99999687', '0.99999997', '1.0']
sigma=0.4: |chi|(t/2pi)^(sigma-1/2) at t=50,500,5000: ['0.9999984', '0.99999998', '1.0']
python3 t1_classsums.py  22.06s user 0.07s system 99% cpu 22.132 total
