== rung1 finite {2..13} (1 run)
   ms_4             -0.006
   ms_6             -0.000
   ms_7             0.000
   ms_top3          -0.002
   sup_4            0.000
   sup_7            0.000
   sup_top3         -0.000
   logfit_b         0.095
   logfit_kappa     1.322
   b_kappa1         0.070
   b_kappa3         0.224
   local_intercept  0.030
== rung1 finite {3..19} (1 run)
   ms_4             -0.031
   ms_6             -0.008
   ms_7             0.002
   ms_top3          -0.037
   sup_4            0.003
   sup_7            -0.000
   sup_top3         0.003
   logfit_b         0.237
   logfit_kappa     3.501
   b_kappa1         0.046
   b_kappa3         0.199
   local_intercept  0.389
== T_0.60 X=1e10 s1-4 (4 runs)
   ms_4             0.606 +- 0.034  (min 0.529, max 0.677)
   ms_6             0.674 +- 0.029  (min 0.590, max 0.715)
   ms_7             0.642 +- 0.067  (min 0.510, max 0.808)
   ms_top3          0.671 +- 0.044  (min 0.547, max 0.759)
   sup_4            0.299 +- 0.010  (min 0.277, max 0.323)
   sup_7            0.312 +- 0.014  (min 0.269, max 0.330)
   sup_top3         0.312 +- 0.014  (min 0.269, max 0.330)
   logfit_b         0.826 +- 0.104  (min 0.673, max 1.125)
   logfit_kappa     3.335 +- 1.757  (min 0.279, max 8.400)
   b_kappa1         0.672 +- 0.034  (min 0.595, max 0.743)
   b_kappa3         0.804 +- 0.034  (min 0.727, max 0.875)
   local_intercept  0.772 +- 0.154  (min 0.414, max 1.164)
   ref_random       0.534 +- 0.000  (min 0.534, max 0.534)
   Q_slope          0.602 +- 0.001  (min 0.600, max 0.604)
   W_slope          0.601 +- 0.001  (min 0.599, max 0.605)
   ratio_slope      0.004 +- 0.034  (min -0.070, max 0.075)
   ratio_top        7.384 +- 1.204  (min 4.968, max 10.715)
== T_0.75 X=1e10 s1-12 (12 runs)
   ms_4             0.723 +- 0.018  (min 0.600, max 0.842)
   ms_6             0.783 +- 0.030  (min 0.556, max 0.926)
   ms_7             0.787 +- 0.059  (min 0.549, max 1.152)
   ms_top3          0.782 +- 0.049  (min 0.565, max 1.042)
   sup_4            0.368 +- 0.007  (min 0.330, max 0.401)
   sup_7            0.392 +- 0.016  (min 0.313, max 0.474)
   sup_top3         0.392 +- 0.016  (min 0.313, max 0.474)
   logfit_b         1.045 +- 0.164  (min 0.042, max 2.141)
   logfit_kappa     4.885 +- 2.599  (min -10.590, max 22.040)
   b_kappa1         0.789 +- 0.018  (min 0.666, max 0.908)
   b_kappa3         0.921 +- 0.018  (min 0.799, max 1.040)
   local_intercept  1.071 +- 0.185  (min 0.069, max 2.046)
   ref_random       0.684 +- 0.000  (min 0.684, max 0.684)
   Q_slope          0.750 +- 0.000  (min 0.749, max 0.750)
   W_slope          0.750 +- 0.000  (min 0.749, max 0.750)
   ratio_slope      -0.024 +- 0.017  (min -0.064, max 0.014)
   ratio_top        36.441 +- 16.826  (min 5.182, max 68.301)
== T_0.90 X=1e10 s1-4 (4 runs)
   ms_4             0.923 +- 0.044  (min 0.797, max 0.993)
   ms_6             0.896 +- 0.083  (min 0.688, max 1.085)
   ms_7             0.910 +- 0.079  (min 0.754, max 1.128)
   ms_top3          0.911 +- 0.076  (min 0.686, max 1.019)
   sup_4            0.456 +- 0.015  (min 0.417, max 0.480)
   sup_7            0.476 +- 0.026  (min 0.406, max 0.525)
   sup_top3         0.476 +- 0.026  (min 0.406, max 0.525)
   logfit_b         0.601 +- 0.465  (min -0.131, max 1.936)
   logfit_kappa     -4.878 +- 6.878  (min -14.054, max 15.149)
   b_kappa1         0.989 +- 0.044  (min 0.863, max 1.059)
   b_kappa3         1.121 +- 0.044  (min 0.995, max 1.191)
   local_intercept  0.537 +- 0.463  (min -0.379, max 1.815)
   ref_random       0.834 +- 0.000  (min 0.834, max 0.834)
== T_0.60 X=1e9 s1-8 (8 runs)
   ms_4             0.608 +- 0.024  (min 0.511, max 0.684)
   ms_6             0.644 +- 0.065  (min 0.351, max 0.966)
   ms_7             0.624 +- 0.102  (min 0.239, max 1.068)
   ms_top3          0.597 +- 0.041  (min 0.458, max 0.777)
   sup_4            0.303 +- 0.008  (min 0.278, max 0.341)
   sup_7            0.317 +- 0.030  (min 0.241, max 0.432)
   sup_top3         0.308 +- 0.015  (min 0.244, max 0.372)
   logfit_b         0.571 +- 0.317  (min -0.468, max 2.347)
   logfit_kappa     -0.512 +- 4.504  (min -16.012, max 24.423)
   b_kappa1         0.680 +- 0.024  (min 0.583, max 0.756)
   b_kappa3         0.823 +- 0.024  (min 0.726, max 0.899)
   local_intercept  0.536 +- 0.311  (min -0.293, max 2.463)
   ref_random       0.528 +- 0.000  (min 0.528, max 0.528)
== T_0.75 X=1e9 s1-8 (8 runs)
   ms_4             0.677 +- 0.040  (min 0.514, max 0.802)
   ms_6             0.738 +- 0.055  (min 0.548, max 1.039)
   ms_7             0.661 +- 0.125  (min 0.086, max 1.013)
   ms_top3          0.679 +- 0.047  (min 0.513, max 0.864)
   sup_4            0.353 +- 0.013  (min 0.295, max 0.396)
   sup_7            0.373 +- 0.027  (min 0.253, max 0.461)
   sup_top3         0.352 +- 0.013  (min 0.316, max 0.420)
   logfit_b         0.874 +- 0.131  (min 0.442, max 1.415)
   logfit_kappa     2.739 +- 2.021  (min -4.941, max 12.576)
   b_kappa1         0.749 +- 0.040  (min 0.585, max 0.873)
   b_kappa3         0.892 +- 0.040  (min 0.729, max 1.017)
   local_intercept  0.887 +- 0.242  (min 0.019, max 1.785)
   ref_random       0.678 +- 0.000  (min 0.678, max 0.678)
== greedy c=1 a=0.60 (1 run)
   ms_4             0.445
   ms_6             0.433
   ms_7             0.439
   ms_top3          0.447
   sup_4            0.238
   sup_7            0.235
   sup_top3         0.235
   logfit_b         0.479
   logfit_kappa     0.527
   b_kappa1         0.511
   b_kappa3         0.643
   local_intercept  0.434
   ref_random       0.534
   Q_slope          0.600
   W_slope          0.600
   ratio_slope      -0.155
   ratio_top        0.182
== greedy c=1 a=0.75 (1 run)
   ms_4             0.577
   ms_6             0.594
   ms_7             0.599
   ms_top3          0.598
   sup_4            0.308
   sup_7            0.299
   sup_top3         0.299
   logfit_b         0.671
   logfit_kappa     1.421
   b_kappa1         0.643
   b_kappa3         0.776
   local_intercept  0.622
   ref_random       0.684
   Q_slope          0.750
   W_slope          0.750
   ratio_slope      -0.172
   ratio_top        0.109
== greedy c=1 a=0.90 (1 run)
   ms_4             0.781
   ms_6             0.792
   ms_7             0.792
   ms_top3          0.799
   sup_4            0.395
   sup_7            0.404
   sup_top3         0.404
   logfit_b         0.850
   logfit_kappa     1.050
   b_kappa1         0.847
   b_kappa3         0.979
   local_intercept  0.841
   ref_random       0.834
== greedy c=2 a=0.60 (1 run)
   ms_4             0.497
   ms_6             0.522
   ms_7             0.538
   ms_top3          0.527
   sup_4            0.278
   sup_7            0.299
   sup_top3         0.299
   logfit_b         0.609
   logfit_kappa     1.700
   b_kappa1         0.563
   b_kappa3         0.695
   local_intercept  0.659
   ref_random       0.534
   Q_slope          0.656
   W_slope          0.660
   ratio_slope      -0.163
   ratio_top        0.225
== greedy c=2 a=0.75 (1 run)
   ms_4             0.676
   ms_6             0.467
   ms_7             0.440
   ms_top3          0.442
   sup_4            0.354
   sup_7            0.295
   sup_top3         0.295
   logfit_b         -0.823
   logfit_kappa     -22.707
   b_kappa1         0.743
   b_kappa3         0.875
   local_intercept  -0.795
   ref_random       0.684
   Q_slope          0.805
   W_slope          0.808
   ratio_slope      -0.131
   ratio_top        0.576
== feedback a=0.60 c=1 K=0.5 X=1e9 (1 run)
   ms_4             0.620
   ms_6             0.709
   ms_7             0.742
   ms_top3          0.669
   sup_4            0.325
   sup_7            0.315
   sup_top3         0.343
   logfit_b         0.982
   logfit_kappa     5.049
   b_kappa1         0.692
   b_kappa3         0.835
   local_intercept  1.114
   ref_random       0.528
   Q_slope          0.602
   W_slope          0.603
   ratio_slope      0.017
   ratio_top        1.065
== feedback a=0.60 c=1 K=2 X=1e9 (1 run)
   ms_4             0.841
   ms_6             0.800
   ms_7             0.664
   ms_top3          0.820
   sup_4            0.417
   sup_7            0.304
   sup_top3         0.401
   logfit_b         1.094
   logfit_kappa     3.523
   b_kappa1         0.913
   b_kappa3         1.056
   local_intercept  0.841
   ref_random       0.528
   Q_slope          0.612
   W_slope          0.614
   ratio_slope      0.227
   ratio_top        20.687
== feedback a=0.60 c=1 K=8 X=1e9 (1 run)
   ms_4             0.996
   ms_6             1.025
   ms_7             0.991
   ms_top3          1.010
   sup_4            0.478
   sup_7            0.472
   sup_top3         0.505
   logfit_b         1.595
   logfit_kappa     8.358
   b_kappa1         1.068
   b_kappa3         1.211
   local_intercept  1.180
   ref_random       0.528
   Q_slope          0.616
   W_slope          0.617
   ratio_slope      0.379
   ratio_top        130.153
== feedback a=0.60 c=2 K=0.5 X=1e9 (1 run)
   ms_4             0.826
   ms_6             0.771
   ms_7             0.626
   ms_top3          0.868
   sup_4            0.402
   sup_7            0.361
   sup_top3         0.425
   logfit_b         1.176
   logfit_kappa     4.880
   b_kappa1         0.898
   b_kappa3         1.041
   local_intercept  1.061
   ref_random       0.528
   Q_slope          0.658
   W_slope          0.661
   ratio_slope      0.165
   ratio_top        5.325
== feedback a=0.60 c=2 K=2 X=1e9 (1 run)
   ms_4             0.859
   ms_6             1.136
   ms_7             1.333
   ms_top3          1.048
   sup_4            0.416
   sup_7            0.565
   sup_top3         0.495
   logfit_b         2.468
   logfit_kappa     22.453
   b_kappa1         0.931
   b_kappa3         1.074
   local_intercept  2.491
   ref_random       0.528
   Q_slope          0.658
   W_slope          0.661
   ratio_slope      0.198
   ratio_top        15.095
== feedback a=0.60 c=2 K=8 X=1e9 (1 run)
   ms_4             0.753
   ms_6             0.841
   ms_7             0.708
   ms_top3          0.841
   sup_4            0.378
   sup_7            0.360
   sup_top3         0.415
   logfit_b         1.502
   logfit_kappa     10.456
   b_kappa1         0.825
   b_kappa3         0.968
   local_intercept  1.645
   ref_random       0.528
   Q_slope          0.658
   W_slope          0.661
   ratio_slope      0.091
   ratio_top        3.064
== feedback a=0.75 c=1 K=0.5 X=1e9 (1 run)
   ms_4             0.794
   ms_6             1.038
   ms_7             1.361
   ms_top3          0.949
   sup_4            0.418
   sup_7            0.634
   sup_top3         0.531
   logfit_b         2.220
   logfit_kappa     19.899
   b_kappa1         0.865
   b_kappa3         1.009
   local_intercept  1.826
   ref_random       0.678
   Q_slope          0.750
   W_slope          0.750
   ratio_slope      0.044
   ratio_top        3.942
== feedback a=0.75 c=1 K=2 X=1e9 (1 run)
   ms_4             0.662
   ms_6             0.781
   ms_7             0.890
   ms_top3          0.740
   sup_4            0.336
   sup_7            0.355
   sup_top3         0.333
   logfit_b         1.304
   logfit_kappa     8.962
   b_kappa1         0.734
   b_kappa3         0.877
   local_intercept  1.340
   ref_random       0.678
   Q_slope          0.750
   W_slope          0.750
   ratio_slope      -0.088
   ratio_top        0.291
== feedback a=0.75 c=1 K=8 X=1e9 (1 run)
   ms_4             0.662
   ms_6             0.781
   ms_7             0.890
   ms_top3          0.740
   sup_4            0.336
   sup_7            0.355
   sup_top3         0.333
   logfit_b         1.304
   logfit_kappa     8.962
   b_kappa1         0.734
   b_kappa3         0.877
   local_intercept  1.340
   ref_random       0.678
   Q_slope          0.750
   W_slope          0.750
   ratio_slope      -0.088
   ratio_top        0.291
== feedback a=0.75 c=2 K=0.5 X=1e9 (1 run)
   ms_4             0.754
   ms_6             0.827
   ms_7             0.838
   ms_top3          0.813
   sup_4            0.375
   sup_7            0.407
   sup_top3         0.401
   logfit_b         1.184
   logfit_kappa     5.998
   b_kappa1         0.826
   b_kappa3         0.969
   local_intercept  1.221
   ref_random       0.678
   Q_slope          0.804
   W_slope          0.807
   ratio_slope      -0.053
   ratio_top        29.976
== feedback a=0.75 c=2 K=2 X=1e9 (1 run)
   ms_4             1.194
   ms_6             1.134
   ms_7             1.125
   ms_top3          1.138
   sup_4            0.575
   sup_7            0.552
   sup_top3         0.557
   logfit_b         0.628
   logfit_kappa     -7.894
   b_kappa1         1.266
   b_kappa3         1.409
   local_intercept  0.754
   ref_random       0.678
   Q_slope          0.798
   W_slope          0.800
   ratio_slope      0.394
   ratio_top        3134.677
== feedback a=0.75 c=2 K=8 X=1e9 (1 run)
   ms_4             1.314
   ms_6             1.735
   ms_7             1.722
   ms_top3          1.557
   sup_4            0.644
   sup_7            0.811
   sup_top3         0.790
   logfit_b         3.101
   logfit_kappa     24.936
   b_kappa1         1.386
   b_kappa3         1.529
   local_intercept  3.760
   ref_random       0.678
   Q_slope          0.793
   W_slope          0.795
   ratio_slope      0.519
   ratio_top        5630.611
python3 t3_analysis.py t3_specs.json  0.08s user 0.01s system 97% cpu 0.098 total
