feedback_a0.600_K0.5_c1_corr: rho=0.22168913 windows=16 xmax=6.31e+08
   ms-slope  [1e4,X] 0.729 [1e5,X] 0.784 [1e6,X] 0.857 [1e7,X] 0.788 top3 0.813
   sup-slope [1e4,X] 0.387 [1e5,X] 0.406 [1e6,X] 0.430 [1e7,X] 0.460 top3 0.417
feedback_a0.600_K2_c1_corr: rho=0.182982507 windows=16 xmax=6.31e+08
   ms-slope  [1e4,X] 0.795 [1e5,X] 0.885 [1e6,X] 0.966 [1e7,X] 0.946 top3 0.924
   sup-slope [1e4,X] 0.399 [1e5,X] 0.408 [1e6,X] 0.435 [1e7,X] 0.448 top3 0.423
feedback_a0.750_K0.5_c1_corr: rho=0.157810643 windows=16 xmax=6.31e+08
   ms-slope  [1e4,X] 0.451 [1e5,X] 0.491 [1e6,X] 0.539 [1e7,X] 0.825 top3 0.503
   sup-slope [1e4,X] 0.329 [1e5,X] 0.354 [1e6,X] 0.419 [1e7,X] 0.598 top3 0.400
feedback_a0.750_K2_c1_corr: rho=0.146525662 windows=16 xmax=6.31e+08
   ms-slope  [1e4,X] 0.458 [1e5,X] 0.478 [1e6,X] 0.504 [1e7,X] 0.585 top3 0.471
   sup-slope [1e4,X] 0.281 [1e5,X] 0.270 [1e6,X] 0.275 [1e7,X] 0.272 top3 0.269
feedback_a0.600_K0.5_c1_corr: rho=0.219303702 windows=16 xmax=6.31e+08
   ms-slope  [1e4,X] 0.515 [1e5,X] 0.550 [1e6,X] 0.553 [1e7,X] 0.539 top3 0.555
   sup-slope [1e4,X] 0.275 [1e5,X] 0.274 [1e6,X] 0.283 [1e7,X] 0.272 top3 0.283
feedback_a0.600_K2_c1_corr: rho=0.160528474 windows=16 xmax=6.31e+08
   ms-slope  [1e4,X] 0.524 [1e5,X] 0.455 [1e6,X] 0.436 [1e7,X] 0.563 top3 0.454
   sup-slope [1e4,X] 0.261 [1e5,X] 0.245 [1e6,X] 0.229 [1e7,X] 0.270 top3 0.230
feedback_a0.750_K0.5_c1_corr: rho=0.150798563 windows=16 xmax=6.31e+08
   ms-slope  [1e4,X] 0.813 [1e5,X] 0.906 [1e6,X] 0.924 [1e7,X] 0.777 top3 0.913
   sup-slope [1e4,X] 0.458 [1e5,X] 0.500 [1e6,X] 0.507 [1e7,X] 0.430 top3 0.505
feedback_a0.750_K2_c1_corr: rho=0.132024596 windows=16 xmax=6.31e+08
   ms-slope  [1e4,X] 0.890 [1e5,X] 1.014 [1e6,X] 1.126 [1e7,X] 1.274 top3 1.048
   sup-slope [1e4,X] 0.422 [1e5,X] 0.456 [1e6,X] 0.494 [1e7,X] 0.569 top3 0.481
feedback_a0.750_K2_c1: rho=0.142934489 windows=20 xmax=1e+10
   ms-slope  [1e4,X] 0.798 [1e5,X] 0.895 [1e6,X] 1.005 [1e7,X] 1.162 top3 1.110
   sup-slope [1e4,X] 0.358 [1e5,X] 0.370 [1e6,X] 0.384 [1e7,X] 0.444 top3 0.444
feedback_a0.750_K2_c1: rho=0.142934606 windows=16 xmax=6.31e+08
   ms-slope  [1e4,X] 0.662 [1e5,X] 0.716 [1e6,X] 0.781 [1e7,X] 0.890 top3 0.740
   sup-slope [1e4,X] 0.336 [1e5,X] 0.338 [1e6,X] 0.328 [1e7,X] 0.355 top3 0.333
