case (X >= 1e6)                                        kappa      +-  g(power)        +- M/diag@top
greedy c=1 a=0.60 [Thm C: beta2>=a/2 uncond.]           3.00    0.15    -0.167     0.009    0.182
greedy c=1 a=0.75 [Thm C: beta2>=a/2 uncond.]           2.80    0.15    -0.156     0.008    0.109
greedy c=2 a=0.60 [Cor Z.1 (RH): beta2>=a/2]            2.32    0.24    -0.129     0.014    0.225
greedy c=2 a=0.75 [Cor Z.1 (RH): beta2>=a/2]            5.92    0.31    -0.333     0.012    0.576
T_0.60 seed 1 [Thm B]                                  -1.99    1.54     0.107     0.086    6.775
T_0.60 seed 2 [Thm B]                                   0.26    1.36    -0.012     0.076    7.078
T_0.60 seed 3 [Thm B]                                  -1.58    1.58     0.080     0.089    4.968
T_0.60 seed 4 [Thm B]                                  -1.95    1.25     0.117     0.069   10.715
T_0.75 seed 1 [Thm B]                                  -0.08    1.62     0.016     0.090    5.182
T_0.75 seed 2 [Thm B]                                  -1.73    1.97     0.087     0.111    9.638
T_0.75 seed 3 [Thm B]                                  -2.01    1.84     0.129     0.101   68.301
T_0.75 seed 4 [Thm B]                                  -2.91    1.61     0.176     0.087   62.644
design feedback_a0.60_c1_K0.5_1e9                      -1.79    0.81     0.108     0.049    1.065
design feedback_a0.60_c1_K0.5_corr_1e9                 -4.31    0.54     0.257     0.034    3.703
design feedback_a0.60_c1_K0.5_corrplus_1e9              0.79    0.19    -0.048     0.011    0.407
design feedback_a0.60_c1_K2_1e9                        -3.19    1.61     0.192     0.096   20.687
design feedback_a0.60_c1_K2_corr_1e9                   -6.05    0.72     0.364     0.041    8.543
design feedback_a0.60_c1_K2_corrplus_1e9                3.03    0.76    -0.178     0.048    2.122
design feedback_a0.60_c1_K8_1e9                        -6.79    2.02     0.412     0.119  130.153
design feedback_a0.60_c2_K0.5_1e9                      -2.04    0.81     0.118     0.050    5.325
design feedback_a0.60_c2_K2_1e9                        -7.93    1.47     0.482     0.083   15.095
design feedback_a0.60_c2_K8_1e9                        -3.17    1.24     0.187     0.075    3.064
design feedback_a0.75_c1_K0.5_1e9                      -4.64    1.66     0.288     0.095    3.942
design feedback_a0.75_c1_K0.5_corr_1e9                  3.69    1.95    -0.211     0.120    0.150
design feedback_a0.75_c1_K0.5_corrplus_1e9             -2.94    1.14     0.174     0.069    2.592
design feedback_a0.75_c1_K2_1e10                       -4.36    1.07     0.254     0.055    3.314
design feedback_a0.75_c1_K2_1e9                        -0.47    0.67     0.030     0.040    0.291
design feedback_a0.75_c1_K2_corr_1e9                    4.16    0.49    -0.246     0.033    0.043
design feedback_a0.75_c1_K2_corrplus_1e9               -6.16    0.80     0.374     0.042    9.443
design feedback_a0.75_c1_K8_1e9                        -0.47    0.67     0.030     0.040    0.291
design feedback_a0.75_c2_K0.5_1e9                      -0.45    0.10     0.028     0.006   29.976
design feedback_a0.75_c2_K2_1e9                        -5.65    0.08     0.339     0.002 3134.677
design feedback_a0.75_c2_K8_1e9                       -15.71    1.72     0.945     0.100 5630.611
