greedy c=1 a=0.60  [greedy_a0.600_s0] rho=0.2258
   X         1.0e+04  7.9e+04  6.3e+05  5.0e+06  4.0e+07  3.2e+08  2.5e+09
   M            5.65     8.56     28.9       71      197      474 1.32e+03
   Q_R(X)        293 1.01e+03 3.51e+03 1.22e+04 4.23e+04 1.47e+05 5.08e+05
   M/diag      1.655    0.726    0.706    0.500    0.400    0.278    0.223
greedy c=1 a=0.75  [greedy_a0.750_s0] rho=0.1648
   X         1.0e+04  7.9e+04  6.3e+05  5.0e+06  4.0e+07  3.2e+08  2.5e+09
   M            6.78       15     64.2      173      606 2.08e+03 6.12e+03
   Q_R(X)        905 4.28e+03 2.02e+04 9.58e+04 4.53e+05 2.14e+06 1.01e+07
   M/diag      1.220    0.572    0.517    0.294    0.218    0.158    0.098
greedy c=2 a=0.60  [greedy_a0.600_s0_c2] rho=0.1354
   X         1.0e+04  7.9e+04  6.3e+05  5.0e+06  4.0e+07  3.2e+08  2.5e+09
   M            9.54     26.3       72      202      510 1.93e+03 4.31e+03
   Q_R(X)   1.13e+03 4.62e+03 1.84e+04 7.21e+04 2.79e+05 1.07e+06 4.05e+06
   M/diag      1.792    1.191    0.810    0.577    0.374    0.369    0.216
greedy c=2 a=0.75  [greedy_a0.750_s0_c2] rho=0.0915
   X         1.0e+04  7.9e+04  6.3e+05  5.0e+06  4.0e+07  3.2e+08  2.5e+09
   M            6.95      248 1.67e+03 6.69e+03 1.75e+04 4.04e+04 1.22e+05
   Q_R(X)   2.87e+03 1.59e+04 8.62e+04  4.6e+05 2.42e+06 1.26e+07 6.51e+07
   M/diag      1.233    7.886    9.721    7.242    3.581    1.579    0.919
T_0.60 seed 1  [bern_a0.600_s1] rho=0.1807
   X         1.0e+04  7.9e+04  6.3e+05  5.0e+06  4.0e+07  3.2e+08  2.5e+09
   M            14.9     34.2     94.9      626 4.74e+03 7.47e+03 5.87e+04
   Q_R(X)        428 1.52e+03  5.3e+03 1.83e+04 6.35e+04  2.2e+05 7.63e+05
   M/diag      4.044    2.674    2.127    4.042    8.832    4.017    9.099
T_0.60 seed 2  [bern_a0.600_s2] rho=0.1926
   X         1.0e+04  7.9e+04  6.3e+05  5.0e+06  4.0e+07  3.2e+08  2.5e+09
   M            20.7     57.9      777      399 1.83e+03 9.75e+03 2.35e+04
   Q_R(X)        342 1.15e+03 3.98e+03 1.39e+04 4.86e+04 1.69e+05 5.86e+05
   M/diag      6.344    5.399   21.160    3.115    4.105    6.264    4.356
T_0.60 seed 3  [bern_a0.600_s3] rho=0.2057
   X         1.0e+04  7.9e+04  6.3e+05  5.0e+06  4.0e+07  3.2e+08  2.5e+09
   M            74.7      123      411      232 7.89e+03 3.97e+04 4.59e+04
   Q_R(X)        464 1.62e+03 5.77e+03 2.01e+04    7e+04 2.44e+05 8.45e+05
   M/diag     16.593    7.770    7.317    1.174   11.454   16.566    5.517
T_0.60 seed 4  [bern_a0.600_s4] rho=0.2562
   X         1.0e+04  7.9e+04  6.3e+05  5.0e+06  4.0e+07  3.2e+08  2.5e+09
   M            10.1      113      237      756 2.56e+03 1.06e+04 1.46e+05
   Q_R(X)        215      761 2.61e+03 9.09e+03 3.12e+04 1.08e+05 3.75e+05
   M/diag      3.254   10.395    6.333    5.787    5.702    6.794   27.075
T_0.75 seed 1  [bern_a0.750_s1] rho=0.1736
   X         1.0e+04  7.9e+04  6.3e+05  5.0e+06  4.0e+07  3.2e+08  2.5e+09
   M             128      240 1.64e+03 4.03e+03 7.75e+03  1.4e+05 1.31e+06
   Q_R(X)        924 4.37e+03 2.08e+04 9.83e+04 4.65e+05  2.2e+06 1.04e+07
   M/diag     21.632    8.440   12.207    6.339    2.579    9.843   19.424
T_0.75 seed 2  [bern_a0.750_s2] rho=0.1755
   X         1.0e+04  7.9e+04  6.3e+05  5.0e+06  4.0e+07  3.2e+08  2.5e+09
   M            94.6      208 6.59e+03 7.76e+03 1.02e+05  4.1e+05 5.72e+06
   Q_R(X)        803 3.82e+03  1.8e+04  8.5e+04 4.02e+05  1.9e+06 8.99e+06
   M/diag     17.093    7.910   53.470   13.255   36.986   31.393   92.517
T_0.75 seed 3  [bern_a0.750_s3] rho=0.5176
   X         1.0e+04  7.9e+04  6.3e+05  5.0e+06  4.0e+07  3.2e+08  2.5e+09
   M        2.09e+03 1.31e+03 1.26e+04 2.93e+04  3.9e+04 7.16e+05 6.19e+06
   Q_R(X)        426 2.01e+03  9.5e+03 4.49e+04 2.13e+05 1.01e+06 4.76e+06
   M/diag    195.788   26.003   52.747   25.962    7.297   28.343   51.783
T_0.75 seed 4  [bern_a0.750_s4] rho=0.2294
   X         1.0e+04  7.9e+04  6.3e+05  5.0e+06  4.0e+07  3.2e+08  2.5e+09
   M            58.1      563      563 3.23e+03 9.93e+03 1.05e+05 1.96e+06
   Q_R(X)        700 3.23e+03 1.54e+04 7.25e+04 3.43e+05 1.63e+06 7.69e+06
   M/diag      8.798   18.543    3.913    4.748    3.081    6.909   27.205
