alpha=0.75  (alpha/2 = 0.375, 1/(3-alpha) = 0.444; ms target alpha = 0.750, random-R ref slope of X^a/lnX on [1e4,1e10] = 0.688)
seed  sup[1e4]  sup[1e6]  sup[1e7] |  ms[1e4]  ms[1e6]  ms[1e7]
   1    0.348    0.351    0.433 |   0.739    0.765    0.982
   2    0.387    0.404    0.438 |   0.764    0.836    0.735
   3    0.337    0.396    0.474 |   0.686    0.879    1.152
   4    0.356    0.404    0.456 |   0.712    0.926    1.077
   5    0.377    0.400    0.429 |   0.758    0.820    0.776
   6    0.401    0.381    0.388 |   0.842    0.876    0.773
   7    0.349    0.356    0.327 |   0.624    0.774    0.593
   8    0.382    0.375    0.313 |   0.721    0.648    0.566
   9    0.392    0.394    0.332 |   0.745    0.751    0.549
  10    0.330    0.349    0.404 |   0.600    0.808    0.886
  11    0.381    0.350    0.346 |   0.741    0.556    0.579
  12    0.380    0.373    0.364 |   0.741    0.758    0.774
seeds 1-4  0.357±0.011  0.389±0.013  0.450±0.009  0.725±0.017  0.852±0.034  0.986±0.091   (n=4)
seeds 5-12 0.374±0.008  0.372±0.007  0.363±0.014  0.721±0.027  0.749±0.036  0.687±0.046   (n=8)
all        0.368±0.007  0.378±0.006  0.392±0.016  0.723±0.018  0.783±0.030  0.787±0.059   (n=12)
alpha=0.60  (alpha/2 = 0.300, 1/(3-alpha) = 0.417; ms target alpha = 0.600, random-R ref slope of X^a/lnX on [1e4,1e10] = 0.538)
seed  sup[1e4]  sup[1e6]  sup[1e7] |  ms[1e4]  ms[1e6]  ms[1e7]
   1    0.323    0.323    0.330 |   0.677    0.707    0.691
   2    0.277    0.265    0.269 |   0.529    0.590    0.510
   3    0.287    0.336    0.319 |   0.570    0.682    0.559
   4    0.310    0.313    0.330 |   0.648    0.715    0.808
seeds 1-4  0.299±0.010  0.309±0.015  0.312±0.014  0.606±0.034  0.674±0.029  0.642±0.067   (n=4)
all        0.299±0.010  0.309±0.015  0.312±0.014  0.606±0.034  0.674±0.029  0.642±0.067   (n=4)
alpha=0.90  (alpha/2 = 0.450, 1/(3-alpha) = 0.476; ms target alpha = 0.900, random-R ref slope of X^a/lnX on [1e4,1e10] = 0.838)
seed  sup[1e4]  sup[1e6]  sup[1e7] |  ms[1e4]  ms[1e6]  ms[1e7]
   1    0.446    0.494    0.503 |   0.935    1.085    1.128
   2    0.480    0.447    0.525 |   0.993    0.869    0.896
   3    0.479    0.485    0.469 |   0.967    0.941    0.863
   4    0.417    0.381    0.406 |   0.797    0.688    0.754
seeds 1-4  0.456±0.015  0.452±0.025  0.476±0.026  0.923±0.044  0.896±0.083  0.910±0.079   (n=4)
all        0.456±0.015  0.452±0.025  0.476±0.026  0.923±0.044  0.896±0.083  0.910±0.079   (n=4)
