== Tue Sep 29 11:40:57 IST 2026 pre-run cleanup: comparator-layer artifacts of the topic PairChannel (ChallengeDeps, Challenge, Solution) removed so that comparator builds every comparator-layer module itself (COMPARATOR-RUN.md §0; comparator README assumption 2)
.lake/build/ir/Challenge/PairChannel.c
.lake/build/ir/Challenge/PairChannel.c.hash
.lake/build/ir/Challenge/PairChannel.setup.json
.lake/build/ir/ChallengeDeps/PairChannel.c
.lake/build/ir/ChallengeDeps/PairChannel.c.hash
.lake/build/ir/ChallengeDeps/PairChannel.setup.json
.lake/build/ir/Solution/PairChannel.c
.lake/build/ir/Solution/PairChannel.c.hash
.lake/build/ir/Solution/PairChannel.setup.json
.lake/build/lib/lean/Challenge/PairChannel.ilean
.lake/build/lib/lean/Challenge/PairChannel.ilean.hash
.lake/build/lib/lean/Challenge/PairChannel.olean
.lake/build/lib/lean/Challenge/PairChannel.olean.hash
.lake/build/lib/lean/Challenge/PairChannel.trace
.lake/build/lib/lean/ChallengeDeps/PairChannel.ilean
.lake/build/lib/lean/ChallengeDeps/PairChannel.ilean.hash
.lake/build/lib/lean/ChallengeDeps/PairChannel.olean
.lake/build/lib/lean/ChallengeDeps/PairChannel.olean.hash
.lake/build/lib/lean/ChallengeDeps/PairChannel.trace
.lake/build/lib/lean/Solution/PairChannel.ilean
.lake/build/lib/lean/Solution/PairChannel.ilean.hash
.lake/build/lib/lean/Solution/PairChannel.olean
.lake/build/lib/lean/Solution/PairChannel.olean.hash
.lake/build/lib/lean/Solution/PairChannel.trace
remaining: 0
(the program modules Zeta23/PairCeiling/PairRow, PairCert stay built — the untrusted side either way)
