== Tue Sep 29 11:37:08 IST 2026 program-side audit: lake env lean results/h4-pair-lean-s33/program-axioms.lean (34 names of PairRow + PairCert)
'Zeta23.PairCeiling.PairRow.card_band' depends on axioms: [propext, Classical.choice, Quot.sound]
'Zeta23.PairCeiling.PairRow.W2_eq' depends on axioms: [propext, Classical.choice, Quot.sound]
'Zeta23.PairCeiling.PairRow.sum_W2_mul' depends on axioms: [propext, Classical.choice, Quot.sound]
'Zeta23.PairCeiling.PairRow.pairRow_eq_gridRowQ' depends on axioms: [propext, Classical.choice, Quot.sound]
'Zeta23.PairCeiling.PairRow.sum_sinh_band' depends on axioms: [propext, Classical.choice, Quot.sound]
'Zeta23.PairCeiling.PairRow.sum_W2_cosh' depends on axioms: [propext, Classical.choice, Quot.sound]
'Zeta23.PairCeiling.PairRow.intCast_zmod_eq_zero_iff' depends on axioms: [propext, Classical.choice, Quot.sound]
'Zeta23.PairCeiling.PairRow.dftMarkQ_vacancy' depends on axioms: [propext, Classical.choice, Quot.sound]
'Zeta23.PairCeiling.PairRow.W2_zero' depends on axioms: [propext, Classical.choice, Quot.sound]
'Zeta23.PairCeiling.PairRow.abar_zero' depends on axioms: [propext, Classical.choice, Quot.sound]
'Zeta23.PairCeiling.PairRow.sum_vacancyMark_sq' depends on axioms: [propext, Classical.choice, Quot.sound]
'Zeta23.PairCeiling.PairRow.sum_W2_vacancy_sq' depends on axioms: [propext, Classical.choice, Quot.sound]
'Zeta23.PairCeiling.PairRow.sum_W2_vacancy_cosh' depends on axioms: [propext, Classical.choice, Quot.sound]
'Zeta23.PairCeiling.PairRow.sum_W2_cosh_sq' depends on axioms: [propext, Classical.choice, Quot.sound]
'Zeta23.PairCeiling.PairRow.prop45' depends on axioms: [propext, Classical.choice, Quot.sound]
'Zeta23.PairCeiling.PairRow.one_le_abar' depends on axioms: [propext, Classical.choice, Quot.sound]
'Zeta23.PairCeiling.PairRow.abar_sq_le' depends on axioms: [propext, Classical.choice, Quot.sound]
'Zeta23.PairCeiling.PairRow.floor_holds_integer' depends on axioms: [propext, Classical.choice, Quot.sound]
'Zeta23.PairCeiling.PairCert.one_add_sq_half_le_cosh' depends on axioms: [propext, Classical.choice, Quot.sound]
'Zeta23.PairCeiling.PairCert.exp_sub_sum_le' depends on axioms: [propext, Classical.choice, Quot.sound]
'Zeta23.PairCeiling.PairCert.cosh_le_poly8' depends on axioms: [propext, Classical.choice, Quot.sound]
'Zeta23.PairCeiling.PairCert.sum_pow2' depends on axioms: [propext, Classical.choice, Quot.sound]
'Zeta23.PairCeiling.PairCert.sum_pow4' depends on axioms: [propext, Classical.choice, Quot.sound]
'Zeta23.PairCeiling.PairCert.sum_pow6' depends on axioms: [propext, Classical.choice, Quot.sound]
'Zeta23.PairCeiling.PairCert.sum_pow8' depends on axioms: [propext, Classical.choice, Quot.sound]
'Zeta23.PairCeiling.PairCert.sum_poly2' depends on axioms: [propext, Classical.choice, Quot.sound]
'Zeta23.PairCeiling.PairCert.sum_poly8' depends on axioms: [propext, Classical.choice, Quot.sound]
'Zeta23.PairCeiling.PairCert.abar32' depends on axioms: [propext, Classical.choice, Quot.sound]
'Zeta23.PairCeiling.PairCert.abar_quarter_ge' depends on axioms: [propext, Classical.choice, Quot.sound]
'Zeta23.PairCeiling.PairCert.abar_half_le' depends on axioms: [propext, Classical.choice, Quot.sound]
'Zeta23.PairCeiling.PairCert.abar_quarter_ge_L' depends on axioms: [propext, Classical.choice, Quot.sound]
'Zeta23.PairCeiling.PairCert.abar_half_le_U' depends on axioms: [propext, Classical.choice, Quot.sound]
'Zeta23.PairCeiling.PairCert.cert_numeric' depends on axioms: [propext, Classical.choice, Quot.sound]
'Zeta23.PairCeiling.PairCert.floor_fails_anchor' depends on axioms: [propext, Classical.choice, Quot.sound]
exit=0
