== Tue Sep 29 11:40:13 IST 2026 statement identity, challenge vs solution, tools/statement_identity_h4.py (the H5/D5 tool, docstring only changed); the eight names passed one per word (bash array)
-- on the clone ~/rh-lean-work/checker-clone-s21
W2_eq                                         challenge   153 bytes, solution   153 bytes: IDENTICAL
    theorem W2_eq (n : ℕ) (s : ℤ) (hs : s ∈ Finset.Icc (-(2 * (n : ℤ))) (2 * (n : ℤ))) :
        W2 n s = ((2 * (n : ℝ) + 1) - |(s : ℝ)|) / (2 * (n : ℝ) + 1) ^ 2
sum_W2_mul                                    challenge   264 bytes, solution   264 bytes: IDENTICAL
    theorem sum_W2_mul (n : ℕ) (g : ℤ → ℝ) :
        ∑ s ∈ Finset.Icc (-(2 * (n : ℤ))) (2 * (n : ℤ)), W2 n s * g s
          = ∑ j1 ∈ Finset.Icc (-(n : ℤ)) (n : ℤ), ∑ j2 ∈ Finset.Icc (-(n : ℤ)) (n : ℤ),
              (1 / (2 * (n : ℝ) + 1)) * (1 / (2 * (n : ℝ) + 1)) * g (j1 + j2)
pairRow_eq_gridRowQ                           challenge    97 bytes, solution    97 bytes: IDENTICAL
    theorem pairRow_eq_gridRowQ (n : ℕ) (m : ZMod (2 * n + 1) → ℚ) :
        pairRow n m ∅ = gridRowQ n m
sum_W2_cosh                                   challenge   176 bytes, solution   176 bytes: IDENTICAL
    theorem sum_W2_cosh (n : ℕ) (x : ℝ) :
        ∑ s ∈ Finset.Icc (-(2 * (n : ℤ))) (2 * (n : ℤ)),
            W2 n s * Real.cosh (2 * Real.pi * (s : ℝ) * x / (2 * (n : ℝ))) = abar n x ^ 2
prop45                                        challenge   193 bytes, solution   193 bytes: IDENTICAL
    theorem prop45 (n : ℕ) (d μ : ℝ) :
        pairRow n (vacancyMark n) {((0 : ZMod (2 * n + 1)), μ, d)} - (2 * (n : ℝ) + 2 * μ ^ 2)
          = 2 * μ ^ 2 * abar n (2 * d) ^ 2 - 4 * μ * (abar n d ^ 2 - 1)
abar_sq_le                                    challenge    76 bytes, solution    76 bytes: IDENTICAL
    theorem abar_sq_le (n : ℕ) (d : ℝ) : abar n d ^ 2 ≤ (1 + abar n (2 * d)) / 2
floor_holds_integer                           challenge   146 bytes, solution   146 bytes: IDENTICAL
    theorem floor_holds_integer (n : ℕ) (d : ℝ) (m : ℕ) (hm : 1 ≤ m) :
        0 < 2 * (m : ℝ) ^ 2 * abar n (2 * d) ^ 2 - 4 * (m : ℝ) * (abar n d ^ 2 - 1)
floor_fails_anchor                            challenge   133 bytes, solution   133 bytes: IDENTICAL
    theorem floor_fails_anchor :
        pairRow 32 (vacancyMark 32) {((0 : ZMod 65), (1 / 20 : ℝ), (1 / 4 : ℝ))} < 64 + 2 * (1 / 20 : ℝ) ^ 2
RESULT: PASS
exit=0
-- on the program tree rh-program/lean
W2_eq                                         challenge   153 bytes, solution   153 bytes: IDENTICAL
    theorem W2_eq (n : ℕ) (s : ℤ) (hs : s ∈ Finset.Icc (-(2 * (n : ℤ))) (2 * (n : ℤ))) :
        W2 n s = ((2 * (n : ℝ) + 1) - |(s : ℝ)|) / (2 * (n : ℝ) + 1) ^ 2
sum_W2_mul                                    challenge   264 bytes, solution   264 bytes: IDENTICAL
    theorem sum_W2_mul (n : ℕ) (g : ℤ → ℝ) :
        ∑ s ∈ Finset.Icc (-(2 * (n : ℤ))) (2 * (n : ℤ)), W2 n s * g s
          = ∑ j1 ∈ Finset.Icc (-(n : ℤ)) (n : ℤ), ∑ j2 ∈ Finset.Icc (-(n : ℤ)) (n : ℤ),
              (1 / (2 * (n : ℝ) + 1)) * (1 / (2 * (n : ℝ) + 1)) * g (j1 + j2)
pairRow_eq_gridRowQ                           challenge    97 bytes, solution    97 bytes: IDENTICAL
    theorem pairRow_eq_gridRowQ (n : ℕ) (m : ZMod (2 * n + 1) → ℚ) :
        pairRow n m ∅ = gridRowQ n m
sum_W2_cosh                                   challenge   176 bytes, solution   176 bytes: IDENTICAL
    theorem sum_W2_cosh (n : ℕ) (x : ℝ) :
        ∑ s ∈ Finset.Icc (-(2 * (n : ℤ))) (2 * (n : ℤ)),
            W2 n s * Real.cosh (2 * Real.pi * (s : ℝ) * x / (2 * (n : ℝ))) = abar n x ^ 2
prop45                                        challenge   193 bytes, solution   193 bytes: IDENTICAL
    theorem prop45 (n : ℕ) (d μ : ℝ) :
        pairRow n (vacancyMark n) {((0 : ZMod (2 * n + 1)), μ, d)} - (2 * (n : ℝ) + 2 * μ ^ 2)
          = 2 * μ ^ 2 * abar n (2 * d) ^ 2 - 4 * μ * (abar n d ^ 2 - 1)
abar_sq_le                                    challenge    76 bytes, solution    76 bytes: IDENTICAL
    theorem abar_sq_le (n : ℕ) (d : ℝ) : abar n d ^ 2 ≤ (1 + abar n (2 * d)) / 2
floor_holds_integer                           challenge   146 bytes, solution   146 bytes: IDENTICAL
    theorem floor_holds_integer (n : ℕ) (d : ℝ) (m : ℕ) (hm : 1 ≤ m) :
        0 < 2 * (m : ℝ) ^ 2 * abar n (2 * d) ^ 2 - 4 * (m : ℝ) * (abar n d ^ 2 - 1)
floor_fails_anchor                            challenge   133 bytes, solution   133 bytes: IDENTICAL
    theorem floor_fails_anchor :
        pairRow 32 (vacancyMark 32) {((0 : ZMod 65), (1 / 20 : ℝ), (1 / 4 : ℝ))} < 64 + 2 * (1 / 20 : ℝ) ^ 2
RESULT: PASS
exit=0
== Tue Sep 29 11:40:13 IST 2026 the challenge statements against the probe results/h4-pair-typing-s32/typing-probe.lean (the brief: 'the probe's text verbatim'): the same extraction (theorem <name> … up to ' :=') on both files, byte for byte
W2_eq                     challenge  153 bytes, probe  153 bytes: IDENTICAL
sum_W2_mul                challenge  264 bytes, probe  264 bytes: IDENTICAL
pairRow_eq_gridRowQ       challenge   97 bytes, probe   97 bytes: IDENTICAL
sum_W2_cosh               challenge  176 bytes, probe  176 bytes: IDENTICAL
prop45                    challenge  193 bytes, probe  193 bytes: IDENTICAL
abar_sq_le                challenge   76 bytes, probe   76 bytes: IDENTICAL
floor_holds_integer       challenge  146 bytes, probe  146 bytes: IDENTICAL
floor_fails_anchor        challenge  133 bytes, probe  133 bytes: IDENTICAL
RESULT (challenge = probe): PASS
== config theorem_names in order against the challenge's theorem order
config: ['W2_eq', 'sum_W2_mul', 'pairRow_eq_gridRowQ', 'sum_W2_cosh', 'prop45', 'abar_sq_le', 'floor_holds_integer', 'floor_fails_anchor']
challenge: ['W2_eq', 'sum_W2_mul', 'pairRow_eq_gridRowQ', 'sum_W2_cosh', 'prop45', 'abar_sq_le', 'floor_holds_integer', 'floor_fails_anchor']
RESULT (config order = challenge order): PASS
