=== Tue Sep 29 11:56:59 IST 2026 lake build Zeta23.PairCeiling.PairRow (cold)
✔ [2279/2282] Built Zeta23.PairCeiling.GridParseval (3.3s)
✔ [2280/2282] Built Zeta23.PairCeiling.GridCorner (1.6s)
✔ [2281/2282] Built Zeta23.PairCeiling.GridParsevalRat (1.4s)
✔ [2282/2282] Built Zeta23.PairCeiling.PairRow (2.1s)
Build completed successfully (2282 jobs).
        9.47 real         8.76 user         3.56 sys
          2568273920  maximum resident set size
                   0  average shared memory size
                   0  average unshared data size
                   0  average unshared stack size
              836256  page reclaims
               20583  page faults
                   0  swaps
                   0  block input operations
                   0  block output operations
                   0  messages sent
                   0  messages received
                   0  signals received
                6777  voluntary context switches
              104233  involuntary context switches
         17177958437  instructions retired
          5509469157  cycles elapsed
           192291160  peak memory footprint
rc=0
=== Tue Sep 29 11:57:08 IST 2026 end
