=== Tue Sep 29 11:57:13 IST 2026 lake build Zeta23.PairCeiling.PairCert (cold, timed)
✔ [2296/2296] Built Zeta23.PairCeiling.PairCert (1.8s)
Build completed successfully (2296 jobs).
        2.68 real         3.21 user         1.68 sys
          2568208384  maximum resident set size
                   0  average shared memory size
                   0  average unshared data size
                   0  average unshared stack size
              278162  page reclaims
                 181  page faults
                   0  swaps
                   0  block input operations
                   0  block output operations
                   0  messages sent
                   0  messages received
                   0  signals received
                  81  voluntary context switches
               41421  involuntary context switches
         16129304871  instructions retired
          5286482752  cycles elapsed
           189178152  peak memory footprint
rc=0
=== Tue Sep 29 11:57:16 IST 2026 end
