=== Tue Sep 29 11:57:21 IST 2026 lake build ChallengeDeps.PairChannel
✔ [8697/8697] Built ChallengeDeps.PairChannel (6.1s)
Build completed successfully (8697 jobs).
real 8.83
user 3.77
sys 4.25
rc=0
=== Tue Sep 29 11:57:30 IST 2026 lake build Challenge.PairChannel
⚠ [8698/8698] Built Challenge.PairChannel (3.1s)
warning: comparator/Challenge/PairChannel.lean:53:8: declaration uses `sorry`
warning: comparator/Challenge/PairChannel.lean:58:8: declaration uses `sorry`
warning: comparator/Challenge/PairChannel.lean:65:8: declaration uses `sorry`
warning: comparator/Challenge/PairChannel.lean:70:8: declaration uses `sorry`
warning: comparator/Challenge/PairChannel.lean:76:8: declaration uses `sorry`
warning: comparator/Challenge/PairChannel.lean:82:8: declaration uses `sorry`
warning: comparator/Challenge/PairChannel.lean:86:8: declaration uses `sorry`
warning: comparator/Challenge/PairChannel.lean:92:8: declaration uses `sorry`
Build completed successfully (8698 jobs).
real 5.20
user 3.80
sys 4.25
rc=0
=== Tue Sep 29 11:57:35 IST 2026 lake build Solution.PairChannel
✔ [8703/8703] Built Solution.PairChannel (3.0s)
Build completed successfully (8703 jobs).
real 5.00
user 3.80
sys 4.24
rc=0
=== Tue Sep 29 11:57:40 IST 2026 lake build PrintAxioms.PairChannel
error: unknown target `PrintAxioms.PairChannel`
real 0.48
user 0.21
sys 0.28
rc=1
