== Tue Sep 29 12:04:44 IST 2026 recompute of every SHA-256 in hashes.txt
OK   lean/Zeta23/PairCeiling/PairRow.lean
OK   lean/Zeta23/PairCeiling/PairCert.lean
OK   lean/comparator/ChallengeDeps/PairChannel.lean
OK   lean/comparator/Challenge/PairChannel.lean
OK   lean/comparator/Solution/PairChannel.lean
OK   lean/comparator/PrintAxioms/PairChannel.lean
OK   lean/comparator/config-pair-channel.json
OK   lean/formalization.yaml
OK   lean/README.md
OK   results/a4-no-go/formalization-status.md
OK   results/h4-pair-lean-s33/PREDERIVATION-ERRATA.md
OK   results/h4-pair-lean-s33/BUILD-NOTES.md
OK   results/h4-pair-lean-s33/FIDELITY.md
OK   results/h4-pair-lean-s33/rung1-axioms.lean
OK   results/h4-pair-lean-s33/program-axioms.lean
OK   results/h4-pair-lean-s33/rung1-print-axioms.log
OK   results/h4-pair-lean-s33/cert-build.log
OK   results/h4-pair-lean-s33/build-comparator-topic.log
OK   results/h4-pair-lean-s33/program-axioms.log
OK   results/h4-pair-lean-s33/print-axioms.log
OK   results/h4-pair-lean-s33/statement-identity.log
OK   results/h4-pair-lean-s33/trust-greps.log
OK   results/h4-pair-lean-s33/prerun-cleanup.log
OK   results/h4-pair-lean-s33/comparator-run.log
OK   results/h4-pair-lean-s33/yaml-validation.log
OK   results/h4-pair-lean-s33/lint-10g.log
OK   results/h4-pair-lean-s33/tools/run.sh
OK   results/h4-pair-lean-s33/tools/statement_identity_h4.py
OK   results/h4-pair-lean-s33/tools/trust_greps_h4.py
OK   results/h4-pair-lean-s33/tools/h4_numbers.py
OK   results/h4-pair-lean-s33/tools/h4_numbers.log
OK   results/h4-pair-lean-s33/tools/powersums-timing.lean
matched 32, mismatched 0
hashes.txt now f33f488eca4e95f374cbb96977cc7fb0182c1873730d3db54f84f8462fdd1fe4; in SHARED.md: 1
BUILD-NOTES.md 11d0dca35019fb7411f8ea5401e0065c7cd72da074bf42c5c34ad998f36f1955 in SHARED: 1
