== overlay Tue Sep 29 11:54:17 IST 2026
OK Zeta23/PairCeiling/PairRow.lean 133f04a2c74e28c8
OK Zeta23/PairCeiling/PairCert.lean 9c9691b5c3d21783
OK Zeta23/PairCeiling/GridParseval.lean 0fb333cf6853ce44
OK Zeta23/PairCeiling/GridCorner.lean 1fbc388e87c6d2da
OK Zeta23/PairCeiling/GridParsevalRat.lean d1b3bb7ca5ef5000
OK comparator/ChallengeDeps/PairChannel.lean 289aaf8754e3725c
OK comparator/Challenge/PairChannel.lean 01b4cf50388f732f
OK comparator/Solution/PairChannel.lean d2e2054c04c3f1d3
OK comparator/PrintAxioms/PairChannel.lean 0860ae535f5b3f6a
OK comparator/config-pair-channel.json d095dc52d9c4b1ec
OK comparator/ChallengeDeps/IntegralityGap.lean e99d4e72706b1306
OK Zeta23.lean 02299918b160f183
 M Zeta23.lean
?? Zeta23/PairCeiling/GridCorner.lean
?? Zeta23/PairCeiling/GridParseval.lean
?? Zeta23/PairCeiling/GridParsevalRat.lean
?? Zeta23/PairCeiling/PairCert.lean
?? Zeta23/PairCeiling/PairRow.lean
?? comparator/Challenge/PairChannel.lean
?? comparator/ChallengeDeps/IntegralityGap.lean
?? comparator/ChallengeDeps/PairChannel.lean
?? comparator/PrintAxioms/PairChannel.lean
?? comparator/Solution/PairChannel.lean
?? comparator/config-pair-channel.json
