== Tue Sep 29 12:00:25 IST 2026 pre-run cleanup for topic PairChannel in /Users/jaytyagi/rh-lean-work/checker-clone-s33-h4
.lake/build/lib/lean/ChallengeDeps/PairChannel.ilean
.lake/build/lib/lean/ChallengeDeps/PairChannel.ilean.hash
.lake/build/lib/lean/ChallengeDeps/PairChannel.olean
.lake/build/lib/lean/ChallengeDeps/PairChannel.olean.hash
.lake/build/lib/lean/ChallengeDeps/PairChannel.trace
.lake/build/lib/lean/Challenge/PairChannel.ilean
.lake/build/lib/lean/Challenge/PairChannel.ilean.hash
.lake/build/lib/lean/Challenge/PairChannel.olean
.lake/build/lib/lean/Challenge/PairChannel.olean.hash
.lake/build/lib/lean/Challenge/PairChannel.trace
.lake/build/lib/lean/Solution/PairChannel.ilean
.lake/build/lib/lean/Solution/PairChannel.ilean.hash
.lake/build/lib/lean/Solution/PairChannel.olean
.lake/build/lib/lean/Solution/PairChannel.olean.hash
.lake/build/lib/lean/Solution/PairChannel.trace
.lake/build/ir/ChallengeDeps/PairChannel.c
.lake/build/ir/ChallengeDeps/PairChannel.c.hash
.lake/build/ir/ChallengeDeps/PairChannel.setup.json
.lake/build/ir/Challenge/PairChannel.c
.lake/build/ir/Challenge/PairChannel.c.hash
.lake/build/ir/Challenge/PairChannel.setup.json
.lake/build/ir/Solution/PairChannel.c
.lake/build/ir/Solution/PairChannel.c.hash
.lake/build/ir/Solution/PairChannel.setup.json
remaining: 0
