abar(1/4) = 1.10944370003314
abar(1/2) = 1.48140550328865
F1 - S2 closed form = -0.0352002533827736
F1 direct = 63.9697997466172  S2 = 64.005  F1 - S2 direct = -0.0352002533827736  |direct - closed| = 2.52e-39
max |W2(s) - (M-|s|)/M^2| = 0.0  sum W2 = 1.0
T1 at x = 0.25 : 2.3e-41
T1 at x = 0.5 : 9.18e-41
reduced-mod-65 row F1 - S2 = -0.01448171249
T = 60.3  F1 - T = 3.669799747  S2 - T = 3.705  2(mu-1)(mu-2) = 3.705
power sums: {2: 22880, 4: 14492192, 6: 10924353440, 8: 8964042662432}
L = 1.1060210969131874  U = 1.4815182152939983  certified bound 2mu^2U^2 - 4mu(L^2-1) = -0.03368205225217053  exact < 0: True
margin spent: closed - bound = -0.0015182011
L vs abar(1/4): 0.0034226  U - abar(1/2): 0.000112712
max |x| in cosh_le_poly8 use: 2*pi*32*(1/2)/64 = 1.570796327
E5: cosh(pi/4) - 1 - x^2/2 = 0.016184 ; x^4/24*cosh(x) = 0.0210008
E7: 3294198/2^20 = 3.14159202575684  > 3.141592: True  pi = 3.14159265359
mu* at d = 1/4: 0.2103976061
m = 1, d = 1/4: expression = 3.465663236  lower 2m(mA^2 - A + 1) = 3.426313524
log-convexity at d = 1/4: abar(d)^2 = 1.230865324  (1+abar(2d))/2 = 1.240702752
cert_numeric rational: value -0.03368205225217053  numerator digits 132  denominator digits 133  equals my bound: True
poly8(pi/2) - cosh(pi/2) = 0.000893581 ; 2(pi/2)^8/40320 = 0.00183852
E7 alternative: 3294197/2^20 = 3.14159107208 < 3.141592: True ; 3294200/2^20 = 3.14159393311 > 3.141593: True
n = 0: F1 = 4mu^2 = 0.01 ; S2 + 2mu^2*1 - 4mu*0 = 0.01
