t=5.0929581789406511 rho=0.19634954084936207 X=1e+10 q0=3.5464790895 F=92
win 50 a=5.90156e+08 cnt=115876942 npr=30213849 pre=364286 PK=30213849 supE=18.2690 flags=0 t=10s
win 100 a=1.39016e+09 cnt=272956573 npr=68338962 pre=364291 PK=68338962 supE=21.4180 flags=0 t=23s
win 150 a=2.19016e+09 cnt=430036206 npr=105426953 pre=364291 PK=105426953 supE=21.6561 flags=0 t=36s
win 200 a=2.99016e+09 cnt=587115838 npr=141911092 pre=364292 PK=134178740 supE=21.6561 flags=0 t=49s
win 250 a=3.79016e+09 cnt=744195470 npr=177967014 pre=364292 PK=134178740 supE=22.2637 flags=0 t=62s
win 300 a=4.59016e+09 cnt=901275103 npr=213696532 pre=364292 PK=134178740 supE=22.2637 flags=0 t=75s
win 350 a=5.39016e+09 cnt=1058354736 npr=249156123 pre=364291 PK=134178740 supE=25.2094 flags=0 t=89s
win 400 a=6.19016e+09 cnt=1215434368 npr=284394278 pre=364290 PK=134178740 supE=25.2094 flags=0 t=102s
win 450 a=6.99016e+09 cnt=1372514001 npr=319437923 pre=364289 PK=134178740 supE=26.1370 flags=0 t=115s
win 500 a=7.79016e+09 cnt=1529593634 npr=354312835 pre=364274 PK=134178740 supE=26.1370 flags=0 t=128s
win 550 a=8.59016e+09 cnt=1686673266 npr=389033532 pre=364101 PK=134178740 supE=26.1370 flags=0 t=142s
win 600 a=9.39016e+09 cnt=1843752902 npr=423627739 pre=362120 PK=134178740 supE=26.1370 flags=0 t=155s
      165.01 real       164.66 user         0.27 sys
           984891392  maximum resident set size
                   0  average shared memory size
                   0  average unshared data size
                   0  average unshared stack size
               76181  page reclaims
                  24  page faults
                   0  swaps
                   0  block input operations
                   0  block output operations
                   0  messages sent
                   0  messages received
                   2  signals received
                   9  voluntary context switches
                7027  involuntary context switches
            19860920  instructions retired
             7847462  cycles elapsed
             1540528  peak memory footprint
