t=10.185916357881302 rho=0.098174770424681035 X=1e+10 q0=6.0929581789 F=92
win 50 a=6.60542e+08 cnt=64848577 npr=29729422 pre=92493 PK=29729422 supE=11.5898 flags=0 t=5s
win 100 a=1.46054e+09 cnt=143388393 npr=63905866 pre=92493 PK=63905866 supE=13.7505 flags=0 t=11s
win 150 a=2.26054e+09 cnt=221928208 npr=97403813 pre=92493 PK=71517727 supE=13.7505 flags=0 t=17s
win 200 a=3.06054e+09 cnt=300468026 npr=130489638 pre=92493 PK=71517727 supE=14.2918 flags=0 t=23s
win 250 a=3.86054e+09 cnt=379007840 npr=163280040 pre=92493 PK=71517727 supE=14.2918 flags=0 t=28s
win 300 a=4.66054e+09 cnt=457547659 npr=195837444 pre=92493 PK=71517727 supE=14.3857 flags=0 t=34s
win 350 a=5.46054e+09 cnt=536087473 npr=228207658 pre=92493 PK=71517727 supE=14.4924 flags=0 t=40s
win 400 a=6.26054e+09 cnt=614627292 npr=260420368 pre=92493 PK=71517727 supE=14.4924 flags=0 t=46s
win 450 a=7.06054e+09 cnt=693167106 npr=292492698 pre=92484 PK=71517727 supE=15.4341 flags=0 t=52s
win 500 a=7.86054e+09 cnt=771706923 npr=324444730 pre=92479 PK=71517727 supE=15.4341 flags=0 t=58s
win 550 a=8.66054e+09 cnt=850246738 npr=356288465 pre=92453 PK=71517727 supE=15.4341 flags=0 t=64s
win 600 a=9.46054e+09 cnt=928786555 npr=388031980 pre=91830 PK=71517727 supE=15.4341 flags=0 t=70s
       73.40 real        73.20 user         0.17 sys
           676675584  maximum resident set size
                   0  average shared memory size
                   0  average unshared data size
                   0  average unshared stack size
               44444  page reclaims
                  23  page faults
                   0  swaps
                   0  block input operations
                   0  block output operations
                   0  messages sent
                   0  messages received
                   1  signals received
                  10  voluntary context switches
                1896  involuntary context switches
            19657345  instructions retired
            11001510  cycles elapsed
             1540528  peak memory footprint
