t=1.2732395447351628 rho=0.78539816339744828 X=1e+09 q0=1.6366197724 F=92
win 50 a=2.17582e+08 cnt=170888122 npr=11954680 pre=646092 PK=11954680 supE=95.8616 flags=0 t=11s
       53.46 real        52.51 user         0.39 sys
           565297152  maximum resident set size
                   0  average shared memory size
                   0  average unshared data size
                   0  average unshared stack size
               37632  page reclaims
                  41  page faults
                   0  swaps
                   0  block input operations
                   0  block output operations
                   0  messages sent
                   0  messages received
                   0  signals received
                  35  voluntary context switches
               47313  involuntary context switches
            19860498  instructions retired
            15408235  cycles elapsed
             1524144  peak memory footprint
