tail: {"N1": "5141000", "ints": {"Q1": "1780738683685954234282109", "Q2": "178607231319632698856344", "Q3": "18638466997109653259291", "Q4": "19014989006495801050358", "E1": "1822923348119831"}, "sum_int": "1996999372832115735567933", "lt_2K": true, "sum_float": 1.9969993728321158, "side": {"S1": true, "S2": true, "S3": true, "S4": true}, "ok": true, "seconds": 414.84974002838135}
direct: {"contained": true, "Q1sum_float": [1.7807384675573077, 1.7807384675573077], "Q2sum_float": [2.323659824979233, 2.323659824979233], "seconds": 414.15530014038086}
      415.22 real       414.37 user         0.81 sys
            31653888  maximum resident set size
                   0  average shared memory size
                   0  average unshared data size
                   0  average unshared stack size
                3113  page reclaims
                  26  page faults
                   0  swaps
                   0  block input operations
                   0  block output operations
                   0  messages sent
                   0  messages received
                   0  signals received
                  75  voluntary context switches
                4270  involuntary context switches
       8350781694536  instructions retired
       1702064970144  cycles elapsed
            27312440  peak memory footprint
