AUDIT F enclosure honesty: seed 20260902, EPS 1e-80, reference mpmath dps 100
  zeta_ball generic    n=60  widths median 4.68e-18 max 1.03e-16  (1.0s)
  zeta_ball sigma~1/2  n=50  widths median 2.31e-18 max 5.40e-17  (0.5s)
  zeta_ball sigma~1    n=50  widths median 2.17e-19 max 5.84e-18  (0.5s)
  zeta_ball t~1e4      n=50  widths median 2.80e-15 max 1.93e-14  (24.0s)
  arb zeta  generic    n=60  widths median 3.10e-87 max 1.60e-86
  arb zeta  sigma~1/2  n=50  widths median 4.16e-87 max 1.17e-86
  arb zeta  sigma~1    n=50  widths median 9.07e-88 max 2.44e-87
  arb zeta  t~1e4      n=50  widths median 1.46e-84 max 6.34e-84
  hurwitz_ball generic    n=60 widths median 6.68e-18 max 1.95e-16  (1.1s)
  hurwitz_ball sigma~1/2  n=50 widths median 3.96e-18 max 5.37e-17  (0.7s)
  hurwitz_ball sigma~1    n=50 widths median 7.35e-20 max 4.55e-18  (0.7s)
  hurwitz_ball t~1e4      n=24 widths median 2.82e-15 max 1.90e-14  (16.7s)
  f_DH both legs t~85.7     n=50 done
  f_DH both legs generic    n=30 done
  f_DH both legs sigma~1/2  n=20 done
  f_DH both legs sigma~1    n=20 done
  refined rho_DH (dps 120): (0.808517182456637385553351960606844127850670268 + 85.6993484853775921719292677089417290379878294j)
  |f_DH(rho refined)| = 5.4095e-121
  f_DH at rho15: |ref| = 5.3012e-16; mp-ball |f| <= 5.302e-16 (width 1.03e-19); arb ball [5.3011708303122883558276592068771237164865779457906120318421587255716979467683600000048542e-16 +/- 5.42e-106]
     mp box contains 0: False
  f_DH at rho40: |ref| = 2.726e-39; mp-ball |f| <= 7.514e-20 (width 1.03e-19); arb ball [2.7259653179134660461934510229641177209844364660957223605131927171736818890618571233812820e-39 +/- 1.08e-128]
     mp box contains 0: True
  wide segment boxes zeta_ball          12 boxes x 5 samples, 0 failures
  wide segment boxes hurwitz_ball(1/5)  12 boxes x 5 samples, 0 failures
  wide segment boxes f_dh_ball          12 boxes x 5 samples, 0 failures
  wide segment boxes arb_zeta            12 boxes x 5 samples, 0 failures

SUMMARY (pass/total per tag):
  arb_fdh/generic              30/30
  arb_fdh/sigma~1              20/20
  arb_fdh/sigma~1/2            20/20
  arb_fdh/t~85.7               50/50
  arb_fdh@rho15                1/1
  arb_fdh@rho40                1/1
  arb_zeta/generic             60/60
  arb_zeta/sigma~1             50/50
  arb_zeta/sigma~1/2           50/50
  arb_zeta/t~1e4               50/50
  f_dh_ball/generic            30/30
  f_dh_ball/sigma~1            20/20
  f_dh_ball/sigma~1/2          20/20
  f_dh_ball/t~85.7             50/50
  f_dh_ball@rho15              1/1
  f_dh_ball@rho40              1/1
  hurwitz_ball/generic         60/60
  hurwitz_ball/sigma~1         50/50
  hurwitz_ball/sigma~1/2       50/50
  hurwitz_ball/t~1e4           24/24
  widebox/arb_zeta             60/60
  widebox/f_dh_ball            60/60
  widebox/hurwitz_ball(1/5)    60/60
  widebox/zeta_ball            60/60
  zeta_ball/generic            60/60
  zeta_ball/sigma~1            50/50
  zeta_ball/sigma~1/2          50/50
  zeta_ball/t~1e4              50/50
TOTAL FAILURES: 0   (wall 59.1s)
