DH    c=1.5+85.699348i r=0.3 n=12: min=-0.0509688 2nd=4.75531e-26 max=38.3551 #neg(<-1e-55*max)=1
DH    c=1.5+85.699348i r=0.3 n=24: min=-0.10193 2nd=2.35365e-67 max=76.7076 #neg(<-1e-55*max)=1
DH    c=1.5+85.699348i r=0.3 n=36: min=-0.152894 2nd=-1.15066e-69 max=115.061 #neg(<-1e-55*max)=1
DH    c=1.5+80.699348i r=0.3 n=12: min=-1.00643e-23 2nd=4.31571e-26 max=25.0663 #neg(<-1e-55*max)=1
DH    c=1.5+80.699348i r=0.3 n=24: min=-2.06061e-23 2nd=3.75988e-68 max=50.1325 #neg(<-1e-55*max)=1
DH    c=1.5+80.699348i r=0.3 n=36: min=-3.09091e-23 2nd=-6.86286e-70 max=75.1988 #neg(<-1e-55*max)=1
DH    c=1.5+75.699348i r=0.3 n=12: min=1.22721e-26 2nd=2.63853e-23 max=26.2408 #neg(<-1e-55*max)=0
DH    c=1.5+75.699348i r=0.3 n=24: min=-2.81289e-57 2nd=3.83361e-68 max=52.4816 #neg(<-1e-55*max)=0
DH    c=1.5+75.699348i r=0.3 n=36: min=-4.22002e-57 2nd=-4.86239e-70 max=78.7223 #neg(<-1e-55*max)=0
DH    c=1.5+65.699348i r=0.3 n=12: min=3.77613e-27 2nd=7.01006e-24 max=20.396 #neg(<-1e-55*max)=0
DH    c=1.5+65.699348i r=0.3 n=24: min=4.7133e-69 2nd=3.38694e-65 max=40.7919 #neg(<-1e-55*max)=0
DH    c=1.5+65.699348i r=0.3 n=36: min=-2.36804e-70 2nd=-5.35761e-71 max=61.1879 #neg(<-1e-55*max)=0
zeta  c=1.5+85.699348i r=0.3 n=12: min=7.80479e-31 2nd=3.08085e-27 max=13.7929 #neg(<-1e-55*max)=0
zeta  c=1.5+85.699348i r=0.3 n=24: min=-2.85958e-71 2nd=5.03773e-72 max=27.5858 #neg(<-1e-55*max)=0
zeta  c=1.5+85.699348i r=0.3 n=36: min=-4.43808e-70 2nd=-1.11514e-70 max=41.3787 #neg(<-1e-55*max)=0
zeta  c=1.5+80.699348i r=0.3 n=12: min=3.70283e-31 2nd=1.18464e-27 max=9.90681 #neg(<-1e-55*max)=0
zeta  c=1.5+80.699348i r=0.3 n=24: min=-1.98364e-71 2nd=-1.88186e-72 max=19.8136 #neg(<-1e-55*max)=0
zeta  c=1.5+80.699348i r=0.3 n=36: min=-1.10269e-70 2nd=-4.40941e-71 max=29.7204 #neg(<-1e-55*max)=0
zeta  c=1.5+75.699348i r=0.3 n=12: min=6.98726e-31 2nd=2.63609e-27 max=20.2896 #neg(<-1e-55*max)=0
zeta  c=1.5+75.699348i r=0.3 n=24: min=-3.74068e-71 2nd=2.53646e-71 max=40.5791 #neg(<-1e-55*max)=0
zeta  c=1.5+75.699348i r=0.3 n=36: min=-2.35084e-70 2nd=-1.24088e-70 max=60.8686 #neg(<-1e-55*max)=0
zeta  c=1.5+65.699348i r=0.3 n=12: min=1.45063e-31 2nd=8.01172e-28 max=16.3982 #neg(<-1e-55*max)=0
zeta  c=1.5+65.699348i r=0.3 n=24: min=-7.29045e-71 2nd=-2.77078e-72 max=32.7963 #neg(<-1e-55*max)=0
zeta  c=1.5+65.699348i r=0.3 n=36: min=-3.01613e-70 2nd=-8.52468e-71 max=49.1945 #neg(<-1e-55*max)=0
python3 dd2_pick_kernel.py 0.3  14.32s user 0.02s system 99% cpu 14.345 total
