== zeta (X=1e+07)
   sigma=0.90  D(10^k), k=[4, 5, 6, 7]: ['3.637', '3.945', '4.316', '4.791']   growth per decade: ['0.035', '0.039', '0.045']
   sigma=1.00  D(10^k), k=[4, 5, 6, 7]: ['3.013', '3.123', '3.227', '3.333']   growth per decade: ['0.015', '0.014', '0.014']
   sigma=1.10  D(10^k), k=[4, 5, 6, 7]: ['2.58', '2.619', '2.648', '2.672']   growth per decade: ['0.007', '0.005', '0.004']
   sigma=1.30  D(10^k), k=[4, 5, 6, 7]: ['2.009', '2.014', '2.017', '2.018']   growth per decade: ['0.001', '0.001', '0.000']
   sigma=1.50  D(10^k), k=[4, 5, 6, 7]: ['1.64', '1.641', '1.641', '1.641']   growth per decade: ['0.000', '0.000', '0.000']
   sigma=1.60  D(10^k), k=[4, 5, 6, 7]: ['1.498', '1.498', '1.498', '1.498']   growth per decade: ['0.000', '0.000', '0.000']
   sigma=1.70  D(10^k), k=[4, 5, 6, 7]: ['1.376', '1.376', '1.376', '1.376']   growth per decade: ['0.000', '0.000', '0.000']
   sigma=1.90  D(10^k), k=[4, 5, 6, 7]: ['1.175', '1.175', '1.175', '1.175']   growth per decade: ['0.000', '0.000', '0.000']
== F_(2.9,2) (Theta_F = 0.82388)
   sigma=0.90  D(10^k), k=[4, 5, 6, 7]: ['160.2', '880.3', '4654', '2.723e+04']   growth per decade: ['0.740', '0.723', '0.767']
   sigma=1.00  D(10^k), k=[4, 5, 6, 7]: ['74.42', '322.1', '1358', '6261']   growth per decade: ['0.636', '0.625', '0.664']
   sigma=1.10  D(10^k), k=[4, 5, 6, 7]: ['35.72', '121.2', '406.6', '1476']   growth per decade: ['0.531', '0.526', '0.560']
   sigma=1.30  D(10^k), k=[4, 5, 6, 7]: ['9.584', '19.9', '41.81', '93.37']   growth per decade: ['0.317', '0.322', '0.349']
   sigma=1.50  D(10^k), k=[4, 5, 6, 7]: ['3.5', '4.766', '6.475', '9.006']   growth per decade: ['0.134', '0.133', '0.143']
   sigma=1.60  D(10^k), k=[4, 5, 6, 7]: ['2.424', '2.871', '3.351', '3.916']   growth per decade: ['0.073', '0.067', '0.068']
   sigma=1.70  D(10^k), k=[4, 5, 6, 7]: ['1.823', '1.981', '2.116', '2.243']   growth per decade: ['0.036', '0.029', '0.025']
   sigma=1.90  D(10^k), k=[4, 5, 6, 7]: ['1.232', '1.252', '1.263', '1.269']   growth per decade: ['0.007', '0.004', '0.002']
   [time so far 1.4s]
== DH (X=1e+07; Theta_DH = 0.808517)
   sigma=0.90  D(10^k), k=[4, 5, 6, 7]: ['3.384', '7.158', '22.08', '100.2']   growth per decade: ['0.325', '0.489', '0.657']
   sigma=1.00  D(10^k), k=[4, 5, 6, 7]: ['1.951', '3.26', '7.35', '24.33']   growth per decade: ['0.223', '0.353', '0.520']
   sigma=1.10  D(10^k), k=[4, 5, 6, 7]: ['1.197', '1.654', '2.779', '6.485']   growth per decade: ['0.140', '0.226', '0.368']
   sigma=1.30  D(10^k), k=[4, 5, 6, 7]: ['0.5396', '0.5959', '0.6824', '0.8611']   growth per decade: ['0.043', '0.059', '0.101']
   sigma=1.50  D(10^k), k=[4, 5, 6, 7]: ['0.2957', '0.3027', '0.3095', '0.3183']   growth per decade: ['0.010', '0.010', '0.012']
   sigma=1.60  D(10^k), k=[4, 5, 6, 7]: ['0.2307', '0.2332', '0.2351', '0.2371']   growth per decade: ['0.005', '0.004', '0.004']
   sigma=1.70  D(10^k), k=[4, 5, 6, 7]: ['0.1848', '0.1857', '0.1862', '0.1866']   growth per decade: ['0.002', '0.001', '0.001']
   sigma=1.90  D(10^k), k=[4, 5, 6, 7]: ['0.1257', '0.1258', '0.1258', '0.1259']   growth per decade: ['0.000', '0.000', '0.000']
   [total time 6.6s]
python3 dd3_landau_squeeze.py 1e7 1e7  6.56s user 0.06s system 99% cpu 6.636 total
