=== a=3.0 q=2.0  a>2sqrt(q)? True
  FE rel err at s=(0.3 + 7.1j): 3.91e-31
  FE rel err at s=(0.8 + 21.3j): 1.15e-30
  FE rel err at s=(-0.4 + 3.3j): 3.66e-31
  root u=-0.5 -> s=(1.0 - 4.532360142j) (sigma=1.0); |F(s)|=1.44e-31
  root u=-1.0 -> s=(0.0 - 4.532360142j) (sigma=0.0); |F(s)|=2.45e-31
  alpha,beta = -1.0 -2.0  |.|/sqrt q: 0.707107 1.41421
  Lambda_F(q^k)/log q, k=1..6: ['4.0', '-4.0', '10.0', '-16.0', '34.0', '-64.0']
=== a=5.0 q=5.0  a>2sqrt(q)? True
  FE rel err at s=(0.3 + 7.1j): 2.93e-31
  FE rel err at s=(0.8 + 21.3j): 5.76e-31
  FE rel err at s=(-0.4 + 3.3j): 2.95e-31
  root u=-0.2763932 -> s=(0.7989937178 - 1.951981266j) (sigma=0.79899372); |F(s)|=1.71e-31
  root u=-0.7236068 -> s=(0.2010062822 - 1.951981266j) (sigma=0.20100628); |F(s)|=2.76e-31
  alpha,beta = -1.381966 -3.618034  |.|/sqrt q: 0.618034 1.61803
  Lambda_F(q^k)/log q, k=1..6: ['6.0', '-14.0', '51.0', '-174.0', '626.0', '-2249.0']
=== a=2.89999999999999991118215802999 q=2.0  a>2sqrt(q)? True
  FE rel err at s=(0.3 + 7.1j): 4.83e-31
  FE rel err at s=(0.8 + 21.3j): 1.16e-30
  FE rel err at s=(-0.4 + 3.3j): 2.1e-31
  root u=-0.56492189 -> s=(0.8238766802 - 4.532360142j) (sigma=0.82387668); |F(s)|=1.24e-31
  root u=-0.88507811 -> s=(0.1761233198 - 4.532360142j) (sigma=0.17612332); |F(s)|=1.43e-31
  alpha,beta = -1.1298438 -1.7701562  |.|/sqrt q: 0.79892 1.25169
  Lambda_F(q^k)/log q, k=1..6: ['3.9', '-3.41', '7.989', '-10.4481', '20.2215', '-31.8461']
=== a=4.5 q=5.0  a>2sqrt(q)? True
  FE rel err at s=(0.3 + 7.1j): 3.04e-31
  FE rel err at s=(0.8 + 21.3j): 6.44e-31
  FE rel err at s=(-0.4 + 3.3j): 6.67e-31
  root u=-0.4 -> s=(0.5693234419 - 1.951981266j) (sigma=0.56932344); |F(s)|=6.48e-32
  root u=-0.5 -> s=(0.4306765581 - 1.951981266j) (sigma=0.43067656); |F(s)|=3.8e-32
  alpha,beta = -2.0 -2.5  |.|/sqrt q: 0.894427 1.11803
  Lambda_F(q^k)/log q, k=1..6: ['5.5', '-9.25', '24.625', '-54.0625', '130.656', '-307.141']
