Q: all:%22Epstein%20zeta%22%20AND%20all:%22von%20Mangoldt%22
  totalResults=0
Q: all:%22Epstein%22%20AND%20all:%22Euler%20product%22%20AND%20all:%22logarithmic%20derivative%22
  totalResults=0
Q: all:%22von%20Mangoldt%22%20AND%20all:nonnegative%20AND%20all:%22functional%20equation%22%20AND%20all:%22Riemann%20hypothesis%22
  totalResults=0
Q: all:%22Hasse%22%20AND%20all:%22virtual%22%20AND%20all:%22zeta%20function%22%20AND%20all:%22point%20counts%22
  totalResults=0
Q: all:Krein%20AND%20all:%22negative%20squares%22%20AND%20all:zeta
  totalResults=0
Q: all:%22generalized%20Nevanlinna%22%20AND%20all:%22Riemann%20hypothesis%22
  totalResults=0
Q: all:Pick%20AND%20all:kernel%20AND%20all:%22Riemann%20hypothesis%22%20AND%20all:%22xi%22
  totalResults=0
Q: all:%22mean%20square%22%20AND%20all:Landau%20AND%20all:%22Riemann%20hypothesis%22%20AND%20all:Mellin
  totalResults=0
Q: all:%22tensor%20power%20trick%22%20AND%20all:%22Riemann%20hypothesis%22
  totalResults=0
Q: all:Deligne%20AND%20all:%22Landau%22%20AND%20all:%22tensor%20power%22%20AND%20all:zeta
  totalResults=0
