=== dps = 60, terms n <= 10 ===
s = (2.0 + 3.0j)
   Lambda (zeta)  = (-0.032530601147794033636625669803 - 0.0672031457516321548916472452769j)
   Lambda (series)= (-0.032530601147794033636625669803 - 0.0672031457516321548916472452769j)
   rel. diff      = 1.456e-61   |  xi = (0.41627125989962381474 + 0.088823304965639390756j)
s = (0.3 + 7.0j)
   Lambda (zeta)  = (-0.00613311976116445399974199531379 + 0.000788601189968136105402327764603j)
   Lambda (series)= (-0.00613311976116445399974199531379 + 0.000788601189968136105402327764603j)
   rel. diff      = 5.2524e-61   |  xi = (0.15200945338940678121 - 0.010817164613535753274j)
s = (0.5 + 14.1347251417j)
   Lambda (zeta)  = (-3.48352019383580972138917220801e-27 + 1.34089853277534173069800474562e-72j)
   Lambda (series)= (-3.48352019383580972138917220801e-27 + 0.0j)
   rel. diff      = 6.9934e-38   |  xi = (3.4842248199635990607e-25 - 1.3411697619022977918e-70j)
s = (-1.5 + 2.0j)
   Lambda (zeta)  = (0.0190247858672272350504065029299 + 0.122903572055810858985526419454j)
   Lambda (series)= (0.0190247858672272350504065029299 + 0.122903572055810858985526419454j)
   rel. diff      = 1.67e-61   |  xi = (0.48923618998984003156 - 0.091462089975885297575j)
s = (5.0 - 11.0j)
   Lambda (zeta)  = (0.000759596037823610889238272295524 - 0.000272032574498938600395864148557j)
   Lambda (series)= (0.000759596037823610889238272295524 - 0.000272032574498938600395864148557j)
   rel. diff      = 3.7813e-60   |  xi = (-0.051825212347789810626 - 0.023862358860072339697j)
s = (0.8 + 30.0j)
   Lambda (zeta)  = (2.60298633254251176511692069267e-11 + 3.2032489583818925958599284875e-11j)
   Lambda (series)= (2.60298633254251176511692069267e-11 + 3.2032489583818925958599284875e-11j)
   rel. diff      = 4.3384e-53   |  xi = (-1.2003813291761707286e-8 - 1.4182914141956396137e-8j)
s = (0.5 + 60.0j)
   Lambda (zeta)  = (1.61615155832838632850965463739e-21 + 1.71562359930937997189183486279e-81j)
   Lambda (series)= (1.61615155832838632850965463739e-21 + 0.0j)
   rel. diff      = 1.8947e-45   |  xi = (-2.9092748239358864396e-18 - 3.0883369317067976219e-78j)
s = (12.0 + 25.0j)
   Lambda (zeta)  = (0.00000932001672728486627703277340742 - 0.00000324628683429967199060924674783j)
   Lambda (series)= (0.00000932001672728486627703277340742 - 0.00000324628683429967199060924674783j)
   rel. diff      = 2.1926e-58   |  xi = (-0.00136407665841456384 + 0.0034797145137492682003j)
s = (-7.25 + 40.5j)
   Lambda (zeta)  = (-1.22519921163477471678177458877e-11 + 1.44015839017239087070502755697e-11j)
   Lambda (series)= (-1.22519921163477471678177458877e-11 + 1.44015839017239087070502755697e-11j)
   rel. diff      = 6.8823e-53   |  xi = (1.4202051042343763178e-8 - 7.5348076033217408413e-9j)
=== dps = 90, terms n <= 11 ===
s = (2.0 + 3.0j)
   Lambda (zeta)  = (-0.032530601147794033636625669803 - 0.0672031457516321548916472452769j)
   Lambda (series)= (-0.032530601147794033636625669803 - 0.0672031457516321548916472452769j)
   rel. diff      = 2.2972e-91   |  xi = (0.41627125989962381474 + 0.088823304965639390756j)
s = (0.3 + 7.0j)
   Lambda (zeta)  = (-0.00613311976116445399974199531379 + 0.000788601189968136105402327764603j)
   Lambda (series)= (-0.00613311976116445399974199531379 + 0.000788601189968136105402327764603j)
   rel. diff      = 2.6018e-90   |  xi = (0.15200945338940678121 - 0.010817164613535753274j)
s = (0.5 + 14.1347251417j)
   Lambda (zeta)  = (-3.48352019383580972138917220801e-27 - 9.86393415634045930114293085405e-103j)
   Lambda (series)= (-3.48352019383580972138917220801e-27 + 0.0j)
   rel. diff      = 1.2032e-67   |  xi = (3.4842248199635990607e-25 + 9.8659293753553081576e-101j)
s = (-1.5 + 2.0j)
   Lambda (zeta)  = (0.0190247858672272350504065029299 + 0.122903572055810858985526419454j)
   Lambda (series)= (0.0190247858672272350504065029299 + 0.122903572055810858985526419454j)
   rel. diff      = 2.4862e-91   |  xi = (0.48923618998984003156 - 0.091462089975885297575j)
s = (5.0 - 11.0j)
   Lambda (zeta)  = (0.000759596037823610889238272295524 - 0.000272032574498938600395864148557j)
   Lambda (series)= (0.000759596037823610889238272295524 - 0.000272032574498938600395864148557j)
   rel. diff      = 7.1425e-90   |  xi = (-0.051825212347789810626 - 0.023862358860072339697j)
s = (0.8 + 30.0j)
   Lambda (zeta)  = (2.60298633254251176511692069267e-11 + 3.2032489583818925958599284875e-11j)
   Lambda (series)= (2.60298633254251176511692069267e-11 + 3.2032489583818925958599284875e-11j)
   rel. diff      = 1.1877e-83   |  xi = (-1.2003813291761707286e-8 - 1.4182914141956396137e-8j)
s = (0.5 + 60.0j)
   Lambda (zeta)  = (1.61615155832838632850965463739e-21 + 5.61904946194758818133207748578e-113j)
   Lambda (series)= (1.61615155832838632850965463739e-21 + 0.0j)
   rel. diff      = 3.0042e-74   |  xi = (-2.9092748239358864396e-18 - 1.0114991412688402175e-109j)
s = (12.0 + 25.0j)
   Lambda (zeta)  = (0.00000932001672728486627703277340742 - 0.00000324628683429967199060924674783j)
   Lambda (series)= (0.00000932001672728486627703277340742 - 0.00000324628683429967199060924674783j)
   rel. diff      = 1.31e-88   |  xi = (-0.00136407665841456384 + 0.0034797145137492682003j)
s = (-7.25 + 40.5j)
   Lambda (zeta)  = (-1.22519921163477471678177458877e-11 + 1.44015839017239087070502755697e-11j)
   Lambda (series)= (-1.22519921163477471678177458877e-11 + 1.44015839017239087070502755697e-11j)
   rel. diff      = 2.7645e-83   |  xi = (1.4202051042343763178e-8 - 7.5348076033217408413e-9j)
=== cross-precision agreement of the series (dps 60 vs 90) ===
s = (2.0 + 3.0j): |S60 - S90|/|S90| = 1.8879e-61
s = (0.3 + 7.0j): |S60 - S90|/|S90| = 6.6405e-61
s = (0.5 + 14.13472514j): |S60 - S90|/|S90| = 6.7632e-38
s = (-1.5 + 2.0j): |S60 - S90|/|S90| = 4.4198e-62
s = (5.0 - 11.0j): |S60 - S90|/|S90| = 3.8563e-60
s = (0.8 + 30.0j): |S60 - S90|/|S90| = 4.3384e-53
s = (0.5 + 60.0j): |S60 - S90|/|S90| = 1.8947e-45
s = (12.0 + 25.0j): |S60 - S90|/|S90| = 2.1935e-58
s = (-7.25 + 40.5j): |S60 - S90|/|S90| = 6.8823e-53
=== gammainc vs quadrature, a = 0.25+7i, x = pi ===
gammainc  = (-0.00765568264469502786845419380396 + 0.00220505284341956227824475593267j)
quadrature= (-0.00765568264469502786845419380396 + 0.00220505284341956227824475593267j)
rel diff  = 5.6285e-42
=== c_N = 1/2 + sum_{n<=N} (1 - 4 pi n^2) e^{-pi n^2} ===
N = 1: c_N = 0.00017180566258547875025   (tail sum_(n>N) (4 pi n^2 - 1) e^(-pi n^2) = 0.00017180566258547875025)
N = 2: c_N = 5.891258854396012012e-11   (tail sum_(n>N) (4 pi n^2 - 1) e^(-pi n^2) = 5.891258854396012012e-11)
N = 3: c_N = 2.9589851955455663928e-20   (tail sum_(n>N) (4 pi n^2 - 1) e^(-pi n^2) = 2.9589851955455663928e-20)
N = 4: c_N = 2.4342009049056017063e-32   (tail sum_(n>N) (4 pi n^2 - 1) e^(-pi n^2) = 2.4342009049056017062e-32)
N = 5: c_N = 3.4435900524827848705e-47   (tail sum_(n>N) (4 pi n^2 - 1) e^(-pi n^2) = 3.4435196240826489575e-47)
N = 6: c_N = 6.6819117752304891154e-52   (tail sum_(n>N) (4 pi n^2 - 1) e^(-pi n^2) = 8.5952541988242437155e-65)
N = 7: c_N = 6.6819117752304891154e-52   (tail sum_(n>N) (4 pi n^2 - 1) e^(-pi n^2) = 3.8438183457491134869e-85)
N = 8: c_N = 6.6819117752304891154e-52   (tail sum_(n>N) (4 pi n^2 - 1) e^(-pi n^2) = 3.1101643902536820559e-108)
c_infinity (n <= 59) = 6.681911775e-52
