rho = 0.098174770424681035 (+3.827e-18), t = 10.185916357881302, X0 = 3e+07
generated: G=2945246 g-integers, 1514047 g-primes, 1431198 composites, up to B=30000020.223468; ties(rel<1e-22)=0
min lattice margin of a composite (lattice units) = 2.290e-06 at c = 23833339.136429  [dd error bound ~1e-22 units]
first g-primes: 6.092958 16.278875 26.464791 36.650707 57.022540 67.208456 77.394373 87.580289
x=1e+03: N=99 pi=75 supE=1.8915 (at 226.196)
x=1e+04: N=983 pi=700 supE=3.0197 (at 6570.716)
x=1e+05: N=9818 pi=6350 supE=4.8308 (at 23002.523)
x=1e+06: N=98177 pi=57724 supE=6.3931 (at 877096.067)
x=1e+07: N=981749 pi=526606 supE=8.9279 (at 3589213.082)
sup_{1<u<=X0} E/(u-1) = 0.0981747704 at u = 6.092958 (rho = 0.0981747704); largest over g-integers other than p1 = 0.040237 at u = 37.1241
sup_{u<=X0} E/u = 0.082062 at u = 6.092958; sup E = 9.0761 at 19991225.99; N(X0) = 2945244
B1: max over g-primes y <= X0 of F(y) - (log y + rho)/y = -0.155243 (at y = 97.7662)
psi(X0) = 24494442.957492 (psi/X0 = 0.816481), S(X0) = 9.29234849, S - log X0 = -7.924359, D(X0) = 7.740841, P0 = 29999984.572761, #primes<=X0 = 1514045
T(P0) = 1.184687e-04 (exact part 1.184090e-04 + tail bound 5.961e-08); lattice-uniform T <= 1.758994e-04; eta(P0) = 5.772e-07
exact primes  : eps0 = 5.981149e-05, D0 = 5.092349, T1' constant rho + 2eps0/D0 = 0.09819826 (= rho + 2.3491e-05); Delta0 = 4.092349, T1 record bound = 0.122194
   => E(x) <= 0.098198 (x-1) for all x>1 iff sup_{u<=X0} E/(u-1) <= that; N(x) <= 0.196373 (x-1) + 1
lattice-uniform: eps0 = 8.852685e-05, D0 = 5.092056, T1' constant rho + 2eps0/D0 = 0.09820954 (= rho + 3.4771e-05); Delta0 = 4.092056, T1 record bound = 0.122210
   => E(x) <= 0.098210 (x-1) for all x>1 iff sup_{u<=X0} E/(u-1) <= that; N(x) <= 0.196384 (x-1) + 1
(*) at x = 1000.50: LHS = -1.325898685, RHS = -1.325898685, diff = 5.00e-14 | (A1): sum log n = 579.103890, sum Lambda N(x/d) = 579.103890, diff = -1.14e-13
    E(x) = -0.125683, psi/x = 0.448488, D(x) = 4.332272, psi/(xD) - rho = 0.005348, W(x) = -0.024396
(*) at x = 123456.70: LHS = -4.243563930, RHS = -4.243563930, diff = -1.48e-11 | (A1): sum log n = 129970.014201, sum Lambda N(x/d) = 129970.014201, diff = 0.00e+00
    E(x) = -0.235005, psi/x = 0.673333, D(x) = 6.377610, psi/(xD) - rho = 0.007403, W(x) = -0.047246
(*) at x = 9876543.21: LHS = -7.288349004, RHS = -7.288348984, diff = -1.99e-08 | (A1): sum log n = 14646866.802537, sum Lambda N(x/d) = 14646866.802537, diff = 0.00e+00
    E(x) = -0.264056, psi/x = 0.793871, D(x) = 7.524618, psi/(xD) - rho = 0.007328, W(x) = -0.055144
  sum_{p<=1e+02} 1/p - loglog = -1.169572
  sum_{p<=1e+03} 1/p - loglog = -1.406154
  sum_{p<=1e+04} 1/p - loglog = -1.530169
  sum_{p<=1e+05} 1/p - loglog = -1.606298
  sum_{p<=1e+06} 1/p - loglog = -1.654967
  sum_{p<=1e+07} 1/p - loglog = -1.687223
T2 <= 0.040153; proved asymptotic floor log rho - T2 - 1/e - E1(1) = -2.948422
