ladder.py  mpmath 1.3.0  iv.prec = 200 bits  relbits = 190

(R1) Haglund p. 4: largest real zeros of Xi_1, Xi_2
  Xi_1(14.04543957): tail  [1.347060456146727e-11, 1.347060456146727e-11] + i[-1.993494181449183e-55, 1.993490099684431e-55]   (M = 7)
  Xi_1(14.04543957): literal [1.347060456146727e-11, 1.347060456146727e-11] + i[-1.175811269967767e-58, 1.175811269967767e-58]   overlap with tail: True
  Xi_1(14.04543959): tail  [-1.704102125314551e-11, -1.704102125314551e-11] + i[-2.025245125405816e-55, 2.025241044210799e-55]   (M = 7)
  Xi_1(14.04543959): literal [-1.704102125314551e-11, -1.704102125314551e-11] + i[-1.180108145975859e-58, 1.180108145975859e-58]   overlap with tail: True
  => R1(N=1): real parts have strict opposite signs: True  -> a real zero of Xi_1 in (14.04543957, 14.04543959): CERTIFIED
  Xi_2(39.5324810797): tail  [3.605517254360067e-21, 3.605517254360067e-21] + i[-1.291945354131312e-55, 1.291945354131392e-55]   (M = 7)
  Xi_2(39.5324810797): literal [3.605517254360067e-21, 3.605517254360067e-21] + i[-5.149417750470641e-59, 5.149417750470641e-59]   overlap with tail: True
  Xi_2(39.5324810799): tail  [-4.5934187710153e-21, -4.5934187710153e-21] + i[-1.308285255175533e-55, 1.3082852551754e-55]   (M = 7)
  Xi_2(39.5324810799): literal [-4.5934187710153e-21, -4.5934187710153e-21] + i[-5.156746255613638e-59, 5.156746255613638e-59]   overlap with tail: True
  => R1(N=2): real parts have strict opposite signs: True  -> a real zero of Xi_2 in (39.5324810797, 39.5324810799): CERTIFIED
  R1 time 2.5 s

(R2) Haglund Appendix, first non-real zero of Xi_1 in Q (smallest modulus, Im > 0)
R2: Xi_1, centre c = 20.62534600592171760132974 + 2.697151842339519632505712 i;  Taylor model R = 0.5, rho = 0.01, m = 24, K = 12
  crude bound M_R = 330138.0 on |z-c| = 0.5 (32 boxes)
  |D_0| ~ 2.809e-26  |D_1| ~ 9.22495e-5  (model built in 42.9 s)
  winding: 32 pieces, all enclosures exclude 0 (min |F| over pieces >= 8.149e-8, E = 8.679e-26); sum/2pi in [1.0, 1.0] -> k = 1
  R2: half-width r = 1e-3  ->  winding number k = 1
  winding: 32 pieces, all enclosures exclude 0 (min |F| over pieces >= 8.152e-13, E = 5.539e-36); sum/2pi in [1.0, 1.0] -> k = 1
  R2: half-width r = 1e-8  ->  winding number k = 1
  model zero estimate (non-rigorous): (20.62534600592171760132995 + 2.697151842339519632505936j)
  R2 time 45.5 s

(R3) negative control: square centre 17 + 1 i, half-width 1/4 (Haglund list: no zero of Xi_1 there)
R3: Xi_1, centre c = 17 + 1 i;  Taylor model R = 1.5, rho = 0.6, m = 48, K = 24
  crude bound M_R = 330740.0 on |z-c| = 1.5 (48 boxes)
  |D_0| ~ 0.000716711  |D_1| ~ 0.000340663  (model built in 70.1 s)
  winding: 32 pieces, all enclosures exclude 0 (min |F| over pieces >= 0.0006149, E = 3.741e-10); sum/2pi in [-1.2447027008e-5, 1.24470207955e-5] -> k = 0
  R3: half-width r = 0.25  ->  winding number k = 0
  R3 time 115.6 s

SUMMARY: R1 certified;  R2 winding numbers {'1e-3': 1, '1e-8': 1} (expected 1);  R3 winding number {'0.25': 0} (expected 0);  total 115.6 s
methods used for h(w): [((1, 'lower'), 16), ((2, 'lower'), 624), ((3, 'lower'), 624), ((4, 'lower'), 624), ((5, 'lower'), 624), ((6, 'lower'), 624), ((7, 'ibp'), 313), ((7, 'lower'), 311)]
exit 0
