o2 (read-O, qcond-s38): the reduced uniformly-discrete family (NOTE §2.4 Step 4, §2.5 Part B) and the radical family

== q = 2: FE-solved family e_d = {1: 1, 2: sqrt(2)}; free parameters []; FE residual at 2 points = 3.08E-179
   c(n) by g = gcd(n,q): {1: 1, 2: 1 + sqrt(2)}
   Pi(p^n), n=1..6 (Newton): [1 + sqrt(2), -1/2, 1/3 + 2*sqrt(2)/3, -3/4, 1/5 + 4*sqrt(2)/5, -7/6];  Pi(p^2) = -1/2 = (1-p)/2: True  -> INFEASIBLE (exact)

== q = 3: FE-solved family e_d = {1: 1, 3: sqrt(3)}; free parameters []; FE residual at 2 points = 3.86E-180
   c(n) by g = gcd(n,q): {1: 1, 3: 1 + sqrt(3)}
   Pi(p^n), n=1..6 (Newton): [1 + sqrt(3), -1, 1/3 + sqrt(3), -2, 1/5 + 9*sqrt(3)/5, -13/3];  Pi(p^2) = -1 = (1-p)/2: True  -> INFEASIBLE (exact)

== q = 5: FE-solved family e_d = {1: 1, 5: sqrt(5)}; free parameters []; FE residual at 2 points = 1.54E-179
   c(n) by g = gcd(n,q): {1: 1, 5: 1 + sqrt(5)}
   Pi(p^n), n=1..6 (Newton): [1 + sqrt(5), -2, 1/3 + 5*sqrt(5)/3, -6, 1/5 + 5*sqrt(5), -62/3];  Pi(p^2) = -2 = (1-p)/2: True  -> INFEASIBLE (exact)

== q = 4: FE-solved family e_d = {1: 1, 2: e2, 4: 2}; free parameters [e2]; FE residual at 2 points = 1.58E-176
   c(n) by g = gcd(n,q): {1: 1, 2: e2 + 1, 4: e2 + 3}
   tail witness -(t**2 - 5)/2 < 0 on [56/25, oo): True
   [-1, 56/25] covered by 3 exact Sturm pieces; failures: 0
     [-1.000000, -0.190000]  witness Pi(2^5) < 0
     [-0.190000, +0.620000]  witness Pi(2^4) < 0
     [+0.620000, +2.240000]  witness Pi(2^3) < 0

== q = 9: FE-solved family e_d = {1: 1, 3: e3, 9: 3}; free parameters [e3]; FE residual at 2 points = 6.17E-179
   c(n) by g = gcd(n,q): {1: 1, 3: e3 + 1, 9: e3 + 4}
   tail witness -(t**2 - 7)/2 < 0 on [53/20, oo): True
   [-1, 53/20] covered by 2 exact Sturm pieces; failures: 0
     [-1.000000, +0.825000]  witness Pi(3^4) < 0
     [+0.825000, +2.650000]  witness Pi(3^3) < 0

== q = 25: FE-solved family e_d = {1: 1, 5: e5, 25: 5}; free parameters [e5]; FE residual at 2 points = 4.82E-181
   c(n) by g = gcd(n,q): {1: 1, 5: e5 + 1, 25: e5 + 6}
   tail witness -(t**2 - 11)/2 < 0 on [83/25, oo): True
   [-1, 83/25] covered by 2 exact Sturm pieces; failures: 0
     [-1.000000, +1.160000]  witness Pi(5^4) < 0
     [+1.160000, +3.320000]  witness Pi(5^3) < 0
   F_(5,5) = the point e = 5: Pi(5^n), n=1..6 = [6, -7, 17, -87/2, 626/5, -2249/6]

== q = 6: FE-solved family e_d = {1: 1, 2: sqrt(6)*e3/3, 3: e3, 6: sqrt(6)}; free parameters [e3]; FE residual at 2 points = 2.47E-178
   c(n) by g = gcd(n,q): {1: 1, 2: sqrt(6)*e3/3 + 1, 3: e3 + 1, 6: sqrt(6)*e3/3 + e3 + 1 + sqrt(6)}
   tail witness -sqrt(6)*(t**2 - 3)/3 < 0 on [87/50, oo): True
   [-1, 87/50] covered by 4 exact Sturm pieces; failures: 0
     [-1.000000, -0.315000]  witness Pi(2^23^3=108) < 0
     [-0.315000, +0.370000]  witness Pi(2^23^2=36) < 0
     [+0.370000, +1.055000]  witness Pi(2^13^2=18) < 0
     [+1.055000, +1.740000]  witness Pi(2^03^2=9) < 0

== radical family (v4): D = 1 + a w + sqrt2 w^2, w = 2^{-s/2}; FE, dN >= 0 and Pi >= 0 on <sqrt2>
   FE residual D(1-s) - 2^(s-1/2) D(s) at a = 7/10, two points: 2.47E-178 (identity: 1<->2 paired, sqrt2 self-paired)
   Pi(2) = -t**2/2 + 1 + sqrt(2);  tail < 0 on [221/100, oo): True
   [0, 2.21] covered by 4 exact Sturm pieces; failures: 0
     [+0.000000, +0.552500]  witness Pi(2^(4/2)) < 0
     [+0.552500, +1.657500]  witness Pi(2^(3/2)) < 0
     [+1.657500, +2.210000]  witness Pi(2^(5/2)) < 0
   neighbour zeta(1 + b 2^(-s/2)): Pi(2^(n/2)) = [b, 1 - b**2/2, b**3/3, 1/2 - b**4/4] ...; even n = 2j: (2 - b^(2j))/(2j) >= 0 for all j <=> b <= 1
   FE at conductor sqrt2 forces b = [2**(1/4)]; Pi(8) = Pi(2^(6/2)) at that b = 1/3 - sqrt(2)/3 = -0.138071
