o3 (read-O, qcond-s38): rung 1 (NOTE §3, verify/v3) recomputed FROM THE DEFINITIONS, exact integers, own route.
S(1/25) in [0.99474311, 0.99474729] (rational enclosure)
  t | RH F1 F2 F3 | Q1 Q2 Q3 Q4(first bad n) | rho_q | min b_d | b_1..b_6 | N_1..N_6
-12 |  -  -  -  - |  Y  Y  Y  -(2) |   18 | -1.039e+62 | [18, -63, 552, -4293, 42048, -396996] | [18, -108, 1674, -17280, 210258, -2380428]
-11 |  -  -  -  - |  Y  Y  Y  -(2) |   17 | -3.589e+59 | [17, -51, 425, -2890, 26452, -224145] | [17, -85, 1292, -11645, 132277, -1343680]
-10 |  -  -  -  - |  Y  Y  Y  -(2) |   16 | -6.438e+56 | [16, -40, 320, -1840, 15872, -117920] | [16, -64, 976, -7424, 79376, -706624]
 -9 |  -  -  -  - |  Y  Y  Y  -(2) |   15 | -4.949e+53 | [15, -30, 235, -1080, 9012, -56270] | [15, -45, 720, -4365, 45075, -336960]
 -8 |  -  -  -  - |  Y  Y  Y  -(2) |   14 | -1.204e+50 | [14, -21, 168, -553, 4816, -23044] | [14, -28, 518, -2240, 24094, -137788]
 -7 |  -  -  -  - |  Y  Y  Y  -(2) |   13 | -5.422e+45 | [13, -13, 117, -208, 2444, -6851] | [13, -13, 364, -845, 12233, -40768]
 -6 |  -  -  Y  Y |  Y  Y  Y  -(2) |   12 | -6.423e+18 | [12, -6, 80, 0, 1248, -40] | [12, 0, 252, 0, 6252, 0]
 -5 |  -  Y  Y  Y |  Y  Y  Y  -(2) |   11 | 0 | [11, 0, 55, 110, 748, 2200] | [11, 11, 176, 451, 3751, 13376]
 -4 |  Y  Y  Y  Y |  Y  Y  Y  -(2) |   10 | 5 | [10, 5, 40, 155, 608, 2620] | [10, 20, 130, 640, 3050, 15860]
 -3 |  Y  Y  Y  Y |  Y  Y  Y  -(3) |    9 | 9 | [9, 9, 33, 162, 612, 2571] | [9, 27, 108, 675, 3069, 15552]
 -2 |  Y  Y  Y  Y |  Y  Y  Y  -(3) |    8 | 8 | [8, 12, 32, 152, 640, 2544] | [8, 32, 104, 640, 3208, 15392]
 -1 |  Y  Y  Y  Y |  Y  Y  Y  -(3) |    7 | 7 | [7, 14, 35, 140, 644, 2590] | [7, 35, 112, 595, 3227, 15680]
  0 |  Y  Y  Y  Y |  Y  Y  Y  -(4) |    6 | 6 | [6, 15, 40, 135, 624, 2620] | [6, 36, 126, 576, 3126, 15876]
  1 |  Y  Y  Y  Y |  Y  Y  Y  -(4) |    5 | 5 | [5, 15, 45, 140, 604, 2585] | [5, 35, 140, 595, 3025, 15680]
  2 |  Y  Y  Y  Y |  -  Y  Y  -(1) |    4 | 4 | [4, 14, 48, 152, 608, 2536] | [4, 32, 148, 640, 3044, 15392]
  3 |  Y  Y  Y  Y |  -  Y  Y  -(1) |    3 | 3 | [3, 12, 47, 162, 636, 2564] | [3, 27, 144, 675, 3183, 15552]
  4 |  Y  Y  Y  Y |  -  Y  Y  -(1) |    2 | 2 | [2, 9, 40, 155, 640, 2620] | [2, 20, 122, 640, 3202, 15860]
  5 |  -  Y  Y  Y |  -  Y  -  -(1) |    1 | 1 | [1, 5, 25, 110, 500, 2215] | [1, 11, 76, 451, 2501, 13376]
  6 |  -  Y  Y  Y |  -  -  -  -(1) |    0 | 0 | [0, 0, 0, 0, 0, 0] | [0, 0, 0, 0, 0, 0]
  7 |  -  -  -  - |  -  -  -  -(1) |   -1 | -5.422e+45 | [-1, -6, -37, -208, -1196, -6774] | [-1, -13, -112, -845, -5981, -40768]
  8 |  -  -  -  - |  -  -  -  -(1) |   -2 | -1.204e+50 | [-2, -13, -88, -553, -3568, -22916] | [-2, -28, -266, -2240, -17842, -137788]
  9 |  -  -  -  - |  -  -  -  -(1) |   -3 | -4.949e+53 | [-3, -21, -155, -1080, -7764, -56075] | [-3, -45, -468, -4365, -38823, -336960]
 10 |  -  -  -  - |  -  -  -  -(1) |   -4 | -6.438e+56 | [-4, -30, -240, -1840, -14624, -117640] | [-4, -64, -724, -7424, -73124, -706624]
 11 |  -  -  -  - |  -  -  -  -(1) |   -5 | -3.589e+59 | [-5, -40, -345, -2890, -25204, -223760] | [-5, -85, -1040, -11645, -126025, -1343680]
 12 |  -  -  -  - |  -  -  -  -(1) |   -6 | -1.039e+62 | [-6, -51, -472, -4293, -40800, -396484] | [-6, -108, -1422, -17280, -204006, -2380428]
RH: t in [-4, -3, -2, -1, 0, 1, 2, 3, 4]
F1: t in [-5, -4, -3, -2, -1, 0, 1, 2, 3, 4, 5, 6]
F2: t in [-6, -5, -4, -3, -2, -1, 0, 1, 2, 3, 4, 5, 6]
F3: t in [-6, -5, -4, -3, -2, -1, 0, 1, 2, 3, 4, 5, 6]
Q1: t in [-12, -11, -10, -9, -8, -7, -6, -5, -4, -3, -2, -1, 0, 1]
Q2: t in [-12, -11, -10, -9, -8, -7, -6, -5, -4, -3, -2, -1, 0, 1, 2, 3, 4, 5]
Q3: t in [-12, -11, -10, -9, -8, -7, -6, -5, -4, -3, -2, -1, 0, 1, 2, 3, 4]
Q4: t in []
F1 and not RH: [-5, 5, 6]
virtual curve t=5: N_1..N_6 = [1, 11, 76, 451, 2501, 13376], b_1..b_6 = [1, 5, 25, 110, 500, 2215] (BFE §9: 1,11,76,451,2501,13376 / 1,5,25,110,500,2215)
t=-5 (the L-polynomial of F_(5,5)): Q4 first failure n = 2 -> Pi(25) = (1 - s_2)/2 = -7
