'Zeta23.DBN.Instance02.mp0000_check' depends on axioms: [propext]
'Zeta23.DBN.Instance02.mp0001_check' depends on axioms: [propext]
'Zeta23.DBN.Instance02.mp0002_check' depends on axioms: [propext]
'Zeta23.DBN.Instance02.mp0003_check' depends on axioms: [propext]
'Zeta23.DBN.Instance02.mp0004_check' depends on axioms: [propext]
'Zeta23.DBN.Instance02.mp0005_check' depends on axioms: [propext]
'Zeta23.DBN.Instance02.mp0006_check' depends on axioms: [propext]
'Zeta23.DBN.Instance02.mp0007_check' depends on axioms: [propext]
'Zeta23.DBN.Instance02.mp0008_check' depends on axioms: [propext]
'Zeta23.DBN.Instance02.mp0009_check' depends on axioms: [propext]
'Zeta23.DBN.Instance02.mp0010_check' depends on axioms: [propext]
'Zeta23.DBN.Instance02.mp0011_check' depends on axioms: [propext]
'Zeta23.DBN.Instance02.mp0012_check' depends on axioms: [propext]
'Zeta23.DBN.Instance02.mp0013_check' depends on axioms: [propext]
'Zeta23.DBN.Instance02.mp0014_check' depends on axioms: [propext]
'Zeta23.DBN.Instance02.mp0015_check' depends on axioms: [propext]
'Zeta23.DBN.Instance02.mp0016_check' depends on axioms: [propext]
'Zeta23.DBN.Instance02.mp0017_check' depends on axioms: [propext]
'Zeta23.DBN.Instance02.mp0018_check' depends on axioms: [propext]
'Zeta23.DBN.Instance02.mp0019_check' depends on axioms: [propext]
'Zeta23.DBN.Instance02.mp0020_check' depends on axioms: [propext]
'Zeta23.DBN.Instance02.mp0021_check' depends on axioms: [propext]
'Zeta23.DBN.Instance02.mp0022_check' depends on axioms: [propext]
'Zeta23.DBN.Instance02.mp0023_check' depends on axioms: [propext]
'Zeta23.DBN.Instance02.mp0024_check' depends on axioms: [propext]
'Zeta23.DBN.Instance02.mp0025_check' depends on axioms: [propext]
'Zeta23.DBN.Instance02.mp0026_check' depends on axioms: [propext]
'Zeta23.DBN.Instance02.mp0027_check' depends on axioms: [propext]
'Zeta23.DBN.Instance02.mp0028_check' depends on axioms: [propext]
'Zeta23.DBN.Instance02.mp0029_check' depends on axioms: [propext]
'Zeta23.DBN.Instance02.mp0030_check' depends on axioms: [propext]
'Zeta23.DBN.Instance02.mp0031_check' depends on axioms: [propext]
'Zeta23.DBN.Instance02.mp0032_check' depends on axioms: [propext]
'Zeta23.DBN.Instance02.mp0033_check' depends on axioms: [propext]
'Zeta23.DBN.Instance02.mp0034_check' depends on axioms: [propext]
'Zeta23.DBN.Instance02.mp0035_check' depends on axioms: [propext]
'Zeta23.DBN.Instance02.mp0036_check' depends on axioms: [propext]
'Zeta23.DBN.Instance02.mp0037_check' depends on axioms: [propext]
'Zeta23.DBN.Instance02.mp0038_check' depends on axioms: [propext]
'Zeta23.DBN.Instance02.arb0000_check' depends on axioms: [propext]
'Zeta23.DBN.Instance02.arb0001_check' depends on axioms: [propext]
'Zeta23.DBN.Instance02.arb0002_check' depends on axioms: [propext]
'Zeta23.DBN.Instance02.arb0003_check' depends on axioms: [propext]
'Zeta23.DBN.Instance02.arb0004_check' depends on axioms: [propext]
'Zeta23.DBN.Instance02.arb0005_check' depends on axioms: [propext]
'Zeta23.DBN.Instance02.arb0006_check' depends on axioms: [propext]
'Zeta23.DBN.Instance02.arb0007_check' depends on axioms: [propext]
'Zeta23.DBN.Instance02.arb0008_check' depends on axioms: [propext]
'Zeta23.DBN.Instance02.arb0009_check' depends on axioms: [propext]
'Zeta23.DBN.Instance02.arb0010_check' depends on axioms: [propext]
'Zeta23.DBN.Instance02.arb0011_check' depends on axioms: [propext]
'Zeta23.DBN.Instance02.arb0012_check' depends on axioms: [propext]
'Zeta23.DBN.Instance02.arb0013_check' depends on axioms: [propext]
'Zeta23.DBN.Instance02.arb0014_check' depends on axioms: [propext]
'Zeta23.DBN.Instance02.arb0015_check' depends on axioms: [propext]
'Zeta23.DBN.Instance02.arb0016_check' depends on axioms: [propext]
'Zeta23.DBN.Instance02.arb0017_check' depends on axioms: [propext]
'Zeta23.DBN.Instance02.arb0018_check' depends on axioms: [propext]
'Zeta23.DBN.Instance02.arb0019_check' depends on axioms: [propext]
'Zeta23.DBN.Instance02.arb0020_check' depends on axioms: [propext]
'Zeta23.DBN.Instance02.arb0021_check' depends on axioms: [propext]
'Zeta23.DBN.Instance02.arb0022_check' depends on axioms: [propext]
'Zeta23.DBN.Instance02.arb0023_check' depends on axioms: [propext]
'Zeta23.DBN.Instance02.arb0024_check' depends on axioms: [propext]
'Zeta23.DBN.Instance02.arb0025_check' depends on axioms: [propext]
'Zeta23.DBN.Instance02.arb0026_check' depends on axioms: [propext]
'Zeta23.DBN.Instance02.arb0027_check' depends on axioms: [propext]
'Zeta23.DBN.Instance02.arb0028_check' depends on axioms: [propext]
'Zeta23.DBN.Instance02.arb0029_check' depends on axioms: [propext]
'Zeta23.DBN.Instance02.arb0030_check' depends on axioms: [propext]
'Zeta23.DBN.Instance02.arb0031_check' depends on axioms: [propext]
'Zeta23.DBN.Instance02.arb0032_check' depends on axioms: [propext]
'Zeta23.DBN.Instance02.arb0033_check' depends on axioms: [propext]
'Zeta23.DBN.Instance02.arb0034_check' depends on axioms: [propext]
'Zeta23.DBN.Instance02.arb0035_check' depends on axioms: [propext]
'Zeta23.DBN.Instance02.arb0036_check' depends on axioms: [propext]
'Zeta23.DBN.Instance02.arb0037_check' depends on axioms: [propext]
'Zeta23.DBN.Instance02.arb0038_check' depends on axioms: [propext]
'Zeta23.DBN.Instance02.arb0039_check' depends on axioms: [propext]
'Zeta23.DBN.Instance02.arb0040_check' depends on axioms: [propext]
'Zeta23.DBN.Instance02.arb0041_check' depends on axioms: [propext]
'Zeta23.DBN.Instance02.arb0042_check' depends on axioms: [propext]
'Zeta23.DBN.Instance02.arb0043_check' depends on axioms: [propext]
'Zeta23.DBN.Instance02.arb0044_check' depends on axioms: [propext]
'Zeta23.DBN.Instance02.arb0045_check' depends on axioms: [propext]
'Zeta23.DBN.Instance02.arb0046_check' depends on axioms: [propext]
'Zeta23.DBN.Instance02.arb0047_check' depends on axioms: [propext]
'Zeta23.DBN.Instance02.arb0048_check' depends on axioms: [propext]
'Zeta23.DBN.Instance02.arb0049_check' depends on axioms: [propext]
'Zeta23.DBN.Instance02.arb0050_check' depends on axioms: [propext]
'Zeta23.DBN.Instance02.arb0051_check' depends on axioms: [propext]
'Zeta23.DBN.Instance02.arb0052_check' depends on axioms: [propext]
'Zeta23.DBN.Instance02.arb0053_check' depends on axioms: [propext]
'Zeta23.DBN.Instance02.arb0054_check' depends on axioms: [propext]
'Zeta23.DBN.Instance02.arb0055_check' depends on axioms: [propext]
'Zeta23.DBN.Instance02.arb0056_check' depends on axioms: [propext]
'Zeta23.DBN.Instance02.arb0057_check' depends on axioms: [propext]
'Zeta23.DBN.Instance02.arb0058_check' depends on axioms: [propext]
'Zeta23.DBN.Instance02.arb0059_check' depends on axioms: [propext]
'Zeta23.DBN.Instance02.arb0060_check' depends on axioms: [propext]
'Zeta23.DBN.Instance02.arb0061_check' depends on axioms: [propext]
'Zeta23.DBN.Instance02.arb0062_check' depends on axioms: [propext]
'Zeta23.DBN.Instance02.arb0063_check' depends on axioms: [propext]
'Zeta23.DBN.Instance02.arb0064_check' depends on axioms: [propext]
'Zeta23.DBN.Instance02.arb0065_check' depends on axioms: [propext]
'Zeta23.DBN.Instance02.arb0066_check' depends on axioms: [propext]
'Zeta23.DBN.Instance02.arb0067_check' depends on axioms: [propext]
'Zeta23.DBN.Instance02.arb0068_check' depends on axioms: [propext]
'Zeta23.DBN.Instance02.arb0069_check' depends on axioms: [propext]
'Zeta23.DBN.Instance02.arb0070_check' depends on axioms: [propext]
'Zeta23.DBN.Instance02.arb0071_check' depends on axioms: [propext]
'Zeta23.DBN.Instance02.row2BarrierMP_prisms' depends on axioms: [propext]
'Zeta23.DBN.Instance02.row2BarrierARB_prisms' depends on axioms: [propext]
'Zeta23.DBN.Instance02.row2BarrierMP_check' depends on axioms: [propext, Quot.sound]
'Zeta23.DBN.Instance02.row2BarrierARB_check' depends on axioms: [propext, Quot.sound]
'Zeta23.DBN.Instance02.row2_barrier_mp' depends on axioms: [propext, Classical.choice, Quot.sound]
'Zeta23.DBN.Instance02.row2_barrier_arb' depends on axioms: [propext, Classical.choice, Quot.sound]
'Zeta23.DBN.Instance02.row2_barrier_mp_xy' depends on axioms: [propext, Classical.choice, Quot.sound]
'Zeta23.DBN.Instance02.row2_barrier_arb_xy' depends on axioms: [propext, Classical.choice, Quot.sound]
