# s7gen num=1 den=1 rho=1 X=10000000 variant=0 label=c1_1
# n=9 N=9 E=0.0000 supE=0.0000 infE=-1.0000 Mg=1 psi-x=-1.17 Tt=0.0000 W=0.0000 gp=4 maxa=1@1
# n=99 N=99 E=0.0000 supE=0.0000 infE=-1.0000 Mg=1 psi-x=-4.95 Tt=0.0000 W=0.0000 gp=25 maxa=1@1
# n=999 N=999 E=0.0000 supE=0.0000 infE=-1.0000 Mg=1 psi-x=-2.32 Tt=0.0000 W=0.0000 gp=168 maxa=1@1
# n=9999 N=9999 E=0.0000 supE=0.0000 infE=-1.0000 Mg=1 psi-x=14.40 Tt=0.0000 W=0.0000 gp=1229 maxa=1@1
# n=99999 N=99999 E=0.0000 supE=0.0000 infE=-1.0000 Mg=1 psi-x=52.56 Tt=0.0000 W=0.0000 gp=9592 maxa=1@1
# n=999999 N=999999 E=0.0000 supE=0.0000 infE=-1.0000 Mg=1 psi-x=-412.40 Tt=0.0000 W=0.0000 gp=78498 maxa=1@1
# n=9999999 N=9999999 E=0.0000 supE=0.0000 infE=-1.0000 Mg=1 psi-x=-1459.60 Tt=0.0000 W=0.0000 gp=664579 maxa=1@1
# n=10000000 N=10000000 E=0.0000 supE=0.0000 infE=-1.0000 Mg=1 psi-x=-1460.60 Tt=0.0000 W=0.0000 gp=664579 maxa=1@1
# summary: X=10000000 N(X)=10000000 g-prime sites=664579 total mult=664579 max a_n=1 at n=1  #(a_n>d(n))=0  max a_n/d(n)=1.0000 sat=0
# summary: supE=0.000000 infE=-1.000000 sup|Mg|=1 Mg(X)=1 S1(X)-rho=0.000000e+00 psi(X)-X=-1460.5967
# primes by decade: dec  m=0 m=1 m=2 m=3 m=4 m=5 m>=6 | higher powers p^k (k>=2): m=0 m=1 m=2 m=3 m=4 m=5 m>=6
D 0 0 4 0 0 0 0 0 | 3 0 0 0 0 0 0
D 1 0 21 0 0 0 0 0 | 7 0 0 0 0 0 0
D 2 0 143 0 0 0 0 0 | 15 0 0 0 0 0 0
D 3 0 1061 0 0 0 0 0 | 26 0 0 0 0 0 0
D 4 0 8363 0 0 0 0 0 | 57 0 0 0 0 0 0
D 5 0 68906 0 0 0 0 0 | 128 0 0 0 0 0 0
D 6 0 586081 0 0 0 0 0 | 319 0 0 0 0 0 0
# bin_lo Emax Emin Erms sup|psi-x| Mgmax Mgmin sup|Tt| sup|W| Ttrms Wrms
1.9953e+00 0 -1 0 2.30685 1 1 0 0 0 0
2.8184e+00 0 -1 0 2.20824 1 1 0 0 0 0
3.9811e+00 0 -1 0 2.51509 1 1 0 0 0 0
4.4668e+00 0 -1 0 1.90566 1 1 0 0 0 0
5.6234e+00 0 -1 0 2.90566 1 1 0 0 0 0
6.3096e+00 0 -1 0 1.95975 1 1 0 0 0 0
7.9433e+00 0 -1 0 2.2666 1 1 0 0 0 0
8.9125e+00 0 -1 0 2.16799 1 1 0 0 0 0
1.0000e+01 0 -1 0 3.16799 1 1 0 0 0 0
1.1220e+01 0 -1 0 2.77009 1 1 0 0 0 0
1.2589e+01 0 -1 0 2.20514 1 1 0 0 0 0
1.4125e+01 0 -1 0 3.20514 1 1 0 0 0 0
1.5849e+01 0 -1 0 3.51199 1 1 0 0 0 0
1.7783e+01 0 -1 0 2.67878 1 1 0 0 0 0
1.9953e+01 0 -1 0 3.73434 1 1 0 0 0 0
2.2387e+01 0 -1 0 2.59885 1 1 0 0 0 0
2.5119e+01 0 -1 0 3.8908 1 1 0 0 0 0
2.8184e+01 0 -1 0 2.5235 1 1 0 0 0 0
3.1623e+01 0 -1 0 3.39637 1 1 0 0 0 0
3.5481e+01 0 -1 0 4.39637 1 1 0 0 0 0
3.9811e+01 0 -1 0 4.78545 1 1 0 0 0 0
4.4668e+01 0 -1 0 3.31068 1 1 0 0 0 0
5.0119e+01 0 -1 0 3.54433 1 1 0 0 0 0
5.6234e+01 0 -1 0 5.54433 1 1 0 0 0 0
6.3096e+01 0 -1 0 4.66277 1 1 0 0 0 0
7.0795e+01 0 -1 0 3.90494 1 1 0 0 0 0
7.9433e+01 0 -1 0 4.01804 1 1 0 0 0 0
8.9125e+01 0 -1 0 7.5294 1 1 0 0 0 0
1.0000e+02 0 -1 0 6.95469 1 1 0 0 0 0
1.1220e+02 0 -1 0 5.21538 1 1 0 0 0 0
1.2589e+02 0 -1 0 5.60594 1 1 0 0 0 0
1.4125e+02 0 -1 0 7.33896 1 1 0 0 0 0
1.5849e+02 0 -1 0 6.26148 1 1 0 0 0 0
1.7783e+02 0 -1 0 7.14586 1 1 0 0 0 0
1.9953e+02 0 -1 0 11.5023 1 1 0 0 0 0
2.2387e+02 0 -1 0 10.0951 1 1 0 0 0 0
2.5119e+02 0 -1 0 6.3857 1 1 0 0 0 0
2.8184e+02 0 -1 0 7.76766 1 1 0 0 0 0
3.1623e+02 0 -1 0 11.2278 1 1 0 0 0 0
3.5481e+02 0 -1 0 5.65694 1 1 0 0 0 0
3.9811e+02 0 -1 0 9.16148 1 1 0 0 0 0
4.4668e+02 0 -1 0 9.8831 1 1 0 0 0 0
5.0119e+02 0 -1 0 13.953 1 1 0 0 0 0
5.6234e+02 0 -1 0 13.2972 1 1 0 0 0 0
6.3096e+02 0 -1 0 11.9102 1 1 0 0 0 0
7.0795e+02 0 -1 0 8.95183 1 1 0 0 0 0
7.9433e+02 0 -1 0 16.271 1 1 0 0 0 0
8.9125e+02 0 -1 0 12.4867 1 1 0 0 0 0
1.0000e+03 0 -1 0 13.7145 1 1 0 0 0 0
1.1220e+03 0 -1 0 14.7858 1 1 0 0 0 0
1.2589e+03 0 -1 0 23.5508 1 1 0 0 0 0
1.4125e+03 0 -1 0 30.3002 1 1 0 0 0 0
1.5849e+03 0 -1 0 22.177 1 1 0 0 0 0
1.7783e+03 0 -1 0 24.1177 1 1 0 0 0 0
1.9953e+03 0 -1 0 20.7264 1 1 0 0 0 0
2.2387e+03 0 -1 0 21.3679 1 1 0 0 0 0
2.5119e+03 0 -1 0 32.9828 1 1 0 0 0 0
2.8184e+03 0 -1 0 31.8505 1 1 0 0 0 0
3.1623e+03 0 -1 0 38.6459 1 1 0 0 0 0
3.5481e+03 0 -1 0 26.1016 1 1 0 0 0 0
3.9811e+03 0 -1 0 26.5831 1 1 0 0 0 0
4.4668e+03 0 -1 0 35.4847 1 1 0 0 0 0
5.0119e+03 0 -1 0 41.0079 1 1 0 0 0 0
5.6234e+03 0 -1 0 37.601 1 1 0 0 0 0
6.3096e+03 0 -1 0 41.3841 1 1 0 0 0 0
7.0795e+03 0 -1 0 49.8483 1 1 0 0 0 0
7.9433e+03 0 -1 0 49.6448 1 1 0 0 0 0
8.9125e+03 0 -1 0 45.982 1 1 0 0 0 0
1.0000e+04 0 -1 0 53.3857 1 1 0 0 0 0
1.1220e+04 0 -1 0 77.2806 1 1 0 0 0 0
1.2589e+04 0 -1 0 43.6535 1 1 0 0 0 0
1.4125e+04 0 -1 0 69.9133 1 1 0 0 0 0
1.5849e+04 0 -1 0 63.2909 1 1 0 0 0 0
1.7783e+04 0 -1 0 99.5333 1 1 0 0 0 0
1.9953e+04 0 -1 0 63.3695 1 1 0 0 0 0
2.2387e+04 0 -1 0 110.331 1 1 0 0 0 0
2.5119e+04 0 -1 0 77.7023 1 1 0 0 0 0
2.8184e+04 0 -1 0 81.4873 1 1 0 0 0 0
3.1623e+04 0 -1 0 113.807 1 1 0 0 0 0
3.5481e+04 0 -1 0 88.3172 1 1 0 0 0 0
3.9811e+04 0 -1 0 127.185 1 1 0 0 0 0
4.4668e+04 0 -1 0 105.113 1 1 0 0 0 0
5.0119e+04 0 -1 0 95.3035 1 1 0 0 0 0
5.6234e+04 0 -1 0 173.493 1 1 0 0 0 0
6.3096e+04 0 -1 0 160.927 1 1 0 0 0 0
7.0795e+04 0 -1 0 140.33 1 1 0 0 0 0
7.9433e+04 0 -1 0 162.501 1 1 0 0 0 0
8.9125e+04 0 -1 0 149.866 1 1 0 0 0 0
1.0000e+05 0 -1 0 156.273 1 1 0 0 0 0
1.1220e+05 0 -1 0 176.27 1 1 0 0 0 0
1.2589e+05 0 -1 0 134.515 1 1 0 0 0 0
1.4125e+05 0 -1 0 223.905 1 1 0 0 0 0
1.5849e+05 0 -1 0 261.295 1 1 0 0 0 0
1.7783e+05 0 -1 0 208.505 1 1 0 0 0 0
1.9953e+05 0 -1 0 207.794 1 1 0 0 0 0
2.2387e+05 0 -1 0 278.055 1 1 0 0 0 0
2.5119e+05 0 -1 0 189.938 1 1 0 0 0 0
2.8184e+05 0 -1 0 391.324 1 1 0 0 0 0
3.1623e+05 0 -1 0 347.428 1 1 0 0 0 0
3.5481e+05 0 -1 0 405.519 1 1 0 0 0 0
3.9811e+05 0 -1 0 356.638 1 1 0 0 0 0
4.4668e+05 0 -1 0 434.432 1 1 0 0 0 0
5.0119e+05 0 -1 0 327.727 1 1 0 0 0 0
5.6234e+05 0 -1 0 442.16 1 1 0 0 0 0
6.3096e+05 0 -1 0 398.941 1 1 0 0 0 0
7.0795e+05 0 -1 0 416.14 1 1 0 0 0 0
7.9433e+05 0 -1 0 417.081 1 1 0 0 0 0
8.9125e+05 0 -1 0 512.115 1 1 0 0 0 0
1.0000e+06 0 -1 0 666.979 1 1 0 0 0 0
1.1220e+06 0 -1 0 672.521 1 1 0 0 0 0
1.2589e+06 0 -1 0 418.516 1 1 0 0 0 0
1.4125e+06 0 -1 0 730.354 1 1 0 0 0 0
1.5849e+06 0 -1 0 706.391 1 1 0 0 0 0
1.7783e+06 0 -1 0 645.58 1 1 0 0 0 0
1.9953e+06 0 -1 0 673.551 1 1 0 0 0 0
2.2387e+06 0 -1 0 791.431 1 1 0 0 0 0
2.5119e+06 0 -1 0 648.948 1 1 0 0 0 0
2.8184e+06 0 -1 0 910.113 1 1 0 0 0 0
3.1623e+06 0 -1 0 1253.92 1 1 0 0 0 0
3.5481e+06 0 -1 0 1171.29 1 1 0 0 0 0
3.9811e+06 0 -1 0 1247.37 1 1 0 0 0 0
4.4668e+06 0 -1 0 1279.01 1 1 0 0 0 0
5.0119e+06 0 -1 0 1117.76 1 1 0 0 0 0
5.6234e+06 0 -1 0 1221.72 1 1 0 0 0 0
6.3096e+06 0 -1 0 1395.47 1 1 0 0 0 0
7.0795e+06 0 -1 0 1525.91 1 1 0 0 0 0
7.9433e+06 0 -1 0 1473.18 1 1 0 0 0 0
8.9125e+06 0 -1 0 1583.05 1 1 0 0 0 0
1.0000e+07 0 -1 0 1461.6 1 1 0 0 0 0
