# s7gen num=3 den=2 rho=1.5 X=10000000 variant=0 label=c3_2
# n=9 N=15 E=2.0000 supE=2.5000 infE=-1.5000 Mg=3 psi-x=-0.70 Tt=1.5750 W=-0.0750 gp=3 maxa=4@8
# n=99 N=161 E=13.0000 supE=14.5000 infE=-5.0000 Mg=8 psi-x=-0.75 Tt=10.5765 W=1.9235 gp=13 maxa=10@82
# n=999 N=1591 E=93.0000 supE=103.5000 infE=-18.0000 Mg=11 psi-x=-63.36 Tt=45.6172 W=46.8828 gp=39 maxa=28@968
# n=9999 N=15428 E=430.0000 supE=467.5000 infE=-32.5000 Mg=86 psi-x=-457.99 Tt=247.9007 W=181.5993 gp=164 maxa=72@6472
# n=99999 N=151868 E=1870.0000 supE=2065.5000 infE=-60.0000 Mg=688 psi-x=-717.91 Tt=1285.8715 W=583.6285 gp=957 maxa=180@66338
# n=999999 N=1514235 E=14237.0000 supE=14958.5000 infE=-94.0000 Mg=6776 psi-x=-4208.96 Tt=10896.1003 W=3340.3997 gp=5826 maxa=504@783112
# n=9999999 N=15107607 E=107609.0000 supE=107635.5000 infE=-156.0000 Mg=52648 psi-x=-18674.79 Tt=84538.9446 W=23069.5554 gp=38217 maxa=1260@8026898
# n=10000000 N=15107607 E=107607.5000 supE=107635.5000 infE=-156.0000 Mg=52648 psi-x=-18675.79 Tt=84538.9530 W=23068.0470 gp=38217 maxa=1260@8026898
# summary: X=10000000 N(X)=15107607 g-prime sites=38217 total mult=663518 max a_n=1260 at n=8026898  #(a_n>d(n))=279546  max a_n/d(n)=144.0000 sat=0
# summary: supE=107635.500000 infE=-156.000000 sup|Mg|=53037 Mg(X)=52648 S1(X)-rho=8.453895e-03 psi(X)-X=-18675.7865
# primes by decade: dec  m=0 m=1 m=2 m=3 m=4 m=5 m>=6 | higher powers p^k (k>=2): m=0 m=1 m=2 m=3 m=4 m=5 m>=6
D 0 1 2 1 0 0 0 0 | 3 0 0 0 0 0 0
D 1 13 3 0 4 0 1 0 | 5 2 0 0 0 0 0
D 2 118 2 2 9 1 3 8 | 14 0 0 0 0 0 1
D 3 939 5 6 25 4 6 76 | 23 0 0 1 0 0 2
D 4 7573 23 17 155 14 10 571 | 54 1 0 0 0 1 1
D 5 64044 63 65 704 52 55 3923 | 121 0 0 1 0 0 6
D 6 553705 202 220 3636 196 211 27911 | 304 0 0 3 0 0 12
# bin_lo Emax Emin Erms sup|psi-x| Mgmax Mgmin sup|Tt| sup|W| Ttrms Wrms
1.9953e+00 0.5 -1 0.5 1.61371 2 2 0 0 0 0
2.8184e+00 0 -1.5 0 1.51509 2 2 0 0.5 0 0.5
3.9811e+00 1.5 0 1.5 1.1288 3 3 1 0 1 0
4.4668e+00 0 -1.5 0 2.1288 2 2 0.25 0.75 0.25 0.75
5.6234e+00 0.5 -1 0.5 3.1288 2 2 0.3 0.3 0.3 0.3
6.3096e+00 0 -1.5 0 2.18289 2 2 0.35 0.85 0.35 0.85
7.9433e+00 2.5 1 2.5 1.79659 3 3 1.4 0.6 1.4 0.6
8.9125e+00 2 0.5 2 1.69798 3 3 1.575 0.075 1.575 0.075
1.0000e+01 0.5 -1.5 0.353553 2.69798 2 2 0.825 1.325 0.788392 1.0766
1.1220e+01 1.5 0 1.5 2.30009 2 2 0.9 0.1 0.9 0.1
1.2589e+01 0.5 -1.5 0.353553 4.30009 1 1 0.0269231 0.475 0.0259793 0.336415
1.4125e+01 -1 -2.5 1 5.30009 1 1 0.0288462 1.47115 0.0288462 1.47115
1.5849e+01 2.5 -0.5 1.90394 5.91379 2 1 0.969231 1.03077 0.685674 0.801114
1.7783e+01 1.5 -1.5 1.06066 7.91379 1 0 0.966686 0.968439 0.683914 0.760154
1.9953e+01 -1.5 -3.5 1.68325 10.9138 -1 -1 2.21932 0.381558 2.12004 0.254294
2.2387e+01 2.5 -1.5 1.55456 4.50731 1 1 0.348042 2.33412 0.334313 1.43755
2.5119e+01 1.5 -2 0.912871 5.50731 1 0 1.36196 1.42969 0.858538 0.852912
2.8184e+01 0 -3 0.866025 5.1891 2 0 1.49487 0.955303 1.22883 0.828827
3.1623e+01 4.5 -0.5 3.29773 5.5754 3 2 1.51593 2.53001 1.13017 1.76152
3.5481e+01 2.5 -3.5 1.69558 2.4246 2 0 1.43588 1.40508 1.06349 1.0069
3.9811e+01 1.5 -5 1.71756 16.9045 3 -1 2.4727 2.03697 1.75222 1.6079
4.4668e+01 6.5 -1.5 4.61429 14.9045 5 3 3.64421 3.21863 2.81296 1.96964
5.0119e+01 3.5 -1.5 2.26385 10.8504 4 2 2.95521 1.61008 2.13123 1.07739
5.6234e+01 4.5 -3 2.47126 17.2605 6 2 5.42863 3.78855 3.34385 2.25431
6.3096e+01 9.5 4 7.4162 15.6468 8 6 7.73377 2.48521 6.72616 1.11972
7.0795e+01 6.5 -3 3.3665 13.7552 5 2 5.2893 5.11431 3.92618 2.79449
7.9433e+01 8.5 -3 6.76942 17.2482 8 3 9.39414 5.67271 8.07463 3.05949
8.9125e+01 14.5 2.5 11.4466 8.24822 9 7 11.2457 5.19192 10.3167 2.61429
1.0000e+02 11.5 -0.5 6.08118 14.7518 8 3 10.6834 6.03941 8.01659 3.71308
1.1220e+02 15.5 -7 6.76814 22.7518 9 -1 13.2702 9.4103 7.80058 5.77689
1.2589e+02 19.5 8.5 14.7224 11.1928 10 4 14.793 5.41923 12.4428 2.43049
1.4125e+02 10.5 -6 5.56908 26.1928 4 -3 10.646 9.09123 7.76737 5.53751
1.5849e+02 19.5 0 13.0147 16.8554 7 3 14.117 8.78071 12.4353 4.16886
1.7783e+02 20.5 4 15.5311 38.8554 5 0 13.896 6.96293 11.9064 4.60171
1.9953e+02 13.5 -7.5 5.85591 61.8554 0 -10 9.54029 7.34239 4.71085 3.32345
2.2387e+02 37.5 -5 16.6985 34.435 14 -6 25.1934 13.9166 15.1023 8.66469
2.5119e+02 40.5 16.5 30.2659 24.5336 13 3 25.2424 15.2297 22.3608 8.20353
2.8184e+02 21.5 -3 12.0457 29.0801 3 -9 17.3129 10.6835 12.897 5.29355
3.1623e+02 33.5 7.5 20.5514 29.2225 5 -2 21.06 12.0676 18.1685 4.81216
3.5481e+02 30.5 2 18.6356 73.2225 -1 -15 16.4179 13.9111 13.2041 7.78004
3.9811e+02 11.5 -12 5.54151 83.2225 0 -21 19.5238 16.9934 8.54481 8.26792
4.4668e+02 65.5 -0.5 30.7002 54.1638 11 -8 32.7423 32.3892 22.07 14.3467
5.0119e+02 61.5 20.5 44.2776 51.0434 9 -7 31.3041 30.401 26.1602 18.2205
5.6234e+02 25.5 -9 12.814 87.0434 -3 -25 23.3104 13.5262 12.9229 7.66303
6.3096e+02 42.5 8.5 24.3589 55.004 -1 -17 26.3233 15.7568 20.6048 6.43843
7.0795e+02 43.5 -4 22.3422 137.61 -14 -46 16.4758 31.7161 10.525 14.9768
7.9433e+02 40 -18 16.6974 139.61 -3 -47 27.394 17.5415 17.9343 9.19129
8.9125e+02 103.5 6.5 53.8557 64.3598 14 -12 48.4742 55.7175 34.0136 23.0749
1.0000e+03 91.5 6.5 54.498 185.973 11 -30 45.7998 45.3372 30.8415 24.471
1.1220e+03 48 -12 12.7893 225.973 -1 -43 38.5464 26.255 18.5399 12.9607
1.2589e+03 78.5 23.5 52.9642 88.6323 8 -15 48.1309 35.6947 38.1651 16.9055
1.4125e+03 60.5 -12 30.5188 198.97 -7 -51 37.2797 35.5587 21.2178 13.5288
1.5849e+03 99.5 -6.5 53.247 156.785 13 -39 63.0755 37.2118 47.3913 14.2984
1.7783e+03 144.5 41 94.2267 203.886 24 2 82.74 62.5903 67.8898 30.5941
1.9953e+03 126.5 -21 62.4487 377.821 21 -62 79.9036 46.0964 42.9759 21.4316
2.2387e+03 92.5 -18 41.1877 294.902 20 -63 88.7571 60.2584 57.0167 33.0223
2.5119e+03 158.5 47 116.251 234.079 34 -17 104.165 63.9883 85.1203 33.9556
2.8184e+03 82.5 -23 43.6636 464.079 -6 -90 73.4677 35.6455 40.8083 16.5462
3.1623e+03 126.5 -8.5 72.8299 421.559 1 -62 86.6615 47.9744 63.795 20.043
3.5481e+03 159.5 43.5 106.293 842.226 -26 -46 67.0557 94.4369 57.6547 51.7955
3.9811e+03 111.5 -29 39.1643 985.84 -42 -140 54.9127 60.3805 31.7347 33.2874
4.4668e+03 234.5 -16.5 108.985 523.959 40 -84 147.623 91.7485 93.1217 48.6945
5.0119e+03 316.5 67.5 220.673 449.041 60 -42 171.729 157.107 137.973 86.2955
5.6234e+03 123.5 -30 50.0303 806.041 -37 -170 86.61 65.7051 48.3147 32.2644
6.3096e+03 186 -15 107.693 402.039 -8 -86 123.835 80.0949 98.1452 39.1103
7.0795e+03 190.5 2.5 104.914 1216.7 -76 -177 63.7395 140.346 43.3986 67.5465
7.9433e+03 109.5 -32.5 44.357 1247.73 -52 -215 91.2915 67.7968 59.3511 27.6824
8.9125e+03 467.5 -16.5 221.866 474.009 87 -126 248.851 225.63 140.764 95.7705
1.0000e+04 521.5 -18 315.874 1571.99 101 -163 270.052 265.654 177.229 139.897
1.1220e+04 98.5 -30 34.9151 1447.92 -28 -220 155.591 130.005 87.1181 64.3665
1.2589e+04 284.5 0.5 198.945 979.689 -15 -149 181.807 142.948 136.607 77.0306
1.4125e+04 177.5 -48 91.0865 2171.52 -127 -321 115.923 140.385 56.843 65.9059
1.5849e+04 201.5 -39 90.4629 1216.32 -83 -220 125.52 102.816 83.2192 35.6734
1.7783e+04 768.5 -24 413.371 1876.81 149 -141 388.666 391.819 265.313 165.573
1.9953e+04 740.5 -38 360.027 3242.81 128 -309 371.334 386.433 181.489 192.525
2.2387e+04 231 -39.5 86.7212 2377.98 -36 -232 227.926 186.975 148.59 92.5039
2.5119e+04 543.5 134.5 362.347 1955.87 -22 -203 258.353 289.755 211.079 156.932
2.8184e+04 231.5 -38 64.1688 2780.4 -157 -454 153.672 185.939 79.6564 68.7937
3.1623e+04 284.5 -34 121.413 1279.04 -100 -282 202.8 138.533 124.54 44.4423
3.5481e+04 981 -20.5 621.591 4951.87 135 -199 467.452 581.789 338.013 298.173
3.9811e+04 870.5 -45 284.721 6341.87 -15 -569 333.812 548.164 156.065 244.163
4.4668e+04 742.5 -27 298.984 3978.28 75 -238 458.465 292.852 265.305 154.95
5.0119e+04 1101 125.5 743.485 5424.51 271 -287 683.745 465.19 525.094 248.367
5.6234e+04 253.5 -45 72.7862 5860.51 -62 -686 383.108 340.469 139.156 142.134
6.3096e+04 713.5 -24 359.34 4141.85 76 -263 543.872 380.9 398.827 177.498
7.0795e+04 1074.5 32.5 650.254 11528.2 -21 -915 495.125 632.485 331.781 369.502
7.9433e+04 267.5 -60 91.459 11782.4 -112 -1045 523.1 654.944 273.996 234.303
8.9125e+04 2065.5 -26.5 885.422 7911.97 738 -431 1333 733.288 649.36 277.476
1.0000e+05 2264.5 -39 1379.53 11467.9 888 -943 1506.45 783.53 1018.44 393.798
1.1220e+05 628.5 -59 119.694 12676.9 204 -871 931.077 763.149 429.002 367.662
1.2589e+05 1774.5 322.5 1065.22 11014.9 373 -311 1137.66 692.282 899.106 286.206
1.4125e+05 1216 -69 589.97 16731.7 -34 -1470 807.534 740.155 505.325 314.261
1.5849e+05 791 -61 230.086 13669.6 82 -915 972.9 687.997 496.407 329.915
1.7783e+05 3970.5 -7.5 2148.22 13993.7 1312 -584 2360.64 1646.41 1527.56 723.028
1.9953e+05 4171.5 -74 1926.54 27131.6 1333 -1607 2393.94 1782.58 1176.77 831.113
2.2387e+05 2022.5 -57 577.79 28120.8 512 -950 1777.5 1520.76 1106.15 784.548
2.5119e+05 4052.5 984 2810.19 16938.8 1163 148 2554.18 1498.9 2137.45 835.89
2.8184e+05 1588 -87 579.049 27349.8 334 -2309 1855.37 923.612 790.536 400.128
3.1623e+05 1968.5 -69 708.038 21127.5 342 -1353 1986.84 1241.74 1250.42 695.297
3.5481e+05 6056.5 243 3701.24 44821.9 1238 -562 3096.65 3062.58 2338.37 1599.11
3.9811e+05 4908.5 -81 1572.03 57210.9 552 -3237 2494.21 2609.21 990.046 1240.27
4.4668e+05 5087.5 -78 1930.35 46310 1410 -1153 3644.63 1954.81 2115.53 1218.93
5.0119e+05 9002 588 6336.25 44967.7 3364 -1336 5858.71 3438.63 4675.06 1885.61
5.6234e+05 1364.5 -69 301.336 55847 -663 -3694 2131.47 2062.05 876.64 830.384
6.3096e+05 5210.5 -61.5 2665.05 52444 1067 -849 4117.38 2533.6 3241.96 1390.39
7.0795e+05 7205.5 531 4735.61 100629 1090 -5722 4410.02 3624.28 3108.22 2047.26
7.9433e+05 882.5 -84 204.536 102679 -531 -6917 3451.7 3775.16 1855.76 1791.13
8.9125e+05 14958.5 -94 6752.19 75270.5 7108 -2431 11173.1 3850.58 5778.42 1841.01
1.0000e+06 19391.5 -73.5 12308 110124 8472 -5636 12807.3 6691.45 8757.5 3600.85
1.1220e+06 1706 -117 347.977 114800 642 -5047 5808.91 5625.26 3194.86 2957.39
1.2589e+06 10027 1237 6517.04 88284.7 876 -1802 6522.41 4357.49 5459.53 2292.99
1.4125e+06 7808.5 -105 4384.27 192746 273 -11197 6313.11 5367.35 4296.89 2454.1
1.5849e+06 1763 -116 488.594 146401 -1446 -7157 4938.65 4314.91 3254.85 2878.17
1.7783e+06 32884.5 -80 17657.9 110410 13356 -3422 20988.5 12060.6 13298.1 5289.41
1.9953e+06 32432.5 -87 18057.6 256053 12385 -12765 20151.1 12917.5 10843.6 7678.88
2.2387e+06 4994.5 -99 1711.5 246330 1225 -6963 10240.1 10016.7 6774.31 5886.28
2.5119e+06 23086.5 4422.5 16358 175768 6022 -2740 16107.7 7059.4 13295.7 4023.38
2.8184e+06 9878 -126 3695.4 318206 1776 -17051 12628.5 6393.44 5683.3 3515.2
3.1623e+06 7770.5 -111 3770.92 281303 -205 -10025 11311.7 8183.09 8504.83 5424.9
3.5481e+06 46029.5 4094 32118.5 390813 14337 -3559 27936.4 19330.9 21693 11483.8
3.9811e+06 43247.5 -144 15942.5 558122 10487 -27889 24691.5 20491.3 9334.57 11453.4
4.4668e+06 29601.5 -123 10141.7 432167 8685 -8709 24913.8 15098.6 13473.2 9294.8
5.0119e+06 56981 8695.5 42019.4 446843 24277 -8054 42064.3 15564.8 34474.3 8726.08
5.6234e+06 10357.5 -141 2389.2 545048 -5954 -28529 14130.2 13998.8 6205.22 5782.75
6.3096e+06 32084.5 -93 20789.4 605728 8851 -6656 30809.9 21694 26276 11385.4
7.0795e+06 63341.5 25311 47143.9 930806 18469 -28895 43670.4 29029.5 34402.6 15230.3
7.9433e+06 26064.5 -156 4511.51 1.023e+06 -2125 -50749 25521.1 29011.3 15878 16855.7
8.9125e+06 107636 -99 47331.9 828216 53037 -15741 84882.7 24005.7 43776.9 14765.4
1.0000e+07 107608 107606 107608 18676.8 52648 52648 84539 23068 84539 23068
