crosscheck.py  mpmath 1.3.0  backend python

(X1) Xi boxes vs mpmath ordinary functions (mp.prec = 400)
  Xi(3144.8946 + 0 i): box [1.4923145335789e-1066, 1.4923145335789e-1066] + i[-5.7851593075283e-1121, 4.1442933462314e-1121] ; mpmath (1.4923145335789e-1066 + 4.8704497972007e-1185j) ; contained: True
  Xi(3144.8947 + 0 i): box [1.4925973971929e-1066, 1.4925973971929e-1066] + i[-5.9049126568343e-1121, 4.0353145482537e-1121] ; mpmath (1.4925973971929e-1066 + 4.8996844183035e-1185j) ; contained: True
  Xi(3145.5998 + 0 i): box [1.4924096131601e-1066, 1.4924096131601e-1066] + i[-5.0177821641723e-1121, 3.6979005048633e-1121] ; mpmath (1.4924096131601e-1066 + 4.8190636193544e-1185j) ; contained: True
  Xi(3145.5999 + 0 i): box [1.492181696053e-1066, 1.492181696053e-1066] + i[-4.9077000858695e-1121, 3.65460553618e-1121] ; mpmath (1.492181696053e-1066 + 4.8573115235183e-1185j) ; contained: True
  Xi(3143.2206824215 + 0.3152587994 i): box [1.4929508730897e-1066, 1.4929508730897e-1066] + i[-8.6698324650786e-1071, -8.6698324650786e-1071] ; mpmath (1.4929508730897e-1066 - 8.6698324650786e-1071j) ; contained: True

(X2) h(w) at X = 784 pi, w in {s/2+2, (1-s)/2+2, s/2+1, (1-s)/2+1}, s = 1/2 + i c
  ibp (200 bits, 0.1 s): [6.15611133427e-1074, 6.15611133427e-1074] + i[3.92919530305e-1074, 3.92919530305e-1074]; [6.15644345724e-1074, 6.15644345724e-1074] + i[-3.92991031652e-1074, -3.92991031652e-1074]; [6.15505769243e-1074, 6.15505769243e-1074] + i[3.92692839823e-1074, 3.92692839823e-1074]; [6.15538988666e-1074, 6.15538988666e-1074] + i[-3.92764287683e-1074, -3.92764287683e-1074]
  lower (1400 bits, 1.8 s): [-1.00034214067e-968, 1.00034214067e-968] + i[-1.00034214067e-968, 1.00034214067e-968]; [-8.6592694858e-969, 8.6592694858e-969] + i[-8.6592694858e-969, 8.6592694858e-969]; [-1.59421728482e-968, 1.59421728482e-968] + i[-1.59421728482e-968, 1.59421728482e-968]; [-1.36926288079e-968, 1.36926288079e-968] + i[-1.36926288079e-968, 1.36926288079e-968]
  overlap of the two routes for all four w: True
  relative radius of the lower-series boxes: 1.37e+105, 1.19e+105, 2.18e+105, 1.88e+105

(X3) literal sum (13) at 4400 bits vs tail route at 200 bits
  Xi_27(3144.8946): literal [-1.760194631277516e-1070, -1.760194631277516e-1070] + i[-1.803157788321155e-1171, 1.803157788321155e-1171]  (165 s)
  Xi_27(3144.8946): tail    [-1.760194631277516e-1070, -1.760194631277516e-1070] + i[-5.83302468037792e-1121, 4.192158719081025e-1121] ;  overlap True ; same strict sign True
  Xi_27(3144.8947): literal [1.068716492261707e-1070, 1.068716492261707e-1070] + i[-1.80298608755623e-1171, 1.80298608755623e-1171]  (166 s)
  Xi_27(3144.8947): tail    [1.068716492261707e-1070, 1.068716492261707e-1070] + i[-5.952757701986719e-1121, 4.083159593406128e-1121] ;  overlap True ; same strict sign True
  Xi_27(3145.5998): literal [1.129756942916642e-1070, 1.129756942916642e-1070] + i[-1.050097873795904e-1171, 1.050097873795904e-1171]  (167 s)
  Xi_27(3145.5998): tail    [1.129756942916642e-1070, 1.129756942916642e-1070] + i[-5.06630860190411e-1121, 3.746426942595045e-1121] ;  overlap True ; same strict sign True
  Xi_27(3145.5999): literal [-1.149139153627783e-1070, -1.149139153627783e-1070] + i[-1.050060918056575e-1171, 1.050060918056575e-1171]  (167 s)
  Xi_27(3145.5999): tail    [-1.149139153627783e-1070, -1.149139153627783e-1070] + i[-4.956236696734706e-1121, 3.703142147045194e-1121] ;  overlap True ; same strict sign True

total 670 s
