# r06 X=10000000: boxes with nonzero winding number (sigma range, t range, count, max phase step, min|F| on contour)
box [0.55,0.60] x [10,20]: +1.000  (max step 0.97 rad, min|F| 0.0305)
box [0.55,0.60] x [20,30]: +1.000  (max step 1.38 rad, min|F| 0.0147)
box [0.55,0.60] x [30,40]: +1.000  (max step 2.62 rad, min|F| 0.0297)
box [0.55,0.60] x [40,50]: +2.000  (max step 2.29 rad, min|F| 0.0209)
box [0.55,0.60] x [60,70]: +2.000  (max step 2.48 rad, min|F| 0.0231)
box [0.55,0.60] x [70,80]: +1.000  (max step 2.64 rad, min|F| 0.038)
box [0.55,0.60] x [80,90]: +2.000  (max step 2.12 rad, min|F| 0.019)
box [0.60,0.65] x [30,40]: +2.000  (max step 2.58 rad, min|F| 0.0163)
box [0.60,0.65] x [40,50]: +2.000  (max step 1.51 rad, min|F| 0.0415)
box [0.60,0.65] x [50,60]: +1.000  (max step 1.36 rad, min|F| 0.0483)
box [0.60,0.65] x [60,70]: +1.000  (max step 2.48 rad, min|F| 0.0231)
box [0.60,0.65] x [70,80]: +3.000  (max step 2.64 rad, min|F| 0.038)
box [0.60,0.65] x [80,90]: +1.000  (max step 2.24 rad, min|F| 0.0316)
box [0.60,0.65] x [90,100]: +3.000  (max step 2.95 rad, min|F| 0.0314)
box [0.65,0.70] x [40,50]: +1.000  (max step 1.20 rad, min|F| 0.0415)
box [0.65,0.70] x [50,60]: +1.000  (max step 1.20 rad, min|F| 0.0483)
box [0.65,0.70] x [80,90]: +2.000  (max step 2.24 rad, min|F| 0.0316)
box [0.80,0.85] x [10,20]: +1.000  (max step 1.13 rad, min|F| 0.0859)
box [0.80,0.85] x [20,30]: +1.000  (max step 1.59 rad, min|F| 0.0239)
strip [0.55,0.60] x [0.1,100]: +10.000  (max phase step on its box contours 2.68 rad, min|F| 0.0147)
strip [0.60,0.65] x [0.1,100]: +13.000  (max phase step on its box contours 2.95 rad, min|F| 0.0147)
strip [0.65,0.70] x [0.1,100]: +4.000  (max phase step on its box contours 2.95 rad, min|F| 0.0163)
strip [0.70,0.75] x [0.1,100]: -0.000  (max phase step on its box contours 0.71 rad, min|F| 0.107)
strip [0.75,0.80] x [0.1,100]: -0.000  (max phase step on its box contours 1.59 rad, min|F| 0.0239)
strip [0.80,0.85] x [0.1,100]: +2.000  (max phase step on its box contours 1.59 rad, min|F| 0.0239)
strip [0.85,0.90] x [0.1,100]: -0.000  (max phase step on its box contours 0.76 rad, min|F| 0.1)
strip [0.90,0.95] x [0.1,100]: -0.000  (max phase step on its box contours 0.27 rad, min|F| 0.23)
strip [0.95,1.00] x [0.1,100]: +0.000  (max phase step on its box contours 0.15 rad, min|F| 0.34)
strip [1.00,1.10] x [0.1,100]: -0.000  (max phase step on its box contours 0.10 rad, min|F| 0.431)
total zeros in [0.55,1.10] x [0.1,100]: +29.000; largest phase step on any contour 2.95 rad
# local minima of |F| < 0.1 on the vertical lines (sigma, t, |F|)
  0.55 14.325 0.0666
  0.55 30.900 0.0297
  0.55 33.075 0.0742
  0.55 39.850 0.0365
  0.55 49.950 0.0209
  0.55 67.100 0.0572
  0.55 69.550 0.0994
  0.55 79.025 0.0606
  0.55 79.500 0.0707
  0.55 87.575 0.0220
  0.55 88.950 0.0190
  0.55 95.050 0.0705
  0.55 97.875 0.0674
  0.60 14.325 0.0305
  0.60 21.325 0.0147
  0.60 33.075 0.0833
  0.60 37.275 0.0847
  0.60 41.025 0.0705
  0.60 42.750 0.0663
  0.60 47.725 0.0535
  0.60 49.950 0.1000
  0.60 59.500 0.0494
  0.60 68.975 0.0348
  0.60 69.550 0.0231
  0.60 75.000 0.0972
  0.60 77.225 0.0380
  0.60 79.025 0.0762
  0.60 91.250 0.0604
  0.65 30.350 0.0163
  0.65 41.025 0.0415
  0.65 56.575 0.0483
  0.65 59.525 0.0767
  0.65 69.550 0.0973
  0.65 75.650 0.0668
  0.65 82.775 0.0316
  0.65 84.325 0.0902
  0.65 84.950 0.0845
  0.65 92.300 0.0314
  0.65 94.625 0.0327
  0.80 11.100 0.0859
  0.80 20.250 0.0239
