== A: greedy, thresholds, pi/16, X=1e7 and 1e8
x=1e+05 supE=6.8801 supE/log2=0.05191
x=1e+06 supE=9.6362 supE/log2=0.05049
x=1e+07 supE=12.8385 supE/log2=0.04942
EXC supTop=12.8385 at x=9.7011e+06 rise_from_last_prime=95.04 (0.366 log^2X) gap=213.90 (0.823 log^2X)
LEMMA_M L=4187.4 (1.00 log^3 X) windows=3264 min_pi(W)log/L=0.8126 mean=0.9598
RESULT rule=greedy tau=0.5 W=0 K=1 J=0 N=1963496 pi=633514 comp=1329981 supE=12.8385 supE/log2X=0.04942 infE(x-)=-0.500000 maxgap=336.14
x=1e+05 supE=6.8506 supE/log2=0.05168
x=1e+06 supE=9.6076 supE/log2=0.05034
x=1e+07 supE=11.4528 supE/log2=0.04408
EXC supTop=11.4528 at x=9.77638e+06 rise_from_last_prime=88.09 (0.339 log^2X) gap=188.44 (0.725 log^2X)
LEMMA_M L=4187.4 (1.00 log^3 X) windows=3264 min_pi(W)log/L=0.7815 mean=0.9176
RESULT rule=greedy tau=0.25 W=0 K=1 J=0 N=1963497 pi=603557 comp=1359939 supE=11.4528 supE/log2X=0.04408 infE(x-)=-0.250000 maxgap=285.21
x=1e+05 supE=5.9517 supE/log2=0.04490
x=1e+06 supE=7.2017 supE/log2=0.03773
x=1e+07 supE=9.2222 supE/log2=0.03550
EXC supTop=9.2222 at x=3.81422e+06 rise_from_last_prime=135.87 (0.523 log^2X) gap=229.18 (0.882 log^2X)
LEMMA_M L=4187.4 (1.00 log^3 X) windows=3264 min_pi(W)log/L=0.6446 mean=0.7462
RESULT rule=greedy tau=0.1 W=0 K=1 J=0 N=1963497 pi=486012 comp=1477484 supE=9.2222 supE/log2X=0.03550 infE(x-)=-0.100000 maxgap=244.46
x=1e+05 supE=30.7203 supE/log2=0.23177
x=1e+06 supE=30.7203 supE/log2=0.16095
x=1e+07 supE=30.7203 supE/log2=0.11825
EXC supTop=10.2977 at x=8.01341e+06 rise_from_last_prime=23.85 (0.092 log^2X) gap=122.23 (0.470 log^2X)
LEMMA_M L=4187.4 (1.00 log^3 X) windows=3264 min_pi(W)log/L=0.2337 mean=0.2689
RESULT rule=greedy tau=0.02 W=0 K=1 J=0 N=1963497 pi=172709 comp=1790787 supE=30.7203 supE/log2X=0.11825 infE(x-)=-0.020000 maxgap=315.76
x=1e+05 supE=6.8801 supE/log2=0.05191
x=1e+06 supE=9.6362 supE/log2=0.05049
x=1e+07 supE=12.8385 supE/log2=0.04942
x=1e+08 supE=16.3639 supE/log2=0.04823
EXC supTop=16.3639 at x=8.41071e+07 rise_from_last_prime=209.50 (0.617 log^2X) gap=514.39 (1.516 log^2X)
LEMMA_M L=6250.5 (1.00 log^3 X) windows=21877 min_pi(W)log/L=0.7681 mean=0.9747
RESULT rule=greedy tau=0.5 W=0 K=1 J=0 N=19634955 pi=5593120 comp=14041834 supE=16.3639 supE/log2X=0.04823 infE(x-)=-0.500000 maxgap=539.85
x=1e+05 supE=6.8506 supE/log2=0.05168
x=1e+06 supE=9.6076 supE/log2=0.05034
x=1e+07 supE=11.4528 supE/log2=0.04408
x=1e+08 supE=14.9272 supE/log2=0.04399
EXC supTop=14.9272 at x=4.14234e+07 rise_from_last_prime=60.21 (0.177 log^2X) gap=254.65 (0.750 log^2X)
LEMMA_M L=6250.5 (1.00 log^3 X) windows=21877 min_pi(W)log/L=0.7669 mean=0.9431
RESULT rule=greedy tau=0.25 W=0 K=1 J=0 N=19634956 pi=5395578 comp=14239377 supE=14.9272 supE/log2X=0.04399 infE(x-)=-0.250000 maxgap=529.67
x=1e+05 supE=5.9517 supE/log2=0.04490
x=1e+06 supE=7.2017 supE/log2=0.03773
x=1e+07 supE=9.2222 supE/log2=0.03550
x=1e+08 supE=12.3126 supE/log2=0.03629
EXC supTop=12.3126 at x=4.46094e+07 rise_from_last_prime=53.92 (0.159 log^2X) gap=162.97 (0.480 log^2X)
LEMMA_M L=6250.5 (1.00 log^3 X) windows=21877 min_pi(W)log/L=0.6767 mean=0.7926
RESULT rule=greedy tau=0.1 W=0 K=1 J=0 N=19634956 pi=4497052 comp=15137903 supE=12.3126 supE/log2X=0.03629 infE(x-)=-0.100000 maxgap=392.16
x=1e+05 supE=30.7203 supE/log2=0.23177
x=1e+06 supE=30.7203 supE/log2=0.16095
x=1e+07 supE=30.7203 supE/log2=0.11825
x=1e+08 supE=30.7203 supE/log2=0.09053
EXC supTop=13.6745 at x=3.57309e+07 rise_from_last_prime=32.11 (0.095 log^2X) gap=122.23 (0.360 log^2X)
LEMMA_M L=6250.5 (1.00 log^3 X) windows=21877 min_pi(W)log/L=0.2525 mean=0.3019
RESULT rule=greedy tau=0.02 W=0 K=1 J=0 N=19634957 pi=1689963 comp=17944993 supE=30.7203 supE/log2X=0.09053 infE(x-)=-0.020000 maxgap=392.16
== B: deterministic early placement (W = offset), pi/16, X=1e7
RESULT rule=early tau=0.5 W=1 K=1 J=0 N=1963500 pi=630153 comp=1333346 supE=52.2585 supE/log2X=0.20115 infE(x-)=-0.500000 maxgap=641.71
RESULT rule=early tau=0.5 W=2.5 K=1 J=0 N=1963497 pi=624140 comp=1339356 supE=11.2688 supE/log2X=0.04338 infE(x-)=-0.499995 maxgap=336.14
RESULT rule=early tau=0.5 W=5 K=1 J=0 N=1963496 pi=599466 comp=1364029 supE=10.2306 supE/log2X=0.03938 infE(x-)=-0.499995 maxgap=295.39
RESULT rule=early tau=0.5 W=10 K=1 J=0 N=1963500 pi=590371 comp=1373128 supE=15.6515 supE/log2X=0.06025 infE(x-)=-0.499997 maxgap=310.67
RESULT rule=early tau=0.5 W=20 K=1 J=0 N=1963499 pi=567705 comp=1395793 supE=52.4424 supE/log2X=0.20186 infE(x-)=-0.499971 maxgap=402.34
RESULT rule=early tau=0.5 W=100 K=1 J=0 N=1963497 pi=510624 comp=1452872 supE=5852.1823 supE/log2X=22.52633 infE(x-)=-0.499979 maxgap=34158.47
== C: look-ahead anti-clustering (W K J H), pi/16, X=1e7
RESULT rule=look tau=0.5 W=5 K=6 J=3 N=1963499 pi=633286 comp=1330212 supE=10.8924 supE/log2X=0.04193 infE(x-)=-0.500000 maxgap=322.95
RESULT rule=look tau=0.5 W=5 K=6 J=6 N=1963499 pi=633151 comp=1330347 supE=12.4358 supE/log2X=0.04787 infE(x-)=-0.500000 maxgap=385.97
RESULT rule=look tau=0.5 W=5 K=11 J=6 N=1963498 pi=632554 comp=1330943 supE=9.2572 supE/log2X=0.03563 infE(x-)=-0.500000 maxgap=305.58
RESULT rule=look tau=0.5 W=2.5 K=6 J=6 N=1963497 pi=633235 comp=1330261 supE=10.7465 supE/log2X=0.04137 infE(x-)=-0.500000 maxgap=331.04
RESULT rule=look tau=0.5 W=10 K=11 J=6 N=1963498 pi=631855 comp=1331642 supE=11.3413 supE/log2X=0.04366 infE(x-)=-0.500000 maxgap=361.69
== D: open-loop template (beatty lambda) and Poisson (lambda seed) + greedy feedback, pi/16, X=1e7 and 1e8
== 1e7 beatty 1.0 1
x=1e+05 supE=3453.3852 supE/log2=26.05395
x=1e+06 supE=34468.6059 supE/log2=180.58840
x=1e+07 supE=344546.0923 supE/log2=1326.23313
EXC supTop=344546.0923 at x=9.99996e+06 rise_from_last_prime=1.89 (0.007 log^2X) gap=16.83 (0.065 log^2X)
LEMMA_M L=4187.4 (1.00 log^3 X) windows=3264 min_pi(W)log/L=0.9438 mean=0.9535
RESULT rule=beatty tau=0.5 W=0 K=1 J=0 N=2308041 pi=629098 comp=1678942 supE=344546.0923 supE/log2X=1326.23313 infE(x-)=-0.139037 maxgap=16.83
== 1e7 beatty 0.97 1
x=1e+05 supE=2315.7201 supE/log2=17.47088
x=1e+06 supE=22258.9976 supE/log2=116.61965
x=1e+07 supE=215342.5664 supE/log2=828.90055
EXC supTop=215342.5664 at x=9.99992e+06 rise_from_last_prime=1.39 (0.005 log^2X) gap=17.35 (0.067 log^2X)
LEMMA_M L=4187.4 (1.00 log^3 X) windows=3264 min_pi(W)log/L=0.9154 mean=0.9249
RESULT rule=beatty tau=0.5 W=0 K=1 J=0 N=2178833 pi=610225 comp=1568607 supE=215342.5664 supE/log2X=828.90055 infE(x-)=-0.204961 maxgap=17.35
== 1e7 beatty 0.95 1
x=1e+05 supE=1576.0446 supE/log2=11.89042
x=1e+06 supE=14376.2587 supE/log2=75.32029
x=1e+07 supE=131989.1844 supE/log2=508.05518
EXC supTop=131989.1844 at x=9.99982e+06 rise_from_last_prime=5.43 (0.021 log^2X) gap=17.72 (0.068 log^2X)
LEMMA_M L=4187.4 (1.00 log^3 X) windows=3264 min_pi(W)log/L=0.8967 mean=0.9058
RESULT rule=beatty tau=0.5 W=0 K=1 J=0 N=2095484 pi=597643 comp=1497840 supE=131989.1844 supE/log2X=508.05518 infE(x-)=-0.251254 maxgap=17.72
== 1e7 beatty 0.9 1
x=1e+05 supE=18.8144 supE/log2=0.14194
x=1e+06 supE=31.1370 supE/log2=0.16313
x=1e+07 supE=50.8711 supE/log2=0.19581
EXC supTop=50.8711 at x=3.26002e+06 rise_from_last_prime=6.72 (0.026 log^2X) gap=17.59 (0.068 log^2X)
LEMMA_M L=4187.4 (1.00 log^3 X) windows=3264 min_pi(W)log/L=0.8504 mean=0.9131
RESULT rule=beatty tau=0.5 W=0 K=1 J=0 N=1963502 pi=600348 comp=1363153 supE=50.8711 supE/log2X=0.19581 infE(x-)=-0.500000 maxgap=18.70
== 1e7 beatty 0.8 1
x=1e+05 supE=12.2372 supE/log2=0.09232
x=1e+06 supE=20.0892 supE/log2=0.10525
x=1e+07 supE=32.6201 supE/log2=0.12556
EXC supTop=32.6201 at x=4.13375e+06 rise_from_last_prime=3.78 (0.015 log^2X) gap=20.05 (0.077 log^2X)
LEMMA_M L=4187.4 (1.00 log^3 X) windows=3264 min_pi(W)log/L=0.7615 mean=0.9353
RESULT rule=beatty tau=0.5 W=0 K=1 J=0 N=1963502 pi=616135 comp=1347366 supE=32.6201 supE/log2X=0.12556 infE(x-)=-0.500000 maxgap=21.04
== 1e7 poisson 1.0 1
x=1e+05 supE=1068.2851 supE/log2=8.05964
x=1e+06 supE=11005.9031 supE/log2=57.66228
x=1e+07 supE=109346.3274 supE/log2=420.89789
EXC supTop=109346.3274 at x=9.99999e+06 rise_from_last_prime=0.80 (0.003 log^2X) gap=8.64 (0.033 log^2X)
LEMMA_M L=4187.4 (1.00 log^3 X) windows=3264 min_pi(W)log/L=0.7369 mean=0.9538
RESULT rule=poisson tau=0.5 W=0 K=1 J=0 N=2072842 pi=629350 comp=1443491 supE=109346.3274 supE/log2X=420.89789 infE(x-)=-0.500000 maxgap=231.16
== 1e7 poisson 0.9 1
x=1e+05 supE=68.2246 supE/log2=0.51472
x=1e+06 supE=83.3928 supE/log2=0.43691
x=1e+07 supE=115.0091 supE/log2=0.44270
EXC supTop=115.0091 at x=4.68135e+06 rise_from_last_prime=5.99 (0.023 log^2X) gap=81.98 (0.316 log^2X)
LEMMA_M L=4187.4 (1.00 log^3 X) windows=3264 min_pi(W)log/L=0.6864 mean=0.9296
RESULT rule=poisson tau=0.5 W=0 K=1 J=0 N=1963510 pi=611919 comp=1351590 supE=115.0091 supE/log2X=0.44270 infE(x-)=-0.500000 maxgap=219.27
== 1e7 poisson 0.9 2
x=1e+05 supE=1117.3353 supE/log2=8.42970
x=1e+06 supE=10769.9795 supE/log2=56.42623
x=1e+07 supE=86600.1436 supE/log2=333.34286
EXC supTop=86600.1436 at x=9.99997e+06 rise_from_last_prime=17.44 (0.067 log^2X) gap=35.32 (0.136 log^2X)
LEMMA_M L=4187.4 (1.00 log^3 X) windows=3264 min_pi(W)log/L=0.6637 mean=0.8606
RESULT rule=poisson tau=0.5 W=0 K=2 J=0 N=2050095 pi=567225 comp=1482869 supE=86600.1436 supE/log2X=333.34286 infE(x-)=-0.052662 maxgap=290.74
== 1e7 poisson 0.9 3
x=1e+05 supE=2742.2524 supE/log2=20.68884
x=1e+06 supE=24409.6460 supE/log2=127.88735
x=1e+07 supE=222033.9195 supE/log2=854.65703
EXC supTop=222033.9195 at x=9.99999e+06 rise_from_last_prime=12.28 (0.047 log^2X) gap=23.14 (0.089 log^2X)
LEMMA_M L=4187.4 (1.00 log^3 X) windows=3264 min_pi(W)log/L=0.6780 mean=0.8577
RESULT rule=poisson tau=0.5 W=0 K=3 J=0 N=2185528 pi=565503 comp=1620024 supE=222033.9195 supE/log2X=854.65703 infE(x-)=-0.029488 maxgap=215.65
== 1e8 beatty 1.0 1
x=1e+05 supE=3453.3852 supE/log2=26.05395
x=1e+06 supE=34468.6059 supE/log2=180.58840
x=1e+07 supE=344546.0923 supE/log2=1326.23313
x=1e+08 supE=3445687.8172 supE/log2=10154.64104
EXC supTop=3445687.8172 at x=1e+08 rise_from_last_prime=3.66 (0.011 log^2X) gap=18.93 (0.056 log^2X)
LEMMA_M L=6250.5 (1.00 log^3 X) windows=21877 min_pi(W)log/L=0.9639 mean=0.9704
RESULT rule=beatty tau=0.5 W=0 K=1 J=0 N=23080641 pi=5565820 comp=17514820 supE=3445687.8172 supE/log2X=10154.64104 infE(x-)=-0.139037 maxgap=18.93
== 1e8 beatty 0.97 1
x=1e+05 supE=2315.7201 supE/log2=17.47088
x=1e+06 supE=22258.9976 supE/log2=116.61965
x=1e+07 supE=215342.5664 supE/log2=828.90055
x=1e+08 supE=2087149.9178 supE/log2=6150.95137
EXC supTop=2087149.9178 at x=9.99994e+07 rise_from_last_prime=12.20 (0.036 log^2X) gap=19.52 (0.058 log^2X)
LEMMA_M L=6250.5 (1.00 log^3 X) windows=21877 min_pi(W)log/L=0.9347 mean=0.9413
RESULT rule=beatty tau=0.5 W=0 K=1 J=0 N=21722104 pi=5398845 comp=16323258 supE=2087149.9178 supE/log2X=6150.95137 infE(x-)=-0.204961 maxgap=19.52
== 1e8 beatty 0.95 1
x=1e+05 supE=1576.0446 supE/log2=11.89042
x=1e+06 supE=14376.2587 supE/log2=75.32029
x=1e+07 supE=131989.1844 supE/log2=508.05518
x=1e+08 supE=1213220.0685 supE/log2=3575.42962
EXC supTop=1213220.0685 at x=9.99997e+07 rise_from_last_prime=4.62 (0.014 log^2X) gap=19.93 (0.059 log^2X)
LEMMA_M L=6250.5 (1.00 log^3 X) windows=21877 min_pi(W)log/L=0.9155 mean=0.9219
RESULT rule=beatty tau=0.5 W=0 K=1 J=0 N=20848174 pi=5287529 comp=15560644 supE=1213220.0685 supE/log2X=3575.42962 infE(x-)=-0.251254 maxgap=19.93
== 1e8 beatty 0.9 1
x=1e+05 supE=18.8144 supE/log2=0.14194
x=1e+06 supE=31.1370 supE/log2=0.16313
x=1e+07 supE=50.8711 supE/log2=0.19581
x=1e+08 supE=70.7173 supE/log2=0.20841
EXC supTop=70.7173 at x=9.97086e+07 rise_from_last_prime=10.99 (0.032 log^2X) gap=21.03 (0.062 log^2X)
LEMMA_M L=6250.5 (1.00 log^3 X) windows=21877 min_pi(W)log/L=0.8676 mean=0.9394
RESULT rule=beatty tau=0.5 W=0 K=1 J=0 N=19634970 pi=5372964 comp=14262005 supE=70.7173 supE/log2X=0.20841 infE(x-)=-0.500000 maxgap=21.03
== 1e8 beatty 0.8 1
x=1e+05 supE=12.2372 supE/log2=0.09232
x=1e+06 supE=20.0892 supE/log2=0.10525
x=1e+07 supE=32.6201 supE/log2=0.12556
x=1e+08 supE=40.4060 supE/log2=0.11908
EXC supTop=40.4060 at x=9.71704e+07 rise_from_last_prime=3.52 (0.010 log^2X) gap=23.63 (0.070 log^2X)
LEMMA_M L=6250.5 (1.00 log^3 X) windows=21877 min_pi(W)log/L=0.7819 mean=0.9569
RESULT rule=beatty tau=0.5 W=0 K=1 J=0 N=19634959 pi=5481441 comp=14153517 supE=40.4060 supE/log2X=0.11908 infE(x-)=-0.500000 maxgap=23.66
== 1e8 poisson 1.0 1
x=1e+05 supE=1068.2851 supE/log2=8.05964
x=1e+06 supE=11005.9031 supE/log2=57.66228
x=1e+07 supE=109346.3274 supE/log2=420.89789
x=1e+08 supE=1093899.1869 supE/log2=3223.78409
EXC supTop=1093899.1869 at x=1e+08 rise_from_last_prime=1.65 (0.005 log^2X) gap=9.69 (0.029 log^2X)
LEMMA_M L=6250.5 (1.00 log^3 X) windows=21877 min_pi(W)log/L=0.7467 mean=0.9708
RESULT rule=poisson tau=0.5 W=0 K=1 J=0 N=20728853 pi=5565909 comp=15162943 supE=1093899.1869 supE/log2X=3223.78409 infE(x-)=-0.500000 maxgap=316.71
== 1e8 poisson 0.9 1
x=1e+05 supE=68.2246 supE/log2=0.51472
x=1e+06 supE=83.3928 supE/log2=0.43691
x=1e+07 supE=115.0091 supE/log2=0.44270
x=1e+08 supE=168.1950 supE/log2=0.49568
EXC supTop=153.9167 at x=4.28787e+07 rise_from_last_prime=13.32 (0.039 log^2X) gap=62.23 (0.183 log^2X)
LEMMA_M L=6250.5 (1.00 log^3 X) windows=21877 min_pi(W)log/L=0.7071 mean=0.9520
RESULT rule=poisson tau=0.5 W=0 K=1 J=0 N=19634963 pi=5451149 comp=14183813 supE=168.1950 supE/log2X=0.49568 infE(x-)=-0.500000 maxgap=281.22
== 1e8 poisson 0.9 2
x=1e+05 supE=1117.3353 supE/log2=8.42970
x=1e+06 supE=10769.9795 supE/log2=56.42623
x=1e+07 supE=86600.1436 supE/log2=333.34286
x=1e+08 supE=644531.2774 supE/log2=1899.47091
EXC supTop=644531.2774 at x=9.99992e+07 rise_from_last_prime=13.98 (0.041 log^2X) gap=26.09 (0.077 log^2X)
LEMMA_M L=6250.5 (1.00 log^3 X) windows=21877 min_pi(W)log/L=0.6990 mean=0.8733
RESULT rule=poisson tau=0.5 W=0 K=2 J=0 N=20279461 pi=5010339 comp=15269121 supE=644531.2774 supE/log2X=1899.47091 infE(x-)=-0.052662 maxgap=299.41
== 1e8 poisson 0.9 3
x=1e+05 supE=2742.2524 supE/log2=20.68884
x=1e+06 supE=24409.6460 supE/log2=127.88735
x=1e+07 supE=222033.9195 supE/log2=854.65703
x=1e+08 supE=2001771.0582 supE/log2=5899.33494
EXC supTop=2001771.0582 at x=9.99999e+07 rise_from_last_prime=0.00 (0.000 log^2X) gap=19.38 (0.057 log^2X)
LEMMA_M L=6250.5 (1.00 log^3 X) windows=21877 min_pi(W)log/L=0.6881 mean=0.8735
RESULT rule=poisson tau=0.5 W=0 K=3 J=0 N=21636719 pi=5010553 comp=16626165 supE=2001771.0582 supE/log2X=5899.33494 infE(x-)=-0.029488 maxgap=307.04
== E: greedy pi/32, X=1e8
x=1e+05 supE=4.8308 supE/log2=0.03645
x=1e+06 supE=6.3931 supE/log2=0.03350
x=1e+07 supE=8.9279 supE/log2=0.03437
x=1e+08 supE=9.8578 supE/log2=0.02905
EXC supTop=9.8578 at x=9.96319e+07 rise_from_last_prime=118.59 (0.349 log^2X) gap=275.02 (0.810 log^2X)
LEMMA_M L=84.83 (0.25 log^2 X) windows=1612092 min_pi(W)log/L=0.0000 mean=0.8478
LEMMA_M L=339.32 (1.00 log^2 X) windows=403022 min_pi(W)log/L=0.0000 mean=0.8478
LEMMA_M L=1562.6 (0.25 log^3 X) windows=87514 min_pi(W)log/L=0.5417 mean=0.8478
LEMMA_M L=6250.5 (1.00 log^3 X) windows=21877 min_pi(W)log/L=0.7215 mean=0.8479
LEMMA_M L=28785 (0.25 log^4 X) windows=4749 min_pi(W)log/L=0.8052 mean=0.8479
LEMMA_M L=1.1514e+05 (1.00 log^4 X) windows=1186 min_pi(W)log/L=0.8242 mean=0.8479
RESULT rule=greedy tau=0.5 W=0 K=1 J=0 N=9817480 pi=4822578 comp=4994901 supE=9.8578 supE/log2X=0.02905 infE(x-)=-0.500000 maxgap=397.25
DONE
