bits = 4800
Xi_27(3144.8946) 
   Re: [-1.76019463128e-1070 +/- 2.49e-1082] 
   Im: [+/- 3.24e-1435]   (0.7s)
Xi_27(3144.8947) 
   Re: [1.06871649226e-1070 +/- 1.71e-1082] 
   Im: [+/- 3.25e-1435]   (0.7s)
Xi_27(3145.5998) 
   Re: [1.12975694292e-1070 +/- 3.36e-1082] 
   Im: [+/- 4.13e-1435]   (0.8s)
Xi_27(3145.5999) 
   Re: [-1.14913915363e-1070 +/- 2.22e-1082] 
   Im: [+/- 4.11e-1435]   (0.7s)
Xi_27(z0) 
   Re: [2.57878203163e-1085 +/- 3.01e-1097] 
   Im: [1.70498772290e-1084 +/- 2.75e-1097]   (0.8s)
Xi_27(z0 + 1e-6) 
   Re: [-9.16469239527e-1073 +/- 8.14e-1086] 
   Im: [-6.06122697396e-1072 +/- 4.39e-1084]   (0.7s)
Xi_27(3142.95) 
   Re: [-1.63611643337e-1066 +/- 2.63e-1078] 
   Im: [+/- 4.35e-1435]   (0.7s)
Xi_27(3143.2) 
   Re: [-8.97676900721e-1067 +/- 2.52e-1079] 
   Im: [+/- 4.87e-1435]   (0.7s)
Xi_27(3143.5) 
   Re: [-1.29251538688e-1066 +/- 4.46e-1079] 
   Im: [+/- 3.71e-1444]   (0.4s)
Xi_27(3144.0) 
   Re: [-2.48340722606e-1066 +/- 2.76e-1078] 
   Im: [+/- 3.68e-1444]   (0.4s)
