start 2026-09-24 19:58:48 IST
✔ [8696/9150] Built Zeta23.Prelude.InstancePriorities (5.0s)
✔ [8697/9150] Built Zeta23.FromPNTPlus.Mathlib.Analysis.SpecialFunctions.Log.Basic (4.8s)
✔ [8698/9150] Built Zeta23.Tail.Basic (5.3s)
✔ [8699/9150] Built Zeta23.FromPNTPlus.Auxiliary (5.6s)
✔ [8700/9150] Built Zeta23.FromPNTPlus.EulerMaclaurin (5.8s)
✔ [8701/9150] Built Zeta23.LinAlg.PosIndex (6.0s)
✔ [8702/9150] Built Zeta23.Defs (7.5s)
✔ [8703/9150] Built Zeta23.FromPNTPlus.Tactic.AdditiveCombination (2.5s)
✔ [8704/9150] Built Zeta23.MV.EigenIdentity (8.3s)
✔ [8705/9150] Built Zeta23.FromPNTPlus.ZetaConj (3.5s)
✔ [8706/9150] Built Zeta23.FromPNTPlus.Rectangle (4.1s)
✔ [8708/9150] Built Zeta23.FromPNTPlus.Sobolev (9.3s)
✔ [8709/9150] Built Zeta23.PairCeiling.Defs (3.6s)
✔ [8710/9150] Built Zeta23.XiPrime.ZeroCount.ArgBound (4.2s)
✔ [8711/9150] Built Zeta23.Defs.LeafIntegrals (9.9s)
✔ [8712/9150] Built Zeta23.W1.Format (876ms)
✔ [8713/9150] Built Zeta23.XiPrime.Coeff.Param (4.2s)
✔ [8714/9150] Built Zeta23.PairCeiling.GridParseval (3.0s)
✔ [8715/9150] Built Zeta23.DBN.Defs (3.7s)
✔ [8716/9150] Built Zeta23.RvM.BacklundDefs (3.9s)
✔ [8717/9150] Built Zeta23.W1.ArgPrinciple.Rect (4.9s)
✔ [8718/9150] Built Zeta23.Tail.Grid (4.7s)
✔ [8719/9150] Built Zeta23.FromPNTPlus.Mertens (4.8s)
⚠ [8720/9150] Built Zeta23.FromPNTPlus.StrongPNTPrefix (5.5s)
warning: Zeta23/FromPNTPlus/StrongPNTPrefix.lean:61:71: `Set.mem_setOf_eq` has been deprecated: Use `Set.mem_ofPred_eq` instead
warning: Zeta23/FromPNTPlus/StrongPNTPrefix.lean:202:9: `Set.setOf_subset_setOf` has been deprecated: Use `Set.ofPred_subset_ofPred` instead
warning: Zeta23/FromPNTPlus/StrongPNTPrefix.lean:343:10: `Set.notMem_setOf_iff` has been deprecated: Use `Set.notMem_ofPred_iff` instead
warning: Zeta23/FromPNTPlus/StrongPNTPrefix.lean:368:48: `Set.mem_setOf_eq` has been deprecated: Use `Set.mem_ofPred_eq` instead
warning: Zeta23/FromPNTPlus/StrongPNTPrefix.lean:390:10: `Set.notMem_setOf_iff` has been deprecated: Use `Set.notMem_ofPred_iff` instead
warning: Zeta23/FromPNTPlus/StrongPNTPrefix.lean:432:48: `Set.mem_setOf_eq` has been deprecated: Use `Set.mem_ofPred_eq` instead
✔ [8721/9150] Built Zeta23.LinAlg.VonNeumann (5.1s)
✔ [8722/9150] Built Zeta23.LinAlg.HermitianPosPart (4.5s)
✔ [8723/9150] Built Zeta23.Taper.GevreyPhi (4.2s)
✔ [8724/9150] Built Zeta23.Tail.Count (6.9s)
✔ [8725/9150] Built Zeta23.PairCeiling.NumericCert (10s)
✔ [8726/9150] Built Zeta23.XiPrime.Defs (3.8s)
⚠ [8727/9150] Built Zeta23.Taper.Gevrey (4.9s)
warning: Zeta23/Taper/Gevrey.lean:342:80: Variable name `x` is not explicitly referenced.

Hint: The binding can be removed (if unused) or named `_` (if used implicitly). Alternatively, prefix the name with `_` to silence this warning:
  [apply] _x

Note: This linter can be disabled with `set_option linter.unusedVariables false`
✔ [8728/9150] Built Zeta23.Defs.Profile (3.1s)
✔ [8729/9150] Built Zeta23.GammaFacts (3.6s)
✔ [8730/9150] Built Zeta23.Poisson.PaperFT (3.8s)
✔ [8731/9150] Built Zeta23.Defs.Counting (3.6s)
✔ [8732/9150] Built Zeta23.PrimeSideTemp (3.6s)
✔ [8733/9150] Built Zeta23.Hypotheses (3.7s)
✔ [8734/9150] Built Zeta23.ExplicitFormula (5.6s)
✔ [8735/9150] Built Zeta23.W1.Checker (1.7s)
✔ [8736/9150] Built Zeta23.FromPNTPlus.Fourier (4.0s)
⚠ [8737/9150] Built Zeta23.PairCeiling.Stability (4.1s)
warning: Zeta23/PairCeiling/Stability.lean:49:4: try 'simp' instead of 'simpa'

Note: This linter can be disabled with `set_option linter.unnecessarySimpa false`
warning: Zeta23/PairCeiling/Stability.lean:245:4: 'push_cast at this ⊢' tactic does nothing

Note: This linter can be disabled with `set_option linter.unusedTactic false`
✔ [8738/9150] Built Zeta23.PairCeiling.GridCorner (3.0s)
✔ [8739/9150] Built Zeta23.PairCeiling.GridWitness (4.1s)
✔ [8740/9150] Built Zeta23.W1.ArgPrinciple.General (4.1s)
✔ [8741/9150] Built Zeta23.DBN.BtFacts (4.4s)
✔ [8742/9150] Built Zeta23.DBN.Asym (4.7s)
✔ [8743/9150] Built Zeta23.FromPNTPlus.ResidueCalcOnRectangles (8.2s)
✔ [8744/9150] Built Zeta23.LinAlg.Sylvester (3.9s)
✔ [8745/9150] Built Zeta23.LinAlg.RankTrace (4.7s)
✔ [8746/9150] Built Zeta23.XiPrime.Coeff.LT (3.4s)
✔ [8747/9150] Built Zeta23.XiPrime.Coeff.Basic (3.8s)
✔ [8748/9150] Built Zeta23.Taper.Basic (3.5s)
✔ [8749/9150] Built Zeta23.Separation.LemmaG1 (4.2s)
✔ [8750/9150] Built Zeta23.TracesBoundsE (3.4s)
✔ [8751/9150] Built Zeta23.GammaFacts.Series (4.7s)
⚠ [8752/9150] Built Zeta23.RvM.Halving (3.9s)
warning: Zeta23/RvM/Halving.lean:52:55: `Set.mem_setOf_eq` has been deprecated: Use `Set.mem_ofPred_eq` instead
warning: Zeta23/RvM/Halving.lean:62:15: `Set.mem_setOf_eq` has been deprecated: Use `Set.mem_ofPred_eq` instead
warning: Zeta23/RvM/Halving.lean:70:15: `Set.mem_setOf_eq` has been deprecated: Use `Set.mem_ofPred_eq` instead
✔ [8753/9150] Built Zeta23.ThmE.Hypotheses (4.5s)
✔ [8754/9150] Built Zeta23.Hypotheses.GzGp (4.6s)
✔ [8755/9150] Built Zeta23.MV (5.3s)
⚠ [8756/9150] Built Zeta23.Statement (5.2s)
warning: Zeta23/Statement.lean:148:30: `Set.mem_setOf_eq` has been deprecated: Use `Set.mem_ofPred_eq` instead
✔ [8757/9150] Built Zeta23.W1.Examples (2.0s)
✔ [8758/9150] Built Zeta23.PrimeSideA.Defs (9.6s)
✔ [8759/9150] Built Zeta23.PrimeSideB (13s)
⚠ [8760/9150] Built Zeta23.XiPrime.ExplicitFormula.PrimeTermJ (4.8s)
warning: Zeta23/XiPrime/ExplicitFormula/PrimeTermJ.lean:136:8: `MeasureTheory.integrable_finset_sum` has been deprecated: Use `MeasureTheory.integrable_finsetSum` instead
warning: Zeta23/XiPrime/ExplicitFormula/PrimeTermJ.lean:154:32: `MeasureTheory.integral_finset_sum` has been deprecated: Use `MeasureTheory.integral_finsetSum` instead
✔ [8761/9150] Built Zeta23.Chebyshev (13s)
⚠ [8762/9150] Built Zeta23.XiPrime.Certificate.D1 (17s)
warning: Zeta23/XiPrime/Certificate/D1.lean:307:68: `intervalIntegral.integral_finset_sum` has been deprecated: Use `intervalIntegral.integral_finsetSum` instead
warning: Zeta23/XiPrime/Certificate/D1.lean:316:11: `continuous_finset_sum` has been deprecated: Use `continuous_finsetSum` instead
✔ [8763/9150] Built Zeta23.PairCeiling.Grid (3.8s)
⚠ [8764/9150] Built Zeta23.MV.Spacing (24s)
warning: Zeta23/MV/Spacing.lean:58:0: automatically included section variable(s) unused in theorem `Zeta23.MV.Adm.itv_disjoint`:
  [Fintype ι]
  [DecidableEq ι]
consider restructuring your `variable` declarations so that the variables are not in scope or explicitly omit them:
  omit [Fintype ι] [DecidableEq ι] in theorem ...

Note: This linter can be disabled with `set_option linter.unusedSectionVars false`
warning: Zeta23/MV/Spacing.lean:153:8: automatically included section variable(s) unused in theorem `_private.Zeta23.MV.Spacing.0.Zeta23.MV.Adm.mem_window`:
  [Fintype ι]
  [DecidableEq ι]
consider restructuring your `variable` declarations so that the variables are not in scope or explicitly omit them:
  omit [Fintype ι] [DecidableEq ι] in theorem ...

Note: This linter can be disabled with `set_option linter.unusedSectionVars false`
✔ [8765/9150] Built Zeta23.ExplicitFormula.Bridge (6.6s)
✔ [8766/9150] Built Zeta23.PairCeiling.Ceiling (3.5s)
✔ [8767/9150] Built Zeta23.DBN.Instance02.Asym_arb (3.5s)
✔ [8768/9150] Built Zeta23.DBN.Instance02.Asym_mp (3.5s)
✔ [8769/9150] Built Zeta23.LinAlg.Weyl (3.6s)
✔ [8770/9150] Built Zeta23.Tail.RankOne (3.6s)
✔ [8771/9150] Built Zeta23.ThmD.Functional (28s)
✔ [8772/9150] Built Zeta23.Analytic.RectangleLogDeriv (4.4s)
✔ [8773/9150] Built Zeta23.LinAlg.Inertia (3.9s)
✔ [8774/9150] Built Zeta23.XiPrime.Coeff.MainTerm.Squarefree (4.7s)
✔ [8775/9150] Built Zeta23.W1.Soundness (15s)
✔ [8776/9150] Built Zeta23.Separation.LemmaG (5.7s)
✔ [8777/9150] Built Zeta23.Taper.Strip (5.2s)
✔ [8778/9150] Built Zeta23.WeilEF.GammaRBracket (5.5s)
✔ [8779/9150] Built Zeta23.ThmE.TracesHypChi (4.7s)
✔ [8780/9150] Built Zeta23.ThmE.Statement (5.0s)
✔ [8781/9150] Built Zeta23.WeilEF.XiLogDeriv (4.4s)
⚠ [8782/9150] Built Zeta23.ZetaReflect (4.6s)
warning: Zeta23/ZetaReflect.lean:91:17: `Set.mem_setOf_eq` has been deprecated: Use `Set.mem_ofPred_eq` instead
✔ [8783/9150] Built Zeta23.Analytic.Stirling (8.4s)
⚠ [8784/9150] Built Zeta23.Statement.Seam (4.7s)
warning: Zeta23/Statement/Seam.lean:59:13: `ENat.toNat_coe` has been deprecated: Use `ENat.toNat_natCast` instead
✔ [8785/9150] Built Zeta23.Taper.Norms (11s)
✔ [8786/9150] Built Zeta23.XiPrime.Coeff.Abel (4.2s)
⚠ [8787/9150] Built Zeta23.XiPrime.Certificate.Poly (5.9s)
warning: Zeta23/XiPrime/Certificate/Poly.lean:42:6: `intervalIntegral.integral_finset_sum` has been deprecated: Use `intervalIntegral.integral_finsetSum` instead
⚠ [8788/9150] Built Zeta23.FromPNTPlus.ZetaBounds (20s)
warning: Zeta23/FromPNTPlus/ZetaBounds.lean:859:13: `Set.mem_setOf_eq` has been deprecated: Use `Set.mem_ofPred_eq` instead
warning: Zeta23/FromPNTPlus/ZetaBounds.lean:952:13: `Set.mem_setOf_eq` has been deprecated: Use `Set.mem_ofPred_eq` instead
warning: Zeta23/FromPNTPlus/ZetaBounds.lean:1092:13: `Set.mem_setOf_eq` has been deprecated: Use `Set.mem_ofPred_eq` instead
warning: Zeta23/FromPNTPlus/ZetaBounds.lean:1099:32: `Set.mem_setOf_eq` has been deprecated: Use `Set.mem_ofPred_eq` instead
warning: Zeta23/FromPNTPlus/ZetaBounds.lean:1105:56: `Set.preimage_setOf_eq` has been deprecated: Use `Set.preimage_ofPred_eq` instead
warning: Zeta23/FromPNTPlus/ZetaBounds.lean:1115:56: `Set.preimage_setOf_eq` has been deprecated: Use `Set.preimage_ofPred_eq` instead
warning: Zeta23/FromPNTPlus/ZetaBounds.lean:1119:17: `Set.mem_setOf_eq` has been deprecated: Use `Set.mem_ofPred_eq` instead
warning: Zeta23/FromPNTPlus/ZetaBounds.lean:1135:54: `Set.preimage_setOf_eq` has been deprecated: Use `Set.preimage_ofPred_eq` instead
warning: Zeta23/FromPNTPlus/ZetaBounds.lean:1157:22: `Set.setOf_subset_setOf` has been deprecated: Use `Set.ofPred_subset_ofPred` instead
warning: Zeta23/FromPNTPlus/ZetaBounds.lean:1169:15: `Set.setOf_subset_setOf` has been deprecated: Use `Set.ofPred_subset_ofPred` instead
warning: Zeta23/FromPNTPlus/ZetaBounds.lean:1169:59: `Set.mem_setOf_eq` has been deprecated: Use `Set.mem_ofPred_eq` instead
warning: Zeta23/FromPNTPlus/ZetaBounds.lean:1185:15: `Set.mem_setOf_eq` has been deprecated: Use `Set.mem_ofPred_eq` instead
warning: Zeta23/FromPNTPlus/ZetaBounds.lean:1835:19: `Set.mem_setOf_eq` has been deprecated: Use `Set.mem_ofPred_eq` instead
warning: Zeta23/FromPNTPlus/ZetaBounds.lean:1837:45: `Set.mem_setOf_eq` has been deprecated: Use `Set.mem_ofPred_eq` instead
warning: Zeta23/FromPNTPlus/ZetaBounds.lean:1840:28: `Set.setOf_subset_setOf` has been deprecated: Use `Set.ofPred_subset_ofPred` instead
warning: Zeta23/FromPNTPlus/ZetaBounds.lean:1844:28: `Set.mem_setOf_eq` has been deprecated: Use `Set.mem_ofPred_eq` instead
warning: Zeta23/FromPNTPlus/ZetaBounds.lean:1900:15: `Set.mem_setOf_eq` has been deprecated: Use `Set.mem_ofPred_eq` instead
warning: Zeta23/FromPNTPlus/ZetaBounds.lean:1906:20: `Set.mem_setOf_eq` has been deprecated: Use `Set.mem_ofPred_eq` instead
warning: Zeta23/FromPNTPlus/ZetaBounds.lean:2091:13: `Set.mem_setOf_eq` has been deprecated: Use `Set.mem_ofPred_eq` instead
warning: Zeta23/FromPNTPlus/ZetaBounds.lean:2884:17: `Set.mem_setOf_eq` has been deprecated: Use `Set.mem_ofPred_eq` instead
warning: Zeta23/FromPNTPlus/ZetaBounds.lean:2940:17: `Set.mem_setOf_eq` has been deprecated: Use `Set.mem_ofPred_eq` instead
✔ [8789/9150] Built Zeta23.PrimeSideB.PPKernel (11s)
✔ [8790/9150] Built Zeta23.PairCeiling.Bridge (5.0s)
✔ [8791/9150] Built Zeta23.PrimeSideA.CrossMuPCore (13s)
✔ [8792/9150] Built Zeta23.ThmE.ChebCoprime (11s)
✔ [8793/9150] Built Zeta23.LinAlg (3.7s)
✔ [8794/9150] Built Zeta23.W1.ArgPrincipleBridge (4.4s)
✔ [8795/9150] Built Zeta23.Separation.B1Sym (4.7s)
✔ [8796/9150] Built Zeta23.MV.Duality (9.7s)
✔ [8797/9150] Built Zeta23.PrimeSideA.Basic (17s)
✔ [8798/9150] Built Zeta23.Separation.Clause4 (6.3s)
✔ [8799/9150] Built Zeta23.Statement.SeamClosed (3.6s)
⚠ [8800/9150] Built Zeta23.ThmE.SeamL (4.5s)
warning: Zeta23/ThmE/SeamL.lean:337:13: `ENat.toNat_coe` has been deprecated: Use `ENat.toNat_natCast` instead
ℹ [8801/9150] Built Zeta23.GammaFacts.Mu (8.4s)
info: Zeta23/GammaFacts/Mu.lean:137:2: Try this:
  [apply] ring_nf
  
  The `ring` tactic failed to close the goal. Use `ring_nf` to obtain a normal form.
    
  Note that `ring` works primarily in *commutative* rings. If you have a noncommutative ring, abelian group or module, consider using `noncomm_ring`, `abel` or `module` instead.
✔ [8802/9150] Built Zeta23.W1.Instances (41s)
✔ [8803/9150] Built Zeta23.Taper.Params (6.9s)
✔ [8804/9150] Built Zeta23.PiFacts (21s)
✔ [8805/9150] Built Zeta23.XiPrime.Certificate.AtOne (4.6s)
✔ [8806/9150] Built Zeta23.MV.Quadratic (15s)
✔ [8807/9150] Built Zeta23.RvM.ZetaGrowth (5.4s)
✔ [8808/9150] Built Zeta23.XiPrime.Coeff.PowerSums (6.2s)
✔ [8809/9150] Built Zeta23.Taper.Fourier (12s)
⚠ [8810/9150] Built Zeta23.XiPrime.Statement (4.2s)
warning: Zeta23/XiPrime/Statement.lean:365:69: `Set.mem_setOf_eq` has been deprecated: Use `Set.mem_ofPred_eq` instead
✔ [8811/9150] Built Zeta23.Assembly.Inputs (3.8s)
⚠ [8812/9150] Built Zeta23.ZeroSide.RankTraceMult (5.6s)
warning: Zeta23/ZeroSide/RankTraceMult.lean:49:32: Variable name `ht0` is not explicitly referenced.

Hint: The binding can be removed (if unused) or named `_` (if used implicitly). Alternatively, prefix the name with `_` to silence this warning:
  [apply] _ht0

Note: This linter can be disabled with `set_option linter.unusedVariables false`
warning: Zeta23/ZeroSide/RankTraceMult.lean:49:60: Variable name `hx` is not explicitly referenced.

Hint: The binding can be removed (if unused) or named `_` (if used implicitly). Alternatively, prefix the name with `_` to silence this warning:
  [apply] _hx

Note: This linter can be disabled with `set_option linter.unusedVariables false`
warning: Zeta23/ZeroSide/RankTraceMult.lean:56:30: Variable name `hc` is not explicitly referenced.

Hint: The binding can be removed (if unused) or named `_` (if used implicitly). Alternatively, prefix the name with `_` to silence this warning:
  [apply] _hc

Note: This linter can be disabled with `set_option linter.unusedVariables false`
warning: Zeta23/ZeroSide/RankTraceMult.lean:56:43: Variable name `hx` is not explicitly referenced.

Hint: The binding can be removed (if unused) or named `_` (if used implicitly). Alternatively, prefix the name with `_` to silence this warning:
  [apply] _hx

Note: This linter can be disabled with `set_option linter.unusedVariables false`
warning: Zeta23/ZeroSide/RankTraceMult.lean:81:32: Variable name `hp` is not explicitly referenced.

Hint: The binding can be removed (if unused) or named `_` (if used implicitly). Alternatively, prefix the name with `_` to silence this warning:
  [apply] _hp

Note: This linter can be disabled with `set_option linter.unusedVariables false`
warning: Zeta23/ZeroSide/RankTraceMult.lean:81:58: Variable name `hc` is not explicitly referenced.

Hint: The binding can be removed (if unused) or named `_` (if used implicitly). Alternatively, prefix the name with `_` to silence this warning:
  [apply] _hc

Note: This linter can be disabled with `set_option linter.unusedVariables false`
warning: Zeta23/ZeroSide/RankTraceMult.lean:164:20: This simp argument is unused:
  Matrix.mul_assoc

Hint: Omit it from the simp argument list.
  [apply] simp

Note: This linter can be disabled with `set_option linter.unusedSimpArgs false`
warning: Zeta23/ZeroSide/RankTraceMult.lean:359:28: Variable name `hc` is not explicitly referenced.

Hint: The binding can be removed (if unused) or named `_` (if used implicitly). Alternatively, prefix the name with `_` to silence this warning:
  [apply] _hc

Note: This linter can be disabled with `set_option linter.unusedVariables false`
✔ [8813/9150] Built Zeta23.Taper.Decay (10s)
✔ [8814/9150] Built Zeta23.PairCeiling.NearCUE (8.0s)
✔ [8815/9150] Built Zeta23.PrimeSideB.PPOffDiag (9.3s)
✔ [8816/9150] Built Zeta23.RvM.CountByIntegral (3.8s)
✔ [8817/9150] Built Zeta23.PrimeSideB.Concrete (7.1s)
✔ [8818/9150] Built Zeta23.DBN.BarrierCert (8.7s)
⚠ [8819/9150] Built Zeta23.RvM.NcountWindow (4.1s)
warning: Zeta23/RvM/NcountWindow.lean:23:22: `Set.mem_setOf_eq` has been deprecated: Use `Set.mem_ofPred_eq` instead
✔ [8820/9150] Built Zeta23.RvM.Defs (4.1s)
✔ [8821/9150] Built Zeta23.ThmE.CountByIntegralChi (4.5s)
✔ [8822/9150] Built Zeta23.PrimeSideA.CrossMuP (11s)
✔ [8823/9150] Built Zeta23.W1.FDH (4.1s)
✔ [8824/9150] Built Zeta23.W1.Ledger (3.8s)
ℹ [8825/9150] Built Zeta23.GammaFacts.StirlingVert (7.1s)
info: Zeta23/GammaFacts/StirlingVert.lean:452:6: Try this:
  [apply] ring_nf
  
  The `ring` tactic failed to close the goal. Use `ring_nf` to obtain a normal form.
    
  Note that `ring` works primarily in *commutative* rings. If you have a noncommutative ring, abelian group or module, consider using `noncomm_ring`, `abel` or `module` instead.
✔ [8826/9150] Built Zeta23.ThmE.LGrowth (4.9s)
✔ [8827/9150] Built Zeta23.Separation.Assembly (12s)
✔ [8828/9150] Built Zeta23.PrimeSideA.MuMu (15s)
✔ [8829/9150] Built Zeta23.XiPrime.Coeff.NonSquarefree (5.0s)
✔ [8830/9150] Built Zeta23.MV.Eigen (8.9s)
✔ [8831/9150] Built Zeta23.PrimeSideA.EndsCore (10s)
✔ [8832/9150] Built Zeta23.XiPrime.StatementW (3.0s)
✔ [8833/9150] Built Zeta23.XiPrime.Coeff.Upper (5.8s)
✔ [8834/9150] Built Zeta23.XiPrime.Coeff.MainTerm.Asymp (8.7s)
⚠ [8835/9150] Built Zeta23.ZeroSide (6.3s)
warning: Zeta23/ZeroSide.lean:701:4: `Set.mem_setOf_eq` has been deprecated: Use `Set.mem_ofPred_eq` instead
warning: Zeta23/ZeroSide.lean:706:66: `Set.mem_setOf_eq` has been deprecated: Use `Set.mem_ofPred_eq` instead
warning: Zeta23/ZeroSide.lean:712:52: `Set.mem_setOf_eq` has been deprecated: Use `Set.mem_ofPred_eq` instead
warning: Zeta23/ZeroSide.lean:755:53: `Set.mem_setOf_eq` has been deprecated: Use `Set.mem_ofPred_eq` instead
✔ [8836/9150] Built Zeta23.Poisson (9.6s)
