=== [Separation6b] start 2026-09-24 20:11:17 IST ===
cwd=/Users/jaytyagi/rh-lean-check-s24/clone
config=comparator/config-separation6b.json
{
  "challenge_module": "Challenge.Separation6b",
  "solution_module": "Solution.Separation6b",
  "theorem_names": [
    "separation_clause6_assembly_b",
    "separation_clause7_tight_pair",
    "rstar_of_21L"
  ],
  "permitted_axioms": [
    "propext",
    "Quot.sound",
    "Classical.choice"
  ],
  "enable_nanoda": true
}
toolchain=leanprover/lean4:v4.33.0-rc2
lean=/Users/jaytyagi/.elan/bin/lean Lean (version 4.33.0-rc2, arm64-apple-darwin24.6.0, commit d8b18978322de05a8f3dba51ef03cf5461676c17, Release)
lake=/Users/jaytyagi/.elan/bin/lake
COMPARATOR_LANDRUN=/Users/jaytyagi/rh-lean-work/tools/comparator/scripts/fake-landrun.sh
COMPARATOR_NANODA=/Users/jaytyagi/rh-lean-work/tools/nanoda_lib/target/release/nanoda_bin
COMPARATOR_LEAN4EXPORT=/Users/jaytyagi/rh-lean-work/tools/lean4export/.lake/build/bin/lean4export
nanoda on PATH: /Users/jaytyagi/rh-lean-work/tools/nanoda_lib/target/release/nanoda_bin
--- PRE-RUN CLEANUP: removing comparator-layer artifacts ---
  Challenge artifacts removed: 5
  ChallengeDeps artifacts removed: 20
  Solution artifacts removed: 5
heavy procs (>50% cpu) before start:
--- comparator output follows ---
Building Challenge.Separation6b
WARNING: THIS IS NOT REAL LANDRUN! UNSAFELY RUNNING exec lake build Challenge.Separation6b
✔ [8697/8701] Built ChallengeDeps.Separation (2.0s)
✔ [8698/8701] Built ChallengeDeps.SepConfig (3.1s)
✔ [8699/8701] Built ChallengeDeps.Separation6 (2.0s)
✔ [8700/8701] Built ChallengeDeps.Separation6b (2.0s)
⚠ [8701/8701] Built Challenge.Separation6b (3.1s)
warning: comparator/Challenge/Separation6b.lean:56:8: declaration uses `sorry`
warning: comparator/Challenge/Separation6b.lean:77:8: declaration uses `sorry`
warning: comparator/Challenge/Separation6b.lean:97:8: declaration uses `sorry`
Build completed successfully (8701 jobs).
WARNING: THIS IS NOT REAL LANDRUN! UNSAFELY RUNNING exec /Users/jaytyagi/rh-lean-work/tools/lean4export/.lake/build/bin/lean4export Challenge.Separation6b -- Nat String String.mk Char Quot Quot.mk Quot.lift Quot.ind separation_clause6_assembly_b separation_clause7_tight_pair rstar_of_21L propext Quot.sound Classical.choice Nat.add Nat.sub Nat.mul Nat.pow Nat.gcd Nat.div Nat.mod Nat.beq Nat.ble Nat.land Nat.lor Nat.xor Nat.shiftLeft Nat.shiftRight String.ofList Char.ofNat List eagerReduce
Exporting #[Nat, String, String.mk, Char, Quot, Quot.mk, Quot.lift, Quot.ind, separation_clause6_assembly_b, separation_clause7_tight_pair, rstar_of_21L, propext, Quot.sound, Classical.choice, Nat.add, Nat.sub, Nat.mul, Nat.pow, Nat.gcd, Nat.div, Nat.mod, Nat.beq, Nat.ble, Nat.land, Nat.lor, Nat.xor, Nat.shiftLeft, Nat.shiftRight, String.ofList, Char.ofNat, List, eagerReduce] from Challenge.Separation6b
Building Solution.Separation6b
WARNING: THIS IS NOT REAL LANDRUN! UNSAFELY RUNNING exec lake build Solution.Separation6b
⚠ [8697/8710] Replayed Zeta23.Taper.Gevrey
warning: Zeta23/Taper/Gevrey.lean:342:80: Variable name `x` is not explicitly referenced.

Hint: The binding can be removed (if unused) or named `_` (if used implicitly). Alternatively, prefix the name with `_` to silence this warning:
  [apply] _x

Note: This linter can be disabled with `set_option linter.unusedVariables false`
✔ [8710/8710] Built Solution.Separation6b (3.2s)
Build completed successfully (8710 jobs).
WARNING: THIS IS NOT REAL LANDRUN! UNSAFELY RUNNING exec /Users/jaytyagi/rh-lean-work/tools/lean4export/.lake/build/bin/lean4export Solution.Separation6b -- Nat String String.mk Char Quot Quot.mk Quot.lift Quot.ind separation_clause6_assembly_b separation_clause7_tight_pair rstar_of_21L propext Quot.sound Classical.choice Nat.add Nat.sub Nat.mul Nat.pow Nat.gcd Nat.div Nat.mod Nat.beq Nat.ble Nat.land Nat.lor Nat.xor Nat.shiftLeft Nat.shiftRight String.ofList Char.ofNat List eagerReduce
WARNING: THIS IS NOT REAL LANDRUN! UNSAFELY RUNNING exec /Users/jaytyagi/rh-lean-work/tools/nanoda_lib/target/release/nanoda_bin /var/folders/5_/znvkm_md1dl9wgx33243ytqh0000gn/T/tmp.82nYKDla
Exporting #[Nat, String, String.mk, Char, Quot, Quot.mk, Quot.lift, Quot.ind, separation_clause6_assembly_b, separation_clause7_tight_pair, rstar_of_21L, propext, Quot.sound, Classical.choice, Nat.add, Nat.sub, Nat.mul, Nat.pow, Nat.gcd, Nat.div, Nat.mod, Nat.beq, Nat.ble, Nat.land, Nat.lor, Nat.xor, Nat.shiftLeft, Nat.shiftRight, String.ofList, Char.ofNat, List, eagerReduce] from Solution.Separation6b
Running nanoda kernel on solution
Nanoda kernel accepts the solution
Running Lean default kernel on solution.
Lean default kernel accepts the solution
Your solution is okay!
       88.28 real        75.96 user        19.11 sys
          5948899328  maximum resident set size
                   0  average shared memory size
                   0  average unshared data size
                   0  average unshared stack size
             3809702  page reclaims
                1341  page faults
                   0  swaps
                   0  block input operations
                   0  block output operations
                   0  messages sent
                   0  messages received
                   0  signals received
               71306  voluntary context switches
              180565  involuntary context switches
          4148945624  instructions retired
          1339577817  cycles elapsed
           136601152  peak memory footprint
--- comparator exit code: 0 ---
=== [Separation6b] end 2026-09-24 20:12:46 IST ===
