SAME Zeta23.lean
SAME formalization.yaml
SAME Zeta23/Separation/B1Sym.lean
SAME Zeta23/Separation/Assembly2.lean
SAME comparator/ChallengeDeps/Separation6b.lean
SAME comparator/Challenge/SeparationClause4b.lean
SAME comparator/Solution/SeparationClause4b.lean
SAME comparator/Challenge/Separation6b.lean
SAME comparator/Solution/Separation6b.lean
SAME comparator/PrintAxioms/SeparationClause4b.lean
SAME comparator/PrintAxioms/Separation6b.lean
SAME comparator/config-separation-clause4b.json
SAME comparator/config-separation6b.json
SAME results/d1-m2a/packaging/FIDELITY.md
SAME results/c2-m4/BRIEF-A.md
SAME results/c2-m4/verify-A/axioms_A_probe.lean.txt
SAME results/c2-m4/verify-A/comparator-run-clause4b.log
SAME results/c2-m4/verify-A/comparator-run-separation6b.log
SAME results/c2-m4/verify-A/control-run.log
SAME results/c2-m4/verify-A/decls-A.txt
SAME results/c2-m4/verify-A/digit-grep-A.log
SAME results/c2-m4/verify-A/frozen_probe.lean.txt
SAME results/c2-m4/verify-A/frozen-statements.log
SAME results/c2-m4/verify-A/lake-build-before.log
SAME results/c2-m4/verify-A/lake-build.log
SAME results/c2-m4/verify-A/prerun-cleanup.log
SAME results/c2-m4/verify-A/print-axioms-clause4b.log
SAME results/c2-m4/verify-A/print-axioms-library-A.log
SAME results/c2-m4/verify-A/print-axioms-separation6b.log
SAME results/c2-m4/verify-A/run.sh
SAME results/c2-m4/verify-A/statement_identity_A.py
SAME results/c2-m4/verify-A/statement-identity-clause4b.log
SAME results/c2-m4/verify-A/statement-identity-separation6b.log
SAME results/c2-m4/verify-A/trust_greps_A.py
SAME results/c2-m4/verify-A/trust-greps-A.log
SAME results/c2-m4/verify-A/untouched.log
SAME results/c2-m4/verify-A/yaml-validation.log
