Tue Sep 29 06:49:10 IST 2026
info: mathlib: cloning https://github.com/leanprover-community/mathlib4
info: mathlib: checking out revision '51e6992efd06126df61a496bebf8f49482a4e129'
info: plausible: cloning https://github.com/leanprover-community/plausible
info: plausible: checking out revision '123d15766ba49356c02ebad2a4462dfe12d79899'
info: LeanSearchClient: cloning https://github.com/leanprover-community/LeanSearchClient
info: LeanSearchClient: checking out revision 'f5c090429dff3cf66cb65562526c9ea6e8edfbcb'
info: importGraph: cloning https://github.com/leanprover-community/import-graph
info: importGraph: checking out revision 'bb3469a87774349fe01898d8bf2fc6a1ce6411ca'
info: proofwidgets: cloning https://github.com/leanprover-community/ProofWidgets4
info: proofwidgets: checking out revision '222c58dad7706a6e7cae46c0edd65ea881d3ee27'
info: aesop: cloning https://github.com/leanprover-community/aesop
info: aesop: checking out revision '7db8190085343afde2f5d2cdcc9bac719b6ec02c'
info: Qq: cloning https://github.com/leanprover-community/quote4
info: Qq: checking out revision 'ef42f8944eaf5b6cbfbe75d1917d824c7dd6cf33'
info: batteries: cloning https://github.com/leanprover-community/batteries
info: batteries: checking out revision '76e1c118b0700b4ceafe99532e887d6431625e1a'
info: Cli: cloning https://github.com/leanprover/lean4-cli
info: Cli: checking out revision '1319485273bf87833fa472afbcefdedecb16b45f'
✔ [1/5] Built Cache.Cli (211ms)
✔ [2/5] Built Cache.Lean (234ms)
✔ [7/26] Built Cache.Infra (259ms)
✔ [8/26] Built Cache.Cli:c.o (237ms)
✔ [9/26] Built Cache.Lean:c.o (236ms)
✔ [10/26] Built Cache.Infra:c.o (97ms)
✔ [11/26] Built Batteries.Tactic.OpenPrivate:c.o (584ms)
✔ [12/26] Built Cache.IO (696ms)
✔ [13/26] Built Cache.Hashing (421ms)
✔ [14/26] Built Cache.IO:c.o (554ms)
✔ [15/26] Built Cache.Hashing:c.o (178ms)
✔ [16/26] Built Cache.Requests (847ms)
✔ [17/26] Built Cache.Marker (344ms)
✔ [18/26] Built Cache.Marker:c.o (68ms)
✔ [19/26] Built Cache.Query (386ms)
✔ [20/26] Built Cache.Query:c.o (133ms)
✔ [21/26] Built Cache.Requests:c.o (971ms)
✔ [22/26] Built Cache.Warning (373ms)
✔ [23/26] Built Cache.Warning:c.o (108ms)
✔ [24/26] Built Cache.Main (543ms)
✔ [25/26] Built Cache.Main:c.o (347ms)
✔ [26/26] Built cache:exe (1.0s)
Current branch: HEAD
Using cache from origin: (some leanprover-community/mathlib4)
Decompressing 8489 already-cached file(s) (192 already decompressed)
No files to download
Decompressed 8489 already-cached file(s)
Completed successfully in 10390 ms!
exit 0
Tue Sep 29 06:51:12 IST 2026
