== Tue Sep 29 06:55:21 IST 2026 pre-run cleanup [C2]
.lake/build/lib/lean/Challenge/WeilContainmentC2One.ilean
.lake/build/lib/lean/Challenge/WeilContainmentC2One.ilean.hash
.lake/build/lib/lean/Challenge/WeilContainmentC2One.olean
.lake/build/lib/lean/Challenge/WeilContainmentC2One.olean.hash
.lake/build/lib/lean/Challenge/WeilContainmentC2One.trace
.lake/build/ir/Challenge/WeilContainmentC2One.c
.lake/build/ir/Challenge/WeilContainmentC2One.c.hash
.lake/build/ir/Challenge/WeilContainmentC2One.setup.json
.lake/build/lib/lean/Solution/WeilContainmentC2One.ilean
.lake/build/lib/lean/Solution/WeilContainmentC2One.ilean.hash
.lake/build/lib/lean/Solution/WeilContainmentC2One.olean
.lake/build/lib/lean/Solution/WeilContainmentC2One.olean.hash
.lake/build/lib/lean/Solution/WeilContainmentC2One.trace
.lake/build/ir/Solution/WeilContainmentC2One.c
.lake/build/ir/Solution/WeilContainmentC2One.c.hash
.lake/build/ir/Solution/WeilContainmentC2One.setup.json
.lake/build/lib/lean/ChallengeDeps/WeilContainment.ilean
.lake/build/lib/lean/ChallengeDeps/WeilContainment.ilean.hash
.lake/build/lib/lean/ChallengeDeps/WeilContainment.olean
.lake/build/lib/lean/ChallengeDeps/WeilContainment.olean.hash
.lake/build/lib/lean/ChallengeDeps/WeilContainment.trace
.lake/build/ir/ChallengeDeps/WeilContainment.c
.lake/build/ir/ChallengeDeps/WeilContainment.c.hash
.lake/build/ir/ChallengeDeps/WeilContainment.setup.json
remaining: 0
