== Tue Sep 29 06:53:59 IST 2026 pre-run cleanup [C2ONE]
.lake/build/lib/lean/Solution/WeilContainmentC2One.ilean
.lake/build/lib/lean/Solution/WeilContainmentC2One.ilean.hash
.lake/build/lib/lean/Solution/WeilContainmentC2One.olean
.lake/build/lib/lean/Solution/WeilContainmentC2One.olean.hash
.lake/build/lib/lean/Solution/WeilContainmentC2One.trace
.lake/build/ir/Solution/WeilContainmentC2One.c
.lake/build/ir/Solution/WeilContainmentC2One.c.hash
.lake/build/ir/Solution/WeilContainmentC2One.setup.json
.lake/build/lib/lean/Solution/WeilContainmentC2.ilean
.lake/build/lib/lean/Solution/WeilContainmentC2.ilean.hash
.lake/build/lib/lean/Solution/WeilContainmentC2.olean
.lake/build/lib/lean/Solution/WeilContainmentC2.olean.hash
.lake/build/lib/lean/Solution/WeilContainmentC2.trace
.lake/build/ir/Solution/WeilContainmentC2.c
.lake/build/ir/Solution/WeilContainmentC2.c.hash
.lake/build/ir/Solution/WeilContainmentC2.setup.json
.lake/build/lib/lean/ChallengeDeps/WeilContainment.ilean
.lake/build/lib/lean/ChallengeDeps/WeilContainment.ilean.hash
.lake/build/lib/lean/ChallengeDeps/WeilContainment.olean
.lake/build/lib/lean/ChallengeDeps/WeilContainment.olean.hash
.lake/build/lib/lean/ChallengeDeps/WeilContainment.trace
.lake/build/ir/ChallengeDeps/WeilContainment.c
.lake/build/ir/ChallengeDeps/WeilContainment.c.hash
.lake/build/ir/ChallengeDeps/WeilContainment.setup.json
remaining: 0
