== Tue Sep 29 06:57:12 IST 2026 yaml validator (the D5 validator), from rh-program/
validator exit=0
VALIDATION errors: 0
   Zeta23.PairCeiling.GridGap.corner_bound_fails_rational   comparator/Solution/IntegralityGap.lean, comparator/Challenge/IntegralityGap.lean, Zeta23/PairCeiling/GridGap.lean
   Zeta23.PairCeiling.GridGap.corner_fails_rational         comparator/Solution/IntegralityGap.lean, comparator/Challenge/IntegralityGap.lean, Zeta23/PairCeiling/GridGap.lean
   Zeta23.PairCeiling.GridGap.mi_fails_rational             comparator/Solution/IntegralityGap.lean, comparator/Challenge/IntegralityGap.lean, Zeta23/PairCeiling/GridGap.lean
RESULT: PASS — errors: 0, undeclared names: 0
parses; keys ['version', 'project', 'repository', 'sources', 'related_formalizations', 'classification', 'status', 'automation', 'fidelity', 'review', 'alignment', 'acknowledgements']
main_results entries naming WeilContainmentC2: 1
alignment rows: ['weilContainment_c2_interpolant_log3', 'weilContainment_c2_interpolant']
== 10(g) lint over the H5 text (banned phrases)
results/h5-c2-lean-s32/BRIEF.md: 1
results/h5-c2-lean-s32/BUILD-NOTES.md: 1
results/h5-c2-lean-s32/CHECK-O.md: 0
results/h5-c2-lean-s32/FIDELITY.md: 0
results/h5-c2-lean-s32/ORCHESTRATOR-NOTES.md: 0
results/h5-c2-lean-s32/PREDERIVATION-ERRATA.md: 0
results/h5-c2-lean-s32/SHARED.md: 0
lean/comparator/Challenge/WeilContainmentC2.lean: 0
lean/comparator/Challenge/WeilContainmentC2One.lean: 0
lean/comparator/PrintAxioms/WeilContainmentC2.lean: 0
lean/comparator/PrintAxioms/WeilContainmentC2One.lean: 0
lean/comparator/Solution/WeilContainmentC2.lean: 0
lean/comparator/Solution/WeilContainmentC2One.lean: 0
== British spellings (whole words) in the H5 text
(end)
== Tue Sep 29 06:57:17 IST 2026
