# lake build of the two Lane A literal modules — Session 19 phase 3(d) emitter, Wed Sep  9 21:56:38 IST 2026
# tree: /Users/jaytyagi/rh-lean-work/zeta-23-lean-main; lean: Lean (version 4.33.0-rc2, arm64-apple-darwin24.6.0, commit d8b18978322de05a8f3dba51ef03cf5461676c17, Release); one lake process at a time, no producers (thermal policy)
# heavy jobs (>50% CPU) before: 0; lake/lean processes: 0/0

== lake build Zeta23.DBN.Instance02.Asym_mp  start Wed Sep  9 21:56:38 IST 2026
✔ [3143/3143] Built Zeta23.DBN.Instance02.Asym_mp (1.9s)
Build completed successfully (3143 jobs).
        3.18 real         1.65 user         2.03 sys
          3030040576  maximum resident set size
                   0  average shared memory size
                   0  average unshared data size
                   0  average unshared stack size
              311861  page reclaims
                5129  page faults
                   0  swaps
                   0  block input operations
                   0  block output operations
                   0  messages sent
                   0  messages received
                   0  signals received
               26964  voluntary context switches
               40613  involuntary context switches
         20779042254  instructions retired
          7137147337  cycles elapsed
           205562128  peak memory footprint
== exit 0  end Wed Sep  9 21:56:41 IST 2026

== lake build Zeta23.DBN.Instance02.Asym_arb  start Wed Sep  9 21:56:41 IST 2026
✔ [3143/3143] Built Zeta23.DBN.Instance02.Asym_arb (1.4s)
Build completed successfully (3143 jobs).
        2.53 real         1.64 user         1.90 sys
          3029499904  maximum resident set size
                   0  average shared memory size
                   0  average unshared data size
                   0  average unshared stack size
              316702  page reclaims
                 174  page faults
                   0  swaps
                   0  block input operations
                   0  block output operations
                   0  messages sent
                   0  messages received
                   0  signals received
                  44  voluntary context switches
               28757  involuntary context switches
         19719008286  instructions retired
          6598857477  cycles elapsed
           204431632  peak memory footprint
== exit 0  end Wed Sep  9 21:56:44 IST 2026

# heavy jobs after: 0
