== lake build -j2 Zeta23.DBN.Asym  start Wed Sep  9 21:29:06 IST 2026  (heavy jobs before: 0)
error: unknown short option '-j'
        0.03 real         0.02 user         0.00 sys
            55279616  maximum resident set size
                   0  average shared memory size
                   0  average unshared data size
                   0  average unshared stack size
                4524  page reclaims
                   5  page faults
                   0  swaps
                   0  block input operations
                   0  block output operations
                   0  messages sent
                   0  messages received
                   0  signals received
                   2  voluntary context switches
                  41  involuntary context switches
           312465875  instructions retired
            96069995  cycles elapsed
            10814112  peak memory footprint
== exit 1  end Wed Sep  9 21:29:06 IST 2026
