t1e3 small-L N_Z  chk=2.197408974542e-02 bld=2.197408974542e-02  rel=4.441e-15 abs=9.714e-17
         main chk=-2.338405169299e-02 bld=-2.338405169299e-02  rel=4.441e-16
         W_Z  chk=-1.409961947569e-03 bld=-1.409961947569e-03  rel=7.638e-14
         sep/cl6 chk=0.8602511869 bld=0.8602511869 rel=4.441e-16 ; n_used chk=459 bld=459 ; U_row chk=285.594073 bld=285.594073
t1e3 record L*(C1=1) N_Z  chk=1.693104790145e-08 bld=1.693104790190e-08  rel=2.698e-11 abs=4.568e-19
         main chk=-1.756895160549e+08 bld=-1.756895160550e+08  rel=8.671e-14
         W_Z  chk=-1.756895160549e+08 bld=-1.756895160550e+08  rel=8.671e-14
         sep/cl6 chk=121.5057656 bld=121.5057656 rel=8.682e-14 ; n_used chk=171 bld=171 ; U_row chk=106.442783 bld=106.442783
t1e4 small-L N_Z  chk=9.080464332750e-03 bld=9.080464332750e-03  rel=6.262e-14 abs=5.690e-16
         main chk=-2.338405169299e-02 bld=-2.338405169299e-02  rel=4.441e-16
         W_Z  chk=-1.430358736024e-02 bld=-1.430358736024e-02  rel=3.908e-14
         sep/cl6 chk=0.8602511869 bld=0.8602511869 rel=4.441e-16 ; n_used chk=681 bld=681 ; U_row chk=290.344481 bld=290.344481
t1e4 record L*(C1=1) N_Z  chk=5.006784880725e-09 bld=5.006784880729e-09  rel=7.396e-13 abs=3.703e-21
         main chk=-4.397621977144e+08 bld=-4.397621977144e+08  rel=9.104e-14
         W_Z  chk=-4.397621977144e+08 bld=-4.397621977144e+08  rel=9.104e-14
         sep/cl6 chk=171.2141881 bld=171.2141881 rel=9.093e-14 ; n_used chk=243 bld=243 ; U_row chk=103.284448 bld=103.284448
t1e5 small-L N_Z  chk=2.347555352617e-02 bld=2.347555352617e-02  rel=7.327e-15 abs=1.700e-16
         main chk=-2.338405169299e-02 bld=-2.338405169299e-02  rel=4.441e-16
         W_Z  chk=9.150183318501e-05 bld=9.150183318486e-05  rel=1.744e-12
         sep/cl6 chk=0.8602511869 bld=0.8602511869 rel=4.441e-16 ; n_used chk=905 bld=905 ; U_row chk=294.096285 bld=294.096285
t1e5 record L*(C1=1) N_Z  chk=1.133986121539e-09 bld=1.133986121661e-09  rel=1.074e-10 abs=1.218e-19
         main chk=-8.993077759647e+08 bld=-8.993077759648e+08  rel=9.415e-14
         W_Z  chk=-8.993077759647e+08 bld=-8.993077759648e+08  rel=9.415e-14
         sep/cl6 chk=224.0970826 bld=224.0970826 rel=9.415e-14 ; n_used chk=312 bld=312 ; U_row chk=100.957956 bld=100.957956
t1e6 small-L N_Z  chk=2.917166731869e-02 bld=2.917166731869e-02  rel=1.865e-14 abs=5.447e-16
         main chk=-2.338405169299e-02 bld=-2.338405169299e-02  rel=4.441e-16
         W_Z  chk=5.787615625701e-03 bld=5.787615625700e-03  rel=9.237e-14
         sep/cl6 chk=0.8602511869 bld=0.8602511869 rel=4.441e-16 ; n_used chk=1133 bld=1133 ; U_row chk=297.219757 bld=297.219757
t1e6 record L*(C1=1) N_Z  chk=8.313694272116e-09 bld=8.313694271938e-09  rel=2.144e-11 abs=1.782e-19
         main chk=-1.616420111724e+09 bld=-1.616420111724e+09  rel=9.748e-14
         W_Z  chk=-1.616420111724e+09 bld=-1.616420111724e+09  rel=9.748e-14
         sep/cl6 chk=279.7188165 bld=279.7188165 rel=9.759e-14 ; n_used chk=378 bld=378 ; U_row chk=99.133253 bld=99.133253
DONE
