t1e3 448 4.061844985080214e-14 0.0
t1e3 482 3.838147349962304e-14 0.0
t1e3 508 1.8098760344649835e-15 0.0
t1e3 550 2.2374392441196754e-14 0.0
t1e3 616 8.097000399946724e-14 0.0
t1e3 622 4.018724621286169e-15 0.0
t1e3 651 1.1308159327566389e-14 0.0
t1e3 683 2.5845288291565642e-14 0.0
t1e3 685 3.1885396686627434e-14 0.0
t1e3 720 1.0688443430966533e-13 0.0
t1e3 729 3.821270526649744e-14 0.0
t1e3 735 7.151732080903384e-14 0.0
t1e3 756 7.083201090770758e-14 0.0
t1e3 765 4.1670017718430625e-14 0.0
t1e3 766 1.8881501200158364e-14 0.0
t1e3 776 8.291317121265472e-14 0.0
t1e3 803 9.004445341626283e-14 0.0
t1e3 817 2.027002588808975e-15 0.0
t1e3 870 1.0779710054093891e-14 0.0
t1e3 872 9.607480882156676e-14 0.0
t1e4 9851 8.309492549210838e-13 0.0
t1e4 9934 1.7490657199185325e-13 0.0
t1e4 9981 9.541114871092471e-13 0.0
t1e4 9990 1.2017313529880356e-12 0.0
t1e4 10052 3.7208580847331173e-13 0.0
t1e4 10058 3.4638826176113335e-13 0.0
t1e4 10079 1.5112521739286586e-13 0.0
t1e4 10218 1.0071982302277094e-12 0.0
t1e4 10225 3.331683112960565e-13 0.0
t1e4 10230 4.477302042553247e-13 0.0
t1e4 10250 2.440756746934345e-13 0.0
t1e4 10268 2.7840643872207796e-13 0.0
t1e4 10300 5.933309858460883e-14 0.0
t1e4 10347 8.908965541235683e-13 0.0
t1e4 10351 7.534668116163722e-13 0.0
t1e4 10357 4.5765586911206936e-14 0.0
t1e4 10379 9.367302541007107e-13 0.0
t1e4 10431 6.231011766963983e-13 0.0
t1e4 10456 8.589967069863077e-13 0.0
t1e4 10457 4.2936609325708334e-13 0.0
t1e5 137642 9.570120303689892e-13 0.0
t1e5 137648 6.68152629564942e-12 0.0
t1e5 137666 2.9726234648440965e-12 0.0
t1e5 137694 4.414912304788506e-12 0.0
t1e5 137811 6.889661718621564e-12 0.0
t1e5 137882 5.519059902031802e-12 0.0
t1e5 137924 1.2553897214026669e-12 0.0
t1e5 137949 2.5521740828687454e-12 0.0
t1e5 137990 6.6865519330297305e-12 0.0
t1e5 138033 6.05785765891888e-12 0.0
t1e5 138104 6.167525233205507e-14 0.0
t1e5 138105 1.6901229317671082e-12 0.0
t1e5 138107 1.3491736233189598e-12 0.0
t1e5 138159 2.1493233151044156e-12 0.0
t1e5 138228 2.068415598311106e-12 0.0
t1e5 138313 7.54277981746406e-12 0.0
t1e5 138347 9.109472972939427e-12 0.0
t1e5 138461 1.2755939575246864e-12 0.0
t1e5 138485 4.793423636515154e-13 0.0
t1e5 138497 1.562990214081748e-12 0.0
t1e6 1746616 2.143264760730637e-11 0.0
t1e6 1746681 2.327307798503035e-11 0.0
t1e6 1746689 3.916631670467997e-11 0.0
t1e6 1746734 4.415497146669546e-11 0.0
t1e6 1746773 3.714849265389352e-12 0.0
t1e6 1746818 3.724659606725198e-11 0.0
t1e6 1746820 3.71172588630458e-11 0.0
t1e6 1746830 8.23999661972181e-11 1.0339757656912846e-25
t1e6 1746844 6.09184295566598e-11 0.0
t1e6 1746919 6.410378683455024e-11 0.0
t1e6 1746921 3.4210686999048606e-11 0.0
t1e6 1747021 2.8806660957019056e-12 0.0
t1e6 1747034 6.2001084661134055e-12 0.0
t1e6 1747154 6.793687862973471e-11 0.0
t1e6 1747201 2.5370138051324593e-11 0.0
t1e6 1747277 6.938482985260741e-12 0.0
t1e6 1747495 2.2035153751438678e-11 0.0
t1e6 1747563 2.5177072919234622e-11 0.0
t1e6 1747591 7.414786513963067e-11 0.0
t1e6 1747673 4.026305296139879e-12 0.0
DONE
