int f0            = 1.0
Q0(0.0): closed 1.006127190865828622644798  numeric 1.006127190865828622644798
Q0(0.25): closed 0.7823457968091457906805891  numeric 0.7823457968091457906805891
Q0(0.6): closed 0.3811598182159219447428899  numeric 0.3811598182159219447428899
Q0(0.999): closed 0.0006855822945948679429820007  numeric 0.0006855822945948679429820007

Q0(0)  = int f0^2  = 1.00612719086582862264479787116  (direct: 1.00612719086582862264479787116 )
Q0(1)  = 0.0

2 int_0^1 a Q0(a) da = 0.321372105454759731620822338039
C_MT = Q0(0)+2int   = 1.3274992963205883542656202092
C_MT closed form    = 1.3274992963205883542656202092
C_MT difference     = 0.0
C0 = 2 - C_MT       = 0.672500703679411645734379790803
C0 closed form      = 0.672500703679411645734379790803

c0 = 2 - Q0(0)      = 0.993872809134171377355202128843
v  = c0 + int r x   = 0.672500703679411645734379790803    (must equal 2 - C_MT)
r(1)                = 0.0
|r'(1)|             = 1.36951017082213778204795106624
sign changes of r'' on [0,1]: 1
int_0^1 |r''|       = 1.9564962148576762962060722975
|r'(1)| + int|r''|  = 3.32600638567981407825402336373
ceiling for this r  = 0.68183714593194122412
headroom ceiling - v= 0.0093364422525295783883

flat window lambda=1: c0 = 1.0  r(x) = -2(1-x),  v = 0.66666666666666666667
0.68182868746 - 2/3 = 0.01516202079
0.68182868746 - v   = 0.009327983781

eps        K(2 i eps)                          K(2 i eps)^2                     RHS = 2-2K^2
0         1.0                                 1.0                              0.0
0.001     1.000006119110861499065791          1.000012238259166515866898       -2.4476518333e-5
0.01      1.000612026858751520163397          1.001224428294378873580008       -0.00244885658876
0.1       1.062371152745061533017595          1.128632466184870862840693       -0.25726493237
0.5       3.454214544266386062435203          11.9315981178214371584361        -21.8631962356

configuration invariants (Prop 2.1 right-hand side 2*sum_z 1 - sum_{z,s} K(z-s)^2):
  on-line double at real x, m=2 :  sum_z 1 = 2, sum K^2 = m^2 K(0)^2 = 4,  RHS = 0
  off-line pair x +- i*0.01      :  sum_z 1 = 2, sum K^2 = 4.0024488565887577472,  RHS = -0.00244885658876
  off-line pair x +- i*0.1       :  sum_z 1 = 2, sum K^2 = 4.2572649323697417257,  RHS = -0.25726493237
  off-line pair x +- i*0.5       :  sum_z 1 = 2, sum K^2 = 25.863196235642874317,  RHS = -21.8631962356

pair block: a=||g||^2=(1+K)/2, ||h||^2=(K-1)/2, alpha_1=1+K, alpha_2=1-K
  eps=0.01  ||g||^2 num 1.0003060134293757601  closed 1.0003060134293757601 ; ||g||^2-||h||^2 = 1.0 ; a1^2+a2^2 = 4.0024488565887577472
  eps=0.1   ||g||^2 num 1.0311855763725307665  closed 1.0311855763725307665 ; ||g||^2-||h||^2 = 1.0 ; a1^2+a2^2 = 4.2572649323697417257
  eps=0.5   ||g||^2 num 2.2271072721331930312  closed 2.2271072721331930312 ; ||g||^2-||h||^2 = 1.0 ; a1^2+a2^2 = 25.863196235642874317
