== L1 Hasse (Sutherland L8 Thm 8.3): deg(r*pi - s) = r^2 q - r s t + s^2 >= 0 ==
V (t=5): min over 0<|r|,|s|<=6 = -9 at [(-3, -6), (3, 6)] ; deg(pi-1) = 1 = N_1 ; disc t^2-4q = 5
E0 (t=4): min over 0<|r|,|s|<=6 = 1 at [(0, -1), (0, 1), (-1, -2), (1, 2)] ; deg(pi-1) = 2 = N_1 ; disc t^2-4q = -4
V: pi - 2 has formal degree (alpha-2)(beta-2) = -1 ; alpha - 2 = (1+sqrt5)/2 = golden ratio, a unit of norm -1
V: deg(1 - pi^n) = N_n >= 1 for all n (zeta-level degrees positive): [1, 11, 76, 451, 2501, 13376]

== L2 Castelnuovo-Severi / Hodge index on C x C (Milne pp. 9-10, Thm 1.5, Cor 1.6, Ex 1.7) ==
V (t=5) basis ['C1', 'C2', 'G0', 'G1']: rank 4, (+,-) = (2,2)  [Hodge index requires exactly one +]
V (t=5) basis ['C1', 'C2', 'G0', 'G1', 'G2', 'G3']: rank 4, (+,-) = (2,2)  [Hodge index requires exactly one +]
   def(m*Delta + n*Gamma_pi) < 0 at: [(-4, 2, -8), (-3, 1, -2), (-3, 2, -2), (-2, 1, -2)] 
   Cor 1.6 at (Delta, Gamma_pi): |N_1 - q - 1| = 5 <= 2g sqrt(q) = 4.4721 ? False
E0 (t=4) basis ['C1', 'C2', 'G0', 'G1']: rank 4, (+,-) = (1,3)  [Hodge index requires exactly one +]
E0 (t=4) basis ['C1', 'C2', 'G0', 'G1', 'G2', 'G3']: rank 4, (+,-) = (1,3)  [Hodge index requires exactly one +]
   def(m*Delta + n*Gamma_pi) < 0 at: [] (none)
   Cor 1.6 at (Delta, Gamma_pi): |N_1 - q - 1| = 4 <= 2g sqrt(q) = 4.4721 ? True
  extension degree n=1: V a_n=5, 2 q^(n/2)=4.47 -> CS on span(Delta, Gamma_pi^n) VIOLATED ; E0 a_n=4 ok
  extension degree n=2: V a_n=15, 2 q^(n/2)=10.00 -> CS on span(Delta, Gamma_pi^n) VIOLATED ; E0 a_n=6 ok
  extension degree n=3: V a_n=50, 2 q^(n/2)=22.36 -> CS on span(Delta, Gamma_pi^n) VIOLATED ; E0 a_n=4 ok
  extension degree n=4: V a_n=175, 2 q^(n/2)=50.00 -> CS on span(Delta, Gamma_pi^n) VIOLATED ; E0 a_n=-14 ok
  extension degree n=5: V a_n=625, 2 q^(n/2)=111.80 -> CS on span(Delta, Gamma_pi^n) VIOLATED ; E0 a_n=-76 ok
  extension degree n=6: V a_n=2250, 2 q^(n/2)=250.00 -> CS on span(Delta, Gamma_pi^n) VIOLATED ; E0 a_n=-234 ok

== L3 Rosati (Milne Thm 1.27, Cor 1.29, Thm 1.30): Tr(x x^dagger) > 0 on Q[pi], pi^dagger = q/pi ==
V (t=5): Q[pi] = Q(sqrt(5)) (real quadratic); Tr(x x^dag) at x = pi - 2: -2 ; min over box = -8
   Cor 1.29 test rho(pi^dag) = conj(rho(pi)) for rho(pi)=alpha: q/alpha = 1.3819660, conj(alpha) = 3.6180340, equal: False
E0 (t=4): Q[pi] = Q(sqrt(-4)) (imaginary quadratic); Tr(x x^dag) at x = pi - 2: 2 ; min over box = 2
   Cor 1.29 test rho(pi^dag) = conj(rho(pi)) for rho(pi)=alpha: q/alpha = 2.0 - 1.0*I, conj(alpha) = 2.0 - 1.0*I, equal: True
   Thm 1.30 input e(pi x, pi y) = q e(x,y): on a 2-dim space e is unique up to scalar and scales by det(pi) = q = 5 for BOTH (V supplies it).

== L4 Stepanov-Bombieri (Bourbaki 430, Thm 1 (5), (7); Sec. III (8)-(10)) ==
r=2 Q=25 [(7) hyp ok: True] bound(7)=40 bound(5)=41 | V (t=5): N=11 ok ; twist N^tw=2(Q+1)-N=41 VIOLATES (8) ; lower bound 2(Q+1)-bound(7)=12 VIOLATED
r=2 Q=25 [(7) hyp ok: True] bound(7)=40 bound(5)=41 | E0 (t=4): N=20 ok ; twist N^tw=2(Q+1)-N=32 ok ; lower bound 2(Q+1)-bound(7)=12 ok
r=4 Q=625 [(7) hyp ok: True] bound(7)=690 bound(5)=701 | V (t=5): N=451 ok ; twist N^tw=2(Q+1)-N=801 VIOLATES (8) ; lower bound 2(Q+1)-bound(7)=562 VIOLATED
r=4 Q=625 [(7) hyp ok: True] bound(7)=690 bound(5)=701 | E0 (t=4): N=640 ok ; twist N^tw=2(Q+1)-N=612 ok ; lower bound 2(Q+1)-bound(7)=562 ok
r=6 Q=15625 [(7) hyp ok: True] bound(7)=15940 bound(5)=16001 | V (t=5): N=13376 ok ; twist N^tw=2(Q+1)-N=17876 VIOLATES (8) ; lower bound 2(Q+1)-bound(7)=15312 VIOLATED
r=6 Q=15625 [(7) hyp ok: True] bound(7)=15940 bound(5)=16001 | E0 (t=4): N=15860 ok ; twist N^tw=2(Q+1)-N=15392 ok ; lower bound 2(Q+1)-bound(7)=15312 ok
Bombieri p.239 example: omega1=q, omega2=1 -> nu_r = q^r - q^r - 1 + 1 = 0 for all r; zeta = 1, class number L(1) = (1-q)(1-1) = 0.
V is sharper: nu_r = N_r >= 1, b_d >= 1, class number 1 (baseline.log).

== L4b control: E0 and its quadratic twist over F_25 by brute force (F_25 = F_5[X]/(X^2+X+2)?) ==
irreducible X^2 + 0 X + 2 ; #E0(F_25) = 20 (pred 20) ; #E0^tw(F_25) = 32 (pred 2*26-20 = 32) ; sum = 52 = 2(Q+1) = 52

== L5 Deligne Weil I: (7.1) on X = C^k (k even, dim k): q^((k-1)/2) <= |alpha^k| <= q^((k+1)/2); (3.2) Rankin: |alpha|^(2k) <= q^(k*w+1) ==
V (t=5)  C^2: bounds [2.236, 11.180] ; |alpha|^k, |beta|^k = ['13.090 VIOLATED', '1.910 VIOLATED']
V (t=5)  C^4: bounds [11.180, 55.902] ; |alpha|^k, |beta|^k = ['171.353 VIOLATED', '3.647 VIOLATED']
V (t=5)  C^6: bounds [55.902, 279.508] ; |alpha|^k, |beta|^k = ['2243.034 VIOLATED', '6.966 VIOLATED']
V (t=5)  Rankin 2k=2 (weight w=1): ['13.09<=25 ok']
V (t=5)  Rankin 2k=4 (weight w=1): ['171.35<=125 VIOLATED']
V (t=5)  Rankin 2k=6 (weight w=1): ['2243.03<=625 VIOLATED']
E0 (t=4)  C^2: bounds [2.236, 11.180] ; |alpha|^k, |beta|^k = ['5.000 ok', '5.000 ok']
E0 (t=4)  C^4: bounds [11.180, 55.902] ; |alpha|^k, |beta|^k = ['25.000 ok', '25.000 ok']
E0 (t=4)  C^6: bounds [55.902, 279.508] ; |alpha|^k, |beta|^k = ['125.000 ok', '125.000 ok']
E0 (t=4)  Rankin 2k=2 (weight w=1): ['5.00<=25 ok']
E0 (t=4)  Rankin 2k=4 (weight w=1): ['25.00<=125 ok']
E0 (t=4)  Rankin 2k=6 (weight w=1): ['125.00<=625 ok']

== L6 Laumon (Thm 4.1.3): H^1 of a curve is pure of weight 1; formal weights 2 log|alpha|/log q ==
V (t=5): weights [1.59799, 0.40201]
E0 (t=4): weights [1.0, 1.0]

== L7 special curves: Gauss sums over F_5 (|g|^2 = q) and Jacobi sums (norm q, in Z[i]) ==
character of order 4: |g|^2 = 5.000000000000
character of order 2: |g|^2 = 5.000000000000
character of order 4: |g|^2 = 5.000000000000
Jacobi sums J(chi^a, chi^b), a+b != 0 mod 4: [(-1, -2), (-1, 2), (1, -2), (1, 2)] ; norms: [5]
E0 Frobenius 2+i: among units*Jacobi sums: True ; V alpha = (5+sqrt5)/2 real, alpha^2 = 13.0902 != 5

== L8 Hrushovski Example 11.4 (S = Delta): |e| <= (2g(2 deg deg^t - S.S^t))^(1/2) q^(1/2) = 2g sqrt(q) ==
V (t=5): e = -5, bound = 4.4721 -> VIOLATED
E0 (t=4): e = -4, bound = 4.4721 -> ok
