S8(pi/16)  V | N(V) | pi_P(V) | E(V) | m (x_m < V < x_{m+1}) | N(x_m) | E(x_m)
1000 | 198 | 118 | [0.8468086915 +/- 1.28e-11] | 196 | 197 | 0.5
3162 | 622 | 340 | [0.3391013752 +/- 3.36e-11] | 621 | 622 | 0.5
10000 | 1964 | 990 | [-0.2990589528 +/- 2.86e-11] | 1963 | 1964 | 0.5
31622 | 6211 | 2888 | [1.231168802 +/- 3.22e-10] | 6209 | 6210 | 0.5
100000 | 19637 | 8415 | [1.242264605 +/- 3.59e-10] | 19635 | 19636 | 0.5
316227 | 62092 | 24680 | [0.1700953696 +/- 2.78e-11] | 62091 | 62092 | 0.5
1000000 | 196350 | 72603 | [-0.3444998212 +/- 2.81e-11] | 196349 | 196350 | 0.5
3162277 | 620914 | 214016 | [1.559361043 +/- 3.13e-10] | 620911 | 620913 | 1.5
10000000 | 1963496 | 633514 | [-0.2121440799 +/- 2.47e-11] | 1963495 | 1963496 | 0.5
31622776 | 6209119 | 1879642 | [0.6483673141 +/- 3.28e-11] | 6209117 | 6209119 | 1.5
100000000 | 19634955 | 5593120 | [0.1114133331 +/- 8.98e-12] | 19634954 | 19634955 | 0.5
316227766 | 62091178 | 16689630 | [0.5384300286 +/- 1.32e-11] | 62091176 | 62091177 | 0.5
1000000000 | 196349548 | 49924829 | [6.346987463 +/- 4.46e-10] | 196349541 | 196349547 | 5.5
3162277660 | 620911771 | 149701129 | [3.617154418 +/- 2.24e-10] | 620911766 | 620911769 | 2.5
FINAL K=1963495408 N(x_K)=1963495409 pi(x_K)=449911828 e_K=0 E(x_K)=e_K+1/2
S8(pi/32)  V | N(V) | pi_P(V) | E(V) | m (x_m < V < x_{m+1}) | N(x_m) | E(x_m)
1000 | 99 | 75 | [-0.07659565426 +/- 3.65e-12] | 98 | 99 | 0.5
3162 | 311 | 232 | [-0.3304493124 +/- 1.68e-11] | 310 | 311 | 0.5
10000 | 983 | 700 | [0.3504705236 +/- 1.43e-11] | 982 | 983 | 0.5
31622 | 3105 | 2106 | [-0.3844155988 +/- 3.92e-11] | 3104 | 3105 | 0.5
100000 | 9818 | 6350 | [-0.3788676977 +/- 2.09e-11] | 9817 | 9818 | 0.5
316227 | 31047 | 19139 | [0.5850476848 +/- 1.39e-11] | 31045 | 31046 | 0.5
1000000 | 98177 | 57724 | [1.327750089 +/- 3.86e-10] | 98175 | 98177 | 1.5
3162277 | 310457 | 174263 | [0.2796805213 +/- 4.37e-11] | 310456 | 310457 | 0.5
10000000 | 981749 | 526606 | [0.3939279600 +/- 3.77e-11] | 981748 | 981749 | 0.5
31622776 | 3104560 | 1592734 | [0.3241836571 +/- 3.37e-11] | 3104559 | 3104560 | 0.5
100000000 | 9817480 | 4822578 | [2.055706667 +/- 4.46e-10] | 9817477 | 9817480 | 2.5
316227766 | 31045590 | 14616923 | [0.7692150143 +/- 6.61e-12] | 31045588 | 31045590 | 1.5
1000000000 | 98174771 | 44345886 | [-0.3265062683 +/- 2.28e-11] | 98174770 | 98174771 | 0.5
3162277660 | 310455884 | 134673637 | [-0.1914227909 +/- 1.19e-11] | 310455883 | 310455884 | 0.5
FINAL K=981747704 N(x_K)=981747705 pi(x_K)=409388073 e_K=0 E(x_K)=e_K+1/2
