# run_gen.sh D=32 d=7 K=981748 start 17:59:02 IST 2026-10-01 host arm64
pi: Machin rational enclosure of width < 2^-1300, contains arb's pi; all 26 constants and 15 checkpoint enclosures certified by both methods; NCAP 161144; t = [10.185916357881301489 +/- 2.09e-19]; written /private/tmp/rh-s41-U6-second/params_pi32_1e7.txt
s8gen D=32 R=14 KFIN=981748 NCAP=161144 seg=2^27 ftest=0 t~10.185916357881302
CHECK V=1000 cell=99 N(V)=99 pi(V)=75 | lattice x_98: N=99 pi=75 e=0
CHECK V=3162 cell=311 N(V)=311 pi(V)=232 | lattice x_310: N=311 pi=232 e=0
CHECK V=10000 cell=983 N(V)=983 pi(V)=700 | lattice x_982: N=983 pi=700 e=0
CHECK V=31622 cell=3105 N(V)=3105 pi(V)=2106 | lattice x_3104: N=3105 pi=2106 e=0
CHECK V=100000 cell=9818 N(V)=9818 pi(V)=6350 | lattice x_9817: N=9818 pi=6350 e=0
CHECK V=316227 cell=31046 N(V)=31047 pi(V)=19139 | lattice x_31045: N=31046 pi=19139 e=0
CHECK V=1000000 cell=98176 N(V)=98177 pi(V)=57724 | lattice x_98175: N=98177 pi=57724 e=1
CHECK V=3162277 cell=310457 N(V)=310457 pi(V)=174263 | lattice x_310456: N=310457 pi=174263 e=0
FINAL K=981748 N(x_K)=981749 pi(x_K)=526606 e_K=0 E(x_K)=e_K+1/2
composites=455142 storedprimes=92866 maxfactors=8 fallbacks_cell=0 fallbacks_checkpoint=0
max e over lattice points=8 at m=352371 (sup of E on the lattice = 8.5); mean e=0.160434
closest fast-path decision: margin > 2.806912e-06 in W (= 2.859097e-05 in u), cell 129991, factors x(n): 1 9 244
individual=65536 cpu=0.0s wall=0s
        0.02 real         0.01 user         0.00 sys
            48988160  maximum resident set size
            48579016  peak memory footprint
234e818e4ce4562473c4d1991369ffb286679171fdc1d38b7f960ccbc71acf65  m_pi32_1e7.blk
38f0dc9c81ceb9eec7adab188ea7777030b88c79312b6ac591dce0a3fe328611  m_pi32_1e7.ind
cb3ac1546387646d2d3538c98803da2cb6a51f3597ac9dcc8f8adc2723927ea4  params_pi32_1e7.txt
# end 17:59:02 IST 2026-10-01
