# run_gen.sh D=16 d=7 K=1963495 start 17:57:02 IST 2026-10-01 host arm64
pi: Machin rational enclosure of width < 2^-1300, contains arb's pi; all 44 constants and 15 checkpoint enclosures certified by both methods; NCAP 553662; t = [5.0929581789406507446 +/- 4.29e-21]; written /private/tmp/rh-s41-U6-second/params_pi16_1e7.txt
s8gen D=16 R=23 KFIN=1963495 NCAP=553662 seg=2^27 ftest=0 t~5.0929581789406511
CHECK V=1000 cell=197 N(V)=198 pi(V)=118 | lattice x_196: N=197 pi=118 e=0
CHECK V=3162 cell=622 N(V)=622 pi(V)=340 | lattice x_621: N=622 pi=340 e=0
CHECK V=10000 cell=1964 N(V)=1964 pi(V)=990 | lattice x_1963: N=1964 pi=990 e=0
CHECK V=31622 cell=6210 N(V)=6211 pi(V)=2888 | lattice x_6209: N=6210 pi=2888 e=0
CHECK V=100000 cell=19636 N(V)=19637 pi(V)=8415 | lattice x_19635: N=19636 pi=8415 e=0
CHECK V=316227 cell=62092 N(V)=62092 pi(V)=24680 | lattice x_62091: N=62092 pi=24680 e=0
CHECK V=1000000 cell=196350 N(V)=196350 pi(V)=72603 | lattice x_196349: N=196350 pi=72603 e=0
CHECK V=3162277 cell=620912 N(V)=620914 pi(V)=214016 | lattice x_620911: N=620913 pi=214016 e=1
FINAL K=1963495 N(x_K)=1963496 pi(x_K)=633514 e_K=0 E(x_K)=e_K+1/2
composites=1329981 storedprimes=192255 maxfactors=12 fallbacks_cell=0 fallbacks_checkpoint=0
max e over lattice points=12 at m=1904807 (sup of E on the lattice = 12.5); mean e=0.528481
closest fast-path decision: margin > 9.354809e-08 in W (= 4.764365e-07 in u), cell 206343, factors x(n): 2 23884
individual=65536 cpu=0.0s wall=0s
        0.04 real         0.03 user         0.00 sys
            50315264  maximum resident set size
            49906120  peak memory footprint
ecb155642c8b62abf85762400ff3dcd14855adca8014bf079f4f9453025343fe  m_pi16_1e7.blk
8cc5fdc935bbfe49043056b8f01dae3fba1952a5a96644c411204ee502a64bb0  m_pi16_1e7.ind
ed32aeee5c4bbbd69b83a848f27cbc58a4b6885656b15ebff543193bdf93d643  params_pi16_1e7.txt
# end 17:57:02 IST 2026-10-01
