# run_gen.sh D=64 d=10 K=490873852 start 18:07:48 IST 2026-10-01 host arm64
pi: Machin rational enclosure of width < 2^-1300, contains arb's pi; all 18 constants and 15 checkpoint enclosures certified by both methods; NCAP 43883220; t = [20.371832715762602978 +/- 4.18e-19]; written /private/tmp/rh-s41-U6-second/params_pi64_1e10.txt
s8gen D=64 R=10 KFIN=490873852 NCAP=43883220 seg=2^27 ftest=0 t~20.371832715762604
CHECK V=1000 cell=50 N(V)=51 pi(V)=45 | lattice x_49: N=50 pi=45 e=0
CHECK V=3162 cell=156 N(V)=156 pi(V)=136 | lattice x_155: N=156 pi=136 e=0
CHECK V=10000 cell=492 N(V)=493 pi(V)=424 | lattice x_491: N=492 pi=424 e=0
CHECK V=31622 cell=1553 N(V)=1553 pi(V)=1303 | lattice x_1552: N=1553 pi=1303 e=0
CHECK V=100000 cell=4910 N(V)=4910 pi(V)=4022 | lattice x_4909: N=4910 pi=4022 e=0
CHECK V=316227 cell=15524 N(V)=15524 pi(V)=12382 | lattice x_15523: N=15524 pi=12382 e=0
CHECK V=1000000 cell=49088 N(V)=49088 pi(V)=38134 | lattice x_49087: N=49088 pi=38134 e=0
CHECK V=3162277 cell=155229 N(V)=155229 pi(V)=117459 | lattice x_155228: N=155229 pi=117459 e=0
CHECK V=10000000 cell=490875 N(V)=490875 pi(V)=361823 | lattice x_490874: N=490875 pi=361823 e=0
CHECK V=31622776 cell=1552280 N(V)=1552281 pi(V)=1114828 | lattice x_1552279: N=1552280 pi=1114828 e=0
CHECK V=100000000 cell=4908739 N(V)=4908739 pi(V)=3435941 | lattice x_4908738: N=4908739 pi=3435941 e=0
CHECK V=316227766 cell=15522795 N(V)=15522795 pi(V)=10592203 | lattice x_15522794: N=15522795 pi=10592203 e=0
CHECK V=1000000000 cell=49087386 N(V)=49087386 pi(V)=32662714 | lattice x_49087385: N=49087386 pi=32662714 e=0
CHECK V=3162277660 cell=155227943 N(V)=155227945 pi(V)=100748294 | lattice x_155227942: N=155227945 pi=100748294 e=2
FINAL K=490873852 N(x_K)=490873853 pi(x_K)=310847297 e_K=0 E(x_K)=e_K+1/2
composites=180026555 storedprimes=29271139 maxfactors=9 fallbacks_cell=0 fallbacks_checkpoint=0
max e over lattice points=9 at m=336723075 (sup of E on the lattice = 9.5); mean e=0.095103
closest fast-path decision: margin > 3.433607e-09 in W (= 6.994886e-08 in u), cell 409995269, factors x(n): 1 3 705818
individual=65536 cpu=10.6s wall=11s
       10.63 real        10.58 user         0.03 sys
           433258496  maximum resident set size
           433013456  peak memory footprint
9b0cb1681e3426fdc32f59e82a555fa629aa77c95aca75e3c1e9cbed8d8f7a22  m_pi64_1e10.blk
fee8a4ce3d04cce0c51ce0a7ab84e91af4076283531702bf39d5c4351a8a810d  m_pi64_1e10.ind
9810c873bedc8f847a6a94a7cdfbad31c2893e3d133f2ca560c9261296f1294c  params_pi64_1e10.txt
# end 18:07:59 IST 2026-10-01
