## x-20-deninger-2005-arithmetic-geometry-and-analysis-on-foliated-spaces.txt
   [8] | is infinite dimensional, the spectrum of
   [8] | with trivial action of
   [9] | such that (f, f
   [9] | is positive definite, i.e. a scalar product on
   [9] | Hence the Riemann conjecture for
   [22] | at least one of the cohomology groups
   [22] | Otherwise the alternating sum of traces would be a smooth function and hence have empty si
   [24] | the group generated by the lengths of closed orbits is a finitely generated subgroup of
   [24] | In order to achieve an infinitely generated group the flow must have fixed points
## x-21-deninger-2002-number-theory-and-dynamical-systems-foliated-spaces.txt
   [3] | Even if the leaves are dense, already
   [12] | at least one of the cohomology groups
   [14] | In order to achieve an infinitely generated group the flow must have fixed points
## x-18-deninger-2007-analogies-foliated-spaces-and-arithmetic-geometry.txt
   [1] | which in general is infinite dimensional is not of a topological but instead of a very ana
   [5] | will be infinite dimensional Fr
   [4] | Number of residue characteristics
   [4] | If one wants an infinitely generated
   [4] | one must allow the flow to have fixed points
   [6] | using elliptic curves over finite fields we constructed examples of systems
   [4, 6] | Connes
## x-17-deninger-2010-hilbert-polya-strategy-and-height-pairings.txt
   [4] | Finally we expect a C-antilinear Hodge
   [5] | is positive definite i.e. a scalar product
   [1] | Hence our remark may be interpreted as support for the Hilbert
   [10] | would also be responsible for the positivity properties of the height pairings
## x-04-deninger-2022-no-weil-cohomology-real-coefficients-arithmetic-curves.txt
   [2] | is infinite dimensional with the eigenvalues of
   [] | There is a canonical anti-linear automorphism
   [5] | For a number field k there is no functorial real valued cohomology theory
   [5] | satisfies property 2.12
   [6] | it follows that the analogy is too simple
   [5] | with values in KR is a possibility for arithmetic curves
## x-03-deninger-dynamical-systems-for-arithmetic-schemes-arxiv-v4.txt
   [5] | is infinite dimensional whereas ideally we would want it to be of dimension
   [5] | The resulting dynamical system is still infinite dimensional
   [5] | This is the present situation in the search for
## z-19-deninger-2026-dynamical-systems-arithmetic-schemes-INDAG-published.txt
   [5] | is infinite dimensional whereas ideally we would want it to be of dimension
   [5] | The resulting dynamical system is still infinite dimensional
## F-1805.10501.txt
   [18] | is obtained using the distribution
   [18] | The key missing step is provided by the implementation of a Riemann-Roch formula
   [18] | and the fact that
## F-0704.2030.txt
   [43, 305, 308, 348] | is a monomorphism of generalized schemes
   [43] | discarding all hopes to obtain a non-trivial
## F-0906.3146.txt
   [27] | we do not know if there is a uniformity property, which is what we would need to create a 
   [27] | Of course this makes essential use of equal characteristic
   [7] | must be defined to be the Witt space
   [8] | The ring Z has a unique
   [5] | says nothing about the archimedean place of Q, it is hard to imagine this succeeding witho
   [25] | the graphs of all powers of the Frobenius map on S
   [25] | Therefore f! is not faithful, and hence f is not an isomorphism of toposes
## milne-1509.00797.txt
   [9] | We have a symmetric bi-additive intersection form
   [9] | The intersection form on N(V ) has index 1
   [10] | number of points on C rational over k0
   [10] | The graph of f is a divisor
