# residue_signs_rerun.py -- mpmath 1.3.0 -- mp.dps = 30 -- started Fri Sep 25 18:26:25 IST 2026
## Part A: the orchestrator's sixteen, same format as verify-orch/residue_signs.py
n= 1 gamma=   14.134725  Re w=-0.01089  Im w=-0.08847  arg(1/zeta')=-0.050pi
n= 2 gamma=   21.022040  Re w=+0.01012  Im w=-0.04059  arg(1/zeta')=+0.070pi
n= 3 gamma=   25.010858  Re w=-0.00901  Im w=-0.02771  arg(1/zeta')=-0.106pi
n= 4 gamma=   30.424876  Re w=+0.01326  Im w=-0.02144  arg(1/zeta')=+0.171pi
n= 5 gamma=   32.935062  Re w=-0.01165  Im w=-0.01862  arg(1/zeta')=-0.183pi
n= 6 gamma=   37.586178  Re w=+0.00415  Im w=-0.01309  arg(1/zeta')=+0.094pi
n= 7 gamma=   40.918719  Re w=+0.00353  Im w=-0.01601  arg(1/zeta')=+0.065pi
n= 8 gamma=   43.327073  Re w=-0.00746  Im w=-0.01014  arg(1/zeta')=-0.206pi
n= 9 gamma=   48.005151  Re w=+0.01008  Im w=-0.00865  arg(1/zeta')=+0.271pi
n=10 gamma=   49.773832  Re w=-0.00637  Im w=-0.01265  arg(1/zeta')=-0.152pi
n=11 gamma=   52.970321  Re w=-0.00193  Im w=-0.00754  arg(1/zeta')=-0.083pi
n=12 gamma=   56.446248  Re w=+0.00269  Im w=-0.00698  arg(1/zeta')=+0.114pi
n=13 gamma=   59.347044  Re w=+0.00523  Im w=-0.01092  arg(1/zeta')=+0.140pi
n=14 gamma=   60.831779  Re w=-0.00846  Im w=-0.00521  arg(1/zeta')=-0.327pi
n=15 gamma=   65.112544  Re w=+0.00468  Im w=-0.00481  arg(1/zeta')=+0.243pi
n=16 gamma=   67.079811  Re w=-0.00046  Im w=-0.00835  arg(1/zeta')=-0.020pi
Part A result: 16/16 lines byte-identical to the orchestrator's log (/Users/jaytyagi/Library/Mobile Documents/com~apple~CloudDocs/Documents/Work/2026/Math/riemann/rh-program/program-digest-s25/verify-orch/residue_signs_run.log)

## Part B: the first 200 zeros at 30 digits
# columns: n, gamma, sign Re w, Re w, Im w, arg(1/zeta')/pi, arg(Res 1/xi)/pi, |arg(Res 1/xi)| - pi/2, arg H(rho)/pi, |xi'(rho) - diff xi| (independent numeric derivative), |Im rho - 1/2|
  1    14.1347251417 -   -0.010893854   -0.088473356 -0.0502528       -0.5   7.89e-31   0.449747   1.12e-33      0.0
  2    21.0220396388 +    0.010120316   -0.040588826  0.0702112        0.5  -7.89e-31  -0.429789   1.68e-35      0.0
  3    25.0108575801 -  -0.0090088056   -0.027714532  -0.106402       -0.5        0.0   0.393598   1.33e-36      0.0
  4    30.4248761259 +    0.013255924   -0.021435453   0.171064        0.5   1.97e-31  -0.328936   2.07e-38      0.0
  5    32.9350615877 -   -0.011647045   -0.018623645  -0.182729       -0.5  -1.97e-31   0.317271   3.85e-39      0.0
  6    37.5861781588 +   0.0041543439   -0.013094499  0.0935552        0.5  -2.37e-30  -0.406445   5.24e-40      0.0
  7    40.9187190121 +   0.0035268585   -0.016009997  0.0651291       -0.5   3.94e-31   0.565129   7.72e-42      0.0
  8    43.3270732809 -  -0.0074606617   -0.010137822  -0.205619        0.5   1.58e-30  -0.705619    6.6e-42      0.0
  9    48.0051508812 +    0.010077833  -0.0086548231   0.270819       -0.5  -7.89e-31   0.770819   1.25e-43      0.0
 10    49.7738324777 -  -0.0063669375   -0.012646085  -0.151664        0.5   3.94e-31  -0.651664   2.07e-44      0.0
 11    52.9703214777 -  -0.0019295329  -0.0075364485 -0.0827866       -0.5   1.18e-30   0.417213   2.96e-45      0.0
 12    56.4462476971 +    0.002691815   -0.006980276   0.114337        0.5   1.58e-30  -0.385663   4.28e-46      0.0
 13    59.3470440026 +   0.0052317547   -0.010917334   0.139565       -0.5        0.0   0.639565   1.37e-47      0.0
 14    60.8317785246 -  -0.0084611738  -0.0052119024  -0.326882        0.5  -5.92e-31  -0.826882   3.91e-48      0.0
 15    65.1125440481 +    0.004682261   -0.004810312   0.243262       -0.5        0.0   0.743262   2.99e-49      0.0
 16    67.0798105295 -  -0.0004614218  -0.0083452776 -0.0199545        0.5   4.14e-30  -0.519954   2.31e-49      0.0
 17    69.5464017112 -  -0.0016541459  -0.0063651878 -0.0832187       -0.5  -4.93e-30   0.416781   5.26e-50      0.0
 18    72.0671576745 -  -0.0015760586  -0.0044072066  -0.111528        0.5  -5.92e-30  -0.611528   9.94e-51      0.0
 19    75.7046906991 +    0.006234057  -0.0040288373    0.31527       -0.5   9.86e-31    0.81527   6.94e-53      0.0
 20    77.1448400689 -  -0.0030128942  -0.0083673879  -0.112078        0.5   4.34e-30  -0.612078   9.35e-53      0.0
 21    79.3373750202 -  -0.0031604567  -0.0035835722  -0.232062       -0.5  -9.86e-31   0.267938   1.15e-53      0.0
 22    82.9103808541 +   0.0029763981  -0.0034959836   0.222582        0.5  -3.75e-30  -0.277418   1.41e-54      0.0
 23    84.7354929805 -  -0.0003936697  -0.0054448213 -0.0248526       -0.5   5.72e-30   0.475147   4.27e-55      0.0
 24    87.4252746131 +   0.0019144811  -0.0060576327  0.0956176        0.5   2.76e-30  -0.404382   3.18e-56      0.0
 25    88.8091112076 -  -0.0043765981  -0.0027587184  -0.322766       -0.5  -2.96e-30   0.177234   1.39e-56      0.0
 26    92.4918992706 +   0.0024905633  -0.0025963523   0.241661        0.5   -6.9e-30  -0.258339   1.95e-57      0.0
 27    94.6513440405 +    0.003665675  -0.0061287717   0.169896       -0.5  -2.37e-30   0.669896    9.3e-59      0.0
 28    95.8706342282 -  -0.0049924389  -0.0036067222  -0.302517        0.5   -6.9e-30  -0.802517   8.23e-59      0.0
 29    98.8311942182 -  -8.7350875e-5  -0.0028766046 -0.0112732       -0.5  -4.34e-30   0.488727   1.39e-59      0.0
 30    101.317851006 +  0.00083291203  -0.0030157505   0.084204        0.5  -4.14e-30  -0.415796   1.38e-60      0.0
 31     103.72553804 +   0.0020898181  -0.0039265241   0.154151       -0.5   1.12e-29   0.654151   4.11e-61      0.0
 32    105.446623052 -  -0.0011668057  -0.0049250132 -0.0755562        0.5        0.0  -0.575556   1.34e-62      0.0
 33    107.168611184 -  -0.0025247018   -0.001847677  -0.300384       -0.5   9.86e-30   0.199616   3.52e-62      0.0
 34    111.029535543 +   0.0056049584 -0.00079790499   0.453555        0.5   2.37e-30 -0.0464446   3.34e-64      0.0
 35    111.874659177 -  -0.0031314274  -0.0057721575  -0.159645       -0.5  -3.94e-31   0.340355   7.78e-65      0.0
 36    114.320220915 - -0.00035831972  -0.0034165794 -0.0346539        0.5  -7.69e-30  -0.534654   9.38e-65      0.0
 37    116.226680321 -  -0.0012562147  -0.0024558665  -0.151872       -0.5   6.11e-30   0.348128   2.05e-65      0.0
 38    118.790782866 +   0.0003024361  -0.0021441345  0.0432644        0.5  -1.18e-29  -0.456736   7.17e-66      0.0
 39    121.370125002 +    0.002583697  -0.0024927348   0.254392       -0.5   8.28e-30   0.754392   3.87e-67      0.0
 40    122.946829294 +   5.4826564e-6  -0.0052166556 -0.000959954        0.5  -8.48e-30   -0.50096   8.32e-68      0.0
 41    124.256818554 -  -0.0032250575  -0.0012939635  -0.379827       -0.5   1.03e-29   0.120173   5.32e-68      0.0
 42     127.51668388 +   0.0010488093  -0.0016925568   0.175334        0.5   1.18e-30  -0.324666   1.84e-69      0.0
 43      129.5787042 +   0.0016505085  -0.0028488404   0.165918       -0.5   1.24e-29   0.665918   1.09e-69      0.0
 44    131.087688531 -  -0.0010617728  -0.0031124956  -0.105859        0.5   -1.4e-29  -0.605859   3.84e-70      0.0
 45    133.497737203 +  0.00065469482  -0.0032059351  0.0629293       -0.5   2.21e-29   0.562929   9.37e-71      0.0
 46    134.756509753 -  -0.0022355201  -0.0013925553  -0.323849        0.5   4.54e-30  -0.823849   1.09e-71      0.0
 47    138.116042055 +   0.0019463122  -0.0012092332    0.32189       -0.5   7.49e-30    0.82189   1.17e-72      0.0
 48    139.736208952 +     0.00147823  -0.0036871261   0.120231        0.5   1.08e-29  -0.379769   3.25e-73      0.0
 49    141.123707404 -    -0.00199691  -0.0028879475  -0.193697       -0.5  -1.18e-29   0.306303   1.36e-73      0.0
 50    143.111845808 -  -0.0011223049  -0.0014875787   -0.20685        0.5  -1.79e-29   -0.70685   7.36e-74      0.0
 51    146.000982487 +   0.0014247894  -0.0015546669   0.235043       -0.5   2.15e-29   0.735043   8.14e-75      0.0
 52    147.422765343 - -0.00038375725  -0.0023769961 -0.0520299        0.5   1.06e-29   -0.55203    1.3e-75      0.0
 53    150.053520421 +   0.0031186586   -0.002682044   0.272853       -0.5  -4.73e-30   0.772853   4.96e-77      0.0
 54    150.925257612 -  -0.0032718478  -0.0026136881  -0.286503        0.5   2.56e-30  -0.786503   1.55e-77      0.0
 55    153.024693811 - -0.00098555621  -0.0011840161  -0.222004       -0.5   5.52e-30   0.277996   1.11e-77      0.0
 56    156.112909294 +    0.001852929 -0.00092091752    0.35216        0.5   1.38e-30   -0.14784   4.09e-79      0.0
 57    157.597591818 +   0.0012699293  -0.0034114406   0.112424       -0.5  -6.31e-30   0.612424    2.0e-79      0.0
 58    158.849988171 -  -0.0020413792  -0.0021261563  -0.244528        0.5  -1.76e-29  -0.744528   2.08e-79      0.0
 59    161.188964138 - -0.00020784129  -0.0017152122 -0.0393715       -0.5  -1.14e-29   0.460628   4.27e-80      0.0
 60    163.030709687 - -0.00039623416  -0.0014371795 -0.0866077        0.5  -8.87e-30  -0.586608    7.7e-81      0.0
 61    165.537069188 +   0.0011181812  -0.0013845844   0.215284       -0.5  -7.89e-30   0.715284   9.88e-82      0.0
 62    167.184439978 +  0.00057025661  -0.0023676453  0.0742813        0.5  -1.66e-29  -0.425719   3.54e-82      0.0
 63    169.094515416 +  0.00089212464  -0.0037451687  0.0734952       -0.5   6.11e-30   0.573495   1.74e-83      0.0
 64    169.911976479 -  -0.0029738646  -2.9151576e-5  -0.497817        0.5    6.9e-30  -0.997817   1.73e-83      0.0
 65     173.41153652 +   0.0014626299  -0.0007723084   0.344442       -0.5  -1.36e-29   0.844442   3.68e-84      0.0
 66    174.754191523 +  0.00041895066  -0.0023935242  0.0542459        0.5  -1.26e-29  -0.445754   7.18e-85      0.0
 67    176.441434298 - -0.00033709588  -0.0021046774 -0.0514548       -0.5  -4.73e-30   0.448545   1.08e-85      0.0
 68    178.377407776 - -0.00013268135  -0.0019831263 -0.0221571        0.5   8.87e-30  -0.522157   4.31e-86      0.0
 69     179.91648402 - -0.00093420596  -0.0012806976   -0.20149       -0.5   3.94e-30    0.29851   5.76e-87      0.0
 70    182.207078484 +   8.4740863e-5  -0.0010920401  0.0237775        0.5  -2.25e-29  -0.476222   8.64e-87      0.0
 71    184.874467848 +   0.0035870766 -0.00048490303   0.456369       -0.5   1.42e-29   0.956369   1.99e-88      0.0
 72    185.598783678 -  -0.0020164985  -0.0038759884  -0.153557        0.5  -5.92e-31  -0.653557   1.27e-89      0.0
 73    187.228922584 -  -0.0014251415   -0.001231452  -0.274017       -0.5   6.51e-30   0.225983   2.65e-89      0.0
 74    189.416158656 - -0.00029029432  -0.0010049759 -0.0903499        0.5  -1.52e-29   -0.59035   2.13e-89      0.0
 75    192.026656361 +   0.0016137475 -0.00096493335   0.327632       -0.5   1.38e-29   0.827632   1.38e-90      0.0
 76    193.079726604 -  -0.0006560515  -0.0020647158  -0.098754        0.5   1.36e-29  -0.598754   5.99e-91      0.0
 77     195.26539668 +  0.00053115782  -0.0017165345  0.0947069       -0.5   -7.3e-30   0.594707    7.5e-92      0.0
 78    196.876481841 - -0.00016282973  -0.0023231308 -0.0230825        0.5   4.14e-30  -0.523083   1.08e-92      0.0
 79    198.015309676 -  -0.0015168412 -0.00050656655  -0.398207       -0.5   2.37e-30   0.101793   2.91e-93      0.0
 80    201.264751944 +   0.0013839774 -0.00049206653   0.390473        0.5   1.44e-29  -0.109527   1.54e-93      0.0
 81    202.493594514 +  0.00048151696  -0.0021584057  0.0690814       -0.5  -1.22e-29   0.569081   3.38e-94      0.0
 82    204.189671803 +   6.2539451e-5   -0.002357853 0.00766139        0.5  -1.14e-29  -0.492339   6.85e-95      0.0
 83    205.394697202 -  -0.0014777244 -0.00091605722  -0.324135       -0.5   -1.5e-29   0.175865   5.38e-95      0.0
 84    207.906258888 +  0.00024185774   -0.001036978  0.0721711        0.5  -7.49e-30  -0.427829   5.29e-96      0.0
 85    209.576509717 +   1.5235789e-5  -0.0011586005 0.00342618       -0.5  -5.92e-31   0.503426   5.08e-97      0.0
 86    211.690862595 +  0.00078745903   -0.001189971   0.185328        0.5  -2.23e-29  -0.314672   6.38e-97      0.0
 87     213.34791936 +  0.00079258428  -0.0021034316   0.113958       -0.5   2.54e-29   0.613958   1.26e-97      0.0
 88    214.547044783 -  -0.0013035742  -0.0016586987  -0.212763        0.5  -1.18e-30  -0.712763   4.52e-99      0.0
 89    216.169538508 - -0.00084649457 -0.00061769798  -0.300077       -0.5   1.68e-29   0.199923   1.92e-98      0.0
 90    219.067596349 +   0.0009616933 -0.00054581617   0.334955        0.5  -1.06e-29  -0.165045   1.21e-99      0.0
 91    220.714918839 +   0.0022884072  -0.0020459118   0.267069       -0.5   -1.2e-29   0.767069  1.58e-100      0.0
 92    221.430705555 -  -0.0023854386   -0.001445525  -0.327302        0.5  -2.37e-30  -0.827302  2.04e-101      0.0
 93    224.007000255 +  0.00070060731  -0.0015335711   0.135696       -0.5   2.72e-29   0.635696  4.33e-101      0.0
 94     224.98332467 -  -0.0012677279 -0.00087361061  -0.308645        0.5  -1.91e-29  -0.808645  1.53e-101      0.0
 95     227.42144428 +  0.00021932088 -0.00082601328  0.0819109       -0.5  -1.48e-29   0.581911  3.61e-102      0.0
 96    229.337413306 +  0.00062334371 -0.00099407482   0.177585        0.5  -1.89e-29  -0.322415  6.64e-103      0.0
 97      231.2501887 +   0.0022212996  -0.0019012581   0.273973       -0.5  -4.14e-30   0.773973  1.87e-104      0.0
 98    231.987235253 -  -0.0023891103  -0.0017107116  -0.302884        0.5   1.08e-29  -0.802884  2.19e-104      0.0
 99    233.693404179 - -0.00083873884 -0.00052765951  -0.321934       -0.5  -5.52e-30   0.178066  9.92e-105      0.0
100    236.524229666 +  0.00087653648 -0.00059300727   0.309995        0.5   1.56e-29  -0.190005  2.42e-105      0.0
101    237.769820481 +  0.00013667899  -0.0014248012  0.0297725       -0.5  -8.68e-30   0.529772  4.12e-106      0.0
102    239.555477573 +  0.00028767284  -0.0014090186  0.0634424        0.5  -1.97e-31  -0.436558  2.56e-107      0.0
103    241.049157796 -  -0.0003083684  -0.0013873956 -0.0702775       -0.5   2.62e-29   0.429723  7.97e-107      0.0
104    242.823271934 -  -0.0001655034  -0.0013514808 -0.0394428        0.5   2.96e-30  -0.539443  3.69e-108      0.0
105    244.070898497 - -0.00081071111 -0.00054121751  -0.313283       -0.5  -1.34e-29   0.186717  6.37e-108      0.0
106    247.136990075 +   0.0014464013 -0.00010821717   0.475585        0.5  -2.01e-29 -0.0244151   5.1e-109      0.0
107     248.10199006 +   0.0002745052  -0.0021459157  0.0398567       -0.5   7.69e-30   0.539857   5.9e-110      0.0
108    249.573689645 - -0.00052362919  -0.0016503245 -0.0984357        0.5  -1.38e-29  -0.598436  4.32e-110      0.0
109    251.014947795 - -0.00082048469 -0.00080729376  -0.253213       -0.5   2.72e-29   0.246787  4.21e-110      0.0
110    253.069986748 - -0.00010175335 -0.00071277151  -0.045765        0.5   1.54e-29  -0.545765  8.45e-111      0.0
111    255.306256455 +  0.00089338282   -0.000778655   0.271183       -0.5  -8.87e-30   0.771183  5.57e-112      0.0
112    256.380713694 - -0.00038014458  -0.0012449553 -0.0949538        0.5  -3.71e-29  -0.594954  7.69e-112      0.0
113    258.610439492 +  0.00093787822  -0.0011097527   0.222729       -0.5  -2.45e-29   0.722729  8.57e-113      0.0
114     259.87440699 - -0.00019549779  -0.0021898372 -0.0289544        0.5  -1.81e-29  -0.528954   1.4e-113      0.0
115    260.805084505 -  -0.0014379255 -0.00010534365  -0.477332       -0.5   6.31e-30  0.0226678  3.45e-114      0.0
116    263.573893905 +  0.00031426413 -0.00054107698   0.166888        0.5  -1.64e-29  -0.333112  2.47e-114      0.0
117    265.557851839 +   0.0013239945 -0.00068257162   0.347885       -0.5   5.05e-29   0.847885  6.97e-115      0.0
118    266.614973782 -  -0.0001335566  -0.0019949826 -0.0218748        0.5   -4.4e-29  -0.521875  1.98e-115      0.0
119    267.921915083 - -0.00090239647 -0.00095384573  -0.241774       -0.5  -6.51e-30   0.258226  2.01e-116      0.0
120    269.970449024 -  -4.5931273e-5 -0.00089104802 -0.0169831        0.5   3.21e-29  -0.516983  2.48e-116      0.0
121    271.494055642 - -0.00025942717 -0.00076677021  -0.104434       -0.5    7.1e-30   0.395566  1.61e-117      0.0
122    273.459609188 +  0.00016657394 -0.00068995404  0.0748238        0.5    2.7e-29  -0.425176  1.72e-117      0.0
123    275.587492649 +   0.0014722514 -0.00072362862   0.354008       -0.5        0.0   0.854008  1.47e-119      0.0
124    276.452049503 - -0.00072951155  -0.0017621796  -0.125513        0.5   1.38e-30  -0.625513  7.81e-120      0.0
125     278.25074353 - -0.00019016993  -0.0014785842 -0.0412883       -0.5    5.4e-29   0.458712  3.61e-119      0.0
126    279.229250928 -  -0.0010258455 -0.00016211006  -0.450681        0.5   -6.9e-30  -0.950681  2.92e-120      0.0
127    282.465114765 +    0.001351662   2.9130159e-5   0.506296       -0.5   3.77e-29  -0.993704  1.01e-120      0.0
128    283.211185733 - -0.00022871229  -0.0017616264 -0.0416583        0.5  -1.26e-29  -0.541658  1.41e-121      0.0
129    284.835963981 - -0.00019049472  -0.0010802355   -0.05612       -0.5  -1.42e-29    0.44388  8.35e-122      0.0
130    286.667445363 +  0.00020887711  -0.0011514583  0.0565658        0.5   2.98e-29  -0.443434  3.69e-122      0.0
131    287.911920501 - -0.00060402158    -0.00091478  -0.186311       -0.5   1.24e-29   0.313689  5.59e-123      0.0
132    289.579854929 - -0.00033353178 -0.00056531457  -0.170218        0.5  -4.61e-29  -0.670218  9.83e-123      0.0
133    291.846291329 +  0.00041693517 -0.00052557198   0.212926       -0.5  -2.78e-29   0.712926  1.05e-123      0.0
134    293.558434139 +  0.00091674312 -0.00085978971   0.259659        0.5   5.13e-30  -0.240341  3.37e-125      0.0
135    294.965369619 +   0.0010141713  -0.0025259596   0.120991       -0.5  -5.32e-30   0.620991  5.37e-126      0.0
136    295.573254879 -  -0.0021719562   4.0879494e-5  -0.506529        0.5  -3.35e-29   0.993471  1.97e-125      0.0
137    297.979277062 -  -5.3409771e-5  -0.0005695867 -0.0302948       -0.5   4.38e-29   0.469705  1.48e-125      0.0
138    299.840326054 +  0.00023244777 -0.00061974692   0.113689        0.5   3.31e-29  -0.386311  2.39e-126      0.0
139    301.649325462 +  0.00074736854  -0.0008587171   0.227439       -0.5   4.16e-29   0.727439   4.0e-127      0.0
140     302.69674959 - -0.00044851279  -0.0010697148  -0.126901        0.5  -3.63e-29  -0.626901  1.51e-127      0.0
141    304.864371341 +  0.00089240695  -0.0011383928   0.211109       -0.5   1.08e-29   0.711109  6.26e-129      0.0
142    305.728912602 -  -0.0010904759  -0.0010632111   -0.25455        0.5   -1.2e-29   -0.75455  3.42e-129      0.0
143    307.219496128 - -0.00055472566 -0.00032374122  -0.332362       -0.5   -2.7e-29   0.167638  6.32e-129      0.0
144    310.109463147 +  0.00089281629 -0.00011456098   0.458865        0.5  -2.68e-29 -0.0411349   4.3e-130      0.0
145     311.16514153 +  0.00053025414  -0.0014063984   0.114255       -0.5   1.77e-29   0.614255  7.32e-131      0.0
146    312.427801181 - -0.00040830423  -0.0012486351  -0.101108        0.5  -3.31e-29  -0.601108  5.94e-131      0.0
147    313.985285731 - -0.00038769357 -0.00088341532  -0.132144       -0.5   2.01e-29   0.367856  1.42e-131      0.0
148    315.475616089 - -0.00039486604 -0.00053179513  -0.203807        0.5   2.56e-29  -0.703807  9.06e-132      0.0
149    317.734805942 +  0.00044781453 -0.00059218548   0.205592       -0.5  -1.44e-29   0.705592  8.18e-133      0.0
150    318.853104256 -  -0.0002319747  -0.0007514498 -0.0958081        0.5   2.43e-29  -0.595808  5.12e-133      0.0
151    321.160134309 +    0.001042843 -0.00054023413    0.34736       -0.5  -2.21e-29    0.84736  5.22e-134      0.0
152    322.144558672 - -0.00017801825  -0.0015881003 -0.0360267        0.5   1.81e-29  -0.536027  1.47e-134      0.0
153    323.466969558 - -0.00069829339   -0.000921185  -0.206956       -0.5   1.66e-29   0.293044  5.79e-135      0.0
154    324.862866052 - -0.00053669626  -0.0003165121  -0.330881        0.5  -4.42e-29  -0.830881   9.9e-135      0.0
155    327.443901262 +  0.00044562512 -0.00034121374   0.291507       -0.5   1.38e-30   0.791507  1.01e-136      0.0
156     329.03307168 +    0.001056322 -0.00080602867   0.292041        0.5   5.92e-30  -0.207959  3.15e-137      0.0
157    329.953239728 - -0.00056531977  -0.0013340624  -0.128067       -0.5  -3.77e-29   0.371933   7.2e-137      0.0
158    331.474467583 - -0.00041259706  -0.0007077237   -0.16849        0.5   2.48e-29   -0.66849  2.59e-137      0.0
159    333.645378525 +  0.00084484384  -0.0011378303   0.202823       -0.5  -3.53e-29   0.702823  3.81e-138      0.0
160    334.211354833 -  -0.0012688057  -0.0002469301  -0.439293        0.5   7.89e-30  -0.939293  7.02e-139      0.0
161    336.841850428 +  0.00035372656  -0.0004101782   0.226047       -0.5   3.27e-29   0.726047  7.02e-139      0.0
162    338.339992851 +  0.00044806765 -0.00072381139   0.175969        0.5   -2.9e-29  -0.324031  1.22e-139      0.0
163    339.858216725 +  0.00053847198  -0.0011427328   0.139701       -0.5   3.19e-29   0.639701  2.78e-140      0.0
164    341.042261111 - -0.00049072006  -0.0013976456  -0.107947        0.5  -1.58e-30  -0.607947  9.08e-142      0.0
165     342.05487751 - -0.00087290045   -0.000100432  -0.464002       -0.5   5.25e-29  0.0359977  1.18e-140      0.0
166     344.66170294 +  0.00027080317 -0.00038176635   0.195925        0.5   -4.2e-29  -0.304075  2.31e-141      0.0
167    346.347870566 +  0.00076065783 -0.00066323219   0.271286       -0.5   6.51e-30   0.771286  4.24e-143      0.0
168    347.272677584 -  -0.0004348918 -0.00094023709  -0.138359        0.5   1.66e-29  -0.638359  5.92e-143      0.0
169    349.316260871 +  0.00048848688 -0.00083786278    0.16756       -0.5   5.03e-29    0.66756  3.49e-143      0.0
170    350.408419349 - -0.00043557178 -0.00097876598  -0.133732        0.5  -5.68e-29  -0.633732  1.52e-143      0.0
171    351.878649025 - -0.00040147609 -0.00058344356  -0.192299       -0.5   1.99e-29   0.307701  2.46e-144      0.0
172    353.488900489 - -0.00021277134 -0.00038808687  -0.160084        0.5   8.09e-30  -0.660084   5.8e-145      0.0
173    356.017574977 +   0.0008153367  -9.3472508e-5    0.46322       -0.5   5.96e-29    0.96322  2.56e-145      0.0
174    357.151302252 +   0.0010252169  -0.0014843602   0.191955        0.5  -4.54e-30  -0.308045  3.88e-147      0.0
175    357.952685102 -  -0.0012095278 -0.00092522547  -0.292589       -0.5   4.32e-29   0.207411  2.19e-146      0.0
176    359.743754953 - -0.00028695845 -0.00061441079  -0.139524        0.5  -2.43e-29  -0.639524  6.69e-147      0.0
177    361.289361696 - -0.00021968493 -0.00045600777  -0.143345       -0.5   5.09e-29   0.356655  5.69e-147      0.0
178    363.331330579 +  0.00028498335 -0.00046569809   0.174365        0.5   -4.4e-29  -0.325635  9.21e-148      0.0
179    364.736024114 +  0.00018358248 -0.00069388602   0.081893       -0.5  -5.13e-30   0.581893  4.01e-149      0.0
180    366.212710288 +   8.6023102e-5 -0.00073081081  0.0368618        0.5   3.77e-29  -0.463138  6.49e-149      0.0
181    367.993575482 +  0.00064761606 -0.00095142655   0.189802       -0.5   2.19e-29   0.689802  5.51e-150      0.0
182    368.968438096 - -0.00071208481  -0.0011373762  -0.178485        0.5   1.05e-29  -0.678485  1.29e-150      0.0
183    370.050919212 -   -0.000673881  -5.0637695e-5  -0.476556       -0.5   1.83e-29  0.0234439  1.55e-150      0.0
184    373.061928372 +  0.00075659824  -5.0012029e-5   0.478563        0.5   3.31e-29 -0.0214367  2.61e-151      0.0
185    373.864873911 +   3.2025634e-6  -0.0010043109 0.000589327       -0.5    5.5e-29   0.500589  1.64e-151      0.0
186    375.825912767 +   0.0014261183  -0.0012017417   0.276689        0.5  -8.48e-30  -0.223311  2.81e-153      0.0
187    376.324092231 -  -0.0016749301 -0.00055325219  -0.398872       -0.5  -2.35e-29   0.101128  6.34e-153      0.0
188     378.43668025 -  -3.8901792e-5  -0.0005759096 -0.0218893        0.5   2.68e-29  -0.521889  4.15e-153      0.0
189    379.872975347 - -0.00014569991 -0.00053775065 -0.0846408       -0.5  -3.75e-29   0.415359  1.93e-153      0.0
190    381.484468617 -  -4.5207212e-5 -0.00045356742 -0.0320388        0.5  -3.87e-29  -0.532039  6.43e-154      0.0
191     383.44352945 +  0.00041811405 -0.00041952814   0.249048       -0.5  -6.71e-30   0.749048  2.52e-155      0.0
192    384.956116815 +  0.00084022616 -0.00089657859   0.239262        0.5    4.0e-29  -0.260738  1.73e-155      0.0
193    385.861300846 - -0.00066218661  -0.0011417365  -0.167707       -0.5   -1.7e-29   0.332293  3.58e-156      0.0
194    387.222890222 - -0.00055099113 -0.00047174592  -0.275026        0.5    2.7e-29  -0.775026  3.41e-156      0.0
195    388.846128354 - -0.00023478232 -0.00030386378  -0.209808       -0.5  -1.93e-29   0.290192  1.34e-156      0.0
196    391.456083564 +  0.00087397305   1.5348858e-5   0.505183        0.5   -5.7e-29 0.00518306  2.02e-157      0.0
197     392.24508334 +   9.9547487e-5  -0.0012863986  0.0241775       -0.5  -3.85e-29   0.524178  5.28e-158      0.0
198    393.427743844 - -0.00046760934 -0.00065651015   -0.19741        0.5  -3.43e-29   -0.69741  2.78e-158      0.0
199    395.582870011 +   0.0006310972 -0.00074875393   0.222522       -0.5    1.4e-29   0.722522  1.65e-159      0.0
200    396.381854223 - -0.00073091857 -0.00073008812  -0.250582        0.5  -3.85e-29  -0.750582  2.41e-159      0.0

## Part C: summary over n = 1..200
sign counts of Re[1/(rho zeta'(rho))]: + 96, - 104 (of 200)
sign changes between consecutive zeros: 108 of 199 steps (strict alternation would be 199)
longest run of equal sign of Re w: 4; run-length histogram: 1:47, 2:37, 3:21, 4:4
sign string (n = 1..200): -+-+-++-+--++-+---+--+-+-++--++--+---+++-++-+-++--+-+--++---+++-++---++---+-+--+++-++++--++-+-+++--+++---++---+-+--++----++---+--+--+++--++-+--++---+-+---++--+-+++--++-+---++---++++--+++----++---++-+-
first sixteen signs: -,+,-,+,-,+,+,-,+,-,-,+,+,-,+,-  (orchestrator: -,+,-,+,-,+,+,-,+,-,-,+,+,-,+,-)
range of arg(1/zeta'(rho))/pi over n <= 200: [-0.506529, 0.506296]
range of arg(1/zeta'(rho))/pi over n <= 16: [-0.326882, 0.270819]  (orchestrator: (-0.33pi, +0.27pi))
arg(Res_rho 1/xi)/pi takes the values: ['-0.5', '0.5']
max | |arg(Res 1/xi)| - pi/2 | over n <= 200: 5.96e-29  (clause (3)(a): must be 0 to working precision)
max |Re(Res 1/xi)| over n <= 200: 6.41e+101
sign of Im(Res 1/xi) alternates at every consecutive pair: True (199 changes of 199)
Im(Res 1/xi) sign string: -+-+-+-+-+-+-+-+-+-+-+-+-+-+-+-+-+-+-+-+-+-+-+-+-+-+-+-+-+-+-+-+-+-+-+-+-+-+-+-+-+-+-+-+-+-+-+-+-+-+-+-+-+-+-+-+-+-+-+-+-+-+-+-+-+-+-+-+-+-+-+-+-+-+-+-+-+-+-+-+-+-+-+-+-+-+-+-+-+-+-+-+-+-+-+-+-+-+-+-+
max |xi'(rho) - numeric diff xi(rho)| over n <= 200: 1.12e-33  (independent check of xi' = H zeta' at a zero)
max |Re rho - 1/2| over the 200 zeros returned by zetazero: 0.0 (sampled)
elapsed 19.1 s; finished Fri Sep 25 18:26:44 IST 2026
