# prerun cleanup for the Unit B CONTROL run, 2026-09-24 22:10:53 IST — comparator-layer build artifacts removed so comparator builds them itself (COMPARATOR-RUN.md §0)
.lake/build/ir/ChallengeDeps
.lake/build/ir/Solution
.lake/build/ir/Challenge
.lake/build/lib/lean/ChallengeDeps
.lake/build/lib/lean/Solution
.lake/build/lib/lean/Challenge
# prerun cleanup for the SeparationClause5Sum run, 2026-09-24 22:29:54 IST
.lake/build/ir/Solution/SeparationClause5Sum.c
.lake/build/ir/Solution/SeparationClause5Sum.c.hash
.lake/build/ir/Solution/SeparationClause5Sum.setup.json
.lake/build/lib/lean/Solution/SeparationClause5Sum.olean.hash
.lake/build/lib/lean/Solution/SeparationClause5Sum.trace
.lake/build/lib/lean/Solution/SeparationClause5Sum.ilean
.lake/build/lib/lean/Solution/SeparationClause5Sum.olean
.lake/build/lib/lean/Solution/SeparationClause5Sum.ilean.hash
.lake/build/lib/lean/ChallengeDeps.olean.hash
.lake/build/lib/lean/ChallengeDeps.ilean.hash
.lake/build/lib/lean/Challenge.olean
.lake/build/lib/lean/Solution.trace
.lake/build/lib/lean/Solution.ilean.hash
.lake/build/lib/lean/ChallengeDeps.ilean
.lake/build/lib/lean/Challenge.ilean
.lake/build/lib/lean/ChallengeDeps.olean
.lake/build/lib/lean/Challenge.ilean.hash
.lake/build/lib/lean/Challenge.olean.hash
.lake/build/lib/lean/Solution.olean
.lake/build/lib/lean/Challenge.trace
.lake/build/lib/lean/ChallengeDeps.trace
.lake/build/lib/lean/Solution.olean.hash
.lake/build/lib/lean/Solution.ilean
