q=3 a=2 rule=first  deg<= 8: #irr/deleted per degree [(1, 3, 2), (2, 3, 1), (3, 8, 2), (4, 18, 3), (5, 48, 6), (6, 116, 9), (7, 312, 18), (8, 810, 30)]
   N_P(n) brute = [1, 1, 3, 9, 27, 81, 243, 729, 2187]
   q^n-a q^(n-1) = [1, 1, 3, 9, 27, 81, 243, 729, 2187]   EQUAL
q=3 a=2 rule=last   deg<= 8: #irr/deleted per degree [(1, 3, 2), (2, 3, 1), (3, 8, 2), (4, 18, 3), (5, 48, 6), (6, 116, 9), (7, 312, 18), (8, 810, 30)]
   N_P(n) brute = [1, 1, 3, 9, 27, 81, 243, 729, 2187]
   q^n-a q^(n-1) = [1, 1, 3, 9, 27, 81, 243, 729, 2187]   EQUAL
q=3 a=2 rule=random deg<= 8: #irr/deleted per degree [(1, 3, 2), (2, 3, 1), (3, 8, 2), (4, 18, 3), (5, 48, 6), (6, 116, 9), (7, 312, 18), (8, 810, 30)]
   N_P(n) brute = [1, 1, 3, 9, 27, 81, 243, 729, 2187]
   q^n-a q^(n-1) = [1, 1, 3, 9, 27, 81, 243, 729, 2187]   EQUAL
q=5 a=2 rule=first  deg<= 5: #irr/deleted per degree [(1, 5, 2), (2, 10, 1), (3, 40, 2), (4, 150, 3), (5, 624, 6)]
   N_P(n) brute = [1, 3, 15, 75, 375, 1875]
   q^n-a q^(n-1) = [1, 3, 15, 75, 375, 1875]   EQUAL
q=5 a=2 rule=last   deg<= 5: #irr/deleted per degree [(1, 5, 2), (2, 10, 1), (3, 40, 2), (4, 150, 3), (5, 624, 6)]
   N_P(n) brute = [1, 3, 15, 75, 375, 1875]
   q^n-a q^(n-1) = [1, 3, 15, 75, 375, 1875]   EQUAL
q=5 a=2 rule=random deg<= 5: #irr/deleted per degree [(1, 5, 2), (2, 10, 1), (3, 40, 2), (4, 150, 3), (5, 624, 6)]
   N_P(n) brute = [1, 3, 15, 75, 375, 1875]
   q^n-a q^(n-1) = [1, 3, 15, 75, 375, 1875]   EQUAL
q=5 a=3 rule=first  deg<= 5: #irr/deleted per degree [(1, 5, 3), (2, 10, 3), (3, 40, 8), (4, 150, 18), (5, 624, 48)]
   N_P(n) brute = [1, 2, 10, 50, 250, 1250]
   q^n-a q^(n-1) = [1, 2, 10, 50, 250, 1250]   EQUAL
q=5 a=3 rule=last   deg<= 5: #irr/deleted per degree [(1, 5, 3), (2, 10, 3), (3, 40, 8), (4, 150, 18), (5, 624, 48)]
   N_P(n) brute = [1, 2, 10, 50, 250, 1250]
   q^n-a q^(n-1) = [1, 2, 10, 50, 250, 1250]   EQUAL
q=5 a=3 rule=random deg<= 5: #irr/deleted per degree [(1, 5, 3), (2, 10, 3), (3, 40, 8), (4, 150, 18), (5, 624, 48)]
   N_P(n) brute = [1, 2, 10, 50, 250, 1250]
   q^n-a q^(n-1) = [1, 2, 10, 50, 250, 1250]   EQUAL
q=5 a=4 rule=first  deg<= 5: #irr/deleted per degree [(1, 5, 4), (2, 10, 6), (3, 40, 20), (4, 150, 60), (5, 624, 204)]
   N_P(n) brute = [1, 1, 5, 25, 125, 625]
   q^n-a q^(n-1) = [1, 1, 5, 25, 125, 625]   EQUAL
q=5 a=4 rule=last   deg<= 5: #irr/deleted per degree [(1, 5, 4), (2, 10, 6), (3, 40, 20), (4, 150, 60), (5, 624, 204)]
   N_P(n) brute = [1, 1, 5, 25, 125, 625]
   q^n-a q^(n-1) = [1, 1, 5, 25, 125, 625]   EQUAL
q=5 a=4 rule=random deg<= 5: #irr/deleted per degree [(1, 5, 4), (2, 10, 6), (3, 40, 20), (4, 150, 60), (5, 624, 204)]
   N_P(n) brute = [1, 1, 5, 25, 125, 625]
   q^n-a q^(n-1) = [1, 1, 5, 25, 125, 625]   EQUAL
q=7 a=3 rule=first  deg<= 4: #irr/deleted per degree [(1, 7, 3), (2, 21, 3), (3, 112, 8), (4, 588, 18)]
   N_P(n) brute = [1, 4, 28, 196, 1372]
   q^n-a q^(n-1) = [1, 4, 28, 196, 1372]   EQUAL
q=7 a=3 rule=last   deg<= 4: #irr/deleted per degree [(1, 7, 3), (2, 21, 3), (3, 112, 8), (4, 588, 18)]
   N_P(n) brute = [1, 4, 28, 196, 1372]
   q^n-a q^(n-1) = [1, 4, 28, 196, 1372]   EQUAL
q=7 a=3 rule=random deg<= 4: #irr/deleted per degree [(1, 7, 3), (2, 21, 3), (3, 112, 8), (4, 588, 18)]
   N_P(n) brute = [1, 4, 28, 196, 1372]
   q^n-a q^(n-1) = [1, 4, 28, 196, 1372]   EQUAL
ALL EQUAL
