# pseudoN rho=0.95 X=1e+09 label=r0.95  g-prime sites=50844649 total mult=50844649 max m=1 max a=122 sat=0
# bin_lo  Emax  Emin  Erms  sup|psi-x|  max(psi-x)  min(psi-x)  (psi-x)@end
1.9953e+00 0.05 -0.9 0.05 2.30685 -1.30685 -2.30685 -1.30685
2.8184e+00 0.1 -0.85 0.1 2.20824 -1.20824 -2.20824 -1.20824
3.9811e+00 0.15 -0.8 0.15 2.51509 -1.51509 -2.51509 -1.51509
4.4668e+00 0.2 -0.75 0.2 1.90566 -0.905655 -1.90566 -0.905655
5.6234e+00 0.25 -0.7 0.25 2.90566 -1.90566 -2.90566 -1.90566
6.3096e+00 0.3 -0.65 0.3 1.95975 -0.959745 -1.95975 -0.959745
7.9433e+00 0.35 -0.6 0.35 2.2666 -1.2666 -2.2666 -1.2666
8.9125e+00 0.4 -0.55 0.4 2.16799 -1.16799 -2.16799 -1.16799
1.0000e+01 0.5 -0.5 0.475657 3.16799 -0.770091 -3.16799 -0.770091
1.1220e+01 0.55 -0.4 0.55 2.77009 -1.77009 -2.77009 -1.77009
1.2589e+01 -0.35 -1.35 0.375832 4.77009 -2.77009 -4.77009 -3.77009
1.4125e+01 -0.3 -1.25 0.3 5.77009 -4.77009 -5.77009 -4.77009
1.5849e+01 -0.2 -1.2 0.226385 6.07694 -3.24373 -6.07694 -3.24373
1.7783e+01 -0.1 -1.1 0.127475 5.24373 -2.29929 -5.24373 -2.29929
1.9953e+01 0.05 -1 0.0408248 6.29929 -3.29929 -6.29929 -5.29929
2.2387e+01 0.2 -0.85 0.155456 5.1638 -3.1638 -5.1638 -3.55436
2.5119e+01 0.35 -0.7 0.302765 3.19765 -1.19765 -3.19765 -2.19765
2.8184e+01 0.5 -0.55 0.451848 1.83035 1.60363 -1.83035 1.60363
3.1623e+01 0.7 -0.4 0.627495 2.70322 1.29678 -2.70322 -1.70322
3.5481e+01 0.75 -1.15 0.398434 5.70322 -2.03966 -5.70322 -2.03966
3.9811e+01 0.15 -1 0.0866025 4.03966 1.43511 -4.03966 0.435114
4.4668e+01 0.45 -0.75 0.336031 2.56489 1.28526 -2.56489 0.231172
5.0119e+01 0.55 -1.35 0.405689 6.76883 -0.768828 -6.76883 -5.76883
5.6234e+01 0.1 -1.15 0.111803 8.76883 -2.58042 -8.76883 -4.58042
6.3096e+01 0.45 -0.8 0.316228 5.88727 0.49181 -5.88727 -2.50819
7.0795e+01 0.85 -1.35 0.442217 3.94144 2.05856 -3.94144 -2.94144
7.9433e+01 0.4 -1 0.226385 7.42399 -1.42399 -7.42399 -2.93536
8.9125e+01 0.75 -1.15 0.515994 9.4245 -0.424496 -9.4245 -8.4245
1.0000e+02 0.55 -1 0.31225 10.4245 7.5625 -10.4245 6.5625
1.1220e+02 0.2 -1.35 0.212132 5.5625 5.5625 -4.03961 -2.43017
1.2589e+02 1.45 -1.15 0.559017 10.8928 0.41402 -10.8928 -7.95836
1.4125e+02 1.75 -1.1 0.606945 9.95836 2.00932 -9.95836 -4.99068
1.5849e+02 0.55 -1.35 0.303705 4.92178 4.41987 -4.92178 -3.58013
1.7783e+02 1.15 -1.35 0.535448 7.19425 2.80575 -7.19425 0.619184
1.9953e+02 1.05 -1.05 0.482614 16.029 -0.380816 -16.029 -12.6308
2.2387e+02 0.75 -1.35 0.374404 15.6308 -1.25687 -15.6308 -1.25687
2.5119e+02 1.6 -1.15 0.562361 8.56373 7.34182 -8.56373 2.98017
2.8184e+02 1.55 -1.35 0.638637 8.84073 6.62562 -8.84073 -0.618343
3.1623e+02 1.45 -1.35 0.755637 17.8594 4.14056 -17.8594 -7.5367
3.5481e+02 2.55 -1.35 0.765224 12.5367 7.84986 -12.5367 4.8338
3.9811e+02 1.45 -1.35 0.538129 21.8678 21.8678 -2.00505 -1.00505
4.4668e+02 1.85 -1.3 0.831073 11.898 9.44664 -11.898 -0.553359
5.0119e+02 2.25 -1.35 0.643091 24.7348 2.12968 -24.7348 -13.7689
5.6234e+02 1.75 -1.35 0.606763 10.4357 10.2888 -10.4357 9.28876
6.3096e+02 2.35 -1.3 0.923116 16.5632 16.5632 -4.79159 13.6754
7.0795e+02 3.15 -1.35 1.16619 26.5388 22.8059 -26.5388 -12.524
7.9433e+02 2.95 -1.35 0.897247 34.1374 12.6364 -34.1374 8.63636
8.9125e+02 2.45 -1.35 0.819242 19.3636 12.1814 -19.3636 0.0648362
1.0000e+03 2.65 -1.35 0.787891 30.1146 30.1146 -7.93516 17.1146
1.1220e+03 4.25 -1.4 1.48574 32.8464 17.1437 -32.8464 -26.7099
1.2589e+03 3.25 -1.35 0.99643 44.5702 0.909698 -44.5702 -20.0903
1.4125e+03 2.55 -1.4 0.809267 25.7291 25.7291 -25.0903 16.2017
1.5849e+03 3.45 -1.3 1.01103 34.8564 34.8564 -19.2851 -18.2851
1.7783e+03 3.35 -1.35 1.26382 39.5536 11.1891 -39.5536 -20.4486
1.9953e+03 3.25 -1.4 0.943736 50.2046 -6.71292 -50.2046 -20.2894
2.2387e+03 4.2 -1.35 1.32826 57.0287 57.0287 -17.5756 27.1136
2.5119e+03 5.35 -1.35 1.61651 39.3865 39.3865 -26.6135 -11.7263
2.8184e+03 2.8 -1.4 1.07142 68.9904 -4.78218 -68.9904 -33.8739
3.1623e+03 4.45 -1.4 1.25862 60.5031 5.74243 -60.5031 -1.63817
3.5481e+03 4.75 -1.4 1.11685 49.468 49.468 -32.2736 -2.60887
3.9811e+03 4.95 -1.35 1.37754 74.4056 74.4056 -67.8421 -49.2327
4.4668e+03 4.35 -1.4 1.30219 89.9954 4.35963 -89.9954 -37.0803
5.0119e+03 6.25 -1.35 1.54712 68.061 15.3819 -68.061 11.5784
5.6234e+03 4.75 -1.4 1.46537 103.3 103.3 -29.2272 3.20381
6.3096e+03 5.05 -1.4 1.68539 86.359 86.359 -71.8463 -36.3956
7.0795e+03 4.45 -1.4 1.34287 126.748 -9.96843 -126.748 -119.768
7.9433e+03 4.95 -1.4 1.5058 122.768 94.8306 -122.768 73.1102
8.9125e+03 5.85 -1.4 1.51968 72.1102 72.1102 -57.6956 -6.81767
1.0000e+04 4.85 -1.4 1.54794 87.4798 85.8056 -87.4798 -51.0108
1.1220e+04 6.55 -1.4 1.63054 199.219 14.2418 -199.219 -83.9381
1.2589e+04 6.25 -1.4 1.74343 164.026 164.026 -96.4888 109.131
1.4125e+04 6.95 -1.4 1.99886 227.545 227.545 -27.65 82.4419
1.5849e+04 10 -1.4 2.2963 209.533 122.526 -209.533 -128.046
1.7783e+04 8.55 -1.4 2.08368 198.705 83.3846 -198.705 51.467
1.9953e+04 8.5 -1.4 1.91099 174.078 174.078 -122.609 122.154
2.2387e+04 14.35 -1.4 2.43429 240.816 240.816 -54.7339 18.7016
2.5119e+04 7.95 -1.4 2.02991 185.844 106.595 -185.844 -147.142
2.8184e+04 8.75 -1.4 2.05966 339.813 80.304 -339.813 50.7475
3.1623e+04 10.2 -1.4 2.53703 223.126 223.126 -172.612 110.801
3.5481e+04 11.45 -1.4 2.26862 295.809 295.809 -134.402 127.619
3.9811e+04 10.6 -1.4 2.56712 440.791 150.989 -440.791 -346.906
4.4668e+04 13.2 -1.4 2.17539 419.707 419.707 -394.293 302.566
5.0119e+04 10.45 -1.4 2.50774 394.903 394.903 -163.384 177.744
5.6234e+04 10.45 -1.4 2.72501 340.607 340.607 -256.298 -81.1745
6.3096e+04 16.8 -1.4 2.83504 388.346 67.383 -388.346 -192.179
7.0795e+04 17.85 -1.4 2.85372 543.518 154.083 -543.518 -9.88547
7.9433e+04 10.45 -1.4 2.68698 656.703 656.703 -296.137 322.554
8.9125e+04 15.55 -1.4 3.09582 516.191 484.195 -516.191 -470.577
1.0000e+05 13.85 -1.4 3.01399 671.719 77.1841 -671.719 -514.861
1.1220e+05 14.8 -1.4 2.8071 658.34 484.053 -658.34 263.728
1.2589e+05 13.85 -1.4 2.84694 623.879 623.879 -149.649 100.093
1.4125e+05 15.75 -1.4 3.12499 661.382 542.641 -661.382 -633.117
1.5849e+05 18.15 -1.4 3.57844 1001.53 149.003 -1001.53 -271.363
1.7783e+05 20.05 -1.4 3.29767 666.849 666.849 -504.087 -113.339
1.9953e+05 17.95 -1.4 3.54544 1196.02 1196.02 -208.339 717.976
2.2387e+05 16.95 -1.4 3.5692 1518.57 749.496 -1518.57 -1277.07
2.5119e+05 16.75 -1.4 3.48266 1478.66 -19.9511 -1478.66 -50.9511
2.8184e+05 20.95 -1.4 3.8271 1563.33 1563.33 -444.169 631.698
3.1623e+05 21.7 -1.4 4.08401 1261.76 1261.76 -722.363 246.46
3.5481e+05 17.95 -1.4 3.69136 1187.26 597.409 -1187.26 -759.27
3.9811e+05 25.5 -1.4 4.2362 1959.38 87.5595 -1959.38 -185.337
4.4668e+05 18.7 -1.4 3.91511 1810.35 1810.35 -1329.42 813.126
5.0119e+05 25.2 -1.4 4.17698 1688.53 1688.53 -879.96 953.054
5.6234e+05 20.95 -1.4 4.16804 2655.29 1019.29 -2655.29 -2234.58
6.3096e+05 25.8 -1.4 4.56954 2236.58 960.008 -2236.58 317.691
7.0795e+05 23.55 -1.4 4.41158 2695.61 2695.61 -622.744 2584.54
7.9433e+05 29.05 -1.4 4.76589 2844.18 2844.18 -1524.42 -468.93
8.9125e+05 26.2 -1.4 4.96717 3576.24 673.168 -3576.24 477.022
1.0000e+06 30.45 -1.4 4.89914 2685.36 1650.95 -2685.36 -380.979
1.1220e+06 25.2 -1.4 4.78186 3446.07 3446.07 -743.698 3245.16
1.2589e+06 32 -1.4 5.55544 3633.23 3633.23 -1279.75 -1257.36
1.4125e+06 36.2 -1.4 5.42628 4237.99 -29.4193 -4237.99 -2340.39
1.5849e+06 29.15 -1.4 5.23591 3815.98 3173.87 -3815.98 2094.8
1.7783e+06 29.95 -1.4 5.44297 4329.35 4329.35 -139.631 1249.24
1.9953e+06 30.95 -1.4 5.70599 3591.96 2328.39 -3591.96 -2489.27
2.2387e+06 32.95 -1.4 5.76346 5972.75 377.112 -5972.75 -1650.58
2.5119e+06 47.45 -1.4 6.24797 4266.23 4266.23 -3997.81 3.78382
2.8184e+06 39.15 -1.4 5.73489 6157.9 6157.9 -0.216181 4591.9
3.1623e+06 50.95 -1.4 6.51705 6176.34 4845.54 -6176.34 -5005.72
3.5481e+06 40.75 -1.4 6.21139 6818.81 1103.54 -6818.81 -4042.93
3.9811e+06 49.95 -1.4 6.43556 8139.98 8139.98 -4813.71 3851.43
4.4668e+06 42.95 -1.4 6.55716 9315.33 9315.33 -277.321 428.084
5.0119e+06 59.25 -1.4 6.63639 9160.67 2245.09 -9160.67 -4207.69
5.6234e+06 59.55 -1.4 6.86985 7958.34 2047.94 -7958.34 -3187.4
6.3096e+06 57.75 -1.4 6.95293 9546.15 9546.15 -4813.99 2143.56
7.0795e+06 44.95 -1.4 6.69903 11792.1 11792.1 -1678.21 1055.95
7.9433e+06 53.95 -1.4 7.23669 16794.1 3841.92 -16794.1 -10405.6
8.9125e+06 58.5 -1.4 7.2353 12605.2 2803.77 -12605.2 -1781.55
1.0000e+07 64.95 -1.4 7.50983 15644.5 15644.5 -3319.54 6423.44
1.1220e+07 67.55 -1.4 7.49021 11569.9 11569.9 -9065.82 -8261.11
1.2589e+07 61.15 -1.4 7.71983 17689.5 2832.97 -17689.5 -2033.78
1.4125e+07 55 -1.4 7.72202 16761.8 6603.75 -16761.8 -5792.93
1.5849e+07 72.75 -1.4 7.85374 23816.9 23816.9 -6778.28 15716.7
1.7783e+07 64.95 -1.4 8.27787 19070.7 19070.7 -13088.8 -5502.06
1.9953e+07 72.75 -1.4 8.53119 25618.4 172.983 -25618.4 -7480.12
2.2387e+07 72.45 -1.4 8.46634 16228.1 14750.1 -16228.1 8972.94
2.5119e+07 64.35 -1.4 8.50025 28141.3 28141.3 -5723.2 9358.41
2.8184e+07 68.75 -1.4 8.79006 28203.5 17767.1 -28203.5 -8416.62
3.1623e+07 68.95 -1.4 9.04246 36672.4 1794.92 -36672.4 -6801.17
3.5481e+07 66.2 -1.4 9.18209 28048.2 28048.2 -22419.8 6289.91
3.9811e+07 71 -1.4 9.0392 37157.7 37157.7 -14541.7 13448.3
4.4668e+07 70.25 -1.4 9.40938 31028.7 31028.7 -29371.8 821.613
5.0119e+07 98.35 -1.4 9.5056 46578.6 3081.12 -46578.6 -20416.5
5.6234e+07 90.65 -1.4 9.78409 62334.7 62334.7 -23991 58519.3
6.3096e+07 80.45 -1.4 9.95651 60788.6 60788.6 -14242.1 -12073.5
7.0795e+07 89.75 -1.4 10.1279 47568.3 13046.6 -47568.3 8525.58
7.9433e+07 103.75 -1.4 10.4383 69097.7 21271 -69097.7 -31830.2
8.9125e+07 85.8 -1.4 10.5005 71019.7 71019.7 -44036.9 41822.3
1.0000e+08 86.55 -1.4 10.6715 78675.9 78675.9 -30061.4 -12166.5
1.1220e+08 93.6 -1.4 11.0137 75898.5 27572.9 -75898.5 -45941.2
1.2589e+08 112.45 -1.4 11.1933 104897 31957.5 -104897 6672.93
1.4125e+08 118.45 -1.4 11.3588 100573 100573 -20206.2 45470.2
1.5849e+08 103.85 -1.4 11.5895 96918.1 96918.1 -59939.7 -40270.1
1.7783e+08 112.8 -1.4 11.7974 131573 23403.4 -131573 -45543.5
1.9953e+08 119.95 -1.4 12.003 101685 98596.6 -101685 -2423.32
2.2387e+08 112.45 -1.4 12.1467 129243 129243 -55704.4 24608.8
2.5119e+08 131.95 -1.4 12.4777 136611 136611 -100470 5147.42
2.8184e+08 141.35 -1.4 12.6435 167650 32365.3 -167650 -150526
3.1623e+08 123.05 -1.4 12.7058 161451 125379 -161451 124369
3.5481e+08 177.45 -1.4 13.2026 193441 193441 -30024.8 -27188.7
3.9811e+08 131 -1.4 13.3338 190985 97356.6 -190985 -29005
4.4668e+08 118.7 -1.4 13.5851 221227 65514.6 -221227 -118399
5.0119e+08 144.4 -1.4 13.8321 226931 226931 -197482 126800
5.6234e+08 136.75 -1.4 14.0553 290549 290549 -67024 9016.1
6.3096e+08 157.55 -1.4 14.3867 244731 175765 -244731 -41021.9
7.0795e+08 149.95 -1.4 14.4775 284215 49541.4 -284215 -153098
7.9433e+08 148.35 -1.4 14.8138 346170 346170 -192479 314294
8.9125e+08 157.95 -1.4 15.0812 351370 351370 -136117 -58526.3
1.0000e+09 20.95 20 20.95 58528.3 -58527.3 -58528.3 -58527.3
