# pseudoN rho=0.8 X=1e+09 label=r0.8  g-prime sites=50829666 total mult=50829666 max m=1 max a=276 sat=0
# bin_lo  Emax  Emin  Erms  sup|psi-x|  max(psi-x)  min(psi-x)  (psi-x)@end
1.9953e+00 0.2 -0.6 0.2 2.30685 -1.30685 -2.30685 -1.30685
2.8184e+00 0.4 -0.4 0.4 2.20824 -1.20824 -2.20824 -1.20824
3.9811e+00 0.6 -0.2 0.6 2.51509 -1.51509 -2.51509 -1.51509
4.4668e+00 -0.2 -1 0.2 3.51509 -2.51509 -3.51509 -2.51509
5.6234e+00 0 -0.8 0 4.51509 -3.51509 -4.51509 -3.51509
6.3096e+00 0.2 -0.6 0.2 3.56918 -2.56918 -3.56918 -2.56918
7.9433e+00 0.4 -0.4 0.4 3.87604 -2.87604 -3.87604 -2.87604
8.9125e+00 0.6 -0.2 0.6 3.77742 -2.77742 -3.77742 -2.77742
1.0000e+01 0 -1 0.141421 4.77742 -2.37953 -4.77742 -2.37953
1.1220e+01 0.2 -0.6 0.2 4.37953 -3.37953 -4.37953 -3.37953
1.2589e+01 0.6 -0.4 0.509902 3.81458 -1.81458 -3.81458 -2.81458
1.4125e+01 -0.2 -1 0.2 4.81458 -3.81458 -4.81458 -3.81458
1.5849e+01 0.2 -0.8 0.141421 5.12143 -2.28822 -5.12143 -2.28822
1.7783e+01 0.4 -1.2 0.4 5.28822 -3.28822 -5.28822 -4.28822
1.9953e+01 0.2 -1 0.163299 5.29249 -2.29249 -5.29249 -4.29249
2.2387e+01 0.6 -1 0.432049 5.15699 -2.15699 -5.15699 -4.15699
2.5119e+01 0.4 -0.8 0.258199 7.05838 -5.05838 -7.05838 -6.05838
2.8184e+01 0 -1.2 0.258199 8.05838 -2.2232 -8.05838 -2.2232
3.1623e+01 0.6 -1 0.387298 6.53005 -2.53005 -6.53005 -5.53005
3.5481e+01 0.6 -0.8 0.374166 7.53005 -1.28154 -7.53005 -2.28154
3.9811e+01 0.8 -0.8 0.489898 6.28154 -2.52034 -6.28154 -3.52034
4.4668e+01 0.6 -1 0.326599 6.52034 -2.6702 -6.52034 -3.72429
5.0119e+01 0.6 -1 0.316228 6.75399 -2.75399 -6.75399 -5.75399
5.6234e+01 0.8 -1.2 0.414039 5.6505 0.3495 -5.6505 -4.6505
6.3096e+01 0.6 -1 0.377964 7.95735 -3.75266 -7.95735 -6.75266
7.0795e+01 0.6 -1.2 0.326599 8.19952 -1.19952 -8.19952 -7.19952
7.9433e+01 0.6 -1.2 0.316228 9.19952 -0.809441 -9.19952 -2.80944
8.9125e+01 0.6 -1 0.34641 10.8094 -3.80944 -10.8094 -8.23473
1.0000e+02 0.6 -1.2 0.288231 10.2347 -0.611571 -10.2347 -2.61157
1.1220e+02 2 -1 1.09404 9.48629 1.11582 -9.48629 -8.48629
1.2589e+02 0.6 -1.2 0.316228 10.4863 -0.263426 -10.4863 -4.26343
1.4125e+02 0.6 -1.2 0.325396 13.2634 -1.11667 -13.2634 -1.11667
1.5849e+02 1.6 -1 0.689775 10.1167 -2.11667 -10.1167 -7.28044
1.7783e+02 0.8 -1.2 0.376588 10.8892 -1.091 -10.8892 -3.091
1.9953e+02 2.2 -1.2 0.822598 6.74312 3.52053 -6.74312 -5.74312
2.2387e+02 1.6 -1.2 0.573212 15.7431 0.27452 -15.7431 0.27452
2.5119e+02 1.2 -1.2 0.516398 13.8811 0.516744 -13.8811 -6.6295
2.8184e+02 1.6 -1 0.604743 11.1141 1.88591 -11.1141 -4.62809
3.1623e+02 2.6 -1.2 1.18499 18.5688 7.48532 -18.5688 -17.5688
3.5481e+02 0.8 -1.2 0.331662 15.6967 6.63642 -15.6967 3.60681
3.9811e+02 3.4 -1.2 1.42595 22.3975 4.60254 -22.3975 -11.0236
4.4668e+02 1.6 -1.2 0.62085 15.2783 4.72167 -15.2783 -4.5028
5.0119e+02 1.8 -1.2 0.537755 22.5891 -0.0855402 -22.5891 -5.08554
5.6234e+02 1.8 -1.2 0.64352 13.527 4.94076 -13.527 -9.24594
6.3096e+02 2.8 -1.2 0.735377 29.8212 6.02504 -29.8212 5.02504
7.0795e+02 3.2 -1.2 1.13015 24.0058 13.0447 -24.0058 -14.658
7.9433e+02 3.8 -1.2 0.967727 31.9771 6.89613 -31.9771 2.89613
8.9125e+02 3.8 -1.2 1.18541 30.7846 7.69071 -30.7846 -29.7846
1.0000e+03 2.4 -1.2 0.728513 33.7846 17.933 -33.7846 -6.07816
1.1220e+03 4.6 -1.2 1.45663 40.4916 7.00111 -40.4916 -14.513
1.2589e+03 2.6 -1.2 0.898194 19.513 15.226 -19.513 -11.6246
1.4125e+03 4.2 -1.2 1.07487 52.6273 11.4322 -52.6273 10.4322
1.5849e+03 3.2 -1.2 1.0001 35.1447 23.9344 -35.1447 -27.7108
1.7783e+03 3.8 -1.2 1.18866 35.7459 12.8378 -35.7459 0.397423
1.9953e+03 4 -1.2 1.37047 51.9479 26.4034 -51.9479 -50.9479
2.2387e+03 5.6 -1.2 1.5167 66.6354 46.65 -66.6354 12.0904
2.5119e+03 4.2 -1.2 1.34334 58.2454 21.5888 -58.2454 -30.5081
2.8184e+03 4.8 -1.2 1.42307 60.8045 60.8045 -45.6601 -6.73658
3.1623e+03 5 -1.2 1.32919 58.6265 -1.72716 -58.6265 -2.72716
3.5481e+03 5 -1.2 1.26107 47.1927 29.7717 -47.1927 8.93648
3.9811e+03 3.8 -1.2 1.2979 82.5573 18.5183 -82.5573 -24.1467
4.4668e+03 6 -1.2 1.94748 81.7822 81.7822 -75.1005 -46.5118
5.0119e+03 5.2 -1.2 1.52753 99.9703 53.8832 -99.9703 19.3108
5.6234e+03 4.8 -1.2 1.61415 90.3058 60.2705 -90.3058 -49.4644
6.3096e+03 6.6 -1.2 1.69269 87.0788 78.8119 -87.0788 71.6767
7.0795e+03 6.4 -1.2 1.89145 107.871 71.2859 -107.871 -37.7541
7.9433e+03 6.8 -1.2 1.55114 117.801 88.8053 -117.801 45.3639
8.9125e+03 5 -1.2 1.71339 172.161 64.8496 -172.161 26.014
1.0000e+04 6.8 -1.2 1.86555 117.214 117.214 -75.215 -18.0359
1.1220e+04 8.2 -1.2 2.15261 177.888 9.32664 -177.888 -60.4168
1.2589e+04 7.8 -1.2 2.16822 179.312 179.312 -141.363 -130.253
1.4125e+04 8.6 -1.2 1.80979 221.682 189.061 -221.682 111.061
1.5849e+04 8 -1.2 2.2588 240.014 141.57 -240.014 -83.1512
1.7783e+04 7 -1.2 1.75997 178.212 139.679 -178.212 135.679
1.9953e+04 8.6 -1.2 2.45396 306.649 144.385 -306.649 -117.189
2.2387e+04 11 -1.2 2.10326 161.67 161.67 -142.108 123.684
2.5119e+04 14 -1.2 3.04712 344.786 184.246 -344.786 -78.3319
2.8184e+04 10.8 -1.2 2.49763 356.452 356.452 -170.638 -169.638
3.1623e+04 9.8 -1.2 2.52725 430.913 165.454 -430.913 36.8285
3.5481e+04 11.4 -1.2 2.57864 293.954 293.954 -222.024 -94.6157
3.9811e+04 8.6 -1.2 2.53155 397.838 320.66 -397.838 305.66
4.4668e+04 9.8 -1.2 2.5067 485.7 317.036 -485.7 -262.009
5.0119e+04 11.8 -1.2 2.58291 457.35 355.931 -457.35 173.867
5.6234e+04 13.2 -1.2 3.08275 613.65 257.407 -613.65 -390.369
6.3096e+04 16.2 -1.2 2.82365 503.932 503.932 -417.212 2.55198
7.0795e+04 16.8 -1.2 3.36424 573.118 151.607 -573.118 -152.863
7.9433e+04 17.8 -1.2 3.20794 552.957 552.957 -449.391 196.2
8.9125e+04 16 -1.2 3.45368 907.441 592.07 -907.441 591.07
1.0000e+05 17.6 -1.2 3.49468 719.128 718.675 -719.128 -289.833
1.1220e+05 12.8 -1.2 2.98288 782.745 506.874 -782.745 291.906
1.2589e+05 15.2 -1.2 3.22077 838.748 583.617 -838.748 -790.883
1.4125e+05 16.8 -1.2 3.56601 1051.87 1051.87 -929.723 357.245
1.5849e+05 23 -1.2 3.86385 1250.5 844.726 -1250.5 -660.509
1.7783e+05 22.8 -1.2 3.70894 1206.69 1206.69 -1054.92 353.612
1.9953e+05 19.6 -1.2 3.89666 1206.91 352.612 -1206.91 159.022
2.2387e+05 20 -1.2 3.71818 1033.99 1033.99 -525.164 282.732
2.5119e+05 17.8 -1.2 3.70579 1472.09 339.144 -1472.09 -75.0996
2.8184e+05 21 -1.2 3.9559 1653.6 1653.6 -1352.99 -1317.97
3.1623e+05 17.8 -1.2 3.62121 1832.89 1558.41 -1832.89 924.925
3.5481e+05 26.6 -1.2 4.34595 1531.15 1531.15 -1516.38 -1007.43
3.9811e+05 20 -1.2 3.92561 2003.73 2003.73 -1660.03 1901.97
4.4668e+05 24.8 -1.2 4.53623 2185.52 1900.97 -2185.52 -547.736
5.0119e+05 31.8 -1.2 4.40976 2837.09 2837.09 -1402.02 809.781
5.6234e+05 26.2 -1.2 4.83359 3220.19 1427.88 -3220.19 -400.474
6.3096e+05 26.8 -1.2 4.49565 3615.07 3615.07 -1849.81 -1331.65
7.0795e+05 26.8 -1.2 4.60643 3017.18 1770.62 -3017.18 151.373
7.9433e+05 27.8 -1.2 4.80612 2659.2 2659.2 -1747.61 -1112.07
8.9125e+05 33 -1.2 4.86305 3474.85 3474.85 -3435.44 3283.57
1.0000e+06 31.4 -1.2 4.79044 4693.05 4128.65 -4693.05 -2862.49
1.1220e+06 28 -1.2 4.86654 4115.11 4115.11 -3990.38 3716.4
1.2589e+06 31.8 -1.2 5.45779 4413.01 3715.4 -4413.01 -2195.37
1.4125e+06 31.8 -1.2 4.94833 4340.97 4340.97 -2229.37 945.45
1.5849e+06 46.2 -1.2 5.88072 6092.61 3196.39 -6092.61 -2594.16
1.7783e+06 49 -1.2 5.76441 6477.63 6477.63 -3471.36 -1019.43
1.9953e+06 40.6 -1.2 5.31586 7869.84 4929.07 -7869.84 4260.42
2.2387e+06 41.4 -1.2 5.70017 5924.23 5924.23 -5692.76 -1500.51
2.5119e+06 47.8 -1.2 5.4673 6983.88 4794.83 -6983.88 4142.63
2.8184e+06 38.8 -1.2 6.05003 10235.7 6968.27 -10235.7 -9259.64
3.1623e+06 38.8 -1.2 5.93566 10922 10922 -9375.97 5254.74
3.5481e+06 47.8 -1.2 6.12896 11985.6 7372.27 -11985.6 -7960.47
3.9811e+06 42 -1.2 6.08839 10708.7 10708.7 -8759.13 3896.95
4.4668e+06 52.8 -1.2 6.40725 12258.3 3895.95 -12258.3 288.772
5.0119e+06 43 -1.2 6.381 12892.4 12892.4 -2977.49 873.154
5.6234e+06 50.8 -1.2 6.50376 16749.8 6530.59 -16749.8 6294.98
6.3096e+06 53.8 -1.2 6.75025 17639.6 17639.6 -14721.1 -13049.8
7.0795e+06 55.8 -1.2 6.76621 20498.1 15718 -20498.1 5659.04
7.9433e+06 56.8 -1.2 6.99399 17177.9 17177.9 -15313.3 -15020.8
8.9125e+06 57.8 -1.2 7.00044 20757.9 20757.9 -19911.4 11520.2
1.0000e+07 55.8 -1.2 7.28474 25684.7 13145.9 -25684.7 -9859.78
1.1220e+07 55.2 -1.2 7.26911 30224 30224 -17620.3 16285.5
1.2589e+07 74 -1.2 7.68627 29232.5 16431.7 -29232.5 -2168.59
1.4125e+07 69.8 -1.2 7.60188 29741 29741 -13096.2 -10563.4
1.5849e+07 76.2 -1.2 7.83656 27577.7 10417 -27577.7 -691.304
1.7783e+07 68.4 -1.2 7.90366 31127.7 31127.7 -26318.3 -26178.9
1.9953e+07 73.8 -1.2 7.94337 45163.4 45163.4 -37588.6 36273.7
2.2387e+07 81.2 -1.2 8.33379 43645.8 41077.3 -43645.8 -22173.2
2.5119e+07 81.6 -1.2 8.30967 40127.4 40127.4 -37353.1 34458
2.8184e+07 91.8 -1.2 8.53692 47583.8 39412.1 -47583.8 -27160
3.1623e+07 86.8 -1.2 8.69965 62339.4 62339.4 -28112.7 9456.13
3.5481e+07 91 -1.2 8.86909 68106.6 31247.6 -68106.6 -31841.4
3.9811e+07 96.8 -1.2 9.07939 69192.7 69192.7 -32932.5 -26753
4.4668e+07 107.8 -1.2 9.22134 68339.7 44749.4 -68339.7 28742
5.0119e+07 99.8 -1.2 9.37074 71438.7 71438.7 -45273.6 -14299.4
5.6234e+07 112.2 -1.2 9.4269 83970.6 83970.6 -71592 81581.7
6.3096e+07 113 -1.2 9.92224 100459 89079.3 -100459 -70667.2
7.0795e+07 118.4 -1.2 9.84633 115809 115809 -86838.1 43363.3
7.9433e+07 102.4 -1.2 10.1788 101800 83587.6 -101800 -88069.2
8.9125e+07 127.6 -1.2 10.1305 114119 114119 -93451.6 14995.7
1.0000e+08 114.8 -1.2 10.56 127850 25500 -127850 -2599.8
1.1220e+08 126 -1.2 10.6986 140532 140532 -40795 37537.1
1.2589e+08 161.8 -1.2 10.9648 168086 92853.4 -168086 92774.4
1.4125e+08 135.8 -1.2 11.233 188451 188451 -159154 -117294
1.5849e+08 132.8 -1.2 11.2931 194591 127414 -194591 49873.3
1.7783e+08 155.6 -1.2 11.7494 235659 197303 -235659 -230649
1.9953e+08 176.8 -1.2 11.6255 260746 260746 -234604 135452
2.2387e+08 152.8 -1.2 12.1049 302787 154990 -302787 -132298
2.5119e+08 188 -1.2 12.2062 275389 275389 -173211 148559
2.8184e+08 164.8 -1.2 12.5027 305291 158645 -305291 76160.7
3.1623e+08 161.8 -1.2 12.6089 292381 292381 -94713.3 -56878.3
3.5481e+08 183.8 -1.2 13.0293 321957 76497.1 -321957 -12203.9
3.9811e+08 224.8 -1.2 13.2685 376506 376506 -376007 -375602
4.4668e+08 202.8 -1.2 13.308 431677 431677 -418685 226877
5.0119e+08 198.8 -1.2 13.7237 410910 373406 -410910 -227346
5.6234e+08 246.6 -1.2 13.8465 482864 482864 -440006 468642
6.3096e+08 208.8 -1.2 14.2937 634161 473632 -634161 -209421
7.0795e+08 257.8 -1.2 14.4423 655846 655846 -280942 226554
7.9433e+08 237.8 -1.2 14.7862 735062 352181 -735062 -222115
8.9125e+08 274.8 -1.2 15.0369 733535 733535 -374640 -369404
1.0000e+09 7.8 7 7.8 369406 -369405 -369406 -369405
