g=2 p=3 a1=-4 a2=8 | noflip: certified-unrealizable-all-m<=36 m_pos=131 m_poly=None m_real=None | flip: realized m_pos=0 m_poly=0 m_real=0 n=4 Jmax=0.486 mpErr=9.8e-17 rootDev=4.4e-16
g=2 p=3 a1=-4 a2=9 | noflip: certified-unrealizable-all-m<=36 m_pos=6 m_poly=None m_real=None | flip: realized m_pos=0 m_poly=0 m_real=0 n=4 Jmax=0.287 mpErr=3.9e-14 rootDev=0.0e+00
g=2 p=3 a1=-4 a2=10 | noflip: certified-unrealizable-all-m<=36 m_pos=4 m_poly=None m_real=None | flip: realized m_pos=0 m_poly=0 m_real=0 n=4 Jmax=0.275 mpErr=8.9e-12 rootDev=4.9e-11
g=2 p=3 a1=-3 a2=5 | noflip: certified-unrealizable-all-m<=36 m_pos=37 m_poly=None m_real=None | flip: realized m_pos=0 m_poly=0 m_real=0 n=4 Jmax=0.350 mpErr=5.7e-17 rootDev=3.3e-16
g=2 p=3 a1=-3 a2=6 | noflip: certified-unrealizable-all-m<=36 m_pos=5 m_poly=None m_real=None | flip: realized m_pos=0 m_poly=0 m_real=0 n=4 Jmax=0.504 mpErr=2.3e-15 rootDev=2.2e-16
g=2 p=3 a1=-3 a2=7 | noflip: certified-unrealizable-all-m<=36 m_pos=3 m_poly=None m_real=None | flip: realized m_pos=0 m_poly=0 m_real=0 n=4 Jmax=0.573 mpErr=1.7e-15 rootDev=5.6e-16
g=2 p=3 a1=-2 a2=1 | noflip: certified-unrealizable-all-m<=36 m_pos=469 m_poly=None m_real=None | flip: realized m_pos=0 m_poly=0 m_real=0 n=4 Jmax=1.129 mpErr=1.4e-15 rootDev=6.7e-16
g=2 p=3 a1=-2 a2=2 | noflip: certified-unrealizable-all-m<=36 m_pos=25 m_poly=None m_real=None | flip: realized m_pos=0 m_poly=0 m_real=0 n=4 Jmax=1.486 mpErr=3.2e-15 rootDev=4.4e-16
g=2 p=3 a1=-2 a2=3 | noflip: certified-unrealizable-all-m<=36 m_pos=9 m_poly=None m_real=None | flip: realized m_pos=0 m_poly=0 m_real=0 n=4 Jmax=0.566 mpErr=8.9e-17 rootDev=5.6e-16
g=2 p=3 a1=-2 a2=4 | noflip: undecided m_pos=2 m_poly=2 m_real=None lastSearch(m=6,best=0.0070393492706328775) | flip: realized m_pos=0 m_poly=0 m_real=0 n=4 Jmax=0.606 mpErr=5.2e-16 rootDev=4.4e-16
g=2 p=3 a1=-2 a2=5 | noflip: undecided m_pos=2 m_poly=2 m_real=None lastSearch(m=6,best=0.0033087157577229576) | flip: realized m_pos=0 m_poly=0 m_real=0 n=4 Jmax=0.713 mpErr=1.1e-14 rootDev=6.7e-16
g=2 p=3 a1=-2 a2=6 | noflip: undecided m_pos=2 m_poly=2 m_real=None lastSearch(m=6,best=0.0009053446781663865) | flip: realized m_pos=0 m_poly=0 m_real=0 n=4 Jmax=0.894 mpErr=4.6e-15 rootDev=2.2e-16
g=2 p=3 a1=-2 a2=7 | noflip: realized m_pos=2 m_poly=2 m_real=2 n=6 Jmax=0.862 mpErr=3.4e-15 rootDev=1.7e-09 | flip: realized m_pos=0 m_poly=0 m_real=0 n=4 Jmax=0.621 mpErr=3.4e-12 rootDev=1.7e-11
g=2 p=3 a1=-1 a2=-2 | noflip: certified-unrealizable-all-m<=36 m_pos=71 m_poly=None m_real=None | flip: certified-unrealizable-all-m<=36 m_pos=3 m_poly=None m_real=None
g=2 p=3 a1=-1 a2=-1 | noflip: certified-unrealizable-all-m<=36 m_pos=21 m_poly=None m_real=None | flip: certified-unrealizable-all-m<=36 m_pos=1 m_poly=None m_real=None
g=2 p=3 a1=-1 a2=0 | noflip: certified-unrealizable-all-m<=36 m_pos=11 m_poly=None m_real=None | flip: undecided m_pos=1 m_poly=15 m_real=None lastSearch(m=15,best=n > NMAX)
g=2 p=3 a1=-1 a2=1 | noflip: certified-unrealizable-all-m<=36 m_pos=5 m_poly=None m_real=None | flip: realized m_pos=0 m_poly=0 m_real=0 n=4 Jmax=0.832 mpErr=4.4e-15 rootDev=3.3e-16
g=2 p=3 a1=-1 a2=2 | noflip: realized m_pos=1 m_poly=1 m_real=1 n=5 Jmax=1.147 mpErr=1.7e-14 rootDev=2.0e-15 | flip: realized m_pos=0 m_poly=0 m_real=0 n=4 Jmax=0.639 mpErr=7.4e-15 rootDev=8.9e-16
g=2 p=3 a1=-1 a2=3 | noflip: realized m_pos=1 m_poly=1 m_real=1 n=5 Jmax=0.787 mpErr=8.5e-17 rootDev=1.1e-15 | flip: realized m_pos=0 m_poly=0 m_real=0 n=4 Jmax=0.796 mpErr=1.8e-16 rootDev=2.2e-16
g=2 p=3 a1=-1 a2=4 | noflip: realized m_pos=1 m_poly=1 m_real=1 n=5 Jmax=1.597 mpErr=7.3e-17 rootDev=8.9e-16 | flip: realized m_pos=0 m_poly=0 m_real=0 n=4 Jmax=1.019 mpErr=4.2e-15 rootDev=6.7e-16
g=2 p=3 a1=-1 a2=5 | noflip: realized m_pos=1 m_poly=1 m_real=1 n=5 Jmax=1.509 mpErr=3.5e-17 rootDev=2.4e-15 | flip: realized m_pos=0 m_poly=0 m_real=0 n=4 Jmax=0.928 mpErr=2.2e-15 rootDev=2.2e-16
g=2 p=3 a1=0 a2=-2 | noflip: certified-unrealizable-all-m<=36 m_pos=7 m_poly=None m_real=None | flip: certified-unrealizable-all-m<=36 m_pos=7 m_poly=None m_real=None
g=2 p=3 a1=0 a2=-1 | noflip: certified-unrealizable-all-m<=36 m_pos=5 m_poly=None m_real=None | flip: certified-unrealizable-all-m<=36 m_pos=5 m_poly=None m_real=None
g=2 p=3 a1=0 a2=0 | noflip: undecided m_pos=3 m_poly=16 m_real=None lastSearch(m=16,best=n > NMAX) | flip: undecided m_pos=3 m_poly=16 m_real=None lastSearch(m=16,best=n > NMAX)
g=2 p=3 a1=0 a2=1 | noflip: realized m_pos=1 m_poly=1 m_real=1 n=5 Jmax=0.727 mpErr=3.5e-16 rootDev=6.7e-16 | flip: realized m_pos=1 m_poly=1 m_real=1 n=5 Jmax=1.495 mpErr=3.4e-16 rootDev=5.6e-16
g=2 p=3 a1=0 a2=2 | noflip: realized m_pos=1 m_poly=1 m_real=1 n=5 Jmax=0.565 mpErr=4.7e-15 rootDev=1.1e-15 | flip: realized m_pos=1 m_poly=1 m_real=1 n=5 Jmax=0.978 mpErr=3.6e-15 rootDev=2.2e-16
g=2 p=3 a1=0 a2=3 | noflip: realized m_pos=1 m_poly=1 m_real=1 n=5 Jmax=1.295 mpErr=1.7e-16 rootDev=1.6e-15 | flip: realized m_pos=1 m_poly=1 m_real=1 n=5 Jmax=0.880 mpErr=4.6e-15 rootDev=1.8e-15
g=2 p=3 a1=0 a2=4 | noflip: realized m_pos=1 m_poly=1 m_real=1 n=5 Jmax=0.697 mpErr=1.4e-16 rootDev=6.7e-16 | flip: realized m_pos=1 m_poly=1 m_real=1 n=5 Jmax=0.659 mpErr=3.7e-16 rootDev=1.1e-15
g=2 p=3 a1=0 a2=5 | noflip: realized m_pos=1 m_poly=1 m_real=1 n=5 Jmax=0.909 mpErr=2.0e-16 rootDev=2.2e-15 | flip: realized m_pos=1 m_poly=1 m_real=1 n=5 Jmax=0.917 mpErr=3.5e-16 rootDev=1.0e-15
g=2 p=3 a1=1 a2=-2 | noflip: certified-unrealizable-all-m<=36 m_pos=3 m_poly=None m_real=None | flip: certified-unrealizable-all-m<=36 m_pos=71 m_poly=None m_real=None
g=2 p=3 a1=1 a2=-1 | noflip: certified-unrealizable-all-m<=36 m_pos=1 m_poly=None m_real=None | flip: certified-unrealizable-all-m<=36 m_pos=21 m_poly=None m_real=None
g=2 p=3 a1=1 a2=0 | noflip: undecided m_pos=1 m_poly=15 m_real=None lastSearch(m=15,best=n > NMAX) | flip: certified-unrealizable-all-m<=36 m_pos=11 m_poly=None m_real=None
g=2 p=3 a1=1 a2=1 | noflip: realized m_pos=0 m_poly=0 m_real=0 n=4 Jmax=0.787 mpErr=5.8e-15 rootDev=2.2e-16 | flip: certified-unrealizable-all-m<=36 m_pos=5 m_poly=None m_real=None
g=2 p=3 a1=1 a2=2 | noflip: realized m_pos=0 m_poly=0 m_real=0 n=4 Jmax=0.728 mpErr=1.0e-16 rootDev=1.1e-15 | flip: realized m_pos=1 m_poly=1 m_real=1 n=5 Jmax=1.047 mpErr=2.9e-15 rootDev=2.2e-16
g=2 p=3 a1=1 a2=3 | noflip: realized m_pos=0 m_poly=0 m_real=0 n=4 Jmax=1.124 mpErr=1.7e-15 rootDev=1.0e-15 | flip: realized m_pos=1 m_poly=1 m_real=1 n=5 Jmax=0.807 mpErr=1.1e-15 rootDev=8.9e-16
g=2 p=3 a1=1 a2=4 | noflip: realized m_pos=0 m_poly=0 m_real=0 n=4 Jmax=0.859 mpErr=2.1e-16 rootDev=5.6e-16 | flip: realized m_pos=1 m_poly=1 m_real=1 n=5 Jmax=0.947 mpErr=1.2e-16 rootDev=8.9e-16
g=2 p=3 a1=1 a2=5 | noflip: realized m_pos=0 m_poly=0 m_real=0 n=4 Jmax=0.911 mpErr=3.5e-15 rootDev=1.0e-15 | flip: realized m_pos=1 m_poly=1 m_real=1 n=5 Jmax=1.701 mpErr=6.1e-16 rootDev=1.4e-15
g=2 p=3 a1=2 a2=1 | noflip: realized m_pos=0 m_poly=0 m_real=0 n=4 Jmax=5.780 mpErr=1.3e-15 rootDev=8.9e-16 | flip: certified-unrealizable-all-m<=36 m_pos=469 m_poly=None m_real=None
g=2 p=3 a1=2 a2=2 | noflip: realized m_pos=0 m_poly=0 m_real=0 n=4 Jmax=1.016 mpErr=2.0e-16 rootDev=6.7e-16 | flip: certified-unrealizable-all-m<=36 m_pos=25 m_poly=None m_real=None
g=2 p=3 a1=2 a2=3 | noflip: realized m_pos=0 m_poly=0 m_real=0 n=4 Jmax=0.654 mpErr=2.5e-16 rootDev=1.2e-15 | flip: certified-unrealizable-all-m<=36 m_pos=9 m_poly=None m_real=None
g=2 p=3 a1=2 a2=4 | noflip: realized m_pos=0 m_poly=0 m_real=0 n=4 Jmax=0.447 mpErr=4.3e-16 rootDev=8.9e-16 | flip: undecided m_pos=2 m_poly=2 m_real=None lastSearch(m=6,best=0.007039349073485468)
g=2 p=3 a1=2 a2=5 | noflip: realized m_pos=0 m_poly=0 m_real=0 n=4 Jmax=0.523 mpErr=5.2e-16 rootDev=4.4e-16 | flip: undecided m_pos=2 m_poly=2 m_real=None lastSearch(m=6,best=0.003308714258954071)
g=2 p=3 a1=2 a2=6 | noflip: realized m_pos=0 m_poly=0 m_real=0 n=4 Jmax=0.761 mpErr=4.0e-15 rootDev=8.9e-16 | flip: undecided m_pos=2 m_poly=2 m_real=None lastSearch(m=6,best=0.0009053337674884698)
g=2 p=3 a1=2 a2=7 | noflip: realized m_pos=0 m_poly=0 m_real=0 n=4 Jmax=0.621 mpErr=6.5e-13 rootDev=3.0e-11 | flip: realized m_pos=2 m_poly=2 m_real=2 n=6 Jmax=0.955 mpErr=1.1e-13 rootDev=5.6e-11
g=2 p=3 a1=3 a2=5 | noflip: realized m_pos=0 m_poly=0 m_real=0 n=4 Jmax=1.666 mpErr=1.4e-14 rootDev=4.4e-16 | flip: certified-unrealizable-all-m<=36 m_pos=37 m_poly=None m_real=None
g=2 p=3 a1=3 a2=6 | noflip: realized m_pos=0 m_poly=0 m_real=0 n=4 Jmax=0.534 mpErr=1.5e-16 rootDev=6.7e-16 | flip: certified-unrealizable-all-m<=36 m_pos=5 m_poly=None m_real=None
g=2 p=3 a1=3 a2=7 | noflip: realized m_pos=0 m_poly=0 m_real=0 n=4 Jmax=0.394 mpErr=4.9e-15 rootDev=4.4e-16 | flip: certified-unrealizable-all-m<=36 m_pos=3 m_poly=None m_real=None
g=2 p=3 a1=4 a2=8 | noflip: realized m_pos=0 m_poly=0 m_real=0 n=4 Jmax=0.846 mpErr=1.1e-16 rootDev=4.4e-16 | flip: certified-unrealizable-all-m<=36 m_pos=131 m_poly=None m_real=None
g=2 p=3 a1=4 a2=9 | noflip: realized m_pos=0 m_poly=0 m_real=0 n=4 Jmax=0.450 mpErr=2.3e-15 rootDev=8.9e-16 | flip: certified-unrealizable-all-m<=36 m_pos=6 m_poly=None m_real=None
g=2 p=3 a1=4 a2=10 | noflip: realized m_pos=0 m_poly=0 m_real=0 n=4 Jmax=0.275 mpErr=4.0e-15 rootDev=2.5e-10 | flip: certified-unrealizable-all-m<=36 m_pos=4 m_poly=None m_real=None
elapsed s: 92.4
