g=2 p=7 a1=-8 a2=29 | noflip: certified-unrealizable-all-m<=36 m_pos=16 m_poly=None m_real=None | flip: realized m_pos=0 m_poly=0 m_real=0 n=4 Jmax=0.116 mpErr=7.8e-15 rootDev=2.2e-16
g=2 p=7 a1=-8 a2=30 | noflip: certified-unrealizable-all-m<=36 m_pos=9 m_poly=None m_real=None | flip: realized m_pos=0 m_poly=0 m_real=0 n=4 Jmax=0.140 mpErr=2.3e-14 rootDev=1.0e-12
g=2 p=7 a1=-7 a2=24 | noflip: certified-unrealizable-all-m<=36 m_pos=25 m_poly=None m_real=None | flip: realized m_pos=0 m_poly=0 m_real=0 n=4 Jmax=0.184 mpErr=2.4e-12 rootDev=4.4e-16
g=2 p=7 a1=-7 a2=25 | noflip: certified-unrealizable-all-m<=36 m_pos=8 m_poly=None m_real=None | flip: realized m_pos=0 m_poly=0 m_real=0 n=4 Jmax=0.383 mpErr=1.6e-15 rootDev=1.1e-15
g=2 p=7 a1=-6 a2=18 | noflip: certified-unrealizable-all-m<=36 m_pos=185 m_poly=None m_real=None | flip: realized m_pos=0 m_poly=0 m_real=0 n=4 Jmax=0.296 mpErr=8.2e-17 rootDev=2.2e-16
g=2 p=7 a1=-6 a2=19 | noflip: certified-unrealizable-all-m<=36 m_pos=29 m_poly=None m_real=None | flip: realized m_pos=0 m_poly=0 m_real=0 n=4 Jmax=0.236 mpErr=9.2e-16 rootDev=4.4e-16
g=2 p=7 a1=-6 a2=20 | noflip: certified-unrealizable-all-m<=36 m_pos=7 m_poly=None m_real=None | flip: realized m_pos=0 m_poly=0 m_real=0 n=4 Jmax=0.480 mpErr=4.1e-14 rootDev=1.0e-15
g=2 p=7 a1=-6 a2=21 | noflip: certified-unrealizable-all-m<=36 m_pos=5 m_poly=None m_real=None | flip: realized m_pos=0 m_poly=0 m_real=0 n=4 Jmax=0.406 mpErr=6.3e-15 rootDev=4.4e-16
g=2 p=7 a1=-6 a2=22 | noflip: certified-unrealizable-all-m<=36 m_pos=4 m_poly=None m_real=None | flip: realized m_pos=0 m_poly=0 m_real=0 n=4 Jmax=0.289 mpErr=1.5e-16 rootDev=1.7e-15
g=2 p=7 a1=-6 a2=23 | noflip: certified-unrealizable-all-m<=36 m_pos=4 m_poly=None m_real=None | flip: realized m_pos=0 m_poly=0 m_real=0 n=4 Jmax=0.284 mpErr=4.4e-15 rootDev=6.8e-10
g=2 p=7 a1=-5 a2=13 | noflip: certified-unrealizable-all-m<=36 m_pos=101 m_poly=None m_real=None | flip: realized m_pos=0 m_poly=0 m_real=0 n=4 Jmax=0.350 mpErr=3.7e-17 rootDev=8.9e-16
g=2 p=7 a1=-5 a2=14 | noflip: certified-unrealizable-all-m<=36 m_pos=29 m_poly=None m_real=None | flip: realized m_pos=0 m_poly=0 m_real=0 n=4 Jmax=0.823 mpErr=2.4e-15 rootDev=4.4e-16
g=2 p=7 a1=-5 a2=15 | noflip: certified-unrealizable-all-m<=36 m_pos=13 m_poly=None m_real=None | flip: realized m_pos=0 m_poly=0 m_real=0 n=4 Jmax=0.373 mpErr=1.2e-14 rootDev=8.9e-16
g=2 p=7 a1=-5 a2=16 | noflip: certified-unrealizable-all-m<=36 m_pos=5 m_poly=None m_real=None | flip: realized m_pos=0 m_poly=0 m_real=0 n=4 Jmax=0.212 mpErr=1.3e-16 rootDev=6.7e-16
g=2 p=7 a1=-5 a2=17 | noflip: certified-unrealizable-all-m<=36 m_pos=4 m_poly=None m_real=None | flip: realized m_pos=0 m_poly=0 m_real=0 n=4 Jmax=0.304 mpErr=3.3e-14 rootDev=6.7e-16
g=2 p=7 a1=-5 a2=18 | noflip: certified-unrealizable-all-m<=36 m_pos=4 m_poly=None m_real=None | flip: realized m_pos=0 m_poly=0 m_real=0 n=4 Jmax=0.419 mpErr=8.9e-17 rootDev=1.1e-16
g=2 p=7 a1=-5 a2=19 | noflip: certified-unrealizable-all-m<=36 m_pos=3 m_poly=None m_real=None | flip: realized m_pos=0 m_poly=0 m_real=0 n=4 Jmax=0.508 mpErr=2.2e-16 rootDev=7.8e-16
g=2 p=7 a1=-4 a2=8 | noflip: certified-unrealizable-all-m<=36 m_pos=77 m_poly=None m_real=None | flip: realized m_pos=0 m_poly=0 m_real=0 n=4 Jmax=0.900 mpErr=3.8e-15 rootDev=2.2e-16
g=2 p=7 a1=-4 a2=9 | noflip: certified-unrealizable-all-m<=36 m_pos=31 m_poly=None m_real=None | flip: realized m_pos=0 m_poly=0 m_real=0 n=4 Jmax=0.634 mpErr=7.6e-17 rootDev=3.3e-16
g=2 p=7 a1=-4 a2=10 | noflip: certified-unrealizable-all-m<=36 m_pos=17 m_poly=None m_real=None | flip: realized m_pos=0 m_poly=0 m_real=0 n=4 Jmax=0.557 mpErr=6.7e-15 rootDev=1.1e-15
g=2 p=7 a1=-4 a2=11 | noflip: certified-unrealizable-all-m<=36 m_pos=9 m_poly=None m_real=None | flip: realized m_pos=0 m_poly=0 m_real=0 n=4 Jmax=0.365 mpErr=4.9e-15 rootDev=6.7e-16
g=2 p=7 a1=-4 a2=12 | noflip: certified-unrealizable-all-m<=36 m_pos=3 m_poly=None m_real=None | flip: realized m_pos=0 m_poly=0 m_real=0 n=4 Jmax=0.448 mpErr=6.5e-15 rootDev=1.3e-15
g=2 p=7 a1=-4 a2=13 | noflip: certified-unrealizable-all-m<=36 m_pos=3 m_poly=None m_real=None | flip: realized m_pos=0 m_poly=0 m_real=0 n=4 Jmax=0.485 mpErr=4.1e-15 rootDev=2.2e-16
g=2 p=7 a1=-4 a2=14 | noflip: certified-unrealizable-all-m<=36 m_pos=3 m_poly=None m_real=None | flip: realized m_pos=0 m_poly=0 m_real=0 n=4 Jmax=0.620 mpErr=1.3e-14 rootDev=8.9e-16
g=2 p=7 a1=-4 a2=15 | noflip: undecided m_pos=2 m_poly=2 m_real=None lastSearch(m=6,best=0.010577828047088733) | flip: realized m_pos=0 m_poly=0 m_real=0 n=4 Jmax=0.441 mpErr=6.5e-17 rootDev=1.0e-15
g=2 p=7 a1=-4 a2=16 | noflip: undecided m_pos=2 m_poly=2 m_real=None lastSearch(m=6,best=0.005983856005669086) | flip: realized m_pos=0 m_poly=0 m_real=0 n=4 Jmax=0.608 mpErr=3.0e-17 rootDev=8.9e-16
g=2 p=7 a1=-4 a2=17 | noflip: undecided m_pos=2 m_poly=2 m_real=None lastSearch(m=6,best=0.002055938793479317) | flip: realized m_pos=0 m_poly=0 m_real=0 n=4 Jmax=0.478 mpErr=1.2e-16 rootDev=1.1e-15
g=2 p=7 a1=-4 a2=18 | noflip: realized m_pos=2 m_poly=2 m_real=2 n=6 Jmax=1.818 mpErr=2.8e-13 rootDev=7.6e-11 | flip: realized m_pos=0 m_poly=0 m_real=0 n=4 Jmax=0.486 mpErr=3.4e-14 rootDev=6.8e-10
g=2 p=7 a1=-3 a2=2 | noflip: certified-unrealizable-all-m<=36 m_pos=633 m_poly=None m_real=None | flip: realized m_pos=0 m_poly=0 m_real=0 n=4 Jmax=3.371 mpErr=2.5e-16 rootDev=2.2e-16
g=2 p=7 a1=-3 a2=3 | noflip: certified-unrealizable-all-m<=36 m_pos=65 m_poly=None m_real=None | flip: realized m_pos=0 m_poly=0 m_real=0 n=4 Jmax=0.825 mpErr=5.8e-16 rootDev=3.3e-16
g=2 p=7 a1=-3 a2=4 | noflip: certified-unrealizable-all-m<=36 m_pos=31 m_poly=None m_real=None | flip: realized m_pos=0 m_poly=0 m_real=0 n=4 Jmax=1.177 mpErr=8.6e-15 rootDev=6.7e-16
g=2 p=7 a1=-3 a2=5 | noflip: certified-unrealizable-all-m<=36 m_pos=19 m_poly=None m_real=None | flip: realized m_pos=0 m_poly=0 m_real=0 n=4 Jmax=0.749 mpErr=2.1e-16 rootDev=1.0e-15
g=2 p=7 a1=-3 a2=6 | noflip: certified-unrealizable-all-m<=36 m_pos=13 m_poly=None m_real=None | flip: realized m_pos=0 m_poly=0 m_real=0 n=4 Jmax=0.617 mpErr=1.3e-16 rootDev=2.2e-16
g=2 p=7 a1=-3 a2=7 | noflip: certified-unrealizable-all-m<=36 m_pos=9 m_poly=None m_real=None | flip: realized m_pos=0 m_poly=0 m_real=0 n=4 Jmax=0.513 mpErr=2.5e-16 rootDev=6.7e-16
g=2 p=7 a1=-3 a2=8 | noflip: certified-unrealizable-all-m<=36 m_pos=5 m_poly=None m_real=None | flip: realized m_pos=0 m_poly=0 m_real=0 n=4 Jmax=0.561 mpErr=4.6e-15 rootDev=2.2e-16
g=2 p=7 a1=-3 a2=9 | noflip: undecided m_pos=2 m_poly=2 m_real=None lastSearch(m=6,best=0.006315974191494433) | flip: realized m_pos=0 m_poly=0 m_real=0 n=4 Jmax=0.835 mpErr=9.5e-15 rootDev=6.7e-16
g=2 p=7 a1=-3 a2=10 | noflip: undecided m_pos=2 m_poly=2 m_real=None lastSearch(m=6,best=0.00463921402152101) | flip: realized m_pos=0 m_poly=0 m_real=0 n=4 Jmax=0.487 mpErr=1.3e-16 rootDev=1.6e-15
g=2 p=7 a1=-3 a2=11 | noflip: undecided m_pos=2 m_poly=2 m_real=None lastSearch(m=6,best=0.0033766639971628543) | flip: realized m_pos=0 m_poly=0 m_real=0 n=4 Jmax=0.600 mpErr=4.3e-15 rootDev=6.7e-16
g=2 p=7 a1=-3 a2=12 | noflip: undecided m_pos=2 m_poly=2 m_real=None lastSearch(m=6,best=0.0023398887291452564) | flip: realized m_pos=0 m_poly=0 m_real=0 n=4 Jmax=0.907 mpErr=1.1e-15 rootDev=5.6e-16
g=2 p=7 a1=-3 a2=13 | noflip: undecided m_pos=2 m_poly=2 m_real=None lastSearch(m=6,best=0.0014488280682418697) | flip: realized m_pos=0 m_poly=0 m_real=0 n=4 Jmax=0.580 mpErr=1.1e-16 rootDev=4.4e-16
g=2 p=7 a1=-3 a2=14 | noflip: undecided m_pos=2 m_poly=2 m_real=None lastSearch(m=6,best=0.0006628377134758612) | flip: realized m_pos=0 m_poly=0 m_real=0 n=4 Jmax=0.585 mpErr=3.2e-16 rootDev=6.7e-16
g=2 p=7 a1=-3 a2=15 | noflip: realized m_pos=2 m_poly=2 m_real=2 n=6 Jmax=10.746 mpErr=3.4e-13 rootDev=6.7e-16 | flip: realized m_pos=0 m_poly=0 m_real=0 n=4 Jmax=0.618 mpErr=1.9e-17 rootDev=7.8e-16
g=2 p=7 a1=-2 a2=-3 | noflip: certified-unrealizable-all-m<=36 m_pos=213 m_poly=None m_real=None | flip: certified-unrealizable-all-m<=36 m_pos=1 m_poly=None m_real=None
g=2 p=7 a1=-2 a2=-2 | noflip: certified-unrealizable-all-m<=36 m_pos=59 m_poly=None m_real=None | flip: certified-unrealizable-all-m<=36 m_pos=1 m_poly=None m_real=None
g=2 p=7 a1=-2 a2=-1 | noflip: certified-unrealizable-all-m<=36 m_pos=31 m_poly=None m_real=None | flip: certified-unrealizable-all-m<=36 m_pos=1 m_poly=None m_real=None
g=2 p=7 a1=-2 a2=0 | noflip: certified-unrealizable-all-m<=36 m_pos=21 m_poly=None m_real=None | flip: undecided m_pos=1 m_poly=15 m_real=None lastSearch(m=15,best=n > NMAX)
g=2 p=7 a1=-2 a2=1 | noflip: certified-unrealizable-all-m<=36 m_pos=15 m_poly=None m_real=None | flip: realized m_pos=0 m_poly=0 m_real=0 n=4 Jmax=0.980 mpErr=9.9e-16 rootDev=7.8e-16
g=2 p=7 a1=-2 a2=2 | noflip: certified-unrealizable-all-m<=36 m_pos=11 m_poly=None m_real=None | flip: realized m_pos=0 m_poly=0 m_real=0 n=4 Jmax=1.067 mpErr=1.9e-16 rootDev=5.6e-16
g=2 p=7 a1=-2 a2=3 | noflip: certified-unrealizable-all-m<=36 m_pos=7 m_poly=None m_real=None | flip: realized m_pos=0 m_poly=0 m_real=0 n=4 Jmax=1.212 mpErr=3.5e-15 rootDev=1.6e-15
g=2 p=7 a1=-2 a2=4 | noflip: certified-unrealizable-all-m<=36 m_pos=5 m_poly=None m_real=None | flip: realized m_pos=0 m_poly=0 m_real=0 n=4 Jmax=0.502 mpErr=9.8e-15 rootDev=6.7e-16
g=2 p=7 a1=-2 a2=5 | noflip: certified-unrealizable-all-m<=36 m_pos=3 m_poly=None m_real=None | flip: realized m_pos=0 m_poly=0 m_real=0 n=4 Jmax=0.688 mpErr=3.8e-15 rootDev=1.3e-15
g=2 p=7 a1=-2 a2=6 | noflip: realized m_pos=1 m_poly=1 m_real=1 n=5 Jmax=0.780 mpErr=2.2e-16 rootDev=3.3e-16 | flip: realized m_pos=0 m_poly=0 m_real=0 n=4 Jmax=0.773 mpErr=3.8e-15 rootDev=1.8e-15
g=2 p=7 a1=-2 a2=7 | noflip: realized m_pos=1 m_poly=1 m_real=1 n=5 Jmax=1.508 mpErr=5.1e-16 rootDev=5.6e-16 | flip: realized m_pos=0 m_poly=0 m_real=0 n=4 Jmax=0.859 mpErr=6.6e-16 rootDev=6.7e-16
g=2 p=7 a1=-2 a2=8 | noflip: realized m_pos=1 m_poly=1 m_real=1 n=5 Jmax=1.058 mpErr=1.5e-15 rootDev=4.4e-16 | flip: realized m_pos=0 m_poly=0 m_real=0 n=4 Jmax=0.816 mpErr=2.1e-16 rootDev=4.4e-16
g=2 p=7 a1=-2 a2=9 | noflip: realized m_pos=1 m_poly=1 m_real=1 n=5 Jmax=2.041 mpErr=2.6e-16 rootDev=2.2e-16 | flip: realized m_pos=0 m_poly=0 m_real=0 n=4 Jmax=0.869 mpErr=6.4e-16 rootDev=7.8e-16
g=2 p=7 a1=-2 a2=10 | noflip: realized m_pos=1 m_poly=1 m_real=1 n=5 Jmax=1.835 mpErr=3.1e-16 rootDev=1.1e-15 | flip: realized m_pos=0 m_poly=0 m_real=0 n=4 Jmax=0.977 mpErr=9.8e-17 rootDev=8.9e-16
g=2 p=7 a1=-2 a2=11 | noflip: realized m_pos=1 m_poly=1 m_real=1 n=5 Jmax=2.067 mpErr=3.6e-15 rootDev=4.4e-16 | flip: realized m_pos=0 m_poly=0 m_real=0 n=4 Jmax=0.757 mpErr=3.5e-15 rootDev=3.3e-16
g=2 p=7 a1=-2 a2=12 | noflip: realized m_pos=1 m_poly=1 m_real=1 n=5 Jmax=1.976 mpErr=1.4e-16 rootDev=1.2e-15 | flip: realized m_pos=0 m_poly=0 m_real=0 n=4 Jmax=1.245 mpErr=3.4e-16 rootDev=7.8e-16
g=2 p=7 a1=-2 a2=13 | noflip: realized m_pos=1 m_poly=1 m_real=1 n=5 Jmax=4.003 mpErr=1.7e-16 rootDev=1.8e-15 | flip: realized m_pos=0 m_poly=0 m_real=0 n=4 Jmax=0.794 mpErr=9.0e-16 rootDev=3.3e-16
g=2 p=7 a1=-2 a2=14 | noflip: realized m_pos=1 m_poly=1 m_real=2 n=6 Jmax=1.744 mpErr=2.7e-13 rootDev=1.4e-15 | flip: realized m_pos=0 m_poly=0 m_real=0 n=4 Jmax=0.814 mpErr=4.3e-16 rootDev=6.7e-16
g=2 p=7 a1=-2 a2=15 | noflip: realized m_pos=1 m_poly=1 m_real=2 n=6 Jmax=3.298 mpErr=1.9e-13 rootDev=3.4e-10 | flip: realized m_pos=0 m_poly=0 m_real=0 n=4 Jmax=0.833 mpErr=3.3e-13 rootDev=9.4e-12
g=2 p=7 a1=-1 a2=-8 | noflip: certified-unrealizable-all-m<=36 m_pos=137 m_poly=None m_real=None | flip: certified-unrealizable-all-m<=36 m_pos=5 m_poly=None m_real=None
g=2 p=7 a1=-1 a2=-7 | noflip: certified-unrealizable-all-m<=36 m_pos=53 m_poly=None m_real=None | flip: certified-unrealizable-all-m<=36 m_pos=5 m_poly=None m_real=None
g=2 p=7 a1=-1 a2=-6 | noflip: certified-unrealizable-all-m<=36 m_pos=31 m_poly=None m_real=None | flip: certified-unrealizable-all-m<=36 m_pos=5 m_poly=None m_real=None
g=2 p=7 a1=-1 a2=-5 | noflip: certified-unrealizable-all-m<=36 m_pos=21 m_poly=None m_real=None | flip: certified-unrealizable-all-m<=36 m_pos=3 m_poly=None m_real=None
g=2 p=7 a1=-1 a2=-4 | noflip: certified-unrealizable-all-m<=36 m_pos=15 m_poly=None m_real=None | flip: certified-unrealizable-all-m<=36 m_pos=3 m_poly=None m_real=None
g=2 p=7 a1=-1 a2=-3 | noflip: certified-unrealizable-all-m<=36 m_pos=13 m_poly=None m_real=None | flip: certified-unrealizable-all-m<=36 m_pos=3 m_poly=None m_real=None
g=2 p=7 a1=-1 a2=-2 | noflip: certified-unrealizable-all-m<=36 m_pos=9 m_poly=None m_real=None | flip: certified-unrealizable-all-m<=36 m_pos=1 m_poly=None m_real=None
g=2 p=7 a1=-1 a2=-1 | noflip: certified-unrealizable-all-m<=36 m_pos=7 m_poly=None m_real=None | flip: certified-unrealizable-all-m<=36 m_pos=1 m_poly=None m_real=None
g=2 p=7 a1=-1 a2=0 | noflip: certified-unrealizable-all-m<=36 m_pos=5 m_poly=None m_real=None | flip: undecided m_pos=1 m_poly=15 m_real=None lastSearch(m=15,best=n > NMAX)
g=2 p=7 a1=-1 a2=1 | noflip: certified-unrealizable-all-m<=36 m_pos=5 m_poly=None m_real=None | flip: realized m_pos=0 m_poly=0 m_real=0 n=4 Jmax=0.992 mpErr=9.0e-16 rootDev=8.9e-16
g=2 p=7 a1=-1 a2=2 | noflip: certified-unrealizable-all-m<=36 m_pos=3 m_poly=None m_real=None | flip: realized m_pos=0 m_poly=0 m_real=0 n=4 Jmax=0.839 mpErr=9.9e-15 rootDev=4.4e-16
g=2 p=7 a1=-1 a2=3 | noflip: realized m_pos=1 m_poly=1 m_real=1 n=5 Jmax=1.084 mpErr=1.7e-16 rootDev=7.8e-16 | flip: realized m_pos=0 m_poly=0 m_real=0 n=4 Jmax=0.773 mpErr=3.2e-16 rootDev=4.4e-16
g=2 p=7 a1=-1 a2=4 | noflip: realized m_pos=1 m_poly=1 m_real=1 n=5 Jmax=2.782 mpErr=1.9e-16 rootDev=2.2e-16 | flip: realized m_pos=0 m_poly=0 m_real=0 n=4 Jmax=1.027 mpErr=6.9e-16 rootDev=4.4e-16
g=2 p=7 a1=-1 a2=5 | noflip: realized m_pos=1 m_poly=1 m_real=1 n=5 Jmax=0.643 mpErr=1.4e-17 rootDev=2.2e-16 | flip: realized m_pos=0 m_poly=0 m_real=0 n=4 Jmax=1.040 mpErr=4.6e-15 rootDev=3.3e-16
g=2 p=7 a1=-1 a2=6 | noflip: realized m_pos=1 m_poly=1 m_real=1 n=5 Jmax=0.883 mpErr=1.5e-14 rootDev=2.2e-16 | flip: realized m_pos=0 m_poly=0 m_real=0 n=4 Jmax=1.001 mpErr=2.0e-16 rootDev=3.3e-16
g=2 p=7 a1=-1 a2=7 | noflip: realized m_pos=1 m_poly=1 m_real=1 n=5 Jmax=0.845 mpErr=2.4e-15 rootDev=1.3e-15 | flip: realized m_pos=0 m_poly=0 m_real=0 n=4 Jmax=1.077 mpErr=1.2e-15 rootDev=7.8e-16
g=2 p=7 a1=-1 a2=8 | noflip: realized m_pos=1 m_poly=1 m_real=1 n=5 Jmax=1.462 mpErr=1.1e-15 rootDev=4.4e-16 | flip: realized m_pos=0 m_poly=0 m_real=0 n=4 Jmax=1.073 mpErr=6.9e-15 rootDev=6.7e-16
g=2 p=7 a1=-1 a2=9 | noflip: realized m_pos=1 m_poly=1 m_real=1 n=5 Jmax=1.372 mpErr=2.1e-16 rootDev=3.3e-16 | flip: realized m_pos=0 m_poly=0 m_real=0 n=4 Jmax=1.065 mpErr=3.5e-16 rootDev=6.7e-16
g=2 p=7 a1=-1 a2=10 | noflip: realized m_pos=1 m_poly=1 m_real=1 n=5 Jmax=1.205 mpErr=2.4e-16 rootDev=8.9e-16 | flip: realized m_pos=0 m_poly=0 m_real=0 n=4 Jmax=1.109 mpErr=1.9e-15 rootDev=6.7e-16
g=2 p=7 a1=-1 a2=11 | noflip: realized m_pos=1 m_poly=1 m_real=1 n=5 Jmax=0.898 mpErr=1.9e-16 rootDev=6.7e-16 | flip: realized m_pos=0 m_poly=0 m_real=0 n=4 Jmax=1.209 mpErr=4.5e-16 rootDev=3.3e-16
g=2 p=7 a1=-1 a2=12 | noflip: realized m_pos=1 m_poly=1 m_real=1 n=5 Jmax=2.117 mpErr=1.4e-16 rootDev=1.1e-15 | flip: realized m_pos=0 m_poly=0 m_real=0 n=4 Jmax=1.156 mpErr=9.2e-16 rootDev=4.4e-16
g=2 p=7 a1=-1 a2=13 | noflip: realized m_pos=1 m_poly=1 m_real=1 n=5 Jmax=1.975 mpErr=6.6e-16 rootDev=6.7e-16 | flip: realized m_pos=0 m_poly=0 m_real=0 n=4 Jmax=1.179 mpErr=5.8e-15 rootDev=1.2e-15
g=2 p=7 a1=0 a2=-14 | noflip: UNREALIZABLE-ALL-m (root z=1) | flip: UNREALIZABLE-ALL-m (root z=1)
g=2 p=7 a1=0 a2=-11 | noflip: certified-unrealizable-all-m<=36 m_pos=33 m_poly=None m_real=None | flip: certified-unrealizable-all-m<=36 m_pos=33 m_poly=None m_real=None
g=2 p=7 a1=0 a2=-10 | noflip: certified-unrealizable-all-m<=36 m_pos=23 m_poly=None m_real=None | flip: certified-unrealizable-all-m<=36 m_pos=23 m_poly=None m_real=None
g=2 p=7 a1=0 a2=-9 | noflip: certified-unrealizable-all-m<=36 m_pos=17 m_poly=None m_real=None | flip: certified-unrealizable-all-m<=36 m_pos=17 m_poly=None m_real=None
g=2 p=7 a1=0 a2=-8 | noflip: certified-unrealizable-all-m<=36 m_pos=13 m_poly=None m_real=None | flip: certified-unrealizable-all-m<=36 m_pos=13 m_poly=None m_real=None
g=2 p=7 a1=0 a2=-6 | noflip: certified-unrealizable-all-m<=36 m_pos=9 m_poly=None m_real=None | flip: certified-unrealizable-all-m<=36 m_pos=9 m_poly=None m_real=None
g=2 p=7 a1=0 a2=-5 | noflip: certified-unrealizable-all-m<=36 m_pos=7 m_poly=None m_real=None | flip: certified-unrealizable-all-m<=36 m_pos=7 m_poly=None m_real=None
g=2 p=7 a1=0 a2=-4 | noflip: certified-unrealizable-all-m<=36 m_pos=5 m_poly=None m_real=None | flip: certified-unrealizable-all-m<=36 m_pos=5 m_poly=None m_real=None
g=2 p=7 a1=0 a2=-3 | noflip: certified-unrealizable-all-m<=36 m_pos=5 m_poly=None m_real=None | flip: certified-unrealizable-all-m<=36 m_pos=5 m_poly=None m_real=None
g=2 p=7 a1=0 a2=-2 | noflip: certified-unrealizable-all-m<=36 m_pos=3 m_poly=None m_real=None | flip: certified-unrealizable-all-m<=36 m_pos=3 m_poly=None m_real=None
g=2 p=7 a1=0 a2=-1 | noflip: certified-unrealizable-all-m<=36 m_pos=3 m_poly=None m_real=None | flip: certified-unrealizable-all-m<=36 m_pos=3 m_poly=None m_real=None
g=2 p=7 a1=0 a2=0 | noflip: undecided m_pos=3 m_poly=16 m_real=None lastSearch(m=16,best=n > NMAX) | flip: undecided m_pos=3 m_poly=16 m_real=None lastSearch(m=16,best=n > NMAX)
g=2 p=7 a1=0 a2=1 | noflip: realized m_pos=1 m_poly=1 m_real=1 n=5 Jmax=0.850 mpErr=1.7e-16 rootDev=1.2e-15 | flip: realized m_pos=1 m_poly=1 m_real=1 n=5 Jmax=1.678 mpErr=1.4e-16 rootDev=1.6e-15
g=2 p=7 a1=0 a2=2 | noflip: realized m_pos=1 m_poly=1 m_real=1 n=5 Jmax=4.170 mpErr=4.1e-16 rootDev=6.7e-16 | flip: realized m_pos=1 m_poly=1 m_real=1 n=5 Jmax=8.108 mpErr=1.6e-16 rootDev=4.4e-16
g=2 p=7 a1=0 a2=3 | noflip: realized m_pos=1 m_poly=1 m_real=1 n=5 Jmax=1.269 mpErr=5.5e-15 rootDev=7.8e-16 | flip: realized m_pos=1 m_poly=1 m_real=1 n=5 Jmax=1.089 mpErr=7.8e-15 rootDev=6.7e-16
g=2 p=7 a1=0 a2=4 | noflip: realized m_pos=1 m_poly=1 m_real=1 n=5 Jmax=1.157 mpErr=7.1e-15 rootDev=6.7e-16 | flip: realized m_pos=1 m_poly=1 m_real=1 n=5 Jmax=0.914 mpErr=4.2e-15 rootDev=1.1e-16
g=2 p=7 a1=0 a2=5 | noflip: realized m_pos=1 m_poly=1 m_real=1 n=5 Jmax=0.534 mpErr=9.3e-17 rootDev=8.9e-16 | flip: realized m_pos=1 m_poly=1 m_real=1 n=5 Jmax=1.027 mpErr=2.4e-15 rootDev=6.7e-16
g=2 p=7 a1=0 a2=6 | noflip: realized m_pos=1 m_poly=1 m_real=1 n=5 Jmax=1.103 mpErr=2.7e-15 rootDev=1.1e-15 | flip: realized m_pos=1 m_poly=1 m_real=1 n=5 Jmax=0.651 mpErr=1.4e-15 rootDev=1.3e-15
g=2 p=7 a1=0 a2=7 | noflip: realized m_pos=1 m_poly=1 m_real=1 n=5 Jmax=0.551 mpErr=1.9e-17 rootDev=1.1e-15 | flip: realized m_pos=1 m_poly=1 m_real=1 n=5 Jmax=0.852 mpErr=9.0e-17 rootDev=1.1e-15
g=2 p=7 a1=0 a2=8 | noflip: realized m_pos=1 m_poly=1 m_real=1 n=5 Jmax=0.878 mpErr=5.1e-15 rootDev=1.3e-15 | flip: realized m_pos=1 m_poly=1 m_real=1 n=5 Jmax=0.863 mpErr=5.9e-15 rootDev=4.4e-16
g=2 p=7 a1=0 a2=9 | noflip: realized m_pos=1 m_poly=1 m_real=1 n=5 Jmax=0.656 mpErr=1.5e-16 rootDev=4.4e-16 | flip: realized m_pos=1 m_poly=1 m_real=1 n=5 Jmax=0.695 mpErr=2.5e-15 rootDev=1.1e-15
g=2 p=7 a1=0 a2=10 | noflip: realized m_pos=1 m_poly=1 m_real=1 n=5 Jmax=0.660 mpErr=6.9e-17 rootDev=1.1e-15 | flip: realized m_pos=1 m_poly=1 m_real=1 n=5 Jmax=0.907 mpErr=1.7e-16 rootDev=1.1e-15
g=2 p=7 a1=0 a2=11 | noflip: realized m_pos=1 m_poly=1 m_real=1 n=5 Jmax=0.821 mpErr=1.2e-16 rootDev=6.7e-16 | flip: realized m_pos=1 m_poly=1 m_real=1 n=5 Jmax=0.747 mpErr=1.1e-15 rootDev=1.1e-15
g=2 p=7 a1=0 a2=12 | noflip: realized m_pos=1 m_poly=1 m_real=1 n=5 Jmax=1.266 mpErr=5.9e-16 rootDev=1.2e-15 | flip: realized m_pos=1 m_poly=1 m_real=1 n=5 Jmax=1.239 mpErr=3.3e-16 rootDev=8.9e-16
g=2 p=7 a1=0 a2=13 | noflip: realized m_pos=1 m_poly=1 m_real=1 n=5 Jmax=3.868 mpErr=1.1e-16 rootDev=1.6e-15 | flip: realized m_pos=1 m_poly=1 m_real=1 n=5 Jmax=1.304 mpErr=7.7e-16 rootDev=1.1e-15
g=2 p=7 a1=0 a2=14 | noflip: realized m_pos=1 m_poly=1 m_real=1 n=5 Jmax=11.940 mpErr=7.3e-12 rootDev=5.4e-12 | flip: realized m_pos=1 m_poly=1 m_real=2 n=6 Jmax=0.532 mpErr=5.5e-15 rootDev=1.1e-10
g=2 p=7 a1=1 a2=-8 | noflip: certified-unrealizable-all-m<=36 m_pos=5 m_poly=None m_real=None | flip: certified-unrealizable-all-m<=36 m_pos=137 m_poly=None m_real=None
g=2 p=7 a1=1 a2=-7 | noflip: certified-unrealizable-all-m<=36 m_pos=5 m_poly=None m_real=None | flip: certified-unrealizable-all-m<=36 m_pos=53 m_poly=None m_real=None
g=2 p=7 a1=1 a2=-6 | noflip: certified-unrealizable-all-m<=36 m_pos=5 m_poly=None m_real=None | flip: certified-unrealizable-all-m<=36 m_pos=31 m_poly=None m_real=None
g=2 p=7 a1=1 a2=-5 | noflip: certified-unrealizable-all-m<=36 m_pos=3 m_poly=None m_real=None | flip: certified-unrealizable-all-m<=36 m_pos=21 m_poly=None m_real=None
g=2 p=7 a1=1 a2=-4 | noflip: certified-unrealizable-all-m<=36 m_pos=3 m_poly=None m_real=None | flip: certified-unrealizable-all-m<=36 m_pos=15 m_poly=None m_real=None
g=2 p=7 a1=1 a2=-3 | noflip: certified-unrealizable-all-m<=36 m_pos=3 m_poly=None m_real=None | flip: certified-unrealizable-all-m<=36 m_pos=13 m_poly=None m_real=None
g=2 p=7 a1=1 a2=-2 | noflip: certified-unrealizable-all-m<=36 m_pos=1 m_poly=None m_real=None | flip: certified-unrealizable-all-m<=36 m_pos=9 m_poly=None m_real=None
g=2 p=7 a1=1 a2=-1 | noflip: certified-unrealizable-all-m<=36 m_pos=1 m_poly=None m_real=None | flip: certified-unrealizable-all-m<=36 m_pos=7 m_poly=None m_real=None
g=2 p=7 a1=1 a2=0 | noflip: undecided m_pos=1 m_poly=15 m_real=None lastSearch(m=15,best=n > NMAX) | flip: certified-unrealizable-all-m<=36 m_pos=5 m_poly=None m_real=None
g=2 p=7 a1=1 a2=1 | noflip: realized m_pos=0 m_poly=0 m_real=0 n=4 Jmax=1.458 mpErr=4.5e-16 rootDev=7.8e-16 | flip: certified-unrealizable-all-m<=36 m_pos=5 m_poly=None m_real=None
g=2 p=7 a1=1 a2=2 | noflip: realized m_pos=0 m_poly=0 m_real=0 n=4 Jmax=1.242 mpErr=4.2e-15 rootDev=6.7e-16 | flip: certified-unrealizable-all-m<=36 m_pos=3 m_poly=None m_real=None
g=2 p=7 a1=1 a2=3 | noflip: realized m_pos=0 m_poly=0 m_real=0 n=4 Jmax=0.940 mpErr=4.1e-16 rootDev=1.1e-16 | flip: realized m_pos=1 m_poly=1 m_real=1 n=5 Jmax=1.167 mpErr=1.6e-16 rootDev=2.2e-16
g=2 p=7 a1=1 a2=4 | noflip: realized m_pos=0 m_poly=0 m_real=0 n=4 Jmax=0.997 mpErr=1.7e-16 rootDev=4.4e-16 | flip: realized m_pos=1 m_poly=1 m_real=1 n=5 Jmax=2.211 mpErr=1.6e-16 rootDev=4.4e-16
g=2 p=7 a1=1 a2=5 | noflip: realized m_pos=0 m_poly=0 m_real=0 n=4 Jmax=0.923 mpErr=3.0e-16 rootDev=3.3e-16 | flip: realized m_pos=1 m_poly=1 m_real=1 n=5 Jmax=0.987 mpErr=6.3e-16 rootDev=1.8e-15
g=2 p=7 a1=1 a2=6 | noflip: realized m_pos=0 m_poly=0 m_real=0 n=4 Jmax=1.023 mpErr=4.9e-17 rootDev=1.1e-15 | flip: realized m_pos=1 m_poly=1 m_real=1 n=5 Jmax=0.941 mpErr=2.7e-15 rootDev=1.1e-15
g=2 p=7 a1=1 a2=7 | noflip: realized m_pos=0 m_poly=0 m_real=0 n=4 Jmax=1.005 mpErr=2.2e-15 rootDev=1.1e-15 | flip: realized m_pos=1 m_poly=1 m_real=1 n=5 Jmax=1.013 mpErr=2.5e-16 rootDev=1.3e-15
g=2 p=7 a1=1 a2=8 | noflip: realized m_pos=0 m_poly=0 m_real=0 n=4 Jmax=1.280 mpErr=8.1e-17 rootDev=1.1e-15 | flip: realized m_pos=1 m_poly=1 m_real=1 n=5 Jmax=1.117 mpErr=1.2e-16 rootDev=6.7e-16
g=2 p=7 a1=1 a2=9 | noflip: realized m_pos=0 m_poly=0 m_real=0 n=4 Jmax=1.590 mpErr=2.8e-16 rootDev=8.9e-16 | flip: realized m_pos=1 m_poly=1 m_real=1 n=5 Jmax=1.027 mpErr=6.9e-15 rootDev=6.7e-16
g=2 p=7 a1=1 a2=10 | noflip: realized m_pos=0 m_poly=0 m_real=0 n=4 Jmax=1.150 mpErr=1.2e-15 rootDev=8.9e-16 | flip: realized m_pos=1 m_poly=1 m_real=1 n=5 Jmax=1.286 mpErr=1.7e-16 rootDev=1.1e-15
g=2 p=7 a1=1 a2=11 | noflip: realized m_pos=0 m_poly=0 m_real=0 n=4 Jmax=1.272 mpErr=5.2e-15 rootDev=8.9e-16 | flip: realized m_pos=1 m_poly=1 m_real=1 n=5 Jmax=1.993 mpErr=4.5e-16 rootDev=1.8e-15
g=2 p=7 a1=1 a2=12 | noflip: realized m_pos=0 m_poly=0 m_real=0 n=4 Jmax=1.154 mpErr=7.7e-15 rootDev=3.3e-16 | flip: realized m_pos=1 m_poly=1 m_real=1 n=5 Jmax=1.144 mpErr=6.5e-15 rootDev=6.7e-16
g=2 p=7 a1=1 a2=13 | noflip: realized m_pos=0 m_poly=0 m_real=0 n=4 Jmax=1.328 mpErr=6.0e-17 rootDev=6.7e-16 | flip: realized m_pos=1 m_poly=1 m_real=1 n=5 Jmax=1.618 mpErr=3.5e-14 rootDev=2.2e-16
g=2 p=7 a1=2 a2=-3 | noflip: certified-unrealizable-all-m<=36 m_pos=1 m_poly=None m_real=None | flip: certified-unrealizable-all-m<=36 m_pos=213 m_poly=None m_real=None
g=2 p=7 a1=2 a2=-2 | noflip: certified-unrealizable-all-m<=36 m_pos=1 m_poly=None m_real=None | flip: certified-unrealizable-all-m<=36 m_pos=59 m_poly=None m_real=None
g=2 p=7 a1=2 a2=-1 | noflip: certified-unrealizable-all-m<=36 m_pos=1 m_poly=None m_real=None | flip: certified-unrealizable-all-m<=36 m_pos=31 m_poly=None m_real=None
g=2 p=7 a1=2 a2=0 | noflip: undecided m_pos=1 m_poly=15 m_real=None lastSearch(m=15,best=n > NMAX) | flip: certified-unrealizable-all-m<=36 m_pos=21 m_poly=None m_real=None
g=2 p=7 a1=2 a2=1 | noflip: realized m_pos=0 m_poly=0 m_real=0 n=4 Jmax=1.495 mpErr=2.2e-15 rootDev=2.2e-16 | flip: certified-unrealizable-all-m<=36 m_pos=15 m_poly=None m_real=None
g=2 p=7 a1=2 a2=2 | noflip: realized m_pos=0 m_poly=0 m_real=0 n=4 Jmax=0.997 mpErr=4.3e-16 rootDev=7.8e-16 | flip: certified-unrealizable-all-m<=36 m_pos=11 m_poly=None m_real=None
g=2 p=7 a1=2 a2=3 | noflip: realized m_pos=0 m_poly=0 m_real=0 n=4 Jmax=1.193 mpErr=9.0e-16 rootDev=4.4e-16 | flip: certified-unrealizable-all-m<=36 m_pos=7 m_poly=None m_real=None
g=2 p=7 a1=2 a2=4 | noflip: realized m_pos=0 m_poly=0 m_real=0 n=4 Jmax=1.183 mpErr=1.1e-15 rootDev=6.7e-16 | flip: certified-unrealizable-all-m<=36 m_pos=5 m_poly=None m_real=None
g=2 p=7 a1=2 a2=5 | noflip: realized m_pos=0 m_poly=0 m_real=0 n=4 Jmax=0.611 mpErr=7.7e-17 rootDev=6.7e-16 | flip: certified-unrealizable-all-m<=36 m_pos=3 m_poly=None m_real=None
g=2 p=7 a1=2 a2=6 | noflip: realized m_pos=0 m_poly=0 m_real=0 n=4 Jmax=0.553 mpErr=1.3e-16 rootDev=5.6e-16 | flip: realized m_pos=1 m_poly=1 m_real=1 n=5 Jmax=0.797 mpErr=5.8e-16 rootDev=1.2e-15
g=2 p=7 a1=2 a2=7 | noflip: realized m_pos=0 m_poly=0 m_real=0 n=4 Jmax=1.399 mpErr=7.1e-15 rootDev=1.3e-15 | flip: realized m_pos=1 m_poly=1 m_real=1 n=5 Jmax=1.265 mpErr=8.7e-15 rootDev=6.7e-16
g=2 p=7 a1=2 a2=8 | noflip: realized m_pos=0 m_poly=0 m_real=0 n=4 Jmax=0.679 mpErr=9.9e-15 rootDev=1.6e-15 | flip: realized m_pos=1 m_poly=1 m_real=1 n=5 Jmax=1.732 mpErr=1.8e-16 rootDev=2.2e-16
g=2 p=7 a1=2 a2=9 | noflip: realized m_pos=0 m_poly=0 m_real=0 n=4 Jmax=0.772 mpErr=2.7e-15 rootDev=1.1e-15 | flip: realized m_pos=1 m_poly=1 m_real=1 n=5 Jmax=1.678 mpErr=3.1e-16 rootDev=5.6e-16
g=2 p=7 a1=2 a2=10 | noflip: realized m_pos=0 m_poly=0 m_real=0 n=4 Jmax=0.769 mpErr=2.2e-15 rootDev=1.0e-15 | flip: realized m_pos=1 m_poly=1 m_real=1 n=5 Jmax=1.300 mpErr=1.4e-14 rootDev=8.9e-16
g=2 p=7 a1=2 a2=11 | noflip: realized m_pos=0 m_poly=0 m_real=0 n=4 Jmax=1.320 mpErr=3.2e-16 rootDev=5.6e-16 | flip: realized m_pos=1 m_poly=1 m_real=1 n=5 Jmax=1.951 mpErr=2.4e-16 rootDev=8.9e-16
g=2 p=7 a1=2 a2=12 | noflip: realized m_pos=0 m_poly=0 m_real=0 n=4 Jmax=0.790 mpErr=9.9e-17 rootDev=1.3e-15 | flip: realized m_pos=1 m_poly=1 m_real=1 n=5 Jmax=2.257 mpErr=8.0e-16 rootDev=1.3e-15
g=2 p=7 a1=2 a2=13 | noflip: realized m_pos=0 m_poly=0 m_real=0 n=4 Jmax=0.883 mpErr=2.6e-15 rootDev=4.4e-16 | flip: realized m_pos=1 m_poly=1 m_real=1 n=5 Jmax=2.800 mpErr=3.3e-16 rootDev=2.2e-16
g=2 p=7 a1=2 a2=14 | noflip: realized m_pos=0 m_poly=0 m_real=0 n=4 Jmax=0.833 mpErr=1.0e-16 rootDev=6.7e-16 | flip: realized m_pos=1 m_poly=1 m_real=2 n=6 Jmax=11.760 mpErr=8.1e-15 rootDev=2.0e-15
g=2 p=7 a1=2 a2=15 | noflip: realized m_pos=0 m_poly=0 m_real=0 n=4 Jmax=0.833 mpErr=8.9e-12 rootDev=9.1e-12 | flip: realized m_pos=1 m_poly=1 m_real=2 n=6 Jmax=1.317 mpErr=1.5e-13 rootDev=1.8e-10
g=2 p=7 a1=3 a2=2 | noflip: realized m_pos=0 m_poly=0 m_real=0 n=4 Jmax=0.845 mpErr=8.4e-16 rootDev=4.4e-16 | flip: certified-unrealizable-all-m<=36 m_pos=633 m_poly=None m_real=None
g=2 p=7 a1=3 a2=3 | noflip: realized m_pos=0 m_poly=0 m_real=0 n=4 Jmax=0.762 mpErr=9.9e-17 rootDev=2.2e-16 | flip: certified-unrealizable-all-m<=36 m_pos=65 m_poly=None m_real=None
g=2 p=7 a1=3 a2=4 | noflip: realized m_pos=0 m_poly=0 m_real=0 n=4 Jmax=1.234 mpErr=1.6e-17 rootDev=4.4e-16 | flip: certified-unrealizable-all-m<=36 m_pos=31 m_poly=None m_real=None
g=2 p=7 a1=3 a2=5 | noflip: realized m_pos=0 m_poly=0 m_real=0 n=4 Jmax=0.946 mpErr=2.0e-16 rootDev=6.7e-16 | flip: certified-unrealizable-all-m<=36 m_pos=19 m_poly=None m_real=None
g=2 p=7 a1=3 a2=6 | noflip: realized m_pos=0 m_poly=0 m_real=0 n=4 Jmax=1.064 mpErr=4.4e-16 rootDev=5.6e-16 | flip: certified-unrealizable-all-m<=36 m_pos=13 m_poly=None m_real=None
g=2 p=7 a1=3 a2=7 | noflip: realized m_pos=0 m_poly=0 m_real=0 n=4 Jmax=0.393 mpErr=8.9e-15 rootDev=8.9e-16 | flip: certified-unrealizable-all-m<=36 m_pos=9 m_poly=None m_real=None
g=2 p=7 a1=3 a2=8 | noflip: realized m_pos=0 m_poly=0 m_real=0 n=4 Jmax=1.002 mpErr=3.6e-16 rootDev=7.8e-16 | flip: certified-unrealizable-all-m<=36 m_pos=5 m_poly=None m_real=None
g=2 p=7 a1=3 a2=9 | noflip: realized m_pos=0 m_poly=0 m_real=0 n=4 Jmax=0.514 mpErr=8.0e-15 rootDev=1.1e-15 | flip: undecided m_pos=2 m_poly=2 m_real=None lastSearch(m=6,best=0.006315974187638407)
g=2 p=7 a1=3 a2=10 | noflip: realized m_pos=0 m_poly=0 m_real=0 n=4 Jmax=0.731 mpErr=3.1e-15 rootDev=8.9e-16 | flip: undecided m_pos=2 m_poly=2 m_real=None lastSearch(m=6,best=0.004639213957696953)
g=2 p=7 a1=3 a2=11 | noflip: realized m_pos=0 m_poly=0 m_real=0 n=4 Jmax=1.493 mpErr=6.6e-15 rootDev=1.1e-16 | flip: undecided m_pos=2 m_poly=2 m_real=None lastSearch(m=6,best=0.0033766639230898843)
g=2 p=7 a1=3 a2=12 | noflip: realized m_pos=0 m_poly=0 m_real=0 n=4 Jmax=0.612 mpErr=1.7e-16 rootDev=8.9e-16 | flip: undecided m_pos=2 m_poly=2 m_real=None lastSearch(m=6,best=0.002339888610083829)
g=2 p=7 a1=3 a2=13 | noflip: realized m_pos=0 m_poly=0 m_real=0 n=4 Jmax=0.648 mpErr=1.5e-16 rootDev=8.9e-16 | flip: undecided m_pos=2 m_poly=2 m_real=None lastSearch(m=6,best=0.0014488276144306589)
g=2 p=7 a1=3 a2=14 | noflip: realized m_pos=0 m_poly=0 m_real=0 n=4 Jmax=0.633 mpErr=5.6e-15 rootDev=8.9e-16 | flip: undecided m_pos=2 m_poly=2 m_real=None lastSearch(m=6,best=0.0006628334202458674)
g=2 p=7 a1=3 a2=15 | noflip: realized m_pos=0 m_poly=0 m_real=0 n=4 Jmax=0.630 mpErr=1.2e-15 rootDev=4.4e-16 | flip: realized m_pos=2 m_poly=2 m_real=2 n=6 Jmax=1.630 mpErr=3.2e-12 rootDev=7.8e-16
g=2 p=7 a1=4 a2=8 | noflip: realized m_pos=0 m_poly=0 m_real=0 n=4 Jmax=0.577 mpErr=3.4e-16 rootDev=2.2e-16 | flip: certified-unrealizable-all-m<=36 m_pos=77 m_poly=None m_real=None
g=2 p=7 a1=4 a2=9 | noflip: realized m_pos=0 m_poly=0 m_real=0 n=4 Jmax=0.950 mpErr=1.9e-14 rootDev=1.6e-15 | flip: certified-unrealizable-all-m<=36 m_pos=31 m_poly=None m_real=None
g=2 p=7 a1=4 a2=10 | noflip: realized m_pos=0 m_poly=0 m_real=0 n=4 Jmax=0.370 mpErr=3.2e-15 rootDev=2.2e-16 | flip: certified-unrealizable-all-m<=36 m_pos=17 m_poly=None m_real=None
g=2 p=7 a1=4 a2=11 | noflip: realized m_pos=0 m_poly=0 m_real=0 n=4 Jmax=0.595 mpErr=3.8e-15 rootDev=8.9e-16 | flip: certified-unrealizable-all-m<=36 m_pos=9 m_poly=None m_real=None
g=2 p=7 a1=4 a2=12 | noflip: realized m_pos=0 m_poly=0 m_real=0 n=4 Jmax=0.425 mpErr=3.9e-15 rootDev=1.1e-16 | flip: certified-unrealizable-all-m<=36 m_pos=3 m_poly=None m_real=None
g=2 p=7 a1=4 a2=13 | noflip: realized m_pos=0 m_poly=0 m_real=0 n=4 Jmax=0.403 mpErr=1.3e-14 rootDev=4.4e-16 | flip: certified-unrealizable-all-m<=36 m_pos=3 m_poly=None m_real=None
g=2 p=7 a1=4 a2=14 | noflip: realized m_pos=0 m_poly=0 m_real=0 n=4 Jmax=0.377 mpErr=7.1e-15 rootDev=2.2e-16 | flip: certified-unrealizable-all-m<=36 m_pos=3 m_poly=None m_real=None
