g=1 p=2 a1=-2 | noflip: certified-unrealizable-all-m<=38 m_pos=5 m_poly=None m_real=None | flip: realized m_pos=0 m_poly=0 m_real=0 n=2 Jmax=0.173 mpErr=6.7e-17 rootDev=0.0e+00
g=1 p=2 a1=-1 | noflip: realized m_pos=1 m_poly=1 m_real=1 n=3 Jmax=0.923 mpErr=2.8e-16 rootDev=4.4e-16 | flip: realized m_pos=0 m_poly=0 m_real=0 n=2 Jmax=0.520 mpErr=9.0e-17 rootDev=0.0e+00
g=1 p=2 a1=0 | noflip: realized m_pos=1 m_poly=1 m_real=1 n=3 Jmax=0.390 mpErr=7.4e-17 rootDev=4.4e-16 | flip: realized m_pos=1 m_poly=1 m_real=1 n=3 Jmax=0.391 mpErr=2.4e-17 rootDev=4.4e-16
g=1 p=2 a1=1 | noflip: realized m_pos=0 m_poly=0 m_real=0 n=2 Jmax=0.520 mpErr=9.0e-17 rootDev=0.0e+00 | flip: realized m_pos=1 m_poly=1 m_real=1 n=3 Jmax=1.360 mpErr=1.3e-16 rootDev=4.4e-16
g=1 p=2 a1=2 | noflip: realized m_pos=0 m_poly=0 m_real=0 n=2 Jmax=0.173 mpErr=1.2e-16 rootDev=0.0e+00 | flip: certified-unrealizable-all-m<=38 m_pos=5 m_poly=None m_real=None
g=1 p=3 a1=-3 | noflip: certified-unrealizable-all-m<=38 m_pos=13 m_poly=None m_real=None | flip: realized m_pos=0 m_poly=0 m_real=0 n=2 Jmax=0.072 mpErr=4.2e-17 rootDev=0.0e+00
g=1 p=3 a1=-2 | noflip: certified-unrealizable-all-m<=38 m_pos=3 m_poly=None m_real=None | flip: realized m_pos=0 m_poly=0 m_real=0 n=2 Jmax=0.275 mpErr=1.3e-15 rootDev=0.0e+00
g=1 p=3 a1=-1 | noflip: realized m_pos=1 m_poly=1 m_real=1 n=3 Jmax=0.568 mpErr=2.8e-16 rootDev=8.9e-16 | flip: realized m_pos=0 m_poly=0 m_real=0 n=2 Jmax=0.621 mpErr=2.2e-17 rootDev=0.0e+00
g=1 p=3 a1=0 | noflip: realized m_pos=1 m_poly=1 m_real=1 n=3 Jmax=0.453 mpErr=5.7e-17 rootDev=0.0e+00 | flip: realized m_pos=1 m_poly=1 m_real=1 n=3 Jmax=0.668 mpErr=4.5e-17 rootDev=4.4e-16
g=1 p=3 a1=1 | noflip: realized m_pos=0 m_poly=0 m_real=0 n=2 Jmax=0.621 mpErr=2.4e-16 rootDev=0.0e+00 | flip: realized m_pos=1 m_poly=1 m_real=1 n=3 Jmax=0.577 mpErr=9.1e-16 rootDev=1.8e-15
g=1 p=3 a1=2 | noflip: realized m_pos=0 m_poly=0 m_real=0 n=2 Jmax=0.275 mpErr=4.5e-17 rootDev=1.1e-16 | flip: certified-unrealizable-all-m<=38 m_pos=3 m_poly=None m_real=None
g=1 p=3 a1=3 | noflip: realized m_pos=0 m_poly=0 m_real=0 n=2 Jmax=0.072 mpErr=4.2e-17 rootDev=0.0e+00 | flip: certified-unrealizable-all-m<=38 m_pos=13 m_poly=None m_real=None
g=1 p=5 a1=-4 | noflip: certified-unrealizable-all-m<=38 m_pos=17 m_poly=None m_real=None | flip: realized m_pos=0 m_poly=0 m_real=0 n=2 Jmax=0.056 mpErr=4.5e-18 rootDev=1.1e-16
g=1 p=5 a1=-3 | noflip: certified-unrealizable-all-m<=38 m_pos=5 m_poly=None m_real=None | flip: realized m_pos=0 m_poly=0 m_real=0 n=2 Jmax=0.200 mpErr=4.9e-17 rootDev=0.0e+00
g=1 p=5 a1=-2 | noflip: realized m_pos=1 m_poly=1 m_real=1 n=3 Jmax=1.557 mpErr=1.4e-15 rootDev=1.4e-15 | flip: realized m_pos=0 m_poly=0 m_real=0 n=2 Jmax=0.402 mpErr=6.5e-17 rootDev=0.0e+00
g=1 p=5 a1=-1 | noflip: realized m_pos=1 m_poly=1 m_real=1 n=3 Jmax=0.537 mpErr=3.3e-17 rootDev=4.4e-16 | flip: realized m_pos=0 m_poly=0 m_real=0 n=2 Jmax=0.749 mpErr=3.7e-16 rootDev=1.1e-16
g=1 p=5 a1=0 | noflip: realized m_pos=1 m_poly=1 m_real=1 n=3 Jmax=0.660 mpErr=4.0e-16 rootDev=5.6e-16 | flip: realized m_pos=1 m_poly=1 m_real=1 n=3 Jmax=0.414 mpErr=2.0e-15 rootDev=1.1e-15
g=1 p=5 a1=1 | noflip: realized m_pos=0 m_poly=0 m_real=0 n=2 Jmax=0.749 mpErr=7.0e-17 rootDev=1.1e-16 | flip: realized m_pos=1 m_poly=1 m_real=1 n=3 Jmax=1.140 mpErr=2.4e-16 rootDev=1.1e-15
g=1 p=5 a1=2 | noflip: realized m_pos=0 m_poly=0 m_real=0 n=2 Jmax=0.402 mpErr=6.5e-17 rootDev=0.0e+00 | flip: realized m_pos=1 m_poly=1 m_real=1 n=3 Jmax=1.275 mpErr=2.7e-16 rootDev=3.3e-16
g=1 p=5 a1=3 | noflip: realized m_pos=0 m_poly=0 m_real=0 n=2 Jmax=0.200 mpErr=6.2e-17 rootDev=0.0e+00 | flip: certified-unrealizable-all-m<=38 m_pos=5 m_poly=None m_real=None
g=1 p=5 a1=4 | noflip: realized m_pos=0 m_poly=0 m_real=0 n=2 Jmax=0.056 mpErr=4.5e-18 rootDev=1.1e-16 | flip: certified-unrealizable-all-m<=38 m_pos=17 m_poly=None m_real=None
g=1 p=7 a1=-5 | noflip: certified-unrealizable-all-m<=38 m_pos=35 m_poly=None m_real=None | flip: realized m_pos=0 m_poly=0 m_real=0 n=2 Jmax=0.028 mpErr=7.5e-17 rootDev=0.0e+00
g=1 p=7 a1=-4 | noflip: certified-unrealizable-all-m<=38 m_pos=7 m_poly=None m_real=None | flip: realized m_pos=0 m_poly=0 m_real=0 n=2 Jmax=0.140 mpErr=6.9e-17 rootDev=2.2e-16
g=1 p=7 a1=-3 | noflip: certified-unrealizable-all-m<=38 m_pos=3 m_poly=None m_real=None | flip: realized m_pos=0 m_poly=0 m_real=0 n=2 Jmax=0.284 mpErr=3.9e-17 rootDev=1.1e-16
g=1 p=7 a1=-2 | noflip: realized m_pos=1 m_poly=1 m_real=1 n=3 Jmax=0.868 mpErr=1.6e-16 rootDev=4.4e-16 | flip: realized m_pos=0 m_poly=0 m_real=0 n=2 Jmax=0.486 mpErr=1.5e-16 rootDev=0.0e+00
g=1 p=7 a1=-1 | noflip: realized m_pos=1 m_poly=1 m_real=1 n=3 Jmax=0.599 mpErr=1.1e-16 rootDev=2.2e-16 | flip: realized m_pos=0 m_poly=0 m_real=0 n=2 Jmax=0.833 mpErr=6.0e-17 rootDev=2.2e-16
g=1 p=7 a1=0 | noflip: realized m_pos=1 m_poly=1 m_real=1 n=3 Jmax=1.333 mpErr=9.5e-17 rootDev=0.0e+00 | flip: realized m_pos=1 m_poly=1 m_real=1 n=3 Jmax=0.511 mpErr=2.0e-17 rootDev=4.4e-16
g=1 p=7 a1=1 | noflip: realized m_pos=0 m_poly=0 m_real=0 n=2 Jmax=0.833 mpErr=6.0e-17 rootDev=2.2e-16 | flip: realized m_pos=1 m_poly=1 m_real=1 n=3 Jmax=0.467 mpErr=7.0e-17 rootDev=1.6e-15
g=1 p=7 a1=2 | noflip: realized m_pos=0 m_poly=0 m_real=0 n=2 Jmax=0.486 mpErr=3.7e-17 rootDev=2.2e-16 | flip: realized m_pos=1 m_poly=1 m_real=1 n=3 Jmax=0.680 mpErr=6.6e-17 rootDev=2.2e-16
g=1 p=7 a1=3 | noflip: realized m_pos=0 m_poly=0 m_real=0 n=2 Jmax=0.284 mpErr=3.9e-17 rootDev=1.1e-16 | flip: certified-unrealizable-all-m<=38 m_pos=3 m_poly=None m_real=None
g=1 p=7 a1=4 | noflip: realized m_pos=0 m_poly=0 m_real=0 n=2 Jmax=0.140 mpErr=8.2e-16 rootDev=0.0e+00 | flip: certified-unrealizable-all-m<=38 m_pos=7 m_poly=None m_real=None
g=1 p=7 a1=5 | noflip: realized m_pos=0 m_poly=0 m_real=0 n=2 Jmax=0.028 mpErr=1.7e-18 rootDev=0.0e+00 | flip: certified-unrealizable-all-m<=38 m_pos=35 m_poly=None m_real=None
g=1 p=11 a1=-6 | noflip: certified-unrealizable-all-m<=38 m_pos=19 m_poly=None m_real=None | flip: realized m_pos=0 m_poly=0 m_real=0 n=2 Jmax=0.050 mpErr=7.0e-17 rootDev=1.1e-16
g=1 p=11 a1=-5 | noflip: certified-unrealizable-all-m<=38 m_pos=7 m_poly=None m_real=None | flip: realized m_pos=0 m_poly=0 m_real=0 n=2 Jmax=0.141 mpErr=2.1e-17 rootDev=1.1e-16
g=1 p=11 a1=-4 | noflip: certified-unrealizable-all-m<=38 m_pos=3 m_poly=None m_real=None | flip: realized m_pos=0 m_poly=0 m_real=0 n=2 Jmax=0.253 mpErr=2.5e-17 rootDev=1.1e-16
g=1 p=11 a1=-3 | noflip: realized m_pos=1 m_poly=1 m_real=1 n=3 Jmax=1.398 mpErr=4.1e-19 rootDev=1.1e-15 | flip: realized m_pos=0 m_poly=0 m_real=0 n=2 Jmax=0.397 mpErr=5.1e-17 rootDev=1.1e-16
g=1 p=11 a1=-2 | noflip: realized m_pos=1 m_poly=1 m_real=1 n=3 Jmax=0.723 mpErr=4.0e-17 rootDev=4.4e-16 | flip: realized m_pos=0 m_poly=0 m_real=0 n=2 Jmax=0.599 mpErr=6.3e-17 rootDev=2.2e-16
g=1 p=11 a1=-1 | noflip: realized m_pos=1 m_poly=1 m_real=1 n=3 Jmax=1.168 mpErr=1.5e-17 rootDev=8.9e-16 | flip: realized m_pos=0 m_poly=0 m_real=0 n=2 Jmax=0.946 mpErr=3.7e-16 rootDev=0.0e+00
g=1 p=11 a1=0 | noflip: realized m_pos=1 m_poly=1 m_real=1 n=3 Jmax=0.577 mpErr=1.0e-16 rootDev=4.4e-16 | flip: realized m_pos=1 m_poly=1 m_real=1 n=3 Jmax=0.418 mpErr=9.2e-16 rootDev=1.8e-15
g=1 p=11 a1=1 | noflip: realized m_pos=0 m_poly=0 m_real=0 n=2 Jmax=0.946 mpErr=7.2e-17 rootDev=0.0e+00 | flip: realized m_pos=1 m_poly=1 m_real=1 n=3 Jmax=0.585 mpErr=1.4e-16 rootDev=6.7e-16
g=1 p=11 a1=2 | noflip: realized m_pos=0 m_poly=0 m_real=0 n=2 Jmax=0.599 mpErr=6.3e-17 rootDev=2.2e-16 | flip: realized m_pos=1 m_poly=1 m_real=1 n=3 Jmax=1.036 mpErr=9.6e-17 rootDev=6.7e-16
g=1 p=11 a1=3 | noflip: realized m_pos=0 m_poly=0 m_real=0 n=2 Jmax=0.397 mpErr=5.1e-17 rootDev=1.1e-16 | flip: realized m_pos=1 m_poly=1 m_real=1 n=3 Jmax=1.015 mpErr=1.2e-15 rootDev=2.2e-16
g=1 p=11 a1=4 | noflip: realized m_pos=0 m_poly=0 m_real=0 n=2 Jmax=0.253 mpErr=2.5e-17 rootDev=1.1e-16 | flip: certified-unrealizable-all-m<=38 m_pos=3 m_poly=None m_real=None
g=1 p=11 a1=5 | noflip: realized m_pos=0 m_poly=0 m_real=0 n=2 Jmax=0.141 mpErr=7.7e-17 rootDev=1.1e-16 | flip: certified-unrealizable-all-m<=38 m_pos=7 m_poly=None m_real=None
g=1 p=11 a1=6 | noflip: realized m_pos=0 m_poly=0 m_real=0 n=2 Jmax=0.050 mpErr=4.2e-17 rootDev=1.1e-16 | flip: certified-unrealizable-all-m<=38 m_pos=19 m_poly=None m_real=None
g=1 p=13 a1=-7 | noflip: certified-unrealizable-all-m<=38 m_pos=67 m_poly=None m_real=None | flip: realized m_pos=0 m_poly=0 m_real=0 n=2 Jmax=0.015 mpErr=6.5e-17 rootDev=2.2e-16
g=1 p=13 a1=-6 | noflip: certified-unrealizable-all-m<=38 m_pos=9 m_poly=None m_real=None | flip: realized m_pos=0 m_poly=0 m_real=0 n=2 Jmax=0.092 mpErr=6.2e-18 rootDev=1.1e-16
g=1 p=13 a1=-5 | noflip: certified-unrealizable-all-m<=38 m_pos=5 m_poly=None m_real=None | flip: realized m_pos=0 m_poly=0 m_real=0 n=2 Jmax=0.183 mpErr=4.0e-17 rootDev=1.1e-16
g=1 p=13 a1=-4 | noflip: certified-unrealizable-all-m<=38 m_pos=3 m_poly=None m_real=None | flip: realized m_pos=0 m_poly=0 m_real=0 n=2 Jmax=0.295 mpErr=8.7e-17 rootDev=0.0e+00
g=1 p=13 a1=-3 | noflip: realized m_pos=1 m_poly=1 m_real=1 n=3 Jmax=0.809 mpErr=7.3e-17 rootDev=2.2e-16 | flip: realized m_pos=0 m_poly=0 m_real=0 n=2 Jmax=0.439 mpErr=1.6e-18 rootDev=2.2e-16
g=1 p=13 a1=-2 | noflip: realized m_pos=1 m_poly=1 m_real=1 n=3 Jmax=0.845 mpErr=3.3e-16 rootDev=4.4e-16 | flip: realized m_pos=0 m_poly=0 m_real=0 n=2 Jmax=0.641 mpErr=2.2e-16 rootDev=1.1e-16
g=1 p=13 a1=-1 | noflip: realized m_pos=1 m_poly=1 m_real=1 n=3 Jmax=0.564 mpErr=1.4e-16 rootDev=4.4e-16 | flip: realized m_pos=0 m_poly=0 m_real=0 n=2 Jmax=0.988 mpErr=1.3e-16 rootDev=0.0e+00
g=1 p=13 a1=0 | noflip: realized m_pos=1 m_poly=1 m_real=1 n=3 Jmax=0.453 mpErr=6.3e-17 rootDev=0.0e+00 | flip: realized m_pos=1 m_poly=1 m_real=1 n=3 Jmax=0.538 mpErr=4.2e-17 rootDev=4.4e-16
g=1 p=13 a1=1 | noflip: realized m_pos=0 m_poly=0 m_real=0 n=2 Jmax=0.988 mpErr=8.9e-17 rootDev=0.0e+00 | flip: realized m_pos=1 m_poly=1 m_real=1 n=3 Jmax=1.112 mpErr=5.3e-17 rootDev=2.2e-16
g=1 p=13 a1=2 | noflip: realized m_pos=0 m_poly=0 m_real=0 n=2 Jmax=0.641 mpErr=1.3e-18 rootDev=0.0e+00 | flip: realized m_pos=1 m_poly=1 m_real=1 n=3 Jmax=0.978 mpErr=8.5e-17 rootDev=6.7e-16
g=1 p=13 a1=3 | noflip: realized m_pos=0 m_poly=0 m_real=0 n=2 Jmax=0.439 mpErr=1.6e-18 rootDev=2.2e-16 | flip: realized m_pos=1 m_poly=1 m_real=1 n=3 Jmax=0.804 mpErr=6.1e-16 rootDev=5.6e-16
g=1 p=13 a1=4 | noflip: realized m_pos=0 m_poly=0 m_real=0 n=2 Jmax=0.295 mpErr=8.7e-17 rootDev=0.0e+00 | flip: certified-unrealizable-all-m<=38 m_pos=3 m_poly=None m_real=None
g=1 p=13 a1=5 | noflip: realized m_pos=0 m_poly=0 m_real=0 n=2 Jmax=0.183 mpErr=4.0e-17 rootDev=1.1e-16 | flip: certified-unrealizable-all-m<=38 m_pos=5 m_poly=None m_real=None
g=1 p=13 a1=6 | noflip: realized m_pos=0 m_poly=0 m_real=0 n=2 Jmax=0.092 mpErr=6.2e-18 rootDev=1.1e-16 | flip: certified-unrealizable-all-m<=38 m_pos=9 m_poly=None m_real=None
g=1 p=13 a1=7 | noflip: realized m_pos=0 m_poly=0 m_real=0 n=2 Jmax=0.015 mpErr=3.4e-17 rootDev=2.2e-16 | flip: certified-unrealizable-all-m<=38 m_pos=67 m_poly=None m_real=None
elapsed s: 31.6
