g=2 p=5 a1=-6 a2=17 | noflip: certified-unrealizable-all-m<=36 m_pos=145 m_poly=None m_real=None | flip: realized m_pos=0 m_poly=0 m_real=0 n=4 Jmax=0.290 mpErr=1.5e-16 rootDev=4.4e-16
g=2 p=5 a1=-6 a2=18 | noflip: certified-unrealizable-all-m<=36 m_pos=8 m_poly=None m_real=None | flip: realized m_pos=0 m_poly=0 m_real=0 n=4 Jmax=0.222 mpErr=9.2e-14 rootDev=1.1e-15
g=2 p=5 a1=-6 a2=19 | noflip: certified-unrealizable-all-m<=36 m_pos=7 m_poly=None m_real=None | flip: realized m_pos=0 m_poly=0 m_real=0 n=4 Jmax=0.200 mpErr=8.5e-15 rootDev=2.4e-09
g=2 p=5 a1=-5 a2=13 | noflip: certified-unrealizable-all-m<=36 m_pos=45 m_poly=None m_real=None | flip: realized m_pos=0 m_poly=0 m_real=0 n=4 Jmax=0.251 mpErr=1.7e-16 rootDev=6.7e-16
g=2 p=5 a1=-5 a2=14 | noflip: certified-unrealizable-all-m<=36 m_pos=7 m_poly=None m_real=None | flip: realized m_pos=0 m_poly=0 m_real=0 n=4 Jmax=0.495 mpErr=4.1e-16 rootDev=8.9e-16
g=2 p=5 a1=-5 a2=15 | noflip: certified-unrealizable-all-m<=36 m_pos=4 m_poly=None m_real=None | flip: realized m_pos=0 m_poly=0 m_real=0 n=4 Jmax=0.268 mpErr=1.1e-16 rootDev=1.3e-15
g=2 p=5 a1=-4 a2=8 | noflip: certified-unrealizable-all-m<=36 m_pos=389 m_poly=None m_real=None | flip: realized m_pos=0 m_poly=0 m_real=0 n=4 Jmax=0.496 mpErr=5.1e-16 rootDev=7.8e-16
g=2 p=5 a1=-4 a2=9 | noflip: certified-unrealizable-all-m<=36 m_pos=31 m_poly=None m_real=None | flip: realized m_pos=0 m_poly=0 m_real=0 n=4 Jmax=0.610 mpErr=2.6e-16 rootDev=1.1e-15
g=2 p=5 a1=-4 a2=10 | noflip: certified-unrealizable-all-m<=36 m_pos=11 m_poly=None m_real=None | flip: realized m_pos=0 m_poly=0 m_real=0 n=4 Jmax=0.666 mpErr=3.4e-15 rootDev=2.2e-16
g=2 p=5 a1=-4 a2=11 | noflip: certified-unrealizable-all-m<=36 m_pos=4 m_poly=None m_real=None | flip: realized m_pos=0 m_poly=0 m_real=0 n=4 Jmax=0.351 mpErr=8.5e-15 rootDev=5.6e-16
g=2 p=5 a1=-4 a2=12 | noflip: certified-unrealizable-all-m<=36 m_pos=3 m_poly=None m_real=None | flip: realized m_pos=0 m_poly=0 m_real=0 n=4 Jmax=0.411 mpErr=1.3e-16 rootDev=6.7e-16
g=2 p=5 a1=-4 a2=13 | noflip: undecided m_pos=2 m_poly=2 m_real=None lastSearch(m=6,best=0.009646772476594734) | flip: realized m_pos=0 m_poly=0 m_real=0 n=4 Jmax=0.372 mpErr=8.9e-16 rootDev=1.6e-15
g=2 p=5 a1=-4 a2=14 | noflip: realized m_pos=2 m_poly=2 m_real=2 n=6 Jmax=1.094 mpErr=5.8e-13 rootDev=7.3e-11 | flip: realized m_pos=0 m_poly=0 m_real=0 n=4 Jmax=0.402 mpErr=2.7e-14 rootDev=8.6e-11
g=2 p=5 a1=-3 a2=4 | noflip: certified-unrealizable-all-m<=36 m_pos=85 m_poly=None m_real=None | flip: realized m_pos=0 m_poly=0 m_real=0 n=4 Jmax=1.515 mpErr=1.7e-16 rootDev=3.3e-16
g=2 p=5 a1=-3 a2=5 | noflip: certified-unrealizable-all-m<=36 m_pos=27 m_poly=None m_real=None | flip: realized m_pos=0 m_poly=0 m_real=0 n=4 Jmax=0.691 mpErr=2.0e-16 rootDev=5.6e-16
g=2 p=5 a1=-3 a2=6 | noflip: certified-unrealizable-all-m<=36 m_pos=13 m_poly=None m_real=None | flip: realized m_pos=0 m_poly=0 m_real=0 n=4 Jmax=0.667 mpErr=2.0e-16 rootDev=3.3e-16
g=2 p=5 a1=-3 a2=7 | noflip: certified-unrealizable-all-m<=36 m_pos=7 m_poly=None m_real=None | flip: realized m_pos=0 m_poly=0 m_real=0 n=4 Jmax=0.604 mpErr=9.3e-16 rootDev=1.3e-15
g=2 p=5 a1=-3 a2=8 | noflip: certified-unrealizable-all-m<=36 m_pos=3 m_poly=None m_real=None | flip: realized m_pos=0 m_poly=0 m_real=0 n=4 Jmax=0.386 mpErr=1.5e-15 rootDev=1.6e-15
g=2 p=5 a1=-3 a2=9 | noflip: undecided m_pos=2 m_poly=2 m_real=None lastSearch(m=6,best=0.009876358946277808) | flip: realized m_pos=0 m_poly=0 m_real=0 n=4 Jmax=0.445 mpErr=1.2e-14 rootDev=1.1e-15
g=2 p=5 a1=-3 a2=10 | noflip: undecided m_pos=2 m_poly=2 m_real=None lastSearch(m=6,best=0.005545531675067661) | flip: realized m_pos=0 m_poly=0 m_real=0 n=4 Jmax=0.489 mpErr=7.5e-16 rootDev=8.9e-16
g=2 p=5 a1=-3 a2=11 | noflip: undecided m_pos=2 m_poly=2 m_real=None lastSearch(m=6,best=0.0020951443815966364) | flip: realized m_pos=0 m_poly=0 m_real=0 n=4 Jmax=0.576 mpErr=6.4e-15 rootDev=8.9e-16
g=2 p=5 a1=-2 a2=0 | noflip: certified-unrealizable-all-m<=36 m_pos=53 m_poly=None m_real=None | flip: undecided m_pos=1 m_poly=15 m_real=None lastSearch(m=15,best=n > NMAX)
g=2 p=5 a1=-2 a2=1 | noflip: certified-unrealizable-all-m<=36 m_pos=25 m_poly=None m_real=None | flip: realized m_pos=0 m_poly=0 m_real=0 n=4 Jmax=1.613 mpErr=1.5e-15 rootDev=8.9e-16
g=2 p=5 a1=-2 a2=2 | noflip: certified-unrealizable-all-m<=36 m_pos=13 m_poly=None m_real=None | flip: realized m_pos=0 m_poly=0 m_real=0 n=4 Jmax=0.779 mpErr=4.5e-16 rootDev=8.9e-16
g=2 p=5 a1=-2 a2=3 | noflip: certified-unrealizable-all-m<=36 m_pos=9 m_poly=None m_real=None | flip: realized m_pos=0 m_poly=0 m_real=0 n=4 Jmax=0.613 mpErr=3.9e-15 rootDev=8.9e-16
g=2 p=5 a1=-2 a2=4 | noflip: certified-unrealizable-all-m<=36 m_pos=5 m_poly=None m_real=None | flip: realized m_pos=0 m_poly=0 m_real=0 n=4 Jmax=0.548 mpErr=4.0e-16 rootDev=1.1e-16
g=2 p=5 a1=-2 a2=5 | noflip: realized m_pos=1 m_poly=1 m_real=1 n=5 Jmax=1.261 mpErr=2.0e-16 rootDev=4.4e-16 | flip: realized m_pos=0 m_poly=0 m_real=0 n=4 Jmax=0.531 mpErr=4.2e-15 rootDev=8.9e-16
g=2 p=5 a1=-2 a2=6 | noflip: realized m_pos=1 m_poly=1 m_real=1 n=5 Jmax=3.697 mpErr=3.4e-16 rootDev=1.6e-15 | flip: realized m_pos=0 m_poly=0 m_real=0 n=4 Jmax=0.771 mpErr=3.2e-15 rootDev=6.7e-16
g=2 p=5 a1=-2 a2=7 | noflip: realized m_pos=1 m_poly=1 m_real=1 n=5 Jmax=1.416 mpErr=1.4e-16 rootDev=1.1e-15 | flip: realized m_pos=0 m_poly=0 m_real=0 n=4 Jmax=0.647 mpErr=1.3e-16 rootDev=1.6e-15
g=2 p=5 a1=-2 a2=8 | noflip: realized m_pos=1 m_poly=1 m_real=1 n=5 Jmax=2.307 mpErr=3.1e-16 rootDev=6.7e-16 | flip: realized m_pos=0 m_poly=0 m_real=0 n=4 Jmax=0.652 mpErr=4.3e-16 rootDev=1.1e-15
g=2 p=5 a1=-2 a2=9 | noflip: realized m_pos=1 m_poly=1 m_real=1 n=5 Jmax=1.898 mpErr=2.2e-15 rootDev=6.7e-16 | flip: realized m_pos=0 m_poly=0 m_real=0 n=4 Jmax=0.696 mpErr=2.2e-16 rootDev=3.3e-16
g=2 p=5 a1=-2 a2=10 | noflip: realized m_pos=1 m_poly=1 m_real=2 n=6 Jmax=1.953 mpErr=2.2e-13 rootDev=2.2e-16 | flip: realized m_pos=0 m_poly=0 m_real=0 n=4 Jmax=0.738 mpErr=1.7e-17 rootDev=1.1e-15
g=2 p=5 a1=-2 a2=11 | noflip: realized m_pos=1 m_poly=2 m_real=2 n=6 Jmax=2.184 mpErr=7.4e-15 rootDev=1.4e-09 | flip: realized m_pos=0 m_poly=0 m_real=0 n=4 Jmax=0.749 mpErr=1.1e-12 rootDev=9.7e-12
g=2 p=5 a1=-1 a2=-5 | noflip: certified-unrealizable-all-m<=36 m_pos=129 m_poly=None m_real=None | flip: certified-unrealizable-all-m<=36 m_pos=5 m_poly=None m_real=None
g=2 p=5 a1=-1 a2=-4 | noflip: certified-unrealizable-all-m<=36 m_pos=41 m_poly=None m_real=None | flip: certified-unrealizable-all-m<=36 m_pos=3 m_poly=None m_real=None
g=2 p=5 a1=-1 a2=-3 | noflip: certified-unrealizable-all-m<=36 m_pos=23 m_poly=None m_real=None | flip: certified-unrealizable-all-m<=36 m_pos=3 m_poly=None m_real=None
g=2 p=5 a1=-1 a2=-2 | noflip: certified-unrealizable-all-m<=36 m_pos=15 m_poly=None m_real=None | flip: certified-unrealizable-all-m<=36 m_pos=1 m_poly=None m_real=None
g=2 p=5 a1=-1 a2=-1 | noflip: certified-unrealizable-all-m<=36 m_pos=9 m_poly=None m_real=None | flip: certified-unrealizable-all-m<=36 m_pos=1 m_poly=None m_real=None
g=2 p=5 a1=-1 a2=0 | noflip: certified-unrealizable-all-m<=36 m_pos=7 m_poly=None m_real=None | flip: undecided m_pos=1 m_poly=15 m_real=None lastSearch(m=15,best=n > NMAX)
g=2 p=5 a1=-1 a2=1 | noflip: certified-unrealizable-all-m<=36 m_pos=5 m_poly=None m_real=None | flip: realized m_pos=0 m_poly=0 m_real=0 n=4 Jmax=1.470 mpErr=8.0e-17 rootDev=5.6e-16
g=2 p=5 a1=-1 a2=2 | noflip: certified-unrealizable-all-m<=36 m_pos=3 m_poly=None m_real=None | flip: realized m_pos=0 m_poly=0 m_real=0 n=4 Jmax=0.687 mpErr=6.6e-16 rootDev=6.7e-16
g=2 p=5 a1=-1 a2=3 | noflip: realized m_pos=1 m_poly=1 m_real=1 n=5 Jmax=0.840 mpErr=3.1e-16 rootDev=2.2e-16 | flip: realized m_pos=0 m_poly=0 m_real=0 n=4 Jmax=0.831 mpErr=3.2e-16 rootDev=4.4e-16
g=2 p=5 a1=-1 a2=4 | noflip: realized m_pos=1 m_poly=1 m_real=1 n=5 Jmax=0.960 mpErr=1.5e-16 rootDev=8.9e-16 | flip: realized m_pos=0 m_poly=0 m_real=0 n=4 Jmax=0.909 mpErr=2.0e-16 rootDev=6.7e-16
g=2 p=5 a1=-1 a2=5 | noflip: realized m_pos=1 m_poly=1 m_real=1 n=5 Jmax=0.931 mpErr=1.8e-14 rootDev=5.6e-16 | flip: realized m_pos=0 m_poly=0 m_real=0 n=4 Jmax=0.974 mpErr=1.2e-16 rootDev=8.9e-16
g=2 p=5 a1=-1 a2=6 | noflip: realized m_pos=1 m_poly=1 m_real=1 n=5 Jmax=1.022 mpErr=1.1e-15 rootDev=4.4e-16 | flip: realized m_pos=0 m_poly=0 m_real=0 n=4 Jmax=0.997 mpErr=2.1e-15 rootDev=1.4e-15
g=2 p=5 a1=-1 a2=7 | noflip: realized m_pos=1 m_poly=1 m_real=1 n=5 Jmax=1.147 mpErr=1.8e-16 rootDev=1.1e-15 | flip: realized m_pos=0 m_poly=0 m_real=0 n=4 Jmax=1.046 mpErr=1.6e-16 rootDev=5.6e-16
g=2 p=5 a1=-1 a2=8 | noflip: realized m_pos=1 m_poly=1 m_real=1 n=5 Jmax=1.565 mpErr=1.1e-16 rootDev=6.7e-16 | flip: realized m_pos=0 m_poly=0 m_real=0 n=4 Jmax=1.064 mpErr=4.5e-16 rootDev=1.0e-15
g=2 p=5 a1=-1 a2=9 | noflip: realized m_pos=1 m_poly=1 m_real=1 n=5 Jmax=1.818 mpErr=1.5e-16 rootDev=7.8e-16 | flip: realized m_pos=0 m_poly=0 m_real=0 n=4 Jmax=1.122 mpErr=2.2e-16 rootDev=3.3e-16
g=2 p=5 a1=0 a2=-10 | noflip: UNREALIZABLE-ALL-m (root z=1) | flip: UNREALIZABLE-ALL-m (root z=1)
g=2 p=5 a1=0 a2=-7 | noflip: certified-unrealizable-all-m<=36 m_pos=21 m_poly=None m_real=None | flip: certified-unrealizable-all-m<=36 m_pos=21 m_poly=None m_real=None
g=2 p=5 a1=0 a2=-6 | noflip: certified-unrealizable-all-m<=36 m_pos=15 m_poly=None m_real=None | flip: certified-unrealizable-all-m<=36 m_pos=15 m_poly=None m_real=None
g=2 p=5 a1=0 a2=-5 | noflip: certified-unrealizable-all-m<=36 m_pos=11 m_poly=None m_real=None | flip: certified-unrealizable-all-m<=36 m_pos=11 m_poly=None m_real=None
g=2 p=5 a1=0 a2=-4 | noflip: certified-unrealizable-all-m<=36 m_pos=9 m_poly=None m_real=None | flip: certified-unrealizable-all-m<=36 m_pos=9 m_poly=None m_real=None
g=2 p=5 a1=0 a2=-3 | noflip: certified-unrealizable-all-m<=36 m_pos=7 m_poly=None m_real=None | flip: certified-unrealizable-all-m<=36 m_pos=7 m_poly=None m_real=None
g=2 p=5 a1=0 a2=-2 | noflip: certified-unrealizable-all-m<=36 m_pos=5 m_poly=None m_real=None | flip: certified-unrealizable-all-m<=36 m_pos=5 m_poly=None m_real=None
g=2 p=5 a1=0 a2=-1 | noflip: certified-unrealizable-all-m<=36 m_pos=3 m_poly=None m_real=None | flip: certified-unrealizable-all-m<=36 m_pos=3 m_poly=None m_real=None
g=2 p=5 a1=0 a2=0 | noflip: undecided m_pos=3 m_poly=16 m_real=None lastSearch(m=16,best=n > NMAX) | flip: undecided m_pos=3 m_poly=16 m_real=None lastSearch(m=16,best=n > NMAX)
g=2 p=5 a1=0 a2=1 | noflip: realized m_pos=1 m_poly=1 m_real=1 n=5 Jmax=2.073 mpErr=6.5e-17 rootDev=1.1e-15 | flip: realized m_pos=1 m_poly=1 m_real=1 n=5 Jmax=1.556 mpErr=2.5e-16 rootDev=1.1e-15
g=2 p=5 a1=0 a2=2 | noflip: realized m_pos=1 m_poly=1 m_real=1 n=5 Jmax=0.962 mpErr=3.2e-16 rootDev=6.7e-16 | flip: realized m_pos=1 m_poly=1 m_real=1 n=5 Jmax=1.724 mpErr=3.3e-14 rootDev=6.7e-16
g=2 p=5 a1=0 a2=3 | noflip: realized m_pos=1 m_poly=1 m_real=1 n=5 Jmax=0.554 mpErr=1.0e-14 rootDev=1.3e-15 | flip: realized m_pos=1 m_poly=1 m_real=1 n=5 Jmax=1.284 mpErr=9.8e-16 rootDev=7.8e-16
g=2 p=5 a1=0 a2=4 | noflip: realized m_pos=1 m_poly=1 m_real=1 n=5 Jmax=0.452 mpErr=1.0e-14 rootDev=5.6e-16 | flip: realized m_pos=1 m_poly=1 m_real=1 n=5 Jmax=0.744 mpErr=1.4e-16 rootDev=1.7e-15
g=2 p=5 a1=0 a2=5 | noflip: realized m_pos=1 m_poly=1 m_real=1 n=5 Jmax=0.774 mpErr=2.7e-16 rootDev=6.7e-16 | flip: realized m_pos=1 m_poly=1 m_real=1 n=5 Jmax=1.064 mpErr=2.3e-15 rootDev=8.9e-16
g=2 p=5 a1=0 a2=6 | noflip: realized m_pos=1 m_poly=1 m_real=1 n=5 Jmax=0.639 mpErr=1.0e-16 rootDev=4.4e-16 | flip: realized m_pos=1 m_poly=1 m_real=1 n=5 Jmax=0.650 mpErr=3.4e-15 rootDev=6.7e-16
g=2 p=5 a1=0 a2=7 | noflip: realized m_pos=1 m_poly=1 m_real=1 n=5 Jmax=0.920 mpErr=1.0e-15 rootDev=1.1e-15 | flip: realized m_pos=1 m_poly=1 m_real=1 n=5 Jmax=11.698 mpErr=1.8e-13 rootDev=6.7e-16
g=2 p=5 a1=0 a2=8 | noflip: realized m_pos=1 m_poly=1 m_real=1 n=5 Jmax=1.158 mpErr=3.8e-16 rootDev=1.9e-15 | flip: realized m_pos=1 m_poly=1 m_real=1 n=5 Jmax=0.779 mpErr=1.1e-16 rootDev=3.3e-16
g=2 p=5 a1=0 a2=9 | noflip: realized m_pos=1 m_poly=1 m_real=1 n=5 Jmax=2.168 mpErr=7.7e-16 rootDev=1.2e-15 | flip: realized m_pos=1 m_poly=1 m_real=1 n=5 Jmax=1.661 mpErr=8.8e-17 rootDev=1.4e-15
g=2 p=5 a1=0 a2=10 | noflip: realized m_pos=1 m_poly=1 m_real=1 n=5 Jmax=6.568 mpErr=6.2e-12 rootDev=2.0e-11 | flip: realized m_pos=1 m_poly=1 m_real=1 n=5 Jmax=6.739 mpErr=3.1e-12 rootDev=3.8e-11
g=2 p=5 a1=1 a2=-5 | noflip: certified-unrealizable-all-m<=36 m_pos=5 m_poly=None m_real=None | flip: certified-unrealizable-all-m<=36 m_pos=129 m_poly=None m_real=None
g=2 p=5 a1=1 a2=-4 | noflip: certified-unrealizable-all-m<=36 m_pos=3 m_poly=None m_real=None | flip: certified-unrealizable-all-m<=36 m_pos=41 m_poly=None m_real=None
g=2 p=5 a1=1 a2=-3 | noflip: certified-unrealizable-all-m<=36 m_pos=3 m_poly=None m_real=None | flip: certified-unrealizable-all-m<=36 m_pos=23 m_poly=None m_real=None
g=2 p=5 a1=1 a2=-2 | noflip: certified-unrealizable-all-m<=36 m_pos=1 m_poly=None m_real=None | flip: certified-unrealizable-all-m<=36 m_pos=15 m_poly=None m_real=None
g=2 p=5 a1=1 a2=-1 | noflip: certified-unrealizable-all-m<=36 m_pos=1 m_poly=None m_real=None | flip: certified-unrealizable-all-m<=36 m_pos=9 m_poly=None m_real=None
g=2 p=5 a1=1 a2=0 | noflip: undecided m_pos=1 m_poly=15 m_real=None lastSearch(m=15,best=n > NMAX) | flip: certified-unrealizable-all-m<=36 m_pos=7 m_poly=None m_real=None
g=2 p=5 a1=1 a2=1 | noflip: realized m_pos=0 m_poly=0 m_real=0 n=4 Jmax=1.286 mpErr=3.4e-15 rootDev=6.7e-16 | flip: certified-unrealizable-all-m<=36 m_pos=5 m_poly=None m_real=None
g=2 p=5 a1=1 a2=2 | noflip: realized m_pos=0 m_poly=0 m_real=0 n=4 Jmax=0.901 mpErr=7.3e-15 rootDev=4.4e-16 | flip: certified-unrealizable-all-m<=36 m_pos=3 m_poly=None m_real=None
g=2 p=5 a1=1 a2=3 | noflip: realized m_pos=0 m_poly=0 m_real=0 n=4 Jmax=0.736 mpErr=4.9e-15 rootDev=6.7e-16 | flip: realized m_pos=1 m_poly=1 m_real=1 n=5 Jmax=0.877 mpErr=3.6e-16 rootDev=2.2e-16
g=2 p=5 a1=1 a2=4 | noflip: realized m_pos=0 m_poly=0 m_real=0 n=4 Jmax=0.900 mpErr=4.0e-15 rootDev=1.4e-15 | flip: realized m_pos=1 m_poly=1 m_real=1 n=5 Jmax=0.609 mpErr=2.2e-14 rootDev=4.4e-16
g=2 p=5 a1=1 a2=5 | noflip: realized m_pos=0 m_poly=0 m_real=0 n=4 Jmax=0.941 mpErr=9.9e-17 rootDev=2.2e-16 | flip: realized m_pos=1 m_poly=1 m_real=1 n=5 Jmax=0.827 mpErr=3.7e-15 rootDev=5.6e-16
g=2 p=5 a1=1 a2=6 | noflip: realized m_pos=0 m_poly=0 m_real=0 n=4 Jmax=1.174 mpErr=2.5e-15 rootDev=1.1e-15 | flip: realized m_pos=1 m_poly=1 m_real=1 n=5 Jmax=1.066 mpErr=2.5e-16 rootDev=4.4e-16
g=2 p=5 a1=1 a2=7 | noflip: realized m_pos=0 m_poly=0 m_real=0 n=4 Jmax=1.020 mpErr=1.1e-16 rootDev=6.7e-16 | flip: realized m_pos=1 m_poly=1 m_real=1 n=5 Jmax=1.295 mpErr=1.5e-16 rootDev=1.8e-15
g=2 p=5 a1=1 a2=8 | noflip: realized m_pos=0 m_poly=0 m_real=0 n=4 Jmax=1.080 mpErr=2.1e-15 rootDev=5.6e-16 | flip: realized m_pos=1 m_poly=1 m_real=1 n=5 Jmax=1.755 mpErr=5.4e-15 rootDev=4.4e-16
g=2 p=5 a1=1 a2=9 | noflip: realized m_pos=0 m_poly=0 m_real=0 n=4 Jmax=1.195 mpErr=8.7e-15 rootDev=4.4e-16 | flip: realized m_pos=1 m_poly=1 m_real=1 n=5 Jmax=1.133 mpErr=1.4e-14 rootDev=8.9e-16
g=2 p=5 a1=2 a2=0 | noflip: undecided m_pos=1 m_poly=15 m_real=None lastSearch(m=15,best=n > NMAX) | flip: certified-unrealizable-all-m<=36 m_pos=53 m_poly=None m_real=None
g=2 p=5 a1=2 a2=1 | noflip: realized m_pos=0 m_poly=0 m_real=0 n=4 Jmax=0.985 mpErr=1.0e-16 rootDev=1.1e-15 | flip: certified-unrealizable-all-m<=36 m_pos=25 m_poly=None m_real=None
g=2 p=5 a1=2 a2=2 | noflip: realized m_pos=0 m_poly=0 m_real=0 n=4 Jmax=0.787 mpErr=4.1e-15 rootDev=4.4e-16 | flip: certified-unrealizable-all-m<=36 m_pos=13 m_poly=None m_real=None
g=2 p=5 a1=2 a2=3 | noflip: realized m_pos=0 m_poly=0 m_real=0 n=4 Jmax=1.100 mpErr=2.0e-16 rootDev=4.4e-16 | flip: certified-unrealizable-all-m<=36 m_pos=9 m_poly=None m_real=None
g=2 p=5 a1=2 a2=4 | noflip: realized m_pos=0 m_poly=0 m_real=0 n=4 Jmax=0.605 mpErr=2.0e-16 rootDev=4.4e-16 | flip: certified-unrealizable-all-m<=36 m_pos=5 m_poly=None m_real=None
g=2 p=5 a1=2 a2=5 | noflip: realized m_pos=0 m_poly=0 m_real=0 n=4 Jmax=0.570 mpErr=1.5e-16 rootDev=7.8e-16 | flip: realized m_pos=1 m_poly=1 m_real=1 n=5 Jmax=1.241 mpErr=1.0e-15 rootDev=1.1e-15
g=2 p=5 a1=2 a2=6 | noflip: realized m_pos=0 m_poly=0 m_real=0 n=4 Jmax=1.056 mpErr=1.0e-14 rootDev=1.3e-15 | flip: realized m_pos=1 m_poly=1 m_real=1 n=5 Jmax=2.011 mpErr=2.6e-16 rootDev=1.6e-15
g=2 p=5 a1=2 a2=7 | noflip: realized m_pos=0 m_poly=0 m_real=0 n=4 Jmax=0.683 mpErr=2.7e-15 rootDev=2.2e-16 | flip: realized m_pos=1 m_poly=1 m_real=1 n=5 Jmax=1.441 mpErr=2.8e-16 rootDev=1.1e-15
g=2 p=5 a1=2 a2=8 | noflip: realized m_pos=0 m_poly=0 m_real=0 n=4 Jmax=0.669 mpErr=2.5e-16 rootDev=5.6e-16 | flip: realized m_pos=1 m_poly=1 m_real=1 n=5 Jmax=5.590 mpErr=4.3e-16 rootDev=6.7e-16
g=2 p=5 a1=2 a2=9 | noflip: realized m_pos=0 m_poly=0 m_real=0 n=4 Jmax=0.819 mpErr=2.6e-16 rootDev=1.3e-15 | flip: realized m_pos=1 m_poly=1 m_real=1 n=5 Jmax=5.075 mpErr=4.2e-16 rootDev=1.6e-15
g=2 p=5 a1=2 a2=10 | noflip: realized m_pos=0 m_poly=0 m_real=0 n=4 Jmax=0.809 mpErr=1.6e-16 rootDev=6.7e-16 | flip: realized m_pos=1 m_poly=1 m_real=2 n=6 Jmax=10.832 mpErr=1.2e-13 rootDev=6.7e-16
g=2 p=5 a1=2 a2=11 | noflip: realized m_pos=0 m_poly=0 m_real=0 n=4 Jmax=0.749 mpErr=5.3e-15 rootDev=2.5e-11 | flip: realized m_pos=1 m_poly=2 m_real=2 n=6 Jmax=0.968 mpErr=5.7e-15 rootDev=1.2e-09
g=2 p=5 a1=3 a2=4 | noflip: realized m_pos=0 m_poly=0 m_real=0 n=4 Jmax=0.977 mpErr=1.5e-16 rootDev=2.2e-16 | flip: certified-unrealizable-all-m<=36 m_pos=85 m_poly=None m_real=None
g=2 p=5 a1=3 a2=5 | noflip: realized m_pos=0 m_poly=0 m_real=0 n=4 Jmax=0.616 mpErr=2.4e-15 rootDev=1.3e-15 | flip: certified-unrealizable-all-m<=36 m_pos=27 m_poly=None m_real=None
g=2 p=5 a1=3 a2=6 | noflip: realized m_pos=0 m_poly=0 m_real=0 n=4 Jmax=0.473 mpErr=6.2e-15 rootDev=4.4e-16 | flip: certified-unrealizable-all-m<=36 m_pos=13 m_poly=None m_real=None
g=2 p=5 a1=3 a2=7 | noflip: realized m_pos=0 m_poly=0 m_real=0 n=4 Jmax=0.596 mpErr=5.1e-17 rootDev=6.7e-16 | flip: certified-unrealizable-all-m<=36 m_pos=7 m_poly=None m_real=None
g=2 p=5 a1=3 a2=8 | noflip: realized m_pos=0 m_poly=0 m_real=0 n=4 Jmax=0.396 mpErr=7.0e-15 rootDev=3.3e-16 | flip: certified-unrealizable-all-m<=36 m_pos=3 m_poly=None m_real=None
g=2 p=5 a1=3 a2=9 | noflip: realized m_pos=0 m_poly=0 m_real=0 n=4 Jmax=0.526 mpErr=1.2e-14 rootDev=8.9e-16 | flip: undecided m_pos=2 m_poly=2 m_real=None lastSearch(m=6,best=0.009876358125552764)
g=2 p=5 a1=3 a2=10 | noflip: realized m_pos=0 m_poly=0 m_real=0 n=4 Jmax=0.472 mpErr=6.1e-15 rootDev=6.7e-16 | flip: undecided m_pos=2 m_poly=2 m_real=None lastSearch(m=6,best=0.005545531727460196)
g=2 p=5 a1=3 a2=11 | noflip: realized m_pos=0 m_poly=0 m_real=0 n=4 Jmax=0.510 mpErr=2.5e-16 rootDev=8.9e-16 | flip: undecided m_pos=2 m_poly=2 m_real=None lastSearch(m=6,best=0.002095136164854905)
g=2 p=5 a1=4 a2=8 | noflip: realized m_pos=0 m_poly=0 m_real=0 n=4 Jmax=0.663 mpErr=1.7e-14 rootDev=1.1e-15 | flip: certified-unrealizable-all-m<=36 m_pos=389 m_poly=None m_real=None
g=2 p=5 a1=4 a2=9 | noflip: realized m_pos=0 m_poly=0 m_real=0 n=4 Jmax=0.508 mpErr=4.7e-16 rootDev=4.4e-16 | flip: certified-unrealizable-all-m<=36 m_pos=31 m_poly=None m_real=None
g=2 p=5 a1=4 a2=10 | noflip: realized m_pos=0 m_poly=0 m_real=0 n=4 Jmax=0.367 mpErr=9.6e-17 rootDev=2.2e-16 | flip: certified-unrealizable-all-m<=36 m_pos=11 m_poly=None m_real=None
g=2 p=5 a1=4 a2=11 | noflip: realized m_pos=0 m_poly=0 m_real=0 n=4 Jmax=0.605 mpErr=6.2e-15 rootDev=8.9e-16 | flip: certified-unrealizable-all-m<=36 m_pos=4 m_poly=None m_real=None
g=2 p=5 a1=4 a2=12 | noflip: realized m_pos=0 m_poly=0 m_real=0 n=4 Jmax=0.620 mpErr=3.6e-15 rootDev=1.1e-15 | flip: certified-unrealizable-all-m<=36 m_pos=3 m_poly=None m_real=None
g=2 p=5 a1=4 a2=13 | noflip: realized m_pos=0 m_poly=0 m_real=0 n=4 Jmax=0.422 mpErr=4.2e-16 rootDev=6.7e-16 | flip: undecided m_pos=2 m_poly=2 m_real=None lastSearch(m=6,best=0.009646772055259767)
g=2 p=5 a1=4 a2=14 | noflip: realized m_pos=0 m_poly=0 m_real=0 n=4 Jmax=0.402 mpErr=2.8e-15 rootDev=1.4e-09 | flip: realized m_pos=2 m_poly=2 m_real=2 n=6 Jmax=5.291 mpErr=6.9e-12 rootDev=3.7e-11
g=2 p=5 a1=5 a2=13 | noflip: realized m_pos=0 m_poly=0 m_real=0 n=4 Jmax=0.357 mpErr=1.2e-15 rootDev=6.7e-16 | flip: certified-unrealizable-all-m<=36 m_pos=45 m_poly=None m_real=None
g=2 p=5 a1=5 a2=14 | noflip: realized m_pos=0 m_poly=0 m_real=0 n=4 Jmax=0.307 mpErr=4.7e-16 rootDev=1.1e-15 | flip: certified-unrealizable-all-m<=36 m_pos=7 m_poly=None m_real=None
g=2 p=5 a1=5 a2=15 | noflip: realized m_pos=0 m_poly=0 m_real=0 n=4 Jmax=0.344 mpErr=4.9e-16 rootDev=1.0e-15 | flip: certified-unrealizable-all-m<=36 m_pos=4 m_poly=None m_real=None
g=2 p=5 a1=6 a2=17 | noflip: realized m_pos=0 m_poly=0 m_real=0 n=4 Jmax=0.184 mpErr=7.8e-14 rootDev=4.4e-16 | flip: certified-unrealizable-all-m<=36 m_pos=145 m_poly=None m_real=None
g=2 p=5 a1=6 a2=18 | noflip: realized m_pos=0 m_poly=0 m_real=0 n=4 Jmax=0.162 mpErr=2.1e-16 rootDev=1.7e-15 | flip: certified-unrealizable-all-m<=36 m_pos=8 m_poly=None m_real=None
g=2 p=5 a1=6 a2=19 | noflip: realized m_pos=0 m_poly=0 m_real=0 n=4 Jmax=0.200 mpErr=8.3e-15 rootDev=1.3e-09 | flip: certified-unrealizable-all-m<=36 m_pos=7 m_poly=None m_real=None
elapsed s: 144.6
