NOT CERTIFIED: (3, -4, 10, 'flip', 0) rel 4.01e-35
NOT CERTIFIED: (3, -2, 7, 'noflip', 2) rel 2.85e-20
NOT CERTIFIED: (3, -2, 7, 'flip', 0) rel 5.59e-36
NOT CERTIFIED: (3, 2, 7, 'flip', 2) rel 3.59e-38
NOT CERTIFIED: (3, 4, 10, 'noflip', 0) rel 2.19e-40
NOT CERTIFIED: (5, -6, 19, 'flip', 0) rel 4.73e-40
NOT CERTIFIED: (5, -4, 14, 'noflip', 2) rel 2.30e-35
NOT CERTIFIED: (5, -2, 11, 'noflip', 2) rel 1.44e-21
NOT CERTIFIED: (5, -2, 11, 'flip', 0) rel 1.96e-36
NOT CERTIFIED: (5, 0, 10, 'noflip', 1) rel 1.20e-15
NOT CERTIFIED: (5, 0, 10, 'flip', 1) rel 1.42e-18
NOT CERTIFIED: (5, 2, 11, 'noflip', 0) rel 2.60e-38
NOT CERTIFIED: (5, 2, 11, 'flip', 2) rel 7.80e-29
NOT CERTIFIED: (5, 4, 14, 'flip', 2) rel 1.70e-38
NOT CERTIFIED: (7, -8, 30, 'flip', 0) rel 8.30e-40
NOT CERTIFIED: (7, -6, 23, 'flip', 0) rel 2.63e-40
NOT CERTIFIED: (7, -4, 18, 'noflip', 2) rel 2.65e-40
NOT CERTIFIED: (7, -2, 15, 'noflip', 2) rel 7.64e-26
NOT CERTIFIED: (7, -2, 15, 'flip', 0) rel 2.69e-37
NOT CERTIFIED: (7, 0, 14, 'noflip', 1) rel 4.56e-17
NOT CERTIFIED: (7, 0, 14, 'flip', 2) rel 3.36e-17
NOT CERTIFIED: (7, 2, 15, 'noflip', 0) rel 8.64e-36
NOT CERTIFIED: (7, 2, 15, 'flip', 2) rel 6.59e-26
Newton-refined realizations: certified 469, not certified 23
max displacement 6.07e-08; max final relative residual 9.7e-41; min refined free J 1.266e-07
--- uncertified records: double-zero test and exact product alternative ---
(3, -4, 10, 'flip', 0) D=0 double zero cos(theta)=-0.5774 -> EXACT: two identical untwisted pairs, e^{-2J} = 0.577350
(3, -2, 7, 'noflip', 2) D=0 double zero cos(theta)=0.2887 -> numerical only
(3, -2, 7, 'flip', 0) D=0 double zero cos(theta)=-0.2887 -> EXACT: two identical untwisted pairs, e^{-2J} = 0.288675
(3, 2, 7, 'flip', 2) D=0 double zero cos(theta)=0.2887 -> numerical only
(3, 4, 10, 'noflip', 0) D=0 double zero cos(theta)=-0.5774 -> EXACT: two identical untwisted pairs, e^{-2J} = 0.577350
(5, -6, 19, 'flip', 0) D=0 double zero cos(theta)=-0.6708 -> EXACT: two identical untwisted pairs, e^{-2J} = 0.670820
(5, -4, 14, 'noflip', 2) D=0 double zero cos(theta)=0.4472 -> numerical only
(5, -2, 11, 'noflip', 2) D=0 double zero cos(theta)=0.2236 -> numerical only
(5, -2, 11, 'flip', 0) D=0 double zero cos(theta)=-0.2236 -> EXACT: two identical untwisted pairs, e^{-2J} = 0.223607
(5, 0, 10, 'noflip', 1) D=0 double zero cos(theta)=-0.0000 -> numerical only
(5, 0, 10, 'flip', 1) D=0 double zero cos(theta)=-0.0000 -> numerical only
(5, 2, 11, 'noflip', 0) D=0 double zero cos(theta)=-0.2236 -> EXACT: two identical untwisted pairs, e^{-2J} = 0.223607
(5, 2, 11, 'flip', 2) D=0 double zero cos(theta)=0.2236 -> numerical only
(5, 4, 14, 'flip', 2) D=0 double zero cos(theta)=0.4472 -> numerical only
(7, -8, 30, 'flip', 0) D=0 double zero cos(theta)=-0.7559 -> EXACT: two identical untwisted pairs, e^{-2J} = 0.755929
(7, -6, 23, 'flip', 0) D=0 double zero cos(theta)=-0.5669 -> EXACT: two identical untwisted pairs, e^{-2J} = 0.566947
(7, -4, 18, 'noflip', 2) D=0 double zero cos(theta)=0.3780 -> numerical only
(7, -2, 15, 'noflip', 2) D=0 double zero cos(theta)=0.1890 -> numerical only
(7, -2, 15, 'flip', 0) D=0 double zero cos(theta)=-0.1890 -> EXACT: two identical untwisted pairs, e^{-2J} = 0.188982
(7, 0, 14, 'noflip', 1) D=0 double zero cos(theta)=-0.0000 -> numerical only
(7, 0, 14, 'flip', 2) D=0 double zero cos(theta)=-0.0000 -> numerical only
(7, 2, 15, 'noflip', 0) D=0 double zero cos(theta)=-0.1890 -> EXACT: two identical untwisted pairs, e^{-2J} = 0.188982
(7, 2, 15, 'flip', 2) D=0 double zero cos(theta)=0.1890 -> numerical only
uncertified and without an exact product realization: 13 [(3, -2, 7, 'noflip', 2), (3, 2, 7, 'flip', 2), (5, -4, 14, 'noflip', 2), (5, -2, 11, 'noflip', 2), (5, 0, 10, 'noflip', 1), (5, 0, 10, 'flip', 1), (5, 2, 11, 'flip', 2), (5, 4, 14, 'flip', 2), (7, -4, 18, 'noflip', 2), (7, -2, 15, 'noflip', 2), (7, 0, 14, 'noflip', 1), (7, 0, 14, 'flip', 2), (7, 2, 15, 'flip', 2)]
  of which g=2 literal (noflip) records: 7 [(3, -2, 7, 'noflip', 2), (5, -4, 14, 'noflip', 2), (5, -2, 11, 'noflip', 2), (5, 0, 10, 'noflip', 1), (7, -4, 18, 'noflip', 2), (7, -2, 15, 'noflip', 2), (7, 0, 14, 'noflip', 1)]
