Sat Sep 26 00:39:20 IST 2026
R = F_7[x]: closed points of degree d <= 3: a_d = {1: 7, 2: 21, 3: 112}
index sub-box on E' = {(x), (x+1), (x^2+1)}, degrees [1, 1, 2], 0 <= n_P <= 2
index box 27 indices, entries deg < 7: 108 linear conditions, kernel dimension 82 over F_7  [0.0s]
pairs checked: 351; mismatches against Theorem 3.3: 0
Gamma_0 cap Gamma_n, n in the box (|n| = sum n_P deg P; deg = log_7 #(R/I) in units of log 7):
  n = (0, 0, 1)  |n| = 2  I_0,n = (1 + 1x^2)  deg/log7 = 2
  n = (0, 0, 2)  |n| = 4  I_0,n = (1 + 1x^2)  deg/log7 = 2
  n = (0, 1, 0)  |n| = 1  I_0,n = (1 + 1x^1)  deg/log7 = 1
  n = (0, 1, 1)  |n| = 3  I_0,n = (1)  deg/log7 = 0
  n = (0, 1, 2)  |n| = 5  I_0,n = (1)  deg/log7 = 0
  n = (0, 2, 0)  |n| = 2  I_0,n = (1 + 1x^1)  deg/log7 = 1
  n = (0, 2, 1)  |n| = 4  I_0,n = (1)  deg/log7 = 0
  n = (0, 2, 2)  |n| = 6  I_0,n = (1)  deg/log7 = 0
  n = (1, 0, 0)  |n| = 1  I_0,n = (1x^1)  deg/log7 = 1
  n = (1, 0, 1)  |n| = 3  I_0,n = (1)  deg/log7 = 0
  n = (1, 0, 2)  |n| = 5  I_0,n = (1)  deg/log7 = 0
  n = (1, 1, 0)  |n| = 2  I_0,n = (1)  deg/log7 = 0
  n = (1, 1, 1)  |n| = 4  I_0,n = (1)  deg/log7 = 0
  n = (1, 1, 2)  |n| = 6  I_0,n = (1)  deg/log7 = 0
  n = (1, 2, 0)  |n| = 3  I_0,n = (1)  deg/log7 = 0
  n = (1, 2, 1)  |n| = 5  I_0,n = (1)  deg/log7 = 0
  n = (1, 2, 2)  |n| = 7  I_0,n = (1)  deg/log7 = 0
  n = (2, 0, 0)  |n| = 2  I_0,n = (1x^1)  deg/log7 = 1
  n = (2, 0, 1)  |n| = 4  I_0,n = (1)  deg/log7 = 0
  n = (2, 0, 2)  |n| = 6  I_0,n = (1)  deg/log7 = 0
  n = (2, 1, 0)  |n| = 3  I_0,n = (1)  deg/log7 = 0
  n = (2, 1, 1)  |n| = 5  I_0,n = (1)  deg/log7 = 0
  n = (2, 1, 2)  |n| = 7  I_0,n = (1)  deg/log7 = 0
  n = (2, 2, 0)  |n| = 4  I_0,n = (1)  deg/log7 = 0
  n = (2, 2, 1)  |n| = 6  I_0,n = (1)  deg/log7 = 0
  n = (2, 2, 2)  |n| = 8  I_0,n = (1)  deg/log7 = 0
  N = 1: sum over |n| = N of deg(Gamma_0 cap Gamma_n)/log 7 = sum_(d|N) d a_d = 7; #A^1(F_7^1) = 7  OK
  N = 2: sum over |n| = N of deg(Gamma_0 cap Gamma_n)/log 7 = sum_(d|N) d a_d = 49; #A^1(F_7^2) = 49  OK
  N = 3: sum over |n| = N of deg(Gamma_0 cap Gamma_n)/log 7 = sum_(d|N) d a_d = 343; #A^1(F_7^3) = 343  OK
done in 0.1s
python3 ghost_curve_F7x.py 3 2 7  0.12s user 0.00s system 98% cpu 0.121 total
