OK   Borger p7 must be defined                               pdf-page [7]
OK   Borger p7 v! left adjoint                               pdf-page [7]
OK   Borger p8 absolute point                                pdf-page [8]
OK   Borger p8 extends to curves                             pdf-page [8]
OK   Borger p9 toric P^n Frobenius                           pdf-page [9]
OK   Borger p15 Teichmuller by adjunction                    pdf-page [15]
OK   Borger p15 a_i = [b_i]                                  pdf-page [15]
OK   Borger p24 factorization                                pdf-page [24]
OK   Borger p25 f essential                                  pdf-page [25]
OK   Borger p25 (pr,Fr^n)                                    pdf-page [25]
OK   Borger p25 not a monomorphism                           pdf-page [25]
OK   Borger p27 Cor 7.6 fully faithful                       pdf-page [27]
OK   Borger p27 7.7 uniformity (no arithmetic Spec k)        pdf-page [27]
OK   Borger p28 7.8 Drinfeld: objects not descending to Sp_k pdf-page [27]
OK   Borger p5 archimedean caveat                            pdf-page [5]
OK   Borger p3 Thm 0.1 Artin-Tate                            pdf-page [3]
OK   0801.1691 p10 §1.10 Z ghost congruences                 pdf-page [10]
OK   0801.1691 p3 W right adjoint                            pdf-page [3]
OK   0801.1691 p22 §3.9 Teichmuller ghost                    pdf-page [22]
OK   1006.0092 p31 Krull                                     pdf-page [31]
OK   Milne p10 Example 1.7 adjunction                        pdf-page [10]
OK   Milne p10 number of points                              pdf-page [10]
OK   Milne p9 Thm 1.5 from Hodge index                       pdf-page [9]
OK   Le Bruyn 1304.6532 p3 P1F1 x Spec Z = P1Z               pdf-page [3]
OK   Le Bruyn p3 explore Smirnov maps in Borger              pdf-page [3]
OK   Le Bruyn p2 ABC                                         pdf-page [2]
OK   Le Bruyn p30 Smirnov constants F_1^2 = {0,1,-1}         pdf-page [30]
OK   Le Bruyn p40 Q: Smirnov covering maps in w(Z)?          pdf-page [40]
OK   Le Bruyn p41 Teichmuller 1/(1-at)                       pdf-page [41]
OK   Lorscheid 1801.05337 p3 Smirnov map -> abc              pdf-page [3]
OK   Lorscheid 1801.05337 p3 KS95 content                    pdf-page [3]
OK   Durov 0704.2030 p43 Z (x)F1 Z = Z                       pdf-page [43]
OK   CC 1805.10501 p2 H1 still open                          pdf-page [2]
OK   CC 1805.10501 p18 N(u)                                  pdf-page [18]
OK   Takagi 1203.4914 p4 Z^n not defined                     pdf-page [4]
OK   Banaszak-Uetake 0908.2909 p1 equiv RH                   pdf-page [1]
OK   Scholze 1712.03708 p14 hypothetical                     pdf-page [14]
OK   Lorscheid 1204.3129 p11                                 pdf-page [11]
OK   Haran 1508.04636 p51 Thm 2.9.1                          pdf-page [51]
OK   CCM math/0703392 p4 principal divisors                  pdf-page [4]
OK   Haran 1991 p259 surface reduces to diagonal             pdf-page [3]
OK   YZ 1304.3538 p3 Thm 1.1                                 pdf-page [3]
misses: 0
