DH off-line zero rho_0 = (0.8085171824566374 + 85.69934848537759j)  |f_DH(rho_0)| = 2.4e-15;  t = 85.6993484854, delta = Re rho_0 - 1/2 = 0.3085171825
DH on-line zeros in [55.6993, 115.699] by sign change (step 0.05): 36 found
    [57.0415, 58.3952, 59.767, 61.7021, 63.2801, 64.677, 66.6561, 68.3473, 68.9363, 71.4307, 72.5115, 74.3255, 75.9098, 77.2268, 78.7178, 80.3284, 81.926, 83.1089, 87.6475, 89.4396, 90.7249, 92.1831, 93.7815, 95.3487, 96.2918, 97.9741, 99.6831, 100.599, 102.8203, 103.6474, 104.9571, 106.5802, 108.2023, 109.228, 110.8663, 112.377]
    phase count (theta(t+W)-theta(t-W))/pi = 40.118  vs on-line found 36 + 2 (the off-line pair) = 38   [indicative: S(T) fluctuations are O(1)]
reflected on-line points: direct |h_f(-tau_1)|^2 at L = 20, tau_1 = 57.0415: 1.55e-32;  Lemma-G bound on the sum over all reflected on-line points: 1.77e+3 at L=20, 0.000157 at L = L*  (omitted from the sums below)
theorem bandwidth at (t, delta): L* = max(25/delta, 4/delta (loglog(3+t) + 2 log(1/delta) + log(2 b1))) = 86.907
L=   10.0: W_Z =    -0.26981111  W_Z' = 0.0048010832  (Z'' - Z' = 4.41e-24)  main -2d^2c^2 =    -0.27461219  |W_Z - W_Z'| =   0.27461219  bound d^2 e^(dL/2) =   0.445139  ratio = 0.61691  fires(>=1): False
L=   20.0: W_Z =    -0.74823115  W_Z' = 4.4642882e-5  (Z'' - Z' = 5.47e-35)  main -2d^2c^2 =     -0.7482758  |W_Z - W_Z'| =    0.7482758  bound d^2 e^(dL/2) =    2.08177  ratio = 0.35944  fires(>=1): False
L=   30.0: W_Z =     -3.1833149  W_Z' = 1.2514578e-5  (Z'' - Z' = 5.17e-39)  main -2d^2c^2 =     -3.1833274  |W_Z - W_Z'| =    3.1833274  bound d^2 e^(dL/2) =    9.73573  ratio = 0.32697  fires(>=1): True
L=   40.0: W_Z =     -18.088048  W_Z' =  1.885247e-6  (Z'' - Z' = 8.43e-39)  main -2d^2c^2 =      -18.08805  |W_Z - W_Z'| =     18.08805  bound d^2 e^(dL/2) =    45.5308  ratio = 0.39727  fires(>=1): True
L=   50.0: W_Z =     -124.59068  W_Z' = 2.6027952e-7  (Z'' - Z' = 1.82e-38)  main -2d^2c^2 =     -124.59068  |W_Z - W_Z'| =    124.59068  bound d^2 e^(dL/2) =    212.932  ratio = 0.58512  fires(>=1): True
L=   60.0: W_Z =     -982.50091  W_Z' = 3.4975791e-8  (Z'' - Z' = 1.0e-37)  main -2d^2c^2 =     -982.50091  |W_Z - W_Z'| =    982.50091  bound d^2 e^(dL/2) =    995.814  ratio = 0.98663  fires(>=1): True
L=   70.0: W_Z =     -8565.3022  W_Z' = 4.3679402e-9  (Z'' - Z' = 3.78e-38)  main -2d^2c^2 =     -8565.3022  |W_Z - W_Z'| =    8565.3022  bound d^2 e^(dL/2) =    4657.09  ratio = 1.8392  fires(>=1): True
L= 86.907: W_Z =     -394292.19  W_Z' = 3.432164e-10  (Z'' - Z' = 2.34e-38)  main -2d^2c^2 =     -394292.19  |W_Z - W_Z'| =    394292.19  bound d^2 e^(dL/2) =    63212.9  ratio = 6.2375  fires(>=1): True
L=  100.0: W_Z =     -8536115.2  W_Z' = 1.022002e-11  (Z'' - Z' = 4.47e-39)  main -2d^2c^2 =     -8536115.2  |W_Z - W_Z'| =    8536115.2  bound d^2 e^(dL/2) =   476348.0  ratio = 17.92  fires(>=1): True
POSITIVE control: 25 zeta zeros in the window (indices up to 36); W_zeta(f_{t,L}) at the same t:
    L=20.0: W_zeta = 0.000866034 (>= 0; imag 0.0);  b1 log(3+t+W)/L^2 = 0.1033;  clause-6 bound d^2 e^(dL/2) at DH's delta = 2.082
    L=40.0: W_zeta = 1.08483e-5 (>= 0; imag 0.0);  b1 log(3+t+W)/L^2 = 0.02581;  clause-6 bound d^2 e^(dL/2) at DH's delta = 45.53
    L=86.907: W_zeta = 2.09234e-7 (>= 0; imag 0.0);  b1 log(3+t+W)/L^2 = 0.005469;  clause-6 bound d^2 e^(dL/2) at DH's delta = 6.321e+4
    L=100.0: W_zeta = 3.77892e-8 (>= 0; imag 0.0);  b1 log(3+t+W)/L^2 = 0.00413;  clause-6 bound d^2 e^(dL/2) at DH's delta = 4.763e+5
CAVEAT (printed by design): the theorem's window hypothesis -- all points of Z other than the orbit real within |Re gamma - t| <= R_0 L* -- is NOT verified for DH here (R_0 L* is thousands; DH has further off-line zeros); the control shows the datum firing on the known off-line orbit, with the in-window on-line zeros present, at the theorem's bandwidth and below it.
done in 974.3s

real	16m18.074s
user	16m13.230s
sys	0m2.975s
exit=0
