(a) factorization check |B_raw(v) - g(4v+2)g(2-4v)|: 9.860761315262648e-32
(b) Lean P1 |g^(k)(x)| <= (18/e)^k k^(2k), ratio max over x in (0, 1.5], k=1..6:
    k=1: max ratio = 0.08175
    k=2: max ratio = 0.003601
    k=3: max ratio = 0.0001428
    k=4: max ratio = 4.9e-6
    k=5: max ratio = 1.867e-7
    k=6: max ratio = 6.729e-9
    Leibniz-transferred |B_raw^(k)(v)| <= (k+1)(72/e)^k k^(2k), ratio max over v in (-1/2,1/2), k=1..6:
    k=1: max ratio = 0.03014   (||B_raw^(k)||_1 <= sup, support length 1)
    k=2: max ratio = 0.0009141   (||B_raw^(k)||_1 <= sup, support length 1)
    k=3: max ratio = 2.676e-5   (||B_raw^(k)||_1 <= sup, support length 1)
    k=4: max ratio = 7.026e-7   (||B_raw^(k)||_1 <= sup, support length 1)
    k=5: max ratio = 2.495e-8   (||B_raw^(k)||_1 <= sup, support length 1)
    k=6: max ratio = 7.576e-10   (||B_raw^(k)||_1 <= sup, support length 1)
(c) c_B = 2/sqrt(72e) = 0.14296065;  C_B = e^2/Z = 33.2845;  crude-Leibniz c_B = 1/(6 sqrt e) = 0.101088;  clean form c_B' = 0.125091, C_B' = 62.8899;  the pricing's 0.20 = 1/(3 sqrt e) = 0.202177 is the constant for theta, not for B
    (G1)/(G2) against |Bhat(eta)| (log10 of ratio bound/|Bhat| must be >= 0):
    eta=0: |Bhat|=1.0  G1=33.28  G2=62.89  log10(G1/|Bhat|)=1.52
    eta=8: |Bhat|=0.1861  G1=26.71  G2=44.15  log10(G1/|Bhat|)=2.16
    eta=64: |Bhat|=0.001388  G1=16.67  G2=23.12  log10(G1/|Bhat|)=4.08
    eta=512: |Bhat|=9.253e-9  G1=3.43  G2=3.71  log10(G1/|Bhat|)=8.57
    eta=4096: |Bhat|=0.1513  G1=0.01972  G2=0.02098  log10(G1/|Bhat|)=-0.88
    eta=16384: |Bhat|=0.03538  G1=3.815e-6  G2=6.996e-6  log10(G1/|Bhat|)=-3.97
    min log10(G1/|Bhat|) = -3.967, min log10(G2/|Bhat|) = -3.704 over 18 eta values
    numerical envelope constant (max over eta in 256..8192 of -log|Bhat|/sqrt eta, a lower bound on the true rate): 0.849  [computed, not proved]
(d) clause 5: least R_0 (step 0.5) with F(50) := log S_bound(50, R_0 L) + L <= 0 and 2c_B sqrt(R_0) - 7/4 >= 0.1:  R_0 = 85.0;  F(50) = -0.3283
    asymptotic constants: (3/(4 c_B))^2 = 27.523 (contract's form),  (7/(8 c_B))^2 = 37.461 (with the density prefactor absorbed through the L-hypothesis)
    L=50: F(L) = log S_bound + L = -0.3283
    L=60: F(L) = log S_bound + L = -8.2987
    L=100: F(L) = log S_bound + L = -41.23
    L=403: F(L) = log S_bound + L = -302.79
    L=1000: F(L) = log S_bound + L = -827.23
    L=10000: F(L) = log S_bound + L = -8790.3
    L=100000: F(L) = log S_bound + L = -88525.0
    max F over the L-grid = -0.3283 (<= 0 required; the note proves the decrease in L analytically)
    for the record [computed, not proved]: with the numerical rate 0.849 the same chain would give (7/(8c))^2 = 1.06
(e) clause 1 reflection condition: least t = T_1(L) with margin >= 0, and the clean linear form t >= c_R L:
    L=50: T_1(L) = 1039.9  (T_1/L = 20.8)
    L=100: T_1(L) = 1383.1  (T_1/L = 13.83)
    L=200: T_1(L) = 2072.8  (T_1/L = 10.36)
    L=403: T_1(L) = 3457.2  (T_1/L = 8.579)
    L=1000: T_1(L) = 7389.2  (T_1/L = 7.389)
    L=10000: T_1(L) = 64283.0  (T_1/L = 6.428)
    least integer c_R with t = c_R L admissible on the L-grid: c_R = 21;  margins at L=50,100,1000,1e5: [0.7170931207366856, 34.06726338797546, 753.940648498114, 84762.1094290393]
    asymptotic threshold t/L -> 1/(8 c_B^2) = 6.1161;  [computed, not proved] with the numerical rate 0.849: 1/(8c^2) = 0.173
(f) clause 4: ||B'''||_1 = 642.3012;  L_1 = (2 zeta(4) ||B'''||_1^2 / b1)^(1/4) = 17.9  (polynomial route; L >= 50 already covers it)
    for the record: the contract's GEVREY form of T_1 falls below b1 C1 l_R/L^2 only from L ~ 11366 (with c_B = 0.143)
(g) IV.9: L* from the theorem's constants (C1 = 1):
    delta=0.1, t=1e+06: L* = 403.49, window R = R_0 L* = 34297.0, t/L* = 2478.0, reflection condition t >= 21 L*: True
    delta=0.1, t=1e+03: L* = 375.78, window R = R_0 L* = 31941.0, t/L* = 2.661, reflection condition t >= 21 L*: False
    delta=0.1, t=1e+12: L* = 431.21, window R = R_0 L* = 36653.0, t/L* = 2.319e+9, reflection condition t >= 21 L*: True
    delta=0.05, t=1e+06: L* = 917.88, window R = R_0 L* = 78020.0, t/L* = 1089.0, reflection condition t >= 21 L*: True
    delta=0.25, t=1e+06: L* = 132.07, window R = R_0 L* = 11226.0, t/L* = 7572.0, reflection condition t >= 21 L*: True
    delta=0.3085, t=85.7: L* = 86.99, window R = R_0 L* = 7394.2, t/L* = 0.9852, reflection condition t >= 21 L*: False
done in 5.0s

real	0m5.003s
user	0m4.976s
sys	0m0.020s
exit=0
