=== gevrey_edge_law_rerun.py  Wed Sep 16 17:54:57 IST 2026
user	0m17.344s
sys	0m0.040s
exit=0
diff lines vs pricing log:        2
=== b1_constant.py  Wed Sep 16 17:55:14 IST 2026
user	2m20.493s
sys	0m0.359s
exit=0
=== edge_law_two_sided.py  Wed Sep 16 17:57:35 IST 2026
user	0m5.007s
sys	0m0.031s
exit=0
=== lemma_G_constants.py  Wed Sep 16 17:57:40 IST 2026
user	0m4.976s
sys	0m0.020s
exit=0
=== four_point_accounting.py  Wed Sep 16 17:57:45 IST 2026
user	1m3.167s
sys	0m0.240s
exit=0
=== dh_negative_control.py  Wed Sep 16 17:58:49 IST 2026
