=== [I1Witness] start 2026-09-29 07:45:02 IST ===
cwd=/Users/jaytyagi/rh-lean-work/checker-clone-s21
config=comparator/config-i1-witness.json
{
  "challenge_module": "Challenge.I1Witness",
  "solution_module": "Solution.I1Witness",
  "theorem_names": [
    "lambdaVec_rec",
    "lambdaVec_one",
    "lambdaVec_eq_zero_of_not_dvd",
    "epsteinB_one",
    "epstein_thirtysix_coeff",
    "epstein_witness_36",
    "kappa_pos",
    "dhA_one",
    "dh_three_coeff",
    "dh_witness_3",
    "dh_twelve_coeff",
    "dh_witness_12",
    "dh_four",
    "dh_six"
  ],
  "permitted_axioms": [
    "propext",
    "Quot.sound",
    "Classical.choice"
  ],
  "enable_nanoda": true
}
toolchain=leanprover/lean4:v4.33.0-rc2
lean=/Users/jaytyagi/.elan/bin/lean Lean (version 4.33.0-rc2, arm64-apple-darwin24.6.0, commit d8b18978322de05a8f3dba51ef03cf5461676c17, Release)
lake=/Users/jaytyagi/.elan/bin/lake
mathlib=51e6992efd06126df61a496bebf8f49482a4e129
COMPARATOR_LANDRUN=/Users/jaytyagi/rh-lean-work/tools/comparator/scripts/fake-landrun.sh
COMPARATOR_NANODA=/Users/jaytyagi/rh-lean-work/tools/nanoda_lib/target/release/nanoda_bin
COMPARATOR_LEAN4EXPORT=/Users/jaytyagi/rh-lean-work/tools/lean4export/.lake/build/bin/lean4export
nanoda on PATH: /Users/jaytyagi/rh-lean-work/tools/nanoda_lib/target/release/nanoda_bin
tool hashes:
fe1222e25fc301dc51ec3f9964a59ab557ea4f9ae6bb758842d70dbb341a5d08  /Users/jaytyagi/rh-lean-work/tools/comparator/.lake/build/bin/comparator
de4ffedf1412873c0d196f4c4eb98d3b45af43f37bd6cc07e2517706481a7775  /Users/jaytyagi/rh-lean-work/tools/lean4export/.lake/build/bin/lean4export
d6c87133b59c2286fed27e2417fb17f9419326c2dde904de9f85d288594948bb  /Users/jaytyagi/rh-lean-work/tools/nanoda_lib/target/release/nanoda_bin
167507c89d8b3c7667ad78b50df7b19f89883751a01efd1457404fa34a994e8b  /Users/jaytyagi/rh-lean-work/tools/comparator/scripts/fake-landrun.sh
heavy procs (>50% cpu) before start:
--- comparator output follows ---
Building Challenge.I1Witness
WARNING: THIS IS NOT REAL LANDRUN! UNSAFELY RUNNING exec lake build Challenge.I1Witness
✔ [8697/8698] Built ChallengeDeps.I1Witness (2.9s)
⚠ [8698/8698] Built Challenge.I1Witness (2.0s)
warning: comparator/Challenge/I1Witness.lean:45:8: declaration uses `sorry`
warning: comparator/Challenge/I1Witness.lean:51:8: declaration uses `sorry`
warning: comparator/Challenge/I1Witness.lean:55:8: declaration uses `sorry`
warning: comparator/Challenge/I1Witness.lean:60:8: declaration uses `sorry`
warning: comparator/Challenge/I1Witness.lean:64:8: declaration uses `sorry`
warning: comparator/Challenge/I1Witness.lean:70:8: declaration uses `sorry`
warning: comparator/Challenge/I1Witness.lean:77:8: declaration uses `sorry`
warning: comparator/Challenge/I1Witness.lean:81:8: declaration uses `sorry`
warning: comparator/Challenge/I1Witness.lean:85:8: declaration uses `sorry`
warning: comparator/Challenge/I1Witness.lean:89:8: declaration uses `sorry`
warning: comparator/Challenge/I1Witness.lean:93:8: declaration uses `sorry`
warning: comparator/Challenge/I1Witness.lean:98:8: declaration uses `sorry`
warning: comparator/Challenge/I1Witness.lean:105:8: declaration uses `sorry`
warning: comparator/Challenge/I1Witness.lean:111:8: declaration uses `sorry`
Build completed successfully (8698 jobs).
WARNING: THIS IS NOT REAL LANDRUN! UNSAFELY RUNNING exec /Users/jaytyagi/rh-lean-work/tools/lean4export/.lake/build/bin/lean4export Challenge.I1Witness -- Nat String String.mk Char Quot Quot.mk Quot.lift Quot.ind lambdaVec_rec lambdaVec_one lambdaVec_eq_zero_of_not_dvd epsteinB_one epstein_thirtysix_coeff epstein_witness_36 kappa_pos dhA_one dh_three_coeff dh_witness_3 dh_twelve_coeff dh_witness_12 dh_four dh_six propext Quot.sound Classical.choice Nat.add Nat.sub Nat.mul Nat.pow Nat.gcd Nat.div Nat.mod Nat.beq Nat.ble Nat.land Nat.lor Nat.xor Nat.shiftLeft Nat.shiftRight String.ofList Char.ofNat List eagerReduce
Exporting #[Nat, String, String.mk, Char, Quot, Quot.mk, Quot.lift, Quot.ind, lambdaVec_rec, lambdaVec_one, lambdaVec_eq_zero_of_not_dvd, epsteinB_one, epstein_thirtysix_coeff, epstein_witness_36, kappa_pos, dhA_one, dh_three_coeff, dh_witness_3, dh_twelve_coeff, dh_witness_12, dh_four, dh_six, propext, Quot.sound, Classical.choice, Nat.add, Nat.sub, Nat.mul, Nat.pow, Nat.gcd, Nat.div, Nat.mod, Nat.beq, Nat.ble, Nat.land, Nat.lor, Nat.xor, Nat.shiftLeft, Nat.shiftRight, String.ofList, Char.ofNat, List, eagerReduce] from Challenge.I1Witness
Building Solution.I1Witness
WARNING: THIS IS NOT REAL LANDRUN! UNSAFELY RUNNING exec lake build Solution.I1Witness
✔ [8698/8698] Built Solution.I1Witness (10s)
Build completed successfully (8698 jobs).
WARNING: THIS IS NOT REAL LANDRUN! UNSAFELY RUNNING exec /Users/jaytyagi/rh-lean-work/tools/lean4export/.lake/build/bin/lean4export Solution.I1Witness -- Nat String String.mk Char Quot Quot.mk Quot.lift Quot.ind lambdaVec_rec lambdaVec_one lambdaVec_eq_zero_of_not_dvd epsteinB_one epstein_thirtysix_coeff epstein_witness_36 kappa_pos dhA_one dh_three_coeff dh_witness_3 dh_twelve_coeff dh_witness_12 dh_four dh_six propext Quot.sound Classical.choice Nat.add Nat.sub Nat.mul Nat.pow Nat.gcd Nat.div Nat.mod Nat.beq Nat.ble Nat.land Nat.lor Nat.xor Nat.shiftLeft Nat.shiftRight String.ofList Char.ofNat List eagerReduce
WARNING: THIS IS NOT REAL LANDRUN! UNSAFELY RUNNING exec /Users/jaytyagi/rh-lean-work/tools/nanoda_lib/target/release/nanoda_bin /var/folders/5_/znvkm_md1dl9wgx33243ytqh0000gn/T/tmp.zJtjCsks
Exporting #[Nat, String, String.mk, Char, Quot, Quot.mk, Quot.lift, Quot.ind, lambdaVec_rec, lambdaVec_one, lambdaVec_eq_zero_of_not_dvd, epsteinB_one, epstein_thirtysix_coeff, epstein_witness_36, kappa_pos, dhA_one, dh_three_coeff, dh_witness_3, dh_twelve_coeff, dh_witness_12, dh_four, dh_six, propext, Quot.sound, Classical.choice, Nat.add, Nat.sub, Nat.mul, Nat.pow, Nat.gcd, Nat.div, Nat.mod, Nat.beq, Nat.ble, Nat.land, Nat.lor, Nat.xor, Nat.shiftLeft, Nat.shiftRight, String.ofList, Char.ofNat, List, eagerReduce] from Solution.I1Witness
Running nanoda kernel on solution
Nanoda kernel accepts the solution
Running Lean default kernel on solution.
Lean default kernel accepts the solution
Your solution is okay!
       48.15 real        41.53 user        14.15 sys
          7098843136  maximum resident set size
                   0  average shared memory size
                   0  average unshared data size
                   0  average unshared stack size
             2590134  page reclaims
                1165  page faults
                   0  swaps
                   0  block input operations
                   0  block output operations
                   0  messages sent
                   0  messages received
                   0  signals received
               17052  voluntary context switches
              185931  involuntary context switches
          4165348446  instructions retired
          1362428685  cycles elapsed
           136551952  peak memory footprint
--- comparator exit code: 0 ---
=== [I1Witness] end 2026-09-29 07:45:51 IST ===
