== Tue Sep 29 07:52:36 IST 2026 10(g) lint: the four banned phrases (case-insensitive, whole phrase) over every prose and Lean file written by this job; the README and yaml are checked on the lines this job added
results/i1-witness-lean-s32/PREDERIVATION-ERRATA.md: 0
results/i1-witness-lean-s32/BUILD-NOTES.md: 0
results/i1-witness-lean-s32/FIDELITY.md: 0
results/i1-witness-lean-s32/SHARED.md: 0
results/i1-witness-lean-s32/typing.log: 0
lean/comparator/ChallengeDeps/I1Witness.lean: 0
lean/comparator/Challenge/EpsteinWitnessSix.lean: 0
lean/comparator/Challenge/I1Witness.lean: 0
lean/comparator/Solution/EpsteinWitnessSix.lean: 0
lean/comparator/Solution/I1Witness.lean: 0
lean/comparator/PrintAxioms/EpsteinWitnessSix.lean: 0
lean/comparator/PrintAxioms/I1Witness.lean: 0
-- lean/README.md, the I1Witness section only
0
-- lean/formalization.yaml, lines mentioning I1Witness, EpsteinWitnessSix, i1-witness or row (y)
0
== British spellings spot check (-ise/-yse/-our/-re/-ll- forms) over the same files (no output below = clean)
-- README section / yaml added lines
== end of lint
