== Tue Sep 29 07:45:02 IST 2026 pre-run cleanup: comparator-layer artifacts of the topic I1Witness, of ChallengeDeps.I1Witness and of the rung-1 topic (rebuilt by the rung-1 comparator run), so that comparator builds every comparator-layer module itself
.lake/build/ir/ChallengeDeps/I1Witness.c.hash
.lake/build/ir/ChallengeDeps/I1Witness.c
.lake/build/ir/ChallengeDeps/I1Witness.setup.json
.lake/build/ir/Solution/EpsteinWitnessSix.c.hash
.lake/build/ir/Solution/I1Witness.c.hash
.lake/build/ir/Solution/EpsteinWitnessSix.c
.lake/build/ir/Solution/I1Witness.c
.lake/build/ir/Solution/I1Witness.setup.json
.lake/build/ir/Solution/EpsteinWitnessSix.setup.json
.lake/build/ir/Challenge/EpsteinWitnessSix.c.hash
.lake/build/ir/Challenge/EpsteinWitnessSix.c
.lake/build/ir/Challenge/EpsteinWitnessSix.setup.json
.lake/build/lib/lean/ChallengeDeps/I1Witness.trace
.lake/build/lib/lean/ChallengeDeps/I1Witness.olean.hash
.lake/build/lib/lean/ChallengeDeps/I1Witness.olean
.lake/build/lib/lean/ChallengeDeps/I1Witness.ilean
.lake/build/lib/lean/ChallengeDeps/I1Witness.ilean.hash
.lake/build/lib/lean/Solution/EpsteinWitnessSix.ilean
.lake/build/lib/lean/Solution/I1Witness.trace
.lake/build/lib/lean/Solution/I1Witness.olean.hash
.lake/build/lib/lean/Solution/EpsteinWitnessSix.olean.hash
.lake/build/lib/lean/Solution/EpsteinWitnessSix.olean
.lake/build/lib/lean/Solution/I1Witness.olean
.lake/build/lib/lean/Solution/EpsteinWitnessSix.ilean.hash
.lake/build/lib/lean/Solution/I1Witness.ilean
.lake/build/lib/lean/Solution/EpsteinWitnessSix.trace
.lake/build/lib/lean/Solution/I1Witness.ilean.hash
.lake/build/lib/lean/Challenge/EpsteinWitnessSix.ilean
.lake/build/lib/lean/Challenge/EpsteinWitnessSix.olean.hash
.lake/build/lib/lean/Challenge/EpsteinWitnessSix.olean
.lake/build/lib/lean/Challenge/EpsteinWitnessSix.ilean.hash
.lake/build/lib/lean/Challenge/EpsteinWitnessSix.trace
remaining: 0
