== Tue Sep 29 07:40:07 IST 2026 trust greps (comments stripped), tree
comparator/ChallengeDeps/I1Witness.lean comparator/Challenge/EpsteinWitnessSix.lean comparator/Solution/EpsteinWitnessSix.lean comparator/PrintAxioms/EpsteinWitnessSix.lean: (absent)
files present: 0; hits outside comments: 0
exit=0
== Tue Sep 29 07:40:07 IST 2026 trust greps, mirror
comparator/ChallengeDeps/I1Witness.lean comparator/Challenge/EpsteinWitnessSix.lean comparator/Solution/EpsteinWitnessSix.lean comparator/PrintAxioms/EpsteinWitnessSix.lean: (absent)
files present: 0; hits outside comments: 0
exit=0
== imports
ugrep: warning: comparator/ChallengeDeps/I1Witness.lean comparator/Challenge/EpsteinWitnessSix.lean comparator/Solution/EpsteinWitnessSix.lean comparator/PrintAxioms/EpsteinWitnessSix.lean: No such file or directory
== tree = mirror (cmp)
cmp: /Users/jaytyagi/rh-lean-work/checker-clone-s21/comparator/ChallengeDeps/I1Witness.lean comparator/Challenge/EpsteinWitnessSix.lean comparator/Solution/EpsteinWitnessSix.lean comparator/PrintAxioms/EpsteinWitnessSix.lean: No such file or directory
same: comparator/config-epstein-witness-six.json

== RERUN Tue Sep 29 07:40:27 IST 2026 (the first section above passed the four file names as ONE argument — zsh does not word-split; kept and superseded) trust greps (comments stripped), tree
comparator/Challenge/EpsteinWitnessSix.lean:39: [sorry] sorry
comparator/Challenge/EpsteinWitnessSix.lean:43: [sorry] sorry
comparator/Challenge/EpsteinWitnessSix.lean:50: [sorry] sorry
files present: 4; hits outside comments: 3
exit=1
== Tue Sep 29 07:40:27 IST 2026 trust greps, mirror
comparator/Challenge/EpsteinWitnessSix.lean:39: [sorry] sorry
comparator/Challenge/EpsteinWitnessSix.lean:43: [sorry] sorry
comparator/Challenge/EpsteinWitnessSix.lean:50: [sorry] sorry
files present: 4; hits outside comments: 3
exit=1
== imports
comparator/PrintAxioms/EpsteinWitnessSix.lean:18:import Solution.EpsteinWitnessSix
comparator/ChallengeDeps/I1Witness.lean:39:import Mathlib
comparator/Solution/EpsteinWitnessSix.lean:23:import ChallengeDeps.I1Witness
comparator/Challenge/EpsteinWitnessSix.lean:31:import ChallengeDeps.I1Witness
== tree = mirror (cmp)
same: comparator/ChallengeDeps/I1Witness.lean
same: comparator/Challenge/EpsteinWitnessSix.lean
same: comparator/Solution/EpsteinWitnessSix.lean
same: comparator/PrintAxioms/EpsteinWitnessSix.lean
same: comparator/config-epstein-witness-six.json
