== Tue Sep 29 07:40:07 IST 2026 statement identity, tree
epsteinB_one                                  challenge    37 bytes, solution    37 bytes: IDENTICAL
    theorem epsteinB_one : epsteinB 1 = 1
epstein_six_coeff                             challenge    83 bytes, solution    83 bytes: IDENTICAL
    theorem epstein_six_coeff : lambdaVec epsteinB 6 2 = 2 ∧ lambdaVec epsteinB 6 3 = 2
epstein_witness_6                             challenge   225 bytes, solution   225 bytes: IDENTICAL
    theorem epstein_witness_6 :
        LambdaReal (fun n => (epsteinB n : ℝ)) 6 = 2 * Real.log 2 + 2 * Real.log 3 ∧
          LambdaReal (fun n => (epsteinB n : ℝ)) 6 = 2 * Real.log 6 ∧
          0 < LambdaReal (fun n => (epsteinB n : ℝ)) 6
RESULT: PASS
exit=0
== Tue Sep 29 07:40:07 IST 2026 statement identity, mirror rh-program/lean
epsteinB_one                                  challenge    37 bytes, solution    37 bytes: IDENTICAL
    theorem epsteinB_one : epsteinB 1 = 1
epstein_six_coeff                             challenge    83 bytes, solution    83 bytes: IDENTICAL
    theorem epstein_six_coeff : lambdaVec epsteinB 6 2 = 2 ∧ lambdaVec epsteinB 6 3 = 2
epstein_witness_6                             challenge   225 bytes, solution   225 bytes: IDENTICAL
    theorem epstein_witness_6 :
        LambdaReal (fun n => (epsteinB n : ℝ)) 6 = 2 * Real.log 2 + 2 * Real.log 3 ∧
          LambdaReal (fun n => (epsteinB n : ℝ)) 6 = 2 * Real.log 6 ∧
          0 < LambdaReal (fun n => (epsteinB n : ℝ)) 6
RESULT: PASS
exit=0
