Fri Sep 25 20:47:50 IST 2026
k=  1 t=  14.1347251417347 c=  -0.010893854 arg(res 1/xi)/pi=          -0.5 |Re r/|r||=6.96e-31
k=  2 t=  21.0220396387716 c=   0.010120316 arg(res 1/xi)/pi=           0.5 |Re r/|r||=8.0e-31
k=  3 t=  25.0108575801457 c= -0.0090088056 arg(res 1/xi)/pi=          -0.5 |Re r/|r||=1.26e-31
k=  4 t=  30.4248761258595 c=   0.013255924 arg(res 1/xi)/pi=           0.5 |Re r/|r||=8.32e-32
k=  5 t=  32.9350615877392 c=  -0.011647045 arg(res 1/xi)/pi=          -0.5 |Re r/|r||=2.84e-31
k=  6 t=  37.5861781588257 c=  0.0041543439 arg(res 1/xi)/pi=           0.5 |Re r/|r||=2.52e-30
k=  7 t=  40.9187190121475 c=  0.0035268585 arg(res 1/xi)/pi=          -0.5 |Re r/|r||=2.34e-31
k=  8 t=   43.327073280915 c= -0.0074606617 arg(res 1/xi)/pi=           0.5 |Re r/|r||=1.53e-30
k=  9 t=  48.0051508811672 c=   0.010077833 arg(res 1/xi)/pi=          -0.5 |Re r/|r||=8.57e-31
k= 10 t=  49.7738324776723 c= -0.0063669375 arg(res 1/xi)/pi=           0.5 |Re r/|r||=4.26e-31
k= 11 t=  52.9703214777145 c= -0.0019295329 arg(res 1/xi)/pi=          -0.5 |Re r/|r||=1.22e-30
k= 12 t=  56.4462476970634 c=   0.002691815 arg(res 1/xi)/pi=           0.5 |Re r/|r||=1.43e-30
k= 13 t=  59.3470440026024 c=  0.0052317547 arg(res 1/xi)/pi=          -0.5 |Re r/|r||=1.16e-31
k= 14 t=  60.8317785246098 c= -0.0084611738 arg(res 1/xi)/pi=           0.5 |Re r/|r||=6.39e-31
k= 15 t=  65.1125440480816 c=   0.004682261 arg(res 1/xi)/pi=          -0.5 |Re r/|r||=9.57e-33
k= 16 t=  67.0798105294942 c= -0.0004614218 arg(res 1/xi)/pi=           0.5 |Re r/|r||=4.14e-30
k= 17 t=   69.546401711174 c= -0.0016541459 arg(res 1/xi)/pi=          -0.5 |Re r/|r||=5.08e-30
k= 18 t=  72.0671576744819 c= -0.0015760586 arg(res 1/xi)/pi=           0.5 |Re r/|r||=5.96e-30
k= 19 t=  75.7046906990839 c=   0.006234057 arg(res 1/xi)/pi=          -0.5 |Re r/|r||=9.51e-31
k= 20 t=  77.1448400688748 c= -0.0030128942 arg(res 1/xi)/pi=           0.5 |Re r/|r||=4.36e-30
k= 21 t=  79.3373750202494 c= -0.0031604567 arg(res 1/xi)/pi=          -0.5 |Re r/|r||=1.11e-30
k= 22 t=   82.910380854086 c=  0.0029763981 arg(res 1/xi)/pi=           0.5 |Re r/|r||=3.92e-30
k= 23 t=  84.7354929805171 c= -0.0003936697 arg(res 1/xi)/pi=          -0.5 |Re r/|r||=5.61e-30
k= 24 t=  87.4252746131252 c=  0.0019144811 arg(res 1/xi)/pi=           0.5 |Re r/|r||=2.7e-30
k= 25 t=  88.8091112076345 c= -0.0043765981 arg(res 1/xi)/pi=          -0.5 |Re r/|r||=2.97e-30
k= 26 t=  92.4918992705585 c=  0.0024905633 arg(res 1/xi)/pi=           0.5 |Re r/|r||=6.96e-30
k= 27 t=  94.6513440405199 c=   0.003665675 arg(res 1/xi)/pi=          -0.5 |Re r/|r||=2.5e-30
k= 28 t=  95.8706342282453 c= -0.0049924389 arg(res 1/xi)/pi=           0.5 |Re r/|r||=7.0e-30
k= 29 t=  98.8311942181937 c= -8.7350875e-5 arg(res 1/xi)/pi=          -0.5 |Re r/|r||=4.43e-30
k= 30 t=  101.317851005731 c= 0.00083291203 arg(res 1/xi)/pi=           0.5 |Re r/|r||=4.3e-30
k= 31 t=  103.725538040478 c=  0.0020898181 arg(res 1/xi)/pi=          -0.5 |Re r/|r||=1.12e-29
k= 32 t=  105.446623052326 c= -0.0011668057 arg(res 1/xi)/pi=           0.5 |Re r/|r||=3.73e-32
k= 33 t=  107.168611184276 c= -0.0025247018 arg(res 1/xi)/pi=          -0.5 |Re r/|r||=9.85e-30
k= 34 t=   111.02953554317 c=  0.0056049584 arg(res 1/xi)/pi=           0.5 |Re r/|r||=2.23e-30
k= 35 t=  111.874659176993 c= -0.0031314274 arg(res 1/xi)/pi=          -0.5 |Re r/|r||=4.15e-31
k= 36 t=  114.320220915453 c=-0.00035831972 arg(res 1/xi)/pi=           0.5 |Re r/|r||=7.76e-30
k= 37 t=  116.226680320858 c= -0.0012562147 arg(res 1/xi)/pi=          -0.5 |Re r/|r||=6.07e-30
k= 38 t=  118.790782865976 c=  0.0003024361 arg(res 1/xi)/pi=           0.5 |Re r/|r||=1.19e-29
k= 39 t=  121.370125002421 c=   0.002583697 arg(res 1/xi)/pi=          -0.5 |Re r/|r||=8.15e-30
k= 40 t=  122.946829293553 c=  5.4826564e-6 arg(res 1/xi)/pi=           0.5 |Re r/|r||=8.63e-30
k= 41 t=  124.256818554346 c= -0.0032250575 arg(res 1/xi)/pi=          -0.5 |Re r/|r||=1.01e-29
k= 42 t=  127.516683879596 c=  0.0010488093 arg(res 1/xi)/pi=           0.5 |Re r/|r||=1.13e-30
k= 43 t=  129.578704199956 c=  0.0016505085 arg(res 1/xi)/pi=          -0.5 |Re r/|r||=1.23e-29
k= 44 t=  131.087688530933 c= -0.0010617728 arg(res 1/xi)/pi=           0.5 |Re r/|r||=1.41e-29
k= 45 t=  133.497737202998 c= 0.00065469482 arg(res 1/xi)/pi=          -0.5 |Re r/|r||=2.21e-29
k= 46 t=  134.756509753374 c= -0.0022355201 arg(res 1/xi)/pi=           0.5 |Re r/|r||=4.38e-30
k= 47 t=  138.116042054533 c=  0.0019463122 arg(res 1/xi)/pi=          -0.5 |Re r/|r||=7.44e-30
k= 48 t=  139.736208952121 c=    0.00147823 arg(res 1/xi)/pi=           0.5 |Re r/|r||=1.07e-29
k= 49 t=  141.123707404021 c=   -0.00199691 arg(res 1/xi)/pi=          -0.5 |Re r/|r||=1.2e-29
k= 50 t=  143.111845807621 c= -0.0011223049 arg(res 1/xi)/pi=           0.5 |Re r/|r||=1.8e-29
k= 51 t=  146.000982486766 c=  0.0014247894 arg(res 1/xi)/pi=          -0.5 |Re r/|r||=2.14e-29
k= 52 t=   147.42276534256 c=-0.00038375725 arg(res 1/xi)/pi=           0.5 |Re r/|r||=1.06e-29
k= 53 t=  150.053520420785 c=  0.0031186586 arg(res 1/xi)/pi=          -0.5 |Re r/|r||=4.77e-30
k= 54 t=  150.925257612241 c= -0.0032718478 arg(res 1/xi)/pi=           0.5 |Re r/|r||=2.42e-30
k= 55 t=  153.024693811199 c=-0.00098555621 arg(res 1/xi)/pi=          -0.5 |Re r/|r||=5.48e-30
k= 56 t=  156.112909294238 c=   0.001852929 arg(res 1/xi)/pi=           0.5 |Re r/|r||=1.27e-30
k= 57 t=  157.597591817594 c=  0.0012699293 arg(res 1/xi)/pi=          -0.5 |Re r/|r||=6.44e-30
k= 58 t=   158.84998817142 c= -0.0020413792 arg(res 1/xi)/pi=           0.5 |Re r/|r||=1.75e-29
k= 59 t=  161.188964137596 c=-0.00020784129 arg(res 1/xi)/pi=          -0.5 |Re r/|r||=1.16e-29
k= 60 t=  163.030709687182 c=-0.00039623416 arg(res 1/xi)/pi=           0.5 |Re r/|r||=8.9e-30
k= 61 t=    165.5370691879 c=  0.0011181812 arg(res 1/xi)/pi=          -0.5 |Re r/|r||=7.91e-30
k= 62 t=  167.184439978175 c= 0.00057025661 arg(res 1/xi)/pi=           0.5 |Re r/|r||=1.66e-29
k= 63 t=  169.094515415569 c= 0.00089212464 arg(res 1/xi)/pi=          -0.5 |Re r/|r||=6.03e-30
k= 64 t=  169.911976479412 c= -0.0029738646 arg(res 1/xi)/pi=           0.5 |Re r/|r||=6.87e-30
k= 65 t=  173.411536519592 c=  0.0014626299 arg(res 1/xi)/pi=          -0.5 |Re r/|r||=1.36e-29
k= 66 t=  174.754191523366 c= 0.00041895066 arg(res 1/xi)/pi=           0.5 |Re r/|r||=1.26e-29
k= 67 t=   176.44143429771 c=-0.00033709588 arg(res 1/xi)/pi=          -0.5 |Re r/|r||=4.72e-30
k= 68 t=    178.3774077761 c=-0.00013268135 arg(res 1/xi)/pi=           0.5 |Re r/|r||=8.87e-30
k= 69 t=  179.916484020257 c=-0.00093420596 arg(res 1/xi)/pi=          -0.5 |Re r/|r||=3.82e-30
k= 70 t=  182.207078484366 c=  8.4740863e-5 arg(res 1/xi)/pi=           0.5 |Re r/|r||=2.26e-29
k= 71 t=  184.874467848388 c=  0.0035870766 arg(res 1/xi)/pi=          -0.5 |Re r/|r||=1.41e-29
k= 72 t=  185.598783677707 c= -0.0020164985 arg(res 1/xi)/pi=           0.5 |Re r/|r||=7.28e-31
k= 73 t=  187.228922583502 c= -0.0014251415 arg(res 1/xi)/pi=          -0.5 |Re r/|r||=6.39e-30
k= 74 t=  189.416158656017 c=-0.00029029432 arg(res 1/xi)/pi=           0.5 |Re r/|r||=1.52e-29
k= 75 t=  192.026656360714 c=  0.0016137475 arg(res 1/xi)/pi=          -0.5 |Re r/|r||=1.37e-29
k= 76 t=  193.079726603846 c= -0.0006560515 arg(res 1/xi)/pi=           0.5 |Re r/|r||=1.36e-29
k= 77 t=  195.265396679529 c= 0.00053115782 arg(res 1/xi)/pi=          -0.5 |Re r/|r||=7.32e-30
k= 78 t=  196.876481840958 c=-0.00016282973 arg(res 1/xi)/pi=           0.5 |Re r/|r||=4.16e-30
k= 79 t=  198.015309676252 c= -0.0015168412 arg(res 1/xi)/pi=          -0.5 |Re r/|r||=2.39e-30
k= 80 t=  201.264751943704 c=  0.0013839774 arg(res 1/xi)/pi=           0.5 |Re r/|r||=1.43e-29
k= 81 t=  202.493594514141 c= 0.00048151696 arg(res 1/xi)/pi=          -0.5 |Re r/|r||=1.23e-29
k= 82 t=  204.189671803105 c=  6.2539451e-5 arg(res 1/xi)/pi=           0.5 |Re r/|r||=1.16e-29
k= 83 t=  205.394697202163 c= -0.0014777244 arg(res 1/xi)/pi=          -0.5 |Re r/|r||=1.5e-29
k= 84 t=  207.906258887806 c= 0.00024185774 arg(res 1/xi)/pi=           0.5 |Re r/|r||=7.52e-30
k= 85 t=  209.576509716856 c=  1.5235789e-5 arg(res 1/xi)/pi=          -0.5 |Re r/|r||=5.95e-31
k= 86 t=  211.690862595365 c= 0.00078745903 arg(res 1/xi)/pi=           0.5 |Re r/|r||=2.24e-29
k= 87 t=  213.347919359713 c= 0.00079258428 arg(res 1/xi)/pi=          -0.5 |Re r/|r||=2.54e-29
k= 88 t=  214.547044783491 c= -0.0013035742 arg(res 1/xi)/pi=           0.5 |Re r/|r||=1.17e-30
k= 89 t=  216.169538508264 c=-0.00084649457 arg(res 1/xi)/pi=          -0.5 |Re r/|r||=1.67e-29
k= 90 t=  219.067596349021 c=  0.0009616933 arg(res 1/xi)/pi=           0.5 |Re r/|r||=1.08e-29
k= 91 t=  220.714918839314 c=  0.0022884072 arg(res 1/xi)/pi=          -0.5 |Re r/|r||=1.22e-29
k= 92 t=  221.430705554693 c= -0.0023854386 arg(res 1/xi)/pi=           0.5 |Re r/|r||=2.47e-30
k= 93 t=  224.007000254604 c= 0.00070060731 arg(res 1/xi)/pi=          -0.5 |Re r/|r||=2.72e-29
k= 94 t=  224.983324669582 c= -0.0012677279 arg(res 1/xi)/pi=           0.5 |Re r/|r||=1.92e-29
k= 95 t=  227.421444279679 c= 0.00021932088 arg(res 1/xi)/pi=          -0.5 |Re r/|r||=1.49e-29
k= 96 t=  229.337413305525 c= 0.00062334371 arg(res 1/xi)/pi=           0.5 |Re r/|r||=1.9e-29
k= 97 t=  231.250188700499 c=  0.0022212996 arg(res 1/xi)/pi=          -0.5 |Re r/|r||=4.3e-30
k= 98 t=   231.98723525318 c= -0.0023891103 arg(res 1/xi)/pi=           0.5 |Re r/|r||=1.07e-29
k= 99 t=  233.693404178908 c=-0.00083873884 arg(res 1/xi)/pi=          -0.5 |Re r/|r||=5.54e-30
k=100 t=  236.524229665816 c= 0.00087653648 arg(res 1/xi)/pi=           0.5 |Re r/|r||=1.54e-29
k=101 t=  237.769820480925 c= 0.00013667899 arg(res 1/xi)/pi=          -0.5 |Re r/|r||=8.83e-30
k=102 t=  239.555477573328 c= 0.00028767284 arg(res 1/xi)/pi=           0.5 |Re r/|r||=2.33e-31
k=103 t=  241.049157796217 c= -0.0003083684 arg(res 1/xi)/pi=          -0.5 |Re r/|r||=2.61e-29
k=104 t=  242.823271934223 c= -0.0001655034 arg(res 1/xi)/pi=           0.5 |Re r/|r||=2.87e-30
k=105 t=  244.070898497078 c=-0.00081071111 arg(res 1/xi)/pi=          -0.5 |Re r/|r||=1.35e-29
k=106 t=  247.136990074897 c=  0.0014464013 arg(res 1/xi)/pi=           0.5 |Re r/|r||=2.02e-29
k=107 t=  248.101990060148 c=  0.0002745052 arg(res 1/xi)/pi=          -0.5 |Re r/|r||=7.7e-30
k=108 t=  249.573689644707 c=-0.00052362919 arg(res 1/xi)/pi=           0.5 |Re r/|r||=1.39e-29
k=109 t=  251.014947795016 c=-0.00082048469 arg(res 1/xi)/pi=          -0.5 |Re r/|r||=2.72e-29
k=110 t=  253.069986747999 c=-0.00010175335 arg(res 1/xi)/pi=           0.5 |Re r/|r||=1.54e-29
k=111 t=  255.306256454914 c= 0.00089338282 arg(res 1/xi)/pi=          -0.5 |Re r/|r||=8.9e-30
k=112 t=  256.380713694434 c=-0.00038014458 arg(res 1/xi)/pi=           0.5 |Re r/|r||=3.72e-29
k=113 t=  258.610439491531 c= 0.00093787822 arg(res 1/xi)/pi=          -0.5 |Re r/|r||=2.46e-29
k=114 t=  259.874406989678 c=-0.00019549779 arg(res 1/xi)/pi=           0.5 |Re r/|r||=1.81e-29
k=115 t=  260.805084504597 c= -0.0014379255 arg(res 1/xi)/pi=          -0.5 |Re r/|r||=6.21e-30
k=116 t=   263.57389390487 c= 0.00031426413 arg(res 1/xi)/pi=           0.5 |Re r/|r||=1.65e-29
k=117 t=  265.557851838876 c=  0.0013239945 arg(res 1/xi)/pi=          -0.5 |Re r/|r||=5.05e-29
k=118 t=  266.614973781501 c= -0.0001335566 arg(res 1/xi)/pi=           0.5 |Re r/|r||=4.41e-29
k=119 t=  267.921915082824 c=-0.00090239647 arg(res 1/xi)/pi=          -0.5 |Re r/|r||=6.57e-30
k=120 t=  269.970449023998 c= -4.5931273e-5 arg(res 1/xi)/pi=           0.5 |Re r/|r||=3.22e-29
k=121 t=  271.494055641645 c=-0.00025942717 arg(res 1/xi)/pi=          -0.5 |Re r/|r||=7.0e-30
k=122 t=  273.459609188403 c= 0.00016657394 arg(res 1/xi)/pi=           0.5 |Re r/|r||=2.7e-29
k=123 t=  275.587492649344 c=  0.0014722514 arg(res 1/xi)/pi=          -0.5 |Re r/|r||=4.66e-32
k=124 t=  276.452049503133 c=-0.00072951155 arg(res 1/xi)/pi=           0.5 |Re r/|r||=1.3e-30
k=125 t=  278.250743529842 c=-0.00019016993 arg(res 1/xi)/pi=          -0.5 |Re r/|r||=5.4e-29
k=126 t=  279.229250927745 c= -0.0010258455 arg(res 1/xi)/pi=           0.5 |Re r/|r||=6.94e-30
k=127 t=  282.465114765052 c=   0.001351662 arg(res 1/xi)/pi=          -0.5 |Re r/|r||=3.76e-29
k=128 t=  283.211185733234 c=-0.00022871229 arg(res 1/xi)/pi=           0.5 |Re r/|r||=1.27e-29
k=129 t=  284.835963980905 c=-0.00019049472 arg(res 1/xi)/pi=          -0.5 |Re r/|r||=1.44e-29
k=130 t=  286.667445363003 c= 0.00020887711 arg(res 1/xi)/pi=           0.5 |Re r/|r||=2.97e-29
k=131 t=  287.911920501422 c=-0.00060402158 arg(res 1/xi)/pi=          -0.5 |Re r/|r||=1.24e-29
k=132 t=  289.579854929219 c=-0.00033353178 arg(res 1/xi)/pi=           0.5 |Re r/|r||=4.63e-29
k=133 t=  291.846291329067 c= 0.00041693517 arg(res 1/xi)/pi=          -0.5 |Re r/|r||=2.79e-29
k=134 t=  293.558434139356 c= 0.00091674312 arg(res 1/xi)/pi=           0.5 |Re r/|r||=4.97e-30
k=135 t=  294.965369619266 c=  0.0010141713 arg(res 1/xi)/pi=          -0.5 |Re r/|r||=5.31e-30
k=136 t=  295.573254878958 c= -0.0021719562 arg(res 1/xi)/pi=           0.5 |Re r/|r||=3.36e-29
k=137 t=  297.979277061943 c= -5.3409771e-5 arg(res 1/xi)/pi=          -0.5 |Re r/|r||=4.37e-29
k=138 t=  299.840326053721 c= 0.00023244777 arg(res 1/xi)/pi=           0.5 |Re r/|r||=3.3e-29
k=139 t=  301.649325462194 c= 0.00074736854 arg(res 1/xi)/pi=          -0.5 |Re r/|r||=4.15e-29
k=140 t=  302.696749589607 c=-0.00044851279 arg(res 1/xi)/pi=           0.5 |Re r/|r||=3.64e-29
k=141 t=  304.864371340857 c= 0.00089240695 arg(res 1/xi)/pi=          -0.5 |Re r/|r||=1.07e-29
k=142 t=  305.728912602037 c= -0.0010904759 arg(res 1/xi)/pi=           0.5 |Re r/|r||=1.21e-29
k=143 t=   307.21949612817 c=-0.00055472566 arg(res 1/xi)/pi=          -0.5 |Re r/|r||=2.7e-29
k=144 t=  310.109463146702 c= 0.00089281629 arg(res 1/xi)/pi=           0.5 |Re r/|r||=2.7e-29
k=145 t=  311.165141530356 c= 0.00053025414 arg(res 1/xi)/pi=          -0.5 |Re r/|r||=1.77e-29
k=146 t=  312.427801180601 c=-0.00040830423 arg(res 1/xi)/pi=           0.5 |Re r/|r||=3.32e-29
k=147 t=  313.985285731159 c=-0.00038769357 arg(res 1/xi)/pi=          -0.5 |Re r/|r||=2.01e-29
k=148 t=  315.475616089476 c=-0.00039486604 arg(res 1/xi)/pi=           0.5 |Re r/|r||=2.56e-29
k=149 t=   317.73480594237 c= 0.00044781453 arg(res 1/xi)/pi=          -0.5 |Re r/|r||=1.46e-29
k=150 t=  318.853104256317 c= -0.0002319747 arg(res 1/xi)/pi=           0.5 |Re r/|r||=2.41e-29
k=151 t=  321.160134309114 c=   0.001042843 arg(res 1/xi)/pi=          -0.5 |Re r/|r||=2.23e-29
k=152 t=  322.144558672483 c=-0.00017801825 arg(res 1/xi)/pi=           0.5 |Re r/|r||=1.81e-29
k=153 t=  323.466969557512 c=-0.00069829339 arg(res 1/xi)/pi=          -0.5 |Re r/|r||=1.66e-29
k=154 t=   324.86286605174 c=-0.00053669626 arg(res 1/xi)/pi=           0.5 |Re r/|r||=4.43e-29
k=155 t=  327.443901261905 c= 0.00044562512 arg(res 1/xi)/pi=          -0.5 |Re r/|r||=1.33e-30
k=156 t=  329.033071680481 c=   0.001056322 arg(res 1/xi)/pi=           0.5 |Re r/|r||=5.84e-30
k=157 t=  329.953239728234 c=-0.00056531977 arg(res 1/xi)/pi=          -0.5 |Re r/|r||=3.78e-29
k=158 t=  331.474467582663 c=-0.00041259706 arg(res 1/xi)/pi=           0.5 |Re r/|r||=2.49e-29
k=159 t=   333.64537852487 c= 0.00084484384 arg(res 1/xi)/pi=          -0.5 |Re r/|r||=3.54e-29
k=160 t=  334.211354833244 c= -0.0012688057 arg(res 1/xi)/pi=           0.5 |Re r/|r||=7.9e-30
k=161 t=  336.841850428391 c= 0.00035372656 arg(res 1/xi)/pi=          -0.5 |Re r/|r||=3.26e-29
k=162 t=  338.339992850807 c= 0.00044806765 arg(res 1/xi)/pi=           0.5 |Re r/|r||=2.9e-29
k=163 t=  339.858216725364 c= 0.00053847198 arg(res 1/xi)/pi=          -0.5 |Re r/|r||=3.2e-29
k=164 t=  341.042261111047 c=-0.00049072006 arg(res 1/xi)/pi=           0.5 |Re r/|r||=1.65e-30
k=165 t=  342.054877510364 c=-0.00087290045 arg(res 1/xi)/pi=          -0.5 |Re r/|r||=5.23e-29
k=166 t=  344.661702940252 c= 0.00027080317 arg(res 1/xi)/pi=           0.5 |Re r/|r||=4.2e-29
k=167 t=   346.34787056601 c= 0.00076065783 arg(res 1/xi)/pi=          -0.5 |Re r/|r||=6.4e-30
k=168 t=   347.27267758442 c= -0.0004348918 arg(res 1/xi)/pi=           0.5 |Re r/|r||=1.65e-29
k=169 t=  349.316260870696 c= 0.00048848688 arg(res 1/xi)/pi=          -0.5 |Re r/|r||=5.03e-29
k=170 t=  350.408419349192 c=-0.00043557178 arg(res 1/xi)/pi=           0.5 |Re r/|r||=5.7e-29
k=171 t=  351.878649025359 c=-0.00040147609 arg(res 1/xi)/pi=          -0.5 |Re r/|r||=1.98e-29
k=172 t=  353.488900488719 c=-0.00021277134 arg(res 1/xi)/pi=           0.5 |Re r/|r||=7.94e-30
k=173 t=  356.017574977265 c=  0.0008153367 arg(res 1/xi)/pi=          -0.5 |Re r/|r||=5.94e-29
k=174 t=   357.15130225204 c=  0.0010252169 arg(res 1/xi)/pi=           0.5 |Re r/|r||=4.7e-30
k=175 t=  357.952685101632 c= -0.0012095278 arg(res 1/xi)/pi=          -0.5 |Re r/|r||=4.31e-29
k=176 t=  359.743754953114 c=-0.00028695845 arg(res 1/xi)/pi=           0.5 |Re r/|r||=2.43e-29
k=177 t=  361.289361695805 c=-0.00021968493 arg(res 1/xi)/pi=          -0.5 |Re r/|r||=5.08e-29
k=178 t=  363.331330578974 c= 0.00028498335 arg(res 1/xi)/pi=           0.5 |Re r/|r||=4.4e-29
k=179 t=  364.736024114089 c= 0.00018358248 arg(res 1/xi)/pi=          -0.5 |Re r/|r||=5.27e-30
k=180 t=  366.212710288331 c=  8.6023102e-5 arg(res 1/xi)/pi=           0.5 |Re r/|r||=3.76e-29
k=181 t=   367.99357548174 c= 0.00064761606 arg(res 1/xi)/pi=          -0.5 |Re r/|r||=2.18e-29
k=182 t=  368.968438095734 c=-0.00071208481 arg(res 1/xi)/pi=           0.5 |Re r/|r||=1.04e-29
k=183 t=  370.050919212106 c=  -0.000673881 arg(res 1/xi)/pi=          -0.5 |Re r/|r||=1.82e-29
k=184 t=  373.061928372113 c= 0.00075659824 arg(res 1/xi)/pi=           0.5 |Re r/|r||=3.3e-29
k=185 t=  373.864873910909 c=  3.2025634e-6 arg(res 1/xi)/pi=          -0.5 |Re r/|r||=5.5e-29
k=186 t=  375.825912766739 c=  0.0014261183 arg(res 1/xi)/pi=           0.5 |Re r/|r||=8.49e-30
k=187 t=  376.324092230668 c= -0.0016749301 arg(res 1/xi)/pi=          -0.5 |Re r/|r||=2.36e-29
k=188 t=  378.436680249965 c= -3.8901792e-5 arg(res 1/xi)/pi=           0.5 |Re r/|r||=2.67e-29
k=189 t=  379.872975346532 c=-0.00014569991 arg(res 1/xi)/pi=          -0.5 |Re r/|r||=3.76e-29
k=190 t=  381.484468617187 c= -4.5207212e-5 arg(res 1/xi)/pi=           0.5 |Re r/|r||=3.87e-29
k=191 t=  383.443529449536 c= 0.00041811405 arg(res 1/xi)/pi=          -0.5 |Re r/|r||=6.85e-30
k=192 t=  384.956116814864 c= 0.00084022616 arg(res 1/xi)/pi=           0.5 |Re r/|r||=4.0e-29
k=193 t=  385.861300845974 c=-0.00066218661 arg(res 1/xi)/pi=          -0.5 |Re r/|r||=1.71e-29
k=194 t=  387.222890222388 c=-0.00055099113 arg(res 1/xi)/pi=           0.5 |Re r/|r||=2.69e-29
k=195 t=  388.846128354232 c=-0.00023478232 arg(res 1/xi)/pi=          -0.5 |Re r/|r||=1.94e-29
k=196 t=  391.456083563638 c= 0.00087397305 arg(res 1/xi)/pi=           0.5 |Re r/|r||=5.71e-29
k=197 t=  392.245083339519 c=  9.9547487e-5 arg(res 1/xi)/pi=          -0.5 |Re r/|r||=3.86e-29
k=198 t=  393.427743844434 c=-0.00046760934 arg(res 1/xi)/pi=           0.5 |Re r/|r||=3.44e-29
k=199 t=  395.582870010994 c=  0.0006310972 arg(res 1/xi)/pi=          -0.5 |Re r/|r||=1.39e-29
k=200 t=  396.381854222592 c=-0.00073091857 arg(res 1/xi)/pi=           0.5 |Re r/|r||=3.86e-29
SUMMARY N=200: c>0 at 96, c<0 at 104, sign changes 108 in 199 steps; max | |arg r| - pi/2 | = 5.96e-29; Im r alternates at 199 of 199 consecutive pairs; arg(1/zeta'(rho))/pi in [-0.506529, 0.506296], Re(1/zeta'(rho))<0 at k=[127, 136, 196]; first sign of Im r_1: -; elapsed 14.8s
Fri Sep 25 20:48:04 IST 2026
