========================================================================================================================
[2026-09-16 21:49:57] dh_offline_scan.py START (cap 1800 s)  [attempt 4, 21:52 IST: attempt 3's mp.findroot locator wandered to huge |Im s| from far seeds (seconds per Hurwitz zeta) -- replaced by a bounded damped Newton from |f|-grid seeds; attempt 1 spent its time in an absolute |Z| test that Xi_DH's e^{-pi T/4} decay can never pass; attempt 2 (5-unit blocks, line step 0.05, contour-integral locator) ran at 35 s/block and re-found rho_0 = 0.808517182457 + 85.699348485 i, |f| = 2.4e-15 (its log is above); this attempt: 10-unit blocks, line step 0.1 with fine rescan, cheaper argument walk, Newton seed grid]
   calibration: 19 on-line zeros of DH in (0.4, 46.000) by sign changes; phase count (theta + arg)/pi = 19.000; n_0 = 0.000 (should be near an integer + 0)
   [2026-09-16 21:50:09] block 0/96 [46.0, 50.0]: phase 2.000 on-line 2 excess 0  (11 s elapsed)
   [2026-09-16 21:50:26] block [80.00, 90.00]: phase count 7.000, on-line 5 (fine 5), excess 2 -> zero located at rho = 0.808517182457 + 85.699348485 i, |f| = 5.3e-15, IN THE STRIP (off-line orbit)
   [2026-09-16 21:50:51] block [110.00, 120.00]: phase count 7.000, on-line 5 (fine 5), excess 2 -> zero located at rho = 0.650830080610 + 114.163342731 i, |f| = 4.9e-15, IN THE STRIP (off-line orbit)
   [2026-09-16 21:50:56] block 10/96 [140.0, 150.0]: phase 8.000 on-line 8 excess 0  (59 s elapsed)
   [2026-09-16 21:51:21] block [160.00, 170.00]: phase count 8.000, on-line 6 (fine 6), excess 2 -> zero located at rho = 0.574356050451 + 166.479305913 i, |f| = 5.4e-14, IN THE STRIP (off-line orbit)
   [2026-09-16 21:51:44] block [170.00, 180.00]: phase count 8.000, on-line 6 (fine 6), excess 2 -> zero located at rho = 0.724257694627 + 176.702461243 i, |f| = 5.1e-15, IN THE STRIP (off-line orbit)
   [2026-09-16 21:52:34] block [240.00, 250.00]: phase count 9.000, on-line 7 (fine 7), excess 2 -> zero located at rho = 0.869530579641 + 240.404672351 i, |f| = 4.9e-15, IN THE STRIP (off-line orbit)
   [2026-09-16 21:52:34] block 20/96 [240.0, 250.0]: phase 9.000 on-line 7 excess 2  (157 s elapsed)
   [2026-09-16 21:53:33] block [320.00, 330.00]: phase count 9.000, on-line 7 (fine 7), excess 2 -> zero located at rho = 0.819549592099 + 320.876489669 i, |f| = 2.1e-14, IN THE STRIP (off-line orbit)
   [2026-09-16 21:54:08] block [330.00, 340.00]: phase count 9.000, on-line 7 (fine 7), excess 2 -> zero located at rho = 0.768223123616 + 331.050259408 i, |f| = 4.0e-14, IN THE STRIP (off-line orbit)
   [2026-09-16 21:54:12] block 30/96 [340.0, 350.0]: phase 9.000 on-line 9 excess 0  (254 s elapsed)
   [2026-09-16 21:54:51] block [360.00, 370.00]: phase count 9.000, on-line 7 (fine 7), excess 2 -> zero located at rho = 0.628508108326 + 366.640907576 i, |f| = 3.6e-13, IN THE STRIP (off-line orbit)
   [2026-09-16 21:56:00] block [410.00, 420.00]: phase count 9.000, on-line 7 (fine 7), excess 2 -> zero located at rho = 0.815873677846 + 411.796737549 i, |f| = 6.2e-15, IN THE STRIP (off-line orbit)
   [2026-09-16 21:57:03] block [440.00, 450.00]: phase count 10.000, on-line 8 (fine 8), excess 2 -> zero located at rho = 0.708882224251 + 440.484510740 i, |f| = 3.3e-14, IN THE STRIP (off-line orbit)
   [2026-09-16 21:57:03] block 40/96 [440.0, 450.0]: phase 10.000 on-line 8 excess 2  (426 s elapsed)
   [2026-09-16 21:58:37] block [520.00, 530.00]: phase count 10.000, on-line 8 (fine 8), excess 2 -> zero located at rho = 0.515918314382 + 520.943801035 i, |f| = 2.0e-13, IN THE STRIP (off-line orbit)
   [2026-09-16 21:59:34] block [530.00, 540.00]: phase count 9.000, on-line 7 (fine 7), excess 2 -> zero located at rho = 0.846953803092 + 531.279726897 i, |f| = 7.5e-14, IN THE STRIP (off-line orbit)
   [2026-09-16 22:00:30] block [540.00, 550.00]: phase count 10.000, on-line 8 (fine 8), excess 2 -> zero located at rho = 0.729533399980 + 548.906793778 i, |f| = 6.5e-14, IN THE STRIP (off-line orbit)
   [2026-09-16 22:00:30] block 50/96 [540.0, 550.0]: phase 10.000 on-line 8 excess 2  (633 s elapsed)
   [2026-09-16 22:01:32] block [560.00, 570.00]: phase count 9.000, on-line 7 (fine 7), excess 2 -> zero located at rho = 0.786559082021 + 566.509712911 i, |f| = 6.5e-14, IN THE STRIP (off-line orbit)
   [2026-09-16 22:02:40] block [590.00, 600.00]: phase count 10.000, on-line 8 (fine 8), excess 2 -> zero located at rho = 0.582855669751 + 595.023378028 i, |f| = 6.4e-15, IN THE STRIP (off-line orbit)
   [2026-09-16 22:03:43] block [610.00, 620.00]: phase count 10.000, on-line 8 (fine 8), excess 2 -> zero located at rho = 0.628251982695 + 611.775097639 i, |f| = 3.4e-14, IN THE STRIP (off-line orbit)
   [2026-09-16 22:04:51] block [640.00, 650.00]: phase count 10.000, on-line 8 (fine 8), excess 2 -> zero located at rho = 0.610764608809 + 646.986823196 i, |f| = 4.1e-13, IN THE STRIP (off-line orbit)
   [2026-09-16 22:04:51] block 60/96 [640.0, 650.0]: phase 10.000 on-line 8 excess 2  (894 s elapsed)
   [2026-09-16 22:05:49] block [650.00, 660.00]: phase count 10.000, on-line 8 (fine 8), excess 2 -> zero located at rho = 0.760597162553 + 657.108370821 i, |f| = 7.6e-14, IN THE STRIP (off-line orbit)
   [2026-09-16 22:07:03] block [690.00, 700.00]: phase count 10.000, on-line 8 (fine 8), excess 2 -> zero located at rho = 0.788703137871 + 692.892490562 i, |f| = 5.3e-14, IN THE STRIP (off-line orbit)
   [2026-09-16 22:08:17] block [730.00, 740.00]: phase count 11.000, on-line 9 (fine 9), excess 2 -> zero located at rho = 0.777360057814 + 737.766996755 i, |f| = 6.7e-14, IN THE STRIP (off-line orbit)
   [2026-09-16 22:08:23] block 70/96 [740.0, 750.0]: phase 10.000 on-line 10 excess 0  (1106 s elapsed)
   [2026-09-16 22:09:58] block [780.00, 790.00]: phase count 11.000, on-line 9 (fine 9), excess 2 -> zero located at rho = 0.853001450138 + 783.653006980 i, |f| = 6.2e-14, IN THE STRIP (off-line orbit)
