========================================================================================================================
[2026-09-16 21:23:15] run_height.py START  t = 1e+06  tag = t1e6  (mp.dps = 15 for zeros; numpy 2.0.2; mpmath 1.3.0)
INSTRUMENT: this run decides constants and the detection-bandwidth law of the first-order datum on zeta's zeros; nothing here is about RH.

(Z) ZEROS: truncation radius at L_min = 4 for absolute tail <= 1e-10 (k-optimized polynomial route, C1 = 1 operative): U = 148.61 (k = 10); the contract's k = 3 radius would be 21013.0 (80114 zeros against 567)
   data window: U_data = 2 x U = 297.22  ->  [999702.78, 1000297.22]; expected zeros (RvM) 1133
   [2026-09-16 21:23:15] fetching zeros with mpmath.zetazero at mp.dps = 15 (progress every 500) ...
   [2026-09-16 21:26:09] 500 zeros so far (n = 1747079, gamma = 999964.720891, |Z| = 1.6e-10), 173.9 s elapsed, 0.348 s/zero
   [2026-09-16 21:28:59] 1000 zeros so far (n = 1747579, gamma = 1000227.207634, |Z| = 2.0e-10), 343.8 s elapsed, 0.344 s/zero
   [2026-09-16 21:29:45] zeros done: 1133 zeros in [999702.780, 1000297.220], indices 1746580..1747712, RvM count 1133.2, monotone True, max |Z(gamma)| 2.9e-09, 389.6 s (0.344 s/zero)
   written /Users/jaytyagi/Library/Mobile Documents/com~apple~CloudDocs/Documents/Work/2026/Math/riemann/rh-program/results/c2-m2/campaign/zeros_t1e6.json (1133 zeros; sha256 1665fc1c753d6605d7ec9038ec6ee062d41b1fbcac6adc01d50de574668391ff)

(R) ROWS on the L-grid 4..120 step 2 plus the record points L*(delta, t; C1 = 1) and L*(delta, t; C1 = 2.4e9), delta in (0.05, 0.1, 0.25)
   delta = 0.05: L*(C1 = 1) = 917.898, L*(C1 = 2.4e9) = 2645.797, transcript L_ann = 12.59, reflection condition t >= 21 L holds for L <= 47619.0
   delta = 0.10: L*(C1 = 1) = 403.497, L*(C1 = 2.4e9) = 1267.447, transcript L_ann = 11.99, reflection condition t >= 21 L holds for L <= 47619.0
   delta = 0.25: L*(C1 = 1) = 132.078, L*(C1 = 2.4e9) = 477.657, transcript L_ann = 11.25, reflection condition t >= 21 L holds for L <= 47619.0
   [2026-09-16 21:29:48] 183 rows computed in 3.2 s
   direct E_- (bhat_mp at -2tL - i delta L) at 0 rows in 0.0 s; elsewhere the clause-1 bound and the envelope estimate are the record

(M) CENTER ENSEMBLE: 149 centers t' = t + j*2, |j| <= 74 (each with full U(L_min) coverage inside the data window): mean/min/max of N_Z(t', L) on the L-grid; L_sign and L_bal3 per center on the fine grid step 0.2
   tabulated transform (FFT + cubic spline, M = 4096, eta <= 2500) against the exact trapezoid at 2482 arguments of this height: max |diff| = 2.2e-16
   [2026-09-16 21:29:51] ensemble done in 3.5 s
   L-grid: N_Z at t | center mean | center min..max | model | mean/model   (the single-t value is the datum at height t; the mean is the model's object)
   L=   4.0: 3.459e+00 | 3.038e+00 | 2.42e+00..3.57e+00 | 3.111e+00 | 0.977
   L=   6.0: 9.669e-01 | 8.949e-01 | 6.40e-01..1.23e+00 | 9.217e-01 | 0.971
   L=   8.0: 4.719e-01 | 3.874e-01 | 2.25e-01..5.75e-01 | 3.889e-01 | 0.996
   L=  10.0: 2.513e-01 | 2.018e-01 | 8.96e-02..3.09e-01 | 1.991e-01 | 1.014
   L=  12.0: 9.748e-02 | 1.179e-01 | 2.32e-02..1.88e-01 | 1.152e-01 | 1.024
   L=  14.0: 5.662e-02 | 7.471e-02 | 1.82e-02..1.36e-01 | 7.256e-02 | 1.030
   L=  16.0: 3.949e-02 | 4.991e-02 | 1.09e-02..9.98e-02 | 4.861e-02 | 1.027
   L=  18.0: 3.109e-02 | 3.488e-02 | 3.45e-03..6.60e-02 | 3.414e-02 | 1.022
   L=  20.0: 2.917e-02 | 2.478e-02 | 4.00e-03..5.22e-02 | 2.489e-02 | 0.996
   L=  22.0: 2.517e-02 | 1.835e-02 | 1.52e-03..3.97e-02 | 1.870e-02 | 0.981
   L=  24.0: 2.067e-02 | 1.408e-02 | 1.38e-03..3.34e-02 | 1.440e-02 | 0.978
   L=  26.0: 1.538e-02 | 1.091e-02 | 3.94e-04..2.80e-02 | 1.133e-02 | 0.963
   L=  28.0: 1.054e-02 | 8.521e-03 | 4.76e-04..2.31e-02 | 9.069e-03 | 0.940
   L=  30.0: 7.787e-03 | 6.778e-03 | 3.39e-04..1.87e-02 | 7.374e-03 | 0.919
   L=  32.0: 6.277e-03 | 5.523e-03 | 4.85e-04..1.60e-02 | 6.076e-03 | 0.909
   L=  34.0: 5.095e-03 | 4.639e-03 | 1.33e-04..1.48e-02 | 5.065e-03 | 0.916
   L=  36.0: 3.644e-03 | 3.978e-03 | 2.70e-04..1.36e-02 | 4.267e-03 | 0.932
   L=  38.0: 2.216e-03 | 3.454e-03 | 9.10e-05..1.24e-02 | 3.628e-03 | 0.952
   L=  40.0: 1.204e-03 | 3.016e-03 | 9.02e-05..1.11e-02 | 3.111e-03 | 0.969
   L=  42.0: 6.566e-04 | 2.646e-03 | 5.38e-05..9.85e-03 | 2.687e-03 | 0.985
   L=  44.0: 3.913e-04 | 2.338e-03 | 1.26e-04..8.60e-03 | 2.337e-03 | 1.000
   L=  46.0: 2.397e-04 | 2.078e-03 | 2.39e-05..7.49e-03 | 2.045e-03 | 1.016
   L=  48.0: 1.619e-04 | 1.853e-03 | 4.79e-05..6.54e-03 | 1.800e-03 | 1.030
   L=  50.0: 1.321e-04 | 1.662e-03 | 5.32e-05..5.99e-03 | 1.593e-03 | 1.044
   L=  52.0: 1.496e-04 | 1.500e-03 | 5.98e-06..5.65e-03 | 1.416e-03 | 1.059
   L=  54.0: 2.047e-04 | 1.358e-03 | 4.17e-05..5.35e-03 | 1.264e-03 | 1.074
   L=  56.0: 2.900e-04 | 1.231e-03 | 3.16e-05..5.10e-03 | 1.134e-03 | 1.086
   L=  58.0: 3.779e-04 | 1.118e-03 | 1.53e-05..4.86e-03 | 1.020e-03 | 1.096
   L=  60.0: 4.303e-04 | 1.019e-03 | 1.41e-05..4.61e-03 | 9.217e-04 | 1.105
   L=  62.0: 4.422e-04 | 9.289e-04 | 1.22e-05..4.34e-03 | 8.354e-04 | 1.112
   L=  64.0: 4.267e-04 | 8.491e-04 | 1.68e-05..4.07e-03 | 7.595e-04 | 1.118
   L=  66.0: 3.997e-04 | 7.786e-04 | 2.55e-06..3.80e-03 | 6.925e-04 | 1.124
   L=  68.0: 3.616e-04 | 7.159e-04 | 8.53e-06..3.54e-03 | 6.332e-04 | 1.131
   L=  70.0: 3.090e-04 | 6.597e-04 | 1.48e-05..3.31e-03 | 5.804e-04 | 1.137
   L=  72.0: 2.482e-04 | 6.094e-04 | 5.73e-06..3.09e-03 | 5.334e-04 | 1.143
   L=  74.0: 1.869e-04 | 5.641e-04 | 9.11e-07..2.88e-03 | 4.913e-04 | 1.148
   L=  76.0: 1.315e-04 | 5.231e-04 | 8.06e-06..2.68e-03 | 4.535e-04 | 1.153
   L=  78.0: 8.386e-05 | 4.860e-04 | 2.78e-06..2.47e-03 | 4.195e-04 | 1.158
   L=  80.0: 4.654e-05 | 4.526e-04 | 5.50e-07..2.28e-03 | 3.889e-04 | 1.164
   L=  82.0: 2.170e-05 | 4.223e-04 | 4.06e-06..2.09e-03 | 3.611e-04 | 1.170
   L=  84.0: 8.416e-06 | 3.948e-04 | 1.56e-06..1.92e-03 | 3.359e-04 | 1.175
   L=  86.0: 4.152e-06 | 3.700e-04 | 5.78e-07..1.76e-03 | 3.130e-04 | 1.182
   L=  88.0: 6.358e-06 | 3.476e-04 | 3.63e-06..1.61e-03 | 2.921e-04 | 1.190
   L=  90.0: 1.348e-05 | 3.276e-04 | 2.36e-06..1.46e-03 | 2.731e-04 | 1.200
   L=  92.0: 2.368e-05 | 3.096e-04 | 2.93e-07..1.33e-03 | 2.557e-04 | 1.211
   L=  94.0: 3.465e-05 | 2.932e-04 | 7.97e-07..1.20e-03 | 2.397e-04 | 1.223
   L=  96.0: 4.450e-05 | 2.781e-04 | 5.55e-07..1.09e-03 | 2.250e-04 | 1.236
   L=  98.0: 5.181e-05 | 2.638e-04 | 4.73e-07..1.02e-03 | 2.115e-04 | 1.247
   L= 100.0: 5.555e-05 | 2.502e-04 | 7.43e-07..9.61e-04 | 1.991e-04 | 1.256
   L= 102.0: 5.533e-05 | 2.371e-04 | 6.11e-07..9.00e-04 | 1.876e-04 | 1.264
   L= 104.0: 5.171e-05 | 2.248e-04 | 5.25e-07..8.41e-04 | 1.770e-04 | 1.270
   L= 106.0: 4.585e-05 | 2.131e-04 | 1.37e-07..7.86e-04 | 1.672e-04 | 1.275
   L= 108.0: 3.863e-05 | 2.023e-04 | 2.33e-07..7.42e-04 | 1.580e-04 | 1.280
   L= 110.0: 3.049e-05 | 1.923e-04 | 4.02e-07..7.20e-04 | 1.496e-04 | 1.285
   L= 112.0: 2.199e-05 | 1.828e-04 | 1.54e-07..6.98e-04 | 1.417e-04 | 1.290
   L= 114.0: 1.409e-05 | 1.738e-04 | 1.88e-07..6.77e-04 | 1.344e-04 | 1.294
   L= 116.0: 7.769e-06 | 1.653e-04 | 1.66e-07..6.54e-04 | 1.275e-04 | 1.296
   L= 118.0: 3.475e-06 | 1.572e-04 | 2.53e-07..6.30e-04 | 1.212e-04 | 1.297
   L= 120.0: 1.143e-06 | 1.495e-04 | 2.94e-07..6.06e-04 | 1.152e-04 | 1.297
   delta = 0.05 over 149 centers: L_sign median 31.4 [p10 22.6, p90 40.0; min 17.6, max 48.6];  L_bal3 median 42.2 [p10 29.6, p90 60.2; min 22.0, max 74.6]
   delta = 0.10 over 149 centers: L_sign median 20.6 [p10 16.0, p90 23.6; min 12.2, max 26.8];  L_bal3 median 27.2 [p10 20.0, p90 32.2; min 16.8, max 39.0]
   delta = 0.25 over 149 centers: L_sign median 10.8 [p10 9.8, p90 11.8; min 8.8, max 12.4];  L_bal3 median 14.4 [p10 13.0, p90 16.0; min 11.0, max 17.2]

   t=1e+06  columns: delta L | inside(L>=L*,t>=21L) reflOK dL>=25 | n_used U_row tail(U_row) U_k3 | N_Z=W_Z'  model  N/model  cl4bound cl4/N | c(dL) main W_Z W_Zrep | cl6bound sep/cl6 sign bal3 | log10|E-|bound log10|E-|est E-direct
   0.05    4.00 | False True  False | 1133  297.22 6.8e-16  21013.0 | 3.458636e+00 3.111e+00   1.112 1.502e+01     4.34 | 1.000791e+00 -5.007911e-03 3.453628e+00 3.412090e+00 | 2.7629e-03     1.813 False False |  -330.6 -1732.6 -
   0.05    6.00 | False True  False | 1133  297.22 2.0e-18   9339.7 | 9.669034e-01 9.217e-01   1.049 6.678e+00     6.91 | 1.001780e+00 -5.017815e-03 9.618856e-01 9.217347e-01 | 2.9046e-03     1.728 False False |  -409.3 -2123.3 -
   0.05    8.00 | False True  False | 1133  297.22 1.1e-20   5254.0 | 4.719158e-01 3.889e-01   1.214 3.756e+00     7.96 | 1.003166e+00 -5.031708e-03 4.668841e-01 4.286084e-01 | 3.0535e-03     1.648 False False |  -475.7 -2452.6 -
   0.05   10.00 | False True  False | 1133  297.22 2.0e-22   3363.0 | 2.512993e-01 1.991e-01   1.262 2.404e+00     9.57 | 1.004950e+00 -5.049619e-03 2.462497e-01 2.102752e-01 | 3.2101e-03     1.573 False False |  -534.1 -2742.6 -
   0.05   12.00 | False True  False | 1133  297.22 7.4e-24   2335.7 | 9.748167e-02 1.152e-01   0.846 1.669e+00    17.13 | 1.007133e+00 -5.071585e-03 9.241008e-02 5.908768e-02 | 3.3746e-03     1.503 False False |  -587.0 -3004.9 -
   0.05   14.00 | False True  False | 1133  297.22 4.6e-25   1716.3 | 5.662328e-02 7.256e-02   0.780 1.227e+00    21.66 | 1.009718e+00 -5.097649e-03 5.152564e-02 2.112229e-02 | 3.5477e-03     1.437 False False |  -635.7 -3246.0 -
   0.05   16.00 | False True  False | 1133  297.22 4.2e-26   1314.3 | 3.948768e-02 4.861e-02   0.812 9.391e-01    23.78 | 1.012706e+00 -5.127865e-03 3.435982e-02 7.053423e-03 | 3.7296e-03     1.375 False False |  -680.9 -3470.5 -
   0.05   18.00 | False True  False | 1133  297.22 7.2e-25   1038.7 | 3.109412e-02 3.414e-02   0.911 7.420e-01    23.86 | 1.016100e+00 -5.162294e-03 2.593183e-02 1.810105e-03 | 3.9208e-03     1.317 False False |  -723.4 -3681.2 -
   0.05   20.00 | False True  False | 1133  297.22 1.3e-25    841.5 | 2.917167e-02 2.489e-02   1.172 6.010e-01    20.60 | 1.019903e+00 -5.201007e-03 2.397066e-02 3.033932e-03 | 4.1218e-03     1.262 False False |  -763.7 -3880.6 -
   0.05   22.00 | False True  False | 1133  297.22 2.9e-26    695.6 | 2.517434e-02 1.870e-02   1.346 4.967e-01    19.73 | 1.024118e+00 -5.244084e-03 1.993026e-02 2.097787e-03 | 4.3331e-03      1.21 False False |  -801.9 -4070.2 -
   0.05   24.00 | False True  False | 1133  297.22 7.2e-27    584.7 | 2.067095e-02 1.440e-02   1.435 4.174e-01    20.19 | 1.028748e+00 -5.291613e-03 1.537934e-02 4.987301e-04 | 4.5553e-03     1.162 False False |  -838.4 -4251.4 -
   0.05   26.00 | False True  False | 1133  297.22 2.0e-27    498.3 | 1.537529e-02 1.133e-02   1.357 3.557e-01    23.13 | 1.033798e+00 -5.343691e-03 1.003160e-02 -2.109392e-03 | 4.7889e-03     1.116 False False |  -873.5 -4425.1 -
   0.05   28.00 | False True  False | 1133  297.22 6.1e-28    429.8 | 1.053612e-02 9.069e-03   1.162 3.067e-01    29.11 | 1.039272e+00 -5.400428e-03 5.135693e-03 -4.524310e-03 | 5.0344e-03     1.073 False False |  -907.2 -4592.3 -
   0.05   30.00 | False True  False | 1133  297.22 2.0e-28    374.6 | 7.787381e-03 7.374e-03   1.056 2.671e-01    34.31 | 1.045174e+00 -5.461940e-03 2.325441e-03 -5.144232e-03 | 5.2925e-03     1.032 False False |  -939.8 -4753.7 -
   0.05   32.00 | False True  False | 1133  297.22 7.2e-29    329.3 | 6.277496e-03 6.076e-03   1.033 2.348e-01    37.40 | 1.051509e+00 -5.528356e-03 7.491400e-04 -4.838477e-03 | 5.5639e-03    0.9936 False False |  -971.2 -4909.7 -
   0.05   34.00 | False True  False | 1133  297.22 2.7e-29    291.8 | 5.095143e-03 5.065e-03   1.006 2.080e-01    40.82 | 1.058283e+00 -5.599815e-03 -5.046721e-04 -4.522366e-03 | 5.8491e-03    0.9574 True  False | -1001.7 -5060.9 -
   0.05   36.00 | False True  False | 1133  297.22 1.1e-29    260.4 | 3.643603e-03 4.267e-03   0.854 1.855e-01    50.92 | 1.065502e+00 -5.676468e-03 -2.032865e-03 -4.784187e-03 | 6.1490e-03    0.9232 True  False | -1031.4 -5207.7 -
   0.05   38.00 | False True  False | 1133  297.22 4.6e-30    233.8 | 2.215718e-03 3.628e-03   0.611 1.665e-01    75.15 | 1.073171e+00 -5.758476e-03 -3.542757e-03 -5.312074e-03 | 6.4643e-03    0.8908 True  False | -1060.2 -5350.5 -
   0.05   40.00 | False True  False | 1133  297.22 2.0e-30    211.1 | 1.204120e-03 3.111e-03   0.387 1.503e-01   124.80 | 1.081297e+00 -5.846013e-03 -4.641893e-03 -5.685992e-03 | 6.7957e-03    0.8603 True  True  | -1088.2 -5489.6 -
   0.05   42.00 | False True  False | 1133  297.22 9.3e-31    191.6 | 6.566464e-04 2.687e-03   0.244 1.363e-01   207.58 | 1.089887e+00 -5.939266e-03 -5.282620e-03 -5.824731e-03 | 7.1441e-03    0.8313 True  True  | -1115.6 -5625.3 -
   0.05   44.00 | False True  False | 1133  297.22 4.4e-31    174.7 | 3.912968e-04 2.337e-03   0.167 1.242e-01   317.41 | 1.098948e+00 -6.038436e-03 -5.647139e-03 -5.873426e-03 | 7.5104e-03     0.804 True  True  | -1142.3 -5757.7 -
   0.05   46.00 | False True  False | 1133  297.22 2.2e-31    159.9 | 2.396942e-04 2.045e-03   0.117 1.136e-01   474.09 | 1.108489e+00 -6.143736e-03 -5.904042e-03 -5.962454e-03 | 7.8955e-03    0.7781 True  True  | -1168.4 -5887.2 -
   0.05   48.00 | False True  False | 1133  297.22 1.1e-31    146.9 | 1.618704e-04 1.800e-03   0.090 1.044e-01   644.75 | 1.118516e+00 -6.255394e-03 -6.093524e-03 -6.094775e-03 | 8.3003e-03    0.7536 True  True  | -1194.0 -6013.9 -
   0.05   50.00 | False True  False | 1133  297.22 5.7e-32    135.5 | 1.321109e-04 1.593e-03   0.083 9.618e-02   728.06 | 1.129040e+00 -6.373654e-03 -6.241543e-03 -6.261881e-03 | 8.7259e-03    0.7304 True  True  | -1219.0 -6138.0 -
   0.05   52.00 | False True  False | 1133  297.22 3.1e-32    125.3 | 1.496192e-04 1.416e-03   0.106 8.893e-02   594.37 | 1.140068e+00 -6.498776e-03 -6.349157e-03 -6.434510e-03 | 9.1732e-03    0.7084 True  True  | -1243.5 -6259.6 -
   0.05   54.00 | False True  False | 1133  297.22 1.7e-32    116.3 | 2.047362e-04 1.264e-03   0.162 8.246e-02   402.78 | 1.151611e+00 -6.631035e-03 -6.426299e-03 -6.597364e-03 | 9.6436e-03    0.6876 True  True  | -1267.6 -6378.9 -
   0.05   56.00 | False True  False | 1133  297.22 9.3e-33    108.2 | 2.899811e-04 1.134e-03   0.256 7.668e-02   264.43 | 1.163677e+00 -6.770726e-03 -6.480745e-03 -6.738548e-03 | 1.0138e-02    0.6679 True  True  | -1291.2 -6496.0 -
   0.05   58.00 | False True  False | 1133  297.22 1.4e-29    100.9 | 3.779086e-04 1.020e-03   0.370 7.148e-02   189.16 | 1.176279e+00 -6.918161e-03 -6.540252e-03 -6.871783e-03 | 1.0658e-02    0.6491 True  True  | -1314.4 -6611.0 -
   0.05   60.00 | False True  False | 1133  297.22 8.7e-30     94.4 | 4.302824e-04 9.217e-04   0.467 6.680e-02   155.24 | 1.189426e+00 -7.073671e-03 -6.643389e-03 -7.026920e-03 | 1.1204e-02    0.6313 True  True  | -1337.2 -6724.1 -
   0.05   62.00 | False True  False | 1133  297.22 5.5e-30     88.5 | 4.422024e-04 8.354e-04   0.529 6.256e-02   141.47 | 1.203130e+00 -7.237609e-03 -6.795407e-03 -7.205219e-03 | 1.1779e-02    0.6145 True  True  | -1359.6 -6835.3 -
   0.05   64.00 | False True  False | 1133  297.22 3.5e-30     83.1 | 4.266507e-04 7.595e-04   0.562 5.871e-02   137.61 | 1.217403e+00 -7.410350e-03 -6.983699e-03 -7.393983e-03 | 1.2383e-02    0.5984 True  True  | -1381.7 -6944.7 -
   0.05   66.00 | False True  False | 1133  297.22 2.3e-30     78.2 | 3.996533e-04 6.925e-04   0.577 5.521e-02   138.14 | 1.232257e+00 -7.592288e-03 -7.192635e-03 -7.580469e-03 | 1.3017e-02    0.5832 True  True  | -1403.4 -7052.4 -
   0.05   68.00 | False True  False | 1133  297.22 1.5e-30     73.7 | 3.615779e-04 6.332e-04   0.571 5.201e-02   143.84 | 1.247706e+00 -7.783847e-03 -7.422269e-03 -7.769611e-03 | 1.3685e-02    0.5688 True  True  | -1424.8 -7158.5 -
   0.05   70.00 | False True  False | 1133  297.22 1.0e-30     69.6 | 3.090424e-04 5.804e-04   0.532 4.908e-02   158.81 | 1.263762e+00 -7.985471e-03 -7.676429e-03 -7.971186e-03 | 1.4387e-02    0.5551 True  True  | -1445.9 -7263.0 -
   0.05   72.00 | False True  False | 1133  297.22 6.8e-31     65.9 | 2.481546e-04 5.334e-04   0.465 4.639e-02   186.94 | 1.280440e+00 -8.197634e-03 -7.949479e-03 -8.185744e-03 | 1.5124e-02     0.542 True  True  | -1466.7 -7366.1 -
   0.05   74.00 | False True  False | 1133  297.22 4.6e-31     62.4 | 1.868878e-04 4.913e-04   0.380 4.392e-02   235.00 | 1.297755e+00 -8.420837e-03 -8.233949e-03 -8.411557e-03 | 1.5900e-02    0.5296 True  True  | -1487.2 -7467.7 -
   0.05   76.00 | False True  False | 1133  297.22 3.2e-31     59.2 | 1.314534e-04 4.535e-04   0.290 4.164e-02   316.75 | 1.315721e+00 -8.655612e-03 -8.524159e-03 -8.647744e-03 | 1.6715e-02    0.5178 True  True  | -1507.4 -7568.0 -
   0.05   78.00 | False True  False | 1133  297.22 2.2e-31     56.3 | 8.386315e-05 4.195e-04   0.200 3.953e-02   471.36 | 1.334355e+00 -8.902522e-03 -8.818659e-03 -8.896404e-03 | 1.7572e-02    0.5066 True  True  | -1527.4 -7667.0 -
   0.05   80.00 | False True  False | 1133  297.22 1.6e-31     53.5 | 4.653801e-05 3.889e-04   0.120 3.758e-02   807.48 | 1.353674e+00 -9.162164e-03 -9.115626e-03 -9.157869e-03 | 1.8473e-02     0.496 True  True  | -1547.1 -7764.7 -
   0.05   82.00 | False True  False | 1133  297.22 1.1e-31     51.0 | 2.170369e-05 3.611e-04   0.060 3.577e-02  1648.02 | 1.373694e+00 -9.435170e-03 -9.413466e-03 -9.431346e-03 | 1.9420e-02    0.4859 True  True  | -1566.6 -7861.1 -
   0.05   84.00 | False True  False | 1133  297.22 7.9e-32     48.7 | 8.416422e-06 3.359e-04   0.025 3.409e-02  4049.89 | 1.394432e+00 -9.722209e-03 -9.713793e-03 -9.718045e-03 | 2.0415e-02    0.4762 True  True  | -1585.8 -7956.5 -
   0.05   86.00 | False True  False | 1133  297.22 5.7e-32     46.5 | 4.151534e-06 3.130e-04   0.013 3.252e-02  7833.02 | 1.415909e+00 -1.002399e-02 -1.001984e-02 -1.001984e-02 | 2.1462e-02    0.4671 True  True  | -1604.8 -8050.6 -
   0.05   88.00 | False True  False | 1133  297.22 4.1e-32     44.4 | 6.358045e-06 2.921e-04   0.022 3.106e-02  4884.84 | 1.438143e+00 -1.034127e-02 -1.033491e-02 -1.033803e-02 | 2.2563e-02    0.4583 True  True  | -1623.5 -8143.7 -
   0.05   90.00 | False True  False | 1133  297.22 3.0e-32     42.5 | 1.347561e-05 2.731e-04   0.049 2.969e-02  2203.49 | 1.461153e+00 -1.067484e-02 -1.066137e-02 -1.067262e-02 | 2.3719e-02      0.45 True  True  | -1642.1 -8235.8 -
   0.05   92.00 | False True  False | 1133  297.22 2.2e-32     40.7 | 2.367634e-05 2.557e-04   0.093 2.842e-02  1200.22 | 1.484962e+00 -1.102555e-02 -1.100188e-02 -1.102388e-02 | 2.4935e-02    0.4422 True  True  | -1660.5 -8326.8 -
   0.05   94.00 | False True  False | 1133  297.22 1.6e-32     39.1 | 3.464970e-05 2.397e-04   0.145 2.722e-02   785.60 | 1.509589e+00 -1.139429e-02 -1.135964e-02 -1.139283e-02 | 2.6214e-02    0.4347 True  True  | -1678.6 -8416.8 -
   0.05   96.00 | False True  False | 1133  297.22 1.2e-32     37.5 | 4.450204e-05 2.250e-04   0.198 2.610e-02   586.46 | 1.535058e+00 -1.178201e-02 -1.173751e-02 -1.178051e-02 | 2.7558e-02    0.4275 True  True  | -1696.6 -8505.9 -
   0.05   98.00 | False True  False | 1133  297.22 9.1e-33     36.0 | 5.180631e-05 2.115e-04   0.245 2.504e-02   483.43 | 1.561391e+00 -1.218972e-02 -1.213791e-02 -1.218809e-02 | 2.8971e-02    0.4208 True  True  | -1714.4 -8594.1 -
   0.05  100.00 | False True  False | 1133  297.22 6.8e-33     34.6 | 5.555244e-05 1.991e-04   0.279 2.405e-02   432.98 | 1.588614e+00 -1.261847e-02 -1.256292e-02 -1.261689e-02 | 3.0456e-02    0.4143 True  True  | -1732.0 -8681.4 -
   0.05  102.00 | False True  False | 1133  297.22 5.2e-33     33.3 | 5.532897e-05 1.876e-04   0.295 2.312e-02   417.85 | 1.616750e+00 -1.306940e-02 -1.301407e-02 -1.306828e-02 | 3.2018e-02    0.4082 True  True  | -1749.4 -8767.8 -
   0.05  104.00 | False True  False | 1133  297.22 4.0e-33     32.1 | 5.170816e-05 1.770e-04   0.292 2.224e-02   430.08 | 1.645825e+00 -1.354369e-02 -1.349199e-02 -1.354316e-02 | 3.3659e-02    0.4024 True  True  | -1766.6 -8853.3 -
   0.05  106.00 | False True  False | 1133  297.22 3.0e-33     30.9 | 4.585299e-05 1.672e-04   0.274 2.141e-02   466.88 | 1.675866e+00 -1.404263e-02 -1.399678e-02 -1.404225e-02 | 3.5385e-02    0.3969 True  True  | -1783.7 -8938.0 -
   0.05  108.00 | False True  False | 1133  297.22 2.3e-33     29.8 | 3.863068e-05 1.580e-04   0.244 2.062e-02   533.84 | 1.706901e+00 -1.456756e-02 -1.452893e-02 -1.456688e-02 | 3.7199e-02    0.3916 True  True  | -1800.6 -9022.0 -
   0.05  110.00 | False True  False | 1133  297.22 1.8e-33     28.8 | 3.048893e-05 1.496e-04   0.204 1.988e-02   652.03 | 1.738959e+00 -1.511989e-02 -1.508940e-02 -1.511897e-02 | 3.9107e-02    0.3866 True  True  | -1817.4 -9105.2 -
   0.05  112.00 | False True  False | 1133  297.22 1.4e-33     27.8 | 2.199001e-05 1.417e-04   0.155 1.918e-02   872.04 | 1.772069e+00 -1.570114e-02 -1.567915e-02 -1.570038e-02 | 4.1112e-02    0.3819 True  True  | -1834.0 -9187.6 -
   0.05  114.00 | False True  False | 1133  297.22 1.1e-33     26.9 | 1.409411e-05 1.344e-04   0.105 1.851e-02  1313.28 | 1.806262e+00 -1.631291e-02 -1.629882e-02 -1.631254e-02 | 4.3219e-02    0.3774 True  True  | -1850.5 -9269.2 -
   0.05  116.00 | False True  False | 1133  297.22 8.6e-34     26.0 | 7.768551e-06 1.275e-04   0.061 1.788e-02  2301.20 | 1.841570e+00 -1.695691e-02 -1.694914e-02 -1.695676e-02 | 4.5435e-02    0.3732 True  True  | -1866.8 -9350.2 -
   0.05  118.00 | False True  False | 1133  297.22 6.7e-34     25.2 | 3.474930e-06 1.212e-04   0.029 1.728e-02  4971.70 | 1.878027e+00 -1.763493e-02 -1.763145e-02 -1.763472e-02 | 4.7765e-02    0.3692 True  True  | -1883.0 -9430.5 -
   0.05  120.00 | False True  False | 1133  297.22 5.3e-34     24.4 | 1.142992e-06 1.152e-04   0.010 1.671e-02 14615.53 | 1.915666e+00 -1.834888e-02 -1.834774e-02 -1.834850e-02 | 5.0214e-02    0.3654 True  True  | -1899.1 -9510.1 -
   0.05  917.90 | True  True  True  |  165   43.58 8.0e-28      2.0 | 1.583187e-12 2.574e-07   0.000 2.868e-04 181152174.60 | 2.704504e+06 -3.657171e+10 -3.657171e+10 -3.657171e+10 | 2.3115e+07      1582 True  True  | -5277.5 -26294.6 -
   0.05 2645.80 | True  True  True  |   57   15.12 9.0e-24      2.0 | 2.333554e-19 1.075e-08   0.000 3.482e-05 149226827598821.03 | 6.182571e+22 -1.911209e+43 -1.911209e+43 -1.911209e+43 | 1.3314e+26 1.435e+17 True  True  | -8952.0 -44620.2 -
   0.10    4.00 | False True  False | 1133  297.22 6.8e-16  21013.0 | 3.458636e+00 3.111e+00   1.112 1.502e+01     4.34 | 1.003166e+00 -2.012683e-02 3.438509e+00 3.396971e+00 | 1.2214e-02     1.648 False False |  -330.5 -1732.5 -
   0.10    6.00 | False True  False | 1133  297.22 2.0e-18   9339.7 | 9.669034e-01 9.217e-01   1.049 6.678e+00     6.91 | 1.007133e+00 -2.028634e-02 9.466170e-01 9.064661e-01 | 1.3499e-02     1.503 False False |  -409.2 -2123.1 -
   0.10    8.00 | False True  False | 1133  297.22 1.1e-20   5254.0 | 4.719158e-01 3.889e-01   1.214 3.756e+00     7.96 | 1.012706e+00 -2.051146e-02 4.514043e-01 4.131286e-01 | 1.4918e-02     1.375 False False |  -475.5 -2452.4 -
   0.10   10.00 | False True  False | 1133  297.22 2.0e-22   3363.0 | 2.512993e-01 1.991e-01   1.262 2.404e+00     9.57 | 1.019903e+00 -2.080403e-02 2.304953e-01 1.945208e-01 | 1.6487e-02     1.262 False False |  -533.9 -2742.4 -
   0.10   12.00 | False True  False | 1133  297.22 7.4e-24   2335.7 | 9.748167e-02 1.152e-01   0.846 1.669e+00    17.13 | 1.028748e+00 -2.116645e-02 7.631522e-02 4.299281e-02 | 1.8221e-02     1.162 False False |  -586.8 -3004.6 -
   0.10   14.00 | False True  False | 1133  297.22 4.6e-25   1716.3 | 5.662328e-02 7.256e-02   0.780 1.227e+00    21.66 | 1.039272e+00 -2.160171e-02 3.502157e-02 4.618225e-03 | 2.0138e-02     1.073 False False |  -635.4 -3245.7 -
   0.10   16.00 | False True  False | 1133  297.22 4.2e-26   1314.3 | 3.948768e-02 4.861e-02   0.812 9.391e-01    23.78 | 1.051509e+00 -2.211342e-02 1.737426e-02 -9.932137e-03 | 2.2255e-02    0.9936 False False |  -680.6 -3470.1 -
   0.10   18.00 | False True  False | 1133  297.22 7.2e-25   1038.7 | 3.109412e-02 3.414e-02   0.911 7.420e-01    23.86 | 1.065502e+00 -2.270587e-02 8.388250e-03 -1.573347e-02 | 2.4596e-02    0.9232 False False |  -723.0 -3680.9 -
   0.10   20.00 | False True  False | 1133  297.22 1.3e-25    841.5 | 2.917167e-02 2.489e-02   1.172 6.010e-01    20.60 | 1.081297e+00 -2.338405e-02 5.787616e-03 -1.514911e-02 | 2.7183e-02    0.8603 False False |  -763.2 -3880.2 -
   0.10   22.00 | False True  False | 1133  297.22 2.9e-26    695.6 | 2.517434e-02 1.870e-02   1.346 4.967e-01    19.73 | 1.098948e+00 -2.415374e-02 1.020595e-03 -1.681187e-02 | 3.0042e-02     0.804 False False |  -801.4 -4069.7 -
   0.10   24.00 | False True  False | 1133  297.22 7.2e-27    584.7 | 2.067095e-02 1.440e-02   1.435 4.174e-01    20.19 | 1.118516e+00 -2.502158e-02 -4.350628e-03 -1.923123e-02 | 3.3201e-02    0.7536 True  False |  -837.9 -4250.9 -
   0.10   26.00 | False True  False | 1133  297.22 2.0e-27    498.3 | 1.537529e-02 1.133e-02   1.357 3.557e-01    23.13 | 1.140068e+00 -2.599510e-02 -1.061981e-02 -2.276080e-02 | 3.6693e-02    0.7084 True  False |  -872.9 -4424.6 -
   0.10   28.00 | False True  False | 1133  297.22 6.1e-28    429.8 | 1.053612e-02 9.069e-03   1.162 3.067e-01    29.11 | 1.163677e+00 -2.708290e-02 -1.654678e-02 -2.620679e-02 | 4.0552e-02    0.6679 True  False |  -906.6 -4591.7 -
   0.10   30.00 | False True  False | 1133  297.22 2.0e-28    374.6 | 7.787381e-03 7.374e-03   1.056 2.671e-01    34.31 | 1.189426e+00 -2.829468e-02 -2.050730e-02 -2.797698e-02 | 4.4817e-02    0.6313 True  True  |  -939.1 -4753.0 -
   0.10   32.00 | False True  False | 1133  297.22 7.2e-29    329.3 | 6.277496e-03 6.076e-03   1.033 2.348e-01    37.40 | 1.217403e+00 -2.964140e-02 -2.336390e-02 -2.895152e-02 | 4.9530e-02    0.5984 True  True  |  -970.5 -4909.0 -
   0.10   34.00 | False True  False | 1133  297.22 2.7e-29    291.8 | 5.095143e-03 5.065e-03   1.006 2.080e-01    40.82 | 1.247706e+00 -3.113539e-02 -2.604024e-02 -3.005794e-02 | 5.4739e-02    0.5688 True  True  | -1001.0 -5060.2 -
   0.10   36.00 | False True  False | 1133  297.22 1.1e-29    260.4 | 3.643603e-03 4.267e-03   0.854 1.855e-01    50.92 | 1.280440e+00 -3.279054e-02 -2.914693e-02 -3.189825e-02 | 6.0496e-02     0.542 True  True  | -1030.6 -5206.9 -
   0.10   38.00 | False True  False | 1133  297.22 4.6e-30    233.8 | 2.215718e-03 3.628e-03   0.611 1.665e-01    75.15 | 1.315721e+00 -3.462245e-02 -3.240673e-02 -3.417605e-02 | 6.6859e-02    0.5178 True  True  | -1059.3 -5349.7 -
   0.10   40.00 | False True  False | 1133  297.22 2.0e-30    211.1 | 1.204120e-03 3.111e-03   0.387 1.503e-01   124.80 | 1.353674e+00 -3.664865e-02 -3.544454e-02 -3.648863e-02 | 7.3891e-02     0.496 True  True  | -1087.3 -5488.7 -
   0.10   42.00 | False True  False | 1133  297.22 9.3e-31    191.6 | 6.566464e-04 2.687e-03   0.244 1.363e-01   207.58 | 1.394432e+00 -3.888884e-02 -3.823219e-02 -3.877430e-02 | 8.1662e-02    0.4762 True  True  | -1114.7 -5624.4 -
   0.10   44.00 | False True  False | 1133  297.22 4.4e-31    174.7 | 3.912968e-04 2.337e-03   0.167 1.242e-01   317.41 | 1.438143e+00 -4.136509e-02 -4.097379e-02 -4.120008e-02 | 9.0250e-02    0.4583 True  True  | -1141.3 -5756.8 -
   0.10   46.00 | False True  False | 1133  297.22 2.2e-31    159.9 | 2.396942e-04 2.045e-03   0.117 1.136e-01   474.09 | 1.484962e+00 -4.410222e-02 -4.386252e-02 -4.392093e-02 | 9.9742e-02    0.4422 True  True  | -1167.4 -5886.2 -
   0.10   48.00 | False True  False | 1133  297.22 1.1e-31    146.9 | 1.618704e-04 1.800e-03   0.090 1.044e-01   644.75 | 1.535058e+00 -4.712805e-02 -4.696618e-02 -4.696744e-02 | 1.1023e-01    0.4275 True  True  | -1192.9 -6012.8 -
   0.10   50.00 | False True  False | 1133  297.22 5.7e-32    135.5 | 1.321109e-04 1.593e-03   0.083 9.618e-02   728.06 | 1.588614e+00 -5.047387e-02 -5.034176e-02 -5.036210e-02 | 1.2182e-01    0.4143 True  True  | -1217.9 -6136.9 -
   0.10   52.00 | False True  False | 1133  297.22 3.1e-32    125.3 | 1.496192e-04 1.416e-03   0.106 8.893e-02   594.37 | 1.645825e+00 -5.417478e-02 -5.402516e-02 -5.411051e-02 | 1.3464e-01    0.4024 True  True  | -1242.4 -6258.4 -
   0.10   54.00 | False True  False | 1133  297.22 1.7e-32    116.3 | 2.047362e-04 1.264e-03   0.162 8.246e-02   402.78 | 1.706901e+00 -5.827023e-02 -5.806549e-02 -5.823656e-02 | 1.4880e-01    0.3916 True  True  | -1266.4 -6377.7 -
   0.10   56.00 | False True  False | 1133  297.22 9.3e-33    108.2 | 2.899811e-04 1.134e-03   0.256 7.668e-02   264.43 | 1.772069e+00 -6.280456e-02 -6.251458e-02 -6.277238e-02 | 1.6445e-01    0.3819 True  True  | -1290.0 -6494.8 -
   0.10   58.00 | False True  False | 1133  297.22 1.4e-29    100.9 | 3.779086e-04 1.020e-03   0.370 7.148e-02   189.16 | 1.841570e+00 -6.782763e-02 -6.744972e-02 -6.778125e-02 | 1.8174e-01    0.3732 True  True  | -1313.2 -6609.7 -
   0.10   60.00 | False True  False | 1133  297.22 8.7e-30     94.4 | 4.302824e-04 9.217e-04   0.467 6.680e-02   155.24 | 1.915666e+00 -7.339553e-02 -7.296525e-02 -7.334878e-02 | 2.0086e-01    0.3654 True  True  | -1335.9 -6722.8 -
   0.10   62.00 | False True  False | 1133  297.22 5.5e-30     88.5 | 4.422024e-04 8.354e-04   0.529 6.256e-02   141.47 | 1.994635e+00 -7.957139e-02 -7.912919e-02 -7.953900e-02 | 2.2198e-01    0.3585 True  True  | -1358.3 -6833.9 -
   0.10   64.00 | False True  False | 1133  297.22 3.5e-30     83.1 | 4.266507e-04 7.595e-04   0.562 5.871e-02   137.61 | 2.078777e+00 -8.642632e-02 -8.599967e-02 -8.640995e-02 | 2.4533e-01    0.3523 True  True  | -1380.3 -6943.3 -
   0.10   66.00 | False True  False | 1133  297.22 2.3e-30     78.2 | 3.996533e-04 6.925e-04   0.577 5.521e-02   138.14 | 2.168414e+00 -9.404040e-02 -9.364075e-02 -9.402858e-02 | 2.7113e-01    0.3469 True  True  | -1402.0 -7051.0 -
   0.10   68.00 | False True  False | 1133  297.22 1.5e-30     73.7 | 3.615779e-04 6.332e-04   0.571 5.201e-02   143.84 | 2.263890e+00 -1.025039e-01 -1.021424e-01 -1.024897e-01 | 2.9964e-01    0.3421 True  True  | -1423.4 -7157.0 -
   0.10   70.00 | False True  False | 1133  297.22 1.0e-30     69.6 | 3.090424e-04 5.804e-04   0.532 4.908e-02   158.81 | 2.365574e+00 -1.119188e-01 -1.116097e-01 -1.119045e-01 | 3.3115e-01     0.338 True  True  | -1444.4 -7261.5 -
   0.10   72.00 | False True  False | 1133  297.22 6.8e-31     65.9 | 2.481546e-04 5.334e-04   0.465 4.639e-02   186.94 | 2.473862e+00 -1.223999e-01 -1.221517e-01 -1.223880e-01 | 3.6598e-01    0.3344 True  True  | -1465.1 -7364.5 -
   0.10   74.00 | False True  False | 1133  297.22 4.6e-31     62.4 | 1.868878e-04 4.913e-04   0.380 4.392e-02   235.00 | 2.589180e+00 -1.340771e-01 -1.338902e-01 -1.340678e-01 | 4.0447e-01    0.3315 True  True  | -1485.6 -7466.1 -
   0.10   76.00 | False True  False | 1133  297.22 3.2e-31     59.2 | 1.314534e-04 4.535e-04   0.290 4.164e-02   316.75 | 2.711982e+00 -1.470969e-01 -1.469655e-01 -1.470890e-01 | 4.4701e-01    0.3291 True  True  | -1505.8 -7566.3 -
   0.10   78.00 | False True  False | 1133  297.22 2.2e-31     56.3 | 8.386315e-05 4.195e-04   0.200 3.953e-02   471.36 | 2.842756e+00 -1.616252e-01 -1.615414e-01 -1.616191e-01 | 4.9402e-01    0.3272 True  True  | -1525.7 -7665.3 -
   0.10   80.00 | False True  False | 1133  297.22 1.6e-31     53.5 | 4.653801e-05 3.889e-04   0.120 3.758e-02   807.48 | 2.982025e+00 -1.778495e-01 -1.778029e-01 -1.778452e-01 | 5.4598e-01    0.3257 True  True  | -1545.4 -7762.9 -
   0.10   82.00 | False True  False | 1133  297.22 1.1e-31     51.0 | 2.170369e-05 3.611e-04   0.060 3.577e-02  1648.02 | 3.130350e+00 -1.959819e-01 -1.959602e-01 -1.959780e-01 | 6.0340e-01    0.3248 True  True  | -1564.8 -7859.4 -
   0.10   84.00 | False True  False | 1133  297.22 7.9e-32     48.7 | 8.416422e-06 3.359e-04   0.025 3.409e-02  4049.89 | 3.288333e+00 -2.162626e-01 -2.162542e-01 -2.162585e-01 | 6.6686e-01    0.3243 True  True  | -1583.9 -7954.6 -
   0.10   86.00 | False True  False | 1133  297.22 5.7e-32     46.5 | 4.151534e-06 3.130e-04   0.013 3.252e-02  7833.02 | 3.456617e+00 -2.389640e-01 -2.389598e-01 -2.389598e-01 | 7.3700e-01    0.3242 True  True  | -1602.9 -8048.8 -
   0.10   88.00 | False True  False | 1133  297.22 4.1e-32     44.4 | 6.358045e-06 2.921e-04   0.022 3.106e-02  4884.84 | 3.635893e+00 -2.643944e-01 -2.643881e-01 -2.643912e-01 | 8.1451e-01    0.3246 True  True  | -1621.6 -8141.8 -
   0.10   90.00 | False True  False | 1133  297.22 3.0e-32     42.5 | 1.347561e-05 2.731e-04   0.049 2.969e-02  2203.49 | 3.826904e+00 -2.929039e-01 -2.928904e-01 -2.929016e-01 | 9.0017e-01    0.3254 True  True  | -1640.1 -8233.8 -
   0.10   92.00 | False True  False | 1133  297.22 2.2e-32     40.7 | 2.367634e-05 2.557e-04   0.093 2.842e-02  1200.22 | 4.030442e+00 -3.248893e-01 -3.248657e-01 -3.248877e-01 | 9.9484e-01    0.3266 True  True  | -1658.5 -8324.8 -
   0.10   94.00 | False True  False | 1133  297.22 1.6e-32     39.1 | 3.464970e-05 2.397e-04   0.145 2.722e-02   785.60 | 4.247362e+00 -3.608016e-01 -3.607670e-01 -3.608001e-01 | 1.0995e+00    0.3282 True  True  | -1676.6 -8414.8 -
   0.10   96.00 | False True  False | 1133  297.22 1.2e-32     37.5 | 4.450204e-05 2.250e-04   0.198 2.610e-02   586.46 | 4.478575e+00 -4.011527e-01 -4.011082e-01 -4.011512e-01 | 1.2151e+00    0.3301 True  True  | -1694.5 -8503.8 -
   0.10   98.00 | False True  False | 1133  297.22 9.1e-33     36.0 | 5.180631e-05 2.115e-04   0.245 2.504e-02   483.43 | 4.725064e+00 -4.465245e-01 -4.464727e-01 -4.465229e-01 | 1.3429e+00    0.3325 True  True  | -1712.2 -8592.0 -
   0.10  100.00 | False True  False | 1133  297.22 6.8e-33     34.6 | 5.555244e-05 1.991e-04   0.279 2.405e-02   432.98 | 4.987879e+00 -4.975787e-01 -4.975232e-01 -4.975772e-01 | 1.4841e+00    0.3353 True  True  | -1729.8 -8679.2 -
   0.10  102.00 | False True  False | 1133  297.22 5.2e-33     33.3 | 5.532897e-05 1.876e-04   0.295 2.312e-02   417.85 | 5.268150e+00 -5.550680e-01 -5.550127e-01 -5.550669e-01 | 1.6402e+00    0.3384 True  True  | -1747.2 -8765.5 -
   0.10  104.00 | False True  False | 1133  297.22 4.0e-33     32.1 | 5.170816e-05 1.770e-04   0.292 2.224e-02   430.08 | 5.567086e+00 -6.198490e-01 -6.197973e-01 -6.198485e-01 | 1.8127e+00    0.3419 True  True  | -1764.4 -8851.1 -
   0.10  106.00 | False True  False | 1133  297.22 3.0e-33     30.9 | 4.585299e-05 1.672e-04   0.274 2.141e-02   466.88 | 5.885989e+00 -6.928973e-01 -6.928515e-01 -6.928969e-01 | 2.0034e+00    0.3459 True  True  | -1781.4 -8935.7 -
   0.10  108.00 | False True  False | 1133  297.22 2.3e-33     29.8 | 3.863068e-05 1.580e-04   0.244 2.062e-02   533.84 | 6.226252e+00 -7.753243e-01 -7.752856e-01 -7.753236e-01 | 2.2141e+00    0.3502 True  True  | -1798.3 -9019.6 -
   0.10  110.00 | False True  False | 1133  297.22 1.8e-33     28.8 | 3.048893e-05 1.496e-04   0.204 1.988e-02   652.03 | 6.589372e+00 -8.683966e-01 -8.683661e-01 -8.683957e-01 | 2.4469e+00    0.3549 True  True  | -1815.0 -9102.8 -
   0.10  112.00 | False True  False | 1133  297.22 1.4e-33     27.8 | 2.199001e-05 1.417e-04   0.155 1.918e-02   872.04 | 6.976958e+00 -9.735588e-01 -9.735368e-01 -9.735580e-01 | 2.7043e+00      0.36 True  True  | -1831.6 -9185.1 -
   0.10  114.00 | False True  False | 1133  297.22 1.1e-33     26.9 | 1.409411e-05 1.344e-04   0.105 1.851e-02  1313.28 | 7.390733e+00 -1.092459e+00 -1.092445e+00 -1.092458e+00 | 2.9887e+00    0.3655 True  True  | -1848.0 -9266.8 -
   0.10  116.00 | False True  False | 1133  297.22 8.6e-34     26.0 | 7.768551e-06 1.275e-04   0.061 1.788e-02  2301.20 | 7.832552e+00 -1.226978e+00 -1.226970e+00 -1.226977e+00 | 3.3030e+00    0.3715 True  True  | -1864.3 -9347.7 -
   0.10  118.00 | False True  False | 1133  297.22 6.7e-34     25.2 | 3.474930e-06 1.212e-04   0.029 1.728e-02  4971.70 | 8.304405e+00 -1.379263e+00 -1.379259e+00 -1.379263e+00 | 3.6504e+00    0.3778 True  True  | -1880.4 -9427.9 -
   0.10  120.00 | False True  False | 1133  297.22 5.3e-34     24.4 | 1.142992e-06 1.152e-04   0.010 1.671e-02 14615.53 | 8.808428e+00 -1.551768e+00 -1.551767e+00 -1.551768e+00 | 4.0343e+00    0.3846 True  True  | -1896.4 -9507.5 -
   0.10  403.50 | True  True  True  |  378   99.13 1.3e-31      3.1 | 8.313694e-09 3.031e-06   0.003 1.480e-03 178012.62 | 2.842904e+05 -1.616420e+09 -1.616420e+09 -1.616420e+09 | 5.7787e+06     279.7 True  True  | -3487.4 -17428.6 -
   0.10 1267.45 | True  True  True  |  120   31.56 3.5e-28      2.0 | 1.938042e-14 9.778e-08   0.000 1.507e-04 7775976042.49 | 5.092656e+21 -5.187029e+41 -5.187029e+41 -5.187029e+41 | 3.3285e+25 1.558e+16 True  True  | -6173.8 -30867.1 -
   0.25    4.00 | False True  False | 1133  297.22 6.8e-16  21013.0 | 3.458636e+00 3.111e+00   1.112 1.502e+01     4.34 | 1.019903e+00 -1.300252e-01 3.328611e+00 3.287073e+00 | 1.0305e-01     1.262 False False |  -330.2 -1732.3 -
   0.25    6.00 | False True  False | 1133  297.22 2.0e-18   9339.7 | 9.669034e-01 9.217e-01   1.049 6.678e+00     6.91 | 1.045174e+00 -1.365485e-01 8.303549e-01 7.902040e-01 | 1.3231e-01     1.032 False False |  -408.8 -2122.8 -
   0.25    8.00 | False True  False | 1133  297.22 1.1e-20   5254.0 | 4.719158e-01 3.889e-01   1.214 3.756e+00     7.96 | 1.081297e+00 -1.461503e-01 3.257654e-01 2.874898e-01 | 1.6989e-01    0.8603 False False |  -475.0 -2451.9 -
   0.25   10.00 | False True  False | 1133  297.22 2.0e-22   3363.0 | 2.512993e-01 1.991e-01   1.262 2.404e+00     9.57 | 1.129040e+00 -1.593414e-01 9.195793e-02 5.598343e-02 | 2.1815e-01    0.7304 False False |  -533.3 -2741.8 -
   0.25   12.00 | False True  False | 1133  297.22 7.4e-24   2335.7 | 9.748167e-02 1.152e-01   0.846 1.669e+00    17.13 | 1.189426e+00 -1.768418e-01 -7.936011e-02 -1.126825e-01 | 2.8011e-01    0.6313 True  False |  -586.0 -3003.8 -
   0.25   14.00 | False True  False | 1133  297.22 4.6e-25   1716.3 | 5.662328e-02 7.256e-02   0.780 1.227e+00    21.66 | 1.263762e+00 -1.996368e-01 -1.430135e-01 -1.734168e-01 | 3.5966e-01    0.5551 True  True  |  -634.4 -3244.8 -
   0.25   16.00 | False True  False | 1133  297.22 4.2e-26   1314.3 | 3.948768e-02 4.861e-02   0.812 9.391e-01    23.78 | 1.353674e+00 -2.290541e-01 -1.895664e-01 -2.168728e-01 | 4.6182e-01     0.496 True  True  |  -679.5 -3469.1 -
   0.25   18.00 | False True  False | 1133  297.22 7.2e-25   1038.7 | 3.109412e-02 3.414e-02   0.911 7.420e-01    23.86 | 1.461153e+00 -2.668711e-01 -2.357770e-01 -2.598987e-01 | 5.9298e-01      0.45 True  True  |  -721.9 -3679.7 -
   0.25   20.00 | False True  False | 1133  297.22 1.3e-25    841.5 | 2.917167e-02 2.489e-02   1.172 6.010e-01    20.60 | 1.588614e+00 -3.154617e-01 -2.862900e-01 -3.072268e-01 | 7.6141e-01    0.4143 True  True  |  -761.9 -3878.9 -
   0.25   22.00 | False True  False | 1133  297.22 2.9e-26    695.6 | 2.517434e-02 1.870e-02   1.346 4.967e-01    19.73 | 1.738959e+00 -3.779972e-01 -3.528229e-01 -3.706553e-01 | 9.7766e-01    0.3866 True  True  |  -800.0 -4068.3 -
   0.25   24.00 | False True  False | 1133  297.22 7.2e-27    584.7 | 2.067095e-02 1.440e-02   1.435 4.174e-01    20.19 | 1.915666e+00 -4.587221e-01 -4.380511e-01 -4.529317e-01 | 1.2553e+00    0.3654 True  True  |  -836.4 -4249.3 -
   0.25   26.00 | False True  False | 1133  297.22 2.0e-27    498.3 | 1.537529e-02 1.133e-02   1.357 3.557e-01    23.13 | 2.122888e+00 -5.633317e-01 -5.479564e-01 -5.600974e-01 | 1.6119e+00    0.3495 True  True  |  -871.2 -4422.9 -
   0.25   28.00 | False True  False | 1133  297.22 6.1e-28    429.8 | 1.053612e-02 9.069e-03   1.162 3.067e-01    29.11 | 2.365574e+00 -6.994924e-01 -6.889563e-01 -6.986163e-01 | 2.0697e+00     0.338 True  True  |  -904.8 -4589.9 -
   0.25   30.00 | False True  False | 1133  297.22 2.0e-28    374.6 | 7.787381e-03 7.374e-03   1.056 2.671e-01    34.31 | 2.649616e+00 -8.775579e-01 -8.697705e-01 -8.772402e-01 | 2.6576e+00    0.3302 True  True  |  -937.2 -4751.1 -
   0.25   32.00 | False True  False | 1133  297.22 7.2e-29    329.3 | 6.277496e-03 6.076e-03   1.033 2.348e-01    37.40 | 2.982025e+00 -1.111559e+00 -1.105282e+00 -1.110869e+00 | 3.4124e+00    0.3257 True  True  |  -968.5 -4906.9 -
   0.25   34.00 | False True  False | 1133  297.22 2.7e-29    291.8 | 5.095143e-03 5.065e-03   1.006 2.080e-01    40.82 | 3.371145e+00 -1.420577e+00 -1.415482e+00 -1.419500e+00 | 4.3816e+00    0.3242 True  True  |  -998.8 -5057.9 -
   0.25   36.00 | False True  False | 1133  297.22 1.1e-29    260.4 | 3.643603e-03 4.267e-03   0.854 1.855e-01    50.92 | 3.826904e+00 -1.830649e+00 -1.827005e+00 -1.829757e+00 | 5.6261e+00    0.3254 True  True  | -1028.2 -5204.6 -
   0.25   38.00 | False True  False | 1133  297.22 4.6e-30    233.8 | 2.215718e-03 3.628e-03   0.611 1.665e-01    75.15 | 4.361122e+00 -2.377423e+00 -2.375207e+00 -2.376977e+00 | 7.2240e+00    0.3291 True  True  | -1056.9 -5347.2 -
   0.25   40.00 | False True  False | 1133  297.22 2.0e-30    211.1 | 1.204120e-03 3.111e-03   0.387 1.503e-01   124.80 | 4.987879e+00 -3.109867e+00 -3.108663e+00 -3.109707e+00 | 9.2758e+00    0.3353 True  True  | -1084.7 -5486.1 -
   0.25   42.00 | False True  False | 1133  297.22 9.3e-31    191.6 | 6.566464e-04 2.687e-03   0.244 1.363e-01   207.58 | 5.723957e+00 -4.095461e+00 -4.094804e+00 -4.095346e+00 | 1.1910e+01    0.3439 True  True  | -1111.9 -5621.6 -
   0.25   44.00 | False True  False | 1133  297.22 4.4e-31    174.7 | 3.912968e-04 2.337e-03   0.167 1.242e-01   317.41 | 6.589372e+00 -5.427479e+00 -5.427087e+00 -5.427314e+00 | 1.5293e+01    0.3549 True  True  | -1138.5 -5753.9 -
   0.25   46.00 | False True  False | 1133  297.22 2.2e-31    159.9 | 2.396942e-04 2.045e-03   0.117 1.136e-01   474.09 | 7.608017e+00 -7.235239e+00 -7.235000e+00 -7.235058e+00 | 1.9637e+01    0.3685 True  True  | -1164.4 -5883.2 -
   0.25   48.00 | False True  False | 1133  297.22 1.1e-31    146.9 | 1.618704e-04 1.800e-03   0.090 1.044e-01   644.75 | 8.808428e+00 -9.698550e+00 -9.698389e+00 -9.698390e+00 | 2.5214e+01    0.3846 True  True  | -1189.8 -6009.7 -
   0.25   50.00 | False True  False | 1133  297.22 5.7e-32    135.5 | 1.321109e-04 1.593e-03   0.083 9.618e-02   728.06 | 1.022472e+01 -1.306812e+01 -1.306799e+01 -1.306801e+01 | 3.2376e+01    0.4036 True  True  | -1214.7 -6133.6 -
   0.25   52.00 | False True  False | 1133  297.22 3.1e-32    125.3 | 1.496192e-04 1.416e-03   0.106 8.893e-02   594.37 | 1.189772e+01 -1.769446e+01 -1.769431e+01 -1.769440e+01 | 4.1571e+01    0.4256 True  True  | -1239.0 -6255.1 -
   0.25   54.00 | False True  False | 1133  297.22 1.7e-32    116.3 | 2.047362e-04 1.264e-03   0.162 8.246e-02   402.78 | 1.387628e+01 -2.406889e+01 -2.406869e+01 -2.406886e+01 | 5.3379e+01    0.4509 True  True  | -1262.9 -6374.2 -
   0.25   56.00 | False True  False | 1133  297.22 9.3e-33    108.2 | 2.899811e-04 1.134e-03   0.256 7.668e-02   264.43 | 1.621896e+01 -3.288185e+01 -3.288156e+01 -3.288182e+01 | 6.8540e+01    0.4797 True  True  | -1286.3 -6491.1 -
   0.25   58.00 | False True  False | 1133  297.22 1.4e-29    100.9 | 3.779086e-04 1.020e-03   0.370 7.148e-02   189.16 | 1.899599e+01 -4.510595e+01 -4.510557e+01 -4.510590e+01 | 8.8007e+01    0.5125 True  True  | -1309.4 -6606.0 -
   0.25   60.00 | False True  False | 1133  297.22 8.7e-30     94.4 | 4.302824e-04 9.217e-04   0.467 6.680e-02   155.24 | 2.229161e+01 -6.211450e+01 -6.211407e+01 -6.211446e+01 | 1.1300e+02    0.5497 True  True  | -1332.0 -6718.9 -
   0.25   62.00 | False True  False | 1133  297.22 5.5e-30     88.5 | 4.422024e-04 8.354e-04   0.529 6.256e-02   141.47 | 2.620703e+01 -8.585105e+01 -8.585061e+01 -8.585102e+01 | 1.4510e+02    0.5917 True  True  | -1354.3 -6829.9 -
   0.25   64.00 | False True  False | 1133  297.22 3.5e-30     83.1 | 4.266507e-04 7.595e-04   0.562 5.871e-02   137.61 | 3.086385e+01 -1.190722e+02 -1.190717e+02 -1.190721e+02 | 1.8631e+02    0.6391 True  True  | -1376.2 -6939.1 -
   0.25   66.00 | False True  False | 1133  297.22 2.3e-30     78.2 | 3.996533e-04 6.925e-04   0.577 5.521e-02   138.14 | 3.640833e+01 -1.656958e+02 -1.656954e+02 -1.656958e+02 | 2.3923e+02    0.6926 True  True  | -1397.7 -7046.7 -
   0.25   68.00 | False True  False | 1133  297.22 1.5e-30     73.7 | 3.615779e-04 6.332e-04   0.571 5.201e-02   143.84 | 4.301648e+01 -2.313022e+02 -2.313018e+02 -2.313022e+02 | 3.0717e+02     0.753 True  True  | -1418.9 -7152.6 -
   0.25   70.00 | False True  False | 1133  297.22 1.0e-30     69.6 | 3.090424e-04 5.804e-04   0.532 4.908e-02   158.81 | 5.090028e+01 -3.238549e+02 -3.238546e+02 -3.238549e+02 | 3.9442e+02    0.8211 True  True  | -1439.8 -7256.9 -
   0.25   72.00 | False True  False | 1133  297.22 6.8e-31     65.9 | 2.481546e-04 5.334e-04   0.465 4.639e-02   186.94 | 6.031519e+01 -4.547403e+02 -4.547400e+02 -4.547403e+02 | 5.0644e+02    0.8979 True  True  | -1460.5 -7359.8 -
   0.25   74.00 | False True  False | 1133  297.22 4.6e-31     62.4 | 1.868878e-04 4.913e-04   0.380 4.392e-02   235.00 | 7.156925e+01 -6.402696e+02 -6.402694e+02 -6.402696e+02 | 6.5029e+02    0.9846 True  True  | -1480.8 -7461.3 -
   0.25   76.00 | False True  False | 1133  297.22 3.2e-31     59.2 | 1.314534e-04 4.535e-04   0.290 4.164e-02   316.75 | 8.503416e+01 -9.038509e+02 -9.038508e+02 -9.038509e+02 | 8.3498e+02     1.082 True  True  | -1500.8 -7561.4 -
   0.25   78.00 | False True  False | 1133  297.22 2.2e-31     56.3 | 8.386315e-05 4.195e-04   0.200 3.953e-02   471.36 | 1.011587e+02 -1.279136e+03 -1.279136e+03 -1.279136e+03 | 1.0721e+03     1.193 True  True  | -1520.6 -7660.2 -
   0.25   80.00 | False True  False | 1133  297.22 1.6e-31     53.5 | 4.653801e-05 3.889e-04   0.120 3.758e-02   807.48 | 1.204851e+02 -1.814583e+03 -1.814583e+03 -1.814583e+03 | 1.3767e+03     1.318 True  True  | -1540.1 -7757.7 -
   0.25   82.00 | False True  False | 1133  297.22 1.1e-31     51.0 | 2.170369e-05 3.611e-04   0.060 3.577e-02  1648.02 | 1.436688e+02 -2.580092e+03 -2.580092e+03 -2.580092e+03 | 1.7677e+03      1.46 True  True  | -1559.4 -7854.0 -
   0.25   84.00 | False True  False | 1133  297.22 7.9e-32     48.7 | 8.416422e-06 3.359e-04   0.025 3.409e-02  4049.89 | 1.715026e+02 -3.676645e+03 -3.676645e+03 -3.676645e+03 | 2.2697e+03      1.62 True  True  | -1578.5 -7949.2 -
   0.25   86.00 | False True  False | 1133  297.22 5.7e-32     46.5 | 4.151534e-06 3.130e-04   0.013 3.252e-02  7833.02 | 2.049460e+02 -5.250359e+03 -5.250359e+03 -5.250359e+03 | 2.9144e+03     1.802 True  True  | -1597.3 -8043.2 -
   0.25   88.00 | False True  False | 1133  297.22 4.1e-32     44.4 | 6.358045e-06 2.921e-04   0.022 3.106e-02  4884.84 | 2.451608e+02 -7.512978e+03 -7.512978e+03 -7.512978e+03 | 3.7421e+03     2.008 True  True  | -1615.9 -8136.1 -
   0.25   90.00 | False True  False | 1133  297.22 3.0e-32     42.5 | 1.347561e-05 2.731e-04   0.049 2.969e-02  2203.49 | 2.935546e+02 -1.077179e+04 -1.077179e+04 -1.077179e+04 | 4.8050e+03     2.242 True  True  | -1634.3 -8228.0 -
   0.25   92.00 | False True  False | 1133  297.22 2.2e-32     40.7 | 2.367634e-05 2.557e-04   0.093 2.842e-02  1200.22 | 3.518338e+02 -1.547338e+04 -1.547338e+04 -1.547338e+04 | 6.1697e+03     2.508 True  True  | -1652.5 -8318.8 -
   0.25   94.00 | False True  False | 1133  297.22 1.6e-32     39.1 | 3.464970e-05 2.397e-04   0.145 2.722e-02   785.60 | 4.220680e+02 -2.226767e+04 -2.226767e+04 -2.226767e+04 | 7.9221e+03     2.811 True  True  | -1670.5 -8408.7 -
   0.25   96.00 | False True  False | 1133  297.22 1.2e-32     37.5 | 4.450204e-05 2.250e-04   0.198 2.610e-02   586.46 | 5.067683e+02 -3.210176e+04 -3.210176e+04 -3.210176e+04 | 1.0172e+04     3.156 True  True  | -1688.2 -8497.6 -
   0.25   98.00 | False True  False | 1133  297.22 9.1e-33     36.0 | 5.180631e-05 2.115e-04   0.245 2.504e-02   483.43 | 6.089836e+02 -4.635763e+04 -4.635763e+04 -4.635763e+04 | 1.3061e+04     3.549 True  True  | -1705.8 -8585.6 -
   0.25  100.00 | False True  True  | 1133  297.22 6.8e-33     34.6 | 5.555244e-05 1.991e-04   0.279 2.405e-02   432.98 | 7.324171e+02 -6.705436e+04 -6.705436e+04 -6.705436e+04 | 1.6771e+04     3.998 True  True  | -1723.3 -8672.7 -
   0.25  102.00 | False True  True  | 1133  297.22 5.2e-33     33.3 | 5.532897e-05 1.876e-04   0.295 2.312e-02   417.85 | 8.815692e+02 -9.714552e+04 -9.714552e+04 -9.714552e+04 | 2.1534e+04     4.511 True  True  | -1740.5 -8758.9 -
   0.25  104.00 | False True  True  | 1133  297.22 4.0e-33     32.1 | 5.170816e-05 1.770e-04   0.292 2.224e-02   430.08 | 1.061911e+03 -1.409569e+05 -1.409569e+05 -1.409569e+05 | 2.7651e+04     5.098 True  True  | -1757.6 -8844.3 -
   0.25  106.00 | False True  True  | 1133  297.22 3.0e-33     30.9 | 4.585299e-05 1.672e-04   0.274 2.141e-02   466.88 | 1.280098e+03 -2.048312e+05 -2.048312e+05 -2.048312e+05 | 3.5504e+04     5.769 True  True  | -1774.5 -8928.8 -
   0.25  108.00 | False True  True  | 1133  297.22 2.3e-33     29.8 | 3.863068e-05 1.580e-04   0.244 2.062e-02   533.84 | 1.544227e+03 -2.980797e+05 -2.980797e+05 -2.980797e+05 | 4.5589e+04     6.538 True  True  | -1791.3 -9012.6 -
   0.25  110.00 | False True  True  | 1133  297.22 1.8e-33     28.8 | 3.048893e-05 1.496e-04   0.204 1.988e-02   652.03 | 1.864159e+03 -4.343862e+05 -4.343862e+05 -4.343862e+05 | 5.8537e+04     7.421 True  True  | -1807.9 -9095.6 -
   0.25  112.00 | False True  True  | 1133  297.22 1.4e-33     27.8 | 2.199001e-05 1.417e-04   0.155 1.918e-02   872.04 | 2.251901e+03 -6.338823e+05 -6.338823e+05 -6.338823e+05 | 7.5163e+04     8.433 True  True  | -1824.3 -9177.8 -
   0.25  114.00 | False True  True  | 1133  297.22 1.1e-33     26.9 | 1.409411e-05 1.344e-04   0.105 1.851e-02  1313.28 | 2.722084e+03 -9.262174e+05 -9.262174e+05 -9.262174e+05 | 9.6511e+04     9.597 True  True  | -1840.6 -9259.3 -
   0.25  116.00 | False True  True  | 1133  297.22 8.6e-34     26.0 | 7.768551e-06 1.275e-04   0.061 1.788e-02  2301.20 | 3.292541e+03 -1.355103e+06 -1.355103e+06 -1.355103e+06 | 1.2392e+05     10.94 True  True  | -1856.7 -9340.1 -
   0.25  118.00 | False True  True  | 1133  297.22 6.7e-34     25.2 | 3.474930e-06 1.212e-04   0.029 1.728e-02  4971.70 | 3.985021e+03 -1.985049e+06 -1.985049e+06 -1.985049e+06 | 1.5912e+05     12.48 True  True  | -1872.8 -9420.2 -
   0.25  120.00 | False True  True  | 1133  297.22 5.3e-34     24.4 | 1.142992e-06 1.152e-04   0.010 1.671e-02 14615.53 | 4.826053e+03 -2.911349e+06 -2.911349e+06 -2.911349e+06 | 2.0431e+05     14.25 True  True  | -1888.6 -9499.6 -
   0.25  132.08 | True  True  True  | 1133  297.22 1.4e-34     20.3 | 9.659252e-06 8.641e-05   0.112 1.379e-02  1427.74 | 1.552283e+04 -3.011977e+07 -3.011977e+07 -3.011977e+07 | 9.2460e+05     32.58 True  True  | -1981.8 -9965.7 -
   0.25  477.66 | True  True  True  |  319   83.74 7.9e-32      2.5 | 2.551917e-09 1.827e-06   0.001 1.057e-03 414007.78 | 1.897908e+20 -4.502567e+39 -4.502567e+39 -4.502567e+39 | 5.3257e+24 8.454e+14 True  True  | -3763.5 -18930.1 -
   (rows with inside = False are MEASUREMENTS BELOW THE THEOREM'S HYPOTHESES -- where visibility begins -- not tests of the theorem; IV.9 / MAJOR-2 discipline)
   written /Users/jaytyagi/Library/Mobile Documents/com~apple~CloudDocs/Documents/Work/2026/Math/riemann/rh-program/results/c2-m2/campaign/rows_t1e6.csv / .json (sha256 4f60b78e4071c7f124d58cafb9c1b96bfa16fe001c0caff287ab0a584aecf638 / 9546ffb83218a6ef810f12793dc9965ca9566cb7ff18f23f0dfeb4eb9ec6a0b8)

(F) DERIVED BANDWIDTHS on the fine L-grid 3.0..120 step 0.1: L_sign = least L with W_Z < 0 (= 2 delta^2 c^2 > N_Z; E_- excluded), L_bal3 = least L with 2 delta^2 c^2 >= 3 N_Z
