  factorization of P over Q (factor, multiplicity): [('7*t**2 - 3*t + 1', 1)]   <- multiplicity > 1 = a DOUBLE Frobenius eigenvalue (an on-line double in the configuration)

=== genus 1: y^2 = x**3 + x + 1 over F_7 (squarefree: True) ===
  brute-force counts N_1..N_4 = [5, 55, 380, 2475]   (time 0.1 s)
  power sums s_1..s_4 = [3, -5, -36, -73]
  Newton + FE from s_1..s_1: P(t) = 7*t**2 - 3*t + 1
  predicted N_1..N_4 from the pinned P = [5, 55, 380, 2475]  -> match with brute force beyond n = g: True
  |alpha_i| = [2.645751311065, 2.645751311065]  vs sqrt(q) = 2.645751311065  -> all on the circle: True
  factorization of P over Q (factor, multiplicity): [('49*t**4 + 21*t**3 + 7*t**2 + 3*t + 1', 1)]   <- multiplicity > 1 = a DOUBLE Frobenius eigenvalue (an on-line double in the configuration)

=== genus 2: y^2 = x**5 + 3*x + 1 over F_7 (squarefree: True) ===
  brute-force counts N_1..N_4 = [11, 55, 371, 2419]   (time 0.3 s)
  power sums s_1..s_4 = [-3, -5, -27, -17]
  Newton + FE from s_1..s_2: P(t) = 49*t**4 + 21*t**3 + 7*t**2 + 3*t + 1
  predicted N_1..N_4 from the pinned P = [11, 55, 371, 2419]  -> match with brute force beyond n = g: True
  |alpha_i| = [2.645751311065, 2.645751311065, 2.645751311065, 2.645751311065]  vs sqrt(q) = 2.645751311065  -> all on the circle: True

  -- below g: m = 1 count(s) given, s_1..s_m = [-3] -> a_1..a_m = ['3'] --
     Toeplitz T_1 = [[4, -3*sqrt(7)/7], [-3*sqrt(7)/7, 4]]: rank 2 (=> N_d >= 2 for any on-circle configuration); PSD: True
     patterns searched in ascending N_d: infeasible = [(1, ((), (), 0, 4)), (1, ((), (), 4, 0)), (2, ((), (), 1, 3)), (2, ((), (), 2, 2)), (2, ((), (), 3, 1))]
     feasible (N_d, (eQ, eF, e+, e-), where): [(2, ((2,), (), 0, 0), 'circle')]
     exact minimum of N_d CIRCLE: N_d = 2 of 4 -> N_d/N = 1/2; pattern ((2,), (), 0, 0); parameters {'b0': -1.5}
     exact minimum of N_d STRIP : N_d = 2 of 4 -> N_d/N = 1/2; pattern ((2,), (), 0, 0); parameters {'b0': -1.5}
     Toeplitz rank bound N_d >= 2: ATTAINED on the circle
     two-moment-type relaxation (|c_k|^2 only, signs of s_k forgotten): the 2-point pattern Q^2 feasible for some sign choice: True -> relaxation minimum <= 1/2; exact on-circle minimum 1/2 -> relaxation tight
  factorization of P over Q (factor, multiplicity): [('7*t**2 + 1', 3)]   <- multiplicity > 1 = a DOUBLE Frobenius eigenvalue (an on-line double in the configuration)

=== genus 3: y^2 = x**7 + x + 1 over F_7 (squarefree: True) ===
  brute-force counts N_1..N_4 = [8, 92, 344, 2108]   (time 0.5 s)
  power sums s_1..s_4 = [0, -42, 0, 294]
  Newton + FE from s_1..s_3: P(t) = 343*t**6 + 147*t**4 + 21*t**2 + 1
  predicted N_1..N_4 from the pinned P = [8, 92, 344, 2108]  -> match with brute force beyond n = g: True
  |alpha_i| = [2.645751311065, 2.645751311065, 2.645751311065, 2.645751311065, 2.645751311065, 2.645751311065]  vs sqrt(q) = 2.645751311065  -> all on the circle: True

  -- below g: m = 1 count(s) given, s_1..s_m = [0] -> a_1..a_m = ['0'] --
     Toeplitz T_1 = [[6, 0], [0, 6]]: rank 2 (=> N_d >= 2 for any on-circle configuration); PSD: True
     patterns searched in ascending N_d: infeasible = [(1, ((), (), 0, 6)), (1, ((), (), 6, 0)), (2, ((), (), 1, 5)), (2, ((), (), 2, 4)), (2, ((), (), 4, 2)), (2, ((), (), 5, 1))]
     feasible (N_d, (eQ, eF, e+, e-), where): [(2, ((), (), 3, 3), 'circle'), (2, ((3,), (), 0, 0), 'circle')]
     exact minimum of N_d CIRCLE: N_d = 2 of 6 -> N_d/N = 1/3; pattern ((), (), 3, 3); parameters {}
     exact minimum of N_d STRIP : N_d = 2 of 6 -> N_d/N = 1/3; pattern ((), (), 3, 3); parameters {}
     Toeplitz rank bound N_d >= 2: ATTAINED on the circle
     two-moment-type relaxation (|c_k|^2 only, signs of s_k forgotten): the 2-point pattern Q^3 feasible for some sign choice: True -> relaxation minimum <= 1/3; exact on-circle minimum 1/3 -> relaxation tight

  -- below g: m = 2 count(s) given, s_1..s_m = [0, -42] -> a_1..a_m = ['0', '21'] --
     Toeplitz T_2 = [[6, 0, -6], [0, 6, 0], [-6, 0, 6]]: rank 2 (=> N_d >= 2 for any on-circle configuration); PSD: True
     patterns searched in ascending N_d: infeasible = [(1, ((), (), 0, 6)), (1, ((), (), 6, 0)), (2, ((), (), 1, 5)), (2, ((), (), 2, 4)), (2, ((), (), 3, 3)), (2, ((), (), 4, 2)), (2, ((), (), 5, 1))]
     feasible (N_d, (eQ, eF, e+, e-), where): [(2, ((3,), (), 0, 0), 'circle')]
     exact minimum of N_d CIRCLE: N_d = 2 of 6 -> N_d/N = 1/3; pattern ((3,), (), 0, 0); parameters {'b0': 0.0}
     exact minimum of N_d STRIP : N_d = 2 of 6 -> N_d/N = 1/3; pattern ((3,), (), 0, 0); parameters {'b0': 0.0}
     Toeplitz rank bound N_d >= 2: ATTAINED on the circle
     two-moment-type relaxation (|c_k|^2 only, signs of s_k forgotten): the 2-point pattern Q^3 feasible for some sign choice: True -> relaxation minimum <= 1/3; exact on-circle minimum 1/3 -> relaxation tight

total 0.5 s
