[18:27:45]   seed scan N=12 on [636.0, 701.0] x (0,12]: 8 zeros
    march N=12: 10 added, last 723.8797+14.0080i
    march N=12: 20 added, last 747.7640+21.7298i
    march N=12: 30 added, last 771.5446+29.3209i
    march N=12: 40 added, last 795.2237+36.7894i
    march N=12: 50 added, last 818.8040+44.1426i
    march N=12: 60 added, last 842.2880+51.3874i
    march N=12: 70 added, last 865.6780+58.5297i
    march N=12: 80 added, last 888.9766+65.5751i
    march N=12: 90 added, last 912.1861+72.5288i
    march N=12: 100 added, last 935.3089+79.3956i
    march N=12: 110 added, last 958.3472+86.1796i
    march N=12: 120 added, last 981.3031+92.8850i
    march N=12: 130 added, last 1004.1789+99.5155i
    march N=12: 140 added, last 1026.9766+106.0744i
    march N=12: 150 added, last 1049.6982+112.5651i
    march N=12: 160 added, last 1072.3455+118.9903i
    march N=12: 170 added, last 1094.9205+125.3530i
    march N=12: 180 added, last 1117.4249+131.6557i
    march N=12: 190 added, last 1139.8603+137.9007i
    march N=12: 200 added, last 1162.2286+144.0905i
    march N=12: 210 added, last 1184.5311+150.2270i
    march N=12: 220 added, last 1206.7696+156.3122i
    march N=12: 230 added, last 1228.9454+162.3481i
    march N=12: 240 added, last 1251.0600+168.3364i
[18:28:02]   255 independent seeds for Xi_12 (25s)
[18:28:02] k=12 P1 window [0.000, 1261.504]
[18:28:44]   axis: R_k=401 R_k+1=483 max=41 min=0 unresolved=0 consistent=True (43s)
[18:28:44]   located 252 non-real zeros of Xi_12
