[17:45:02]   seed scan N=50 on [10364.0, 10429.0] x (0,12]: 10 zeros
    march N=50: 10 added, last 10444.6661+6.9265i
    march N=50: 20 added, last 10460.8815+10.3580i
    march N=50: 30 added, last 10477.0957+13.7880i
    march N=50: 40 added, last 10493.3071+17.2158i
    march N=50: 50 added, last 10509.5156+20.6415i
    march N=50: 60 added, last 10525.7214+24.0653i
    march N=50: 70 added, last 10541.9244+27.4870i
    march N=50: 80 added, last 10558.1246+30.9068i
    march N=50: 90 added, last 10574.3221+34.3246i
    march N=50: 100 added, last 10590.5167+37.7404i
    march N=50: 110 added, last 10606.7086+41.1542i
    march N=50: 120 added, last 10622.8977+44.5660i
    march N=50: 130 added, last 10639.0840+47.9759i
    march N=50: 140 added, last 10655.2676+51.3838i
    march N=50: 150 added, last 10671.4485+54.7898i
    march N=50: 160 added, last 10687.6265+58.1938i
    march N=50: 170 added, last 10703.8019+61.5959i
    march N=50: 180 added, last 10719.9745+64.9960i
    march N=50: 190 added, last 10736.1444+68.3942i
    march N=50: 200 added, last 10752.3115+71.7904i
    march N=50: 210 added, last 10768.4759+75.1848i
    march N=50: 220 added, last 10784.6376+78.5772i
    march N=50: 230 added, last 10800.7965+81.9677i
    march N=50: 240 added, last 10816.9528+85.3563i
    march N=50: 250 added, last 10833.1064+88.7431i
    march N=50: 260 added, last 10849.2572+92.1279i
[17:45:04]   278 seeds for Xi_50 (64s)
[17:45:04] k=50 P2 window [10364.000, 10856.000]
[17:45:38]   axis: R_k=58 R_k+1=546 max=244 min=0 unresolved=0 consistent=True (33s)
[17:45:38]   located 274 non-real zeros of Xi_50
