[17:40:03]   seed scan N=35 on [5144.0, 5209.0] x (0,12]: 9 zeros
    march N=35: 10 added, last 5226.5274+8.2278i
    march N=35: 20 added, last 5244.2497+12.3590i
    march N=35: 30 added, last 5261.9646+16.4849i
    march N=35: 40 added, last 5279.6723+20.6051i
    march N=35: 50 added, last 5297.3731+24.7195i
    march N=35: 60 added, last 5315.0668+28.8283i
    march N=35: 70 added, last 5332.7535+32.9315i
    march N=35: 80 added, last 5350.4333+37.0291i
    march N=35: 90 added, last 5368.1061+41.1212i
    march N=35: 100 added, last 5385.7721+45.2077i
    march N=35: 110 added, last 5403.4311+49.2887i
    march N=35: 120 added, last 5421.0833+53.3643i
    march N=35: 130 added, last 5438.7287+57.4344i
    march N=35: 140 added, last 5456.3672+61.4992i
    march N=35: 150 added, last 5473.9990+65.5587i
    march N=35: 160 added, last 5491.6240+69.6128i
    march N=35: 170 added, last 5509.2422+73.6616i
[17:40:04]   186 seeds for Xi_35 (39s)
[17:40:04] k=35 P2 window [5144.000, 5516.000]
[17:40:19]   axis: R_k=53 R_k+1=363 max=155 min=0 unresolved=0 consistent=True (15s)
[17:40:19]   located 182 non-real zeros of Xi_35
[17:43:23]   traced 182 branches (199s)
[17:44:00] SUMMARY k=35 P2: {"R_k": 53, "R_k1": 363, "nonreal_k": 182, "nonreal_k1": 19, "branches": 182, "landings": 155, "nonreal_ends": 19, "exits": 8, "worst_dy": -3.013605012810443e-07, "min_margin": 0.8763093655850621, "checks": {"count_k": true, "count_k1": true, "Y_stable_k": true, "Y_stable_k1": true, "landings_eq_half_real_diff": true, "landings_match_maxima": true, "all_Xik1_nonreal_are_ends": true, "axis_no_min": true, "axis_intervals_consistent": true, "axis_ends_outside_01": true}, "Y": 80.0, "arb_maxrel": 9.093808710933987e-13, "arb_maxprec": 296, "secs": 202.5}
[17:44:00] hygiene: {"retrace": [{"i": 0, "end": "landed", "end2": "landed", "dx_land": 9.094947017729282e-11, "du_land_rel": 0.0}, {"i": 10, "end": "landed", "end2": "landed", "dx_land": 2.455635694786906e-10, "du_land_rel": 0.0}, {"i": 20, "end": "landed", "end2": "landed", "dx_land": 1.5006662579253316e-10, "du_land_rel": 0.0}, {"i": 30, "end": "landed", "end2": "landed", "dx_land": 1.2005330063402653e-10, "du_land_rel": 0.0}, {"i": 40, "end": "landed", "end2": "landed", "dx_land": 0.0, "du_land_rel": 0.0}, {"i": 50, "end": "landed", "end2": "landed", "dx_land": 1.8189894035458565e-12, "du_land_rel": 0.0}, {"i": 60, "end": "landed", "end2": "landed", "dx_land": 4.18367562815547e-11, "du_land_rel": 0.0}, {"i": 70, "end": "landed", "end2": "landed", "dx_land": 3.6197889130562544e-10, "du_land_rel": 0.0}, {"i": 80, "end": "landed", "end2": "landed", "dx_land": 1.2005330063402653e-10, "du_land_rel": 0.0}, {"i": 90, "end": "landed", "end2": "landed", "dx_land": 2.582964953035116e-10, "du_land_rel": 0.0}, {"i": 100, "end": "landed", "end2": "landed", "dx_land": 6.71207089908421e-10, "du_land_rel": 0.0}, {"i": 110, "end": "landed", "end2": "landed", "dx_land": 7.275957614183426e-12, "du_land_rel": 0.0}, {"i": 120, "end": "landed", "end2": "landed", "dx_land": 8.276401786133647e-11, "du_land_rel": 0.0}, {"i": 130, "end": "landed", "end2": "landed", "dx_land": 4.3655745685100555e-11, "du_land_rel": 0.0}, {"i": 140, "end": "landed", "end2": "landed", "dx_land": 7.275957614183426e-12, "du_land_rel": 0.0}, {"i": 150, "end": "landed", "end2": "landed", "dx_land": 1.27965904539451e-09, "du_land_rel": 0.0}, {"i": 160, "end": "u0", "end2": "u0", "dz_end": 0.0}, {"i": 170, "end": "u0", "end2": "u0", "dz_end": 0.0}, {"i": 180, "end": "exit-right", "end2": "exit-right", "dz_end": null}], "LT": null}
[17:44:00] wrote /Users/jaytyagi/Library/Mobile Documents/com~apple~CloudDocs/Documents/Work/2026/Math/riemann/rh-program/results/haglund-conj4/A-track/code/../data/frontier_k35.json (1301 kB)
