[16:47:57]   seed scan N=26 on [2876.0, 2941.0] x (0,12]: 10 zeros
    march N=26: 10 added, last 2960.2012+9.5495i
    march N=26: 20 added, last 2979.3686+14.4207i
    march N=26: 30 added, last 2998.5206+19.2783i
    march N=26: 40 added, last 3017.6575+24.1220i
    march N=26: 50 added, last 3036.7793+28.9523i
    march N=26: 60 added, last 3055.8861+33.7691i
    march N=26: 70 added, last 3074.9781+38.5727i
    march N=26: 80 added, last 3094.0554+43.3632i
    march N=26: 90 added, last 3113.1180+48.1408i
    march N=26: 100 added, last 3132.1660+52.9056i
    march N=26: 110 added, last 3151.1996+57.6578i
    march N=26: 120 added, last 3170.2187+62.3975i
[16:47:59]   136 seeds for Xi_26 (56s)
[16:47:59] k=26 P2 window [2876.000, 3176.000]
[16:48:22]   axis: R_k=45 R_k+1=263 max=109 min=0 unresolved=0 consistent=True (23s)
[16:48:22]   located 133 non-real zeros of Xi_26
[16:51:20]   traced 133 branches (201s)
[16:52:10] SUMMARY k=26 P2: {"R_k": 45, "R_k1": 263, "nonreal_k": 133, "nonreal_k1": 17, "branches": 133, "landings": 109, "nonreal_ends": 17, "exits": 7, "worst_dy": -3.0095986083372726e-07, "min_margin": 0.8681126415121396, "checks": {"count_k": true, "count_k1": true, "Y_stable_k": true, "Y_stable_k1": true, "landings_eq_half_real_diff": true, "landings_match_maxima": true, "all_Xik1_nonreal_are_ends": true, "axis_no_min": true, "axis_intervals_consistent": true, "axis_ends_outside_01": true}, "Y": 69.0, "arb_maxrel": 9.020863463437798e-13, "arb_maxprec": 294, "secs": 220.3}
[16:52:10] hygiene: {"retrace": [{"i": 0, "end": "landed", "end2": "landed", "dx_land": 0.0, "du_land_rel": 0.0}, {"i": 10, "end": "landed", "end2": "landed", "dx_land": 1.7280399333685637e-11, "du_land_rel": 0.0}, {"i": 20, "end": "landed", "end2": "landed", "dx_land": 3.5697667044587433e-10, "du_land_rel": 0.0}, {"i": 30, "end": "landed", "end2": "landed", "dx_land": 1.800799509510398e-10, "du_land_rel": 0.0}, {"i": 40, "end": "landed", "end2": "landed", "dx_land": 4.001776687800884e-11, "du_land_rel": 0.0}, {"i": 50, "end": "landed", "end2": "landed", "dx_land": 1.7462298274040222e-10, "du_land_rel": 0.0}, {"i": 60, "end": "landed", "end2": "landed", "dx_land": 0.0, "du_land_rel": 0.0}, {"i": 70, "end": "landed", "end2": "landed", "dx_land": 1.9599610823206604e-10, "du_land_rel": 0.0}, {"i": 80, "end": "landed", "end2": "landed", "dx_land": 2.7284841053187847e-12, "du_land_rel": 0.0}, {"i": 90, "end": "landed", "end2": "landed", "dx_land": 1.2505552149377763e-10, "du_land_rel": 0.0}, {"i": 100, "end": "landed", "end2": "landed", "dx_land": 1.0913936421275139e-10, "du_land_rel": 0.0}, {"i": 110, "end": "u0", "end2": "u0", "dz_end": 0.0}, {"i": 120, "end": "u0", "end2": "u0", "dz_end": 0.0}, {"i": 130, "end": "exit-right", "end2": "exit-right", "dz_end": null}], "LT": null}
[16:52:10] wrote /Users/jaytyagi/Library/Mobile Documents/com~apple~CloudDocs/Documents/Work/2026/Math/riemann/rh-program/results/haglund-conj4/A-track/code/../data/frontier_k26.json (936 kB)
