ft_mp moments: series=plus N=630783 c=316733/400000 + i(-10000000389717/4) R=48 prec=288 -> moments/row2-plus.json
  plus block  0 [      1,       1]: 0.0s  |m_0| ~ 1.000e+00
  plus block  1 [      2,       3]: 0.0s  |m_0| ~ 9.878e-01
  plus block  2 [      4,       7]: 0.0s  |m_0| ~ 1.047e+00
  plus block  3 [      8,      15]: 0.0s  |m_0| ~ 1.151e+00
  plus block  4 [     16,      31]: 0.0s  |m_0| ~ 1.062e+00
  plus block  5 [     32,      63]: 0.0s  |m_0| ~ 9.029e-01
  plus block  6 [     64,     127]: 0.0s  |m_0| ~ 9.802e-01
  plus block  7 [    128,     255]: 0.1s  |m_0| ~ 8.131e-01
  plus block  8 [    256,     511]: 0.2s  |m_0| ~ 7.072e-01
  plus block  9 [    512,    1023]: 0.3s  |m_0| ~ 6.164e-01
  plus block 10 [   1024,    2047]: 0.6s  |m_0| ~ 5.547e-01
  plus block 11 [   2048,    4095]: 1.3s  |m_0| ~ 4.770e-01
  plus block 12 [   4096,    8191]: 2.6s  |m_0| ~ 3.523e-01
  plus block 13 [   8192,   16383]: 5.2s  |m_0| ~ 3.228e-01
  plus block 14 [  16384,   32767]: 10.6s  |m_0| ~ 2.526e-01
  plus block 15 [  32768,   65535]: 21.5s  |m_0| ~ 2.007e-01
  plus block 16 [  65536,  131071]: 43.6s  |m_0| ~ 1.743e-01
  plus block 17 [ 131072,  262143]: 88.2s  |m_0| ~ 1.358e-01
  plus block 18 [ 262144,  524287]: 175.1s  |m_0| ~ 1.200e-01
  plus block 19 [ 524288,  630783]: 71.6s  |m_0| ~ 2.658e-02
done in 421.1s
