ft_mp moments: series=minus N=630783 c=83267/400000 + i(10000000389717/4) R=48 prec=288 -> moments/row2-minus.json
  minus block  0 [      1,       1]: 0.0s  |m_0| ~ 1.000e+00
  minus block  1 [      2,       3]: 0.0s  |m_0| ~ 1.646e+00
  minus block  2 [      4,       7]: 0.0s  |m_0| ~ 2.758e+00
  minus block  3 [      8,      15]: 0.0s  |m_0| ~ 4.678e+00
  minus block  4 [     16,      31]: 0.0s  |m_0| ~ 6.627e+00
  minus block  5 [     32,      63]: 0.0s  |m_0| ~ 8.189e+00
  minus block  6 [     64,     127]: 0.0s  |m_0| ~ 1.377e+01
  minus block  7 [    128,     255]: 0.1s  |m_0| ~ 1.713e+01
  minus block  8 [    256,     511]: 0.2s  |m_0| ~ 2.218e+01
  minus block  9 [    512,    1023]: 0.3s  |m_0| ~ 2.908e+01
  minus block 10 [   1024,    2047]: 0.6s  |m_0| ~ 3.863e+01
  minus block 11 [   2048,    4095]: 1.3s  |m_0| ~ 5.039e+01
  minus block 12 [   4096,    8191]: 2.6s  |m_0| ~ 5.508e+01
  minus block 13 [   8192,   16383]: 5.2s  |m_0| ~ 7.590e+01
  minus block 14 [  16384,   32767]: 10.6s  |m_0| ~ 8.978e+01
  minus block 15 [  32768,   65535]: 21.5s  |m_0| ~ 1.060e+02
  minus block 16 [  65536,  131071]: 43.4s  |m_0| ~ 1.403e+02
  minus block 17 [ 131072,  262143]: 87.9s  |m_0| ~ 1.611e+02
  minus block 18 [ 262144,  524287]: 174.4s  |m_0| ~ 2.121e+02
  minus block 19 [ 524288,  630783]: 71.5s  |m_0| ~ 6.081e+01
done in 419.6s
