s8gen: t=5.0929581789406511-3.15e-16 rho=0.19634954084936207 tau=0.5 delta=0 (delta/t=0) X=1e+10 Kmax=1963495408
CK x=10 N=3 pi=2 E=0.232854 supE=0.500000 (at 1) supE/log2x=0.0943 maxgap=1 cells (5.0930; at cell 2) maxbusy=0 emax=0 minmargin=2.268e-01 nflag=0
CK x=17.7828 N=4 pi=2 E=-0.295294 supE=0.726760 (at 12.57751397) supE/log2x=0.0877 maxgap=1 cells (5.0930; at cell 2) maxbusy=1 emax=0 minmargin=2.268e-01 nflag=0
CK x=31.6228 N=8 pi=5 E=0.987232 supE=0.726760 (at 12.57751397) supE/log2x=0.0609 maxgap=2 cells (10.1859; at cell 4) maxbusy=1 emax=0 minmargin=4.084e-02 nflag=0
CK x=56.2341 N=12 pi=8 E=0.154803 supE=1.438003 (at 44.60589016) supE/log2x=0.0886 maxgap=2 cells (10.1859; at cell 4) maxbusy=1 emax=0 minmargin=4.084e-02 nflag=0
CK x=100 N=20 pi=13 E=-0.438605 supE=1.438003 (at 44.60589016) supE/log2x=0.0678 maxgap=3 cells (15.2789; at cell 16) maxbusy=2 emax=0 minmargin=4.084e-02 nflag=0
CK x=177.828 N=36 pi=23 E=0.279915 supE=2.261970 (at 162.6404617) supE/log2x=0.0843 maxgap=4 cells (20.3718; at cell 35) maxbusy=3 emax=1 minmargin=2.957e-02 nflag=0
CK x=316.228 N=63 pi=41 E=0.105173 supE=2.261970 (at 162.6404617) supE/log2x=0.0683 maxgap=4 cells (20.3718; at cell 35) maxbusy=3 emax=1 minmargin=2.957e-02 nflag=0
CK x=562.341 N=114 pi=68 E=2.780889 supE=2.507034 (at 558.6430961) supE/log2x=0.0625 maxgap=4 cells (20.3718; at cell 35) maxbusy=3 emax=2 minmargin=4.236e-03 nflag=0
CK x=1000 N=198 pi=118 E=0.846809 supE=3.038130 (at 561.031205) supE/log2x=0.0637 maxgap=7 cells (35.6507; at cell 116) maxbusy=6 emax=2 minmargin=4.236e-03 nflag=0
CK x=1778.28 N=350 pi=199 E=0.032004 supE=3.038130 (at 561.031205) supE/log2x=0.0543 maxgap=7 cells (35.6507; at cell 116) maxbusy=6 emax=2 minmargin=1.361e-03 nflag=0
CK x=3162.28 N=622 pi=340 E=0.284583 supE=3.337984 (at 2764.754951) supE/log2x=0.0514 maxgap=8 cells (40.7437; at cell 393) maxbusy=7 emax=2 minmargin=1.361e-03 nflag=0
CK x=5623.41 N=1105 pi=578 E=0.041740 supE=3.337984 (at 2764.754951) supE/log2x=0.0448 maxgap=13 cells (66.2085; at cell 699) maxbusy=12 emax=2 minmargin=8.580e-04 nflag=0
CK x=10000 N=1964 pi=990 E=-0.299059 supE=3.535094 (at 7204.810612) supE/log2x=0.0417 maxgap=13 cells (66.2085; at cell 699) maxbusy=12 emax=3 minmargin=8.580e-04 nflag=0
CK x=17782.8 N=3492 pi=1689 E=-0.447107 supE=4.363169 (at 13240.84166) supE/log2x=0.0456 maxgap=16 cells (81.4873; at cell 3093) maxbusy=15 emax=3 minmargin=1.798e-04 nflag=0
CK x=31622.8 N=6211 pi=2888 E=1.078683 supE=4.399547 (at 27495.84633) supE/log2x=0.0410 maxgap=16 cells (81.4873; at cell 3093) maxbusy=15 emax=3 minmargin=1.798e-04 nflag=0
CK x=56234.1 N=11043 pi=4931 E=0.650249 supE=5.075883 (at 46962.7809) supE/log2x=0.0424 maxgap=17 cells (86.5803; at cell 10382) maxbusy=16 emax=4 minmargin=2.094e-05 nflag=0
CK x=100000 N=19637 pi=8415 E=1.242265 supE=6.880053 (at 98820.27843) supE/log2x=0.0519 maxgap=35 cells (178.2535; at cell 19412) maxbusy=34 emax=6 minmargin=2.094e-05 nflag=0
CK x=177828 N=34919 pi=14412 E=1.761783 supE=7.219723 (at 171622.3857) supE/log2x=0.0494 maxgap=35 cells (178.2535; at cell 19412) maxbusy=34 emax=6 minmargin=2.094e-05 nflag=0
CK x=316228 N=62092 pi=24680 E=0.019688 supE=7.480272 (at 255089.5503) supE/log2x=0.0466 maxgap=35 cells (178.2535; at cell 19412) maxbusy=34 emax=6 minmargin=1.963e-05 nflag=0
CK x=562341 N=110417 pi=42340 E=0.735348 supE=7.721334 (at 467749.8843) supE/log2x=0.0440 maxgap=35 cells (178.2535; at cell 19412) maxbusy=34 emax=7 minmargin=1.963e-05 nflag=0
CK x=1e+06 N=196350 pi=72603 E=-0.344500 supE=9.636203 (at 704679.8253) supE/log2x=0.0505 maxgap=49 cells (249.5550; at cell 166760) maxbusy=48 emax=9 minmargin=9.355e-08 nflag=0
CK x=1.77828e+06 N=349165 pi=124636 E=-0.149313 supE=9.636203 (at 704679.8253) supE/log2x=0.0465 maxgap=49 cells (249.5550; at cell 166760) maxbusy=48 emax=9 minmargin=9.355e-08 nflag=0
CK x=3.16228e+06 N=620915 pi=214016 E=2.429737 supE=10.768944 (at 2881195.571) supE/log2x=0.0481 maxgap=49 cells (249.5550; at cell 166760) maxbusy=48 emax=10 minmargin=9.355e-08 nflag=0
CK x=5.62341e+06 N=1104155 pi=368162 E=-0.413668 supE=10.768944 (at 2881195.571) supE/log2x=0.0446 maxgap=65 cells (331.0423; at cell 736831) maxbusy=64 emax=10 minmargin=9.355e-08 nflag=0
CK x=1e+07 N=1963496 pi=633514 E=-0.212144 supE=12.838454 (at 9701099.12) supE/log2x=0.0494 maxgap=66 cells (336.1352; at cell 1168776) maxbusy=65 emax=12 minmargin=9.355e-08 nflag=0
CK x=1.77828e+07 N=3491647 pi=1090974 E=2.739719 supE=13.499911 (at 16687982.47) supE/log2x=0.0484 maxgap=85 cells (432.9014; at cell 2012803) maxbusy=84 emax=12 minmargin=9.355e-08 nflag=0
CK x=3.16228e+07 N=6209119 pi=1879642 E=0.530227 supE=14.714496 (at 21331017.45) supE/log2x=0.0493 maxgap=85 cells (432.9014; at cell 2012803) maxbusy=84 emax=14 minmargin=9.355e-08 nflag=0
CK x=5.62341e+07 N=11041549 pi=3241358 E=2.096175 supE=14.714496 (at 21331017.45) supE/log2x=0.0462 maxgap=103 cells (524.5747; at cell 10746191) maxbusy=102 emax=14 minmargin=9.355e-08 nflag=0
CK x=1e+08 N=19634955 pi=5593120 E=0.111413 supE=16.363906 (at 84107061.12) supE/log2x=0.0482 maxgap=106 cells (539.8536; at cell 18692967) maxbusy=105 emax=15 minmargin=9.355e-08 nflag=0
CK x=1.77828e+08 N=34916436 pi=9658314 E=0.630048 supE=16.554276 (at 165291115.5) supE/log2x=0.0459 maxgap=128 cells (651.8986; at cell 28608484) maxbusy=127 emax=16 minmargin=4.481e-08 nflag=0
CK x=3.16228e+08 N=62091178 pi=16689630 E=0.535124 supE=17.862067 (at 207317624.3) supE/log2x=0.0466 maxgap=128 cells (651.8986; at cell 28608484) maxbusy=127 emax=17 minmargin=3.935e-08 nflag=0
CK x=5.62341e+08 N=110415463 pi=28857009 E=1.194603 supE=18.268962 (at 449909460.2) supE/log2x=0.0450 maxgap=154 cells (784.3156; at cell 110059446) maxbusy=153 emax=17 minmargin=2.147e-09 nflag=0
CK x=1e+09 N=196349548 pi=49924829 E=6.346987 supE=18.536516 (at 854159250.6) supE/log2x=0.0432 maxgap=155 cells (789.4085; at cell 169346192) maxbusy=154 emax=18 minmargin=2.147e-09 nflag=0
CK x=1.77828e+09 N=349164346 pi=86423980 E=-0.466667 supE=21.417966 (at 1328502902) supE/log2x=0.0472 maxgap=186 cells (947.2902; at cell 281340598) maxbusy=185 emax=20 minmargin=2.147e-09 nflag=0
CK x=3.16228e+09 N=620911771 pi=149701129 E=3.584093 supE=21.656057 (at 2108951443) supE/log2x=0.0453 maxgap=189 cells (962.5691; at cell 414091742) maxbusy=188 emax=21 minmargin=2.147e-09 nflag=0
CK x=5.62341e+09 N=1104154614 pi=259451348 E=3.178881 supE=25.209397 (at 4978318583) supE/log2x=0.0500 maxgap=225 cells (1145.9156; at cell 946641384) maxbusy=224 emax=24 minmargin=3.020e-11 nflag=0
FINAL Kmax=1963495408 x_K=9999999996 N(x_K)=1963495409 pi=449911828 composites=1513583580 supE=26.136994 at 6574256306 supE/log2X=0.04930 maxgap=240 cells (1222.3100) at cell 1768110379 maxbusy=239 at cell 1768110378 emax=25 e_K=0
AUDIT minmargin=3.0205e-11 at 5384739853 flagged(<1e-15)=0 count-overflow=0 max-factors=18
first primes: 3.5464790895 8.6394372684 18.8253536263 23.9183118052 29.0112699842 39.1971863421
