s8gen: t=10.185916357881302-6.3e-16 rho=0.098174770424681035 tau=0.5 delta=0 (delta/t=0) X=1e+09 Kmax=98174770
CK x=10 N=2 pi=1 E=0.116427 supE=0.500000 (at 1) supE/log2x=0.0943 maxgap=0 cells (0.0000; at cell 0) maxbusy=0 emax=0 minmargin=1.000e+00 nflag=0
CK x=17.7828 N=3 pi=2 E=0.352353 supE=0.500000 (at 1) supE/log2x=0.0604 maxgap=1 cells (10.1859; at cell 2) maxbusy=0 emax=0 minmargin=1.000e+00 nflag=0
CK x=31.6228 N=4 pi=3 E=-0.006384 supE=0.500000 (at 1) supE/log2x=0.0419 maxgap=1 cells (10.1859; at cell 2) maxbusy=0 emax=0 minmargin=1.000e+00 nflag=0
CK x=56.2341 N=6 pi=4 E=-0.422598 supE=1.453521 (at 37.12413939) supE/log2x=0.0895 maxgap=1 cells (10.1859; at cell 2) maxbusy=1 emax=0 minmargin=4.648e-02 nflag=0
CK x=100 N=12 pi=9 E=1.280698 supE=1.453521 (at 37.12413939) supE/log2x=0.0685 maxgap=2 cells (20.3718; at cell 6) maxbusy=1 emax=0 minmargin=4.648e-02 nflag=0
CK x=177.828 N=18 pi=14 E=-0.360043 supE=1.453521 (at 37.12413939) supE/log2x=0.0542 maxgap=2 cells (20.3718; at cell 6) maxbusy=1 emax=0 minmargin=4.648e-02 nflag=0
CK x=316.228 N=32 pi=25 E=0.052586 supE=1.891451 (at 226.1958285) supE/log2x=0.0571 maxgap=3 cells (30.5577; at cell 25) maxbusy=2 emax=1 minmargin=2.394e-02 nflag=0
CK x=562.341 N=56 pi=44 E=-0.109556 supE=1.891451 (at 226.1958285) supE/log2x=0.0472 maxgap=3 cells (30.5577; at cell 25) maxbusy=2 emax=1 minmargin=2.394e-02 nflag=0
CK x=1000 N=99 pi=75 E=-0.076596 supE=1.891451 (at 226.1958285) supE/log2x=0.0396 maxgap=4 cells (40.7437; at cell 62) maxbusy=3 emax=1 minmargin=2.394e-02 nflag=0
CK x=1778.28 N=176 pi=134 E=0.516002 supE=1.891451 (at 226.1958285) supE/log2x=0.0338 maxgap=4 cells (40.7437; at cell 62) maxbusy=3 emax=1 minmargin=1.399e-03 nflag=0
CK x=3162.28 N=311 pi=232 E=-0.357709 supE=2.921110 (at 2089.916419) supE/log2x=0.0450 maxgap=5 cells (50.9296; at cell 210) maxbusy=4 emax=2 minmargin=1.399e-03 nflag=0
CK x=5623.41 N=554 pi=401 E=1.020870 supE=2.921110 (at 2089.916419) supE/log2x=0.0392 maxgap=5 cells (50.9296; at cell 210) maxbusy=4 emax=2 minmargin=1.399e-03 nflag=0
CK x=10000 N=983 pi=700 E=0.350471 supE=3.019665 (at 6570.715746) supE/log2x=0.0356 maxgap=6 cells (61.1155; at cell 759) maxbusy=5 emax=2 minmargin=1.092e-03 nflag=0
CK x=17782.8 N=1749 pi=1214 E=2.276446 supE=3.422433 (at 12545.74609) supE/log2x=0.0357 maxgap=7 cells (71.3014; at cell 1055) maxbusy=6 emax=2 minmargin=1.092e-03 nflag=0
CK x=31622.8 N=3105 pi=2106 E=-0.460658 supE=4.830797 (at 23002.52263) supE/log2x=0.0450 maxgap=7 cells (71.3014; at cell 1055) maxbusy=6 emax=4 minmargin=1.092e-03 nflag=0
CK x=56234.1 N=5522 pi=3659 E=0.325125 supE=4.830797 (at 23002.52263) supE/log2x=0.0404 maxgap=9 cells (91.6732; at cell 5423) maxbusy=8 emax=4 minmargin=1.744e-05 nflag=0
CK x=100000 N=9818 pi=6350 E=-0.378868 supE=4.830797 (at 23002.52263) supE/log2x=0.0364 maxgap=13 cells (132.4169; at cell 7510) maxbusy=12 emax=4 minmargin=1.744e-05 nflag=0
CK x=177828 N=17459 pi=11027 E=-0.119108 supE=5.486179 (at 138035.5863) supE/log2x=0.0375 maxgap=13 cells (132.4169; at cell 7510) maxbusy=12 emax=4 minmargin=1.744e-05 nflag=0
CK x=316228 N=31047 pi=19139 E=0.509844 supE=5.486179 (at 138035.5863) supE/log2x=0.0342 maxgap=13 cells (132.4169; at cell 7510) maxbusy=12 emax=4 minmargin=2.807e-06 nflag=0
CK x=562341 N=55209 pi=33235 E=0.367674 supE=5.773484 (at 483151.8779) supE/log2x=0.0329 maxgap=15 cells (152.7887; at cell 47445) maxbusy=14 emax=5 minmargin=2.807e-06 nflag=0
CK x=1e+06 N=98177 pi=57724 E=1.327750 supE=6.393137 (at 877096.0672) supE/log2x=0.0335 maxgap=17 cells (173.1606; at cell 85942) maxbusy=16 emax=5 minmargin=2.807e-06 nflag=0
CK x=1.77828e+06 N=174586 pi=100283 E=2.925343 supE=6.393137 (at 877096.0672) supE/log2x=0.0309 maxgap=17 cells (173.1606; at cell 85942) maxbusy=16 emax=5 minmargin=2.807e-06 nflag=0
CK x=3.16228e+06 N=310457 pi=174263 E=0.214869 supE=6.393137 (at 877096.0672) supE/log2x=0.0285 maxgap=21 cells (213.9042; at cell 251282) maxbusy=20 emax=5 minmargin=2.807e-06 nflag=0
CK x=5.62341e+06 N=552078 pi=302873 E=-0.206834 supE=8.927858 (at 3589213.082) supE/log2x=0.0370 maxgap=25 cells (254.6479; at cell 534964) maxbusy=24 emax=8 minmargin=2.807e-06 nflag=0
CK x=1e+07 N=981749 pi=526606 E=0.393928 supE=8.927858 (at 3589213.082) supE/log2x=0.0344 maxgap=25 cells (254.6479; at cell 534964) maxbusy=24 emax=8 minmargin=2.807e-06 nflag=0
CK x=1.77828e+07 N=1745824 pi=915727 E=1.369860 supE=8.927858 (at 3589213.082) supE/log2x=0.0320 maxgap=28 cells (285.2057; at cell 1422975) maxbusy=27 emax=8 minmargin=4.191e-07 nflag=0
CK x=3.16228e+07 N=3104560 pi=1592734 E=0.265113 supE=9.076054 (at 19991225.99) supE/log2x=0.0304 maxgap=32 cells (325.9493; at cell 2669792) maxbusy=31 emax=8 minmargin=4.191e-07 nflag=0
CK x=5.62341e+07 N=5520776 pi=2771263 E=2.048087 supE=9.076054 (at 19991225.99) supE/log2x=0.0285 maxgap=37 cells (376.8789; at cell 4985037) maxbusy=36 emax=8 minmargin=4.191e-07 nflag=0
CK x=1e+08 N=9817480 pi=4822578 E=2.055707 supE=9.857826 (at 99631883) supE/log2x=0.0291 maxgap=39 cells (397.2507; at cell 7911298) maxbusy=38 emax=9 minmargin=3.969e-09 nflag=0
CK x=1.77828e+08 N=17458219 pi=8394771 E=0.815024 supE=9.857826 (at 99631883) supE/log2x=0.0273 maxgap=42 cells (427.8085; at cell 13901794) maxbusy=41 emax=9 minmargin=3.969e-09 nflag=0
CK x=3.16228e+08 N=31045590 pi=14616923 E=0.767562 supE=10.633862 (at 260626109.5) supE/log2x=0.0278 maxgap=51 cells (519.4817; at cell 23320322) maxbusy=50 emax=10 minmargin=3.969e-09 nflag=0
CK x=5.62341e+08 N=55207732 pi=25456247 E=0.597301 supE=11.202126 (at 429817658) supE/log2x=0.0276 maxgap=52 cells (529.6677; at cell 44213174) maxbusy=51 emax=10 minmargin=3.969e-09 nflag=0
FINAL Kmax=98174770 x_K=999999991.6 N(x_K)=98174771 pi=44345886 composites=53828884 supE=13.222777 at 885433828.9 supE/log2X=0.03079 maxgap=53 cells (539.8536) at cell 73681856 maxbusy=52 at cell 73681855 emax=12 e_K=0
AUDIT minmargin=3.9689e-09 at 352038985.7 flagged(<1e-15)=0 count-overflow=0 max-factors=11
first primes: 6.0929581789 16.2788745368 26.4647908947 36.6507072526 57.0225399683 67.2084563262
