s8gen: t=5.0929581789406511-3.15e-16 rho=0.19634954084936207 tau=0.25 delta=0 (delta/t=0) X=1e+09 Kmax=196349541
CK x=10 N=3 pi=1 E=0.232854 supE=1.181690 (at 5.167618114) supE/log2x=0.2229 maxgap=0 cells (0.0000; at cell 0) maxbusy=1 emax=0 minmargin=1.398e-01 nflag=0
CK x=17.7828 N=5 pi=2 E=0.704706 supE=1.181690 (at 5.167618114) supE/log2x=0.1426 maxgap=3 cells (15.2789; at cell 4) maxbusy=2 emax=0 minmargin=1.398e-01 nflag=0
CK x=31.6228 N=7 pi=3 E=-0.012768 supE=1.181690 (at 5.167618114) supE/log2x=0.0991 maxgap=3 cells (15.2789; at cell 4) maxbusy=2 emax=0 minmargin=1.398e-01 nflag=0
CK x=56.2341 N=12 pi=6 E=0.154803 supE=1.361971 (at 39.90015988) supE/log2x=0.0839 maxgap=3 cells (15.2789; at cell 4) maxbusy=2 emax=0 minmargin=1.398e-01 nflag=0
CK x=100 N=21 pi=11 E=0.561395 supE=1.542253 (at 74.63270165) supE/log2x=0.0727 maxgap=3 cells (15.2789; at cell 4) maxbusy=2 emax=0 minmargin=2.747e-02 nflag=0
CK x=177.828 N=36 pi=19 E=0.279915 supE=1.884077 (at 169.6580087) supE/log2x=0.0702 maxgap=3 cells (15.2789; at cell 4) maxbusy=2 emax=1 minmargin=2.747e-02 nflag=0
CK x=316.228 N=64 pi=34 E=1.105173 supE=2.381223 (at 248.6133962) supE/log2x=0.0719 maxgap=3 cells (15.2789; at cell 4) maxbusy=2 emax=1 minmargin=2.747e-02 nflag=0
CK x=562.341 N=112 pi=59 E=0.780889 supE=2.537425 (at 538.1164836) supE/log2x=0.0633 maxgap=4 cells (20.3718; at cell 78) maxbusy=3 emax=1 minmargin=2.747e-02 nflag=0
CK x=1000 N=197 pi=102 E=-0.153191 supE=2.699335 (at 669.7087962) supE/log2x=0.0566 maxgap=7 cells (35.6507; at cell 172) maxbusy=6 emax=1 minmargin=5.538e-03 nflag=0
CK x=1778.28 N=351 pi=175 E=1.032004 supE=3.085813 (at 1513.171538) supE/log2x=0.0551 maxgap=7 cells (35.6507; at cell 172) maxbusy=6 emax=2 minmargin=3.469e-03 nflag=0
CK x=3162.28 N=622 pi=303 E=0.284583 supE=3.474635 (at 2275.135009) supE/log2x=0.0535 maxgap=8 cells (40.7437; at cell 380) maxbusy=7 emax=2 minmargin=3.469e-03 nflag=0
CK x=5623.41 N=1106 pi=515 E=1.041740 supE=3.932791 (at 4157.196167) supE/log2x=0.0527 maxgap=9 cells (45.8366; at cell 1069) maxbusy=8 emax=3 minmargin=6.708e-04 nflag=0
CK x=10000 N=1965 pi=886 E=0.700941 supE=3.932791 (at 4157.196167) supE/log2x=0.0464 maxgap=11 cells (56.0225; at cell 1858) maxbusy=10 emax=3 minmargin=5.940e-04 nflag=0
CK x=17782.8 N=3493 pi=1521 E=0.552893 supE=4.422853 (at 16148.61681) supE/log2x=0.0462 maxgap=12 cells (61.1155; at cell 3177) maxbusy=11 emax=3 minmargin=2.335e-04 nflag=0
CK x=31622.8 N=6210 pi=2616 E=0.078683 supE=5.576372 (at 22514.03267) supE/log2x=0.0519 maxgap=19 cells (96.7662; at cell 4432) maxbusy=18 emax=4 minmargin=2.335e-04 nflag=0
CK x=56234.1 N=11044 pi=4500 E=1.650249 supE=5.781338 (at 50916.41655) supE/log2x=0.0483 maxgap=19 cells (96.7662; at cell 4432) maxbusy=18 emax=5 minmargin=1.831e-05 nflag=0
CK x=100000 N=19637 pi=7738 E=1.242265 supE=6.850604 (at 93376.05612) supE/log2x=0.0517 maxgap=19 cells (96.7662; at cell 4432) maxbusy=18 emax=6 minmargin=1.831e-05 nflag=0
CK x=177828 N=34917 pi=13322 E=-0.238217 supE=6.850604 (at 93376.05612) supE/log2x=0.0469 maxgap=24 cells (122.2310; at cell 31744) maxbusy=23 emax=6 minmargin=1.831e-05 nflag=0
CK x=316228 N=62093 pi=22938 E=1.019688 supE=7.452329 (at 257249.1069) supE/log2x=0.0465 maxgap=24 cells (122.2310; at cell 31744) maxbusy=23 emax=6 minmargin=1.130e-05 nflag=0
CK x=562341 N=110417 pi=39509 E=0.735348 supE=7.887947 (at 515240.8708) supE/log2x=0.0450 maxgap=28 cells (142.6028; at cell 94875) maxbusy=27 emax=7 minmargin=2.723e-06 nflag=0
CK x=1e+06 N=196351 pi=68068 E=0.655500 supE=9.607602 (at 869167.2413) supE/log2x=0.0503 maxgap=33 cells (168.0676; at cell 135846) maxbusy=32 emax=8 minmargin=2.723e-06 nflag=0
CK x=1.77828e+06 N=349167 pi=117399 E=1.850687 supE=9.607602 (at 869167.2413) supE/log2x=0.0464 maxgap=40 cells (203.7183; at cell 277806) maxbusy=39 emax=8 minmargin=7.830e-07 nflag=0
CK x=3.16228e+06 N=620913 pi=202531 E=0.429737 supE=11.062155 (at 3135643.361) supE/log2x=0.0494 maxgap=49 cells (249.5550; at cell 436451) maxbusy=48 emax=10 minmargin=5.959e-07 nflag=0
CK x=5.62341e+06 N=1104157 pi=349506 E=1.586332 supE=11.062155 (at 3135643.361) supE/log2x=0.0458 maxgap=56 cells (285.2057; at cell 764541) maxbusy=55 emax=10 minmargin=5.402e-08 nflag=0
CK x=1e+07 N=1963497 pi=603557 E=0.787856 supE=11.452814 (at 9776375.006) supE/log2x=0.0441 maxgap=56 cells (285.2057; at cell 764541) maxbusy=55 emax=10 minmargin=5.402e-08 nflag=0
CK x=1.77828e+07 N=3491645 pi=1042844 E=0.739719 supE=13.093758 (at 15911237.12) supE/log2x=0.0470 maxgap=59 cells (300.4845; at cell 2636692) maxbusy=58 emax=12 minmargin=3.461e-08 nflag=0
CK x=3.16228e+07 N=6209120 pi=1802682 E=1.530227 supE=13.093758 (at 15911237.12) supE/log2x=0.0439 maxgap=75 cells (381.9719; at cell 5465311) maxbusy=74 emax=12 minmargin=1.877e-09 nflag=0
CK x=5.62341e+07 N=11041548 pi=3117957 E=1.096175 supE=14.927248 (at 41423413.74) supE/log2x=0.0469 maxgap=75 cells (381.9719; at cell 5465311) maxbusy=74 emax=14 minmargin=1.877e-09 nflag=0
CK x=1e+08 N=19634956 pi=5395578 E=1.111413 supE=14.927248 (at 41423413.74) supE/log2x=0.0440 maxgap=104 cells (529.6677; at cell 17748732) maxbusy=103 emax=14 minmargin=1.877e-09 nflag=0
CK x=1.77828e+08 N=34916436 pi=9341376 E=0.630048 supE=15.236895 (at 123849589.1) supE/log2x=0.0422 maxgap=106 cells (539.8536; at cell 23619391) maxbusy=105 emax=14 minmargin=1.877e-09 nflag=0
CK x=3.16228e+08 N=62091181 pi=16180691 E=3.535124 supE=15.236895 (at 123849589.1) supE/log2x=0.0398 maxgap=113 cells (575.5043; at cell 51349681) maxbusy=112 emax=14 minmargin=1.877e-09 nflag=0
CK x=5.62341e+08 N=110415463 pi=28040932 E=1.194603 supE=17.492212 (at 474216284.4) supE/log2x=0.0431 maxgap=132 cells (672.2705; at cell 90631416) maxbusy=131 emax=16 minmargin=1.877e-09 nflag=0
FINAL Kmax=196349541 x_K=999999997.9 N(x_K)=196349543 pi=48616807 composites=147732735 supE=18.932717 at 600340116.7 supE/log2X=0.04409 maxgap=133 cells (677.3634) at cell 178034071 maxbusy=132 at cell 178034070 emax=18 e_K=1
AUDIT minmargin=1.8773e-09 at 65060409.06 flagged(<1e-15)=0 count-overflow=0 max-factors=25
first primes: 2.2732395447 17.5521140816 22.6450722605 32.8309886184 37.9239467973 48.1098631552
