s8gen: t=5.0929581789406511-3.15e-16 rho=0.19634954084936207 tau=0.75 delta=0 (delta/t=0) X=1e+09 Kmax=196349540
CK x=10 N=3 pi=2 E=0.232854 supE=0.250000 (at 1) supE/log2x=0.0472 maxgap=1 cells (5.0930; at cell 2) maxbusy=0 emax=0 minmargin=1.000e+00 nflag=0
CK x=17.7828 N=4 pi=3 E=-0.295294 supE=0.250000 (at 1) supE/log2x=0.0302 maxgap=1 cells (5.0930; at cell 2) maxbusy=0 emax=0 minmargin=1.000e+00 nflag=0
CK x=31.6228 N=7 pi=5 E=-0.012768 supE=0.635211 (at 23.22968758) supE/log2x=0.0532 maxgap=2 cells (10.1859; at cell 6) maxbusy=1 emax=0 minmargin=2.542e-01 nflag=0
CK x=56.2341 N=12 pi=9 E=0.154803 supE=0.815492 (at 47.77631314) supE/log2x=0.0502 maxgap=2 cells (10.1859; at cell 6) maxbusy=1 emax=0 minmargin=2.542e-01 nflag=0
CK x=100 N=22 pi=16 E=1.561395 supE=0.995774 (at 72.32293856) supE/log2x=0.0470 maxgap=2 cells (10.1859; at cell 6) maxbusy=1 emax=0 minmargin=2.108e-03 nflag=0
CK x=177.828 N=35 pi=25 E=-0.720085 supE=1.902816 (at 98.26116158) supE/log2x=0.0709 maxgap=3 cells (15.2789; at cell 22) maxbusy=2 emax=1 minmargin=2.108e-03 nflag=0
CK x=316.228 N=63 pi=44 E=0.105173 supE=1.902816 (at 98.26116158) supE/log2x=0.0574 maxgap=4 cells (20.3718; at cell 47) maxbusy=3 emax=1 minmargin=2.108e-03 nflag=0
CK x=562.341 N=111 pi=74 E=-0.219111 supE=1.902816 (at 98.26116158) supE/log2x=0.0475 maxgap=4 cells (20.3718; at cell 47) maxbusy=3 emax=1 minmargin=2.108e-03 nflag=0
CK x=1000 N=197 pi=125 E=-0.153191 supE=2.114070 (at 917.1515174) supE/log2x=0.0443 maxgap=7 cells (35.6507; at cell 184) maxbusy=6 emax=1 minmargin=2.108e-03 nflag=0
CK x=1778.28 N=350 pi=215 E=0.032004 supE=2.468998 (at 1226.014334) supE/log2x=0.0441 maxgap=7 cells (35.6507; at cell 184) maxbusy=6 emax=2 minmargin=2.108e-03 nflag=0
CK x=3162.28 N=621 pi=363 E=-0.715417 supE=2.705591 (at 2874.927826) supE/log2x=0.0417 maxgap=7 cells (35.6507; at cell 184) maxbusy=6 emax=2 minmargin=4.322e-04 nflag=0
CK x=5623.41 N=1105 pi=616 E=0.041740 supE=3.891187 (at 3393.464329) supE/log2x=0.0522 maxgap=10 cells (50.9296; at cell 672) maxbusy=9 emax=3 minmargin=4.322e-04 nflag=0
CK x=10000 N=1964 pi=1049 E=-0.299059 supE=3.891187 (at 3393.464329) supE/log2x=0.0459 maxgap=12 cells (61.1155; at cell 1954) maxbusy=11 emax=3 minmargin=4.322e-04 nflag=0
CK x=17782.8 N=3492 pi=1772 E=-0.447107 supE=5.133620 (at 11561.33455) supE/log2x=0.0536 maxgap=15 cells (76.3944; at cell 2516) maxbusy=14 emax=4 minmargin=3.685e-04 nflag=0
CK x=31622.8 N=6210 pi=3025 E=0.078683 supE=5.133620 (at 11561.33455) supE/log2x=0.0478 maxgap=16 cells (81.4873; at cell 6041) maxbusy=15 emax=4 minmargin=3.685e-04 nflag=0
CK x=56234.1 N=11042 pi=5149 E=-0.349751 supE=5.316047 (at 51698.00886) supE/log2x=0.0444 maxgap=20 cells (101.8592; at cell 6977) maxbusy=19 emax=5 minmargin=2.630e-06 nflag=0
CK x=100000 N=19636 pi=8776 E=0.242265 supE=5.583153 (at 82458.1159) supE/log2x=0.0421 maxgap=20 cells (101.8592; at cell 6977) maxbusy=19 emax=5 minmargin=2.630e-06 nflag=0
CK x=177828 N=34919 pi=14987 E=1.761783 supE=6.584684 (at 161256.357) supE/log2x=0.0451 maxgap=27 cells (137.5099; at cell 33320) maxbusy=26 emax=6 minmargin=2.630e-06 nflag=0
CK x=316228 N=62092 pi=25565 E=0.019688 supE=6.584684 (at 161256.357) supE/log2x=0.0411 maxgap=29 cells (147.6958; at cell 48736) maxbusy=28 emax=6 minmargin=2.050e-07 nflag=0
CK x=562341 N=110416 pi=43735 E=-0.264652 supE=9.396070 (at 363167.6447) supE/log2x=0.0536 maxgap=33 cells (168.0676; at cell 100573) maxbusy=32 emax=9 minmargin=2.050e-07 nflag=0
CK x=1e+06 N=196350 pi=74715 E=-0.344500 supE=9.396070 (at 363167.6447) supE/log2x=0.0492 maxgap=42 cells (213.9042; at cell 110750) maxbusy=41 emax=9 minmargin=2.050e-07 nflag=0
CK x=1.77828e+06 N=349166 pi=127888 E=0.850687 supE=10.239503 (at 1545045.41) supE/log2x=0.0494 maxgap=48 cells (244.4620; at cell 343616) maxbusy=47 emax=9 minmargin=2.050e-07 nflag=0
CK x=3.16228e+06 N=620914 pi=219248 E=1.429737 supE=11.437254 (at 2751036.528) supE/log2x=0.0511 maxgap=53 cells (269.9268; at cell 603351) maxbusy=52 emax=11 minmargin=2.050e-07 nflag=0
CK x=5.62341e+06 N=1104155 pi=376120 E=-0.413668 supE=11.697391 (at 3554113.22) supE/log2x=0.0484 maxgap=62 cells (315.7634; at cell 1021972) maxbusy=61 emax=11 minmargin=2.050e-07 nflag=0
CK x=1e+07 N=1963496 pi=646289 E=-0.212144 supE=14.017302 (at 7184631.922) supE/log2x=0.0540 maxgap=73 cells (371.7859; at cell 1791114) maxbusy=72 emax=13 minmargin=5.893e-08 nflag=0
CK x=1.77828e+07 N=3491644 pi=1111049 E=-0.260281 supE=14.017302 (at 7184631.922) supE/log2x=0.0503 maxgap=73 cells (371.7859; at cell 1791114) maxbusy=72 emax=13 minmargin=5.893e-08 nflag=0
CK x=3.16228e+07 N=6209118 pi=1911375 E=-0.469773 supE=14.017302 (at 7184631.922) supE/log2x=0.0470 maxgap=89 cells (453.2733; at cell 4919004) maxbusy=88 emax=13 minmargin=1.775e-08 nflag=0
CK x=5.62341e+07 N=11041547 pi=3291381 E=0.096175 supE=16.192206 (at 48356308.67) supE/log2x=0.0508 maxgap=97 cells (494.0169; at cell 9571771) maxbusy=96 emax=15 minmargin=1.775e-08 nflag=0
CK x=1e+08 N=19634955 pi=5670549 E=0.111413 supE=16.882424 (at 81753281.65) supE/log2x=0.0498 maxgap=117 cells (595.8761; at cell 13974023) maxbusy=116 emax=16 minmargin=1.775e-08 nflag=0
CK x=1.77828e+08 N=34916437 pi=9778326 E=1.630048 supE=18.212851 (at 177000286.5) supE/log2x=0.0505 maxgap=143 cells (728.2930; at cell 25388873) maxbusy=142 emax=17 minmargin=1.775e-08 nflag=0
CK x=3.16228e+08 N=62091177 pi=16875671 E=-0.464876 supE=18.753777 (at 305903798.8) supE/log2x=0.0490 maxgap=143 cells (728.2930; at cell 25388873) maxbusy=142 emax=18 minmargin=1.775e-08 nflag=0
CK x=5.62341e+08 N=110415465 pi=29147423 E=3.194603 supE=20.984588 (at 450748322.8) supE/log2x=0.0517 maxgap=189 cells (962.5691; at cell 88504301) maxbusy=188 emax=20 minmargin=8.514e-09 nflag=0
FINAL Kmax=196349540 x_K=999999995.4 N(x_K)=196349541 pi=50384626 composites=145964914 supE=20.984588 at 450748322.8 supE/log2X=0.04886 maxgap=189 cells (962.5691) at cell 88504301 maxbusy=188 at cell 88504300 emax=20 e_K=0
AUDIT minmargin=8.5141e-09 at 494253801.3 flagged(<1e-15)=0 count-overflow=0 max-factors=13
first primes: 4.8197186342 9.9126768131 15.0056349921 20.0985931710 30.2845095289 35.3774677078
