s8gen: t=5.0929581789406511-3.15e-16 rho=0.19634954084936207 tau=0.5 delta=2.0371832715762603 (delta/t=0.4) X=1e+09 Kmax=196349541
CK x=10 N=4 pi=1 E=1.232854 supE=1.658543 (at 7.831985054) supE/log2x=0.3128 maxgap=0 cells (0.0000; at cell 0) maxbusy=1 emax=1 minmargin=1.585e-01 nflag=0
CK x=17.7828 N=5 pi=1 E=0.704706 supE=1.875344 (at 11.82078214) supE/log2x=0.2264 maxgap=0 cells (0.0000; at cell 0) maxbusy=2 emax=1 minmargin=1.585e-01 nflag=0
CK x=31.6228 N=7 pi=1 E=-0.012768 supE=1.875344 (at 11.82078214) supE/log2x=0.1572 maxgap=0 cells (0.0000; at cell 0) maxbusy=5 emax=1 minmargin=1.585e-01 nflag=0
CK x=56.2341 N=13 pi=4 E=1.154803 supE=1.875344 (at 11.82078214) supE/log2x=0.1155 maxgap=6 cells (30.5577; at cell 7) maxbusy=5 emax=1 minmargin=1.585e-01 nflag=0
CK x=100 N=21 pi=7 E=0.561395 supE=1.875344 (at 11.82078214) supE/log2x=0.0884 maxgap=6 cells (30.5577; at cell 7) maxbusy=5 emax=1 minmargin=7.546e-02 nflag=0
CK x=177.828 N=36 pi=12 E=0.279915 supE=1.875344 (at 11.82078214) supE/log2x=0.0699 maxgap=6 cells (30.5577; at cell 7) maxbusy=5 emax=1 minmargin=1.121e-02 nflag=0
CK x=316.228 N=63 pi=21 E=0.105173 supE=1.875344 (at 11.82078214) supE/log2x=0.0566 maxgap=6 cells (30.5577; at cell 7) maxbusy=5 emax=1 minmargin=1.121e-02 nflag=0
CK x=562.341 N=112 pi=37 E=0.780889 supE=1.875344 (at 11.82078214) supE/log2x=0.0468 maxgap=6 cells (30.5577; at cell 7) maxbusy=5 emax=1 minmargin=3.086e-03 nflag=0
CK x=1000 N=197 pi=66 E=-0.153191 supE=1.875344 (at 11.82078214) supE/log2x=0.0393 maxgap=6 cells (30.5577; at cell 7) maxbusy=5 emax=1 minmargin=1.409e-03 nflag=0
CK x=1778.28 N=350 pi=114 E=0.032004 supE=2.146121 (at 1197.100985) supE/log2x=0.0383 maxgap=8 cells (40.7437; at cell 336) maxbusy=7 emax=1 minmargin=9.551e-05 nflag=0
CK x=3162.28 N=622 pi=200 E=0.284583 supE=2.146121 (at 1197.100985) supE/log2x=0.0330 maxgap=8 cells (40.7437; at cell 336) maxbusy=7 emax=1 minmargin=9.551e-05 nflag=0
CK x=5623.41 N=1106 pi=349 E=1.041740 supE=2.846412 (at 5359.574223) supE/log2x=0.0382 maxgap=15 cells (76.3944; at cell 915) maxbusy=14 emax=2 minmargin=9.551e-05 nflag=0
CK x=10000 N=1965 pi=608 E=0.700941 supE=2.846412 (at 5359.574223) supE/log2x=0.0336 maxgap=15 cells (76.3944; at cell 915) maxbusy=14 emax=2 minmargin=9.551e-05 nflag=0
CK x=17782.8 N=3493 pi=1061 E=0.552893 supE=2.846412 (at 5359.574223) supE/log2x=0.0297 maxgap=15 cells (76.3944; at cell 915) maxbusy=14 emax=2 minmargin=9.551e-05 nflag=0
CK x=31622.8 N=6210 pi=1848 E=0.078683 supE=3.496799 (at 27322.19046) supE/log2x=0.0326 maxgap=16 cells (81.4873; at cell 4996) maxbusy=15 emax=2 minmargin=7.888e-05 nflag=0
CK x=56234.1 N=11043 pi=3223 E=0.650249 supE=3.496799 (at 27322.19046) supE/log2x=0.0292 maxgap=16 cells (81.4873; at cell 4996) maxbusy=15 emax=2 minmargin=1.659e-05 nflag=0
CK x=100000 N=19636 pi=5607 E=0.242265 supE=4.078736 (at 84487.68223) supE/log2x=0.0308 maxgap=19 cells (96.7662; at cell 16601) maxbusy=18 emax=3 minmargin=1.659e-05 nflag=0
CK x=177828 N=34917 pi=9784 E=-0.238217 supE=5.216327 (at 176083.8343) supE/log2x=0.0357 maxgap=20 cells (101.8592; at cell 30032) maxbusy=19 emax=4 minmargin=1.659e-05 nflag=0
CK x=316228 N=62092 pi=17049 E=0.019688 supE=5.556940 (at 187052.3315) supE/log2x=0.0346 maxgap=28 cells (142.6028; at cell 39895) maxbusy=27 emax=5 minmargin=1.659e-05 nflag=0
CK x=562341 N=110417 pi=29702 E=0.735348 supE=5.556940 (at 187052.3315) supE/log2x=0.0317 maxgap=30 cells (152.7887; at cell 103295) maxbusy=29 emax=5 minmargin=7.809e-06 nflag=0
CK x=1e+06 N=196350 pi=51792 E=-0.344500 supE=5.854941 (at 809043.6103) supE/log2x=0.0307 maxgap=30 cells (152.7887; at cell 103295) maxbusy=29 emax=5 minmargin=7.809e-06 nflag=0
CK x=1.77828e+06 N=349166 pi=90284 E=0.850687 supE=5.854941 (at 809043.6103) supE/log2x=0.0283 maxgap=42 cells (213.9042; at cell 262924) maxbusy=41 emax=5 minmargin=7.809e-06 nflag=0
CK x=3.16228e+06 N=620913 pi=157428 E=0.429737 supE=6.826514 (at 2844388.469) supE/log2x=0.0305 maxgap=42 cells (213.9042; at cell 262924) maxbusy=41 emax=6 minmargin=6.209e-07 nflag=0
CK x=5.62341e+06 N=1104159 pi=274499 E=3.586332 supE=7.189068 (at 5142512.699) supE/log2x=0.0298 maxgap=48 cells (244.4620; at cell 628806) maxbusy=47 emax=6 minmargin=6.209e-07 nflag=0
CK x=1e+07 N=1963497 pi=478755 E=0.787856 supE=7.688281 (at 9288896.221) supE/log2x=0.0296 maxgap=55 cells (280.1127; at cell 1362364) maxbusy=54 emax=7 minmargin=6.209e-07 nflag=0
CK x=1.77828e+07 N=3491645 pi=835148 E=0.739719 supE=8.136014 (at 16335918.31) supE/log2x=0.0292 maxgap=57 cells (290.2986; at cell 3069479) maxbusy=56 emax=7 minmargin=6.209e-07 nflag=0
CK x=3.16228e+07 N=6209119 pi=1457111 E=0.530227 supE=8.394996 (at 27202985.95) supE/log2x=0.0281 maxgap=60 cells (305.5775; at cell 3633257) maxbusy=59 emax=7 minmargin=3.377e-07 nflag=0
CK x=5.62341e+07 N=11041547 pi=2542720 E=0.096175 supE=8.757361 (at 54717721.23) supE/log2x=0.0275 maxgap=60 cells (305.5775; at cell 3633257) maxbusy=59 emax=8 minmargin=9.116e-08 nflag=0
CK x=1e+08 N=19634956 pi=4437772 E=1.111413 supE=9.103406 (at 97476653.17) supE/log2x=0.0268 maxgap=66 cells (336.1352; at cell 17058919) maxbusy=65 emax=8 minmargin=9.116e-08 nflag=0
CK x=1.77828e+08 N=34916436 pi=7746625 E=0.630048 supE=10.319356 (at 166841178.9) supE/log2x=0.0286 maxgap=84 cells (427.8085; at cell 22200427) maxbusy=83 emax=9 minmargin=7.914e-08 nflag=0
CK x=3.16228e+08 N=62091180 pi=13524842 E=2.535124 supE=11.372216 (at 302402336) supE/log2x=0.0297 maxgap=84 cells (427.8085; at cell 22200427) maxbusy=83 emax=10 minmargin=1.400e-09 nflag=0
CK x=5.62341e+08 N=110415462 pi=23617454 E=0.194603 supE=11.975060 (at 545787638.5) supE/log2x=0.0295 maxgap=92 cells (468.5522; at cell 99742050) maxbusy=91 emax=11 minmargin=1.400e-09 nflag=0
FINAL Kmax=196349541 x_K=999999999.2 N(x_K)=196349543 pi=41248347 composites=155101195 supE=12.609638 at 625512364.6 supE/log2X=0.02936 maxgap=114 cells (580.5972) at cell 188710569 maxbusy=113 at cell 188710568 emax=12 e_K=1
AUDIT minmargin=1.3999e-09 at 374313733.4 flagged(<1e-15)=0 count-overflow=0 max-factors=50
first primes: 1.5092958179 32.0670448915 37.1600030705 52.4388776073 67.7177521441 88.0895848599
