s8gen: t=5.0929581789406511-3.15e-16 rho=0.19634954084936207 tau=0.5 delta=1.2732395447351628 (delta/t=0.25) X=1e+09 Kmax=196349541
CK x=10 N=3 pi=1 E=0.232854 supE=1.181690 (at 5.167617962) supE/log2x=0.2229 maxgap=0 cells (0.0000; at cell 0) maxbusy=1 emax=0 minmargin=3.183e-01 nflag=0
CK x=17.7828 N=5 pi=2 E=0.704706 supE=1.181690 (at 5.167617962) supE/log2x=0.1426 maxgap=0 cells (0.0000; at cell 0) maxbusy=2 emax=0 minmargin=3.183e-01 nflag=0
CK x=31.6228 N=7 pi=3 E=-0.012768 supE=1.181690 (at 5.167617962) supE/log2x=0.0991 maxgap=3 cells (15.2789; at cell 4) maxbusy=2 emax=0 minmargin=3.183e-01 nflag=0
CK x=56.2341 N=12 pi=6 E=0.154803 supE=1.361971 (at 39.90015981) supE/log2x=0.0839 maxgap=3 cells (15.2789; at cell 4) maxbusy=2 emax=0 minmargin=4.225e-02 nflag=0
CK x=100 N=21 pi=11 E=0.561395 supE=1.386932 (at 90.70262115) supE/log2x=0.0654 maxgap=3 cells (15.2789; at cell 4) maxbusy=2 emax=0 minmargin=4.225e-02 nflag=0
CK x=177.828 N=36 pi=20 E=0.279915 supE=1.386932 (at 90.70262115) supE/log2x=0.0517 maxgap=3 cells (15.2789; at cell 4) maxbusy=2 emax=0 minmargin=4.225e-02 nflag=0
CK x=316.228 N=63 pi=33 E=0.105173 supE=1.386932 (at 90.70262115) supE/log2x=0.0419 maxgap=3 cells (15.2789; at cell 4) maxbusy=4 emax=0 minmargin=3.042e-02 nflag=0
CK x=562.341 N=112 pi=59 E=0.780889 supE=1.891546 (at 398.8030917) supE/log2x=0.0472 maxgap=5 cells (25.4648; at cell 63) maxbusy=4 emax=1 minmargin=2.827e-03 nflag=0
CK x=1000 N=197 pi=102 E=-0.153191 supE=1.891546 (at 398.8030917) supE/log2x=0.0396 maxgap=5 cells (25.4648; at cell 63) maxbusy=4 emax=1 minmargin=2.532e-03 nflag=0
CK x=1778.28 N=351 pi=176 E=1.032004 supE=2.136610 (at 1023.988844) supE/log2x=0.0382 maxgap=5 cells (25.4648; at cell 63) maxbusy=4 emax=1 minmargin=2.532e-03 nflag=0
CK x=3162.28 N=622 pi=302 E=0.284583 supE=3.121319 (at 1828.754113) supE/log2x=0.0481 maxgap=10 cells (50.9296; at cell 559) maxbusy=9 emax=2 minmargin=2.879e-05 nflag=0
CK x=5623.41 N=1105 pi=516 E=0.041740 supE=3.121319 (at 1828.754113) supE/log2x=0.0419 maxgap=10 cells (50.9296; at cell 559) maxbusy=9 emax=2 minmargin=2.879e-05 nflag=0
CK x=10000 N=1965 pi=889 E=0.700941 supE=3.581545 (at 8538.929084) supE/log2x=0.0422 maxgap=10 cells (50.9296; at cell 559) maxbusy=9 emax=3 minmargin=2.879e-05 nflag=0
CK x=17782.8 N=3493 pi=1525 E=0.552893 supE=3.581545 (at 8538.929084) supE/log2x=0.0374 maxgap=12 cells (61.1155; at cell 2486) maxbusy=11 emax=3 minmargin=2.879e-05 nflag=0
CK x=31622.8 N=6210 pi=2621 E=0.078683 supE=3.620797 (at 20695.62034) supE/log2x=0.0337 maxgap=13 cells (66.2085; at cell 5636) maxbusy=12 emax=3 minmargin=1.019e-05 nflag=0
CK x=56234.1 N=11043 pi=4508 E=0.650249 supE=4.886978 (at 38702.96482) supE/log2x=0.0409 maxgap=14 cells (71.3014; at cell 8078) maxbusy=13 emax=4 minmargin=1.019e-05 nflag=0
CK x=100000 N=19637 pi=7755 E=1.242265 supE=5.259382 (at 93368.88128) supE/log2x=0.0397 maxgap=22 cells (112.0451; at cell 15385) maxbusy=21 emax=4 minmargin=1.019e-05 nflag=0
CK x=177828 N=34917 pi=13329 E=-0.238217 supE=5.259382 (at 93368.88128) supE/log2x=0.0360 maxgap=22 cells (112.0451; at cell 15385) maxbusy=21 emax=4 minmargin=6.442e-06 nflag=0
CK x=316228 N=62092 pi=22966 E=0.019688 supE=5.733787 (at 236310.5224) supE/log2x=0.0358 maxgap=27 cells (137.5099; at cell 45043) maxbusy=26 emax=5 minmargin=5.872e-07 nflag=0
CK x=562341 N=110417 pi=39566 E=0.735348 supE=6.072828 (at 526607.4118) supE/log2x=0.0346 maxgap=30 cells (152.7887; at cell 99564) maxbusy=29 emax=5 minmargin=5.872e-07 nflag=0
CK x=1e+06 N=196353 pi=68174 E=2.655500 supE=7.746288 (at 615603.4261) supE/log2x=0.0406 maxgap=33 cells (168.0676; at cell 185369) maxbusy=32 emax=7 minmargin=5.872e-07 nflag=0
CK x=1.77828e+06 N=349167 pi=117513 E=1.850687 supE=7.746288 (at 615603.4261) supE/log2x=0.0374 maxgap=41 cells (208.8113; at cell 272737) maxbusy=40 emax=7 minmargin=5.872e-07 nflag=0
CK x=3.16228e+06 N=620913 pi=202769 E=0.429737 supE=8.615992 (at 2509654.865) supE/log2x=0.0385 maxgap=42 cells (213.9042; at cell 536379) maxbusy=41 emax=8 minmargin=5.872e-07 nflag=0
CK x=5.62341e+06 N=1104156 pi=349952 E=0.586332 supE=8.615992 (at 2509654.865) supE/log2x=0.0357 maxgap=51 cells (259.7409; at cell 1031491) maxbusy=50 emax=8 minmargin=5.872e-07 nflag=0
CK x=1e+07 N=1963497 pi=604241 E=0.787856 supE=9.417916 (at 8495969.847) supE/log2x=0.0363 maxgap=51 cells (259.7409; at cell 1031491) maxbusy=50 emax=8 minmargin=4.348e-07 nflag=0
CK x=1.77828e+07 N=3491645 pi=1043996 E=0.739719 supE=11.195551 (at 12232409.56) supE/log2x=0.0402 maxgap=64 cells (325.9493; at cell 2707054) maxbusy=63 emax=10 minmargin=4.348e-07 nflag=0
CK x=3.16228e+07 N=6209119 pi=1804583 E=0.530227 supE=11.195551 (at 12232409.56) supE/log2x=0.0375 maxgap=69 cells (351.4141; at cell 5547879) maxbusy=68 emax=10 minmargin=4.590e-08 nflag=0
CK x=5.62341e+07 N=11041548 pi=3120912 E=1.096175 supE=15.124529 (at 50461839.78) supE/log2x=0.0475 maxgap=87 cells (443.0874; at cell 9937483) maxbusy=86 emax=14 minmargin=3.648e-08 nflag=0
CK x=1e+08 N=19634955 pi=5400180 E=0.111413 supE=15.709071 (at 62356664.72) supE/log2x=0.0463 maxgap=93 cells (473.6451; at cell 18854713) maxbusy=92 emax=15 minmargin=7.604e-09 nflag=0
CK x=1.77828e+08 N=34916437 pi=9348893 E=1.630048 supE=15.709071 (at 62356664.72) supE/log2x=0.0435 maxgap=93 cells (473.6451; at cell 18854713) maxbusy=92 emax=15 minmargin=7.604e-09 nflag=0
CK x=3.16228e+08 N=62091178 pi=16193009 E=0.535124 supE=15.709071 (at 62356664.72) supE/log2x=0.0410 maxgap=108 cells (550.0395; at cell 44050230) maxbusy=107 emax=15 minmargin=4.389e-09 nflag=0
CK x=5.62341e+08 N=110415462 pi=28060331 E=0.194603 supE=15.709071 (at 62356664.72) supE/log2x=0.0387 maxgap=113 cells (575.5043; at cell 88364635) maxbusy=112 emax=15 minmargin=2.755e-09 nflag=0
FINAL Kmax=196349541 x_K=999999999.2 N(x_K)=196349542 pi=48647648 composites=147701893 supE=17.723319 at 736307015.8 supE/log2X=0.04127 maxgap=148 cells (753.7578) at cell 146051577 maxbusy=147 at cell 146051576 emax=17 e_K=0
AUDIT minmargin=2.7549e-09 at 479618965.7 flagged(<1e-15)=0 count-overflow=0 max-factors=25
first primes: 2.2732395447 17.5521140816 22.6450722605 32.8309886184 37.9239467973 48.1098631552
