s8gen: t=5.0929581789406511-3.15e-16 rho=0.19634954084936207 tau=0.5 delta=0.5 (delta/t=0.0981748) X=1e+09 Kmax=196349541
CK x=10 N=4 pi=2 E=1.232854 supE=0.598175 (at 1) supE/log2x=0.1128 maxgap=1 cells (5.0930; at cell 2) maxbusy=0 emax=0 minmargin=1.260e-01 nflag=0
CK x=17.7828 N=4 pi=2 E=-0.295294 supE=1.374023 (at 9.281034807) supE/log2x=0.1659 maxgap=1 cells (5.0930; at cell 2) maxbusy=1 emax=0 minmargin=1.260e-01 nflag=0
CK x=31.6228 N=8 pi=4 E=0.987232 supE=1.644669 (at 28.27447866) supE/log2x=0.1379 maxgap=2 cells (10.1859; at cell 4) maxbusy=1 emax=1 minmargin=1.260e-01 nflag=0
CK x=56.2341 N=13 pi=8 E=1.154803 supE=1.644669 (at 28.27447866) supE/log2x=0.1013 maxgap=3 cells (15.2789; at cell 8) maxbusy=2 emax=1 minmargin=1.260e-01 nflag=0
CK x=100 N=21 pi=12 E=0.561395 supE=1.644669 (at 28.27447866) supE/log2x=0.0776 maxgap=4 cells (20.3718; at cell 17) maxbusy=3 emax=1 minmargin=6.701e-02 nflag=0
CK x=177.828 N=36 pi=21 E=0.279915 supE=1.909232 (at 149.1580662) supE/log2x=0.0711 maxgap=4 cells (20.3718; at cell 17) maxbusy=3 emax=1 minmargin=6.701e-02 nflag=0
CK x=316.228 N=64 pi=39 E=1.105173 supE=1.909232 (at 149.1580662) supE/log2x=0.0576 maxgap=4 cells (20.3718; at cell 17) maxbusy=3 emax=1 minmargin=9.080e-03 nflag=0
CK x=562.341 N=111 pi=62 E=-0.219111 supE=2.258524 (at 335.8185855) supE/log2x=0.0563 maxgap=5 cells (25.4648; at cell 89) maxbusy=4 emax=1 minmargin=9.080e-03 nflag=0
CK x=1000 N=197 pi=109 E=-0.153191 supE=2.306403 (at 895.8001433) supE/log2x=0.0483 maxgap=6 cells (30.5577; at cell 181) maxbusy=5 emax=1 minmargin=9.080e-03 nflag=0
CK x=1778.28 N=350 pi=190 E=0.032004 supE=3.841612 (at 1025.491258) supE/log2x=0.0686 maxgap=6 cells (30.5577; at cell 181) maxbusy=5 emax=3 minmargin=9.080e-03 nflag=0
CK x=3162.28 N=622 pi=321 E=0.284583 supE=3.891613 (at 2390.149398) supE/log2x=0.0599 maxgap=8 cells (40.7437; at cell 615) maxbusy=7 emax=3 minmargin=1.941e-05 nflag=0
CK x=5623.41 N=1105 pi=550 E=0.041740 supE=3.891613 (at 2390.149398) supE/log2x=0.0522 maxgap=9 cells (45.8366; at cell 817) maxbusy=8 emax=3 minmargin=1.941e-05 nflag=0
CK x=10000 N=1964 pi=949 E=-0.299059 supE=3.995982 (at 7120.975998) supE/log2x=0.0471 maxgap=13 cells (66.2085; at cell 1833) maxbusy=12 emax=3 minmargin=1.941e-05 nflag=0
CK x=17782.8 N=3493 pi=1619 E=0.552893 supE=3.995982 (at 7120.975998) supE/log2x=0.0417 maxgap=13 cells (66.2085; at cell 1833) maxbusy=12 emax=3 minmargin=1.941e-05 nflag=0
CK x=31622.8 N=6211 pi=2767 E=1.078683 supE=4.680727 (at 20506.87567) supE/log2x=0.0436 maxgap=13 cells (66.2085; at cell 1833) maxbusy=12 emax=4 minmargin=1.941e-05 nflag=0
CK x=56234.1 N=11044 pi=4755 E=1.650249 supE=5.407142 (at 41231.51586) supE/log2x=0.0452 maxgap=18 cells (91.6732; at cell 9277) maxbusy=17 emax=4 minmargin=1.941e-05 nflag=0
CK x=100000 N=19637 pi=8145 E=1.242265 supE=5.407142 (at 41231.51586) supE/log2x=0.0408 maxgap=18 cells (91.6732; at cell 9277) maxbusy=17 emax=4 minmargin=1.941e-05 nflag=0
CK x=177828 N=34917 pi=13962 E=-0.238217 supE=5.563332 (at 156270.4597) supE/log2x=0.0381 maxgap=23 cells (117.1380; at cell 24732) maxbusy=22 emax=5 minmargin=1.327e-06 nflag=0
CK x=316228 N=62092 pi=24002 E=0.019688 supE=5.828747 (at 182971.4877) supE/log2x=0.0363 maxgap=26 cells (132.4169; at cell 58322) maxbusy=25 emax=5 minmargin=1.327e-06 nflag=0
CK x=562341 N=110418 pi=41197 E=1.735348 supE=6.745857 (at 523425.9782) supE/log2x=0.0385 maxgap=43 cells (218.9972; at cell 96702) maxbusy=42 emax=6 minmargin=1.327e-06 nflag=0
CK x=1e+06 N=196351 pi=70774 E=0.655500 supE=7.726731 (at 727770.8366) supE/log2x=0.0405 maxgap=48 cells (244.4620; at cell 129513) maxbusy=47 emax=7 minmargin=1.327e-06 nflag=0
CK x=1.77828e+06 N=349165 pi=121860 E=-0.149313 supE=8.743542 (at 1584166.948) supE/log2x=0.0422 maxgap=49 cells (249.5550; at cell 272888) maxbusy=48 emax=8 minmargin=1.327e-06 nflag=0
CK x=3.16228e+06 N=620913 pi=209568 E=0.429737 supE=9.857323 (at 3030780.395) supE/log2x=0.0440 maxgap=49 cells (249.5550; at cell 272888) maxbusy=48 emax=9 minmargin=1.327e-06 nflag=0
CK x=5.62341e+06 N=1104156 pi=360880 E=0.586332 supE=10.594377 (at 4794697.242) supE/log2x=0.0439 maxgap=57 cells (290.2986; at cell 727692) maxbusy=56 emax=10 minmargin=7.621e-07 nflag=0
CK x=1e+07 N=1963496 pi=622186 E=-0.212144 supE=11.670740 (at 6535775.536) supE/log2x=0.0449 maxgap=62 cells (315.7634; at cell 1834899) maxbusy=61 emax=11 minmargin=7.621e-07 nflag=0
CK x=1.77828e+07 N=3491646 pi=1072553 E=1.739719 supE=13.014174 (at 10762445.24) supE/log2x=0.0467 maxgap=86 cells (437.9944; at cell 2581725) maxbusy=85 emax=12 minmargin=1.131e-07 nflag=0
CK x=3.16228e+07 N=6209119 pi=1850626 E=0.530227 supE=13.048330 (at 24659656.08) supE/log2x=0.0438 maxgap=86 cells (437.9944; at cell 2581725) maxbusy=85 emax=12 minmargin=1.131e-07 nflag=0
CK x=5.62341e+07 N=11041548 pi=3195514 E=1.096175 supE=15.977735 (at 33235744.74) supE/log2x=0.0502 maxgap=93 cells (473.6451; at cell 10329732) maxbusy=92 emax=15 minmargin=6.976e-08 nflag=0
CK x=1e+08 N=19634956 pi=5520579 E=1.111413 supE=15.977735 (at 33235744.74) supE/log2x=0.0471 maxgap=101 cells (514.3888; at cell 13785143) maxbusy=100 emax=15 minmargin=6.976e-08 nflag=0
CK x=1.77828e+08 N=34916436 pi=9542059 E=0.630048 supE=15.977735 (at 33235744.74) supE/log2x=0.0443 maxgap=103 cells (524.5747; at cell 33911473) maxbusy=102 emax=15 minmargin=1.170e-09 nflag=0
CK x=3.16228e+08 N=62091178 pi=16504412 E=0.535124 supE=16.873811 (at 194567077.5) supE/log2x=0.0440 maxgap=127 cells (646.8057; at cell 49584878) maxbusy=126 emax=16 minmargin=1.170e-09 nflag=0
CK x=5.62341e+08 N=110415462 pi=28562664 E=0.194603 supE=17.261101 (at 402271090.6) supE/log2x=0.0425 maxgap=145 cells (738.4789; at cell 105471374) maxbusy=144 emax=16 minmargin=1.170e-09 nflag=0
FINAL Kmax=196349541 x_K=999999999.2 N(x_K)=196349542 pi=49454846 composites=146894695 supE=19.404322 at 722133747.7 supE/log2X=0.04518 maxgap=145 cells (738.4789) at cell 105471374 maxbusy=144 at cell 105471373 emax=18 e_K=0
AUDIT minmargin=1.1702e-09 at 177349539.7 flagged(<1e-15)=0 count-overflow=0 max-factors=18
first primes: 3.0464790895 8.1394372684 18.3253536263 23.4183118052 38.6971863421 43.7901445210
