s8gen: t=5.0929581789406511-3.15e-16 rho=0.19634954084936207 tau=0.1 delta=0 (delta/t=0) X=1e+09 Kmax=196349541
CK x=10 N=6 pi=1 E=3.232854 supE=3.177459 (at 5.189164963) supE/log2x=0.5993 maxgap=0 cells (0.0000; at cell 0) maxbusy=1 emax=2 minmargin=1.509e-01 nflag=0
CK x=17.7828 N=7 pi=1 E=2.704706 supE=3.875344 (at 11.8207821) supE/log2x=0.4678 maxgap=0 cells (0.0000; at cell 0) maxbusy=3 emax=2 minmargin=2.466e-02 nflag=0
CK x=31.6228 N=9 pi=1 E=1.987232 supE=3.875344 (at 11.8207821) supE/log2x=0.3249 maxgap=0 cells (0.0000; at cell 0) maxbusy=5 emax=2 minmargin=9.160e-03 nflag=0
CK x=56.2341 N=12 pi=3 E=0.154803 supE=3.875344 (at 11.8207821) supE/log2x=0.2387 maxgap=9 cells (45.8366; at cell 10) maxbusy=8 emax=2 minmargin=9.160e-03 nflag=0
CK x=100 N=21 pi=7 E=0.561395 supE=3.875344 (at 11.8207821) supE/log2x=0.1827 maxgap=9 cells (45.8366; at cell 10) maxbusy=8 emax=2 minmargin=9.160e-03 nflag=0
CK x=177.828 N=37 pi=12 E=1.279915 supE=3.875344 (at 11.8207821) supE/log2x=0.1444 maxgap=9 cells (45.8366; at cell 10) maxbusy=8 emax=2 minmargin=7.613e-03 nflag=0
CK x=316.228 N=63 pi=21 E=0.105173 supE=3.875344 (at 11.8207821) supE/log2x=0.1169 maxgap=9 cells (45.8366; at cell 10) maxbusy=8 emax=2 minmargin=5.125e-03 nflag=0
CK x=562.341 N=112 pi=37 E=0.780889 supE=3.875344 (at 11.8207821) supE/log2x=0.0967 maxgap=9 cells (45.8366; at cell 10) maxbusy=8 emax=2 minmargin=5.536e-04 nflag=0
CK x=1000 N=198 pi=67 E=0.846809 supE=3.875344 (at 11.8207821) supE/log2x=0.0812 maxgap=9 cells (45.8366; at cell 10) maxbusy=8 emax=2 minmargin=5.536e-04 nflag=0
CK x=1778.28 N=351 pi=118 E=1.032004 supE=3.875344 (at 11.8207821) supE/log2x=0.0692 maxgap=9 cells (45.8366; at cell 10) maxbusy=8 emax=2 minmargin=5.536e-04 nflag=0
CK x=3162.28 N=622 pi=204 E=0.284583 supE=3.875344 (at 11.8207821) supE/log2x=0.0597 maxgap=10 cells (50.9296; at cell 545) maxbusy=9 emax=2 minmargin=5.536e-04 nflag=0
CK x=5623.41 N=1105 pi=355 E=0.041740 supE=4.169280 (at 4481.941064) supE/log2x=0.0559 maxgap=10 cells (50.9296; at cell 545) maxbusy=9 emax=3 minmargin=2.680e-05 nflag=0
CK x=10000 N=1965 pi=620 E=0.700941 supE=4.169280 (at 4481.941064) supE/log2x=0.0491 maxgap=10 cells (50.9296; at cell 545) maxbusy=9 emax=3 minmargin=2.680e-05 nflag=0
CK x=17782.8 N=3493 pi=1082 E=0.552893 supE=4.292810 (at 15746.93542) supE/log2x=0.0448 maxgap=11 cells (56.0225; at cell 2129) maxbusy=10 emax=3 minmargin=2.680e-05 nflag=0
CK x=31622.8 N=6210 pi=1886 E=0.078683 supE=4.599267 (at 23766.78378) supE/log2x=0.0428 maxgap=15 cells (76.3944; at cell 5585) maxbusy=14 emax=3 minmargin=2.934e-06 nflag=0
CK x=56234.1 N=11043 pi=3285 E=0.650249 supE=5.543393 (at 42575.3629) supE/log2x=0.0463 maxgap=17 cells (86.5803; at cell 7317) maxbusy=16 emax=4 minmargin=2.934e-06 nflag=0
CK x=100000 N=19637 pi=5723 E=1.242265 supE=5.951731 (at 88577.97448) supE/log2x=0.0449 maxgap=21 cells (106.9521; at cell 15075) maxbusy=20 emax=5 minmargin=2.934e-06 nflag=0
CK x=177828 N=34918 pi=9967 E=0.761783 supE=6.407513 (at 151774.1712) supE/log2x=0.0438 maxgap=21 cells (106.9521; at cell 15075) maxbusy=20 emax=5 minmargin=7.393e-07 nflag=0
CK x=316228 N=62092 pi=17352 E=0.019688 supE=6.990388 (at 229072.1219) supE/log2x=0.0436 maxgap=25 cells (127.3240; at cell 40238) maxbusy=24 emax=6 minmargin=7.393e-07 nflag=0
CK x=562341 N=110417 pi=30220 E=0.735348 supE=6.990388 (at 229072.1219) supE/log2x=0.0399 maxgap=26 cells (132.4169; at cell 84979) maxbusy=25 emax=6 minmargin=7.393e-07 nflag=0
CK x=1e+06 N=196352 pi=52660 E=1.655500 supE=7.201655 (at 815173.7661) supE/log2x=0.0377 maxgap=33 cells (168.0676; at cell 114197) maxbusy=32 emax=6 minmargin=7.393e-07 nflag=0
CK x=1.77828e+06 N=349166 pi=91772 E=0.850687 supE=8.018792 (at 1124734.881) supE/log2x=0.0387 maxgap=39 cells (198.6254; at cell 304382) maxbusy=38 emax=7 minmargin=7.393e-07 nflag=0
CK x=3.16228e+06 N=620914 pi=159923 E=1.429737 supE=8.562667 (at 2562138.07) supE/log2x=0.0382 maxgap=39 cells (198.6254; at cell 304382) maxbusy=38 emax=7 minmargin=7.393e-07 nflag=0
CK x=5.62341e+06 N=1104158 pi=278772 E=2.586332 supE=9.222218 (at 3814223.201) supE/log2x=0.0382 maxgap=45 cells (229.1831; at cell 748940) maxbusy=44 emax=8 minmargin=7.393e-07 nflag=0
CK x=1e+07 N=1963497 pi=486012 E=0.787856 supE=9.222218 (at 3814223.201) supE/log2x=0.0355 maxgap=48 cells (244.4620; at cell 1386633) maxbusy=47 emax=8 minmargin=7.393e-07 nflag=0
CK x=1.77828e+07 N=3491645 pi=847393 E=0.739719 supE=9.588410 (at 13517101.17) supE/log2x=0.0344 maxgap=60 cells (305.5775; at cell 2931038) maxbusy=59 emax=8 minmargin=4.176e-07 nflag=0
CK x=3.16228e+07 N=6209121 pi=1477786 E=2.530227 supE=10.548106 (at 29596680.61) supE/log2x=0.0354 maxgap=60 cells (305.5775; at cell 2931038) maxbusy=59 emax=9 minmargin=2.070e-07 nflag=0
CK x=5.62341e+07 N=11041548 pi=2577666 E=1.096175 supE=12.312642 (at 44609439.09) supE/log2x=0.0387 maxgap=77 cells (392.1578; at cell 10326011) maxbusy=76 emax=11 minmargin=2.070e-07 nflag=0
CK x=1e+08 N=19634956 pi=4497052 E=1.111413 supE=12.312642 (at 44609439.09) supE/log2x=0.0363 maxgap=77 cells (392.1578; at cell 10326011) maxbusy=76 emax=11 minmargin=4.030e-08 nflag=0
CK x=1.77828e+08 N=34916436 pi=7846821 E=0.630048 supE=12.709686 (at 126672394.4) supE/log2x=0.0352 maxgap=77 cells (392.1578; at cell 10326011) maxbusy=76 emax=11 minmargin=1.277e-08 nflag=0
CK x=3.16228e+08 N=62091180 pi=13694544 E=2.535124 supE=13.049609 (at 243885027.4) supE/log2x=0.0341 maxgap=83 cells (422.7155; at cell 47886751) maxbusy=82 emax=12 minmargin=5.873e-09 nflag=0
CK x=5.62341e+08 N=110415463 pi=23904678 E=1.194603 supE=13.934878 (at 391968542.1) supE/log2x=0.0343 maxgap=95 cells (483.8310; at cell 96683041) maxbusy=94 emax=13 minmargin=4.211e-09 nflag=0
FINAL Kmax=196349541 x_K=999999997.2 N(x_K)=196349544 pi=41734398 composites=154615145 supE=14.036387 at 844190688.9 supE/log2X=0.03268 maxgap=100 cells (509.2958) at cell 191849398 maxbusy=99 at cell 191849397 emax=13 e_K=2
AUDIT minmargin=4.2111e-09 at 384427989.8 flagged(<1e-15)=0 count-overflow=0 max-factors=50
first primes: 1.5092958179 47.3459194284 52.4388776073 57.5318357862 67.7177521441 77.9036685020
