s8gen: t=5.0929581789406511-3.15e-16 rho=0.19634954084936207 tau=0.5 delta=0.63661977236758138 (delta/t=0.125) X=1e+09 Kmax=196349541
CK x=10 N=3 pi=1 E=0.232854 supE=0.625000 (at 1) supE/log2x=0.1179 maxgap=0 cells (0.0000; at cell 0) maxbusy=1 emax=0 minmargin=3.380e-02 nflag=0
CK x=17.7828 N=4 pi=2 E=-0.295294 supE=0.625000 (at 1) supE/log2x=0.0754 maxgap=2 cells (10.1859; at cell 3) maxbusy=1 emax=0 minmargin=3.380e-02 nflag=0
CK x=31.6228 N=7 pi=4 E=-0.012768 supE=1.358572 (at 24.63859722) supE/log2x=0.1139 maxgap=2 cells (10.1859; at cell 3) maxbusy=1 emax=0 minmargin=3.380e-02 nflag=0
CK x=56.2341 N=12 pi=7 E=0.154803 supE=1.358572 (at 24.63859722) supE/log2x=0.0837 maxgap=2 cells (10.1859; at cell 3) maxbusy=1 emax=0 minmargin=3.380e-02 nflag=0
CK x=100 N=21 pi=13 E=0.561395 supE=1.358572 (at 24.63859722) supE/log2x=0.0641 maxgap=3 cells (15.2789; at cell 16) maxbusy=2 emax=0 minmargin=2.253e-02 nflag=0
CK x=177.828 N=36 pi=22 E=0.279915 supE=1.522533 (at 171.4993406) supE/log2x=0.0567 maxgap=3 cells (15.2789; at cell 16) maxbusy=2 emax=1 minmargin=2.253e-02 nflag=0
CK x=316.228 N=63 pi=38 E=0.105173 supE=2.330981 (at 304.8918162) supE/log2x=0.0703 maxgap=3 cells (15.2789; at cell 16) maxbusy=2 emax=1 minmargin=1.055e-02 nflag=0
CK x=562.341 N=111 pi=65 E=-0.219111 supE=2.330981 (at 304.8918162) supE/log2x=0.0581 maxgap=4 cells (20.3718; at cell 67) maxbusy=3 emax=1 minmargin=7.196e-06 nflag=0
CK x=1000 N=197 pi=114 E=-0.153191 supE=2.996550 (at 887.1922922) supE/log2x=0.0628 maxgap=5 cells (25.4648; at cell 178) maxbusy=4 emax=2 minmargin=7.196e-06 nflag=0
CK x=1778.28 N=351 pi=192 E=1.032004 supE=2.996550 (at 887.1922922) supE/log2x=0.0535 maxgap=8 cells (40.7437; at cell 289) maxbusy=7 emax=2 minmargin=7.196e-06 nflag=0
CK x=3162.28 N=622 pi=327 E=0.284583 supE=3.412631 (at 2794.932527) supE/log2x=0.0525 maxgap=10 cells (50.9296; at cell 511) maxbusy=9 emax=2 minmargin=7.196e-06 nflag=0
CK x=5623.41 N=1105 pi=560 E=0.041740 supE=4.817542 (at 5242.583219) supE/log2x=0.0646 maxgap=10 cells (50.9296; at cell 511) maxbusy=9 emax=4 minmargin=7.196e-06 nflag=0
CK x=10000 N=1964 pi=957 E=-0.299059 supE=5.214515 (at 7099.491187) supE/log2x=0.0615 maxgap=10 cells (50.9296; at cell 511) maxbusy=9 emax=4 minmargin=7.196e-06 nflag=0
CK x=17782.8 N=3493 pi=1637 E=0.552893 supE=5.848834 (at 15255.17963) supE/log2x=0.0611 maxgap=11 cells (56.0225; at cell 2925) maxbusy=10 emax=5 minmargin=7.196e-06 nflag=0
CK x=31622.8 N=6210 pi=2813 E=0.078683 supE=5.848834 (at 15255.17963) supE/log2x=0.0545 maxgap=16 cells (81.4873; at cell 4469) maxbusy=15 emax=5 minmargin=7.196e-06 nflag=0
CK x=56234.1 N=11042 pi=4820 E=-0.349751 supE=7.128189 (at 41945.9507) supE/log2x=0.0596 maxgap=18 cells (91.6732; at cell 9939) maxbusy=17 emax=6 minmargin=7.196e-06 nflag=0
CK x=100000 N=19637 pi=8247 E=1.242265 supE=8.914111 (at 68634.14185) supE/log2x=0.0673 maxgap=20 cells (101.8592; at cell 12717) maxbusy=19 emax=8 minmargin=7.196e-06 nflag=0
CK x=177828 N=34918 pi=14125 E=0.761783 supE=8.914111 (at 68634.14185) supE/log2x=0.0610 maxgap=29 cells (147.6958; at cell 23976) maxbusy=28 emax=8 minmargin=7.196e-06 nflag=0
CK x=316228 N=62094 pi=24224 E=2.019688 supE=8.914111 (at 68634.14185) supE/log2x=0.0556 maxgap=37 cells (188.4395; at cell 57194) maxbusy=36 emax=8 minmargin=7.196e-06 nflag=0
CK x=562341 N=110416 pi=41588 E=-0.264652 supE=8.914111 (at 68634.14185) supE/log2x=0.0509 maxgap=37 cells (188.4395; at cell 57194) maxbusy=36 emax=8 minmargin=7.196e-06 nflag=0
CK x=1e+06 N=196351 pi=71406 E=0.655500 supE=9.129174 (at 789250.9782) supE/log2x=0.0478 maxgap=37 cells (188.4395; at cell 57194) maxbusy=36 emax=8 minmargin=3.135e-06 nflag=0
CK x=1.77828e+06 N=349165 pi=122745 E=-0.149313 supE=11.824668 (at 1317718.241) supE/log2x=0.0571 maxgap=37 cells (188.4395; at cell 57194) maxbusy=36 emax=11 minmargin=3.135e-06 nflag=0
CK x=3.16228e+06 N=620913 pi=211142 E=0.429737 supE=11.824668 (at 1317718.241) supE/log2x=0.0528 maxgap=48 cells (244.4620; at cell 528975) maxbusy=47 emax=11 minmargin=9.324e-07 nflag=0
CK x=5.62341e+06 N=1104156 pi=363512 E=0.586332 supE=13.615025 (at 5030959.467) supE/log2x=0.0564 maxgap=71 cells (361.6000; at cell 1021915) maxbusy=70 emax=13 minmargin=9.324e-07 nflag=0
CK x=1e+07 N=1963496 pi=626112 E=-0.212144 supE=13.615025 (at 5030959.467) supE/log2x=0.0524 maxgap=71 cells (361.6000; at cell 1021915) maxbusy=70 emax=13 minmargin=2.128e-08 nflag=0
CK x=1.77828e+07 N=3491645 pi=1079067 E=0.739719 supE=15.037287 (at 14236260.23) supE/log2x=0.0540 maxgap=73 cells (371.7859; at cell 3438868) maxbusy=72 emax=14 minmargin=2.128e-08 nflag=0
CK x=3.16228e+07 N=6209119 pi=1861053 E=0.530227 supE=15.037287 (at 14236260.23) supE/log2x=0.0504 maxgap=75 cells (381.9719; at cell 5801908) maxbusy=74 emax=14 minmargin=1.617e-08 nflag=0
CK x=5.62341e+07 N=11041547 pi=3211566 E=0.096175 supE=15.037287 (at 14236260.23) supE/log2x=0.0472 maxgap=115 cells (585.6902; at cell 9176241) maxbusy=114 emax=14 minmargin=1.617e-08 nflag=0
CK x=1e+08 N=19634959 pi=5546103 E=4.111413 supE=15.943802 (at 61722442.54) supE/log2x=0.0470 maxgap=119 cells (606.0620; at cell 18617264) maxbusy=118 emax=15 minmargin=1.124e-08 nflag=0
CK x=1.77828e+08 N=34916435 pi=9583374 E=-0.369952 supE=17.298277 (at 152118445.3) supE/log2x=0.0479 maxgap=119 cells (606.0620; at cell 18617264) maxbusy=118 emax=16 minmargin=1.124e-08 nflag=0
CK x=3.16228e+08 N=62091178 pi=16570395 E=0.535124 supE=18.774500 (at 308896533) supE/log2x=0.0490 maxgap=157 cells (799.5944; at cell 54080433) maxbusy=156 emax=18 minmargin=1.124e-08 nflag=0
CK x=5.62341e+08 N=110415465 pi=28667812 E=3.194603 supE=18.947118 (at 403940192.1) supE/log2x=0.0467 maxgap=162 cells (825.0592; at cell 102471890) maxbusy=161 emax=18 minmargin=1.124e-08 nflag=0
FINAL Kmax=196349541 x_K=999999999.2 N(x_K)=196349542 pi=49625921 composites=146723620 supE=21.063252 at 564901464.3 supE/log2X=0.04905 maxgap=162 cells (825.0592) at cell 102471890 maxbusy=161 at cell 102471889 emax=20 e_K=0
AUDIT minmargin=6.9348e-09 at 795202504.8 flagged(<1e-15)=0 count-overflow=0 max-factors=19
first primes: 2.9098593171 13.0957756750 18.1887338539 23.2816920329 33.4676083907 43.6535247486
