s8gen: t=10.185916357881302-6.3e-16 rho=0.098174770424681035 tau=0.5 delta=1.2732395447351628 (delta/t=0.125) X=1e+09 Kmax=98174770
CK x=10 N=2 pi=1 E=0.116427 supE=0.625000 (at 1) supE/log2x=0.1179 maxgap=0 cells (0.0000; at cell 0) maxbusy=0 emax=0 minmargin=3.176e-01 nflag=0
CK x=17.7828 N=3 pi=2 E=0.352353 supE=0.625000 (at 1) supE/log2x=0.0754 maxgap=1 cells (10.1859; at cell 2) maxbusy=0 emax=0 minmargin=3.176e-01 nflag=0
CK x=31.6228 N=4 pi=2 E=-0.006384 supE=0.817605 (at 23.22968788) supE/log2x=0.0685 maxgap=1 cells (10.1859; at cell 2) maxbusy=1 emax=0 minmargin=3.176e-01 nflag=0
CK x=56.2341 N=7 pi=5 E=0.577402 supE=0.817605 (at 23.22968788) supE/log2x=0.0504 maxgap=2 cells (20.3718; at cell 4) maxbusy=1 emax=0 minmargin=3.176e-01 nflag=0
CK x=100 N=11 pi=8 E=0.280698 supE=0.997887 (at 72.3229384) supE/log2x=0.0471 maxgap=2 cells (20.3718; at cell 4) maxbusy=1 emax=0 minmargin=3.176e-01 nflag=0
CK x=177.828 N=19 pi=14 E=0.639957 supE=1.106473 (at 111.9605588) supE/log2x=0.0412 maxgap=2 cells (20.3718; at cell 4) maxbusy=1 emax=0 minmargin=3.873e-02 nflag=0
CK x=316.228 N=32 pi=24 E=0.052586 supE=1.358450 (at 170.5094404) supE/log2x=0.0410 maxgap=3 cells (30.5577; at cell 24) maxbusy=2 emax=0 minmargin=3.873e-02 nflag=0
CK x=562.341 N=56 pi=41 E=-0.109556 supE=1.440138 (at 465.0689456) supE/log2x=0.0359 maxgap=3 cells (30.5577; at cell 24) maxbusy=2 emax=0 minmargin=3.873e-02 nflag=0
CK x=1000 N=99 pi=73 E=-0.076596 supE=1.440138 (at 465.0689456) supE/log2x=0.0302 maxgap=3 cells (30.5577; at cell 24) maxbusy=2 emax=0 minmargin=1.198e-02 nflag=0
CK x=1778.28 N=176 pi=129 E=0.516002 supE=2.226046 (at 1251.565222) supE/log2x=0.0397 maxgap=4 cells (40.7437; at cell 160) maxbusy=3 emax=1 minmargin=1.198e-02 nflag=0
CK x=3162.28 N=311 pi=221 E=-0.357709 supE=2.226046 (at 1251.565222) supE/log2x=0.0343 maxgap=4 cells (40.7437; at cell 160) maxbusy=3 emax=1 minmargin=7.524e-04 nflag=0
CK x=5623.41 N=554 pi=388 E=1.020870 supE=2.226046 (at 1251.565222) supE/log2x=0.0299 maxgap=5 cells (50.9296; at cell 431) maxbusy=4 emax=1 minmargin=7.524e-04 nflag=0
CK x=10000 N=983 pi=673 E=0.350471 supE=2.778122 (at 6033.322513) supE/log2x=0.0327 maxgap=5 cells (50.9296; at cell 431) maxbusy=4 emax=2 minmargin=7.524e-04 nflag=0
CK x=17782.8 N=1747 pi=1172 E=0.276446 supE=2.778122 (at 6033.322513) supE/log2x=0.0290 maxgap=7 cells (71.3014; at cell 1619) maxbusy=6 emax=2 minmargin=7.524e-04 nflag=0
CK x=31622.8 N=3106 pi=2037 E=0.539342 supE=2.778122 (at 6033.322513) supE/log2x=0.0259 maxgap=7 cells (71.3014; at cell 1619) maxbusy=6 emax=2 minmargin=7.524e-04 nflag=0
CK x=56234.1 N=5522 pi=3538 E=0.325125 supE=3.205959 (at 48677.39639) supE/log2x=0.0268 maxgap=7 cells (71.3014; at cell 1619) maxbusy=6 emax=2 minmargin=7.524e-04 nflag=0
CK x=100000 N=9819 pi=6142 E=0.621132 supE=4.960626 (at 82456.39398) supE/log2x=0.0374 maxgap=8 cells (81.4873; at cell 6107) maxbusy=7 emax=4 minmargin=8.861e-06 nflag=0
CK x=177828 N=17460 pi=10678 E=0.880892 supE=4.960626 (at 82456.39398) supE/log2x=0.0339 maxgap=12 cells (122.2310; at cell 16652) maxbusy=11 emax=4 minmargin=8.861e-06 nflag=0
CK x=316228 N=31047 pi=18561 E=0.509844 supE=4.960626 (at 82456.39398) supE/log2x=0.0309 maxgap=12 cells (122.2310; at cell 16652) maxbusy=11 emax=4 minmargin=8.861e-06 nflag=0
CK x=562341 N=55209 pi=32266 E=0.367674 supE=4.960626 (at 82456.39398) supE/log2x=0.0283 maxgap=13 cells (132.4169; at cell 34658) maxbusy=12 emax=4 minmargin=8.861e-06 nflag=0
CK x=1e+06 N=98176 pi=56110 E=0.327750 supE=5.292892 (at 785484.9566) supE/log2x=0.0277 maxgap=14 cells (142.6028; at cell 72616) maxbusy=13 emax=4 minmargin=8.861e-06 nflag=0
CK x=1.77828e+06 N=174584 pi=97564 E=0.925343 supE=5.292892 (at 785484.9566) supE/log2x=0.0256 maxgap=19 cells (193.5324; at cell 156860) maxbusy=18 emax=4 minmargin=1.058e-06 nflag=0
CK x=3.16228e+06 N=310458 pi=169691 E=1.214869 supE=6.298961 (at 3138818.638) supE/log2x=0.0281 maxgap=19 cells (193.5324; at cell 156860) maxbusy=18 emax=5 minmargin=1.058e-06 nflag=0
CK x=5.62341e+06 N=552079 pi=295268 E=0.793166 supE=6.298961 (at 3138818.638) supE/log2x=0.0261 maxgap=21 cells (213.9042; at cell 449717) maxbusy=20 emax=5 minmargin=1.058e-06 nflag=0
CK x=1e+07 N=981749 pi=513737 E=0.393928 supE=6.968871 (at 7282137.011) supE/log2x=0.0268 maxgap=22 cells (224.0902; at cell 825247) maxbusy=21 emax=6 minmargin=1.221e-07 nflag=0
CK x=1.77828e+07 N=1745824 pi=894136 E=1.369860 supE=7.904799 (at 12525215.88) supE/log2x=0.0284 maxgap=24 cells (244.4620; at cell 1614979) maxbusy=23 emax=7 minmargin=1.221e-07 nflag=0
CK x=3.16228e+07 N=3104561 pi=1556679 E=1.265113 supE=7.962069 (at 23568694.14) supE/log2x=0.0267 maxgap=26 cells (264.8338; at cell 2448889) maxbusy=25 emax=7 minmargin=1.221e-07 nflag=0
CK x=5.62341e+07 N=5520774 pi=2710582 E=0.048087 supE=8.584750 (at 53699565.49) supE/log2x=0.0270 maxgap=32 cells (325.9493; at cell 4936517) maxbusy=31 emax=8 minmargin=6.501e-08 nflag=0
CK x=1e+08 N=9817478 pi=4720984 E=0.055707 supE=10.146407 (at 83415178.02) supE/log2x=0.0299 maxgap=33 cells (336.1352; at cell 8445705) maxbusy=32 emax=9 minmargin=6.501e-08 nflag=0
CK x=1.77828e+08 N=17458218 pi=8224417 E=-0.184976 supE=10.146407 (at 83415178.02) supE/log2x=0.0281 maxgap=42 cells (427.8085; at cell 16021646) maxbusy=41 emax=9 minmargin=2.150e-08 nflag=0
CK x=3.16228e+08 N=31045589 pi=14330769 E=-0.232438 supE=10.146407 (at 83415178.02) supE/log2x=0.0265 maxgap=42 cells (427.8085; at cell 16021646) maxbusy=41 emax=9 minmargin=2.150e-08 nflag=0
CK x=5.62341e+08 N=55207733 pi=24976899 E=1.597301 supE=10.942596 (at 443874877.1) supE/log2x=0.0270 maxgap=47 cells (478.7381; at cell 53026242) maxbusy=46 emax=10 minmargin=2.150e-08 nflag=0
FINAL Kmax=98174770 x_K=999999991.6 N(x_K)=98174771 pi=43541703 composites=54633067 supE=11.211902 at 619278707 supE/log2X=0.02611 maxgap=52 cells (529.6677) at cell 80468202 maxbusy=51 at cell 80468201 emax=10 e_K=0
AUDIT minmargin=2.1504e-08 at 217938116.9 flagged(<1e-15)=0 count-overflow=0 max-factors=13
first primes: 4.8197186342 15.0056349921 35.3774677078 45.5633840657 55.7493004236 65.9352167815
