s8gen: t=10.185916357881302-6.3e-16 rho=0.098174770424681035 tau=0.5 delta=0.5 (delta/t=0.0490874) X=1e+09 Kmax=98174770
CK x=10 N=2 pi=1 E=0.116427 supE=0.549087 (at 1) supE/log2x=0.1036 maxgap=0 cells (0.0000; at cell 0) maxbusy=0 emax=0 minmargin=1.000e+00 nflag=0
CK x=17.7828 N=3 pi=2 E=0.352353 supE=0.549087 (at 1) supE/log2x=0.0663 maxgap=1 cells (10.1859; at cell 2) maxbusy=0 emax=0 minmargin=1.000e+00 nflag=0
CK x=31.6228 N=5 pi=3 E=0.993616 supE=0.549087 (at 1) supE/log2x=0.0460 maxgap=1 cells (10.1859; at cell 2) maxbusy=0 emax=0 minmargin=6.581e-02 nflag=0
CK x=56.2341 N=6 pi=4 E=-0.422598 supE=1.027152 (at 31.28118105) supE/log2x=0.0633 maxgap=2 cells (20.3718; at cell 5) maxbusy=1 emax=0 minmargin=6.581e-02 nflag=0
CK x=100 N=11 pi=8 E=0.280698 supE=1.434194 (at 88.25058537) supE/log2x=0.0676 maxgap=2 cells (20.3718; at cell 5) maxbusy=1 emax=0 minmargin=6.581e-02 nflag=0
CK x=177.828 N=19 pi=14 E=0.639957 supE=1.434194 (at 88.25058537) supE/log2x=0.0534 maxgap=2 cells (20.3718; at cell 5) maxbusy=1 emax=0 minmargin=4.612e-03 nflag=0
CK x=316.228 N=33 pi=25 E=1.052586 supE=1.434194 (at 88.25058537) supE/log2x=0.0433 maxgap=3 cells (30.5577; at cell 27) maxbusy=2 emax=0 minmargin=4.612e-03 nflag=0
CK x=562.341 N=56 pi=43 E=-0.109556 supE=1.640892 (at 493.5818332) supE/log2x=0.0409 maxgap=3 cells (30.5577; at cell 27) maxbusy=2 emax=1 minmargin=4.612e-03 nflag=0
CK x=1000 N=99 pi=75 E=-0.076596 supE=1.640892 (at 493.5818332) supE/log2x=0.0344 maxgap=3 cells (30.5577; at cell 27) maxbusy=2 emax=1 minmargin=4.612e-03 nflag=0
CK x=1778.28 N=176 pi=131 E=0.516002 supE=1.640892 (at 493.5818332) supE/log2x=0.0293 maxgap=4 cells (40.7437; at cell 122) maxbusy=3 emax=1 minmargin=4.612e-03 nflag=0
CK x=3162.28 N=311 pi=229 E=-0.357709 supE=1.866574 (at 1856.195844) supE/log2x=0.0287 maxgap=4 cells (40.7437; at cell 122) maxbusy=3 emax=1 minmargin=4.612e-03 nflag=0
CK x=5623.41 N=553 pi=397 E=0.020870 supE=2.263745 (at 3563.384242) supE/log2x=0.0304 maxgap=6 cells (61.1155; at cell 488) maxbusy=5 emax=1 minmargin=1.544e-04 nflag=0
CK x=10000 N=983 pi=691 E=0.350471 supE=2.263745 (at 3563.384242) supE/log2x=0.0267 maxgap=6 cells (61.1155; at cell 488) maxbusy=5 emax=1 minmargin=1.544e-04 nflag=0
CK x=17782.8 N=1747 pi=1198 E=0.276446 supE=2.576353 (at 11545.95847) supE/log2x=0.0269 maxgap=6 cells (61.1155; at cell 488) maxbusy=5 emax=2 minmargin=1.544e-04 nflag=0
CK x=31622.8 N=3106 pi=2083 E=0.539342 supE=2.880412 (at 31537.81516) supE/log2x=0.0268 maxgap=6 cells (61.1155; at cell 488) maxbusy=5 emax=2 minmargin=3.075e-05 nflag=0
CK x=56234.1 N=5523 pi=3615 E=1.325125 supE=3.713162 (at 45738.68615) supE/log2x=0.0310 maxgap=7 cells (71.3014; at cell 3508) maxbusy=6 emax=3 minmargin=3.075e-05 nflag=0
CK x=100000 N=9818 pi=6280 E=-0.378868 supE=3.713162 (at 45738.68615) supE/log2x=0.0280 maxgap=8 cells (81.4873; at cell 6848) maxbusy=7 emax=3 minmargin=3.075e-05 nflag=0
CK x=177828 N=17459 pi=10911 E=-0.119108 supE=3.945635 (at 149245.6002) supE/log2x=0.0270 maxgap=11 cells (112.0451; at cell 12508) maxbusy=10 emax=3 minmargin=6.302e-06 nflag=0
CK x=316228 N=31047 pi=18940 E=0.509844 supE=4.571866 (at 215956.9736) supE/log2x=0.0285 maxgap=11 cells (112.0451; at cell 12508) maxbusy=10 emax=4 minmargin=6.302e-06 nflag=0
CK x=562341 N=55209 pi=32902 E=0.367674 supE=4.823424 (at 528886.1336) supE/log2x=0.0275 maxgap=15 cells (152.7887; at cell 37803) maxbusy=14 emax=4 minmargin=6.302e-06 nflag=0
CK x=1e+06 N=98177 pi=57167 E=1.327750 supE=5.489214 (at 667163.3524) supE/log2x=0.0288 maxgap=15 cells (152.7887; at cell 37803) maxbusy=14 emax=4 minmargin=2.702e-06 nflag=0
CK x=1.77828e+06 N=174585 pi=99357 E=1.925343 supE=6.115019 (at 1227209.217) supE/log2x=0.0295 maxgap=17 cells (173.1606; at cell 122321) maxbusy=16 emax=5 minmargin=2.702e-06 nflag=0
CK x=3.16228e+06 N=310457 pi=172718 E=0.214869 supE=6.328231 (at 2751498.871) supE/log2x=0.0283 maxgap=21 cells (213.9042; at cell 223250) maxbusy=20 emax=5 minmargin=2.702e-06 nflag=0
CK x=5.62341e+06 N=552079 pi=300296 E=0.793166 supE=8.182691 (at 5507880.621) supE/log2x=0.0339 maxgap=23 cells (234.2761; at cell 540395) maxbusy=22 emax=7 minmargin=8.974e-07 nflag=0
CK x=1e+07 N=981749 pi=522256 E=0.393928 supE=8.182691 (at 5507880.621) supE/log2x=0.0315 maxgap=23 cells (234.2761; at cell 540395) maxbusy=22 emax=7 minmargin=8.974e-07 nflag=0
CK x=1.77828e+07 N=1745824 pi=908432 E=1.369860 supE=8.182691 (at 5507880.621) supE/log2x=0.0294 maxgap=26 cells (264.8338; at cell 1395025) maxbusy=25 emax=7 minmargin=8.974e-07 nflag=0
CK x=3.16228e+07 N=3104560 pi=1580556 E=0.265113 supE=8.532772 (at 21882195.97) supE/log2x=0.0286 maxgap=32 cells (325.9493; at cell 2404968) maxbusy=31 emax=8 minmargin=2.912e-07 nflag=0
CK x=5.62341e+07 N=5520775 pi=2750652 E=1.048087 supE=8.532772 (at 21882195.97) supE/log2x=0.0268 maxgap=37 cells (376.8789; at cell 4649099) maxbusy=36 emax=8 minmargin=2.912e-07 nflag=0
CK x=1e+08 N=9817478 pi=4788285 E=0.055707 supE=10.264993 (at 88706149.2) supE/log2x=0.0303 maxgap=39 cells (397.2507; at cell 8708724) maxbusy=38 emax=9 minmargin=2.912e-07 nflag=0
CK x=1.77828e+08 N=17458218 pi=8337381 E=-0.184976 supE=10.264993 (at 88706149.2) supE/log2x=0.0284 maxgap=47 cells (478.7381; at cell 14259234) maxbusy=46 emax=9 minmargin=3.062e-08 nflag=0
CK x=3.16228e+08 N=31045590 pi=14520702 E=0.767562 supE=10.895116 (at 264234070.4) supE/log2x=0.0284 maxgap=47 cells (478.7381; at cell 14259234) maxbusy=46 emax=10 minmargin=3.062e-08 nflag=0
CK x=5.62341e+08 N=55207732 pi=25295417 E=0.597301 supE=10.967906 (at 488474288.5) supE/log2x=0.0270 maxgap=48 cells (488.9240; at cell 36694605) maxbusy=47 emax=10 minmargin=3.062e-08 nflag=0
FINAL Kmax=98174770 x_K=999999991.6 N(x_K)=98174771 pi=44075935 composites=54098835 supE=11.913565 at 997656065.4 supE/log2X=0.02774 maxgap=53 cells (539.8536) at cell 77105808 maxbusy=52 at cell 77105807 emax=11 e_K=0
AUDIT minmargin=3.0620e-08 at 263958076.9 flagged(<1e-15)=0 count-overflow=0 max-factors=12
first primes: 5.5929581789 15.7788745368 25.9647908947 46.3366236105 56.5225399683 66.7084563262
