s8gen: t=10.185916357881302-6.3e-16 rho=0.098174770424681035 tau=0.5 delta=2.5464790894703255 (delta/t=0.25) X=1e+09 Kmax=98174770
CK x=10 N=2 pi=1 E=0.116427 supE=0.750000 (at 1) supE/log2x=0.1415 maxgap=0 cells (0.0000; at cell 0) maxbusy=0 emax=0 minmargin=3.634e-01 nflag=0
CK x=17.7828 N=3 pi=1 E=0.352353 supE=0.863380 (at 12.57751367) supE/log2x=0.1042 maxgap=0 cells (0.0000; at cell 0) maxbusy=1 emax=0 minmargin=2.190e-01 nflag=0
CK x=31.6228 N=4 pi=2 E=-0.006384 supE=0.863380 (at 12.57751367) supE/log2x=0.0724 maxgap=2 cells (20.3718; at cell 3) maxbusy=1 emax=0 minmargin=2.190e-01 nflag=0
CK x=56.2341 N=7 pi=4 E=0.577402 supE=0.863380 (at 12.57751367) supE/log2x=0.0532 maxgap=2 cells (20.3718; at cell 3) maxbusy=1 emax=0 minmargin=2.190e-01 nflag=0
CK x=100 N=11 pi=7 E=0.280698 supE=0.863380 (at 12.57751367) supE/log2x=0.0407 maxgap=2 cells (20.3718; at cell 3) maxbusy=1 emax=0 minmargin=6.753e-02 nflag=0
CK x=177.828 N=19 pi=13 E=0.639957 supE=1.223943 (at 120.949932) supE/log2x=0.0456 maxgap=2 cells (20.3718; at cell 3) maxbusy=1 emax=0 minmargin=6.753e-02 nflag=0
CK x=316.228 N=32 pi=22 E=0.052586 supE=1.223943 (at 120.949932) supE/log2x=0.0369 maxgap=2 cells (20.3718; at cell 3) maxbusy=1 emax=0 minmargin=6.397e-02 nflag=0
CK x=562.341 N=57 pi=40 E=0.890444 supE=1.398589 (at 373.8189076) supE/log2x=0.0349 maxgap=2 cells (20.3718; at cell 3) maxbusy=1 emax=0 minmargin=6.397e-02 nflag=0
CK x=1000 N=99 pi=68 E=-0.076596 supE=2.015487 (at 815.7155631) supE/log2x=0.0422 maxgap=3 cells (30.5577; at cell 58) maxbusy=2 emax=1 minmargin=5.616e-03 nflag=0
CK x=1778.28 N=176 pi=121 E=0.516002 supE=2.015487 (at 815.7155631) supE/log2x=0.0360 maxgap=4 cells (40.7437; at cell 132) maxbusy=3 emax=1 minmargin=5.616e-03 nflag=0
CK x=3162.28 N=312 pi=210 E=0.642291 supE=2.015487 (at 815.7155631) supE/log2x=0.0310 maxgap=4 cells (40.7437; at cell 132) maxbusy=3 emax=1 minmargin=5.616e-03 nflag=0
CK x=5623.41 N=553 pi=365 E=0.020870 supE=2.832369 (at 3252.014798) supE/log2x=0.0380 maxgap=4 cells (40.7437; at cell 132) maxbusy=3 emax=2 minmargin=5.616e-03 nflag=0
CK x=10000 N=983 pi=636 E=0.350471 supE=2.832369 (at 3252.014798) supE/log2x=0.0334 maxgap=7 cells (71.3014; at cell 732) maxbusy=6 emax=2 minmargin=5.757e-05 nflag=0
CK x=17782.8 N=1747 pi=1107 E=0.276446 supE=2.832369 (at 3252.014798) supE/log2x=0.0296 maxgap=7 cells (71.3014; at cell 732) maxbusy=6 emax=2 minmargin=5.757e-05 nflag=0
CK x=31622.8 N=3106 pi=1925 E=0.539342 supE=3.061187 (at 25923.53388) supE/log2x=0.0285 maxgap=7 cells (71.3014; at cell 732) maxbusy=6 emax=2 minmargin=5.757e-05 nflag=0
CK x=56234.1 N=5523 pi=3350 E=1.325125 supE=3.246099 (at 46334.22677) supE/log2x=0.0271 maxgap=11 cells (112.0451; at cell 4559) maxbusy=10 emax=2 minmargin=5.757e-05 nflag=0
CK x=100000 N=9819 pi=5836 E=0.621132 supE=3.896576 (at 73462.88224) supE/log2x=0.0294 maxgap=11 cells (112.0451; at cell 4559) maxbusy=10 emax=3 minmargin=5.757e-05 nflag=0
CK x=177828 N=17459 pi=10147 E=-0.119108 supE=3.896576 (at 73462.88224) supE/log2x=0.0267 maxgap=11 cells (112.0451; at cell 4559) maxbusy=10 emax=3 minmargin=5.757e-05 nflag=0
CK x=316228 N=31047 pi=17669 E=0.509844 supE=4.101006 (at 223835.4831) supE/log2x=0.0256 maxgap=11 cells (112.0451; at cell 4559) maxbusy=10 emax=3 minmargin=5.757e-05 nflag=0
CK x=562341 N=55209 pi=30759 E=0.367674 supE=4.575766 (at 324559.1741) supE/log2x=0.0261 maxgap=13 cells (132.4169; at cell 34701) maxbusy=12 emax=4 minmargin=9.709e-06 nflag=0
CK x=1e+06 N=98176 pi=53556 E=0.327750 supE=4.850226 (at 566746.9117) supE/log2x=0.0254 maxgap=15 cells (152.7887; at cell 67927) maxbusy=14 emax=4 minmargin=9.709e-06 nflag=0
CK x=1.77828e+06 N=174583 pi=93273 E=-0.074657 supE=6.234089 (at 1151047.908) supE/log2x=0.0301 maxgap=16 cells (162.9747; at cell 99553) maxbusy=15 emax=5 minmargin=6.471e-07 nflag=0
CK x=3.16228e+06 N=310457 pi=162502 E=0.214869 supE=6.234089 (at 1151047.908) supE/log2x=0.0278 maxgap=19 cells (193.5324; at cell 252278) maxbusy=18 emax=5 minmargin=6.471e-07 nflag=0
CK x=5.62341e+06 N=552078 pi=283093 E=-0.206834 supE=8.264082 (at 3339552.847) supE/log2x=0.0342 maxgap=20 cells (203.7183; at cell 398160) maxbusy=19 emax=7 minmargin=6.471e-07 nflag=0
CK x=1e+07 N=981749 pi=493282 E=0.393928 supE=8.264082 (at 3339552.847) supE/log2x=0.0318 maxgap=29 cells (295.3916; at cell 958061) maxbusy=28 emax=7 minmargin=6.471e-07 nflag=0
CK x=1.77828e+07 N=1745824 pi=859716 E=1.369860 supE=8.264082 (at 3339552.847) supE/log2x=0.0297 maxgap=29 cells (295.3916; at cell 958061) maxbusy=28 emax=7 minmargin=3.104e-07 nflag=0
CK x=3.16228e+07 N=3104561 pi=1498616 E=1.265113 supE=8.264082 (at 3339552.847) supE/log2x=0.0277 maxgap=29 cells (295.3916; at cell 958061) maxbusy=28 emax=7 minmargin=3.104e-07 nflag=0
CK x=5.62341e+07 N=5520776 pi=2612859 E=2.048087 supE=8.971690 (at 33489562.67) supE/log2x=0.0282 maxgap=31 cells (315.7634; at cell 5037085) maxbusy=30 emax=8 minmargin=3.104e-07 nflag=0
CK x=1e+08 N=9817479 pi=4556382 E=1.055707 supE=9.328053 (at 94758874.71) supE/log2x=0.0275 maxgap=36 cells (366.6930; at cell 5587751) maxbusy=35 emax=8 minmargin=7.296e-08 nflag=0
CK x=1.77828e+08 N=17458218 pi=7947280 E=-0.184976 supE=9.328053 (at 94758874.71) supE/log2x=0.0258 maxgap=37 cells (376.8789; at cell 10895386) maxbusy=36 emax=8 minmargin=7.296e-08 nflag=0
CK x=3.16228e+08 N=31045589 pi=13864183 E=-0.232438 supE=10.418499 (at 314187775) supE/log2x=0.0272 maxgap=45 cells (458.3662; at cell 20327397) maxbusy=44 emax=9 minmargin=7.296e-08 nflag=0
CK x=5.62341e+08 N=55207732 pi=24191086 E=0.597301 supE=10.805033 (at 321595000) supE/log2x=0.0266 maxgap=47 cells (478.7381; at cell 51800350) maxbusy=46 emax=10 minmargin=9.405e-09 nflag=0
FINAL Kmax=98174770 x_K=999999991.6 N(x_K)=98174771 pi=42218278 composites=55956492 supE=13.035260 at 800783986.8 supE/log2X=0.03035 maxgap=49 cells (499.1099) at cell 86515656 maxbusy=48 at cell 86515655 emax=12 e_K=0
AUDIT minmargin=1.9474e-09 at 807911118.7 flagged(<1e-15)=0 count-overflow=0 max-factors=16
first primes: 3.5464790895 23.9183118052 34.1042281631 54.4760608789 64.6619772368 74.8478935946
