s8gen: t=10.185916357881302-6.3e-16 rho=0.098174770424681035 tau=0.25 delta=0 (delta/t=0) X=1e+09 Kmax=98174771
CK x=10 N=2 pi=1 E=0.116427 supE=0.750000 (at 1) supE/log2x=0.1415 maxgap=0 cells (0.0000; at cell 0) maxbusy=0 emax=0 minmargin=1.134e-01 nflag=0
CK x=17.7828 N=3 pi=1 E=0.352353 supE=0.863380 (at 12.57751367) supE/log2x=0.1042 maxgap=0 cells (0.0000; at cell 0) maxbusy=1 emax=0 minmargin=1.134e-01 nflag=0
CK x=31.6228 N=4 pi=2 E=-0.006384 supE=0.863380 (at 12.57751367) supE/log2x=0.0724 maxgap=2 cells (20.3718; at cell 3) maxbusy=1 emax=0 minmargin=1.134e-01 nflag=0
CK x=56.2341 N=7 pi=4 E=0.577402 supE=1.719002 (at 44.60589016) supE/log2x=0.1059 maxgap=2 cells (20.3718; at cell 3) maxbusy=1 emax=0 minmargin=2.042e-02 nflag=0
CK x=100 N=11 pi=7 E=0.280698 supE=1.719002 (at 44.60589016) supE/log2x=0.0811 maxgap=2 cells (20.3718; at cell 3) maxbusy=1 emax=0 minmargin=2.042e-02 nflag=0
CK x=177.828 N=19 pi=12 E=0.639957 supE=2.567529 (at 158.1938567) supE/log2x=0.0957 maxgap=2 cells (20.3718; at cell 3) maxbusy=2 emax=1 minmargin=9.152e-03 nflag=0
CK x=316.228 N=32 pi=22 E=0.052586 supE=2.567529 (at 158.1938567) supE/log2x=0.0775 maxgap=3 cells (30.5577; at cell 19) maxbusy=2 emax=1 minmargin=9.152e-03 nflag=0
CK x=562.341 N=59 pi=40 E=2.890444 supE=2.567529 (at 158.1938567) supE/log2x=0.0640 maxgap=3 cells (30.5577; at cell 19) maxbusy=2 emax=1 minmargin=1.413e-04 nflag=0
CK x=1000 N=99 pi=68 E=-0.076596 supE=3.019065 (at 561.031205) supE/log2x=0.0633 maxgap=5 cells (50.9296; at cell 60) maxbusy=4 emax=2 minmargin=1.413e-04 nflag=0
CK x=1778.28 N=176 pi=120 E=0.516002 supE=3.019065 (at 561.031205) supE/log2x=0.0539 maxgap=5 cells (50.9296; at cell 60) maxbusy=4 emax=2 minmargin=1.413e-04 nflag=0
CK x=3162.28 N=312 pi=209 E=0.642291 supE=3.143969 (at 1975.601321) supE/log2x=0.0484 maxgap=6 cells (61.1155; at cell 199) maxbusy=5 emax=2 minmargin=1.413e-04 nflag=0
CK x=5623.41 N=553 pi=361 E=0.020870 supE=3.143969 (at 1975.601321) supE/log2x=0.0422 maxgap=6 cells (61.1155; at cell 199) maxbusy=5 emax=2 minmargin=1.413e-04 nflag=0
CK x=10000 N=983 pi=633 E=0.350471 supE=3.153361 (at 5937.827116) supE/log2x=0.0372 maxgap=6 cells (61.1155; at cell 199) maxbusy=5 emax=2 minmargin=1.413e-04 nflag=0
CK x=17782.8 N=1747 pi=1101 E=0.276446 supE=3.181585 (at 13240.84166) supE/log2x=0.0332 maxgap=6 cells (61.1155; at cell 199) maxbusy=5 emax=2 minmargin=1.413e-04 nflag=0
CK x=31622.8 N=3107 pi=1916 E=1.539342 supE=3.970176 (at 29998.82745) supE/log2x=0.0370 maxgap=7 cells (71.3014; at cell 2574) maxbusy=6 emax=3 minmargin=1.047e-05 nflag=0
CK x=56234.1 N=5523 pi=3334 E=1.325125 supE=3.970176 (at 29998.82745) supE/log2x=0.0332 maxgap=8 cells (81.4873; at cell 4212) maxbusy=7 emax=3 minmargin=1.047e-05 nflag=0
CK x=100000 N=9819 pi=5806 E=0.621132 supE=4.519224 (at 61966.82635) supE/log2x=0.0341 maxgap=12 cells (122.2310; at cell 8486) maxbusy=11 emax=3 minmargin=1.047e-05 nflag=0
CK x=177828 N=17459 pi=10107 E=-0.119108 supE=4.519224 (at 61966.82635) supE/log2x=0.0309 maxgap=14 cells (142.6028; at cell 11474) maxbusy=13 emax=3 minmargin=1.047e-05 nflag=0
CK x=316228 N=31047 pi=17596 E=0.509844 supE=4.580479 (at 202307.758) supE/log2x=0.0286 maxgap=14 cells (142.6028; at cell 11474) maxbusy=13 emax=3 minmargin=1.047e-05 nflag=0
CK x=562341 N=55210 pi=30641 E=1.367674 supE=6.286553 (at 360172.0836) supE/log2x=0.0359 maxgap=16 cells (162.9747; at cell 32420) maxbusy=15 emax=5 minmargin=1.047e-05 nflag=0
CK x=1e+06 N=98176 pi=53361 E=0.327750 supE=6.286553 (at 360172.0836) supE/log2x=0.0329 maxgap=16 cells (162.9747; at cell 32420) maxbusy=15 emax=5 minmargin=1.047e-05 nflag=0
CK x=1.77828e+06 N=174583 pi=92941 E=-0.074657 supE=7.561072 (at 1155516.194) supE/log2x=0.0365 maxgap=17 cells (173.1606; at cell 114785) maxbusy=16 emax=6 minmargin=3.366e-06 nflag=0
CK x=3.16228e+06 N=310457 pi=161899 E=0.214869 supE=7.561072 (at 1155516.194) supE/log2x=0.0338 maxgap=18 cells (183.3465; at cell 214255) maxbusy=17 emax=6 minmargin=3.366e-06 nflag=0
CK x=5.62341e+06 N=552078 pi=282102 E=-0.206834 supE=7.659104 (at 3661535.826) supE/log2x=0.0317 maxgap=25 cells (254.6479; at cell 469944) maxbusy=24 emax=6 minmargin=2.992e-06 nflag=0
CK x=1e+07 N=981749 pi=491588 E=0.393928 supE=8.014407 (at 8133088.372) supE/log2x=0.0308 maxgap=25 cells (254.6479; at cell 469944) maxbusy=24 emax=7 minmargin=2.992e-06 nflag=0
CK x=1.77828e+07 N=1745823 pi=856825 E=0.369860 supE=8.926219 (at 17488486.75) supE/log2x=0.0320 maxgap=28 cells (285.2057; at cell 1483699) maxbusy=27 emax=8 minmargin=3.509e-07 nflag=0
CK x=3.16228e+07 N=3104560 pi=1493881 E=0.265113 supE=8.942912 (at 23331067.09) supE/log2x=0.0300 maxgap=31 cells (315.7634; at cell 2337254) maxbusy=30 emax=8 minmargin=3.509e-07 nflag=0
CK x=5.62341e+07 N=5520776 pi=2604844 E=2.048087 supE=8.942912 (at 23331067.09) supE/log2x=0.0281 maxgap=37 cells (376.8789; at cell 3611748) maxbusy=36 emax=8 minmargin=1.871e-08 nflag=0
CK x=1e+08 N=9817478 pi=4542854 E=0.055707 supE=8.942912 (at 23331067.09) supE/log2x=0.0264 maxgap=37 cells (376.8789; at cell 3611748) maxbusy=36 emax=8 minmargin=1.871e-08 nflag=0
CK x=1.77828e+08 N=17458218 pi=7924394 E=-0.184976 supE=11.637032 (at 126131005) supE/log2x=0.0322 maxgap=38 cells (387.0648; at cell 14601863) maxbusy=37 emax=10 minmargin=9.322e-09 nflag=0
CK x=3.16228e+08 N=31045589 pi=13825510 E=-0.232438 supE=11.637032 (at 126131005) supE/log2x=0.0304 maxgap=43 cells (437.9944; at cell 17878387) maxbusy=42 emax=10 minmargin=9.322e-09 nflag=0
CK x=5.62341e+08 N=55207733 pi=24125814 E=1.597301 supE=11.637032 (at 126131005) supE/log2x=0.0287 maxgap=44 cells (448.1803; at cell 47211715) maxbusy=43 emax=10 minmargin=9.322e-09 nflag=0
FINAL Kmax=98174771 x_K=999999999.2 N(x_K)=98174772 pi=42108312 composites=56066459 supE=11.934226 at 937027097.3 supE/log2X=0.02779 maxgap=48 cells (488.9240) at cell 74502883 maxbusy=47 at cell 74502882 emax=11 e_K=0
AUDIT minmargin=9.3216e-09 at 482952699 flagged(<1e-15)=0 count-overflow=0 max-factors=16
first primes: 3.5464790895 23.9183118052 34.1042281631 44.2901445210 64.6619772368 74.8478935946
