s8gen: t=10.185916357881302-6.3e-16 rho=0.098174770424681035 tau=0.75 delta=0 (delta/t=0) X=1e+09 Kmax=98174770
CK x=10 N=2 pi=1 E=0.116427 supE=0.250000 (at 1) supE/log2x=0.0472 maxgap=0 cells (0.0000; at cell 0) maxbusy=0 emax=0 minmargin=1.000e+00 nflag=0
CK x=17.7828 N=2 pi=1 E=-0.647647 supE=0.250000 (at 1) supE/log2x=0.0302 maxgap=0 cells (0.0000; at cell 0) maxbusy=0 emax=0 minmargin=1.000e+00 nflag=0
CK x=31.6228 N=4 pi=3 E=-0.006384 supE=0.250000 (at 1) supE/log2x=0.0210 maxgap=1 cells (10.1859; at cell 2) maxbusy=0 emax=0 minmargin=1.000e+00 nflag=0
CK x=56.2341 N=6 pi=5 E=-0.422598 supE=0.250000 (at 1) supE/log2x=0.0154 maxgap=1 cells (10.1859; at cell 2) maxbusy=0 emax=0 minmargin=1.000e+00 nflag=0
CK x=100 N=10 pi=8 E=-0.719302 supE=0.770422 (at 74.63987639) supE/log2x=0.0363 maxgap=2 cells (20.3718; at cell 9) maxbusy=1 emax=0 minmargin=3.733e-02 nflag=0
CK x=177.828 N=18 pi=15 E=-0.360043 supE=1.130985 (at 162.6404617) supE/log2x=0.0421 maxgap=2 cells (20.3718; at cell 9) maxbusy=1 emax=0 minmargin=3.733e-02 nflag=0
CK x=316.228 N=32 pi=28 E=0.052586 supE=1.130985 (at 162.6404617) supE/log2x=0.0341 maxgap=2 cells (20.3718; at cell 9) maxbusy=1 emax=0 minmargin=3.733e-02 nflag=0
CK x=562.341 N=56 pi=47 E=-0.109556 supE=1.212673 (at 426.6422179) supE/log2x=0.0302 maxgap=3 cells (30.5577; at cell 36) maxbusy=2 emax=0 minmargin=3.733e-02 nflag=0
CK x=1000 N=99 pi=82 E=-0.076596 supE=1.212673 (at 426.6422179) supE/log2x=0.0254 maxgap=3 cells (30.5577; at cell 36) maxbusy=2 emax=0 minmargin=9.190e-03 nflag=0
CK x=1778.28 N=175 pi=142 E=-0.483998 supE=1.457738 (at 1137.160156) supE/log2x=0.0260 maxgap=4 cells (40.7437; at cell 114) maxbusy=3 emax=1 minmargin=9.190e-03 nflag=0
CK x=3162.28 N=311 pi=247 E=-0.357709 supE=1.784490 (at 2274.654511) supE/log2x=0.0275 maxgap=4 cells (40.7437; at cell 114) maxbusy=3 emax=1 minmargin=9.190e-03 nflag=0
CK x=5623.41 N=553 pi=428 E=0.020870 supE=2.333768 (at 4387.73022) supE/log2x=0.0313 maxgap=4 cells (40.7437; at cell 114) maxbusy=3 emax=2 minmargin=9.491e-04 nflag=0
CK x=10000 N=982 pi=742 E=-0.649529 supE=2.778817 (at 7642.69022) supE/log2x=0.0328 maxgap=5 cells (50.9296; at cell 830) maxbusy=4 emax=2 minmargin=9.491e-04 nflag=0
CK x=17782.8 N=1746 pi=1289 E=-0.723554 supE=2.959060 (at 12051.35606) supE/log2x=0.0309 maxgap=6 cells (61.1155; at cell 1188) maxbusy=5 emax=2 minmargin=9.491e-04 nflag=0
CK x=31622.8 N=3106 pi=2229 E=0.539342 supE=2.959060 (at 12051.35606) supE/log2x=0.0276 maxgap=7 cells (71.3014; at cell 2156) maxbusy=6 emax=2 minmargin=9.491e-04 nflag=0
CK x=56234.1 N=5521 pi=3863 E=-0.674875 supE=3.577249 (at 49447.74411) supE/log2x=0.0299 maxgap=9 cells (91.6732; at cell 4824) maxbusy=8 emax=3 minmargin=6.980e-05 nflag=0
CK x=100000 N=9818 pi=6689 E=-0.378868 supE=3.577249 (at 49447.74411) supE/log2x=0.0270 maxgap=9 cells (91.6732; at cell 4824) maxbusy=8 emax=3 minmargin=6.980e-05 nflag=0
CK x=177828 N=17459 pi=11595 E=-0.119108 supE=3.986065 (at 125654.6061) supE/log2x=0.0273 maxgap=10 cells (101.8592; at cell 13580) maxbusy=9 emax=3 minmargin=6.980e-05 nflag=0
CK x=316228 N=31046 pi=20091 E=-0.490156 supE=4.224592 (at 269456.9437) supE/log2x=0.0263 maxgap=12 cells (122.2310; at cell 28234) maxbusy=11 emax=3 minmargin=6.980e-05 nflag=0
CK x=562341 N=55209 pi=34832 E=0.367674 supE=5.305699 (at 415725.8764) supE/log2x=0.0303 maxgap=13 cells (132.4169; at cell 33481) maxbusy=12 emax=5 minmargin=4.677e-08 nflag=0
CK x=1e+06 N=98175 pi=60379 E=-0.672250 supE=5.305699 (at 415725.8764) supE/log2x=0.0278 maxgap=14 cells (142.6028; at cell 76005) maxbusy=13 emax=5 minmargin=4.677e-08 nflag=0
CK x=1.77828e+06 N=174583 pi=104707 E=-0.074657 supE=6.434995 (at 1047200.444) supE/log2x=0.0311 maxgap=19 cells (193.5324; at cell 109937) maxbusy=18 emax=6 minmargin=4.677e-08 nflag=0
CK x=3.16228e+06 N=310457 pi=181657 E=0.214869 supE=6.538902 (at 2516191.871) supE/log2x=0.0292 maxgap=21 cells (213.9042; at cell 302438) maxbusy=20 emax=6 minmargin=4.677e-08 nflag=0
CK x=5.62341e+06 N=552078 pi=315208 E=-0.206834 supE=7.004550 (at 3619912.653) supE/log2x=0.0290 maxgap=22 cells (224.0902; at cell 321844) maxbusy=21 emax=6 minmargin=4.677e-08 nflag=0
CK x=1e+07 N=981748 pi=547186 E=-0.606072 supE=7.044872 (at 9079115.229) supE/log2x=0.0271 maxgap=25 cells (254.6479; at cell 922082) maxbusy=24 emax=6 minmargin=4.677e-08 nflag=0
CK x=1.77828e+07 N=1745823 pi=950062 E=0.369860 supE=7.946086 (at 16538059.07) supE/log2x=0.0285 maxgap=34 cells (346.3212; at cell 1573122) maxbusy=33 emax=7 minmargin=4.677e-08 nflag=0
CK x=3.16228e+07 N=3104559 pi=1650088 E=-0.734887 supE=8.347249 (at 19684841.05) supE/log2x=0.0280 maxgap=34 cells (346.3212; at cell 1573122) maxbusy=33 emax=8 minmargin=4.305e-08 nflag=0
CK x=5.62341e+07 N=5520774 pi=2866855 E=0.048087 supE=8.678347 (at 55340627.7) supE/log2x=0.0273 maxgap=37 cells (376.8789; at cell 3224835) maxbusy=36 emax=8 minmargin=4.305e-08 nflag=0
CK x=1e+08 N=9817478 pi=4982219 E=0.055707 supE=11.253900 (at 78426868.85) supE/log2x=0.0332 maxgap=37 cells (376.8789; at cell 3224835) maxbusy=36 emax=11 minmargin=4.305e-08 nflag=0
CK x=1.77828e+08 N=17458218 pi=8661197 E=-0.184976 supE=11.253900 (at 78426868.85) supE/log2x=0.0312 maxgap=41 cells (417.6226; at cell 15978225) maxbusy=40 emax=11 minmargin=4.305e-08 nflag=0
CK x=3.16228e+08 N=31045590 pi=15061636 E=0.767562 supE=12.245794 (at 244435813.3) supE/log2x=0.0320 maxgap=45 cells (458.3662; at cell 28374454) maxbusy=44 emax=11 minmargin=3.559e-08 nflag=0
CK x=5.62341e+08 N=55207732 pi=26198874 E=0.597301 supE=12.397057 (at 351324791) supE/log2x=0.0305 maxgap=50 cells (509.2958; at cell 37298451) maxbusy=49 emax=12 minmargin=3.559e-08 nflag=0
FINAL Kmax=98174770 x_K=999999994.1 N(x_K)=98174771 pi=45584814 composites=52589956 supE=12.397057 at 351324791 supE/log2X=0.02887 maxgap=54 cells (550.0395) at cell 85240927 maxbusy=53 at cell 85240926 emax=12 e_K=0
AUDIT minmargin=2.0674e-08 at 973600095.4 flagged(<1e-15)=0 count-overflow=0 max-factors=9
first primes: 8.6394372684 18.8253536263 29.0112699842 39.1971863421 49.3831026999 59.5690190578
