s8gen: t=10.185916357881302-6.3e-16 rho=0.098174770424681035 tau=0.1 delta=0 (delta/t=0) X=1e+10 Kmax=981747705
CK x=10 N=4 pi=1 E=2.116427 supE=0.900000 (at 1) supE/log2x=0.1698 maxgap=0 cells (0.0000; at cell 0) maxbusy=0 emax=0 minmargin=2.019e-01 nflag=0
CK x=17.7828 N=5 pi=1 E=2.352353 supE=2.290670 (at 8.225179678) supE/log2x=0.2765 maxgap=0 cells (0.0000; at cell 0) maxbusy=1 emax=1 minmargin=2.019e-01 nflag=0
CK x=31.6228 N=5 pi=1 E=0.993616 supE=2.468152 (at 16.60327944) supE/log2x=0.2069 maxgap=0 cells (0.0000; at cell 0) maxbusy=2 emax=1 minmargin=9.218e-02 nflag=0
CK x=56.2341 N=7 pi=2 E=0.577402 supE=2.468152 (at 16.60327944) supE/log2x=0.1520 maxgap=5 cells (50.9296; at cell 6) maxbusy=4 emax=1 minmargin=9.218e-02 nflag=0
CK x=100 N=11 pi=5 E=0.280698 supE=2.468152 (at 16.60327944) supE/log2x=0.1164 maxgap=5 cells (50.9296; at cell 6) maxbusy=4 emax=1 minmargin=9.218e-02 nflag=0
CK x=177.828 N=19 pi=9 E=0.639957 supE=2.468152 (at 16.60327944) supE/log2x=0.0920 maxgap=5 cells (50.9296; at cell 6) maxbusy=4 emax=1 minmargin=1.711e-02 nflag=0
CK x=316.228 N=33 pi=16 E=1.052586 supE=2.468152 (at 16.60327944) supE/log2x=0.0745 maxgap=5 cells (50.9296; at cell 6) maxbusy=4 emax=1 minmargin=1.711e-02 nflag=0
CK x=562.341 N=57 pi=28 E=0.890444 supE=2.468152 (at 16.60327944) supE/log2x=0.0616 maxgap=5 cells (50.9296; at cell 6) maxbusy=4 emax=1 minmargin=1.711e-02 nflag=0
CK x=1000 N=100 pi=50 E=0.923404 supE=2.468152 (at 16.60327944) supE/log2x=0.0517 maxgap=5 cells (50.9296; at cell 6) maxbusy=4 emax=1 minmargin=1.711e-02 nflag=0
CK x=1778.28 N=177 pi=88 E=1.516002 supE=2.468152 (at 16.60327944) supE/log2x=0.0441 maxgap=5 cells (50.9296; at cell 6) maxbusy=4 emax=1 minmargin=1.205e-04 nflag=0
CK x=3162.28 N=312 pi=156 E=0.642291 supE=2.704484 (at 2000.449703) supE/log2x=0.0416 maxgap=5 cells (50.9296; at cell 6) maxbusy=4 emax=1 minmargin=1.205e-04 nflag=0
CK x=5623.41 N=553 pi=271 E=0.020870 supE=2.758794 (at 4373.215019) supE/log2x=0.0370 maxgap=6 cells (61.1155; at cell 546) maxbusy=5 emax=1 minmargin=4.195e-05 nflag=0
CK x=10000 N=984 pi=476 E=1.350471 supE=3.434408 (at 8736.091393) supE/log2x=0.0405 maxgap=7 cells (71.3014; at cell 967) maxbusy=6 emax=2 minmargin=4.195e-05 nflag=0
CK x=17782.8 N=1749 pi=835 E=2.276446 supE=3.434408 (at 8736.091393) supE/log2x=0.0359 maxgap=7 cells (71.3014; at cell 967) maxbusy=6 emax=2 minmargin=4.195e-05 nflag=0
CK x=31622.8 N=3106 pi=1463 E=0.539342 supE=3.913190 (at 19732.00422) supE/log2x=0.0364 maxgap=8 cells (81.4873; at cell 1896) maxbusy=7 emax=3 minmargin=4.195e-05 nflag=0
CK x=56234.1 N=5522 pi=2569 E=0.325125 supE=4.584482 (at 50771.83956) supE/log2x=0.0383 maxgap=8 cells (81.4873; at cell 1896) maxbusy=7 emax=3 minmargin=4.173e-05 nflag=0
CK x=100000 N=9819 pi=4498 E=0.621132 supE=4.672996 (at 89497.79196) supE/log2x=0.0353 maxgap=10 cells (101.8592; at cell 7457) maxbusy=9 emax=3 minmargin=4.173e-05 nflag=0
CK x=177828 N=17460 pi=7879 E=0.880892 supE=4.672996 (at 89497.79196) supE/log2x=0.0320 maxgap=14 cells (142.6028; at cell 16063) maxbusy=13 emax=3 minmargin=4.173e-05 nflag=0
CK x=316228 N=31048 pi=13801 E=1.509844 supE=5.160423 (at 216684.3646) supE/log2x=0.0322 maxgap=14 cells (142.6028; at cell 16063) maxbusy=13 emax=4 minmargin=3.644e-05 nflag=0
CK x=562341 N=55210 pi=24174 E=1.367674 supE=5.361452 (at 335175.082) supE/log2x=0.0306 maxgap=15 cells (152.7887; at cell 47628) maxbusy=14 emax=4 minmargin=1.244e-06 nflag=0
CK x=1e+06 N=98177 pi=42338 E=1.327750 supE=5.548129 (at 897232.0451) supE/log2x=0.0291 maxgap=15 cells (152.7887; at cell 47628) maxbusy=14 emax=4 minmargin=1.244e-06 nflag=0
CK x=1.77828e+06 N=174584 pi=74152 E=0.925343 supE=5.584587 (at 1071746.979) supE/log2x=0.0270 maxgap=18 cells (183.3465; at cell 121649) maxbusy=17 emax=4 minmargin=1.244e-06 nflag=0
CK x=3.16228e+06 N=310457 pi=129892 E=0.214869 supE=6.591224 (at 2259343.271) supE/log2x=0.0294 maxgap=26 cells (264.8338; at cell 295066) maxbusy=25 emax=5 minmargin=1.007e-07 nflag=0
CK x=5.62341e+06 N=552079 pi=227570 E=0.793166 supE=7.718683 (at 4140813.141) supE/log2x=0.0320 maxgap=26 cells (264.8338; at cell 295066) maxbusy=25 emax=6 minmargin=1.007e-07 nflag=0
CK x=1e+07 N=981750 pi=398709 E=1.393928 supE=7.718683 (at 4140813.141) supE/log2x=0.0297 maxgap=26 cells (264.8338; at cell 295066) maxbusy=25 emax=6 minmargin=1.007e-07 nflag=0
CK x=1.77828e+07 N=1745824 pi=698592 E=1.369860 supE=7.921220 (at 16770613.98) supE/log2x=0.0284 maxgap=26 cells (264.8338; at cell 295066) maxbusy=25 emax=7 minmargin=1.007e-07 nflag=0
CK x=3.16228e+07 N=3104560 pi=1224138 E=0.265113 supE=8.514504 (at 24225578.26) supE/log2x=0.0285 maxgap=30 cells (305.5775; at cell 2818459) maxbusy=29 emax=7 minmargin=1.007e-07 nflag=0
CK x=5.62341e+07 N=5520775 pi=2145221 E=1.048087 supE=8.716791 (at 43498358.72) supE/log2x=0.0274 maxgap=30 cells (305.5775; at cell 2818459) maxbusy=29 emax=7 minmargin=1.007e-07 nflag=0
CK x=1e+08 N=9817478 pi=3759728 E=0.055707 supE=9.703141 (at 61676664.68) supE/log2x=0.0286 maxgap=35 cells (356.5071; at cell 9801976) maxbusy=34 emax=8 minmargin=6.734e-08 nflag=0
CK x=1.77828e+08 N=17458219 pi=6589933 E=0.815024 supE=10.004057 (at 145062270.4) supE/log2x=0.0277 maxgap=44 cells (448.1803; at cell 10048594) maxbusy=43 emax=9 minmargin=6.734e-08 nflag=0
CK x=3.16228e+08 N=31045592 pi=11551683 E=2.767562 supE=10.004057 (at 145062270.4) supE/log2x=0.0261 maxgap=44 cells (448.1803; at cell 10048594) maxbusy=43 emax=9 minmargin=3.212e-08 nflag=0
CK x=5.62341e+08 N=55207732 pi=20251217 E=0.597301 supE=10.004057 (at 145062270.4) supE/log2x=0.0246 maxgap=44 cells (448.1803; at cell 10048594) maxbusy=43 emax=9 minmargin=3.212e-08 nflag=0
CK x=1e+09 N=98174772 pi=35505422 E=0.673494 supE=10.611566 (at 808699008.3) supE/log2x=0.0247 maxgap=47 cells (478.7381; at cell 65162881) maxbusy=46 emax=9 minmargin=7.149e-09 nflag=0
CK x=1.77828e+09 N=174582174 pi=62255799 E=0.266666 supE=13.242736 (at 1389207057) supE/log2x=0.0292 maxgap=56 cells (570.4113; at cell 101585114) maxbusy=55 emax=12 minmargin=4.097e-09 nflag=0
CK x=3.16228e+09 N=310455886 pi=109171176 E=1.792047 supE=13.242736 (at 1389207057) supE/log2x=0.0277 maxgap=58 cells (590.7831; at cell 279830429) maxbusy=57 emax=12 minmargin=4.097e-09 nflag=0
CK x=5.62341e+09 N=552077309 pi=191459060 E=3.089440 supE=13.242736 (at 1389207057) supE/log2x=0.0263 maxgap=70 cells (713.0141; at cell 502179145) maxbusy=69 emax=12 minmargin=4.097e-09 nflag=0
FINAL Kmax=981747705 x_K=1e+10 N(x_K)=981747706 pi=335803016 composites=645944689 supE=13.242736 at 1389207057 supE/log2X=0.02498 maxgap=70 cells (713.0141) at cell 502179145 maxbusy=69 at cell 502179144 emax=12 e_K=0
AUDIT minmargin=2.5935e-10 at 7013774325 flagged(<1e-15)=0 count-overflow=0 max-factors=32
first primes: 2.0185916358 52.9481734252 63.1340897831 83.5059224988 93.6918388567 103.8777552146
