CHECK-O step 6 — label check (Job 2's own script)
exact label sought: 'kernel-checked modulo H1, H2 (H2-B, H2-A, H-TAIL), H3'

file                                            label 'fully...'
(config-dbn.json is a machine config and carries no label text: exempt, vacuous)
comparator/ChallengeDeps/DBN.lean                   1          1
comparator/ChallengeDeps/DBN/Instance02.lean        1          1
comparator/Challenge/DBN.lean                       4          3
comparator/Solution/DBN.lean                        4          4
comparator/PrintAxioms/DBN.lean                     1          1
comparator/config-dbn.json                          0          0
lean/README.md                                      3          5
lean/formalization.yaml                             3          3
packaging/FIDELITY.md                               2          1

every occurrence of 'fully machine-checked', classified:
  PROHIBITION comparator/ChallengeDeps/DBN.lean:42: …H2-A, H-TAIL), H3" — never "fully machine-checked…
  PROHIBITION comparator/ChallengeDeps/DBN/Instance02.lean:33: … modulo H1, H2 (H2-B, H2-A, H-TAIL), H3" — never "fully machine-checked…
  PROHIBITION comparator/Challenge/DBN.lean:68: … modulo H1, H2 (H2-B, H2-A, H-TAIL), H3" — never "fully machine-checked…
  PROHIBITION comparator/Challenge/DBN.lean:95: …H3" — never "fully machine-checked…
  PROHIBITION comparator/Challenge/DBN.lean:108: …H-TAIL), H3" — never "fully machine-checked…
  PROHIBITION comparator/Solution/DBN.lean:30: …H1, H2 (H2-B, H2-A, H-TAIL), H3" — never "fully machine-checked…
  PROHIBITION comparator/Solution/DBN.lean:324: … modulo H1, H2 (H2-B, H2-A, H-TAIL), H3" — never "fully machine-checked…
  PROHIBITION comparator/Solution/DBN.lean:363: …H3" — never "fully machine-checked…
  PROHIBITION comparator/Solution/DBN.lean:383: …H-TAIL), H3" — never "fully machine-checked…
  PROHIBITION comparator/PrintAxioms/DBN.lean:18: … modulo H1, H2 (H2-B, H2-A, H-TAIL), H3" — never "fully machine-checked…
  PROHIBITION lean/README.md:72: …hypothesis H-ENCL (producers untrusted)"*. Never "fully machine-checked…
  PROHIBITION lean/README.md:150: … checker) and H3 (producers untrusted)"* — never "fully machine-checked…
  PROHIBITION lean/README.md:167: …isplayed hypotheses" only with that gloss. Never "fully machine-checked…
  PROHIBITION lean/README.md:227: …odulo H1, H2 (H2-B, H2-A, H-TAIL), H3"** — never "fully machine-checked…
  PROHIBITION lean/README.md:263: …odulo H1, H2 (H2-B, H2-A, H-TAIL), H3"** — never "fully machine-checked…
  PROHIBITION lean/formalization.yaml:16: …H-TAIL), H3" (never "fully machine-checked…
  PROHIBITION lean/formalization.yaml:242: …binding label and forbid "fully machine-checked…
  PROHIBITION lean/formalization.yaml:265: …(H2-B, H2-A, H-TAIL), H3" — never "fully machine-checked…
  PROHIBITION packaging/FIDELITY.md:8: …odulo H1, H2 (H2-B, H2-A, H-TAIL), H3"** — never "fully machine-checked…

occurrences: 19; all prohibitions: True

import discipline:
  comparator/Challenge/DBN.lean                  imports ['ChallengeDeps.DBN', 'ChallengeDeps.DBN.Instance02']; Zeta23 imports: none
  comparator/ChallengeDeps/DBN.lean              imports ['Mathlib']; Zeta23 imports: none
  comparator/ChallengeDeps/DBN/Instance02.lean   imports ['ChallengeDeps.DBN']; Zeta23 imports: none
  comparator/Solution/DBN.lean                   imports ['ChallengeDeps.DBN', 'ChallengeDeps.DBN.Instance02', 'Zeta23.DBN.Instance02']; Challenge imports: none

RESULT: CLEAN
