CHECK-O step 5 — trust greps, Job 2's own script, comments stripped first
files scanned: 127 (6 comparator DBN, 121 Zeta23/DBN modules)

pattern           raw(text)  code-only
axiom                     2          0
native_decide           119          0
unsafe                    0          0
implemented_by            0          0
extern                    0          0
opaque                    0          0
sorry                    12          7
ofReduceBool              1          0
sorryAx                   1          0
trust_me                  0          0
lean_evalConst            0          0
#eval                     0          0

code-only hits, by line:
  sorry          comparator/Challenge/DBN.lean:84: sorry
  sorry          comparator/Challenge/DBN.lean:103: sorry
  sorry          comparator/Challenge/DBN.lean:116: sorry
  sorry          comparator/Challenge/DBN.lean:121: sorry
  sorry          comparator/Challenge/DBN.lean:125: sorry
  sorry          comparator/Challenge/DBN.lean:130: sorry
  sorry          comparator/Challenge/DBN.lean:134: sorry

permitted (challenge placeholders): 7; other code hits: 0
RESULT: CLEAN
