gen7o_r3-4_cap0_X1e9.log
  absE  k=3..7: 0.332 0.314 0.275 0.260 0.264
  psi   k=3..7: 0.718 0.733 0.734 0.758 0.834
  a-2b  k=3..7: +0.05 +0.11 +0.18 +0.24 +0.31
gen7o_r4-5_cap0_X1e9.log
  absE  k=3..7: 0.352 0.329 0.297 0.296 0.277
  psi   k=3..7: 0.715 0.723 0.712 0.686 0.699
  a-2b  k=3..7: +0.01 +0.07 +0.12 +0.09 +0.15
gen7o_r9-10_cap0_X1e9.log
  absE  k=3..7: 0.365 0.339 0.306 0.281 0.284
  psi   k=3..7: 0.704 0.699 0.706 0.731 0.732
  a-2b  k=3..7: -0.03 +0.02 +0.09 +0.17 +0.16
gen7o_r11-10_cap0_X1e9.log
  absE  k=3..7: 0.414 0.391 0.336 0.273 0.241
  psi   k=3..7: 0.795 0.800 0.788 0.786 0.779
  a-2b  k=3..7: -0.03 +0.02 +0.12 +0.24 +0.30
gen7o_r5-4_cap0_X1e9.log
  absE  k=3..7: 0.466 0.451 0.426 0.427 0.454
  psi   k=3..7: 0.829 0.828 0.825 0.814 0.839
  a-2b  k=3..7: -0.10 -0.07 -0.03 -0.04 -0.07
