# gen7o rho=11/10 cap=0 X=1000000000 SQ=31622 nsp=3401
CHK n=10 N=11 denE=1 denC=0 psi-n=-0.222 Mg=2 MP=-2
CHK n=100 N=112 denE=21 denC=20 psi-n=-9.395 Mg=1 MP=4
CHK n=1000 N=1101 denE=11 denC=10 psi-n=-37.636 Mg=-2 MP=8
CHK n=10000 N=11027 denE=271 denC=270 psi-n=26.793 Mg=4 MP=97
CHK n=100000 N=110005 denE=51 denC=50 psi-n=-2647.943 Mg=-93 MP=909
CHK n=1000000 N=1099996 denE=-39 denC=-40 psi-n=12419.840 Mg=-219 MP=-223
CHK n=10000000 N=11000086 denE=861 denC=860 psi-n=-69466.872 Mg=-405 MP=22307
CHK n=100000000 N=110000087 denE=871 denC=870 psi-n=509717.759 Mg=1580 MP=-96733
CHK n=1000000000 N=1100000034 denE=341 denC=340 psi-n=-1170207.419 Mg=4964 MP=1083863
SUM X=1000000000 N=1100000034 C(X)=340/10 supE=38391/10 infE_int=-1733/10 infE_real=-1744/10 maxa=825@933592921 maxm=142@660864461 psi-X=-1170207.419 Mg=4964 MP=1083863
B 6 lo=2 supE=-0.1 infE=-1.2 absE=1.2 psi=2.0 Mg=1 MP=0 maxa=1
B 9 lo=3 supE=-0.2 infE=-1.3 absE=1.3 psi=2.3 Mg=1 MP=1 maxa=1
B 12 lo=4 supE=-0.3 infE=-1.4 absE=1.4 psi=2.2 Mg=1 MP=1 maxa=1
B 13 lo=5 supE=-0.4 infE=-1.5 absE=1.5 psi=2.5 Mg=1 MP=2 maxa=1
B 15 lo=6 supE=-0.5 infE=-1.6 absE=1.6 psi=0.0 Mg=1 MP=1 maxa=1
B 16 lo=7 supE=0.4 infE=-0.7 absE=0.7 psi=2.9 Mg=2 MP=3 maxa=2
B 18 lo=8 supE=0.3 infE=-0.8 absE=0.8 psi=0.7 Mg=2 MP=3 maxa=1
B 19 lo=9 supE=0.2 infE=-0.9 absE=0.9 psi=0.8 Mg=2 MP=3 maxa=1
B 20 lo=10 supE=0.1 infE=-1.1 absE=1.1 psi=1.2 Mg=2 MP=3 maxa=1
B 21 lo=12 supE=-0.1 infE=-1.2 absE=1.2 psi=0.0 Mg=2 MP=3 maxa=1
B 22 lo=13 supE=0.7 infE=-1.3 absE=1.3 psi=1.7 Mg=2 MP=4 maxa=2
B 23 lo=15 supE=0.6 infE=-0.5 absE=0.6 psi=0.0 Mg=2 MP=1 maxa=1
B 24 lo=16 supE=0.5 infE=-0.7 absE=0.7 psi=1.6 Mg=2 MP=2 maxa=1
B 25 lo=18 supE=0.3 infE=-0.9 absE=0.9 psi=2.2 Mg=2 MP=3 maxa=1
B 26 lo=20 supE=1.0 infE=-1.0 absE=1.0 psi=0.0 Mg=2 MP=3 maxa=2
B 27 lo=23 supE=-0.2 infE=-1.5 absE=1.5 psi=3.8 Mg=1 MP=0 maxa=1
B 28 lo=26 supE=1.3 infE=-1.6 absE=1.6 psi=4.2 Mg=2 MP=1 maxa=2
B 29 lo=29 supE=0.2 infE=-1.1 absE=1.1 psi=3.8 Mg=1 MP=2 maxa=1
B 30 lo=32 supE=0.6 infE=-1.4 absE=1.4 psi=1.4 Mg=1 MP=2 maxa=2
B 31 lo=36 supE=0.5 infE=-0.9 absE=0.9 psi=5.7 Mg=1 MP=3 maxa=1
B 32 lo=40 supE=0.9 infE=-1.4 absE=1.4 psi=6.0 Mg=1 MP=3 maxa=2
B 33 lo=45 supE=2.2 infE=-2.6 absE=2.6 psi=8.3 Mg=3 MP=3 maxa=3
B 34 lo=51 supE=2.5 infE=-0.3 absE=2.5 psi=1.1 Mg=3 MP=1 maxa=2
B 35 lo=57 supE=2.4 infE=-1.2 absE=2.4 psi=6.9 Mg=2 MP=2 maxa=2
B 36 lo=64 supE=0.7 infE=-1.9 absE=1.9 psi=8.1 Mg=1 MP=3 maxa=2
B 37 lo=71 supE=0.4 infE=-1.6 absE=1.6 psi=7.9 Mg=1 MP=3 maxa=2
B 38 lo=80 supE=1.0 infE=-2.8 absE=2.8 psi=11.9 Mg=2 MP=2 maxa=3
B 39 lo=90 supE=2.3 infE=-1.3 absE=2.3 psi=6.4 Mg=2 MP=5 maxa=3
B 40 lo=100 supE=2.1 infE=-1.6 absE=2.1 psi=16.4 Mg=1 MP=4 maxa=2
B 41 lo=113 supE=0.0 infE=-4.8 absE=4.8 psi=21.0 Mg=2 MP=3 maxa=4
B 42 lo=126 supE=3.0 infE=-2.0 absE=3.0 psi=8.7 Mg=2 MP=5 maxa=3
B 43 lo=142 supE=3.4 infE=-0.8 absE=3.4 psi=13.5 Mg=2 MP=3 maxa=3
B 44 lo=159 supE=1.3 infE=-3.1 absE=3.1 psi=19.5 Mg=2 MP=7 maxa=3
B 45 lo=178 supE=4.2 infE=-1.7 absE=4.2 psi=11.9 Mg=2 MP=8 maxa=4
B 46 lo=200 supE=0.4 infE=-5.9 absE=5.9 psi=23.9 Mg=3 MP=6 maxa=5
B 47 lo=224 supE=5.6 infE=-2.2 absE=5.6 psi=18.9 Mg=4 MP=9 maxa=4
B 48 lo=252 supE=3.9 infE=-2.6 absE=3.9 psi=17.8 Mg=2 MP=7 maxa=3
B 49 lo=282 supE=2.9 infE=-5.6 absE=5.6 psi=22.4 Mg=3 MP=15 maxa=6
B 50 lo=317 supE=3.8 infE=-3.3 absE=3.8 psi=24.9 Mg=5 MP=17 maxa=6
B 51 lo=355 supE=4.7 infE=-3.8 absE=4.7 psi=28.5 Mg=3 MP=5 maxa=4
B 52 lo=399 supE=6.3 infE=-6.6 absE=6.6 psi=31.6 Mg=6 MP=14 maxa=6
B 53 lo=447 supE=3.3 infE=-2.8 absE=3.3 psi=11.5 Mg=2 MP=10 maxa=4
B 54 lo=502 supE=3.1 infE=-4.2 absE=4.2 psi=18.8 Mg=2 MP=6 maxa=3
B 55 lo=563 supE=5.8 infE=-6.6 absE=6.6 psi=58.7 Mg=9 MP=18 maxa=7
B 56 lo=631 supE=9.4 infE=-1.7 absE=9.4 psi=36.3 Mg=6 MP=7 maxa=6
B 57 lo=708 supE=3.2 infE=-5.8 absE=5.8 psi=38.6 Mg=5 MP=19 maxa=6
B 58 lo=795 supE=20.4 infE=-6.6 absE=20.4 psi=95.6 Mg=13 MP=22 maxa=8
B 59 lo=892 supE=9.8 infE=-3.7 absE=9.8 psi=36.4 Mg=5 MP=16 maxa=6
B 60 lo=1000 supE=3.9 infE=-5.5 absE=5.5 psi=46.6 Mg=3 MP=30 maxa=5
B 61 lo=1123 supE=15.2 infE=-5.3 absE=15.2 psi=68.5 Mg=8 MP=28 maxa=7
B 62 lo=1259 supE=13.7 infE=-11.0 absE=13.7 psi=79.8 Mg=7 MP=20 maxa=11
B 63 lo=1413 supE=11.1 infE=-9.2 absE=11.1 psi=94.6 Mg=12 MP=20 maxa=10
B 64 lo=1585 supE=15.7 infE=-4.6 absE=15.7 psi=146.3 Mg=16 MP=29 maxa=8
B 65 lo=1779 supE=9.5 infE=-6.0 absE=9.5 psi=80.7 Mg=9 MP=22 maxa=6
B 66 lo=1996 supE=11.1 infE=-5.4 absE=11.1 psi=86.5 Mg=10 MP=34 maxa=12
B 67 lo=2239 supE=23.7 infE=-4.0 absE=23.7 psi=146.2 Mg=13 MP=37 maxa=9
B 68 lo=2512 supE=17.9 infE=-8.7 absE=17.9 psi=198.7 Mg=19 MP=43 maxa=11
B 69 lo=2819 supE=18.0 infE=-8.7 absE=18.0 psi=144.2 Mg=19 MP=39 maxa=12
B 70 lo=3163 supE=16.3 infE=-15.0 absE=16.3 psi=109.6 Mg=14 MP=18 maxa=15
B 71 lo=3549 supE=10.3 infE=-7.0 absE=10.3 psi=114.3 Mg=11 MP=27 maxa=6
B 72 lo=3982 supE=31.5 infE=-7.1 absE=31.5 psi=297.7 Mg=23 MP=72 maxa=14
B 73 lo=4467 supE=25.4 infE=-15.1 absE=25.4 psi=317.7 Mg=31 MP=103 maxa=14
B 74 lo=5012 supE=36.3 infE=-13.4 absE=36.3 psi=342.8 Mg=33 MP=106 maxa=14
B 75 lo=5624 supE=32.6 infE=-8.6 absE=32.6 psi=330.0 Mg=18 MP=68 maxa=12
B 76 lo=6310 supE=29.6 infE=-14.1 absE=29.6 psi=193.9 Mg=23 MP=36 maxa=15
B 77 lo=7080 supE=24.0 infE=-14.2 absE=24.0 psi=238.9 Mg=29 MP=51 maxa=14
B 78 lo=7944 supE=27.9 infE=-11.7 absE=27.9 psi=401.2 Mg=27 MP=91 maxa=14
B 79 lo=8913 supE=38.6 infE=-10.5 absE=38.6 psi=456.2 Mg=40 MP=127 maxa=22
B 80 lo=10000 supE=33.7 infE=-10.4 absE=33.7 psi=570.2 Mg=41 MP=118 maxa=15
B 81 lo=11221 supE=38.0 infE=-12.2 absE=38.0 psi=463.6 Mg=32 MP=159 maxa=14
B 82 lo=12590 supE=52.3 infE=-14.8 absE=52.3 psi=408.9 Mg=25 MP=148 maxa=15
B 83 lo=14126 supE=53.3 infE=-11.8 absE=53.3 psi=505.4 Mg=35 MP=165 maxa=18
B 84 lo=15849 supE=35.5 infE=-13.8 absE=35.5 psi=735.0 Mg=47 MP=167 maxa=15
B 85 lo=17783 supE=57.0 infE=-13.2 absE=57.0 psi=706.2 Mg=53 MP=168 maxa=22
B 86 lo=19953 supE=49.5 infE=-17.0 absE=49.5 psi=517.5 Mg=46 MP=225 maxa=18
B 87 lo=22388 supE=65.9 infE=-14.3 absE=65.9 psi=509.1 Mg=46 MP=153 maxa=30
B 88 lo=25119 supE=56.0 infE=-18.5 absE=56.0 psi=548.2 Mg=83 MP=174 maxa=21
B 89 lo=28184 supE=65.0 infE=-17.3 absE=65.0 psi=911.7 Mg=50 MP=274 maxa=22
B 90 lo=31623 supE=85.5 infE=-14.6 absE=85.5 psi=1576.5 Mg=70 MP=422 maxa=28
B 91 lo=35482 supE=78.9 infE=-13.0 absE=78.9 psi=1440.8 Mg=71 MP=388 maxa=24
B 92 lo=39811 supE=56.2 infE=-18.2 absE=56.2 psi=1049.6 Mg=97 MP=151 maxa=20
B 93 lo=44669 supE=76.0 infE=-25.2 absE=76.0 psi=1348.2 Mg=96 MP=325 maxa=30
B 94 lo=50119 supE=96.6 infE=-19.0 absE=96.6 psi=1349.6 Mg=65 MP=296 maxa=28
B 95 lo=56235 supE=68.9 infE=-22.4 absE=68.9 psi=1211.9 Mg=79 MP=340 maxa=24
B 96 lo=63096 supE=107.3 infE=-23.4 absE=107.3 psi=1825.0 Mg=134 MP=594 maxa=33
B 97 lo=70795 supE=84.6 infE=-20.8 absE=84.6 psi=2200.7 Mg=111 MP=655 maxa=28
B 98 lo=79433 supE=93.3 infE=-21.2 absE=93.3 psi=2339.4 Mg=114 MP=588 maxa=30
B 99 lo=89126 supE=143.2 infE=-17.0 absE=143.2 psi=2638.9 Mg=93 MP=942 maxa=30
B 100 lo=100000 supE=113.1 infE=-23.7 absE=113.1 psi=3376.3 Mg=124 MP=926 maxa=36
B 101 lo=112202 supE=127.0 infE=-24.8 absE=127.0 psi=3332.3 Mg=98 MP=764 maxa=35
B 102 lo=125893 supE=146.7 infE=-23.6 absE=146.7 psi=2732.4 Mg=204 MP=467 maxa=36
B 103 lo=141254 supE=177.9 infE=-23.2 absE=177.9 psi=1708.0 Mg=195 MP=609 maxa=45
B 104 lo=158490 supE=161.0 infE=-24.8 absE=161.0 psi=2362.8 Mg=208 MP=638 maxa=45
B 105 lo=177828 supE=169.1 infE=-34.7 absE=169.1 psi=3401.2 Mg=163 MP=841 maxa=42
B 106 lo=199527 supE=149.3 infE=-28.8 absE=149.3 psi=6192.2 Mg=121 MP=1257 maxa=42
B 107 lo=223873 supE=260.3 infE=-23.5 absE=260.3 psi=9908.4 Mg=342 MP=2124 maxa=42
B 108 lo=251189 supE=116.6 infE=-24.8 absE=116.6 psi=7265.8 Mg=185 MP=1333 maxa=48
B 109 lo=281839 supE=234.1 infE=-30.4 absE=234.1 psi=5458.5 Mg=293 MP=1179 maxa=55
B 110 lo=316228 supE=317.6 infE=-32.2 absE=317.6 psi=6479.6 Mg=336 MP=1450 maxa=50
B 111 lo=354814 supE=259.1 infE=-47.4 absE=259.1 psi=6078.2 Mg=339 MP=1497 maxa=60
B 112 lo=398108 supE=215.0 infE=-28.1 absE=215.0 psi=6597.2 Mg=261 MP=2117 maxa=66
B 113 lo=446684 supE=234.9 infE=-31.2 absE=234.9 psi=10848.9 Mg=294 MP=3555 maxa=66
B 114 lo=501188 supE=208.6 infE=-30.1 absE=208.6 psi=9280.3 Mg=369 MP=3294 maxa=48
B 115 lo=562342 supE=222.0 infE=-35.2 absE=222.0 psi=6818.7 Mg=347 MP=2175 maxa=66
B 116 lo=630958 supE=354.6 infE=-41.7 absE=354.6 psi=13387.1 Mg=720 MP=3565 maxa=75
B 117 lo=707946 supE=539.4 infE=-33.3 absE=539.4 psi=16408.4 Mg=426 MP=4333 maxa=60
B 118 lo=794329 supE=530.5 infE=-43.6 absE=530.5 psi=17779.9 Mg=387 MP=4526 maxa=77
B 119 lo=891251 supE=334.6 infE=-42.0 absE=334.6 psi=15436.1 Mg=674 MP=2643 maxa=90
B 120 lo=1000000 supE=355.0 infE=-39.9 absE=355.0 psi=13503.4 Mg=594 MP=2337 maxa=90
B 121 lo=1122019 supE=411.3 infE=-45.0 absE=411.3 psi=17124.9 Mg=425 MP=2791 maxa=88
B 122 lo=1258926 supE=267.2 infE=-44.1 absE=267.2 psi=21632.9 Mg=600 MP=5172 maxa=90
B 123 lo=1412538 supE=538.6 infE=-41.2 absE=538.6 psi=35110.9 Mg=656 MP=9597 maxa=84
B 124 lo=1584894 supE=571.5 infE=-47.8 absE=571.5 psi=35550.1 Mg=775 MP=9771 maxa=84
B 125 lo=1778280 supE=585.1 infE=-51.2 absE=585.1 psi=30992.0 Mg=754 MP=8015 maxa=105
B 126 lo=1995263 supE=865.8 infE=-46.8 absE=865.8 psi=27774.5 Mg=854 MP=5739 maxa=110
B 127 lo=2238722 supE=402.5 infE=-57.8 absE=402.5 psi=20011.7 Mg=1196 MP=4104 maxa=90
B 128 lo=2511887 supE=368.7 infE=-56.8 absE=368.7 psi=24564.7 Mg=824 MP=6682 maxa=120
B 129 lo=2818383 supE=489.1 infE=-53.2 absE=489.1 psi=46532.5 Mg=797 MP=8940 maxa=132
B 130 lo=3162278 supE=494.6 infE=-59.5 absE=494.6 psi=62698.9 Mg=1116 MP=14695 maxa=98
B 131 lo=3548134 supE=658.8 infE=-44.2 absE=658.8 psi=48866.8 Mg=752 MP=15754 maxa=105
B 132 lo=3981072 supE=537.3 infE=-65.4 absE=537.3 psi=45876.3 Mg=1419 MP=9337 maxa=165
B 133 lo=4466836 supE=492.1 infE=-63.0 absE=492.1 psi=73415.1 Mg=1420 MP=17413 maxa=150
B 134 lo=5011873 supE=541.3 infE=-51.0 absE=541.3 psi=81087.9 Mg=2064 MP=21588 maxa=154
B 135 lo=5623414 supE=501.0 infE=-57.8 absE=501.0 psi=78950.7 Mg=1755 MP=20422 maxa=132
B 136 lo=6309574 supE=916.6 infE=-79.6 absE=916.6 psi=86863.7 Mg=1617 MP=20080 maxa=180
B 137 lo=7079458 supE=576.6 infE=-59.0 absE=576.6 psi=87624.7 Mg=1504 MP=15523 maxa=154
B 138 lo=7943283 supE=618.9 infE=-68.2 absE=618.9 psi=60539.2 Mg=1733 MP=17742 maxa=165
B 139 lo=8912510 supE=1419.9 infE=-62.8 absE=1419.9 psi=72072.6 Mg=1800 MP=34853 maxa=180
B 140 lo=10000000 supE=755.3 infE=-73.0 absE=755.3 psi=122484.2 Mg=1420 MP=39263 maxa=180
B 141 lo=11220185 supE=944.3 infE=-67.6 absE=944.3 psi=172326.3 Mg=2473 MP=41791 maxa=144
B 142 lo=12589255 supE=1295.2 infE=-70.8 absE=1295.2 psi=147353.7 Mg=2435 MP=34883 maxa=210
B 143 lo=14125376 supE=1105.5 infE=-103.3 absE=1105.5 psi=108958.7 Mg=2537 MP=24570 maxa=210
B 144 lo=15848932 supE=890.6 infE=-73.5 absE=890.6 psi=101252.8 Mg=2725 MP=21941 maxa=180
B 145 lo=17782795 supE=1387.8 infE=-66.6 absE=1387.8 psi=164373.7 Mg=2700 MP=35754 maxa=210
B 146 lo=19952624 supE=965.9 infE=-69.4 absE=965.9 psi=247937.0 Mg=2529 MP=58695 maxa=198
B 147 lo=22387212 supE=1482.2 infE=-72.6 absE=1482.2 psi=257741.1 Mg=2285 MP=82880 maxa=210
B 148 lo=25118865 supE=1186.5 infE=-82.0 absE=1186.5 psi=263671.0 Mg=2570 MP=58019 maxa=210
B 149 lo=28183830 supE=1033.1 infE=-83.2 absE=1033.1 psi=202584.5 Mg=2483 MP=59293 maxa=330
B 150 lo=31622777 supE=1126.6 infE=-80.6 absE=1126.6 psi=196750.6 Mg=4235 MP=66596 maxa=270
B 151 lo=35481339 supE=1426.5 infE=-84.0 absE=1426.5 psi=270426.6 Mg=4351 MP=85664 maxa=231
B 152 lo=39810718 supE=1134.1 infE=-88.9 absE=1134.1 psi=368027.1 Mg=2851 MP=88026 maxa=216
B 153 lo=44668360 supE=1349.0 infE=-81.3 absE=1349.0 psi=419040.0 Mg=3655 MP=91817 maxa=308
B 154 lo=50118724 supE=1310.4 infE=-88.2 absE=1310.4 psi=346473.1 Mg=3957 MP=94711 maxa=264
B 155 lo=56234133 supE=2095.7 infE=-100.8 absE=2095.7 psi=265260.6 Mg=4354 MP=102369 maxa=330
B 156 lo=63095735 supE=1604.1 infE=-87.5 absE=1604.1 psi=390021.0 Mg=5612 MP=105344 maxa=308
B 157 lo=70794579 supE=1791.7 infE=-78.0 absE=1791.7 psi=597386.3 Mg=6464 MP=175157 maxa=360
B 158 lo=79432824 supE=1690.7 infE=-106.2 absE=1690.7 psi=794371.2 Mg=6099 MP=180867 maxa=330
B 159 lo=89125094 supE=1826.3 infE=-105.8 absE=1826.3 psi=694689.1 Mg=5302 MP=157045 maxa=330
B 160 lo=100000000 supE=1536.3 infE=-108.0 absE=1536.3 psi=557805.2 Mg=6519 MP=99905 maxa=420
B 161 lo=112201846 supE=1605.0 infE=-90.8 absE=1605.0 psi=427705.3 Mg=7866 MP=84221 maxa=360
B 162 lo=125892542 supE=1786.4 infE=-95.8 absE=1786.4 psi=883147.4 Mg=9514 MP=208484 maxa=396
B 163 lo=141253755 supE=2379.6 infE=-110.0 absE=2379.6 psi=906642.3 Mg=5610 MP=302664 maxa=375
B 164 lo=158489320 supE=1822.6 infE=-109.8 absE=1822.6 psi=1423096.9 Mg=7399 MP=331994 maxa=420
B 165 lo=177827942 supE=2105.4 infE=-109.0 absE=2105.4 psi=1172703.5 Mg=8103 MP=295659 maxa=396
B 166 lo=199526232 supE=2128.0 infE=-135.8 absE=2128.0 psi=778919.0 Mg=10224 MP=229086 maxa=495
B 167 lo=223872114 supE=2228.8 infE=-119.9 absE=2228.8 psi=884967.0 Mg=10420 MP=210469 maxa=462
B 168 lo=251188644 supE=2249.5 infE=-110.6 absE=2249.5 psi=1768723.5 Mg=8029 MP=346945 maxa=462
B 169 lo=281838294 supE=2966.5 infE=-111.6 absE=2966.5 psi=2074006.1 Mg=9845 MP=462613 maxa=462
B 170 lo=316227767 supE=2799.0 infE=-109.6 absE=2799.0 psi=2199336.0 Mg=6828 MP=500512 maxa=540
B 171 lo=354813390 supE=2735.9 infE=-126.6 absE=2735.9 psi=1871176.0 Mg=9595 MP=434324 maxa=495
B 172 lo=398107171 supE=2570.2 infE=-131.9 absE=2570.2 psi=1439412.4 Mg=12126 MP=296670 maxa=550
B 173 lo=446683593 supE=2629.6 infE=-146.4 absE=2629.6 psi=2299956.8 Mg=15968 MP=539643 maxa=540
B 174 lo=501187234 supE=2467.7 infE=-130.3 absE=2467.7 psi=2547114.6 Mg=12977 MP=822984 maxa=660
B 175 lo=562341326 supE=3255.9 infE=-141.2 absE=3255.9 psi=3489171.6 Mg=14160 MP=857034 maxa=660
B 176 lo=630957345 supE=2920.5 infE=-174.4 absE=2920.5 psi=3339301.0 Mg=8802 MP=785000 maxa=616
B 177 lo=707945785 supE=3839.1 infE=-125.7 absE=3839.1 psi=2137065.7 Mg=16202 MP=617332 maxa=630
B 178 lo=794328235 supE=3633.9 infE=-127.4 absE=3633.9 psi=1916464.3 Mg=17662 MP=655916 maxa=720
B 179 lo=891250939 supE=3798.7 infE=-129.9 absE=3798.7 psi=3684430.5 Mg=20270 MP=1175279 maxa=825
B 180 lo=1000000000 supE=34.1 infE=33.0 absE=34.1 psi=0.0 Mg=4964 MP=1083863 maxa=1
D 0 m0=0 m1=3 m2=1 m3=0 m4+=0 primes=4 summ=5 mean=1.2500 maxm=2 hpp=0
D 1 m0=7 m1=12 m2=0 m3=2 m4+=0 primes=21 summ=18 mean=0.8571 maxm=3 hpp=1
D 2 m0=84 m1=23 m2=19 m3=9 m4+=8 primes=143 summ=133 mean=0.9301 maxm=7 hpp=3
D 3 m0=750 m1=65 m2=89 m3=46 m4+=111 primes=1061 summ=1057 mean=0.9962 maxm=15 hpp=3
D 4 m0=6611 m1=270 m2=360 m3=213 m4+=909 primes=8363 summ=8082 mean=0.9664 maxm=25 hpp=12
D 5 m0=57348 m1=1248 m2=1918 m3=1081 m4+=7311 primes=68906 summ=70020 mean=1.0162 maxm=45 hpp=15
D 6 m0=509939 m1=6246 m2=10896 m3=5438 m4+=53562 primes=586081 summ=580748 mean=0.9909 maxm=80 hpp=31
D 7 m0=4551168 m1=32995 m2=65372 m3=31421 m4+=415920 primes=5096876 summ=5128102 mean=1.0061 maxm=106 hpp=71
D 8 m0=41125457 m1=186768 m2=406504 m3=176672 m4+=3190678 primes=45086079 summ=45000499 mean=0.9981 maxm=142 hpp=186
H k=3 th0.30=2.7405 th0.32=2.3073 th0.35=1.7825 th0.40=1.1593
H k=4 th0.30=4.5697 th0.32=3.6322 th0.35=2.5740 th0.40=1.4498
H k=5 th0.30=9.1850 th0.32=7.0011 th0.35=4.6590 th0.40=2.3632
H k=6 th0.30=11.3833 th0.32=8.2516 th0.35=5.2485 th0.40=2.5309
H k=7 th0.30=9.8127 th0.32=6.9137 th0.35=4.2331 th0.40=1.8688
H k=8 th0.30=8.6502 th0.32=5.8616 th0.35=3.2720 th0.40=1.2765
H k=9 th0.30=0.0678 th0.32=0.0448 th0.35=0.0241 th0.40=0.0085
