# gen7o rho=1/1 cap=0 X=10000000 SQ=3162 nsp=446
CHK n=10 N=10 denE=0 denC=0 psi-n=-2.168 Mg=1 MP=-1
CHK n=100 N=100 denE=0 denC=0 psi-n=-5.955 Mg=1 MP=1
CHK n=1000 N=1000 denE=0 denC=0 psi-n=-3.319 Mg=1 MP=2
CHK n=10000 N=10000 denE=0 denC=0 psi-n=13.397 Mg=1 MP=-23
CHK n=100000 N=100000 denE=0 denC=0 psi-n=51.564 Mg=1 MP=-48
CHK n=1000000 N=1000000 denE=0 denC=0 psi-n=-413.403 Mg=1 MP=212
CHK n=10000000 N=10000000 denE=0 denC=0 psi-n=-1460.597 Mg=1 MP=1037
SUM X=10000000 N=10000000 C(X)=0/1 supE=0/1 infE_int=0/1 infE_real=-1/1 maxa=1@2 maxm=1@2 psi-X=-1460.597 Mg=1 MP=1037
B 6 lo=2 supE=0.0 infE=-1.0 absE=1.0 psi=2.0 Mg=1 MP=0 maxa=1
B 9 lo=3 supE=0.0 infE=-1.0 absE=1.0 psi=2.3 Mg=1 MP=1 maxa=1
B 12 lo=4 supE=0.0 infE=-1.0 absE=1.0 psi=2.2 Mg=1 MP=1 maxa=1
B 13 lo=5 supE=0.0 infE=-1.0 absE=1.0 psi=2.5 Mg=1 MP=2 maxa=1
B 15 lo=6 supE=0.0 infE=-1.0 absE=1.0 psi=0.0 Mg=1 MP=1 maxa=1
B 16 lo=7 supE=0.0 infE=-1.0 absE=1.0 psi=2.9 Mg=1 MP=2 maxa=1
B 18 lo=8 supE=0.0 infE=-1.0 absE=1.0 psi=2.0 Mg=1 MP=2 maxa=1
B 19 lo=9 supE=0.0 infE=-1.0 absE=1.0 psi=2.3 Mg=1 MP=2 maxa=1
B 20 lo=10 supE=0.0 infE=-1.0 absE=1.0 psi=3.2 Mg=1 MP=2 maxa=1
B 21 lo=12 supE=0.0 infE=-1.0 absE=1.0 psi=0.0 Mg=1 MP=2 maxa=1
B 22 lo=13 supE=0.0 infE=-1.0 absE=1.0 psi=2.8 Mg=1 MP=3 maxa=1
B 23 lo=15 supE=0.0 infE=-1.0 absE=1.0 psi=0.0 Mg=1 MP=1 maxa=1
B 24 lo=16 supE=0.0 infE=-1.0 absE=1.0 psi=3.5 Mg=1 MP=2 maxa=1
B 25 lo=18 supE=0.0 infE=-1.0 absE=1.0 psi=2.7 Mg=1 MP=3 maxa=1
B 26 lo=20 supE=0.0 infE=-1.0 absE=1.0 psi=0.0 Mg=1 MP=3 maxa=1
B 27 lo=23 supE=0.0 infE=-1.0 absE=1.0 psi=3.7 Mg=1 MP=2 maxa=1
B 28 lo=26 supE=0.0 infE=-1.0 absE=1.0 psi=3.0 Mg=1 MP=1 maxa=1
B 29 lo=29 supE=0.0 infE=-1.0 absE=1.0 psi=3.9 Mg=1 MP=4 maxa=1
B 30 lo=32 supE=0.0 infE=-1.0 absE=1.0 psi=0.6 Mg=1 MP=4 maxa=1
B 31 lo=36 supE=0.0 infE=-1.0 absE=1.0 psi=4.4 Mg=1 MP=2 maxa=1
B 32 lo=40 supE=0.0 infE=-1.0 absE=1.0 psi=4.8 Mg=1 MP=3 maxa=1
B 33 lo=45 supE=0.0 infE=-1.0 absE=1.0 psi=3.3 Mg=1 MP=3 maxa=1
B 34 lo=51 supE=0.0 infE=-1.0 absE=1.0 psi=3.5 Mg=1 MP=3 maxa=1
B 35 lo=57 supE=0.0 infE=-1.0 absE=1.0 psi=5.5 Mg=1 MP=2 maxa=1
B 36 lo=64 supE=0.0 infE=-1.0 absE=1.0 psi=4.7 Mg=1 MP=2 maxa=1
B 37 lo=71 supE=0.0 infE=-1.0 absE=1.0 psi=4.5 Mg=1 MP=4 maxa=1
B 38 lo=80 supE=0.0 infE=-1.0 absE=1.0 psi=4.0 Mg=1 MP=4 maxa=1
B 39 lo=90 supE=0.0 infE=-1.0 absE=1.0 psi=7.5 Mg=1 MP=2 maxa=1
B 40 lo=100 supE=0.0 infE=-1.0 absE=1.0 psi=7.0 Mg=1 MP=5 maxa=1
B 41 lo=113 supE=0.0 infE=-1.0 absE=1.0 psi=5.2 Mg=1 MP=6 maxa=1
B 42 lo=126 supE=0.0 infE=-1.0 absE=1.0 psi=5.6 Mg=1 MP=4 maxa=1
B 43 lo=142 supE=0.0 infE=-1.0 absE=1.0 psi=7.3 Mg=1 MP=2 maxa=1
B 44 lo=159 supE=0.0 infE=-1.0 absE=1.0 psi=6.3 Mg=1 MP=4 maxa=1
B 45 lo=178 supE=0.0 infE=-1.0 absE=1.0 psi=7.1 Mg=1 MP=8 maxa=1
B 46 lo=200 supE=0.0 infE=-1.0 absE=1.0 psi=11.5 Mg=1 MP=8 maxa=1
B 47 lo=224 supE=0.0 infE=-1.0 absE=1.0 psi=10.1 Mg=1 MP=4 maxa=1
B 48 lo=252 supE=0.0 infE=-1.0 absE=1.0 psi=6.4 Mg=1 MP=4 maxa=1
B 49 lo=282 supE=0.0 infE=-1.0 absE=1.0 psi=7.8 Mg=1 MP=8 maxa=1
B 50 lo=317 supE=0.0 infE=-1.0 absE=1.0 psi=11.2 Mg=1 MP=5 maxa=1
B 51 lo=355 supE=0.0 infE=-1.0 absE=1.0 psi=5.7 Mg=1 MP=3 maxa=1
B 52 lo=399 supE=0.0 infE=-1.0 absE=1.0 psi=9.2 Mg=1 MP=9 maxa=1
B 53 lo=447 supE=0.0 infE=-1.0 absE=1.0 psi=9.9 Mg=1 MP=7 maxa=1
B 54 lo=502 supE=0.0 infE=-1.0 absE=1.0 psi=14.0 Mg=1 MP=6 maxa=1
B 55 lo=563 supE=0.0 infE=-1.0 absE=1.0 psi=13.6 Mg=1 MP=7 maxa=1
B 56 lo=631 supE=0.0 infE=-1.0 absE=1.0 psi=11.9 Mg=1 MP=12 maxa=1
B 57 lo=708 supE=0.0 infE=-1.0 absE=1.0 psi=8.3 Mg=1 MP=5 maxa=1
B 58 lo=795 supE=0.0 infE=-1.0 absE=1.0 psi=16.3 Mg=1 MP=4 maxa=1
B 59 lo=892 supE=0.0 infE=-1.0 absE=1.0 psi=12.5 Mg=1 MP=6 maxa=1
B 60 lo=1000 supE=0.0 infE=-1.0 absE=1.0 psi=13.7 Mg=1 MP=15 maxa=1
B 61 lo=1123 supE=0.0 infE=-1.0 absE=1.0 psi=14.8 Mg=1 MP=14 maxa=1
B 62 lo=1259 supE=0.0 infE=-1.0 absE=1.0 psi=23.6 Mg=1 MP=12 maxa=1
B 63 lo=1413 supE=0.0 infE=-1.0 absE=1.0 psi=30.3 Mg=1 MP=13 maxa=1
B 64 lo=1585 supE=0.0 infE=-1.0 absE=1.0 psi=22.2 Mg=1 MP=16 maxa=1
B 65 lo=1779 supE=0.0 infE=-1.0 absE=1.0 psi=24.1 Mg=1 MP=10 maxa=1
B 66 lo=1996 supE=0.0 infE=-1.0 absE=1.0 psi=20.7 Mg=1 MP=12 maxa=1
B 67 lo=2239 supE=0.0 infE=-1.0 absE=1.0 psi=21.4 Mg=1 MP=15 maxa=1
B 68 lo=2512 supE=0.0 infE=-1.0 absE=1.0 psi=33.0 Mg=1 MP=25 maxa=1
B 69 lo=2819 supE=0.0 infE=-1.0 absE=1.0 psi=28.3 Mg=1 MP=25 maxa=1
B 70 lo=3163 supE=0.0 infE=-1.0 absE=1.0 psi=38.6 Mg=1 MP=23 maxa=1
B 71 lo=3549 supE=0.0 infE=-1.0 absE=1.0 psi=26.1 Mg=1 MP=16 maxa=1
B 72 lo=3982 supE=0.0 infE=-1.0 absE=1.0 psi=26.6 Mg=1 MP=20 maxa=1
B 73 lo=4467 supE=0.0 infE=-1.0 absE=1.0 psi=35.5 Mg=1 MP=21 maxa=1
B 74 lo=5012 supE=0.0 infE=-1.0 absE=1.0 psi=41.0 Mg=1 MP=16 maxa=1
B 75 lo=5624 supE=0.0 infE=-1.0 absE=1.0 psi=37.6 Mg=1 MP=19 maxa=1
B 76 lo=6310 supE=0.0 infE=-1.0 absE=1.0 psi=41.4 Mg=1 MP=29 maxa=1
B 77 lo=7080 supE=0.0 infE=-1.0 absE=1.0 psi=49.8 Mg=1 MP=22 maxa=1
B 78 lo=7944 supE=0.0 infE=-1.0 absE=1.0 psi=49.6 Mg=1 MP=35 maxa=1
B 79 lo=8913 supE=0.0 infE=-1.0 absE=1.0 psi=46.0 Mg=1 MP=43 maxa=1
B 80 lo=10000 supE=0.0 infE=-1.0 absE=1.0 psi=53.4 Mg=1 MP=35 maxa=1
B 81 lo=11221 supE=0.0 infE=-1.0 absE=1.0 psi=77.3 Mg=1 MP=42 maxa=1
B 82 lo=12590 supE=0.0 infE=-1.0 absE=1.0 psi=43.7 Mg=1 MP=20 maxa=1
B 83 lo=14126 supE=0.0 infE=-1.0 absE=1.0 psi=69.9 Mg=1 MP=34 maxa=1
B 84 lo=15849 supE=0.0 infE=-1.0 absE=1.0 psi=63.3 Mg=1 MP=42 maxa=1
B 85 lo=17783 supE=0.0 infE=-1.0 absE=1.0 psi=99.5 Mg=1 MP=51 maxa=1
B 86 lo=19953 supE=0.0 infE=-1.0 absE=1.0 psi=63.4 Mg=1 MP=48 maxa=1
B 87 lo=22388 supE=0.0 infE=-1.0 absE=1.0 psi=110.3 Mg=1 MP=72 maxa=1
B 88 lo=25119 supE=0.0 infE=-1.0 absE=1.0 psi=77.7 Mg=1 MP=25 maxa=1
B 89 lo=28184 supE=0.0 infE=-1.0 absE=1.0 psi=81.5 Mg=1 MP=59 maxa=1
B 90 lo=31623 supE=0.0 infE=-1.0 absE=1.0 psi=113.8 Mg=1 MP=73 maxa=1
B 91 lo=35482 supE=0.0 infE=-1.0 absE=1.0 psi=88.3 Mg=1 MP=45 maxa=1
B 92 lo=39811 supE=0.0 infE=-1.0 absE=1.0 psi=127.2 Mg=1 MP=88 maxa=1
B 93 lo=44669 supE=0.0 infE=-1.0 absE=1.0 psi=105.1 Mg=1 MP=96 maxa=1
B 94 lo=50119 supE=0.0 infE=-1.0 absE=1.0 psi=95.3 Mg=1 MP=40 maxa=1
B 95 lo=56235 supE=0.0 infE=-1.0 absE=1.0 psi=173.5 Mg=1 MP=113 maxa=1
B 96 lo=63096 supE=0.0 infE=-1.0 absE=1.0 psi=160.9 Mg=1 MP=95 maxa=1
B 97 lo=70795 supE=0.0 infE=-1.0 absE=1.0 psi=140.3 Mg=1 MP=65 maxa=1
B 98 lo=79433 supE=0.0 infE=-1.0 absE=1.0 psi=162.5 Mg=1 MP=68 maxa=1
B 99 lo=89126 supE=0.0 infE=-1.0 absE=1.0 psi=149.9 Mg=1 MP=132 maxa=1
B 100 lo=100000 supE=0.0 infE=-1.0 absE=1.0 psi=156.3 Mg=1 MP=73 maxa=1
B 101 lo=112202 supE=0.0 infE=-1.0 absE=1.0 psi=176.3 Mg=1 MP=132 maxa=1
B 102 lo=125893 supE=0.0 infE=-1.0 absE=1.0 psi=134.5 Mg=1 MP=111 maxa=1
B 103 lo=141254 supE=0.0 infE=-1.0 absE=1.0 psi=223.9 Mg=1 MP=134 maxa=1
B 104 lo=158490 supE=0.0 infE=-1.0 absE=1.0 psi=261.3 Mg=1 MP=125 maxa=1
B 105 lo=177828 supE=0.0 infE=-1.0 absE=1.0 psi=208.5 Mg=1 MP=98 maxa=1
B 106 lo=199527 supE=0.0 infE=-1.0 absE=1.0 psi=207.8 Mg=1 MP=101 maxa=1
B 107 lo=223873 supE=0.0 infE=-1.0 absE=1.0 psi=278.1 Mg=1 MP=154 maxa=1
B 108 lo=251189 supE=0.0 infE=-1.0 absE=1.0 psi=189.9 Mg=1 MP=85 maxa=1
B 109 lo=281839 supE=0.0 infE=-1.0 absE=1.0 psi=391.3 Mg=1 MP=240 maxa=1
B 110 lo=316228 supE=0.0 infE=-1.0 absE=1.0 psi=347.4 Mg=1 MP=248 maxa=1
B 111 lo=354814 supE=0.0 infE=-1.0 absE=1.0 psi=405.5 Mg=1 MP=258 maxa=1
B 112 lo=398108 supE=0.0 infE=-1.0 absE=1.0 psi=356.6 Mg=1 MP=198 maxa=1
B 113 lo=446684 supE=0.0 infE=-1.0 absE=1.0 psi=434.4 Mg=1 MP=244 maxa=1
B 114 lo=501188 supE=0.0 infE=-1.0 absE=1.0 psi=327.7 Mg=1 MP=204 maxa=1
B 115 lo=562342 supE=0.0 infE=-1.0 absE=1.0 psi=442.2 Mg=1 MP=278 maxa=1
B 116 lo=630958 supE=0.0 infE=-1.0 absE=1.0 psi=398.9 Mg=1 MP=264 maxa=1
B 117 lo=707946 supE=0.0 infE=-1.0 absE=1.0 psi=416.1 Mg=1 MP=188 maxa=1
B 118 lo=794329 supE=0.0 infE=-1.0 absE=1.0 psi=417.1 Mg=1 MP=263 maxa=1
B 119 lo=891251 supE=0.0 infE=-1.0 absE=1.0 psi=512.1 Mg=1 MP=368 maxa=1
B 120 lo=1000000 supE=0.0 infE=-1.0 absE=1.0 psi=667.0 Mg=1 MP=432 maxa=1
B 121 lo=1122019 supE=0.0 infE=-1.0 absE=1.0 psi=672.5 Mg=1 MP=195 maxa=1
B 122 lo=1258926 supE=0.0 infE=-1.0 absE=1.0 psi=418.5 Mg=1 MP=255 maxa=1
B 123 lo=1412538 supE=0.0 infE=-1.0 absE=1.0 psi=730.4 Mg=1 MP=388 maxa=1
B 124 lo=1584894 supE=0.0 infE=-1.0 absE=1.0 psi=706.4 Mg=1 MP=487 maxa=1
B 125 lo=1778280 supE=0.0 infE=-1.0 absE=1.0 psi=645.6 Mg=1 MP=550 maxa=1
B 126 lo=1995263 supE=0.0 infE=-1.0 absE=1.0 psi=673.6 Mg=1 MP=520 maxa=1
B 127 lo=2238722 supE=0.0 infE=-1.0 absE=1.0 psi=791.4 Mg=1 MP=450 maxa=1
B 128 lo=2511887 supE=0.0 infE=-1.0 absE=1.0 psi=648.9 Mg=1 MP=469 maxa=1
B 129 lo=2818383 supE=0.0 infE=-1.0 absE=1.0 psi=910.1 Mg=1 MP=435 maxa=1
B 130 lo=3162278 supE=0.0 infE=-1.0 absE=1.0 psi=1253.9 Mg=1 MP=683 maxa=1
B 131 lo=3548134 supE=0.0 infE=-1.0 absE=1.0 psi=1171.3 Mg=1 MP=279 maxa=1
B 132 lo=3981072 supE=0.0 infE=-1.0 absE=1.0 psi=1247.4 Mg=1 MP=616 maxa=1
B 133 lo=4466836 supE=0.0 infE=-1.0 absE=1.0 psi=1279.0 Mg=1 MP=773 maxa=1
B 134 lo=5011873 supE=0.0 infE=-1.0 absE=1.0 psi=1117.8 Mg=1 MP=847 maxa=1
B 135 lo=5623414 supE=0.0 infE=-1.0 absE=1.0 psi=1221.7 Mg=1 MP=613 maxa=1
B 136 lo=6309574 supE=0.0 infE=-1.0 absE=1.0 psi=1395.5 Mg=1 MP=1060 maxa=1
B 137 lo=7079458 supE=0.0 infE=-1.0 absE=1.0 psi=1525.9 Mg=1 MP=1078 maxa=1
B 138 lo=7943283 supE=0.0 infE=-1.0 absE=1.0 psi=1473.2 Mg=1 MP=977 maxa=1
B 139 lo=8912510 supE=0.0 infE=-1.0 absE=1.0 psi=1583.0 Mg=1 MP=1143 maxa=1
B 140 lo=10000000 supE=0.0 infE=-1.0 absE=1.0 psi=0.0 Mg=1 MP=1037 maxa=1
D 0 m0=0 m1=4 m2=0 m3=0 m4+=0 primes=4 summ=4 mean=1.0000 maxm=1 hpp=0
D 1 m0=0 m1=21 m2=0 m3=0 m4+=0 primes=21 summ=21 mean=1.0000 maxm=1 hpp=0
D 2 m0=0 m1=143 m2=0 m3=0 m4+=0 primes=143 summ=143 mean=1.0000 maxm=1 hpp=0
D 3 m0=0 m1=1061 m2=0 m3=0 m4+=0 primes=1061 summ=1061 mean=1.0000 maxm=1 hpp=0
D 4 m0=0 m1=8363 m2=0 m3=0 m4+=0 primes=8363 summ=8363 mean=1.0000 maxm=1 hpp=0
D 5 m0=0 m1=68906 m2=0 m3=0 m4+=0 primes=68906 summ=68906 mean=1.0000 maxm=1 hpp=0
D 6 m0=0 m1=586081 m2=0 m3=0 m4+=0 primes=586081 summ=586081 mean=1.0000 maxm=1 hpp=0
H k=3 th0.30=0.0000 th0.32=0.0000 th0.35=0.0000 th0.40=0.0000
H k=4 th0.30=0.0000 th0.32=0.0000 th0.35=0.0000 th0.40=0.0000
H k=5 th0.30=0.0000 th0.32=0.0000 th0.35=0.0000 th0.40=0.0000
H k=6 th0.30=0.0000 th0.32=0.0000 th0.35=0.0000 th0.40=0.0000
H k=7 th0.30=0.0000 th0.32=0.0000 th0.35=0.0000 th0.40=0.0000
H k=8 th0.30=0.0000 th0.32=0.0000 th0.35=0.0000 th0.40=0.0000
H k=9 th0.30=0.0000 th0.32=0.0000 th0.35=0.0000 th0.40=0.0000
