# gen7o rho=9/10 cap=0 X=1000000000 SQ=31622 nsp=3401
CHK n=10 N=9 denE=-1 denC=0 psi-n=-4.114 Mg=0 MP=0
CHK n=100 N=89 denE=-11 denC=-10 psi-n=-15.796 Mg=-1 MP=1
CHK n=1000 N=903 denE=29 denC=30 psi-n=-17.078 Mg=1 MP=12
CHK n=10000 N=9008 denE=79 denC=80 psi-n=214.689 Mg=21 MP=-52
CHK n=100000 N=89999 denE=-11 denC=-10 psi-n=-182.820 Mg=-24 MP=-173
CHK n=1000000 N=900003 denE=29 denC=30 psi-n=-1596.779 Mg=-79 MP=653
CHK n=10000000 N=9000025 denE=249 denC=250 psi-n=-9025.971 Mg=-342 MP=4627
CHK n=100000000 N=90000045 denE=449 denC=450 psi-n=85295.611 Mg=102 MP=-1109
CHK n=1000000000 N=900000090 denE=899 denC=900 psi-n=-352027.228 Mg=-269 MP=48970
SUM X=1000000000 N=900000090 C(X)=900/10 supE=9698/10 infE_int=-1053/10 infE_real=-1062/10 maxa=247@980501539 maxm=102@517037333 psi-X=-352027.228 Mg=-269 MP=48970
B 6 lo=2 supE=0.1 infE=-0.8 absE=0.8 psi=2.0 Mg=1 MP=0 maxa=1
B 9 lo=3 supE=0.2 infE=-0.7 absE=0.7 psi=2.3 Mg=1 MP=1 maxa=1
B 12 lo=4 supE=0.3 infE=-0.6 absE=0.6 psi=2.2 Mg=1 MP=1 maxa=1
B 13 lo=5 supE=0.4 infE=-0.5 absE=0.5 psi=2.5 Mg=1 MP=2 maxa=1
B 15 lo=6 supE=0.5 infE=-0.4 absE=0.5 psi=0.0 Mg=1 MP=1 maxa=1
B 16 lo=7 supE=-0.4 infE=-1.3 absE=1.3 psi=2.9 Mg=0 MP=1 maxa=0
B 18 lo=8 supE=-0.3 infE=-1.2 absE=1.2 psi=3.9 Mg=0 MP=1 maxa=1
B 19 lo=9 supE=-0.2 infE=-1.1 absE=1.1 psi=4.2 Mg=0 MP=1 maxa=1
B 20 lo=10 supE=0.0 infE=-1.0 absE=1.0 psi=5.1 Mg=0 MP=1 maxa=1
B 21 lo=12 supE=0.1 infE=-0.8 absE=0.8 psi=0.0 Mg=0 MP=1 maxa=1
B 22 lo=13 supE=0.2 infE=-1.6 absE=1.6 psi=4.7 Mg=0 MP=2 maxa=1
B 23 lo=15 supE=-0.6 infE=-1.5 absE=1.5 psi=0.0 Mg=0 MP=1 maxa=1
B 24 lo=16 supE=0.5 infE=-1.3 absE=1.3 psi=5.2 Mg=1 MP=2 maxa=2
B 25 lo=18 supE=-0.2 infE=-1.2 absE=1.2 psi=4.7 Mg=0 MP=3 maxa=1
B 26 lo=20 supE=-0.1 infE=-1.9 absE=1.9 psi=0.0 Mg=0 MP=3 maxa=1
B 27 lo=23 supE=0.4 infE=-0.7 absE=0.7 psi=5.7 Mg=1 MP=4 maxa=2
B 28 lo=26 supE=0.6 infE=-1.2 absE=1.2 psi=1.9 Mg=1 MP=3 maxa=1
B 29 lo=29 supE=0.0 infE=-1.1 absE=1.1 psi=2.8 Mg=1 MP=6 maxa=1
B 30 lo=32 supE=1.2 infE=-1.5 absE=1.5 psi=1.7 Mg=1 MP=5 maxa=2
B 31 lo=36 supE=-0.2 infE=-1.4 absE=1.4 psi=3.3 Mg=1 MP=5 maxa=1
B 32 lo=40 supE=0.3 infE=-1.8 absE=1.8 psi=5.6 Mg=2 MP=6 maxa=2
B 33 lo=45 supE=1.7 infE=-0.5 absE=1.7 psi=1.6 Mg=2 MP=6 maxa=2
B 34 lo=51 supE=0.4 infE=-1.4 absE=1.4 psi=4.4 Mg=1 MP=4 maxa=1
B 35 lo=57 supE=0.1 infE=-1.7 absE=1.7 psi=6.5 Mg=1 MP=3 maxa=1
B 36 lo=64 supE=0.5 infE=-2.2 absE=2.2 psi=5.6 Mg=1 MP=2 maxa=2
B 37 lo=71 supE=0.5 infE=-1.3 absE=1.3 psi=9.6 Mg=1 MP=4 maxa=2
B 38 lo=80 supE=1.1 infE=-2.5 absE=2.5 psi=9.3 Mg=1 MP=3 maxa=2
B 39 lo=90 supE=0.5 infE=-2.2 absE=2.2 psi=12.8 Mg=1 MP=2 maxa=2
B 40 lo=100 supE=0.3 infE=-2.0 absE=2.0 psi=16.8 Mg=1 MP=5 maxa=2
B 41 lo=113 supE=1.7 infE=-0.7 absE=1.7 psi=8.5 Mg=2 MP=7 maxa=2
B 42 lo=126 supE=1.9 infE=-2.9 absE=2.9 psi=10.8 Mg=2 MP=5 maxa=2
B 43 lo=142 supE=0.5 infE=-2.6 absE=2.6 psi=12.9 Mg=1 MP=3 maxa=2
B 44 lo=159 supE=0.9 infE=-2.2 absE=2.2 psi=6.8 Mg=1 MP=8 maxa=2
B 45 lo=178 supE=1.1 infE=-3.1 absE=3.1 psi=17.1 Mg=2 MP=13 maxa=3
B 46 lo=200 supE=2.5 infE=-2.6 absE=2.6 psi=6.9 Mg=2 MP=13 maxa=2
B 47 lo=224 supE=0.9 infE=-2.2 absE=2.2 psi=12.9 Mg=1 MP=6 maxa=2
B 48 lo=252 supE=0.7 infE=-3.0 absE=3.0 psi=17.4 Mg=2 MP=10 maxa=3
B 49 lo=282 supE=2.4 infE=-1.8 absE=2.4 psi=26.7 Mg=3 MP=16 maxa=2
B 50 lo=317 supE=2.5 infE=-3.4 absE=3.4 psi=13.2 Mg=3 MP=6 maxa=3
B 51 lo=355 supE=2.9 infE=-3.7 absE=3.7 psi=14.3 Mg=1 MP=3 maxa=4
B 52 lo=399 supE=2.5 infE=-3.5 absE=3.5 psi=12.2 Mg=1 MP=11 maxa=3
B 53 lo=447 supE=2.0 infE=-2.2 absE=2.2 psi=22.9 Mg=3 MP=12 maxa=2
B 54 lo=502 supE=2.6 infE=-2.5 absE=2.6 psi=13.9 Mg=3 MP=6 maxa=3
B 55 lo=563 supE=3.5 infE=-2.8 absE=3.5 psi=39.2 Mg=3 MP=19 maxa=3
B 56 lo=631 supE=4.9 infE=-4.3 absE=4.9 psi=26.3 Mg=4 MP=10 maxa=4
B 57 lo=708 supE=2.5 infE=-4.1 absE=4.1 psi=26.4 Mg=4 MP=12 maxa=4
B 58 lo=795 supE=4.1 infE=-4.2 absE=4.2 psi=27.2 Mg=3 MP=13 maxa=4
B 59 lo=892 supE=4.2 infE=-4.4 absE=4.4 psi=23.3 Mg=4 MP=12 maxa=4
B 60 lo=1000 supE=4.3 infE=-4.5 absE=4.5 psi=48.5 Mg=4 MP=15 maxa=4
B 61 lo=1123 supE=5.6 infE=-4.1 absE=5.6 psi=29.2 Mg=6 MP=22 maxa=4
B 62 lo=1259 supE=9.6 infE=-7.5 absE=9.6 psi=47.5 Mg=8 MP=12 maxa=7
B 63 lo=1413 supE=5.0 infE=-4.8 absE=5.0 psi=60.8 Mg=7 MP=16 maxa=5
B 64 lo=1585 supE=6.5 infE=-5.1 absE=6.5 psi=44.4 Mg=6 MP=29 maxa=5
B 65 lo=1779 supE=5.5 infE=-4.4 absE=5.5 psi=30.8 Mg=5 MP=22 maxa=4
B 66 lo=1996 supE=6.1 infE=-5.4 absE=6.1 psi=54.4 Mg=5 MP=24 maxa=4
B 67 lo=2239 supE=7.5 infE=-6.8 absE=7.5 psi=55.5 Mg=9 MP=15 maxa=7
B 68 lo=2512 supE=8.5 infE=-4.3 absE=8.5 psi=56.6 Mg=9 MP=24 maxa=7
B 69 lo=2819 supE=7.5 infE=-4.3 absE=7.5 psi=73.6 Mg=11 MP=38 maxa=6
B 70 lo=3163 supE=11.5 infE=-5.9 absE=11.5 psi=69.9 Mg=8 MP=28 maxa=6
B 71 lo=3549 supE=8.0 infE=-5.6 absE=8.0 psi=62.7 Mg=9 MP=26 maxa=7
B 72 lo=3982 supE=14.5 infE=-6.6 absE=14.5 psi=139.6 Mg=19 MP=38 maxa=6
B 73 lo=4467 supE=10.1 infE=-10.4 absE=10.4 psi=117.8 Mg=14 MP=34 maxa=10
B 74 lo=5012 supE=14.1 infE=-8.4 absE=14.1 psi=89.5 Mg=12 MP=19 maxa=8
B 75 lo=5624 supE=10.1 infE=-5.1 absE=10.1 psi=123.8 Mg=10 MP=36 maxa=6
B 76 lo=6310 supE=13.5 infE=-8.2 absE=13.5 psi=179.0 Mg=16 MP=32 maxa=8
B 77 lo=7080 supE=10.1 infE=-8.7 absE=10.1 psi=100.8 Mg=17 MP=37 maxa=7
B 78 lo=7944 supE=14.7 infE=-11.4 absE=14.7 psi=236.8 Mg=22 MP=70 maxa=11
B 79 lo=8913 supE=12.5 infE=-12.6 absE=12.6 psi=241.7 Mg=22 MP=73 maxa=12
B 80 lo=10000 supE=22.9 infE=-8.2 absE=22.9 psi=207.7 Mg=22 MP=52 maxa=8
B 81 lo=11221 supE=13.3 infE=-7.0 absE=13.3 psi=276.0 Mg=21 MP=79 maxa=8
B 82 lo=12590 supE=14.1 infE=-10.8 absE=14.1 psi=332.2 Mg=31 MP=71 maxa=11
B 83 lo=14126 supE=21.2 infE=-9.4 absE=21.2 psi=177.8 Mg=13 MP=44 maxa=10
B 84 lo=15849 supE=18.0 infE=-12.4 absE=18.0 psi=273.5 Mg=25 MP=83 maxa=12
B 85 lo=17783 supE=23.1 infE=-13.4 absE=23.1 psi=194.3 Mg=23 MP=56 maxa=13
B 86 lo=19953 supE=27.9 infE=-9.4 absE=27.9 psi=452.5 Mg=42 MP=109 maxa=14
B 87 lo=22388 supE=18.9 infE=-14.4 absE=18.9 psi=249.6 Mg=20 MP=144 maxa=14
B 88 lo=25119 supE=16.5 infE=-13.5 absE=16.5 psi=418.2 Mg=39 MP=153 maxa=13
B 89 lo=28184 supE=25.6 infE=-16.4 absE=25.6 psi=421.5 Mg=42 MP=96 maxa=16
B 90 lo=31623 supE=29.1 infE=-9.9 absE=29.1 psi=372.1 Mg=33 MP=119 maxa=12
B 91 lo=35482 supE=31.0 infE=-14.8 absE=31.0 psi=330.3 Mg=27 MP=94 maxa=15
B 92 lo=39811 supE=25.9 infE=-14.9 absE=25.9 psi=748.7 Mg=53 MP=221 maxa=14
B 93 lo=44669 supE=41.2 infE=-11.4 absE=41.2 psi=677.3 Mg=39 MP=233 maxa=14
B 94 lo=50119 supE=38.6 infE=-19.4 absE=38.6 psi=623.1 Mg=41 MP=179 maxa=19
B 95 lo=56235 supE=43.6 infE=-16.1 absE=43.6 psi=825.4 Mg=59 MP=326 maxa=16
B 96 lo=63096 supE=40.1 infE=-14.2 absE=40.1 psi=942.5 Mg=74 MP=324 maxa=14
B 97 lo=70795 supE=42.4 infE=-13.2 absE=42.4 psi=669.1 Mg=60 MP=211 maxa=15
B 98 lo=79433 supE=37.5 infE=-15.3 absE=37.5 psi=875.1 Mg=71 MP=134 maxa=20
B 99 lo=89126 supE=38.7 infE=-17.3 absE=38.7 psi=809.4 Mg=61 MP=277 maxa=16
B 100 lo=100000 supE=63.5 infE=-19.2 absE=63.5 psi=1248.5 Mg=52 MP=323 maxa=19
B 101 lo=112202 supE=44.1 infE=-19.2 absE=44.1 psi=678.9 Mg=60 MP=442 maxa=20
B 102 lo=125893 supE=41.4 infE=-20.4 absE=41.4 psi=2079.2 Mg=137 MP=538 maxa=20
B 103 lo=141254 supE=56.1 infE=-19.1 absE=56.1 psi=1035.8 Mg=77 MP=476 maxa=24
B 104 lo=158490 supE=67.3 infE=-21.3 absE=67.3 psi=1034.1 Mg=83 MP=390 maxa=21
B 105 lo=177828 supE=72.6 infE=-18.5 absE=72.6 psi=1710.3 Mg=118 MP=500 maxa=16
B 106 lo=199527 supE=70.3 infE=-22.0 absE=70.3 psi=1927.9 Mg=90 MP=532 maxa=24
B 107 lo=223873 supE=63.0 infE=-21.6 absE=63.0 psi=1577.5 Mg=123 MP=527 maxa=21
B 108 lo=251189 supE=57.6 infE=-22.4 absE=57.6 psi=1714.7 Mg=90 MP=636 maxa=22
B 109 lo=281839 supE=95.5 infE=-23.8 absE=95.5 psi=2356.5 Mg=125 MP=781 maxa=26
B 110 lo=316228 supE=77.0 infE=-21.4 absE=77.0 psi=2619.2 Mg=148 MP=757 maxa=21
B 111 lo=354814 supE=97.6 infE=-25.4 absE=97.6 psi=1792.9 Mg=140 MP=799 maxa=28
B 112 lo=398108 supE=88.3 infE=-25.3 absE=88.3 psi=2549.9 Mg=192 MP=713 maxa=26
B 113 lo=446684 supE=103.9 infE=-25.9 absE=103.9 psi=2115.7 Mg=133 MP=777 maxa=32
B 114 lo=501188 supE=95.5 infE=-25.4 absE=95.5 psi=2535.5 Mg=152 MP=564 maxa=28
B 115 lo=562342 supE=114.1 infE=-30.4 absE=114.1 psi=4215.2 Mg=150 MP=1043 maxa=30
B 116 lo=630958 supE=105.4 infE=-25.9 absE=105.4 psi=3283.5 Mg=201 MP=1588 maxa=32
B 117 lo=707946 supE=97.1 infE=-30.3 absE=97.1 psi=3604.2 Mg=264 MP=1215 maxa=30
B 118 lo=794329 supE=102.7 infE=-27.0 absE=102.7 psi=4460.7 Mg=202 MP=1403 maxa=38
B 119 lo=891251 supE=145.3 infE=-27.5 absE=145.3 psi=4488.1 Mg=220 MP=1724 maxa=32
B 120 lo=1000000 supE=119.2 infE=-26.2 absE=119.2 psi=5155.5 Mg=255 MP=853 maxa=28
B 121 lo=1122019 supE=156.0 infE=-29.5 absE=156.0 psi=3794.6 Mg=270 MP=660 maxa=38
B 122 lo=1258926 supE=125.5 infE=-27.8 absE=125.5 psi=5516.6 Mg=195 MP=1105 maxa=32
B 123 lo=1412538 supE=112.3 infE=-25.9 absE=112.3 psi=4538.4 Mg=209 MP=1245 maxa=32
B 124 lo=1584894 supE=197.6 infE=-37.0 absE=197.6 psi=4624.5 Mg=225 MP=1216 maxa=38
B 125 lo=1778280 supE=158.5 infE=-33.6 absE=158.5 psi=8624.8 Mg=369 MP=2669 maxa=40
B 126 lo=1995263 supE=139.6 infE=-39.1 absE=139.6 psi=6949.3 Mg=419 MP=2240 maxa=38
B 127 lo=2238722 supE=154.9 infE=-35.5 absE=154.9 psi=8768.3 Mg=395 MP=2744 maxa=40
B 128 lo=2511887 supE=139.0 infE=-36.1 absE=139.0 psi=12545.9 Mg=467 MP=3416 maxa=42
B 129 lo=2818383 supE=139.8 infE=-41.4 absE=139.8 psi=11019.6 Mg=331 MP=2317 maxa=41
B 130 lo=3162278 supE=206.3 infE=-33.9 absE=206.3 psi=9092.3 Mg=292 MP=2036 maxa=49
B 131 lo=3548134 supE=182.4 infE=-42.0 absE=182.4 psi=11089.3 Mg=315 MP=1431 maxa=42
B 132 lo=3981072 supE=164.5 infE=-36.0 absE=164.5 psi=13447.3 Mg=479 MP=3978 maxa=44
B 133 lo=4466836 supE=221.3 infE=-32.7 absE=221.3 psi=17788.9 Mg=506 MP=3456 maxa=48
B 134 lo=5011873 supE=224.0 infE=-51.6 absE=224.0 psi=14528.9 Mg=606 MP=5759 maxa=49
B 135 lo=5623414 supE=216.3 infE=-40.4 absE=216.3 psi=19360.4 Mg=628 MP=4954 maxa=50
B 136 lo=6309574 supE=212.6 infE=-47.3 absE=212.6 psi=16738.1 Mg=521 MP=3413 maxa=70
B 137 lo=7079458 supE=247.2 infE=-44.9 absE=247.2 psi=21867.9 Mg=662 MP=7375 maxa=52
B 138 lo=7943283 supE=297.2 infE=-44.8 absE=297.2 psi=21058.8 Mg=619 MP=6785 maxa=56
B 139 lo=8912510 supE=262.9 infE=-45.9 absE=262.9 psi=27574.8 Mg=610 MP=8137 maxa=56
B 140 lo=10000000 supE=257.9 infE=-55.5 absE=257.9 psi=23299.7 Mg=747 MP=7944 maxa=64
B 141 lo=11220185 supE=230.2 infE=-43.4 absE=230.2 psi=25645.2 Mg=681 MP=4792 maxa=84
B 142 lo=12589255 supE=280.4 infE=-43.0 absE=280.4 psi=42286.3 Mg=1180 MP=13549 maxa=70
B 143 lo=14125376 supE=307.6 infE=-45.4 absE=307.6 psi=27118.6 Mg=955 MP=6504 maxa=60
B 144 lo=15848932 supE=293.4 infE=-51.4 absE=293.4 psi=38224.6 Mg=880 MP=10073 maxa=77
B 145 lo=17782795 supE=366.9 infE=-47.2 absE=366.9 psi=38107.3 Mg=1103 MP=6850 maxa=76
B 146 lo=19952624 supE=339.7 infE=-53.4 absE=339.7 psi=28296.2 Mg=843 MP=7858 maxa=84
B 147 lo=22387212 supE=305.9 infE=-59.4 absE=305.9 psi=35931.1 Mg=992 MP=10705 maxa=91
B 148 lo=25118865 supE=298.4 infE=-72.1 absE=298.4 psi=56460.4 Mg=1045 MP=22030 maxa=80
B 149 lo=28183830 supE=310.4 infE=-51.2 absE=310.4 psi=57737.7 Mg=1295 MP=17282 maxa=98
B 150 lo=31622777 supE=363.9 infE=-59.3 absE=363.9 psi=52583.0 Mg=1361 MP=18315 maxa=84
B 151 lo=35481339 supE=380.8 infE=-57.5 absE=380.8 psi=75385.8 Mg=2326 MP=27547 maxa=112
B 152 lo=39810718 supE=313.7 infE=-57.8 absE=313.7 psi=83726.9 Mg=1563 MP=24687 maxa=120
B 153 lo=44668360 supE=355.2 infE=-60.6 absE=355.2 psi=49021.5 Mg=1764 MP=16060 maxa=96
B 154 lo=50118724 supE=358.7 infE=-64.6 absE=358.7 psi=80148.8 Mg=1663 MP=15655 maxa=105
B 155 lo=56234133 supE=422.7 infE=-59.6 absE=422.7 psi=93241.9 Mg=1929 MP=23258 maxa=98
B 156 lo=63095735 supE=435.4 infE=-59.4 absE=435.4 psi=87388.8 Mg=1666 MP=28844 maxa=133
B 157 lo=70794579 supE=430.8 infE=-57.4 absE=430.8 psi=90727.5 Mg=2265 MP=21010 maxa=132
B 158 lo=79432824 supE=595.5 infE=-63.2 absE=595.5 psi=133563.3 Mg=2024 MP=38735 maxa=120
B 159 lo=89125094 supE=442.1 infE=-59.0 absE=442.1 psi=127006.6 Mg=3062 MP=26276 maxa=130
B 160 lo=100000000 supE=467.7 infE=-71.9 absE=467.7 psi=119564.5 Mg=2268 MP=34745 maxa=140
B 161 lo=112201846 supE=517.1 infE=-94.2 absE=517.1 psi=154690.7 Mg=2791 MP=37489 maxa=140
B 162 lo=125892542 supE=565.1 infE=-79.2 absE=565.1 psi=167487.3 Mg=2360 MP=60070 maxa=133
B 163 lo=141253755 supE=547.4 infE=-72.2 absE=547.4 psi=170704.7 Mg=3150 MP=42609 maxa=160
B 164 lo=158489320 supE=767.9 infE=-72.8 absE=767.9 psi=201116.9 Mg=3064 MP=67054 maxa=156
B 165 lo=177827942 supE=537.9 infE=-76.4 absE=537.9 psi=222477.7 Mg=4470 MP=71645 maxa=168
B 166 lo=199526232 supE=568.5 infE=-82.5 absE=568.5 psi=221809.4 Mg=2883 MP=42937 maxa=168
B 167 lo=223872114 supE=578.1 infE=-95.8 absE=578.1 psi=204141.4 Mg=4193 MP=55642 maxa=143
B 168 lo=251188644 supE=655.5 infE=-69.9 absE=655.5 psi=292544.6 Mg=3447 MP=52386 maxa=192
B 169 lo=281838294 supE=715.1 infE=-70.5 absE=715.1 psi=319752.2 Mg=4441 MP=40241 maxa=160
B 170 lo=316227767 supE=593.6 infE=-84.6 absE=593.6 psi=314480.0 Mg=4158 MP=59211 maxa=180
B 171 lo=354813390 supE=714.2 infE=-78.2 absE=714.2 psi=336781.4 Mg=3744 MP=61418 maxa=182
B 172 lo=398107171 supE=748.7 infE=-87.0 absE=748.7 psi=441738.0 Mg=4797 MP=114252 maxa=182
B 173 lo=446683593 supE=776.6 infE=-106.2 absE=776.6 psi=425267.8 Mg=5399 MP=100188 maxa=228
B 174 lo=501187234 supE=865.0 infE=-103.5 absE=865.0 psi=444393.5 Mg=6159 MP=151134 maxa=208
B 175 lo=562341326 supE=738.3 infE=-80.8 absE=738.3 psi=716595.9 Mg=6596 MP=205211 maxa=224
B 176 lo=630957345 supE=754.0 infE=-87.6 absE=754.0 psi=504754.5 Mg=5195 MP=121461 maxa=200
B 177 lo=707945785 supE=842.9 infE=-80.6 absE=842.9 psi=558162.4 Mg=5927 MP=142865 maxa=240
B 178 lo=794328235 supE=969.8 infE=-100.8 absE=969.8 psi=607546.9 Mg=6530 MP=145112 maxa=224
B 179 lo=891250939 supE=862.4 infE=-96.0 absE=862.4 psi=691948.4 Mg=5996 MP=174450 maxa=247
B 180 lo=1000000000 supE=89.9 infE=89.0 absE=89.9 psi=0.0 Mg=269 MP=48970 maxa=24
D 0 m0=1 m1=3 m2=0 m3=0 m4+=0 primes=4 summ=3 mean=0.7500 maxm=1 hpp=0
D 1 m0=5 m1=13 m2=3 m3=0 m4+=0 primes=21 summ=19 mean=0.9048 maxm=2 hpp=1
D 2 m0=60 m1=40 m2=32 m3=8 m4+=3 primes=143 summ=140 mean=0.9790 maxm=4 hpp=3
D 3 m0=613 m1=148 m2=139 m3=79 m4+=82 primes=1061 summ=1081 mean=1.0189 maxm=12 hpp=2
D 4 m0=5761 m1=639 m2=648 m3=432 m4+=883 primes=8363 summ=8303 mean=0.9928 maxm=19 hpp=8
D 5 m0=52140 m1=2914 m2=3772 m3=2356 m4+=7724 primes=68906 summ=68770 mean=0.9980 maxm=30 hpp=22
D 6 m0=472133 m1=15449 m2=20980 m3=14109 m4+=63410 primes=586081 summ=585435 mean=0.9989 maxm=49 hpp=57
D 7 m0=4285474 m1=85781 m2=126381 m3=86221 m4+=513019 primes=5096876 summ=5101405 mean=1.0009 maxm=63 hpp=122
D 8 m0=39115394 m1=503803 m2=790048 m3=540960 m4+=4135874 primes=45086079 summ=45062750 mean=0.9995 maxm=102 hpp=247
H k=3 th0.30=1.1772 th0.32=0.9953 th0.35=0.7769 th0.40=0.5417
H k=4 th0.30=1.6608 th0.32=1.3406 th0.35=0.9721 th0.40=0.5690
H k=5 th0.30=2.3458 th0.32=1.7816 th0.35=1.1792 th0.40=0.6215
H k=6 th0.30=2.6790 th0.32=2.0111 th0.35=1.3081 th0.40=0.6387
H k=7 th0.30=2.5312 th0.32=1.7588 th0.35=1.0286 th0.40=0.4442
H k=8 th0.30=2.6166 th0.32=1.7915 th0.35=1.0150 th0.40=0.3937
H k=9 th0.30=0.1796 th0.32=0.1186 th0.35=0.0637 th0.40=0.0226
