# gen7o rho=3/2 cap=0 X=100000000 SQ=10000 nsp=1229
CHK n=10 N=15 denE=1 denC=0 psi-n=-1.698 Mg=2 MP=0
CHK n=100 N=161 denE=23 denC=22 psi-n=-1.752 Mg=8 MP=9
CHK n=1000 N=1591 denE=183 denC=182 psi-n=-64.360 Mg=11 MP=15
CHK n=10000 N=15428 denE=857 denC=856 psi-n=-458.991 Mg=86 MP=132
CHK n=100000 N=151868 denE=3737 denC=3736 psi-n=-718.910 Mg=688 MP=347
CHK n=1000000 N=1514235 denE=28471 denC=28470 psi-n=-4209.960 Mg=6776 MP=7427
CHK n=10000000 N=15107607 denE=215215 denC=215214 psi-n=-18675.786 Mg=52648 MP=57376
CHK n=100000000 N=150993396 denE=1986793 denC=1986792 psi-n=251660.960 Mg=456694 MP=568299
SUM X=100000000 N=150993396 C(X)=1986792/2 supE=1987597/2 infE_int=-405/2 infE_real=-408/2 maxa=3240@57183356 maxm=204@58594741 psi-X=251660.960 Mg=456694 MP=568299
B 6 lo=2 supE=0.5 infE=-1.0 absE=1.0 psi=2.0 Mg=2 MP=1 maxa=2
B 9 lo=3 supE=0.0 infE=-1.5 absE=1.5 psi=1.6 Mg=2 MP=2 maxa=1
B 12 lo=4 supE=1.5 infE=0.0 absE=1.5 psi=1.5 Mg=3 MP=1 maxa=3
B 13 lo=5 supE=0.0 infE=-1.5 absE=1.5 psi=1.1 Mg=2 MP=1 maxa=0
B 15 lo=6 supE=0.5 infE=-1.0 absE=1.0 psi=0.0 Mg=2 MP=1 maxa=2
B 16 lo=7 supE=0.0 infE=-1.5 absE=1.5 psi=3.1 Mg=2 MP=0 maxa=1
B 18 lo=8 supE=2.5 infE=1.0 absE=2.5 psi=2.2 Mg=3 MP=0 maxa=4
B 19 lo=9 supE=2.0 infE=0.5 absE=2.0 psi=1.8 Mg=3 MP=0 maxa=1
B 20 lo=10 supE=0.5 infE=-1.5 absE=1.5 psi=2.7 Mg=2 MP=1 maxa=1
B 21 lo=12 supE=1.5 infE=0.0 absE=1.5 psi=0.0 Mg=2 MP=2 maxa=3
B 22 lo=13 supE=0.5 infE=-1.5 absE=1.5 psi=2.3 Mg=1 MP=2 maxa=2
B 23 lo=15 supE=-1.0 infE=-2.5 absE=2.5 psi=0.0 Mg=1 MP=0 maxa=0
B 24 lo=16 supE=2.5 infE=-0.5 absE=2.5 psi=5.3 Mg=2 MP=0 maxa=5
B 25 lo=18 supE=1.5 infE=-1.5 absE=1.5 psi=6.9 Mg=1 MP=0 maxa=2
B 26 lo=20 supE=-1.5 infE=-3.5 absE=3.5 psi=0.0 Mg=1 MP=3 maxa=2
B 27 lo=23 supE=2.5 infE=-1.5 absE=2.5 psi=10.9 Mg=1 MP=0 maxa=4
B 28 lo=26 supE=1.5 infE=-2.0 absE=2.0 psi=5.5 Mg=1 MP=2 maxa=3
B 29 lo=29 supE=0.0 infE=-3.0 absE=3.0 psi=5.2 Mg=2 MP=5 maxa=3
B 30 lo=32 supE=4.5 infE=-0.5 absE=4.5 psi=5.6 Mg=3 MP=5 maxa=6
B 31 lo=36 supE=2.5 infE=-3.5 absE=3.5 psi=0.6 Mg=2 MP=4 maxa=3
B 32 lo=40 supE=1.5 infE=-5.0 absE=5.0 psi=16.9 Mg=3 MP=13 maxa=5
B 33 lo=45 supE=6.5 infE=-1.5 absE=6.5 psi=12.9 Mg=5 MP=13 maxa=6
B 34 lo=51 supE=3.5 infE=-1.5 absE=3.5 psi=8.9 Mg=4 MP=7 maxa=4
B 35 lo=57 supE=4.5 infE=-3.0 absE=4.5 psi=17.3 Mg=6 MP=9 maxa=6
B 36 lo=64 supE=9.5 infE=4.0 absE=9.5 psi=15.6 Mg=8 MP=5 maxa=7
B 37 lo=71 supE=6.5 infE=-3.0 absE=6.5 psi=13.8 Mg=5 MP=4 maxa=4
B 38 lo=80 supE=8.5 infE=-3.0 absE=8.5 psi=17.2 Mg=8 MP=9 maxa=10
B 39 lo=90 supE=14.5 infE=2.5 absE=14.5 psi=1.2 Mg=9 MP=9 maxa=9
B 40 lo=100 supE=11.5 infE=-0.5 absE=11.5 psi=10.8 Mg=8 MP=9 maxa=6
B 41 lo=113 supE=15.5 infE=-7.0 absE=15.5 psi=22.8 Mg=9 MP=15 maxa=9
B 42 lo=126 supE=19.5 infE=8.5 absE=19.5 psi=8.2 Mg=10 MP=14 maxa=8
B 43 lo=142 supE=10.5 infE=-6.0 absE=10.5 psi=26.2 Mg=4 MP=8 maxa=6
B 44 lo=159 supE=19.5 infE=0.0 absE=19.5 psi=11.9 Mg=7 MP=9 maxa=15
B 45 lo=178 supE=20.5 infE=4.0 absE=20.5 psi=37.9 Mg=5 MP=7 maxa=12
B 46 lo=200 supE=13.5 infE=-7.5 absE=13.5 psi=61.9 Mg=10 MP=5 maxa=8
B 47 lo=224 supE=37.5 infE=-5.0 absE=37.5 psi=34.4 Mg=14 MP=15 maxa=14
B 48 lo=252 supE=40.5 infE=16.5 absE=40.5 psi=21.9 Mg=13 MP=15 maxa=9
B 49 lo=282 supE=21.5 infE=-3.0 absE=21.5 psi=29.1 Mg=9 MP=11 maxa=12
B 50 lo=317 supE=33.5 infE=7.5 absE=33.5 psi=27.2 Mg=5 MP=8 maxa=20
B 51 lo=355 supE=30.5 infE=2.0 absE=30.5 psi=71.2 Mg=15 MP=7 maxa=15
B 52 lo=399 supE=11.5 infE=-12.0 absE=12.0 psi=83.2 Mg=21 MP=37 maxa=14
B 53 lo=447 supE=65.5 infE=-0.5 absE=65.5 psi=52.2 Mg=11 MP=23 maxa=21
B 54 lo=502 supE=61.5 infE=20.5 absE=61.5 psi=45.0 Mg=9 MP=8 maxa=12
B 55 lo=563 supE=25.5 infE=-9.0 absE=25.5 psi=87.0 Mg=25 MP=27 maxa=18
B 56 lo=631 supE=42.5 infE=8.5 absE=42.5 psi=48.0 Mg=17 MP=15 maxa=25
B 57 lo=708 supE=43.5 infE=-4.0 absE=43.5 psi=129.6 Mg=46 MP=14 maxa=18
B 58 lo=795 supE=40.0 infE=-18.0 absE=40.0 psi=139.6 Mg=47 MP=29 maxa=24
B 59 lo=892 supE=103.5 infE=6.5 absE=103.5 psi=61.4 Mg=14 MP=16 maxa=28
B 60 lo=1000 supE=91.5 infE=6.5 absE=91.5 psi=180.0 Mg=30 MP=18 maxa=15
B 61 lo=1123 supE=48.0 infE=-12.0 absE=48.0 psi=226.0 Mg=43 MP=25 maxa=24
B 62 lo=1259 supE=78.5 infE=23.5 absE=78.5 psi=88.6 Mg=15 MP=47 maxa=30
B 63 lo=1413 supE=60.5 infE=-12.0 absE=60.5 psi=199.0 Mg=51 MP=33 maxa=21
B 64 lo=1585 supE=99.5 infE=-6.5 absE=99.5 psi=156.8 Mg=39 MP=37 maxa=36
B 65 lo=1779 supE=144.5 infE=41.0 absE=144.5 psi=200.9 Mg=24 MP=62 maxa=35
B 66 lo=1996 supE=126.5 infE=-21.0 absE=126.5 psi=377.8 Mg=62 MP=25 maxa=20
B 67 lo=2239 supE=92.5 infE=-18.0 absE=92.5 psi=294.9 Mg=63 MP=88 maxa=27
B 68 lo=2512 supE=158.5 infE=47.0 absE=158.5 psi=224.1 Mg=34 MP=64 maxa=35
B 69 lo=2819 supE=82.5 infE=-23.0 absE=82.5 psi=464.1 Mg=90 MP=28 maxa=28
B 70 lo=3163 supE=126.5 infE=-8.5 absE=126.5 psi=419.6 Mg=62 MP=43 maxa=54
B 71 lo=3549 supE=159.5 infE=43.5 absE=159.5 psi=827.2 Mg=46 MP=45 maxa=45
B 72 lo=3982 supE=111.5 infE=-29.0 absE=111.5 psi=985.8 Mg=140 MP=152 maxa=30
B 73 lo=4467 supE=234.5 infE=-16.5 absE=234.5 psi=524.0 Mg=84 MP=134 maxa=36
B 74 lo=5012 supE=316.5 infE=67.5 absE=316.5 psi=448.0 Mg=60 MP=107 maxa=45
B 75 lo=5624 supE=123.5 infE=-30.0 absE=123.5 psi=806.0 Mg=170 MP=181 maxa=36
B 76 lo=6310 supE=186.0 infE=-15.0 absE=186.0 psi=402.0 Mg=86 MP=127 maxa=72
B 77 lo=7080 supE=190.5 infE=2.5 absE=190.5 psi=1209.7 Mg=177 MP=99 maxa=60
B 78 lo=7944 supE=109.5 infE=-32.5 absE=109.5 psi=1247.7 Mg=215 MP=313 maxa=58
B 79 lo=8913 supE=467.5 infE=-16.5 absE=467.5 psi=474.0 Mg=126 MP=174 maxa=70
B 80 lo=10000 supE=521.5 infE=-18.0 absE=521.5 psi=1572.0 Mg=163 MP=187 maxa=63
B 81 lo=11221 supE=98.5 infE=-30.0 absE=98.5 psi=1447.9 Mg=220 MP=312 maxa=60
B 82 lo=12590 supE=284.5 infE=0.5 absE=284.5 psi=960.7 Mg=149 MP=237 maxa=90
B 83 lo=14126 supE=177.5 infE=-48.0 absE=177.5 psi=2171.5 Mg=321 MP=162 maxa=75
B 84 lo=15849 supE=201.5 infE=-39.0 absE=201.5 psi=1216.3 Mg=220 MP=261 maxa=87
B 85 lo=17783 supE=768.5 infE=-24.0 absE=768.5 psi=1872.8 Mg=149 MP=413 maxa=105
B 86 lo=19953 supE=740.5 infE=-38.0 absE=740.5 psi=3242.8 Mg=309 MP=393 maxa=84
B 87 lo=22388 supE=231.0 infE=-39.5 absE=231.0 psi=2378.0 Mg=232 MP=496 maxa=90
B 88 lo=25119 supE=543.5 infE=134.5 absE=543.5 psi=1954.9 Mg=203 MP=261 maxa=108
B 89 lo=28184 supE=231.5 infE=-38.0 absE=231.5 psi=2780.4 Mg=454 MP=587 maxa=96
B 90 lo=31623 supE=284.5 infE=-34.0 absE=284.5 psi=1279.0 Mg=282 MP=230 maxa=120
B 91 lo=35482 supE=981.0 infE=-20.5 absE=981.0 psi=4939.9 Mg=199 MP=291 maxa=140
B 92 lo=39811 supE=870.5 infE=-45.0 absE=870.5 psi=6341.9 Mg=569 MP=959 maxa=105
B 93 lo=44669 supE=742.5 infE=-27.0 absE=742.5 psi=3978.3 Mg=238 MP=359 maxa=120
B 94 lo=50119 supE=1101.0 infE=125.5 absE=1101.0 psi=5398.5 Mg=287 MP=428 maxa=126
B 95 lo=56235 supE=253.5 infE=-45.0 absE=253.5 psi=5860.5 Mg=686 MP=478 maxa=144
B 96 lo=63096 supE=713.5 infE=-24.0 absE=713.5 psi=4141.8 Mg=263 MP=458 maxa=180
B 97 lo=70795 supE=1074.5 infE=32.5 absE=1074.5 psi=11522.2 Mg=915 MP=499 maxa=175
B 98 lo=79433 supE=267.5 infE=-60.0 absE=267.5 psi=11782.4 Mg=1045 MP=1721 maxa=126
B 99 lo=89126 supE=2065.5 infE=-26.5 absE=2065.5 psi=7912.0 Mg=738 MP=788 maxa=150
B 100 lo=100000 supE=2264.5 infE=-39.0 absE=2264.5 psi=11467.9 Mg=943 MP=619 maxa=168
B 101 lo=112202 supE=628.5 infE=-59.0 absE=628.5 psi=12676.9 Mg=871 MP=1669 maxa=192
B 102 lo=125893 supE=1774.5 infE=322.5 absE=1774.5 psi=11010.9 Mg=373 MP=508 maxa=270
B 103 lo=141254 supE=1216.0 infE=-69.0 absE=1216.0 psi=16731.7 Mg=1470 MP=2408 maxa=240
B 104 lo=158490 supE=791.0 infE=-61.0 absE=791.0 psi=13669.6 Mg=915 MP=2879 maxa=210
B 105 lo=177828 supE=3970.5 infE=-7.5 absE=3970.5 psi=13989.7 Mg=1312 MP=3084 maxa=252
B 106 lo=199527 supE=4171.5 infE=-74.0 absE=4171.5 psi=27131.6 Mg=1607 MP=2312 maxa=252
B 107 lo=223873 supE=2022.5 infE=-57.0 absE=2022.5 psi=28120.8 Mg=950 MP=2475 maxa=210
B 108 lo=251189 supE=4052.5 infE=984.0 absE=4052.5 psi=16936.8 Mg=1163 MP=2370 maxa=360
B 109 lo=281839 supE=1588.0 infE=-87.0 absE=1588.0 psi=27349.8 Mg=2309 MP=2891 maxa=300
B 110 lo=316228 supE=1968.5 infE=-69.0 absE=1968.5 psi=21127.5 Mg=1353 MP=2900 maxa=260
B 111 lo=354814 supE=6056.5 infE=243.0 absE=6056.5 psi=44800.9 Mg=1238 MP=3932 maxa=378
B 112 lo=398108 supE=4908.5 infE=-81.0 absE=4908.5 psi=57210.9 Mg=3237 MP=6098 maxa=336
B 113 lo=446684 supE=5087.5 infE=-78.0 absE=5087.5 psi=46310.0 Mg=1410 MP=4397 maxa=315
B 114 lo=501188 supE=9002.0 infE=588.0 absE=9002.0 psi=44962.7 Mg=3364 MP=3892 maxa=450
B 115 lo=562342 supE=1364.5 infE=-69.0 absE=1364.5 psi=55847.0 Mg=3694 MP=5853 maxa=360
B 116 lo=630958 supE=5210.5 infE=-61.5 absE=5210.5 psi=52444.0 Mg=1067 MP=5382 maxa=432
B 117 lo=707946 supE=7205.5 infE=531.0 absE=7205.5 psi=100626.6 Mg=5722 MP=3961 maxa=504
B 118 lo=794329 supE=882.5 infE=-84.0 absE=882.5 psi=102679.1 Mg=6917 MP=12054 maxa=420
B 119 lo=891251 supE=14958.5 infE=-94.0 absE=14958.5 psi=75270.5 Mg=7108 MP=9858 maxa=450
B 120 lo=1000000 supE=19391.5 infE=-73.5 absE=19391.5 psi=110124.3 Mg=8472 MP=7520 maxa=540
B 121 lo=1122019 supE=1706.0 infE=-117.0 absE=1706.0 psi=114799.7 Mg=5047 MP=9636 maxa=420
B 122 lo=1258926 supE=10027.0 infE=1237.0 absE=10027.0 psi=88283.7 Mg=1802 MP=7832 maxa=648
B 123 lo=1412538 supE=7808.5 infE=-105.0 absE=7808.5 psi=192745.7 Mg=11197 MP=16631 maxa=630
B 124 lo=1584894 supE=1763.0 infE=-116.0 absE=1763.0 psi=146401.2 Mg=7157 MP=19839 maxa=540
B 125 lo=1778280 supE=32884.5 infE=-80.0 absE=32884.5 psi=110370.3 Mg=13356 MP=22277 maxa=600
B 126 lo=1995263 supE=32432.5 infE=-87.0 absE=32432.5 psi=256052.9 Mg=12765 MP=19525 maxa=630
B 127 lo=2238722 supE=4994.5 infE=-99.0 absE=4994.5 psi=246330.2 Mg=6963 MP=19834 maxa=525
B 128 lo=2511887 supE=23086.5 infE=4422.5 absE=23086.5 psi=175754.5 Mg=6022 MP=15456 maxa=864
B 129 lo=2818383 supE=9878.0 infE=-126.0 absE=9878.0 psi=318206.3 Mg=17051 MP=29824 maxa=810
B 130 lo=3162278 supE=7770.5 infE=-111.0 absE=7770.5 psi=281303.4 Mg=10025 MP=20483 maxa=720
B 131 lo=3548134 supE=46029.5 infE=4094.0 absE=46029.5 psi=390812.4 Mg=14337 MP=36593 maxa=750
B 132 lo=3981072 supE=43247.5 infE=-144.0 absE=43247.5 psi=558122.4 Mg=27889 MP=50684 maxa=840
B 133 lo=4466836 supE=29601.5 infE=-123.0 absE=29601.5 psi=432167.4 Mg=8709 MP=34105 maxa=756
B 134 lo=5011873 supE=56981.0 infE=8695.5 absE=56981.0 psi=446831.6 Mg=24277 MP=40857 maxa=1080
B 135 lo=5623414 supE=10357.5 infE=-141.0 absE=10357.5 psi=545047.6 Mg=28529 MP=42439 maxa=1080
B 136 lo=6309574 supE=32084.5 infE=-93.0 absE=32084.5 psi=605727.8 Mg=8851 MP=43523 maxa=1044
B 137 lo=7079458 supE=63341.5 infE=25311.0 absE=63341.5 psi=930801.7 Mg=28895 MP=38651 maxa=1044
B 138 lo=7943283 supE=26064.5 infE=-156.0 absE=26064.5 psi=1022999.7 Mg=50749 MP=115594 maxa=1260
B 139 lo=8912510 supE=107635.5 infE=-99.0 absE=107635.5 psi=828216.0 Mg=53037 MP=95765 maxa=1134
B 140 lo=10000000 supE=127221.5 infE=-156.0 absE=127221.5 psi=1101403.2 Mg=59069 MP=57478 maxa=1296
B 141 lo=11220185 supE=12499.5 infE=-155.0 absE=12499.5 psi=1356799.5 Mg=42619 MP=93782 maxa=1350
B 142 lo=12589255 supE=97728.5 infE=11082.5 absE=97728.5 psi=1212977.0 Mg=33008 MP=63632 maxa=1566
B 143 lo=14125376 supE=91792.5 infE=-174.0 absE=91792.5 psi=1769466.1 Mg=88619 MP=97317 maxa=1392
B 144 lo=15848932 supE=7916.0 infE=-165.0 absE=7916.0 psi=1590734.2 Mg=73056 MP=177692 maxa=1890
B 145 lo=17782795 supE=240355.0 infE=-75.0 absE=240355.0 psi=1104368.0 Mg=96067 MP=210389 maxa=1620
B 146 lo=19952624 supE=236846.5 infE=-174.0 absE=236846.5 psi=2554707.6 Mg=97962 MP=159052 maxa=1620
B 147 lo=22387212 supE=68327.5 infE=-144.0 absE=68327.5 psi=2523260.1 Mg=61153 MP=154681 maxa=1620
B 148 lo=25118865 supE=250702.5 infE=65882.0 absE=250702.5 psi=1642942.8 Mg=96693 MP=170831 maxa=2088
B 149 lo=28183830 supE=172978.5 infE=-195.0 absE=172978.5 psi=3396338.2 Mg=166635 MP=268887 maxa=2160
B 150 lo=31622777 supE=54908.0 infE=-160.0 absE=54908.0 psi=3110959.4 Mg=80983 MP=185330 maxa=2520
B 151 lo=35481339 supE=397525.0 infE=50900.5 absE=397525.0 psi=3461981.6 Mg=132045 MP=310653 maxa=2160
B 152 lo=39810718 supE=356006.5 infE=-189.0 absE=356006.5 psi=5337885.1 Mg=225085 MP=429105 maxa=2160
B 153 lo=44668360 supE=316794.0 infE=-198.0 absE=316794.0 psi=4809515.9 Mg=121667 MP=304013 maxa=1890
B 154 lo=50118724 supE=568609.5 infE=221564.5 absE=568609.5 psi=4247745.9 Mg=244593 MP=329878 maxa=2610
B 155 lo=56234133 supE=223339.5 infE=-204.0 absE=223339.5 psi=6141387.9 Mg=280781 MP=543492 maxa=3240
B 156 lo=63095735 supE=291580.5 infE=-189.0 absE=291580.5 psi=6513825.4 Mg=68280 MP=379525 maxa=3150
B 157 lo=70794579 supE=606418.0 infE=285374.5 absE=606418.0 psi=8466719.4 Mg=191415 MP=390036 maxa=2700
B 158 lo=79432824 supE=339763.5 infE=-201.0 absE=339763.5 psi=9956207.9 Mg=448988 MP=938862 maxa=3045
B 159 lo=89125094 supE=993798.5 infE=-172.5 absE=993798.5 psi=9118324.0 Mg=456851 MP=786524 maxa=2520
B 160 lo=100000000 supE=993396.5 infE=993395.0 absE=993396.5 psi=0.0 Mg=456694 MP=568299 maxa=0
D 0 m0=1 m1=2 m2=1 m3=0 m4+=0 primes=4 summ=4 mean=1.0000 maxm=2 hpp=0
D 1 m0=13 m1=3 m2=0 m3=4 m4+=1 primes=21 summ=20 mean=0.9524 maxm=5 hpp=2
D 2 m0=118 m1=2 m2=2 m3=9 m4+=12 primes=143 summ=126 mean=0.8811 maxm=18 hpp=1
D 3 m0=939 m1=5 m2=6 m3=25 m4+=86 primes=1061 summ=996 mean=0.9387 maxm=30 hpp=3
D 4 m0=7573 m1=23 m2=17 m3=155 m4+=595 primes=8363 summ=8315 mean=0.9943 maxm=56 hpp=3
D 5 m0=64044 m1=63 m2=65 m3=704 m4+=4030 primes=68906 summ=68591 mean=0.9954 maxm=94 hpp=7
D 6 m0=553705 m1=202 m2=220 m3=3636 m4+=28318 primes=586081 summ=585093 mean=0.9983 maxm=156 hpp=15
D 7 m0=4862219 m1=837 m2=830 m3=22077 m4+=210913 primes=5096876 summ=5111985 mean=1.0030 maxm=204 hpp=36
H k=3 th0.30=29.5225 th0.32=24.5589 th0.35=18.6334 th0.40=11.7607
H k=4 th0.30=65.3411 th0.32=51.9044 th0.35=36.7477 th0.40=20.6669
H k=5 th0.30=237.4428 th0.32=180.1378 th0.35=119.0346 th0.40=59.6743
H k=6 th0.30=855.0130 th0.32=619.4040 th0.35=381.9231 th0.40=170.6000
H k=7 th0.30=3956.3862 th0.32=2737.1507 th0.35=1575.0660 th0.40=627.0452
H k=8 th0.30=3954.7807 th0.32=2736.0398 th0.35=1574.4266 th0.40=626.7905
H k=9 th0.30=0.0000 th0.32=0.0000 th0.35=0.0000 th0.40=0.0000
