# gen7o rho=4/5 cap=0 X=1000000000 SQ=31622 nsp=3401
CHK n=10 N=8 denE=-1 denC=0 psi-n=-3.777 Mg=0 MP=-1
CHK n=100 N=80 denE=-1 denC=0 psi-n=-9.356 Mg=1 MP=-3
CHK n=1000 N=801 denE=4 denC=5 psi-n=23.216 Mg=8 MP=-12
CHK n=10000 N=8001 denE=4 denC=5 psi-n=18.921 Mg=7 MP=-10
CHK n=100000 N=80027 denE=134 denC=135 psi-n=-487.469 Mg=-57 MP=172
CHK n=1000000 N=800032 denE=159 denC=160 psi-n=1641.590 Mg=-237 MP=-740
CHK n=10000000 N=7999997 denE=-16 denC=-15 psi-n=13502.132 Mg=1 MP=-10804
CHK n=100000000 N=80000035 denE=174 denC=175 psi-n=52455.637 Mg=-79 MP=1425
CHK n=1000000000 N=799999996 denE=-21 denC=-20 psi-n=-864951.418 Mg=2819 MP=57878
SUM X=1000000000 N=799999996 C(X)=-20/5 supE=5240/5 infE_int=-514/5 infE_real=-518/5 maxa=270@780756247 maxm=104@709617283 psi-X=-864951.418 Mg=2819 MP=57878
B 6 lo=2 supE=0.2 infE=-0.6 absE=0.6 psi=2.0 Mg=1 MP=0 maxa=1
B 9 lo=3 supE=0.4 infE=-0.4 absE=0.4 psi=2.3 Mg=1 MP=1 maxa=1
B 12 lo=4 supE=0.6 infE=-0.2 absE=0.6 psi=2.2 Mg=1 MP=1 maxa=1
B 13 lo=5 supE=-0.2 infE=-1.0 absE=1.0 psi=2.5 Mg=0 MP=1 maxa=0
B 15 lo=6 supE=0.0 infE=-0.8 absE=0.8 psi=0.0 Mg=0 MP=0 maxa=1
B 16 lo=7 supE=0.2 infE=-0.6 absE=0.6 psi=4.5 Mg=0 MP=1 maxa=1
B 18 lo=8 supE=0.4 infE=-0.4 absE=0.4 psi=3.6 Mg=0 MP=1 maxa=1
B 19 lo=9 supE=0.6 infE=-0.2 absE=0.6 psi=3.9 Mg=0 MP=1 maxa=1
B 20 lo=10 supE=0.0 infE=-1.0 absE=1.0 psi=4.8 Mg=0 MP=2 maxa=1
B 21 lo=12 supE=0.2 infE=-0.6 absE=0.6 psi=0.0 Mg=0 MP=2 maxa=1
B 22 lo=13 supE=0.6 infE=-0.4 absE=0.6 psi=4.4 Mg=0 MP=3 maxa=1
B 23 lo=15 supE=-0.2 infE=-1.0 absE=1.0 psi=0.0 Mg=0 MP=2 maxa=0
B 24 lo=16 supE=0.2 infE=-0.8 absE=0.8 psi=5.1 Mg=0 MP=3 maxa=1
B 25 lo=18 supE=0.4 infE=-1.2 absE=1.2 psi=4.3 Mg=1 MP=3 maxa=1
B 26 lo=20 supE=-0.8 infE=-2.0 absE=2.0 psi=0.0 Mg=1 MP=3 maxa=1
B 27 lo=23 supE=0.6 infE=-1.0 absE=1.0 psi=8.3 Mg=0 MP=3 maxa=2
B 28 lo=26 supE=0.4 infE=-0.8 absE=0.8 psi=6.0 Mg=0 MP=2 maxa=1
B 29 lo=29 supE=0.0 infE=-2.0 absE=2.0 psi=8.9 Mg=1 MP=4 maxa=2
B 30 lo=32 supE=0.6 infE=-1.0 absE=1.0 psi=3.1 Mg=0 MP=4 maxa=1
B 31 lo=36 supE=0.2 infE=-1.4 absE=1.4 psi=7.4 Mg=0 MP=3 maxa=1
B 32 lo=40 supE=0.6 infE=-2.0 absE=2.0 psi=7.7 Mg=1 MP=6 maxa=2
B 33 lo=45 supE=1.0 infE=-1.0 absE=1.0 psi=4.6 Mg=1 MP=6 maxa=2
B 34 lo=51 supE=0.6 infE=-1.0 absE=1.0 psi=6.6 Mg=0 MP=4 maxa=1
B 35 lo=57 supE=1.4 infE=-2.4 absE=2.4 psi=8.6 Mg=2 MP=8 maxa=2
B 36 lo=64 supE=1.6 infE=-0.6 absE=1.6 psi=3.4 Mg=2 MP=7 maxa=2
B 37 lo=71 supE=0.6 infE=-1.8 absE=1.8 psi=7.3 Mg=0 MP=6 maxa=1
B 38 lo=80 supE=1.2 infE=-2.0 absE=2.0 psi=7.4 Mg=1 MP=7 maxa=2
B 39 lo=90 supE=1.4 infE=-2.0 absE=2.0 psi=10.9 Mg=1 MP=5 maxa=2
B 40 lo=100 supE=0.6 infE=-2.0 absE=2.0 psi=10.4 Mg=1 MP=6 maxa=1
B 41 lo=113 supE=3.6 infE=-2.8 absE=3.6 psi=8.4 Mg=1 MP=7 maxa=2
B 42 lo=126 supE=3.0 infE=-2.0 absE=3.0 psi=15.1 Mg=1 MP=4 maxa=2
B 43 lo=142 supE=0.4 infE=-3.0 absE=3.0 psi=17.3 Mg=2 MP=9 maxa=2
B 44 lo=159 supE=2.6 infE=-2.0 absE=2.6 psi=8.5 Mg=2 MP=7 maxa=2
B 45 lo=178 supE=3.2 infE=-2.0 absE=3.2 psi=11.8 Mg=2 MP=6 maxa=2
B 46 lo=200 supE=0.4 infE=-4.0 absE=4.0 psi=20.5 Mg=3 MP=7 maxa=4
B 47 lo=224 supE=4.4 infE=-2.6 absE=4.4 psi=11.5 Mg=3 MP=9 maxa=3
B 48 lo=252 supE=3.4 infE=-2.4 absE=3.4 psi=14.3 Mg=3 MP=13 maxa=2
B 49 lo=282 supE=3.4 infE=-2.0 absE=3.4 psi=13.6 Mg=2 MP=14 maxa=2
B 50 lo=317 supE=2.0 infE=-3.0 absE=3.0 psi=20.2 Mg=3 MP=10 maxa=3
B 51 lo=355 supE=5.2 infE=-2.0 absE=5.2 psi=11.8 Mg=3 MP=13 maxa=2
B 52 lo=399 supE=3.2 infE=-3.0 absE=3.2 psi=18.0 Mg=4 MP=15 maxa=4
B 53 lo=447 supE=4.4 infE=-2.8 absE=4.4 psi=37.5 Mg=5 MP=9 maxa=3
B 54 lo=502 supE=5.6 infE=-3.6 absE=5.6 psi=29.1 Mg=4 MP=12 maxa=4
B 55 lo=563 supE=2.2 infE=-3.8 absE=3.8 psi=31.0 Mg=3 MP=15 maxa=4
B 56 lo=631 supE=3.4 infE=-2.0 absE=3.4 psi=24.5 Mg=4 MP=16 maxa=4
B 57 lo=708 supE=4.6 infE=-4.0 absE=4.6 psi=52.3 Mg=6 MP=9 maxa=4
B 58 lo=795 supE=5.0 infE=-3.8 absE=5.0 psi=31.6 Mg=4 MP=5 maxa=4
B 59 lo=892 supE=5.6 infE=-5.4 absE=5.6 psi=39.7 Mg=9 MP=22 maxa=5
B 60 lo=1000 supE=7.6 infE=-3.0 absE=7.6 psi=51.3 Mg=9 MP=13 maxa=4
B 61 lo=1123 supE=3.6 infE=-7.8 absE=7.8 psi=43.3 Mg=7 MP=16 maxa=5
B 62 lo=1259 supE=7.6 infE=-5.6 absE=7.6 psi=50.5 Mg=4 MP=8 maxa=4
B 63 lo=1413 supE=5.6 infE=-5.4 absE=5.6 psi=44.7 Mg=7 MP=28 maxa=5
B 64 lo=1585 supE=7.4 infE=-6.0 absE=7.4 psi=57.8 Mg=10 MP=24 maxa=6
B 65 lo=1779 supE=11.6 infE=-5.0 absE=11.6 psi=74.1 Mg=7 MP=20 maxa=5
B 66 lo=1996 supE=4.4 infE=-6.8 absE=6.8 psi=87.0 Mg=13 MP=41 maxa=6
B 67 lo=2239 supE=11.6 infE=-8.4 absE=11.6 psi=116.6 Mg=16 MP=43 maxa=6
B 68 lo=2512 supE=8.2 infE=-6.0 absE=8.2 psi=77.8 Mg=8 MP=16 maxa=6
B 69 lo=2819 supE=9.6 infE=-8.8 absE=9.6 psi=84.2 Mg=14 MP=13 maxa=8
B 70 lo=3163 supE=14.0 infE=-7.4 absE=14.0 psi=126.2 Mg=19 MP=38 maxa=7
B 71 lo=3549 supE=11.2 infE=-6.6 absE=11.2 psi=159.0 Mg=10 MP=33 maxa=7
B 72 lo=3982 supE=10.2 infE=-7.4 absE=10.2 psi=77.5 Mg=10 MP=41 maxa=6
B 73 lo=4467 supE=11.2 infE=-6.4 absE=11.2 psi=146.7 Mg=29 MP=40 maxa=8
B 74 lo=5012 supE=12.4 infE=-7.0 absE=12.4 psi=95.4 Mg=13 MP=46 maxa=6
B 75 lo=5624 supE=10.2 infE=-8.0 absE=10.2 psi=138.6 Mg=20 MP=62 maxa=8
B 76 lo=6310 supE=21.2 infE=-6.6 absE=21.2 psi=289.7 Mg=37 MP=76 maxa=8
B 77 lo=7080 supE=12.6 infE=-10.0 absE=12.6 psi=229.8 Mg=31 MP=55 maxa=7
B 78 lo=7944 supE=17.6 infE=-6.8 absE=17.6 psi=151.5 Mg=16 MP=59 maxa=8
B 79 lo=8913 supE=19.6 infE=-10.0 absE=19.6 psi=209.7 Mg=23 MP=54 maxa=10
B 80 lo=10000 supE=14.0 infE=-8.6 absE=14.0 psi=260.2 Mg=29 MP=68 maxa=6
B 81 lo=11221 supE=22.4 infE=-11.6 absE=22.4 psi=202.0 Mg=23 MP=53 maxa=12
B 82 lo=12590 supE=19.6 infE=-11.8 absE=19.6 psi=266.6 Mg=32 MP=105 maxa=12
B 83 lo=14126 supE=17.2 infE=-11.6 absE=17.2 psi=243.5 Mg=47 MP=101 maxa=12
B 84 lo=15849 supE=18.6 infE=-9.4 absE=18.6 psi=321.4 Mg=42 MP=90 maxa=8
B 85 lo=17783 supE=26.4 infE=-11.6 absE=26.4 psi=382.4 Mg=46 MP=65 maxa=12
B 86 lo=19953 supE=32.2 infE=-12.6 absE=32.2 psi=415.4 Mg=57 MP=154 maxa=12
B 87 lo=22388 supE=21.4 infE=-12.4 absE=21.4 psi=471.4 Mg=46 MP=109 maxa=12
B 88 lo=25119 supE=20.6 infE=-18.0 absE=20.6 psi=321.1 Mg=28 MP=64 maxa=18
B 89 lo=28184 supE=31.6 infE=-19.0 absE=31.6 psi=277.8 Mg=40 MP=133 maxa=15
B 90 lo=31623 supE=26.4 infE=-11.4 absE=26.4 psi=342.7 Mg=47 MP=157 maxa=11
B 91 lo=35482 supE=34.6 infE=-15.8 absE=34.6 psi=668.3 Mg=55 MP=104 maxa=14
B 92 lo=39811 supE=33.6 infE=-17.6 absE=33.6 psi=528.3 Mg=79 MP=158 maxa=18
B 93 lo=44669 supE=31.2 infE=-14.0 absE=31.2 psi=538.5 Mg=64 MP=241 maxa=14
B 94 lo=50119 supE=47.6 infE=-20.0 absE=47.6 psi=449.3 Mg=62 MP=137 maxa=20
B 95 lo=56235 supE=38.4 infE=-13.6 absE=38.4 psi=695.2 Mg=70 MP=160 maxa=15
B 96 lo=63096 supE=51.0 infE=-14.6 absE=51.0 psi=702.5 Mg=93 MP=206 maxa=16
B 97 lo=70795 supE=44.6 infE=-19.8 absE=44.6 psi=986.3 Mg=88 MP=300 maxa=20
B 98 lo=79433 supE=49.2 infE=-20.6 absE=49.2 psi=816.9 Mg=79 MP=190 maxa=19
B 99 lo=89126 supE=54.2 infE=-16.4 absE=54.2 psi=1013.6 Mg=78 MP=257 maxa=16
B 100 lo=100000 supE=54.6 infE=-19.0 absE=54.6 psi=955.1 Mg=147 MP=259 maxa=20
B 101 lo=112202 supE=56.6 infE=-23.0 absE=56.6 psi=1234.0 Mg=101 MP=468 maxa=21
B 102 lo=125893 supE=80.6 infE=-17.8 absE=80.6 psi=1436.4 Mg=90 MP=257 maxa=18
B 103 lo=141254 supE=80.2 infE=-17.8 absE=80.2 psi=1799.8 Mg=140 MP=509 maxa=20
B 104 lo=158490 supE=66.4 infE=-18.6 absE=66.4 psi=1160.7 Mg=120 MP=319 maxa=20
B 105 lo=177828 supE=83.6 infE=-19.8 absE=83.6 psi=1839.2 Mg=123 MP=478 maxa=20
B 106 lo=199527 supE=76.4 infE=-19.8 absE=76.4 psi=1625.1 Mg=216 MP=469 maxa=20
B 107 lo=223873 supE=80.4 infE=-15.6 absE=80.4 psi=1049.8 Mg=161 MP=548 maxa=21
B 108 lo=251189 supE=77.4 infE=-19.8 absE=77.4 psi=2741.3 Mg=134 MP=519 maxa=24
B 109 lo=281839 supE=79.4 infE=-23.4 absE=79.4 psi=3614.7 Mg=141 MP=990 maxa=24
B 110 lo=316228 supE=71.2 infE=-20.8 absE=71.2 psi=2514.7 Mg=183 MP=739 maxa=24
B 111 lo=354814 supE=120.4 infE=-21.8 absE=120.4 psi=2925.6 Mg=193 MP=580 maxa=24
B 112 lo=398108 supE=131.0 infE=-21.0 absE=131.0 psi=2725.5 Mg=356 MP=775 maxa=24
B 113 lo=446684 supE=84.4 infE=-24.0 absE=84.4 psi=4297.7 Mg=195 MP=978 maxa=24
B 114 lo=501188 supE=82.6 infE=-27.0 absE=82.6 psi=4629.8 Mg=185 MP=1032 maxa=26
B 115 lo=562342 supE=106.6 infE=-25.8 absE=106.6 psi=4602.4 Mg=202 MP=1262 maxa=26
B 116 lo=630958 supE=108.0 infE=-24.0 absE=108.0 psi=3370.6 Mg=240 MP=1041 maxa=36
B 117 lo=707946 supE=118.4 infE=-37.8 absE=118.4 psi=4745.1 Mg=362 MP=1023 maxa=38
B 118 lo=794329 supE=105.4 infE=-34.0 absE=105.4 psi=4980.8 Mg=220 MP=857 maxa=36
B 119 lo=891251 supE=132.8 infE=-23.8 absE=132.8 psi=8411.2 Mg=240 MP=2179 maxa=26
B 120 lo=1000000 supE=115.0 infE=-31.6 absE=115.0 psi=6629.3 Mg=365 MP=1869 maxa=36
B 121 lo=1122019 supE=98.2 infE=-30.8 absE=98.2 psi=8351.9 Mg=320 MP=1776 maxa=36
B 122 lo=1258926 supE=141.4 infE=-29.8 absE=141.4 psi=10651.0 Mg=388 MP=2630 maxa=40
B 123 lo=1412538 supE=133.0 infE=-32.4 absE=133.0 psi=9077.8 Mg=676 MP=2360 maxa=38
B 124 lo=1584894 supE=121.4 infE=-31.0 absE=121.4 psi=12313.8 Mg=444 MP=2171 maxa=40
B 125 lo=1778280 supE=128.2 infE=-30.8 absE=128.2 psi=7565.0 Mg=335 MP=2407 maxa=40
B 126 lo=1995263 supE=150.4 infE=-38.0 absE=150.4 psi=12990.9 Mg=296 MP=3511 maxa=38
B 127 lo=2238722 supE=162.6 infE=-29.0 absE=162.6 psi=10844.8 Mg=574 MP=2703 maxa=48
B 128 lo=2511887 supE=147.0 infE=-37.0 absE=147.0 psi=14884.6 Mg=398 MP=3265 maxa=42
B 129 lo=2818383 supE=211.0 infE=-37.8 absE=211.0 psi=11054.4 Mg=646 MP=4343 maxa=48
B 130 lo=3162278 supE=176.6 infE=-44.0 absE=176.6 psi=17191.5 Mg=474 MP=4935 maxa=48
B 131 lo=3548134 supE=186.0 infE=-32.4 absE=186.0 psi=13518.0 Mg=597 MP=3503 maxa=48
B 132 lo=3981072 supE=207.6 infE=-44.0 absE=207.6 psi=21022.3 Mg=425 MP=5553 maxa=48
B 133 lo=4466836 supE=186.4 infE=-37.6 absE=186.4 psi=24706.3 Mg=825 MP=7321 maxa=48
B 134 lo=5011873 supE=257.6 infE=-37.0 absE=257.6 psi=23977.0 Mg=924 MP=6056 maxa=48
B 135 lo=5623414 supE=228.6 infE=-39.8 absE=228.6 psi=22940.6 Mg=785 MP=4359 maxa=72
B 136 lo=6309574 supE=175.2 infE=-40.0 absE=175.2 psi=27690.6 Mg=860 MP=8463 maxa=54
B 137 lo=7079458 supE=240.0 infE=-38.8 absE=240.0 psi=27392.7 Mg=923 MP=6794 maxa=48
B 138 lo=7943283 supE=265.6 infE=-42.4 absE=265.6 psi=41820.2 Mg=883 MP=9506 maxa=56
B 139 lo=8912510 supE=204.4 infE=-47.0 absE=204.4 psi=38750.2 Mg=1024 MP=10885 maxa=72
B 140 lo=10000000 supE=244.2 infE=-51.4 absE=244.2 psi=29421.4 Mg=1126 MP=11070 maxa=60
B 141 lo=11220185 supE=276.4 infE=-41.0 absE=276.4 psi=32735.1 Mg=1255 MP=9409 maxa=80
B 142 lo=12589255 supE=285.6 infE=-54.4 absE=285.6 psi=37121.5 Mg=1030 MP=10970 maxa=72
B 143 lo=14125376 supE=348.6 infE=-60.0 absE=348.6 psi=54550.8 Mg=1138 MP=17554 maxa=80
B 144 lo=15848932 supE=285.6 infE=-45.4 absE=285.6 psi=69278.9 Mg=1524 MP=13871 maxa=76
B 145 lo=17782795 supE=301.6 infE=-49.8 absE=301.6 psi=60187.1 Mg=1220 MP=13203 maxa=76
B 146 lo=19952624 supE=344.6 infE=-48.0 absE=344.6 psi=30896.9 Mg=1856 MP=15619 maxa=72
B 147 lo=22387212 supE=328.0 infE=-52.6 absE=328.0 psi=49880.2 Mg=2194 MP=20765 maxa=84
B 148 lo=25118865 supE=326.4 infE=-54.8 absE=326.4 psi=55208.5 Mg=2300 MP=19617 maxa=90
B 149 lo=28183830 supE=331.0 infE=-49.4 absE=331.0 psi=76109.1 Mg=1587 MP=21543 maxa=80
B 150 lo=31622777 supE=414.6 infE=-63.0 absE=414.6 psi=60131.9 Mg=2419 MP=24302 maxa=90
B 151 lo=35481339 supE=313.4 infE=-49.0 absE=313.4 psi=109028.2 Mg=1580 MP=22651 maxa=96
B 152 lo=39810718 supE=481.2 infE=-52.0 absE=481.2 psi=76799.4 Mg=1367 MP=16743 maxa=96
B 153 lo=44668360 supE=444.4 infE=-59.8 absE=444.4 psi=83403.7 Mg=2233 MP=30794 maxa=108
B 154 lo=50118724 supE=466.4 infE=-62.0 absE=466.4 psi=117428.4 Mg=3110 MP=29381 maxa=100
B 155 lo=56234133 supE=441.6 infE=-61.8 absE=441.6 psi=114457.3 Mg=2237 MP=36263 maxa=108
B 156 lo=63095735 supE=454.6 infE=-64.0 absE=454.6 psi=98228.7 Mg=3322 MP=26769 maxa=108
B 157 lo=70794579 supE=534.6 infE=-67.0 absE=534.6 psi=102429.7 Mg=3747 MP=27171 maxa=108
B 158 lo=79432824 supE=473.0 infE=-63.8 absE=473.0 psi=116871.1 Mg=2549 MP=37358 maxa=144
B 159 lo=89125094 supE=446.2 infE=-78.0 absE=446.2 psi=137087.9 Mg=3325 MP=35139 maxa=126
B 160 lo=100000000 supE=489.2 infE=-63.6 absE=489.2 psi=147678.5 Mg=3924 MP=53639 maxa=126
B 161 lo=112201846 supE=515.4 infE=-69.4 absE=515.4 psi=192068.0 Mg=3463 MP=46111 maxa=120
B 162 lo=125892542 supE=562.0 infE=-73.0 absE=562.0 psi=149845.2 Mg=3067 MP=46384 maxa=144
B 163 lo=141253755 supE=575.2 infE=-68.8 absE=575.2 psi=213930.4 Mg=5237 MP=53460 maxa=152
B 164 lo=158489320 supE=550.6 infE=-70.0 absE=550.6 psi=173304.3 Mg=6066 MP=49681 maxa=160
B 165 lo=177827942 supE=515.0 infE=-71.6 absE=515.0 psi=279681.8 Mg=5713 MP=51329 maxa=144
B 166 lo=199526232 supE=658.6 infE=-68.4 absE=658.6 psi=233140.1 Mg=4632 MP=59643 maxa=144
B 167 lo=223872114 supE=713.6 infE=-93.6 absE=713.6 psi=321297.8 Mg=5397 MP=83555 maxa=160
B 168 lo=251188644 supE=649.2 infE=-68.4 absE=649.2 psi=313677.9 Mg=5439 MP=83895 maxa=180
B 169 lo=281838294 supE=582.4 infE=-91.4 absE=582.4 psi=390558.0 Mg=5826 MP=85461 maxa=152
B 170 lo=316227767 supE=601.6 infE=-71.4 absE=601.6 psi=479539.4 Mg=8229 MP=93236 maxa=216
B 171 lo=354813390 supE=715.6 infE=-81.4 absE=715.6 psi=362633.1 Mg=8012 MP=65852 maxa=216
B 172 lo=398107171 supE=722.6 infE=-82.6 absE=722.6 psi=516282.9 Mg=5453 MP=120011 maxa=216
B 173 lo=446683593 supE=694.6 infE=-78.0 absE=694.6 psi=577684.9 Mg=7782 MP=115622 maxa=216
B 174 lo=501187234 supE=809.6 infE=-89.0 absE=809.6 psi=630048.8 Mg=8209 MP=130169 maxa=216
B 175 lo=562341326 supE=727.6 infE=-78.6 absE=727.6 psi=663346.6 Mg=7308 MP=125386 maxa=216
B 176 lo=630957345 supE=1048.0 infE=-93.4 absE=1048.0 psi=793375.2 Mg=8951 MP=178410 maxa=240
B 177 lo=707945785 supE=963.6 infE=-103.6 absE=963.6 psi=833271.3 Mg=11607 MP=187502 maxa=270
B 178 lo=794328235 supE=888.6 infE=-88.6 absE=888.6 psi=794250.6 Mg=9951 MP=178391 maxa=240
B 179 lo=891250939 supE=997.4 infE=-92.8 absE=997.4 psi=1032251.0 Mg=11265 MP=204483 maxa=240
B 180 lo=1000000000 supE=-4.2 infE=-5.0 absE=5.0 psi=0.0 Mg=2819 MP=57878 maxa=2
D 0 m0=1 m1=3 m2=0 m3=0 m4+=0 primes=4 summ=3 mean=0.7500 maxm=1 hpp=0
D 1 m0=6 m1=10 m2=5 m3=0 m4+=0 primes=21 summ=20 mean=0.9524 maxm=2 hpp=1
D 2 m0=73 m1=27 m2=25 m3=9 m4+=9 primes=143 summ=141 mean=0.9860 maxm=5 hpp=5
D 3 m0=646 m1=124 m2=123 m3=78 m4+=90 primes=1061 summ=1053 mean=0.9925 maxm=10 hpp=4
D 4 m0=5782 m1=617 m2=660 m3=435 m4+=869 primes=8363 summ=8270 mean=0.9889 maxm=20 hpp=15
D 5 m0=52214 m1=3101 m2=3375 m3=2557 m4+=7659 primes=68906 summ=69018 mean=1.0016 maxm=38 hpp=17
D 6 m0=472205 m1=16563 m2=18737 m3=15447 m4+=63129 primes=586081 summ=586562 mean=1.0008 maxm=47 hpp=57
D 7 m0=4277078 m1=96453 m2=113702 m3=95023 m4+=514620 primes=5096876 summ=5098320 mean=1.0003 maxm=78 hpp=116
D 8 m0=39001219 m1=584961 m2=711811 m3=612808 m4+=4175280 primes=45086079 summ=45039435 mean=0.9990 maxm=104 hpp=269
H k=3 th0.30=1.5336 th0.32=1.2864 th0.35=0.9884 th0.40=0.6370
H k=4 th0.30=1.8563 th0.32=1.4880 th0.35=1.0679 th0.40=0.6144
H k=5 th0.30=2.6976 th0.32=2.0822 th0.35=1.4120 th0.40=0.7390
H k=6 th0.30=2.4518 th0.32=1.7977 th0.35=1.1286 th0.40=0.5310
H k=7 th0.30=2.4651 th0.32=1.7427 th0.35=1.0604 th0.40=0.4633
H k=8 th0.30=2.3394 th0.32=1.5572 th0.35=0.8457 th0.40=0.3190
H k=9 th0.30=0.0080 th0.32=0.0053 th0.35=0.0028 th0.40=0.0010
