# gen7o rho=5/4 cap=0 X=1000000000 SQ=31622 nsp=3401
CHK n=10 N=14 denE=7 denC=6 psi-n=0.029 Mg=3 MP=0
CHK n=100 N=123 denE=-7 denC=-8 psi-n=2.094 Mg=0 MP=-6
CHK n=1000 N=1260 denE=41 denC=40 psi-n=-32.791 Mg=-4 MP=-18
CHK n=10000 N=12533 denE=133 denC=132 psi-n=-13.274 Mg=-20 MP=-118
CHK n=100000 N=125140 denE=561 denC=560 psi-n=-1065.197 Mg=40 MP=498
CHK n=1000000 N=1249986 denE=-55 denC=-56 psi-n=7422.268 Mg=-228 MP=3215
CHK n=10000000 N=12500030 denE=121 denC=120 psi-n=96047.694 Mg=-914 MP=-29691
CHK n=100000000 N=125001385 denE=5541 denC=5540 psi-n=-1437559.816 Mg=678 MP=-15943
CHK n=1000000000 N=1250000116 denE=465 denC=464 psi-n=2046301.373 Mg=19367 MP=2114661
SUM X=1000000000 N=1250000116 C(X)=464/4 supE=92013/4 infE_int=-871/4 infE_real=-876/4 maxa=1827@914148783 maxm=219@713677417 psi-X=2046301.373 Mg=19367 MP=2114661
B 6 lo=2 supE=-0.2 infE=-1.5 absE=1.5 psi=2.0 Mg=1 MP=0 maxa=1
B 9 lo=3 supE=0.5 infE=-0.8 absE=0.8 psi=2.3 Mg=2 MP=2 maxa=2
B 12 lo=4 supE=0.2 infE=-1.0 absE=1.0 psi=1.1 Mg=2 MP=2 maxa=1
B 13 lo=5 supE=0.0 infE=-1.2 absE=1.2 psi=1.4 Mg=2 MP=3 maxa=1
B 15 lo=6 supE=0.8 infE=-0.5 absE=0.8 psi=0.0 Mg=2 MP=1 maxa=2
B 16 lo=7 supE=0.5 infE=-0.8 absE=0.8 psi=1.8 Mg=2 MP=2 maxa=1
B 18 lo=8 supE=0.2 infE=-1.0 absE=1.0 psi=0.9 Mg=2 MP=2 maxa=1
B 19 lo=9 supE=2.0 infE=0.8 absE=2.0 psi=1.2 Mg=3 MP=1 maxa=3
B 20 lo=10 supE=1.8 infE=-0.8 absE=1.8 psi=1.0 Mg=3 MP=0 maxa=1
B 21 lo=12 supE=1.2 infE=0.0 absE=1.2 psi=0.0 Mg=2 MP=0 maxa=2
B 22 lo=13 supE=0.0 infE=-1.5 absE=1.5 psi=3.0 Mg=1 MP=1 maxa=1
B 23 lo=15 supE=0.5 infE=-0.8 absE=0.8 psi=0.0 Mg=1 MP=3 maxa=2
B 24 lo=16 supE=0.2 infE=-1.2 absE=1.2 psi=6.3 Mg=1 MP=3 maxa=1
B 25 lo=18 supE=1.8 infE=-0.8 absE=1.8 psi=5.4 Mg=1 MP=1 maxa=3
B 26 lo=20 supE=1.0 infE=-1.5 absE=1.5 psi=0.0 Mg=0 MP=3 maxa=2
B 27 lo=23 supE=1.2 infE=-0.8 absE=1.2 psi=9.4 Mg=1 MP=1 maxa=2
B 28 lo=26 supE=2.5 infE=-1.5 absE=2.5 psi=5.6 Mg=2 MP=1 maxa=4
B 29 lo=29 supE=1.8 infE=-0.8 absE=1.8 psi=7.4 Mg=1 MP=1 maxa=2
B 30 lo=32 supE=0.2 infE=-2.8 absE=2.8 psi=8.4 Mg=1 MP=1 maxa=1
B 31 lo=36 supE=0.2 infE=-3.8 absE=3.8 psi=12.7 Mg=2 MP=1 maxa=3
B 32 lo=40 supE=0.8 infE=-4.0 absE=4.0 psi=13.1 Mg=2 MP=7 maxa=4
B 33 lo=45 supE=1.8 infE=-0.8 absE=1.8 psi=2.4 Mg=1 MP=8 maxa=3
B 34 lo=51 supE=2.8 infE=-1.2 absE=2.8 psi=4.5 Mg=0 MP=5 maxa=4
B 35 lo=57 supE=1.2 infE=-2.5 absE=2.5 psi=6.5 Mg=1 MP=9 maxa=3
B 36 lo=64 supE=3.0 infE=-3.5 absE=3.5 psi=15.2 Mg=4 MP=13 maxa=4
B 37 lo=71 supE=3.2 infE=-2.5 absE=3.2 psi=16.3 Mg=4 MP=12 maxa=3
B 38 lo=80 supE=6.8 infE=-1.0 absE=6.8 psi=16.5 Mg=5 MP=12 maxa=5
B 39 lo=90 supE=3.8 infE=-2.8 absE=3.8 psi=5.1 Mg=2 MP=6 maxa=3
B 40 lo=100 supE=3.2 infE=-3.0 absE=3.2 psi=22.9 Mg=3 MP=15 maxa=4
B 41 lo=113 supE=5.5 infE=-4.2 absE=5.5 psi=18.5 Mg=5 MP=13 maxa=8
B 42 lo=126 supE=6.8 infE=-1.2 absE=6.8 psi=14.1 Mg=5 MP=6 maxa=4
B 43 lo=142 supE=3.2 infE=-4.0 absE=4.0 psi=10.2 Mg=3 MP=4 maxa=4
B 44 lo=159 supE=8.2 infE=-3.0 absE=8.2 psi=5.9 Mg=3 MP=8 maxa=6
B 45 lo=178 supE=2.2 infE=-6.0 absE=6.0 psi=26.0 Mg=5 MP=9 maxa=5
B 46 lo=200 supE=15.5 infE=-1.0 absE=15.5 psi=14.0 Mg=10 MP=18 maxa=8
B 47 lo=224 supE=13.8 infE=-2.8 absE=13.8 psi=23.8 Mg=6 MP=21 maxa=8
B 48 lo=252 supE=10.2 infE=-4.0 absE=10.2 psi=49.1 Mg=5 MP=13 maxa=4
B 49 lo=282 supE=6.2 infE=-4.5 absE=6.2 psi=26.9 Mg=2 MP=22 maxa=6
B 50 lo=317 supE=10.2 infE=-4.0 absE=10.2 psi=36.8 Mg=3 MP=25 maxa=6
B 51 lo=355 supE=12.0 infE=-2.5 absE=12.0 psi=37.8 Mg=7 MP=20 maxa=12
B 52 lo=399 supE=19.8 infE=-2.5 absE=19.8 psi=79.8 Mg=7 MP=20 maxa=8
B 53 lo=447 supE=18.2 infE=-5.0 absE=18.2 psi=71.5 Mg=7 MP=9 maxa=8
B 54 lo=502 supE=9.0 infE=-5.8 absE=9.0 psi=44.8 Mg=5 MP=10 maxa=9
B 55 lo=563 supE=27.8 infE=-3.2 absE=27.8 psi=29.2 Mg=9 MP=13 maxa=12
B 56 lo=631 supE=28.2 infE=-7.0 absE=28.2 psi=87.1 Mg=9 MP=19 maxa=6
B 57 lo=708 supE=13.8 infE=-6.0 absE=13.8 psi=82.8 Mg=15 MP=22 maxa=12
B 58 lo=795 supE=7.5 infE=-7.8 absE=7.8 psi=39.8 Mg=13 MP=43 maxa=8
B 59 lo=892 supE=23.5 infE=-7.2 absE=23.5 psi=46.5 Mg=9 MP=46 maxa=9
B 60 lo=1000 supE=20.5 infE=-7.2 absE=20.5 psi=70.5 Mg=12 MP=29 maxa=16
B 61 lo=1123 supE=17.2 infE=-5.2 absE=17.2 psi=127.1 Mg=28 MP=38 maxa=12
B 62 lo=1259 supE=22.5 infE=-12.0 absE=22.5 psi=179.7 Mg=33 MP=84 maxa=12
B 63 lo=1413 supE=40.8 infE=-9.0 absE=40.8 psi=125.7 Mg=14 MP=49 maxa=12
B 64 lo=1585 supE=27.2 infE=-5.0 absE=27.2 psi=81.0 Mg=11 MP=19 maxa=15
B 65 lo=1779 supE=30.8 infE=-15.5 absE=30.8 psi=241.7 Mg=36 MP=35 maxa=16
B 66 lo=1996 supE=20.0 infE=-13.0 absE=20.0 psi=159.2 Mg=16 MP=54 maxa=16
B 67 lo=2239 supE=22.8 infE=-8.5 absE=22.8 psi=205.5 Mg=15 MP=61 maxa=12
B 68 lo=2512 supE=39.0 infE=-5.0 absE=39.0 psi=142.4 Mg=15 MP=92 maxa=16
B 69 lo=2819 supE=65.5 infE=-15.8 absE=65.5 psi=276.3 Mg=32 MP=81 maxa=16
B 70 lo=3163 supE=37.0 infE=-13.0 absE=37.0 psi=180.2 Mg=25 MP=34 maxa=20
B 71 lo=3549 supE=47.0 infE=-14.0 absE=47.0 psi=353.5 Mg=36 MP=87 maxa=24
B 72 lo=3982 supE=104.2 infE=17.5 absE=104.2 psi=270.2 Mg=37 MP=129 maxa=16
B 73 lo=4467 supE=37.2 infE=-13.5 absE=37.2 psi=435.2 Mg=32 MP=162 maxa=16
B 74 lo=5012 supE=45.0 infE=-15.5 absE=45.0 psi=446.2 Mg=32 MP=92 maxa=20
B 75 lo=5624 supE=40.0 infE=-23.2 absE=40.0 psi=463.4 Mg=47 MP=129 maxa=22
B 76 lo=6310 supE=45.2 infE=-24.0 absE=45.2 psi=343.1 Mg=41 MP=146 maxa=21
B 77 lo=7080 supE=50.2 infE=-14.0 absE=50.2 psi=487.4 Mg=45 MP=164 maxa=24
B 78 lo=7944 supE=72.2 infE=-16.5 absE=72.2 psi=1140.8 Mg=73 MP=135 maxa=32
B 79 lo=8913 supE=61.0 infE=-24.5 absE=61.0 psi=274.6 Mg=44 MP=167 maxa=26
B 80 lo=10000 supE=73.8 infE=-20.5 absE=73.8 psi=408.3 Mg=53 MP=127 maxa=26
B 81 lo=11221 supE=133.2 infE=-13.5 absE=133.2 psi=851.0 Mg=38 MP=187 maxa=36
B 82 lo=12590 supE=89.8 infE=-24.5 absE=89.8 psi=1253.6 Mg=59 MP=328 maxa=26
B 83 lo=14126 supE=76.0 infE=-29.0 absE=76.0 psi=629.6 Mg=76 MP=318 maxa=32
B 84 lo=15849 supE=107.5 infE=-20.5 absE=107.5 psi=1435.3 Mg=66 MP=356 maxa=34
B 85 lo=17783 supE=124.5 infE=4.8 absE=124.5 psi=1190.5 Mg=87 MP=108 maxa=33
B 86 lo=19953 supE=109.0 infE=-22.0 absE=109.0 psi=1220.5 Mg=96 MP=230 maxa=42
B 87 lo=22388 supE=82.5 infE=-33.0 absE=82.5 psi=1147.5 Mg=112 MP=406 maxa=48
B 88 lo=25119 supE=117.5 infE=-20.5 absE=117.5 psi=1945.9 Mg=123 MP=640 maxa=50
B 89 lo=28184 supE=192.2 infE=-19.5 absE=192.2 psi=1651.5 Mg=100 MP=295 maxa=42
B 90 lo=31623 supE=209.8 infE=-22.5 absE=209.8 psi=1399.8 Mg=101 MP=224 maxa=48
B 91 lo=35482 supE=159.8 infE=-23.2 absE=159.8 psi=2386.5 Mg=153 MP=405 maxa=40
B 92 lo=39811 supE=156.2 infE=-40.0 absE=156.2 psi=2445.7 Mg=187 MP=422 maxa=58
B 93 lo=44669 supE=184.5 infE=-22.5 absE=184.5 psi=1707.7 Mg=122 MP=408 maxa=48
B 94 lo=50119 supE=292.2 infE=-17.0 absE=292.2 psi=2295.7 Mg=70 MP=789 maxa=51
B 95 lo=56235 supE=270.2 infE=-29.2 absE=270.2 psi=3523.2 Mg=188 MP=820 maxa=63
B 96 lo=63096 supE=190.5 infE=-26.0 absE=190.5 psi=2246.5 Mg=196 MP=378 maxa=60
B 97 lo=70795 supE=173.2 infE=-22.0 absE=173.2 psi=2891.2 Mg=184 MP=797 maxa=66
B 98 lo=79433 supE=332.5 infE=-21.5 absE=332.5 psi=3906.6 Mg=219 MP=1199 maxa=75
B 99 lo=89126 supE=266.2 infE=-27.5 absE=266.2 psi=5306.6 Mg=219 MP=1034 maxa=63
B 100 lo=100000 supE=203.5 infE=-46.5 absE=203.5 psi=6103.6 Mg=398 MP=997 maxa=60
B 101 lo=112202 supE=333.5 infE=-29.5 absE=333.5 psi=4560.5 Mg=292 MP=956 maxa=75
B 102 lo=125893 supE=505.5 infE=-53.0 absE=505.5 psi=5225.2 Mg=324 MP=1115 maxa=87
B 103 lo=141254 supE=274.8 infE=-27.5 absE=274.8 psi=8054.3 Mg=366 MP=889 maxa=96
B 104 lo=158490 supE=336.5 infE=-42.0 absE=336.5 psi=8414.3 Mg=378 MP=1523 maxa=75
B 105 lo=177828 supE=301.5 infE=-61.8 absE=301.5 psi=8650.6 Mg=363 MP=2028 maxa=84
B 106 lo=199527 supE=581.2 infE=-50.5 absE=581.2 psi=5367.7 Mg=377 MP=1273 maxa=99
B 107 lo=223873 supE=419.8 infE=-34.5 absE=419.8 psi=7103.5 Mg=417 MP=1082 maxa=100
B 108 lo=251189 supE=700.5 infE=-43.5 absE=700.5 psi=15961.9 Mg=734 MP=2226 maxa=96
B 109 lo=281839 supE=433.8 infE=-53.5 absE=433.8 psi=6401.4 Mg=541 MP=2971 maxa=96
B 110 lo=316228 supE=711.8 infE=-42.5 absE=711.8 psi=12696.9 Mg=405 MP=3398 maxa=94
B 111 lo=354814 supE=796.5 infE=-53.5 absE=796.5 psi=14582.4 Mg=547 MP=2390 maxa=120
B 112 lo=398108 supE=634.2 infE=-59.0 absE=634.2 psi=20762.4 Mg=1006 MP=2833 maxa=104
B 113 lo=446684 supE=502.0 infE=-52.0 absE=502.0 psi=5730.4 Mg=917 MP=3404 maxa=144
B 114 lo=501188 supE=361.2 infE=-48.0 absE=361.2 psi=23528.4 Mg=751 MP=4207 maxa=100
B 115 lo=562342 supE=1095.8 infE=-47.2 absE=1095.8 psi=22179.5 Mg=759 MP=4520 maxa=116
B 116 lo=630958 supE=969.0 infE=-48.2 absE=969.0 psi=19558.7 Mg=1406 MP=5268 maxa=132
B 117 lo=707946 supE=782.2 infE=-52.0 absE=782.2 psi=25381.7 Mg=1211 MP=5612 maxa=144
B 118 lo=794329 supE=783.2 infE=-51.0 absE=783.2 psi=29449.0 Mg=854 MP=6224 maxa=168
B 119 lo=891251 supE=962.8 infE=-60.0 absE=962.8 psi=19576.1 Mg=1325 MP=5930 maxa=144
B 120 lo=1000000 supE=1006.5 infE=-66.5 absE=1006.5 psi=30555.0 Mg=722 MP=9422 maxa=200
B 121 lo=1122019 supE=1232.5 infE=-89.5 absE=1232.5 psi=52759.1 Mg=1073 MP=4888 maxa=160
B 122 lo=1258926 supE=904.8 infE=-86.5 absE=904.8 psi=47648.2 Mg=1616 MP=8426 maxa=168
B 123 lo=1412538 supE=955.2 infE=-69.2 absE=955.2 psi=42220.2 Mg=1366 MP=6888 maxa=192
B 124 lo=1584894 supE=1273.0 infE=-51.2 absE=1273.0 psi=70405.7 Mg=1403 MP=13545 maxa=200
B 125 lo=1778280 supE=1060.5 infE=-72.0 absE=1060.5 psi=70336.1 Mg=1669 MP=6707 maxa=232
B 126 lo=1995263 supE=1013.2 infE=-62.0 absE=1013.2 psi=24062.1 Mg=1503 MP=9931 maxa=204
B 127 lo=2238722 supE=1520.0 infE=-95.0 absE=1520.0 psi=78908.5 Mg=2332 MP=16501 maxa=192
B 128 lo=2511887 supE=2086.2 infE=-78.0 absE=2086.2 psi=78232.9 Mg=2245 MP=20194 maxa=252
B 129 lo=2818383 supE=1345.8 infE=-70.0 absE=1345.8 psi=67958.0 Mg=1492 MP=9287 maxa=264
B 130 lo=3162278 supE=1142.5 infE=-87.5 absE=1142.5 psi=83131.2 Mg=2610 MP=24339 maxa=300
B 131 lo=3548134 supE=2419.5 infE=-109.0 absE=2419.5 psi=146782.8 Mg=1840 MP=24312 maxa=252
B 132 lo=3981072 supE=2121.5 infE=-79.0 absE=2121.5 psi=63305.2 Mg=2307 MP=15084 maxa=252
B 133 lo=4466836 supE=2484.8 infE=-85.0 absE=2484.8 psi=161670.5 Mg=2345 MP=21075 maxa=300
B 134 lo=5011873 supE=1177.8 infE=-85.5 absE=1177.8 psi=139185.9 Mg=2926 MP=28486 maxa=348
B 135 lo=5623414 supE=1406.2 infE=-136.5 absE=1406.2 psi=132963.7 Mg=2697 MP=29281 maxa=264
B 136 lo=6309574 supE=1850.0 infE=-106.0 absE=1850.0 psi=156334.1 Mg=2832 MP=23317 maxa=300
B 137 lo=7079458 supE=2510.0 infE=-93.2 absE=2510.0 psi=282984.7 Mg=5001 MP=46320 maxa=336
B 138 lo=7943283 supE=1845.5 infE=-84.5 absE=1845.5 psi=293958.7 Mg=5990 MP=29647 maxa=348
B 139 lo=8912510 supE=3019.2 infE=-88.0 absE=3019.2 psi=151596.4 Mg=3284 MP=38067 maxa=400
B 140 lo=10000000 supE=2216.5 infE=-103.2 absE=2216.5 psi=239821.4 Mg=2759 MP=32219 maxa=384
B 141 lo=11220185 supE=2832.5 infE=-84.0 absE=2832.5 psi=243832.9 Mg=4549 MP=68864 maxa=336
B 142 lo=12589255 supE=2822.8 infE=-97.0 absE=2822.8 psi=204217.9 Mg=3790 MP=37917 maxa=376
B 143 lo=14125376 supE=2099.8 infE=-104.0 absE=2099.8 psi=230403.4 Mg=6004 MP=72373 maxa=424
B 144 lo=15848932 supE=3085.2 infE=-92.5 absE=3085.2 psi=421013.7 Mg=5319 MP=68927 maxa=480
B 145 lo=17782795 supE=3612.8 infE=-110.0 absE=3612.8 psi=201496.1 Mg=6377 MP=75722 maxa=400
B 146 lo=19952624 supE=3854.8 infE=-122.0 absE=3854.8 psi=394350.3 Mg=4431 MP=79454 maxa=408
B 147 lo=22387212 supE=2933.8 infE=-113.2 absE=2933.8 psi=514413.9 Mg=7273 MP=93545 maxa=420
B 148 lo=25118865 supE=3092.0 infE=-117.2 absE=3092.0 psi=437813.4 Mg=4586 MP=91557 maxa=528
B 149 lo=28183830 supE=4193.2 infE=-121.5 absE=4193.2 psi=429924.6 Mg=6866 MP=94687 maxa=576
B 150 lo=31622777 supE=5000.0 infE=-146.0 absE=5000.0 psi=740861.6 Mg=7306 MP=147659 maxa=600
B 151 lo=35481339 supE=3901.2 infE=-109.5 absE=3901.2 psi=710817.5 Mg=8941 MP=146349 maxa=564
B 152 lo=39810718 supE=4600.0 infE=-115.5 absE=4600.0 psi=570445.7 Mg=6754 MP=125865 maxa=528
B 153 lo=44668360 supE=4149.2 infE=-113.8 absE=4149.2 psi=800812.5 Mg=9196 MP=122205 maxa=640
B 154 lo=50118724 supE=7519.2 infE=-124.0 absE=7519.2 psi=886757.3 Mg=7403 MP=181749 maxa=696
B 155 lo=56234133 supE=4567.8 infE=-119.5 absE=4567.8 psi=765472.5 Mg=10480 MP=130105 maxa=672
B 156 lo=63095735 supE=5245.8 infE=-137.5 absE=5245.8 psi=742540.3 Mg=7230 MP=269893 maxa=612
B 157 lo=70794579 supE=5025.8 infE=-128.0 absE=5025.8 psi=1615948.2 Mg=7013 MP=226830 maxa=800
B 158 lo=79432824 supE=6959.8 infE=-151.5 absE=6959.8 psi=891190.6 Mg=11784 MP=277022 maxa=756
B 159 lo=89125094 supE=6840.5 infE=-147.5 absE=6840.5 psi=1437548.8 Mg=12931 MP=216276 maxa=792
B 160 lo=100000000 supE=8264.8 infE=-159.0 absE=8264.8 psi=1508847.8 Mg=13935 MP=371380 maxa=900
B 161 lo=112201846 supE=7025.2 infE=-191.0 absE=7025.2 psi=1895969.3 Mg=12452 MP=381891 maxa=928
B 162 lo=125892542 supE=7640.8 infE=-141.2 absE=7640.8 psi=1014981.6 Mg=11073 MP=327555 maxa=848
B 163 lo=141253755 supE=8666.2 infE=-147.8 absE=8666.2 psi=2680123.9 Mg=17023 MP=485025 maxa=900
B 164 lo=158489320 supE=7191.5 infE=-144.0 absE=7191.5 psi=2334506.3 Mg=13273 MP=493482 maxa=1044
B 165 lo=177827942 supE=8855.5 infE=-178.0 absE=8855.5 psi=1892326.7 Mg=15813 MP=500085 maxa=1050
B 166 lo=199526232 supE=8823.8 infE=-166.5 absE=8823.8 psi=2542215.3 Mg=18946 MP=555451 maxa=1200
B 167 lo=223872114 supE=8866.0 infE=-175.0 absE=8866.0 psi=3436889.6 Mg=19578 MP=712484 maxa=1008
B 168 lo=251188644 supE=8192.0 infE=-157.0 absE=8192.0 psi=3588480.2 Mg=20278 MP=562444 maxa=1188
B 169 lo=281838294 supE=11445.5 infE=-174.0 absE=11445.5 psi=2848921.5 Mg=22772 MP=818663 maxa=1218
B 170 lo=316227767 supE=13663.5 infE=-194.0 absE=13663.5 psi=5439349.9 Mg=25328 MP=819228 maxa=1200
B 171 lo=354813390 supE=17723.2 infE=-180.0 absE=17723.2 psi=3915461.7 Mg=22093 MP=936862 maxa=1450
B 172 lo=398107171 supE=11797.5 infE=-173.5 absE=11797.5 psi=4934853.0 Mg=25711 MP=644106 maxa=1200
B 173 lo=446683593 supE=14377.0 infE=-201.0 absE=14377.0 psi=5088059.8 Mg=27041 MP=1343541 maxa=1275
B 174 lo=501187234 supE=16280.5 infE=-190.5 absE=16280.5 psi=6221218.1 Mg=33925 MP=1352236 maxa=1575
B 175 lo=562341326 supE=17241.2 infE=-165.0 absE=17241.2 psi=3109457.1 Mg=32847 MP=1148021 maxa=1584
B 176 lo=630957345 supE=14435.5 infE=-210.0 absE=14435.5 psi=10453256.2 Mg=45230 MP=1581017 maxa=1650
B 177 lo=707945785 supE=13777.0 infE=-219.0 absE=13777.0 psi=7519715.8 Mg=38441 MP=2244242 maxa=1479
B 178 lo=794328235 supE=20641.8 infE=-174.5 absE=20641.8 psi=7029223.9 Mg=37364 MP=1793244 maxa=1584
B 179 lo=891250939 supE=23003.2 infE=-204.0 absE=23003.2 psi=8576240.3 Mg=42723 MP=2115467 maxa=1827
B 180 lo=1000000000 supE=116.2 infE=115.0 absE=116.2 psi=0.0 Mg=19367 MP=2114661 maxa=5
D 0 m0=0 m1=3 m2=1 m3=0 m4+=0 primes=4 summ=5 mean=1.2500 maxm=2 hpp=0
D 1 m0=11 m1=5 m2=1 m3=2 m4+=2 primes=21 summ=21 mean=1.0000 maxm=4 hpp=0
D 2 m0=96 m1=13 m2=9 m3=9 m4+=16 primes=143 summ=134 mean=0.9371 maxm=7 hpp=2
D 3 m0=850 m1=29 m2=30 m3=40 m4+=112 primes=1061 summ=1036 mean=0.9764 maxm=25 hpp=6
D 4 m0=7126 m1=95 m2=175 m3=143 m4+=824 primes=8363 summ=8255 mean=0.9871 maxm=40 hpp=4
D 5 m0=61191 m1=432 m2=746 m3=732 m4+=5805 primes=68906 summ=69454 mean=1.0080 maxm=60 hpp=16
D 6 m0=533981 m1=2054 m2=3999 m3=4076 m4+=41971 primes=586081 summ=591240 mean=1.0088 maxm=115 hpp=21
D 7 m0=4737868 m1=10138 m2=23010 m3=22789 m4+=303071 primes=5096876 summ=5012131 mean=0.9834 maxm=152 hpp=51
D 8 m0=42393660 m1=55448 m2=141811 m3=142326 m4+=2352834 primes=45086079 summ=45262148 mean=1.0039 maxm=219 hpp=134
H k=3 th0.30=8.4836 th0.32=7.1782 th0.35=5.5869 th0.40=3.6793
H k=4 th0.30=11.1864 th0.32=9.0001 th0.35=6.4950 th0.40=3.7710
H k=5 th0.30=20.2373 th0.32=15.5092 th0.35=10.4050 th0.40=5.3497
H k=6 th0.30=25.3476 th0.32=18.7048 th0.35=11.8571 th0.40=5.6237
H k=7 th0.30=36.4982 th0.32=25.5866 th0.35=15.0184 th0.40=6.1798
H k=8 th0.30=47.2815 th0.32=31.4827 th0.35=17.3867 th0.40=6.4633
H k=9 th0.30=0.2315 th0.32=0.1529 th0.35=0.0821 th0.40=0.0291
