row   0 [630783,630783] pieces=8  T_lo=0.027556461395148567  E_hi=1.0307272513284642e-07  ok=True  0.4s
row   1 [5140999,5140999] pieces=8  T_lo=0.4238126725423671  E_hi=1.822923701433008e-09  ok=True  0.4s
row   2 [2500000,2500047] pieces=8  T_lo=0.32760072696760145  E_hi=7.63822497379711e-09  ok=True  0.4s
rows done: {"phase": "rows-done", "leg": "arb", "rows_done": 3, "rows_total": 3, "windows_done": 50, "windows_total": 50, "started": "2026-09-09 21:12:04 IST", "updated": "2026-09-09 21:12:05 IST", "elapsed_s": 1.3338308334350586, "eta_hours": 0.0, "errors": []}
        1.41 real         1.39 user         0.02 sys
            25018368  maximum resident set size
                   0  average shared memory size
                   0  average unshared data size
                   0  average unshared stack size
                3779  page reclaims
                  18  page faults
                   0  swaps
                   0  block input operations
                   0  block output operations
                   0  messages sent
                   0  messages received
                   0  signals received
                   0  voluntary context switches
                  30  involuntary context switches
         32123580171  instructions retired
          5948842659  cycles elapsed
            16433488  peak memory footprint
