row   0 [630783,630783] pieces=8  T_lo=0.027556461395148567  E_hi=1.0307269293292306e-07  ok=True  13.5s
row   1 [5140999,5140999] pieces=8  T_lo=0.4238126725423671  E_hi=1.8229235581141218e-09  ok=True  13.5s
row   2 [2500000,2500047] pieces=8  T_lo=0.32760072696760145  E_hi=7.638201613913259e-09  ok=True  13.7s
rows done: {"phase": "rows-done", "leg": "mp", "rows_done": 3, "rows_total": 3, "windows_done": 50, "windows_total": 50, "started": "2026-09-09 21:12:05 IST", "updated": "2026-09-09 21:12:46 IST", "elapsed_s": 40.69606614112854, "eta_hours": 0.0, "errors": []}
       41.05 real        40.95 user         0.07 sys
            31653888  maximum resident set size
                   0  average shared memory size
                   0  average unshared data size
                   0  average unshared stack size
                3121  page reclaims
                  18  page faults
                   0  swaps
                   0  block input operations
                   0  block output operations
                   0  messages sent
                   0  messages received
                   0  signals received
                   0  voluntary context switches
                3505  involuntary context switches
        873723060503  instructions retired
        172973571896  cycles elapsed
            27328848  peak memory footprint
