'Zeta23.DBN.cover_of_consecutive' depends on axioms: [propext, Quot.sound]
'Zeta23.DBN.cert_of_checkAsym' depends on axioms: [propext, Classical.choice, Quot.sound]
'Zeta23.DBN.windowIdx_mono' depends on axioms: [propext, Classical.choice, Quot.sound]
'Zeta23.DBN.row2_windowIdx_ge' depends on axioms: [propext, Classical.choice, Quot.sound]
'Zeta23.DBN.sigma1_toW1' depends on axioms: [propext, Classical.choice, Quot.sound]
'Zeta23.DBN.sigma2_toW1' depends on axioms: [propext, Classical.choice, Quot.sound]
'Zeta23.DBN.T1_toW1' depends on axioms: [propext, Classical.choice, Quot.sound]
'Zeta23.DBN.T2_toW1' depends on axioms: [propext, Classical.choice, Quot.sound]
'Zeta23.DBN.W1Rect_toW1' depends on axioms: [propext, Classical.choice, Quot.sound]
'Zeta23.DBN.W1Bdry_toW1' depends on axioms: [propext, Classical.choice, Quot.sound]
'Zeta23.DBN.meshOK_of_checkPrismW1' depends on axioms: [propext]
'Zeta23.DBN.checkPrism_spec' depends on axioms: [propext]
'Zeta23.DBN.checkBarrierChain_spec' depends on axioms: [propext]
'Zeta23.DBN.bdry_cover_gen' depends on axioms: [propext, Classical.choice, Quot.sound]
'Zeta23.DBN.boundary_nonvanishing_gen' depends on axioms: [propext, Classical.choice, Quot.sound]
'Zeta23.DBN.floor_of_meshOK' depends on axioms: [propext, Classical.choice, Quot.sound]
'Zeta23.DBN.rectArgPrincipleGen' depends on axioms: [propext, Classical.choice, Quot.sound]
'Zeta23.DBN.bottom_seg_mem' depends on axioms: [propext, Classical.choice, Quot.sound]
'Zeta23.DBN.right_seg_mem' depends on axioms: [propext, Classical.choice, Quot.sound]
'Zeta23.DBN.top_seg_mem' depends on axioms: [propext, Classical.choice, Quot.sound]
'Zeta23.DBN.left_seg_mem' depends on axioms: [propext, Classical.choice, Quot.sound]
'Zeta23.DBN.continuousOn_logDeriv_seg' depends on axioms: [propext, Classical.choice, Quot.sound]
'Zeta23.DBN.exclusion_of_checkPrismW1' depends on axioms: [propext, Classical.choice, Quot.sound]
'Zeta23.DBN.re_div_pos_of_norm_sub_lt' depends on axioms: [propext, Classical.choice, Quot.sound]
'Zeta23.DBN.logDerivSegIntegral_div_add' depends on axioms: [propext, Classical.choice, Quot.sound]
'Zeta23.DBN.logDerivSegIntegral_eq_log_sub' depends on axioms: [propext, Classical.choice, Quot.sound]
'Zeta23.DBN.edge_decomp' depends on axioms: [propext, Classical.choice, Quot.sound]
'Zeta23.DBN.prism_nonvanishing' depends on axioms: [propext, Classical.choice, Quot.sound]
'Zeta23.DBN.cover_prisms' depends on axioms: [propext, Classical.choice, Quot.sound]
'Zeta23.DBN.seamTime_head_eq_zero' depends on axioms: [propext, Classical.choice, Quot.sound]
'Zeta23.DBN.cert_of_checkBarrier' depends on axioms: [propext, Classical.choice, Quot.sound]
'Zeta23.DBN.cert_of_checkBarrier_xy' depends on axioms: [propext, Classical.choice, Quot.sound]
'Zeta23.DBN.im_half_one_sub_I_mul' depends on axioms: [propext, Classical.choice, Quot.sound]
'Zeta23.DBN.mem_slitPlane_of_im_ne_zero'' depends on axioms: [propext, Classical.choice, Quot.sound]
'Zeta23.DBN.ne_zero_of_im_ne_zero' depends on axioms: [propext, Classical.choice, Quot.sound]
'Zeta23.DBN.sub_one_ne_zero_of_im_ne_zero' depends on axioms: [propext, Classical.choice, Quot.sound]
'Zeta23.DBN.half_im_ne_zero' depends on axioms: [propext, Classical.choice, Quot.sound]
'Zeta23.DBN.div_two_pi_im_ne_zero' depends on axioms: [propext, Classical.choice, Quot.sound]
'Zeta23.DBN.differentiableAt_alpha' depends on axioms: [propext, Classical.choice, Quot.sound]
'Zeta23.DBN.differentiableAt_M0' depends on axioms: [propext, Classical.choice, Quot.sound]
'Zeta23.DBN.differentiableAt_Mt' depends on axioms: [propext, Classical.choice, Quot.sound]
'Zeta23.DBN.M0_ne_zero' depends on axioms: [propext, Classical.choice, Quot.sound]
'Zeta23.DBN.Mt_ne_zero' depends on axioms: [propext, Classical.choice, Quot.sound]
'Zeta23.DBN.Bt_ne_zero' depends on axioms: [propext, Classical.choice, Quot.sound]
'Zeta23.DBN.differentiableAt_Bt' depends on axioms: [propext, Classical.choice, Quot.sound]
'Zeta23.DBN.isOpen_rightHalfPlane' depends on axioms: [propext, Classical.choice, Quot.sound]
'Zeta23.DBN.differentiableOn_Ht_div_Bt' depends on axioms: [propext, Classical.choice, Quot.sound]
'Zeta23.DBN.Instance02.row2_barrier_mp' depends on axioms: [propext, Classical.choice, Quot.sound]
'Zeta23.DBN.Instance02.row2_barrier_arb' depends on axioms: [propext, Classical.choice, Quot.sound]
'Zeta23.DBN.Instance02.row2_barrier_mp_xy' depends on axioms: [propext, Classical.choice, Quot.sound]
'Zeta23.DBN.Instance02.row2_barrier_arb_xy' depends on axioms: [propext, Classical.choice, Quot.sound]
'Zeta23.DBN.Instance02.row2Rect_x1' depends on axioms: [propext, Classical.choice, Quot.sound]
'Zeta23.DBN.Instance02.row2Rect_x2' depends on axioms: [propext, Classical.choice, Quot.sound]
'Zeta23.DBN.Instance02.row2Rect_y1' depends on axioms: [propext, Classical.choice, Quot.sound]
'Zeta23.DBN.Instance02.row2Rect_y2' depends on axioms: [propext, Classical.choice, Quot.sound]
'Zeta23.DBN.Instance02.row2BarrierMP_t0' depends on axioms: [propext, Classical.choice, Quot.sound]
'Zeta23.DBN.Instance02.row2BarrierARB_t0' depends on axioms: [propext, Classical.choice, Quot.sound]
'Zeta23.DBN.Instance02.hHol_of_entire' depends on axioms: [propext, Classical.choice, Quot.sound]
'Zeta23.DBN.Instance02.hH1_row2' depends on axioms: [propext, Classical.choice, Quot.sound]
'Zeta23.DBN.Instance02.row2_bound_le_point2' depends on axioms: [propext, Classical.choice, Quot.sound]
'Zeta23.DBN.Instance02.row2_ray_mp' depends on axioms: [propext, Classical.choice, Quot.sound]
'Zeta23.DBN.Instance02.row2_ray_arb' depends on axioms: [propext, Classical.choice, Quot.sound]
'Zeta23.DBN.Instance02.lambda_le_point2' depends on axioms: [propext, Classical.choice, Quot.sound]
'Zeta23.DBN.Instance02.lambda_le_point2_arb' depends on axioms: [propext, Classical.choice, Quot.sound]
'DBNBridge.Phi_eq' depends on axioms: [propext, Classical.choice, Quot.sound]
'DBNBridge.Ht_eq' depends on axioms: [propext, Classical.choice, Quot.sound]
'DBNBridge.ZeroVerification_eq' depends on axioms: [propext, Classical.choice, Quot.sound]
'DBNBridge.alpha_eq' depends on axioms: [propext, Classical.choice, Quot.sound]
'DBNBridge.M0_eq' depends on axioms: [propext, Classical.choice, Quot.sound]
'DBNBridge.Mt_eq' depends on axioms: [propext, Classical.choice, Quot.sound]
'DBNBridge.Bt_eq' depends on axioms: [propext, Classical.choice, Quot.sound]
'DBNBridge.HtEntire_eq' depends on axioms: [propext, Classical.choice, Quot.sound]
'DBNBridge.Polymath15Bridge'_eq' depends on axioms: [propext, Classical.choice, Quot.sound]
'DBNBridge.windowIdx_eq' depends on axioms: [propext, Classical.choice, Quot.sound]
'DBNBridge.densPos_eq' depends on axioms: [propext]
'DBNBridge.chainLt_eq' depends on axioms: [propext]
'DBNBridge.chainGt_eq' depends on axioms: [propext]
'DBNBridge.firstOK_eq' does not depend on any axioms
'DBNBridge.lastOK_eq' depends on axioms: [propext]
'DBNBridge.edgeOK_eq' depends on axioms: [propext]
'DBNBridge.rowOK_eq' does not depend on any axioms
'DBNBridge.rowsOK_eq' depends on axioms: [propext]
'DBNBridge.sumArgLo_eq' depends on axioms: [propext]
'DBNBridge.sumArgHi_eq' depends on axioms: [propext]
'DBNBridge.mdist_eq' depends on axioms: [propext]
'DBNBridge.floorRowOK_eq' depends on axioms: [propext]
'DBNBridge.floorRowsOK_eq' depends on axioms: [propext]
'DBNBridge.consecPairs_eq' depends on axioms: [propext]
'DBNBridge.segs_eq' depends on axioms: [propext, Classical.choice, Quot.sound]
'DBNBridge.checkPrismW1_eq' depends on axioms: [propext]
'DBNBridge.checkPrism_eq' depends on axioms: [propext]
'DBNBridge.seams_eq' depends on axioms: [propext]
'DBNBridge.checkBarrierChain_eq' depends on axioms: [propext]
'DBNBridge.checkBarrier_eq' depends on axioms: [propext, Quot.sound]
'DBNBridge.consecutive_eq' depends on axioms: [propext]
'DBNBridge.lastNhi_eq' depends on axioms: [propext]
'DBNBridge.checkAsymRow_eq' does not depend on any axioms
'DBNBridge.all_checkAsymRow_eq' depends on axioms: [propext]
'DBNBridge.checkAsym_eq' depends on axioms: [propext]
'DBNBridge.BarrierRect_eq' depends on axioms: [propext, Classical.choice, Quot.sound]
'DBNBridge.BarrierBdry_eq' depends on axioms: [propext, Classical.choice, Quot.sound]
'DBNBridge.seamTime_eq' depends on axioms: [propext, Classical.choice, Quot.sound]
'DBNBridge.t0_eq' depends on axioms: [propext, Classical.choice, Quot.sound]
'DBNBridge.At0_eq' depends on axioms: [propext, Classical.choice, Quot.sound]
'DBNBridge.Ay0_eq' depends on axioms: [propext, Classical.choice, Quot.sound]
'DBNBridge.AyA_eq' depends on axioms: [propext, Classical.choice, Quot.sound]
'DBNBridge.nextSeams_eq' depends on axioms: [propext, Classical.choice, Quot.sound]
'DBNBridge.PrismEnclOK_iff' depends on axioms: [propext, Classical.choice, Quot.sound]
'DBNBridge.BarrierEnclOK_iff' depends on axioms: [propext, Classical.choice, Quot.sound]
'DBNBridge.AsymEnclOK_iff' depends on axioms: [propext, Classical.choice, Quot.sound]
'DBNBridge.TailOK_iff' depends on axioms: [propext, Classical.choice, Quot.sound]
'DBNBridge.row2Rect_toZ' does not depend on any axioms
'DBNBridge.row2BarrierMP_toZ' does not depend on any axioms
'DBNBridge.row2BarrierARB_toZ' does not depend on any axioms
'DBNBridge.row2AsymMP_toZ' does not depend on any axioms
'DBNBridge.row2AsymARB_toZ' does not depend on any axioms
'DBNBridge.ray_of_certificates' depends on axioms: [propext, Classical.choice, Quot.sound]
'dbn_ray_le_point2_of_certificates' depends on axioms: [propext, Classical.choice, Quot.sound]
'dbn_ray_le_point2_mp' depends on axioms: [propext, Classical.choice, Quot.sound]
'dbn_ray_le_point2_arb' depends on axioms: [propext, Classical.choice, Quot.sound]
'dbn_row2BarrierMP_checked' depends on axioms: [propext, Quot.sound]
'dbn_row2BarrierARB_checked' depends on axioms: [propext, Quot.sound]
'dbn_row2AsymMP_checked' depends on axioms: [propext]
'dbn_row2AsymARB_checked' depends on axioms: [propext]
'dbn_ray_le_point2_of_certificates' depends on axioms: [propext, Classical.choice, Quot.sound]
'dbn_ray_le_point2_mp' depends on axioms: [propext, Classical.choice, Quot.sound]
'dbn_ray_le_point2_arb' depends on axioms: [propext, Classical.choice, Quot.sound]
'dbn_row2BarrierMP_checked' depends on axioms: [propext, Quot.sound]
'dbn_row2BarrierARB_checked' depends on axioms: [propext, Quot.sound]
'dbn_row2AsymMP_checked' depends on axioms: [propext]
'dbn_row2AsymARB_checked' depends on axioms: [propext]
dbn_ray_le_point2_of_certificates : ∀ (d : DBN.BarrierData),
  d.rect.x1 = 5000000194858 →
    d.rect.x2 = 5000000194858 + 1 →
      d.rect.y1 = 16733 / 100000 →
        d.rect.y2 = 1 →
          DBN.t0 d = 93 / 500 →
            DBN.checkBarrier d = true →
              ∀ (a : DBN.AsymData),
                DBN.At0 a = 93 / 500 →
                  DBN.Ay0 a = 16733 / 100000 →
                    DBN.AyA a = 3962323 / 5000000 →
                      (∃ r ∈ a.rows, r.Nlo ≤ 630783) →
                        DBN.checkAsym a = true →
                          DBN.ZeroVerification (116733 / 200000) 2500000097429 →
                            DBN.BarrierEnclOK (fun t z => DBN.Ht t z / DBN.Bt t z) d →
                              DBN.AsymEnclOK (fun z => DBN.Ht (93 / 500) z / DBN.Bt (93 / 500) z) a →
                                DBN.TailOK (fun z => DBN.Ht (93 / 500) z / DBN.Bt (93 / 500) z) a →
                                  DBN.Polymath15Bridge' ∧ DBN.HtEntire →
                                    ∀ (t : ℝ), 1 / 5 ≤ t → ∀ (z : ℂ), DBN.Ht t z = 0 → z.im = 0
dbn_ray_le_point2_mp : DBN.ZeroVerification (116733 / 200000) 2500000097429 →
  DBN.BarrierEnclOK (fun t z => DBN.Ht t z / DBN.Bt t z) DBN.row2BarrierMP →
    DBN.AsymEnclOK (fun z => DBN.Ht (93 / 500) z / DBN.Bt (93 / 500) z) DBN.row2AsymMP →
      DBN.TailOK (fun z => DBN.Ht (93 / 500) z / DBN.Bt (93 / 500) z) DBN.row2AsymMP →
        DBN.Polymath15Bridge' ∧ DBN.HtEntire → ∀ (t : ℝ), 1 / 5 ≤ t → ∀ (z : ℂ), DBN.Ht t z = 0 → z.im = 0
dbn_ray_le_point2_arb : DBN.ZeroVerification (116733 / 200000) 2500000097429 →
  DBN.BarrierEnclOK (fun t z => DBN.Ht t z / DBN.Bt t z) DBN.row2BarrierARB →
    DBN.AsymEnclOK (fun z => DBN.Ht (93 / 500) z / DBN.Bt (93 / 500) z) DBN.row2AsymARB →
      DBN.TailOK (fun z => DBN.Ht (93 / 500) z / DBN.Bt (93 / 500) z) DBN.row2AsymARB →
        DBN.Polymath15Bridge' ∧ DBN.HtEntire → ∀ (t : ℝ), 1 / 5 ≤ t → ∀ (z : ℂ), DBN.Ht t z = 0 → z.im = 0
dbn_row2BarrierMP_checked : DBN.checkBarrier DBN.row2BarrierMP = true
dbn_row2BarrierARB_checked : DBN.checkBarrier DBN.row2BarrierARB = true
dbn_row2AsymMP_checked : DBN.checkAsym DBN.row2AsymMP = true
dbn_row2AsymARB_checked : DBN.checkAsym DBN.row2AsymARB = true
