[DH_N9_T200] real zeros: 53; suspicious minima: 0  (205s)
[DH_N9_T200] Z_total = 137.0 (smax = 51.0); real = 53; off-line expected (right half) = 42.0; bottom min = 1.433  (227s)
[DH_N9_T200] located 41 off-line zeros from the branch band  (318s)
[DH_N9_T200] missing 1.0; running quadtree on [0.5+1e-3, smax] x [0, T]
Traceback (most recent call last):
  File "/Users/jaytyagi/Library/Python/3.9/lib/python/site-packages/mpmath/functions/expintegrals.py", line 217, in _upper_gamma
    return ctx.hypercomb(h, [z], force_series=True)
  File "/Users/jaytyagi/Library/Python/3.9/lib/python/site-packages/mpmath/functions/hypergeometric.py", line 125, in hypercomb
    v = ctx.fprod([ctx.hyper(a_s, b_s, z, **kwargs)] + \
  File "/Users/jaytyagi/Library/Python/3.9/lib/python/site-packages/mpmath/functions/hypergeometric.py", line 229, in hyper
    elif q == 0: return ctx._hyp2f0(a_s, b_s, z, **kwargs)
  File "/Users/jaytyagi/Library/Python/3.9/lib/python/site-packages/mpmath/functions/hypergeometric.py", line 985, in _hyp2f0
    return ctx.hypsum(2, 0, (atype,btype), [a,b], z, **kwargsb)
  File "/Users/jaytyagi/Library/Python/3.9/lib/python/site-packages/mpmath/ctx_mp.py", line 714, in hypsum
    zv, have_complex, magnitude = summator(coeffs, v, prec, wp, \
  File "<string>", line 51, in hypsum_2_0_ZC__R
mpmath.libmp.libhyper.NoConvergence: Hypergeometric series converges too slowly. Try increasing maxterms.

During handling of the above exception, another exception occurred:

Traceback (most recent call last):
  File "/Users/jaytyagi/Library/Mobile Documents/com~apple~CloudDocs/Documents/Work/2026/Math/riemann/rh-program/results/novel-wave-s36/staircase/verify/census.py", line 246, in <module>
    q = quadtree(E, mp.mpf('0.501'), smax, mp.mpf('0.05'), T)
  File "/Users/jaytyagi/Library/Mobile Documents/com~apple~CloudDocs/Documents/Work/2026/Math/riemann/rh-program/results/novel-wave-s36/staircase/verify/census.py", line 181, in quadtree
    quadtree(E, s1, s2, m, t2, depth + 1, maxdepth, found)
  File "/Users/jaytyagi/Library/Mobile Documents/com~apple~CloudDocs/Documents/Work/2026/Math/riemann/rh-program/results/novel-wave-s36/staircase/verify/census.py", line 180, in quadtree
    quadtree(E, s1, s2, t1, m, depth + 1, maxdepth, found)
  File "/Users/jaytyagi/Library/Mobile Documents/com~apple~CloudDocs/Documents/Work/2026/Math/riemann/rh-program/results/novel-wave-s36/staircase/verify/census.py", line 176, in quadtree
    quadtree(E, s1, m, t1, t2, depth + 1, maxdepth, found)
  File "/Users/jaytyagi/Library/Mobile Documents/com~apple~CloudDocs/Documents/Work/2026/Math/riemann/rh-program/results/novel-wave-s36/staircase/verify/census.py", line 180, in quadtree
    quadtree(E, s1, s2, t1, m, depth + 1, maxdepth, found)
  File "/Users/jaytyagi/Library/Mobile Documents/com~apple~CloudDocs/Documents/Work/2026/Math/riemann/rh-program/results/novel-wave-s36/staircase/verify/census.py", line 176, in quadtree
    quadtree(E, s1, m, t1, t2, depth + 1, maxdepth, found)
  File "/Users/jaytyagi/Library/Mobile Documents/com~apple~CloudDocs/Documents/Work/2026/Math/riemann/rh-program/results/novel-wave-s36/staircase/verify/census.py", line 180, in quadtree
    quadtree(E, s1, s2, t1, m, depth + 1, maxdepth, found)
  File "/Users/jaytyagi/Library/Mobile Documents/com~apple~CloudDocs/Documents/Work/2026/Math/riemann/rh-program/results/novel-wave-s36/staircase/verify/census.py", line 176, in quadtree
    quadtree(E, s1, m, t1, t2, depth + 1, maxdepth, found)
  File "/Users/jaytyagi/Library/Mobile Documents/com~apple~CloudDocs/Documents/Work/2026/Math/riemann/rh-program/results/novel-wave-s36/staircase/verify/census.py", line 181, in quadtree
    quadtree(E, s1, s2, m, t2, depth + 1, maxdepth, found)
  File "/Users/jaytyagi/Library/Mobile Documents/com~apple~CloudDocs/Documents/Work/2026/Math/riemann/rh-program/results/novel-wave-s36/staircase/verify/census.py", line 176, in quadtree
    quadtree(E, s1, m, t1, t2, depth + 1, maxdepth, found)
  File "/Users/jaytyagi/Library/Mobile Documents/com~apple~CloudDocs/Documents/Work/2026/Math/riemann/rh-program/results/novel-wave-s36/staircase/verify/census.py", line 180, in quadtree
    quadtree(E, s1, s2, t1, m, depth + 1, maxdepth, found)
  File "/Users/jaytyagi/Library/Mobile Documents/com~apple~CloudDocs/Documents/Work/2026/Math/riemann/rh-program/results/novel-wave-s36/staircase/verify/census.py", line 168, in quadtree
    r, it, ok = st.secant_complex(E, z0, z0 + mp.mpc((s2 - s1)/10, (t2 - t1)/10))
  File "/Users/jaytyagi/Library/Mobile Documents/com~apple~CloudDocs/Documents/Work/2026/Math/riemann/rh-program/results/novel-wave-s36/staircase/verify/./stair.py", line 293, in secant_complex
    s1, f1 = s2, f(s2)
  File "/Users/jaytyagi/Library/Mobile Documents/com~apple~CloudDocs/Documents/Work/2026/Math/riemann/rh-program/results/novel-wave-s36/staircase/verify/census.py", line 57, in E
    return st.E_auto(C, s, w, N)
  File "/Users/jaytyagi/Library/Mobile Documents/com~apple~CloudDocs/Documents/Work/2026/Math/riemann/rh-program/results/novel-wave-s36/staircase/verify/./stair.py", line 310, in E_auto
    return chain.E_tail(s, w)
  File "/Users/jaytyagi/Library/Mobile Documents/com~apple~CloudDocs/Documents/Work/2026/Math/riemann/rh-program/results/novel-wave-s36/staircase/verify/./stair.py", line 116, in E_tail
    term = (1 - wk) * ck * k**self.kap * self.T(s, k)
  File "/Users/jaytyagi/Library/Mobile Documents/com~apple~CloudDocs/Documents/Work/2026/Math/riemann/rh-program/results/novel-wave-s36/staircase/verify/./stair.py", line 89, in T
    return X**(-a1) * mp.gammainc(a1, X) + X**(-a2) * mp.gammainc(a2, X)
  File "/Users/jaytyagi/Library/Python/3.9/lib/python/site-packages/mpmath/functions/expintegrals.py", line 169, in gammainc
    return ctx._upper_gamma(z, a, regularized)
  File "/Users/jaytyagi/Library/Python/3.9/lib/python/site-packages/mpmath/functions/expintegrals.py", line 223, in _upper_gamma
    return ctx.hypercomb(h, [z])
  File "/Users/jaytyagi/Library/Python/3.9/lib/python/site-packages/mpmath/functions/hypergeometric.py", line 125, in hypercomb
    v = ctx.fprod([ctx.hyper(a_s, b_s, z, **kwargs)] + \
  File "/Users/jaytyagi/Library/Python/3.9/lib/python/site-packages/mpmath/functions/hypergeometric.py", line 222, in hyper
    if   q == 1: return ctx._hyp1f1(a_s, b_s, z, **kwargs)
  File "/Users/jaytyagi/Library/Python/3.9/lib/python/site-packages/mpmath/functions/hypergeometric.py", line 342, in _hyp1f1
    v = ctx.hypsum(1, 1, (atype, btype), [a, b], z, **kwargs)
  File "/Users/jaytyagi/Library/Python/3.9/lib/python/site-packages/mpmath/ctx_mp.py", line 714, in hypsum
    zv, have_complex, magnitude = summator(coeffs, v, prec, wp, \
  File "<string>", line 53, in hypsum_1_1_Z_C_R
mpmath.libmp.libhyper.NoConvergence: Hypergeometric series converges too slowly. Try increasing maxterms.
