zeta zeros in (0,230.0]: 96
--- N = 1: 2 real zeros in (0.5,230.0]  (49s); c_N = 0.0001718056626
    last real zero: 19.5639388630466  max |t_N - gamma| = 1.46
      t = 14.1659496881439043  vs gamma = 14.1347251417346938  diff = 0.0312
      t = 19.5639388630465508  vs gamma = 21.022039638771555  diff = -1.46
    xi_N(1/2+it)/c_N at t = 100, 200, 400, 1000: ['0.95523828', '0.98858137', '0.99713099', '0.99954032']
    suspicious same-sign local minima of |xi_N| (t, value, neighbor): []
--- N = 2: 6 real zeros in (0.5,230.0]  (47s); c_N = 5.891258854e-11
    last real zero: 37.4954497011306  max |t_N - gamma| = 0.0907
      t = 25.0108652284151137  vs gamma = 25.0108575801456888  diff = 7.65e-6
      t = 30.4243225752932071  vs gamma = 30.4248761258595132  diff = -0.000554
      t = 32.9387638446487183  vs gamma = 32.9350615877391897  diff = 0.0037
      t = 37.4954497011306485  vs gamma = 37.5861781588256713  diff = -0.0907
    xi_N(1/2+it)/c_N at t = 100, 200, 400, 1000: ['0.77466482', '0.93380199', '0.98271863', '0.99720067']
    suspicious same-sign local minima of |xi_N| (t, value, neighbor): []
--- N = 3: 16 real zeros in (0.5,230.0]  (45s); c_N = 2.958985196e-20
    last real zero: 66.8827750937846  max |t_N - gamma| = 0.197
      t = 59.347726257963987  vs gamma = 59.3470440026023531  diff = 0.000682
      t = 60.8299498127214326  vs gamma = 60.8317785246098098  diff = -0.00183
      t = 65.1516997750313754  vs gamma = 65.1125440480816067  diff = 0.0392
      t = 66.8827750937845696  vs gamma = 67.0798105294941737  diff = -0.197
    xi_N(1/2+it)/c_N at t = 100, 200, 400, 1000: ['0.50482016', '0.80706378', '0.94422369', '0.99067359']
    suspicious same-sign local minima of |xi_N| (t, value, neighbor): []
--- N = 4: 32 real zeros in (0.5,230.0]  (42s); c_N = 2.434200905e-32
    last real zero: 104.682385262691  max |t_N - gamma| = 0.764
      t = 98.8341259757773427  vs gamma = 98.8311942181936922  diff = 0.00293
      t = 101.295651787863572  vs gamma = 101.317851005731391  diff = -0.0222
      t = 104.046922154455446  vs gamma = 103.725538040478339  diff = 0.321
      t = 104.682385262690549  vs gamma = 105.446623052326094  diff = -0.764
    xi_N(1/2+it)/c_N at t = 100, 200, 400, 1000: ['-30.151308', '0.62448262', '0.87079225', '0.97693716']
    suspicious same-sign local minima of |xi_N| (t, value, neighbor): []
--- N = 5: 52 real zeros in (0.5,230.0]  (38s); c_N = 3.443519624e-47
    last real zero: 147.326214429268  max |t_N - gamma| = 0.0966
      t = 141.124951914087484  vs gamma = 141.123707404021124  diff = 0.00124
      t = 143.1094275925389  vs gamma = 143.111845807620633  diff = -0.00242
      t = 146.03168331401564  vs gamma = 146.000982486765519  diff = 0.0307
      t = 147.326214429267556  vs gamma = 147.422765342559602  diff = -0.0966
    xi_N(1/2+it)/c_N at t = 100, 200, 400, 1000: ['-2.1518811e+16', '0.44150385', '0.76184497', '0.95268032']
    suspicious same-sign local minima of |xi_N| (t, value, neighbor): []
--- N = 6: 80 real zeros in (0.5,230.0]  (31s); c_N = 8.595254199e-65
    last real zero: 201.056711964787  max |t_N - gamma| = 0.208
      t = 195.269064675212782  vs gamma = 195.265396679529235  diff = 0.00367
      t = 196.863023813228152  vs gamma = 196.876481840958317  diff = -0.0135
      t = 198.039000374718846  vs gamma = 198.015309676251912  diff = 0.0237
      t = 201.056711964787056  vs gamma = 201.264751943703789  diff = -0.208
    xi_N(1/2+it)/c_N at t = 100, 200, 400, 1000: ['-8.6210886e+33', '-4.3813248', '0.63104475', '0.9150424']
    suspicious same-sign local minima of |xi_N| (t, value, neighbor): []
--- N = 7: 96 real zeros in (0.5,230.0]  (24s); c_N = 3.843818346e-85
    last real zero: 229.337878351358  max |t_N - gamma| = 0.00137
      t = 224.007453863263502  vs gamma = 224.007000254604335  diff = 0.000454
      t = 224.983282527442738  vs gamma = 224.983324669582288  diff = -4.21e-5
      t = 227.422014610138465  vs gamma = 227.421444279679291  diff = 0.00057
      t = 229.337878351358461  vs gamma = 229.337413305525348  diff = 0.000465
    xi_N(1/2+it)/c_N at t = 100, 200, 400, 1000: ['-1.9277823e+54', '-1.0462849e+21', '0.49920812', '0.86256361']
    suspicious same-sign local minima of |xi_N| (t, value, neighbor): []
--- N = 8: 96 real zeros in (0.5,230.0]  (16s); c_N = 3.11016439e-108
    last real zero: 229.337878351361  max |t_N - gamma| = 0.00137
      t = 224.007453863263438  vs gamma = 224.007000254604335  diff = 0.000454
      t = 224.983282527442857  vs gamma = 224.983324669582288  diff = -4.21e-5
      t = 227.422014610138008  vs gamma = 227.421444279679291  diff = 0.00057
      t = 229.337878351361217  vs gamma = 229.337413305525348  diff = 0.000465
    xi_N(1/2+it)/c_N at t = 100, 200, 400, 1000: ['-2.3825251e+77', '-1.2930922e+44', '0.38279682', '0.79599431']
    suspicious same-sign local minima of |xi_N| (t, value, neighbor): []
