 N | window          | chain   | first fail (lobe, r)              | r_after_max | margin=-log10 | r_before_min
 6 | [   156,   286] | seed    | (202.494, 204.190) r=0.274 | 0.06234 | 1.205 | 28.03
 6 | [   156,   286] | hag     | (201.265, 202.494) r=0.2901 | 0.02434 | 1.614 | 7.174
 7 | [   216,   346] | seed    | (265.558, 266.615) r=0.02004 | 0.008627 | 2.064 | 3.671
 7 | [   216,   346] | hag     | (259.874, 260.805) r=0.6077 | 0.1464 | 0.834 | 30.3
 8 | [   284,   414] | seed    | (329.953, 331.474) r=0.6921 | 0.01268 | 1.897 | 7.639
 8 | [   284,   414] | hag     | (329.033, 329.953) r=0.3053 | 0.1625 | 0.789 | 49.94
 9 | [   360,   490] | seed    | (407.581, 408.947) r=0.3923 | 0.02949 | 1.530 | 1.789
 9 | [   360,   490] | hag     | (408.947, 410.514) r=0.05404 | 0.00315 | 2.502 | 1.761
10 | [   444,   574] | seed    | (493.314, 493.958) r=0.02133 | 0.01202 | 1.920 | 2.842
10 | [   444,   574] | hag     | (491.399, 493.314) r=0.2762 | 0.01376 | 1.861 | 2.174
11 | [   536,   666] | seed    | (583.236, 584.562) r=0.4873 | 0.03673 | 1.435 | 10.95
11 | [   536,   666] | hag     | (581.947, 583.236) r=0.6722 | 0.06428 | 1.192 | 5.58
12 | [   636,   766] | seed    | (681.895, 682.603) r=0.7219 | 0.1582 | 0.801 | 77.13
12 | [   636,   766] | hag     | (682.603, 684.014) r=0.3101 | 0.05031 | 1.298 | 6.229
13 | [   744,   874] | seed    | (792.428, 792.889) r=0.04014 | 0.05186 | 1.285 | 1.068
13 | [   744,   874] | hag     | (790.832, 792.428) r=0.3743 | 0.07012 | 1.154 | 6.988
14 | [   860,   990] | seed    | (907.657, 908.334) r=0.2947 | 0.05257 | 1.279 | 7.043
14 | [   860,   990] | hag     | (908.334, 910.186) r=0.2282 | 0.007112 | 2.148 | 2.061
15 | [   984,  1114] | seed    | (1031.833, 1032.813) r=0.4486 | 0.1226 | 0.912 | 5.275
15 | [   984,  1114] | hag     | (1030.897, 1031.833) r=0.332 | 0.2552 | 0.593 | 2.617
16 | [  1116,  1246] | seed    | (1163.701, 1164.738) r=0.337 | 0.2499 | 0.602 | 5.181
16 | [  1116,  1246] | hag     | (1162.488, 1163.701) r=0.6594 | 0.02887 | 1.540 | 8.032
17 | [  1256,  1386] | seed    | (1306.508, 1307.267) r=0.04615 | 0.002205 | 2.657 | 1.727
17 | [  1256,  1386] | hag     | (1302.347, 1303.273) r=0.5952 | 0.1026 | 0.989 | 1.974
