 N | window          | chain   | first fail (lobe, r)              | r_after_max | margin=-log10 | r_before_min
 6 | [   156,   286] | seed    | (202.494, 204.190) r=0.274 | 0.06234 | 1.205 | 28.03
 6 | [   156,   286] | hag     | (201.265, 202.494) r=0.2901 | 0.02434 | 1.614 | 7.174
 7 | [   216,   346] | seed    | (265.558, 266.615) r=0.02004 | 0.008627 | 2.064 | 3.671
 7 | [   216,   346] | hag     | (259.874, 260.805) r=0.6077 | 0.1464 | 0.834 | 30.3
 8 | [   284,   414] | seed    | (329.953, 331.474) r=0.6921 | 0.01268 | 1.897 | 7.639
 8 | [   284,   414] | hag     | (329.033, 329.953) r=0.3053 | 0.1625 | 0.789 | 49.94
 9 | [   360,   490] | seed    | (407.581, 408.947) r=0.3923 | 0.02949 | 1.530 | 1.789
 9 | [   360,   490] | hag     | (408.947, 410.514) r=0.05404 | 0.00315 | 2.502 | 1.761
10 | [   444,   574] | seed    | (493.314, 493.958) r=0.02133 | 0.01202 | 1.920 | 2.842
10 | [   444,   574] | hag     | (491.399, 493.314) r=0.2762 | 0.01376 | 1.861 | 2.174
11 | [   536,   666] | seed    | (583.236, 584.562) r=0.4873 | 0.03673 | 1.435 | 10.95
11 | [   536,   666] | hag     | (581.947, 583.236) r=0.6722 | 0.06428 | 1.192 | 5.58
12 | [   636,   766] | seed    | (681.895, 682.603) r=0.7219 | 0.1582 | 0.801 | 77.13
12 | [   636,   766] | hag     | (682.603, 684.014) r=0.3101 | 0.05031 | 1.298 | 6.229
13 | [   744,   874] | seed    | (792.428, 792.889) r=0.04014 | 0.05186 | 1.285 | 1.068
13 | [   744,   874] | hag     | (790.832, 792.428) r=0.3743 | 0.07012 | 1.154 | 6.988
14 | [   860,   990] | seed    | (907.657, 908.334) r=0.2947 | 0.05257 | 1.279 | 7.043
14 | [   860,   990] | hag     | (908.334, 910.186) r=0.2282 | 0.007112 | 2.148 | 2.061
15 | [   984,  1114] | seed    | (1031.833, 1032.813) r=0.4486 | 0.1226 | 0.912 | 5.275
15 | [   984,  1114] | hag     | (1030.897, 1031.833) r=0.332 | 0.2552 | 0.593 | 2.617
16 | [  1116,  1246] | seed    | (1163.701, 1164.738) r=0.337 | 0.2499 | 0.602 | 5.181
16 | [  1116,  1246] | hag     | (1162.488, 1163.701) r=0.6594 | 0.02887 | 1.540 | 8.032
17 | [  1256,  1386] | seed    | (1306.508, 1307.267) r=0.04615 | 0.002205 | 2.657 | 1.727
17 | [  1256,  1386] | hag     | (1302.347, 1303.273) r=0.5952 | 0.1026 | 0.989 | 1.974
18 | [  1404,  1534] | seed    | (1453.738, 1454.226) r=0.03341 | 0.0222 | 1.654 | 2.294
18 | [  1404,  1534] | hag     | (1451.835, 1453.738) r=0.697 | 0.02234 | 1.651 | 2.973
19 | [  1560,  1690] | seed    | (1608.836, 1610.003) r=0.2185 | 0.07838 | 1.106 | 3.375
19 | [  1560,  1690] | hag     | (1607.557, 1608.836) r=0.4735 | 0.04877 | 1.312 | 1.57
20 | [  1724,  1854] | seed    | (1772.328, 1773.895) r=0.9222 | 0.04225 | 1.374 | 1.233
20 | [  1724,  1854] | hag     | (1769.941, 1770.244) r=0.1282 | 0.48 | 0.319 | 51.67
21 | [  1896,  2026] | seed    | (1945.154, 1945.923) r=0.1587 | 0.1312 | 0.882 | 1.015
21 | [  1896,  2026] | hag     | (1941.823, 1942.634) r=0.8153 | 0.9322 | 0.030 | 58.3
22 | [  2076,  2206] | seed    | (2125.512, 2125.959) r=0.03953 | 0.1926 | 0.715 | 1.222
22 | [  2076,  2206] | hag     | (2124.370, 2125.512) r=0.1799 | 0.04875 | 1.312 | 1.214
23 | [  2264,  2394] | seed    | (2313.689, 2314.621) r=0.1445 | 0.02892 | 1.539 | 1.286
23 | [  2264,  2394] | hag     | (2313.191, 2313.689) r=0.03624 | 0.06753 | 1.171 | 6.31
24 | [  2460,  2590] | seed    | (2507.871, 2508.766) r=0.5954 | 1.13 | -0.053 | 2.113
24 | [  2460,  2590] | hag     | (2507.152, 2507.871) r=0.2713 | 0.2065 | 0.685 | 8.168
25 | [  2664,  2794] | seed    | (2712.787, 2713.525) r=0.2908 | 0.09432 | 1.025 | 3.41
25 | [  2664,  2794] | hag     | (2713.525, 2714.368) r=0.06063 | 0.01456 | 1.837 | 1.256
26 | [  2876,  3006] | seed    | (2924.333, 2925.262) r=0.5845 | 0.05379 | 1.269 | 3.751
26 | [  2876,  3006] | hag     | (2923.391, 2924.333) r=0.5496 | 0.2291 | 0.640 | 5.59
27 | [  3096,  3226] | seed    | (3146.284, 3147.345) r=0.3552 | 0.01231 | 1.910 | 1.647
27 | [  3096,  3226] | hag     | (3142.979, 3143.567) r=0.4105 | 1.325 | -0.122 | 2.403
28 | [  3324,  3454] | seed    | (3375.380, 3376.298) r=0.05373 | 0.02941 | 1.532 | 1.129
28 | [  3324,  3454] | hag     | (3374.427, 3375.380) r=0.07881 | 0.006563 | 2.183 | 1.182
29 | [  3560,  3690] | seed    | (3609.700, 3611.102) r=0.4816 | 0.0131 | 1.883 | 6.692
29 | [  3560,  3690] | hag     | (3609.283, 3609.700) r=0.06964 | 0.02127 | 1.672 | 2.639
