18:49:46 start lobe_scan.py 6 30
18:54:31 done  lobe_scan.py 6 30 (exit 0)
18:54:31 start census.py DH 6 200
19:01:00 done  census.py DH 6 200 (exit 0)
19:01:00 start lobe_scan.py 9 11
19:04:23 done  lobe_scan.py 9 11 (exit 0)
19:04:23 start lobe_scan.py 12 14
19:08:36 done  lobe_scan.py 12 14 (exit 0)
19:08:36 start lobe_scan.py 15 17
19:13:46 done  lobe_scan.py 15 17 (exit 0)
19:13:46 start lobe_scan.py 18 20
19:21:00 done  lobe_scan.py 18 20 (exit 0)
19:21:00 start lobe_scan.py 21 23
19:30:25 done  lobe_scan.py 21 23 (exit 0)
19:30:25 start lobe_scan.py 24 26
19:43:01 done  lobe_scan.py 24 26 (exit 0)
19:43:01 start verify_violation.py zeta 24 2507.5 2509.2 2509.6 2511.7 1.0
20:14:57 done  verify_violation.py zeta 24 2507.5 2509.2 2509.6 2511.7 1.0 (exit 0)
20:14:57 start lobe_scan.py 27 29
20:35:38 done  lobe_scan.py 27 29 (exit 0)
20:35:38 start verify_violation.py haglund 27 3142.95 3144.0 3144.45 3146.32 1.0
21:09:21 done  verify_violation.py haglund 27 3142.95 3144.0 3144.45 3146.32 1.0 (exit 0)
21:09:21 start lobe_scan.py 30 30
21:18:28 done  lobe_scan.py 30 30 (exit 0)
21:18:28 start census.py DH 9 200
21:31:57 done  census.py DH 9 200 (exit 0)
21:31:57 start census.py Faq:2.9:2 1 200
21:32:39 done  census.py Faq:2.9:2 1 200 (exit 0)
21:32:39 start verify_violation.py DH 9 84.93 86.47 86.5 96.0 1.0
21:33:55 done  verify_violation.py DH 9 84.93 86.47 86.5 96.0 1.0 (exit 0)
21:33:55 start census.py Faq:2.9:2 1 200
21:37:32 done  census.py Faq:2.9:2 1 200 (exit 0)
21:37:32 start census.py Faq:2.9:2 2 200
