[2026-09-25 01:01:34] d4_arch.py start: kind=dh t=85.69934848537759 L=10.0
[2026-09-25 01:01:35] Z_trap = 0.2219969080840397  Z_mp = 0.22199690808403971891;  Bhat trapezoid vs mpmath (eta, trap, mp, diff): [(0.0, 1.0, 1.0, -1.1832913578315177e-30), (5.5, 0.5154294580305263, 0.5154294580305263, 5.235792573762321e-17), (37.25, 0.006852159955727148, 0.0068521599557271485, -8.851458586780293e-19), (250.0, 1.762950462181585e-06, 1.7629504621808752e-06, 7.0973965106524195e-19)]
[2026-09-25 01:01:53] ARCH_dh(t=85.69934848537759, L=10.0) = 7.018339473063738e-02  (h=0.5: 7.018339473063738e-02, H=2000: 7.018339473063738e-02; |dh| = 0.0e+00, |dH| = 0.0e+00); int eta^2 Bhat^2 = 104.438888444304 vs 2pi||B'||^2 = 104.438888444303; endpoint |F| = 3.2e-29; model ||B'||^2/L^3*bracket(t) = 7.018459306186162e-02 (rel. diff 1.7e-05)
[2026-09-25 01:01:53] bracket at r = t: mpmath.digamma(20 digits) = 4.2224003959199668957, own asymptotic series (30 digits) = 4.2224003959199668957, |diff| = 1.78e-21; worst |diff| over 13 sampled nodes = 2.24e-21; stop line (6) (1e-12): does not fire
[2026-09-25 01:01:53] wrote /Users/jaytyagi/Library/Mobile Documents/com~apple~CloudDocs/Documents/Work/2026/Math/riemann/rh-program/results/d4-sign-sweep/harness/../out/arch_dh_t85.69934848537759_L10.json in 18.4s
[2026-09-25 01:01:53] d4_arch.py start: kind=dh t=85.69934848537759 L=20.0
[2026-09-25 01:01:54] Z_trap = 0.2219969080840397  Z_mp = 0.22199690808403971891;  Bhat trapezoid vs mpmath (eta, trap, mp, diff): [(0.0, 1.0, 1.0, -1.1832913578315177e-30), (5.5, 0.5154294580305263, 0.5154294580305263, 5.235792573762321e-17), (37.25, 0.006852159955727148, 0.0068521599557271485, -8.851458586780293e-19), (250.0, 1.762950462181585e-06, 1.7629504621808752e-06, 7.0973965106524195e-19)]
[2026-09-25 01:02:12] ARCH_dh(t=85.69934848537759, L=20.0) = 8.773036707630572e-03  (h=0.5: 8.773036707630572e-03, H=2000: 8.773036707630572e-03; |dh| = 0.0e+00, |dH| = 0.0e+00); int eta^2 Bhat^2 = 104.438888444304 vs 2pi||B'||^2 = 104.438888444303; endpoint |F| = 3.2e-29; model ||B'||^2/L^3*bracket(t) = 8.773074132732702e-03 (rel. diff 4.3e-06)
[2026-09-25 01:02:12] bracket at r = t: mpmath.digamma(20 digits) = 4.2224003959199668957, own asymptotic series (30 digits) = 4.2224003959199668957, |diff| = 1.78e-21; worst |diff| over 13 sampled nodes = 3.30e-21; stop line (6) (1e-12): does not fire
[2026-09-25 01:02:12] wrote /Users/jaytyagi/Library/Mobile Documents/com~apple~CloudDocs/Documents/Work/2026/Math/riemann/rh-program/results/d4-sign-sweep/harness/../out/arch_dh_t85.69934848537759_L20.json in 19.5s
[2026-09-25 01:02:12] d4_arch.py start: kind=zeta t=85.69934848537759 L=10.0
[2026-09-25 01:02:14] Z_trap = 0.2219969080840397  Z_mp = 0.22199690808403971891;  Bhat trapezoid vs mpmath (eta, trap, mp, diff): [(0.0, 1.0, 1.0, -1.1832913578315177e-30), (5.5, 0.5154294580305263, 0.5154294580305263, 5.235792573762321e-17), (37.25, 0.006852159955727148, 0.0068521599557271485, -8.851458586780293e-19), (250.0, 1.762950462181585e-06, 1.7629504621808752e-06, 7.0973965106524195e-19)]
[2026-09-25 01:02:31] ARCH_zeta(t=85.69934848537759, L=10.0) = 4.343137352211607e-02  (h=0.5: 4.343137352211607e-02, H=2000: 4.343137352211606e-02; |dh| = 0.0e+00, |dH| = 6.9e-18); int eta^2 Bhat^2 = 104.438888444304 vs 2pi||B'||^2 = 104.438888444303; endpoint |F| = 3.2e-29; model ||B'||^2/L^3*bracket(t) = 4.343257185334039e-02 (rel. diff 2.8e-05)
[2026-09-25 01:02:31] bracket at r = t: mpmath.digamma(20 digits) = 2.6129624834858665211, own asymptotic series (30 digits) = 2.6129624834858665211, |diff| = 1.50e-21; worst |diff| over 13 sampled nodes = 1.50e-21; stop line (6) (1e-12): does not fire
[2026-09-25 01:02:35] pole term ghat(i/2)+ghat(-i/2) = 2 Re ghat(i/2) = -1.469579e-15 (quadrature at 30 digits)
[2026-09-25 01:02:35] wrote /Users/jaytyagi/Library/Mobile Documents/com~apple~CloudDocs/Documents/Work/2026/Math/riemann/rh-program/results/d4-sign-sweep/harness/../out/arch_zeta_t85.69934848537759_L10.json in 22.6s
[2026-09-25 01:02:35] d4_arch.py start: kind=zeta t=1000000 L=10.0
[2026-09-25 01:02:36] Z_trap = 0.2219969080840397  Z_mp = 0.22199690808403971891;  Bhat trapezoid vs mpmath (eta, trap, mp, diff): [(0.0, 1.0, 1.0, -1.1832913578315177e-30), (5.5, 0.5154294580305263, 0.5154294580305263, 5.235792573762321e-17), (37.25, 0.006852159955727148, 0.0068521599557271485, -8.851458586780293e-19), (250.0, 1.762950462181585e-06, 1.7629504621808752e-06, 7.0973965106524195e-19)]
[2026-09-25 01:02:49] ARCH_zeta(t=1000000, L=10.0) = 1.990918088348919e-01  (h=0.5: 1.990918088348919e-01, H=2000: 1.990918088348918e-01; |dh| = 2.8e-17, |dH| = 5.6e-17); int eta^2 Bhat^2 = 104.438888444304 vs 2pi||B'||^2 = 104.438888444303; endpoint |F| = 3.2e-29; model ||B'||^2/L^3*bracket(t) = 1.990918088349001e-01 (rel. diff 4.1e-14)
[2026-09-25 01:02:49] bracket at r = t: mpmath.digamma(20 digits) = 11.977633491554886954, own asymptotic series (30 digits) = 11.977633491554886954, |diff| = 1.58e-21; worst |diff| over 13 sampled nodes = 6.44e-21; stop line (6) (1e-12): does not fire
[2026-09-25 01:02:49] pole term: Lemma-G strip-weighted bound |ghat(i/2)+ghat(-i/2)| <= 2 (t^2 + 1/4) [e^(L/4) G1(tL)]^2 = 10^-370.4 (taken as 0 in W)
[2026-09-25 01:02:49] wrote /Users/jaytyagi/Library/Mobile Documents/com~apple~CloudDocs/Documents/Work/2026/Math/riemann/rh-program/results/d4-sign-sweep/harness/../out/arch_zeta_t1000000_L10.json in 13.4s
[2026-09-25 01:02:49] d4_arch.py start: kind=zeta t=1000000 L=20.0
[2026-09-25 01:02:50] Z_trap = 0.2219969080840397  Z_mp = 0.22199690808403971891;  Bhat trapezoid vs mpmath (eta, trap, mp, diff): [(0.0, 1.0, 1.0, -1.1832913578315177e-30), (5.5, 0.5154294580305263, 0.5154294580305263, 5.235792573762321e-17), (37.25, 0.006852159955727148, 0.0068521599557271485, -8.851458586780293e-19), (250.0, 1.762950462181585e-06, 1.7629504621808752e-06, 7.0973965106524195e-19)]
[2026-09-25 01:03:02] ARCH_zeta(t=1000000, L=20.0) = 2.488647610436230e-02  (h=0.5: 2.488647610436230e-02, H=2000: 2.488647610436230e-02; |dh| = 3.5e-18, |dH| = 3.5e-18); int eta^2 Bhat^2 = 104.438888444304 vs 2pi||B'||^2 = 104.438888444303; endpoint |F| = 3.2e-29; model ||B'||^2/L^3*bracket(t) = 2.488647610436251e-02 (rel. diff 8.5e-15)
[2026-09-25 01:03:02] bracket at r = t: mpmath.digamma(20 digits) = 11.977633491554886954, own asymptotic series (30 digits) = 11.977633491554886954, |diff| = 1.58e-21; worst |diff| over 13 sampled nodes = 6.54e-21; stop line (6) (1e-12): does not fire
[2026-09-25 01:03:02] pole term: Lemma-G strip-weighted bound |ghat(i/2)+ghat(-i/2)| <= 2 (t^2 + 1/4) [e^(L/4) G1(tL)]^2 = 10^-530.6 (taken as 0 in W)
[2026-09-25 01:03:02] wrote /Users/jaytyagi/Library/Mobile Documents/com~apple~CloudDocs/Documents/Work/2026/Math/riemann/rh-program/results/d4-sign-sweep/harness/../out/arch_zeta_t1000000_L20.json in 13.4s
[2026-09-25 01:04:50] d4_arch.py start: kind=zeta t=1000000000000 L=20.0
[2026-09-25 01:04:52] Z_trap = 0.2219969080840397  Z_mp = 0.22199690808403971891;  Bhat trapezoid vs mpmath (eta, trap, mp, diff): [(0.0, 1.0, 1.0, -1.1832913578315177e-30), (5.5, 0.5154294580305263, 0.5154294580305263, 5.235792573762321e-17), (37.25, 0.006852159955727148, 0.0068521599557271485, -8.851458586780293e-19), (250.0, 1.762950462181585e-06, 1.7629504621808752e-06, 7.0973965106524195e-19)]
[2026-09-25 01:05:04] ARCH_zeta(t=1000000000000, L=20.0) = 5.359159332244792e-02  (h=0.5: 5.359159332244792e-02, H=2000: 5.359159332244792e-02; |dh| = 6.9e-18, |dH| = 0.0e+00); int eta^2 Bhat^2 = 104.438888444304 vs 2pi||B'||^2 = 104.438888444303; endpoint |F| = 3.2e-29; model ||B'||^2/L^3*bracket(t) = 5.359159332244778e-02 (rel. diff 2.6e-15)
[2026-09-25 01:05:04] bracket at r = t: mpmath.digamma(20 digits) = 25.793144049519202725, own asymptotic series (30 digits) = 25.793144049519202725, |diff| = 1.21e-20; worst |diff| over 13 sampled nodes = 1.34e-20; stop line (6) (1e-12): does not fire
[2026-09-25 01:05:04] pole term: Lemma-G strip-weighted bound |ghat(i/2)+ghat(-i/2)| <= 2 (t^2 + 1/4) [e^(L/4) G1(tL)]^2 = 10^-555280.5 (taken as 0 in W)
[2026-09-25 01:05:04] wrote /Users/jaytyagi/Library/Mobile Documents/com~apple~CloudDocs/Documents/Work/2026/Math/riemann/rh-program/results/d4-sign-sweep/harness/../out/arch_zeta_t1000000000000_L20.json in 13.4s
[2026-09-25 01:05:04] d4_arch.py start: kind=zeta t=1000000000000 L=28.35
[2026-09-25 01:05:05] Z_trap = 0.2219969080840397  Z_mp = 0.22199690808403971891;  Bhat trapezoid vs mpmath (eta, trap, mp, diff): [(0.0, 1.0, 1.0, -1.1832913578315177e-30), (5.5, 0.5154294580305263, 0.5154294580305263, 5.235792573762321e-17), (37.25, 0.006852159955727148, 0.0068521599557271485, -8.851458586780293e-19), (250.0, 1.762950462181585e-06, 1.7629504621808752e-06, 7.0973965106524195e-19)]
[2026-09-25 01:05:17] ARCH_zeta(t=1000000000000, L=28.35) = 1.881600702215674e-02  (h=0.5: 1.881600702215674e-02, H=2000: 1.881600702215674e-02; |dh| = 3.5e-18, |dH| = 3.5e-18); int eta^2 Bhat^2 = 104.438888444304 vs 2pi||B'||^2 = 104.438888444303; endpoint |F| = 3.2e-29; model ||B'||^2/L^3*bracket(t) = 1.881600702215669e-02 (rel. diff 2.6e-15)
[2026-09-25 01:05:17] bracket at r = t: mpmath.digamma(20 digits) = 25.793144049519202725, own asymptotic series (30 digits) = 25.793144049519202725, |diff| = 1.21e-20; worst |diff| over 13 sampled nodes = 1.32e-20; stop line (6) (1e-12): does not fire
[2026-09-25 01:05:17] pole term: Lemma-G strip-weighted bound |ghat(i/2)+ghat(-i/2)| <= 2 (t^2 + 1/4) [e^(L/4) G1(tL)]^2 = 10^-661116.5 (taken as 0 in W)
[2026-09-25 01:05:17] wrote /Users/jaytyagi/Library/Mobile Documents/com~apple~CloudDocs/Documents/Work/2026/Math/riemann/rh-program/results/d4-sign-sweep/harness/../out/arch_zeta_t1000000000000_L28.35.json in 13.5s
[2026-09-25 01:05:18] d4_arch.py start: kind=zeta t=3000175332900 L=28.35
[2026-09-25 01:05:19] Z_trap = 0.2219969080840397  Z_mp = 0.22199690808403971891;  Bhat trapezoid vs mpmath (eta, trap, mp, diff): [(0.0, 1.0, 1.0, -1.1832913578315177e-30), (5.5, 0.5154294580305263, 0.5154294580305263, 5.235792573762321e-17), (37.25, 0.006852159955727148, 0.0068521599557271485, -8.851458586780293e-19), (250.0, 1.762950462181585e-06, 1.7629504621808752e-06, 7.0973965106524195e-19)]
[2026-09-25 01:05:31] ARCH_zeta(t=3000175332900, L=28.35) = 1.961748342048738e-02  (h=0.5: 1.961748342048738e-02, H=2000: 1.961748342048738e-02; |dh| = 0.0e+00, |dH| = 3.5e-18); int eta^2 Bhat^2 = 104.438888444304 vs 2pi||B'||^2 = 104.438888444303; endpoint |F| = 3.2e-29; model ||B'||^2/L^3*bracket(t) = 1.961748342048733e-02 (rel. diff 2.3e-15)
[2026-09-25 01:05:31] bracket at r = t: mpmath.digamma(20 digits) = 26.891814780779510855, own asymptotic series (30 digits) = 26.891814780779510855, |diff| = 1.07e-20; worst |diff| over 13 sampled nodes = 1.34e-20; stop line (6) (1e-12): does not fire
[2026-09-25 01:05:31] pole term: Lemma-G strip-weighted bound |ghat(i/2)+ghat(-i/2)| <= 2 (t^2 + 1/4) [e^(L/4) G1(tL)]^2 = 10^-1145152.1 (taken as 0 in W)
[2026-09-25 01:05:31] wrote /Users/jaytyagi/Library/Mobile Documents/com~apple~CloudDocs/Documents/Work/2026/Math/riemann/rh-program/results/d4-sign-sweep/harness/../out/arch_zeta_t3000175332900_L28.35.json in 13.4s
[2026-09-25 01:05:31] d4_arch.py start: kind=zeta t=10000000000000000 L=28.35
[2026-09-25 01:05:32] Z_trap = 0.2219969080840397  Z_mp = 0.22199690808403971891;  Bhat trapezoid vs mpmath (eta, trap, mp, diff): [(0.0, 1.0, 1.0, -1.1832913578315177e-30), (5.5, 0.5154294580305263, 0.5154294580305263, 5.235792573762321e-17), (37.25, 0.006852159955727148, 0.0068521599557271485, -8.851458586780293e-19), (250.0, 1.762950462181585e-06, 1.7629504621808752e-06, 7.0973965106524195e-19)]
[2026-09-25 01:05:45] ARCH_zeta(t=10000000000000000, L=28.35) = 2.553491762812406e-02  (h=0.5: 2.553491762812406e-02, H=2000: 2.553491762812406e-02; |dh| = 3.5e-18, |dH| = 0.0e+00); int eta^2 Bhat^2 = 104.438888444304 vs 2pi||B'||^2 = 104.438888444303; endpoint |F| = 3.2e-29; model ||B'||^2/L^3*bracket(t) = 2.553491762812400e-02 (rel. diff 2.4e-15)
[2026-09-25 01:05:45] bracket at r = t: mpmath.digamma(20 digits) = 35.003484421495385461, own asymptotic series (30 digits) = 35.003484421495385461, |diff| = 2.29e-20; worst |diff| over 13 sampled nodes = 2.62e-20; stop line (6) (1e-12): does not fire
[2026-09-25 01:05:45] pole term: Lemma-G strip-weighted bound |ghat(i/2)+ghat(-i/2)| <= 2 (t^2 + 1/4) [e^(L/4) G1(tL)]^2 = 10^-66116061.2 (taken as 0 in W)
[2026-09-25 01:05:45] wrote /Users/jaytyagi/Library/Mobile Documents/com~apple~CloudDocs/Documents/Work/2026/Math/riemann/rh-program/results/d4-sign-sweep/harness/../out/arch_zeta_t10000000000000000_L28.35.json in 13.5s
[2026-09-25 01:05:45] d4_arch.py start: kind=zeta t=100000000000000000000 L=28.35
[2026-09-25 01:05:46] Z_trap = 0.2219969080840397  Z_mp = 0.22199690808403971891;  Bhat trapezoid vs mpmath (eta, trap, mp, diff): [(0.0, 1.0, 1.0, -1.1832913578315177e-30), (5.5, 0.5154294580305263, 0.5154294580305263, 5.235792573762321e-17), (37.25, 0.006852159955727148, 0.0068521599557271485, -8.851458586780293e-19), (250.0, 1.762950462181585e-06, 1.7629504621808752e-06, 7.0973965106524195e-19)]
[2026-09-25 01:05:58] ARCH_zeta(t=100000000000000000000, L=28.35) = 3.225382823409139e-02  (h=0.5: 3.225382823409138e-02, H=2000: 3.225382823409139e-02; |dh| = 6.9e-18, |dH| = 0.0e+00); int eta^2 Bhat^2 = 104.438888444304 vs 2pi||B'||^2 = 104.438888444303; endpoint |F| = 3.2e-29; model ||B'||^2/L^3*bracket(t) = 3.225382823409131e-02 (rel. diff 2.6e-15)
[2026-09-25 01:05:58] bracket at r = t: mpmath.digamma(20 digits) = 44.213824793471568197, own asymptotic series (30 digits) = 44.213824793471568197, |diff| = 3.74e-21; worst |diff| over 13 sampled nodes = 2.45e-20; stop line (6) (1e-12): does not fire
[2026-09-25 01:05:58] pole term: Lemma-G strip-weighted bound |ghat(i/2)+ghat(-i/2)| <= 2 (t^2 + 1/4) [e^(L/4) G1(tL)]^2 = 10^-6611611715.8 (taken as 0 in W)
[2026-09-25 01:05:58] wrote /Users/jaytyagi/Library/Mobile Documents/com~apple~CloudDocs/Documents/Work/2026/Math/riemann/rh-program/results/d4-sign-sweep/harness/../out/arch_zeta_t100000000000000000000_L28.35.json in 13.5s
[2026-09-25 03:32:24] d4_arch.py start: kind=zeta t=3000175332900 L=28.35
[2026-09-25 03:32:25] Z_trap = 0.2219969080840397  Z_mp = 0.22199690808403971891;  Bhat trapezoid vs mpmath (eta, trap, mp, diff): [(0.0, 1.0, 1.0, -1.1832913578315177e-30), (5.5, 0.5154294580305263, 0.5154294580305263, 5.235792573762321e-17), (37.25, 0.006852159955727148, 0.0068521599557271485, -8.851458586780293e-19), (250.0, 1.762950462181585e-06, 1.7629504621808752e-06, 7.0973965106524195e-19)]
[2026-09-25 03:32:34] ARCH_zeta(t=3000175332900, L=28.35) = 1.961748342048738e-02  (h=0.5: 1.961748342048738e-02, H=2000: 1.961748342048738e-02; |dh| = 0.0e+00, |dH| = 3.5e-18); int eta^2 Bhat^2 = 104.438888444304 vs 2pi||B'||^2 = 104.438888444303; endpoint |F| = 3.2e-29; model ||B'||^2/L^3*bracket(t) = 1.961748342048733e-02 (rel. diff 2.3e-15)
[2026-09-25 03:32:34] bracket at r = t: mpmath.digamma(20 digits) = 26.891814780779510855, own asymptotic series (30 digits) = 26.891814780779510855, |diff| = 1.07e-20; worst |diff| over 13 sampled nodes = 1.34e-20; stop line (6) (1e-12): does not fire
[2026-09-25 03:32:34] pole term: Lemma-G strip-weighted bound |ghat(i/2)+ghat(-i/2)| <= 2 (t^2 + 1/4) [e^(L/4) G1(tL)]^2 = 10^-1145152.1 (taken as 0 in W)
[2026-09-25 03:32:34] wrote /Users/jaytyagi/Library/Mobile Documents/com~apple~CloudDocs/Documents/Work/2026/Math/riemann/rh-program/results/d4-sign-sweep/out/arch_zeta_t3000175332900_L28.35.json in 9.2s
[2026-09-25 03:44:02] d4_arch.py start: kind=zeta t=3000175332800 L=22.0
[2026-09-25 03:44:03] Z_trap = 0.2219969080840397  Z_mp = 0.22199690808403971891;  Bhat trapezoid vs mpmath (eta, trap, mp, diff): [(0.0, 1.0, 1.0, -1.1832913578315177e-30), (5.5, 0.5154294580305263, 0.5154294580305263, 5.235792573762321e-17), (37.25, 0.006852159955727148, 0.0068521599557271485, -8.851458586780293e-19), (250.0, 1.762950462181585e-06, 1.7629504621808752e-06, 7.0973965106524195e-19)]
[2026-09-25 03:44:11] ARCH_zeta(t=3000175332800, L=22.0) = 4.197922740436972e-02  (h=0.5: 4.197922740436971e-02, H=2000: 4.197922740436972e-02; |dh| = 6.9e-18, |dH| = 0.0e+00); int eta^2 Bhat^2 = 104.438888444304 vs 2pi||B'||^2 = 104.438888444303; endpoint |F| = 3.2e-29; model ||B'||^2/L^3*bracket(t) = 4.197922740436962e-02 (rel. diff 2.5e-15)
[2026-09-25 03:44:11] bracket at r = t: mpmath.digamma(20 digits) = 26.89181478074617947, own asymptotic series (30 digits) = 26.89181478074617947, |diff| = 7.33e-21; worst |diff| over 13 sampled nodes = 1.09e-20; stop line (6) (1e-12): does not fire
[2026-09-25 03:44:11] pole term: Lemma-G strip-weighted bound |ghat(i/2)+ghat(-i/2)| <= 2 (t^2 + 1/4) [e^(L/4) G1(tL)]^2 = 10^-1008779.5 (taken as 0 in W)
[2026-09-25 03:44:11] wrote /Users/jaytyagi/Library/Mobile Documents/com~apple~CloudDocs/Documents/Work/2026/Math/riemann/rh-program/results/d4-sign-sweep/out/arch_zeta_t3000175332800_L22.json in 8.9s
[2026-09-25 03:44:42] d4_arch.py start: kind=zeta t=3464548425227 L=22.0
[2026-09-25 03:44:43] Z_trap = 0.2219969080840397  Z_mp = 0.22199690808403971891;  Bhat trapezoid vs mpmath (eta, trap, mp, diff): [(0.0, 1.0, 1.0, -1.1832913578315177e-30), (5.5, 0.5154294580305263, 0.5154294580305263, 5.235792573762321e-17), (37.25, 0.006852159955727148, 0.0068521599557271485, -8.851458586780293e-19), (250.0, 1.762950462181585e-06, 1.7629504621808752e-06, 7.0973965106524195e-19)]
[2026-09-25 03:44:51] ARCH_zeta(t=3464548425227, L=22.0) = 4.220387927340677e-02  (h=0.5: 4.220387927340676e-02, H=2000: 4.220387927340675e-02; |dh| = 1.4e-17, |dH| = 2.1e-17); int eta^2 Bhat^2 = 104.438888444304 vs 2pi||B'||^2 = 104.438888444303; endpoint |F| = 3.2e-29; model ||B'||^2/L^3*bracket(t) = 4.220387927340665e-02 (rel. diff 2.8e-15)
[2026-09-25 03:44:51] bracket at r = t: mpmath.digamma(20 digits) = 27.035726349058267003, own asymptotic series (30 digits) = 27.035726349058267003, |diff| = 6.01e-23; worst |diff| over 13 sampled nodes = 1.11e-20; stop line (6) (1e-12): does not fire
[2026-09-25 03:44:51] pole term: Lemma-G strip-weighted bound |ghat(i/2)+ghat(-i/2)| <= 2 (t^2 + 1/4) [e^(L/4) G1(tL)]^2 = 10^-1084045.5 (taken as 0 in W)
[2026-09-25 03:44:51] wrote /Users/jaytyagi/Library/Mobile Documents/com~apple~CloudDocs/Documents/Work/2026/Math/riemann/rh-program/results/d4-sign-sweep/out/arch_zeta_t3464548425227_L22.json in 9.1s
[2026-09-25 03:45:22] d4_arch.py start: kind=zeta t=4000798106537 L=22.0
[2026-09-25 03:45:23] Z_trap = 0.2219969080840397  Z_mp = 0.22199690808403971891;  Bhat trapezoid vs mpmath (eta, trap, mp, diff): [(0.0, 1.0, 1.0, -1.1832913578315177e-30), (5.5, 0.5154294580305263, 0.5154294580305263, 5.235792573762321e-17), (37.25, 0.006852159955727148, 0.0068521599557271485, -8.851458586780293e-19), (250.0, 1.762950462181585e-06, 1.7629504621808752e-06, 7.0973965106524195e-19)]
[2026-09-25 03:45:31] ARCH_zeta(t=4000798106537, L=22.0) = 4.242853114244411e-02  (h=0.5: 4.242853114244411e-02, H=2000: 4.242853114244410e-02; |dh| = 0.0e+00, |dH| = 6.9e-18); int eta^2 Bhat^2 = 104.438888444304 vs 2pi||B'||^2 = 104.438888444303; endpoint |F| = 3.2e-29; model ||B'||^2/L^3*bracket(t) = 4.242853114244401e-02 (rel. diff 2.5e-15)
[2026-09-25 03:45:31] bracket at r = t: mpmath.digamma(20 digits) = 27.179637917370551837, own asymptotic series (30 digits) = 27.179637917370551837, |diff| = 8.96e-21; worst |diff| over 13 sampled nodes = 1.28e-20; stop line (6) (1e-12): does not fire
[2026-09-25 03:45:31] pole term: Lemma-G strip-weighted bound |ghat(i/2)+ghat(-i/2)| <= 2 (t^2 + 1/4) [e^(L/4) G1(tL)]^2 = 10^-1164927.0 (taken as 0 in W)
[2026-09-25 03:45:31] wrote /Users/jaytyagi/Library/Mobile Documents/com~apple~CloudDocs/Documents/Work/2026/Math/riemann/rh-program/results/d4-sign-sweep/out/arch_zeta_t4000798106537_L22.json in 9.1s
[2026-09-25 03:46:02] d4_arch.py start: kind=zeta t=4620049577808 L=22.0
[2026-09-25 03:46:03] Z_trap = 0.2219969080840397  Z_mp = 0.22199690808403971891;  Bhat trapezoid vs mpmath (eta, trap, mp, diff): [(0.0, 1.0, 1.0, -1.1832913578315177e-30), (5.5, 0.5154294580305263, 0.5154294580305263, 5.235792573762321e-17), (37.25, 0.006852159955727148, 0.0068521599557271485, -8.851458586780293e-19), (250.0, 1.762950462181585e-06, 1.7629504621808752e-06, 7.0973965106524195e-19)]
[2026-09-25 03:46:11] ARCH_zeta(t=4620049577808, L=22.0) = 4.265318301148101e-02  (h=0.5: 4.265318301148101e-02, H=2000: 4.265318301148101e-02; |dh| = 0.0e+00, |dH| = 0.0e+00); int eta^2 Bhat^2 = 104.438888444304 vs 2pi||B'||^2 = 104.438888444303; endpoint |F| = 3.2e-29; model ||B'||^2/L^3*bracket(t) = 4.265318301148090e-02 (rel. diff 2.6e-15)
[2026-09-25 03:46:11] bracket at r = t: mpmath.digamma(20 digits) = 27.3235494856825448, own asymptotic series (30 digits) = 27.3235494856825448, |diff| = 1.58e-22; worst |diff| over 13 sampled nodes = 9.82e-21; stop line (6) (1e-12): does not fire
[2026-09-25 03:46:11] pole term: Lemma-G strip-weighted bound |ghat(i/2)+ghat(-i/2)| <= 2 (t^2 + 1/4) [e^(L/4) G1(tL)]^2 = 10^-1251842.8 (taken as 0 in W)
[2026-09-25 03:46:11] wrote /Users/jaytyagi/Library/Mobile Documents/com~apple~CloudDocs/Documents/Work/2026/Math/riemann/rh-program/results/d4-sign-sweep/out/arch_zeta_t4620049577808_L22.json in 9.1s
[2026-09-25 03:46:42] d4_arch.py start: kind=zeta t=5335150020825 L=22.0
[2026-09-25 03:46:43] Z_trap = 0.2219969080840397  Z_mp = 0.22199690808403971891;  Bhat trapezoid vs mpmath (eta, trap, mp, diff): [(0.0, 1.0, 1.0, -1.1832913578315177e-30), (5.5, 0.5154294580305263, 0.5154294580305263, 5.235792573762321e-17), (37.25, 0.006852159955727148, 0.0068521599557271485, -8.851458586780293e-19), (250.0, 1.762950462181585e-06, 1.7629504621808752e-06, 7.0973965106524195e-19)]
[2026-09-25 03:46:51] ARCH_zeta(t=5335150020825, L=22.0) = 4.287783488051817e-02  (h=0.5: 4.287783488051818e-02, H=2000: 4.287783488051817e-02; |dh| = 6.9e-18, |dH| = 0.0e+00); int eta^2 Bhat^2 = 104.438888444304 vs 2pi||B'||^2 = 104.438888444303; endpoint |F| = 3.2e-29; model ||B'||^2/L^3*bracket(t) = 4.287783488051806e-02 (rel. diff 2.6e-15)
[2026-09-25 03:46:51] bracket at r = t: mpmath.digamma(20 digits) = 27.467461053994707221, own asymptotic series (30 digits) = 27.467461053994707221, |diff| = 8.36e-21; worst |diff| over 13 sampled nodes = 1.29e-20; stop line (6) (1e-12): does not fire
[2026-09-25 03:46:51] pole term: Lemma-G strip-weighted bound |ghat(i/2)+ghat(-i/2)| <= 2 (t^2 + 1/4) [e^(L/4) G1(tL)]^2 = 10^-1345243.3 (taken as 0 in W)
[2026-09-25 03:46:51] wrote /Users/jaytyagi/Library/Mobile Documents/com~apple~CloudDocs/Documents/Work/2026/Math/riemann/rh-program/results/d4-sign-sweep/out/arch_zeta_t5335150020825_L22.json in 9.2s
[2026-09-25 03:47:22] d4_arch.py start: kind=zeta t=6160935129664 L=22.0
[2026-09-25 03:47:23] Z_trap = 0.2219969080840397  Z_mp = 0.22199690808403971891;  Bhat trapezoid vs mpmath (eta, trap, mp, diff): [(0.0, 1.0, 1.0, -1.1832913578315177e-30), (5.5, 0.5154294580305263, 0.5154294580305263, 5.235792573762321e-17), (37.25, 0.006852159955727148, 0.0068521599557271485, -8.851458586780293e-19), (250.0, 1.762950462181585e-06, 1.7629504621808752e-06, 7.0973965106524195e-19)]
[2026-09-25 03:47:32] ARCH_zeta(t=6160935129664, L=22.0) = 4.310248674955520e-02  (h=0.5: 4.310248674955518e-02, H=2000: 4.310248674955520e-02; |dh| = 2.1e-17, |dH| = 6.9e-18); int eta^2 Bhat^2 = 104.438888444304 vs 2pi||B'||^2 = 104.438888444303; endpoint |F| = 3.2e-29; model ||B'||^2/L^3*bracket(t) = 4.310248674955509e-02 (rel. diff 2.7e-15)
[2026-09-25 03:47:32] bracket at r = t: mpmath.digamma(20 digits) = 27.611372622306786766, own asymptotic series (30 digits) = 27.611372622306786766, |diff| = 1.03e-20; worst |diff| over 13 sampled nodes = 1.30e-20; stop line (6) (1e-12): does not fire
[2026-09-25 03:47:32] pole term: Lemma-G strip-weighted bound |ghat(i/2)+ghat(-i/2)| <= 2 (t^2 + 1/4) [e^(L/4) G1(tL)]^2 = 10^-1445612.2 (taken as 0 in W)
[2026-09-25 03:47:32] wrote /Users/jaytyagi/Library/Mobile Documents/com~apple~CloudDocs/Documents/Work/2026/Math/riemann/rh-program/results/d4-sign-sweep/out/arch_zeta_t6160935129664_L22.json in 9.2s
[2026-09-25 03:48:03] d4_arch.py start: kind=zeta t=7114536896577 L=22.0
[2026-09-25 03:48:03] Z_trap = 0.2219969080840397  Z_mp = 0.22199690808403971891;  Bhat trapezoid vs mpmath (eta, trap, mp, diff): [(0.0, 1.0, 1.0, -1.1832913578315177e-30), (5.5, 0.5154294580305263, 0.5154294580305263, 5.235792573762321e-17), (37.25, 0.006852159955727148, 0.0068521599557271485, -8.851458586780293e-19), (250.0, 1.762950462181585e-06, 1.7629504621808752e-06, 7.0973965106524195e-19)]
[2026-09-25 03:48:12] ARCH_zeta(t=7114536896577, L=22.0) = 4.332713861859244e-02  (h=0.5: 4.332713861859244e-02, H=2000: 4.332713861859244e-02; |dh| = 0.0e+00, |dH| = 6.9e-18); int eta^2 Bhat^2 = 104.438888444304 vs 2pi||B'||^2 = 104.438888444303; endpoint |F| = 3.2e-29; model ||B'||^2/L^3*bracket(t) = 4.332713861859232e-02 (rel. diff 2.6e-15)
[2026-09-25 03:48:12] bracket at r = t: mpmath.digamma(20 digits) = 27.755284190618999195, own asymptotic series (30 digits) = 27.755284190618999195, |diff| = 1.21e-20; worst |diff| over 13 sampled nodes = 1.32e-20; stop line (6) (1e-12): does not fire
[2026-09-25 03:48:12] pole term: Lemma-G strip-weighted bound |ghat(i/2)+ghat(-i/2)| <= 2 (t^2 + 1/4) [e^(L/4) G1(tL)]^2 = 10^-1553469.3 (taken as 0 in W)
[2026-09-25 03:48:12] wrote /Users/jaytyagi/Library/Mobile Documents/com~apple~CloudDocs/Documents/Work/2026/Math/riemann/rh-program/results/d4-sign-sweep/out/arch_zeta_t7114536896577_L22.json in 9.2s
[2026-09-25 03:48:43] d4_arch.py start: kind=zeta t=8215739037575 L=22.0
[2026-09-25 03:48:43] Z_trap = 0.2219969080840397  Z_mp = 0.22199690808403971891;  Bhat trapezoid vs mpmath (eta, trap, mp, diff): [(0.0, 1.0, 1.0, -1.1832913578315177e-30), (5.5, 0.5154294580305263, 0.5154294580305263, 5.235792573762321e-17), (37.25, 0.006852159955727148, 0.0068521599557271485, -8.851458586780293e-19), (250.0, 1.762950462181585e-06, 1.7629504621808752e-06, 7.0973965106524195e-19)]
[2026-09-25 03:48:52] ARCH_zeta(t=8215739037575, L=22.0) = 4.355179048762944e-02  (h=0.5: 4.355179048762944e-02, H=2000: 4.355179048762944e-02; |dh| = 0.0e+00, |dH| = 0.0e+00); int eta^2 Bhat^2 = 104.438888444304 vs 2pi||B'||^2 = 104.438888444303; endpoint |F| = 3.2e-29; model ||B'||^2/L^3*bracket(t) = 4.355179048762932e-02 (rel. diff 2.7e-15)
[2026-09-25 03:48:52] bracket at r = t: mpmath.digamma(20 digits) = 27.899195758931058094, own asymptotic series (30 digits) = 27.899195758931058094, |diff| = 4.19e-22; worst |diff| over 13 sampled nodes = 1.17e-20; stop line (6) (1e-12): does not fire
[2026-09-25 03:48:52] pole term: Lemma-G strip-weighted bound |ghat(i/2)+ghat(-i/2)| <= 2 (t^2 + 1/4) [e^(L/4) G1(tL)]^2 = 10^-1669373.5 (taken as 0 in W)
[2026-09-25 03:48:52] wrote /Users/jaytyagi/Library/Mobile Documents/com~apple~CloudDocs/Documents/Work/2026/Math/riemann/rh-program/results/d4-sign-sweep/out/arch_zeta_t8215739037575_L22.json in 9.1s
[2026-09-25 03:49:23] d4_arch.py start: kind=zeta t=9487387431502 L=22.0
[2026-09-25 03:49:24] Z_trap = 0.2219969080840397  Z_mp = 0.22199690808403971891;  Bhat trapezoid vs mpmath (eta, trap, mp, diff): [(0.0, 1.0, 1.0, -1.1832913578315177e-30), (5.5, 0.5154294580305263, 0.5154294580305263, 5.235792573762321e-17), (37.25, 0.006852159955727148, 0.0068521599557271485, -8.851458586780293e-19), (250.0, 1.762950462181585e-06, 1.7629504621808752e-06, 7.0973965106524195e-19)]
[2026-09-25 03:49:32] ARCH_zeta(t=9487387431502, L=22.0) = 4.377644235666662e-02  (h=0.5: 4.377644235666662e-02, H=2000: 4.377644235666663e-02; |dh| = 0.0e+00, |dH| = 6.9e-18); int eta^2 Bhat^2 = 104.438888444304 vs 2pi||B'||^2 = 104.438888444303; endpoint |F| = 3.2e-29; model ||B'||^2/L^3*bracket(t) = 4.377644235666651e-02 (rel. diff 2.5e-15)
[2026-09-25 03:49:32] bracket at r = t: mpmath.digamma(20 digits) = 28.043107327243236803, own asymptotic series (30 digits) = 28.043107327243236803, |diff| = 9.52e-21; worst |diff| over 13 sampled nodes = 1.26e-20; stop line (6) (1e-12): does not fire
[2026-09-25 03:49:32] pole term: Lemma-G strip-weighted bound |ghat(i/2)+ghat(-i/2)| <= 2 (t^2 + 1/4) [e^(L/4) G1(tL)]^2 = 10^-1793925.1 (taken as 0 in W)
[2026-09-25 03:49:32] wrote /Users/jaytyagi/Library/Mobile Documents/com~apple~CloudDocs/Documents/Work/2026/Math/riemann/rh-program/results/d4-sign-sweep/out/arch_zeta_t9487387431502_L22.json in 9.3s
[2026-09-25 03:50:03] d4_arch.py start: kind=zeta t=10955864087667 L=22.0
[2026-09-25 03:50:04] Z_trap = 0.2219969080840397  Z_mp = 0.22199690808403971891;  Bhat trapezoid vs mpmath (eta, trap, mp, diff): [(0.0, 1.0, 1.0, -1.1832913578315177e-30), (5.5, 0.5154294580305263, 0.5154294580305263, 5.235792573762321e-17), (37.25, 0.006852159955727148, 0.0068521599557271485, -8.851458586780293e-19), (250.0, 1.762950462181585e-06, 1.7629504621808752e-06, 7.0973965106524195e-19)]
[2026-09-25 03:50:12] ARCH_zeta(t=10955864087667, L=22.0) = 4.400109422570363e-02  (h=0.5: 4.400109422570363e-02, H=2000: 4.400109422570363e-02; |dh| = 0.0e+00, |dH| = 0.0e+00); int eta^2 Bhat^2 = 104.438888444304 vs 2pi||B'||^2 = 104.438888444303; endpoint |F| = 3.2e-29; model ||B'||^2/L^3*bracket(t) = 4.400109422570352e-02 (rel. diff 2.5e-15)
[2026-09-25 03:50:12] bracket at r = t: mpmath.digamma(20 digits) = 28.187018895555300718, own asymptotic series (30 digits) = 28.187018895555300718, |diff| = 8.66e-21; worst |diff| over 13 sampled nodes = 1.26e-20; stop line (6) (1e-12): does not fire
[2026-09-25 03:50:12] pole term: Lemma-G strip-weighted bound |ghat(i/2)+ghat(-i/2)| <= 2 (t^2 + 1/4) [e^(L/4) G1(tL)]^2 = 10^-1927769.2 (taken as 0 in W)
[2026-09-25 03:50:12] wrote /Users/jaytyagi/Library/Mobile Documents/com~apple~CloudDocs/Documents/Work/2026/Math/riemann/rh-program/results/d4-sign-sweep/out/arch_zeta_t10955864087667_L22.json in 9.2s
[2026-09-25 03:50:43] d4_arch.py start: kind=zeta t=12651634475144 L=22.0
[2026-09-25 03:50:44] Z_trap = 0.2219969080840397  Z_mp = 0.22199690808403971891;  Bhat trapezoid vs mpmath (eta, trap, mp, diff): [(0.0, 1.0, 1.0, -1.1832913578315177e-30), (5.5, 0.5154294580305263, 0.5154294580305263, 5.235792573762321e-17), (37.25, 0.006852159955727148, 0.0068521599557271485, -8.851458586780293e-19), (250.0, 1.762950462181585e-06, 1.7629504621808752e-06, 7.0973965106524195e-19)]
[2026-09-25 03:50:52] ARCH_zeta(t=12651634475144, L=22.0) = 4.422574609474072e-02  (h=0.5: 4.422574609474072e-02, H=2000: 4.422574609474072e-02; |dh| = 0.0e+00, |dH| = 0.0e+00); int eta^2 Bhat^2 = 104.438888444304 vs 2pi||B'||^2 = 104.438888444303; endpoint |F| = 3.2e-29; model ||B'||^2/L^3*bracket(t) = 4.422574609474061e-02 (rel. diff 2.4e-15)
[2026-09-25 03:50:52] bracket at r = t: mpmath.digamma(20 digits) = 28.330930463867423965, own asymptotic series (30 digits) = 28.330930463867423965, |diff| = 6.73e-21; worst |diff| over 13 sampled nodes = 1.32e-20; stop line (6) (1e-12): does not fire
[2026-09-25 03:50:52] pole term: Lemma-G strip-weighted bound |ghat(i/2)+ghat(-i/2)| <= 2 (t^2 + 1/4) [e^(L/4) G1(tL)]^2 = 10^-2071599.2 (taken as 0 in W)
[2026-09-25 03:50:52] wrote /Users/jaytyagi/Library/Mobile Documents/com~apple~CloudDocs/Documents/Work/2026/Math/riemann/rh-program/results/d4-sign-sweep/out/arch_zeta_t12651634475144_L22.json in 9.2s
