[2026-09-25 01:05:59] d4_planted.py start: t=85.69934848537759 L=10.0 delta=0.3085171824566374
[2026-09-25 01:06:07] planted orbit at (t = 85.69934848537759, L = 10.0, delta = 0.3085171824566374), lambda = delta L = 3.085172: c(lambda) kernel = 1.2010623533477864, mpmath = 1.20106235334778629; pair at +t (kernel) = -2.746121937765580e-01 + 0.0e+00 i; expected -2 delta^2 c^2 = -0.274612193776558; |diff| = 6.70e-17 (rel 2.44e-16) -> PASS; reflected pair at -t: {'method': 'quadrature', 'E_minus': 1.1211343425967594e-23}; edge-law constants (C2 Instruments line 104) apply only for lambda = delta L >= 25; not used here
[2026-09-25 01:06:07] wrote /Users/jaytyagi/Library/Mobile Documents/com~apple~CloudDocs/Documents/Work/2026/Math/riemann/rh-program/results/d4-sign-sweep/harness/../out/planted_t85.69934848537759_L10_d0.308517.json (8.4s)
[2026-09-25 01:06:07] d4_planted.py start: t=85.69934848537759 L=20.0 delta=0.3085171824566374
[2026-09-25 01:06:24] planted orbit at (t = 85.69934848537759, L = 20.0, delta = 0.3085171824566374), lambda = delta L = 6.170344: c(lambda) kernel = 1.9826063598377204, mpmath = 1.98260635983772019; pair at +t (kernel) = -7.482757977633286e-01 + 0.0e+00 i; expected -2 delta^2 c^2 = -0.7482757977633285; |diff| = 1.57e-16 (rel 2.09e-16) -> PASS; reflected pair at -t: {'method': 'quadrature', 'E_minus': 2.7119023243615926e-33}; edge-law constants (C2 Instruments line 104) apply only for lambda = delta L >= 25; not used here
[2026-09-25 01:06:24] wrote /Users/jaytyagi/Library/Mobile Documents/com~apple~CloudDocs/Documents/Work/2026/Math/riemann/rh-program/results/d4-sign-sweep/harness/../out/planted_t85.69934848537759_L20_d0.308517.json (16.7s)
[2026-09-25 01:06:24] d4_planted.py start: t=1000000000000 L=28.35 delta=0.1
[2026-09-25 01:06:24] planted orbit at (t = 1000000000000, L = 28.35, delta = 0.1), lambda = delta L = 2.835000: c(lambda) kernel = 1.1680266129992189, mpmath = 1.16802661299921898; pair at +t (kernel) = -2.728572337348855e-02 + 0.0e+00 i; expected -2 delta^2 c^2 = -0.02728572337348855; |diff| = 2.12e-18 (rel 7.77e-17) -> PASS; reflected pair at -t: {'method': 'Lemma-G bound', 'log10_bound': -934982.4647105064}; edge-law constants (C2 Instruments line 104) apply only for lambda = delta L >= 25; not used here
[2026-09-25 01:06:24] wrote /Users/jaytyagi/Library/Mobile Documents/com~apple~CloudDocs/Documents/Work/2026/Math/riemann/rh-program/results/d4-sign-sweep/harness/../out/planted_t1000000000000_L28.35_d0.1.json (0.0s)
[2026-09-25 01:11:22] d4_planted.py start: t=1000000 L=10.0 delta=0.3352525018549451
[2026-09-25 01:11:22] planted orbit at (t = 1000000, L = 10.0, delta = 0.3352525018549451), lambda = delta L = 3.352525: c(lambda) kernel = 1.2402965362197078, mpmath = 1.24029653621970767; pair at +t (kernel) = -3.458000982712001e-01 + 0.0e+00 i; expected -2 delta^2 c^2 = -0.3458000982712; |diff| = 3.26e-17 (rel 9.41e-17) -> PASS; reflected pair at -t: {'method': 'Lemma-G bound', 'log10_bound': -532.9075188640991}; edge-law constants (C2 Instruments line 104) apply only for lambda = delta L >= 25; not used here
[2026-09-25 01:11:22] wrote /Users/jaytyagi/Library/Mobile Documents/com~apple~CloudDocs/Documents/Work/2026/Math/riemann/rh-program/results/d4-sign-sweep/out/planted_t1000000_L10_d0.335253.json (0.0s)
[2026-09-25 01:11:23] d4_planted.py start: t=1000000 L=20.0 delta=0.11852965873569364
[2026-09-25 01:11:23] planted orbit at (t = 1000000, L = 20.0, delta = 0.11852965873569364), lambda = delta L = 2.370593: c(lambda) kernel = 1.1155164548094827, mpmath = 1.11551645480948277; pair at +t (kernel) = -3.496520069989136e-02 + 0.0e+00 i; expected -2 delta^2 c^2 = -0.03496520069989136; |diff| = 1.37e-18 (rel 3.92e-17) -> PASS; reflected pair at -t: {'method': 'Lemma-G bound', 'log10_bound': -763.0561277758321}; edge-law constants (C2 Instruments line 104) apply only for lambda = delta L >= 25; not used here
[2026-09-25 01:11:23] wrote /Users/jaytyagi/Library/Mobile Documents/com~apple~CloudDocs/Documents/Work/2026/Math/riemann/rh-program/results/d4-sign-sweep/out/planted_t1000000_L20_d0.11853.json (0.0s)
[2026-09-25 01:11:24] d4_planted.py start: t=1000000000000 L=20.0 delta=0.16762625092747258
[2026-09-25 01:11:24] planted orbit at (t = 1000000000000, L = 20.0, delta = 0.16762625092747258), lambda = delta L = 3.352525: c(lambda) kernel = 1.2402965362197078, mpmath = 1.24029653621970776; pair at +t (kernel) = -8.645002456780004e-02 + 0.0e+00 i; expected -2 delta^2 c^2 = -0.08645002456780005; |diff| = 4.70e-18 (rel 5.44e-17) -> PASS; reflected pair at -t: {'method': 'Lemma-G bound', 'log10_bound': -785304.875584178}; edge-law constants (C2 Instruments line 104) apply only for lambda = delta L >= 25; not used here
[2026-09-25 01:11:24] wrote /Users/jaytyagi/Library/Mobile Documents/com~apple~CloudDocs/Documents/Work/2026/Math/riemann/rh-program/results/d4-sign-sweep/out/planted_t1000000000000_L20_d0.167626.json (0.0s)
[2026-09-25 02:04:10] d4_planted.py start: t=1000000000000 L=28.35 delta=0.09932473853704041
[2026-09-25 02:04:10] planted orbit at (t = 1000000000000, L = 28.35, delta = 0.09932473853704041), lambda = delta L = 2.815856: c(lambda) kernel = 1.1656396489295386, mpmath = 1.16563964892953854; pair at +t (kernel) = -2.680855954711435e-02 + 0.0e+00 i; expected -2 delta^2 c^2 = -0.02680855954711434; |diff| = 5.24e-18 (rel 1.95e-16) -> PASS; reflected pair at -t: {'method': 'Lemma-G bound', 'log10_bound': -934982.4730244933}; edge-law constants (C2 Instruments line 104) apply only for lambda = delta L >= 25; not used here
[2026-09-25 02:04:10] wrote /Users/jaytyagi/Library/Mobile Documents/com~apple~CloudDocs/Documents/Work/2026/Math/riemann/rh-program/results/d4-sign-sweep/out/planted_t1000000000000_L28.35_d0.0993247.json (0.1s)
[2026-09-25 03:32:34] d4_planted.py start: t=3000175332900 L=28.35 delta=0.10128017591762468
[2026-09-25 03:32:34] planted orbit at (t = 3000175332900, L = 28.35, delta = 0.10128017591762468), lambda = delta L = 2.871293: c(lambda) kernel = 1.1726060966551541, mpmath = 1.17260609665515401; pair at +t (kernel) = -2.820870735808109e-02 + 0.0e+00 i; expected -2 delta^2 c^2 = -0.02820870735808109; |diff| = 1.64e-18 (rel 5.80e-17) -> PASS; reflected pair at -t: {'method': 'Lemma-G bound', 'log10_bound': -1619512.761762564}; edge-law constants (C2 Instruments line 104) apply only for lambda = delta L >= 25; not used here
[2026-09-25 03:32:34] wrote /Users/jaytyagi/Library/Mobile Documents/com~apple~CloudDocs/Documents/Work/2026/Math/riemann/rh-program/results/d4-sign-sweep/out/planted_t3000175332900_L28.35_d0.10128.json (0.0s)
[2026-09-25 03:44:11] d4_planted.py start: t=3000175332800 L=22.0 delta=0.14815626488347025
[2026-09-25 03:44:11] planted orbit at (t = 3000175332800, L = 22.0, delta = 0.14815626488347025), lambda = delta L = 3.259438: c(lambda) kernel = 1.2261610724042171, mpmath = 1.22616107240421707; pair at +t (kernel) = -6.600321423179535e-02 + 0.0e+00 i; expected -2 delta^2 c^2 = -0.06600321423179535; |diff| = 2.89e-18 (rel 4.37e-17) -> PASS; reflected pair at -t: {'method': 'Lemma-G bound', 'log10_bound': -1426650.6542050312}; edge-law constants (C2 Instruments line 104) apply only for lambda = delta L >= 25; not used here
[2026-09-25 03:44:11] wrote /Users/jaytyagi/Library/Mobile Documents/com~apple~CloudDocs/Documents/Work/2026/Math/riemann/rh-program/results/d4-sign-sweep/out/planted_t3000175332800_L22_d0.148156.json (0.0s)
[2026-09-25 03:44:51] d4_planted.py start: t=3464548425227 L=22.0 delta=0.1485268704341078
[2026-09-25 03:44:51] planted orbit at (t = 3464548425227, L = 22.0, delta = 0.1485268704341078), lambda = delta L = 3.267591: c(lambda) kernel = 1.2273786254650907, mpmath = 1.2273786254650906; pair at +t (kernel) = -6.646563647546024e-02 + 0.0e+00 i; expected -2 delta^2 c^2 = -0.06646563647546023; |diff| = 5.02e-18 (rel 7.56e-17) -> PASS; reflected pair at -t: {'method': 'Lemma-G bound', 'log10_bound': -1533092.9146986764}; edge-law constants (C2 Instruments line 104) apply only for lambda = delta L >= 25; not used here
[2026-09-25 03:44:51] wrote /Users/jaytyagi/Library/Mobile Documents/com~apple~CloudDocs/Documents/Work/2026/Math/riemann/rh-program/results/d4-sign-sweep/out/planted_t3464548425227_L22_d0.148527.json (0.0s)
[2026-09-25 03:45:31] d4_planted.py start: t=4000798106537 L=22.0 delta=0.1488965535453378
[2026-09-25 03:45:31] planted orbit at (t = 4000798106537, L = 22.0, delta = 0.1488965535453378), lambda = delta L = 3.275724: c(lambda) kernel = 1.2285970552869676, mpmath = 1.22859705528696751; pair at +t (kernel) = -6.692959955811500e-02 + 0.0e+00 i; expected -2 delta^2 c^2 = -0.06692959955811499; |diff| = 1.52e-17 (rel 2.27e-16) -> PASS; reflected pair at -t: {'method': 'Lemma-G bound', 'log10_bound': -1647476.6153514772}; edge-law constants (C2 Instruments line 104) apply only for lambda = delta L >= 25; not used here
[2026-09-25 03:45:31] wrote /Users/jaytyagi/Library/Mobile Documents/com~apple~CloudDocs/Documents/Work/2026/Math/riemann/rh-program/results/d4-sign-sweep/out/planted_t4000798106537_L22_d0.148897.json (0.0s)
[2026-09-25 03:46:11] d4_planted.py start: t=4620049577808 L=22.0 delta=0.14926532107093332
[2026-09-25 03:46:11] planted orbit at (t = 4620049577808, L = 22.0, delta = 0.14926532107093332), lambda = delta L = 3.283837: c(lambda) kernel = 1.2298163623676328, mpmath = 1.22981636236763275; pair at +t (kernel) = -6.739510719716983e-02 + 0.0e+00 i; expected -2 delta^2 c^2 = -0.06739510719716981; |diff| = 1.79e-17 (rel 2.66e-16) -> PASS; reflected pair at -t: {'method': 'Lemma-G bound', 'log10_bound': -1770394.249766321}; edge-law constants (C2 Instruments line 104) apply only for lambda = delta L >= 25; not used here
[2026-09-25 03:46:11] wrote /Users/jaytyagi/Library/Mobile Documents/com~apple~CloudDocs/Documents/Work/2026/Math/riemann/rh-program/results/d4-sign-sweep/out/planted_t4620049577808_L22_d0.149265.json (0.0s)
[2026-09-25 03:46:52] d4_planted.py start: t=5335150020825 L=22.0 delta=0.14963317978021493
[2026-09-25 03:46:52] planted orbit at (t = 5335150020825, L = 22.0, delta = 0.14963317978021493), lambda = delta L = 3.291930: c(lambda) kernel = 1.2310365472051137, mpmath = 1.2310365472051135; pair at +t (kernel) = -6.786216311720300e-02 + 0.0e+00 i; expected -2 delta^2 c^2 = -0.06786216311720298; |diff| = 1.69e-17 (rel 2.49e-16) -> PASS; reflected pair at -t: {'method': 'Lemma-G bound', 'log10_bound': -1902482.5162079155}; edge-law constants (C2 Instruments line 104) apply only for lambda = delta L >= 25; not used here
[2026-09-25 03:46:52] wrote /Users/jaytyagi/Library/Mobile Documents/com~apple~CloudDocs/Documents/Work/2026/Math/riemann/rh-program/results/d4-sign-sweep/out/planted_t5335150020825_L22_d0.149633.json (0.0s)
[2026-09-25 03:47:32] d4_planted.py start: t=6160935129664 L=22.0 delta=0.15000013635949588
[2026-09-25 03:47:32] planted orbit at (t = 6160935129664, L = 22.0, delta = 0.15000013635949588), lambda = delta L = 3.300003: c(lambda) kernel = 1.2322576102976646, mpmath = 1.23225761029766458; pair at +t (kernel) = -6.833077104996683e-02 + 0.0e+00 i; expected -2 delta^2 c^2 = -0.06833077104996684; |diff| = 4.66e-18 (rel 6.82e-17) -> PASS; reflected pair at -t: {'method': 'Lemma-G bound', 'log10_bound': -2044425.615615166}; edge-law constants (C2 Instruments line 104) apply only for lambda = delta L >= 25; not used here
[2026-09-25 03:47:32] wrote /Users/jaytyagi/Library/Mobile Documents/com~apple~CloudDocs/Documents/Work/2026/Math/riemann/rh-program/results/d4-sign-sweep/out/planted_t6160935129664_L22_d0.15.json (0.0s)
[2026-09-25 03:48:12] d4_planted.py start: t=7114536896577 L=22.0 delta=0.15036619741350343
[2026-09-25 03:48:12] planted orbit at (t = 7114536896577, L = 22.0, delta = 0.15036619741350343), lambda = delta L = 3.308056: c(lambda) kernel = 1.2334795521437791, mpmath = 1.23347955214377916; pair at +t (kernel) = -6.880093473440343e-02 + 0.0e+00 i; expected -2 delta^2 c^2 = -0.06880093473440345; |diff| = 1.09e-17 (rel 1.59e-16) -> PASS; reflected pair at -t: {'method': 'Lemma-G bound', 'log10_bound': -2196958.7956736274}; edge-law constants (C2 Instruments line 104) apply only for lambda = delta L >= 25; not used here
[2026-09-25 03:48:12] wrote /Users/jaytyagi/Library/Mobile Documents/com~apple~CloudDocs/Documents/Work/2026/Math/riemann/rh-program/results/d4-sign-sweep/out/planted_t7114536896577_L22_d0.150366.json (0.0s)
[2026-09-25 03:48:52] d4_planted.py start: t=8215739037575 L=22.0 delta=0.15073136946676335
[2026-09-25 03:48:52] planted orbit at (t = 8215739037575, L = 22.0, delta = 0.15073136946676335), lambda = delta L = 3.316090: c(lambda) kernel = 1.2347023732421809, mpmath = 1.23470237324218087; pair at +t (kernel) = -6.927265791665313e-02 + 0.0e+00 i; expected -2 delta^2 c^2 = -0.06927265791665314; |diff| = 7.66e-18 (rel 1.11e-16) -> PASS; reflected pair at -t: {'method': 'Lemma-G bound', 'log10_bound': -2360872.1593014174}; edge-law constants (C2 Instruments line 104) apply only for lambda = delta L >= 25; not used here
[2026-09-25 03:48:52] wrote /Users/jaytyagi/Library/Mobile Documents/com~apple~CloudDocs/Documents/Work/2026/Math/riemann/rh-program/results/d4-sign-sweep/out/planted_t8215739037575_L22_d0.150731.json (0.0s)
[2026-09-25 03:49:32] d4_planted.py start: t=9487387431502 L=22.0 delta=0.15109565896495916
[2026-09-25 03:49:32] planted orbit at (t = 9487387431502, L = 22.0, delta = 0.15109565896495916), lambda = delta L = 3.324104: c(lambda) kernel = 1.2359260740918319, mpmath = 1.2359260740918318; pair at +t (kernel) = -6.974594435006920e-02 + 0.0e+00 i; expected -2 delta^2 c^2 = -0.06974594435006919; |diff| = 7.60e-18 (rel 1.09e-16) -> PASS; reflected pair at -t: {'method': 'Lemma-G bound', 'log10_bound': -2537014.757280168}; edge-law constants (C2 Instruments line 104) apply only for lambda = delta L >= 25; not used here
[2026-09-25 03:49:32] wrote /Users/jaytyagi/Library/Mobile Documents/com~apple~CloudDocs/Documents/Work/2026/Math/riemann/rh-program/results/d4-sign-sweep/out/planted_t9487387431502_L22_d0.151096.json (0.0s)
[2026-09-25 03:50:12] d4_planted.py start: t=10955864087667 L=22.0 delta=0.15145907227625707
[2026-09-25 03:50:12] planted orbit at (t = 10955864087667, L = 22.0, delta = 0.15145907227625707), lambda = delta L = 3.332100: c(lambda) kernel = 1.2371506551919245, mpmath = 1.23715065519192432; pair at +t (kernel) = -7.022079779522629e-02 + 0.0e+00 i; expected -2 delta^2 c^2 = -0.07022079779522627; |diff| = 1.64e-17 (rel 2.33e-16) -> PASS; reflected pair at -t: {'method': 'Lemma-G bound', 'log10_bound': -2726298.9862258486}; edge-law constants (C2 Instruments line 104) apply only for lambda = delta L >= 25; not used here
[2026-09-25 03:50:12] wrote /Users/jaytyagi/Library/Mobile Documents/com~apple~CloudDocs/Documents/Work/2026/Math/riemann/rh-program/results/d4-sign-sweep/out/planted_t10955864087667_L22_d0.151459.json (0.0s)
[2026-09-25 03:50:52] d4_planted.py start: t=12651634475144 L=22.0 delta=0.15182161569260727
[2026-09-25 03:50:52] planted orbit at (t = 12651634475144, L = 22.0, delta = 0.15182161569260727), lambda = delta L = 3.340076: c(lambda) kernel = 1.2383761170418892, mpmath = 1.23837611704188925; pair at +t (kernel) = -7.069722201993522e-02 + 0.0e+00 i; expected -2 delta^2 c^2 = -0.07069722201993522; |diff| = 6.38e-18 (rel 9.03e-17) -> PASS; reflected pair at -t: {'method': 'Lemma-G bound', 'log10_bound': -2929705.3146850504}; edge-law constants (C2 Instruments line 104) apply only for lambda = delta L >= 25; not used here
[2026-09-25 03:50:52] wrote /Users/jaytyagi/Library/Mobile Documents/com~apple~CloudDocs/Documents/Work/2026/Math/riemann/rh-program/results/d4-sign-sweep/out/planted_t12651634475144_L22_d0.151822.json (0.0s)
