[Fri Sep 25 03:43:53 IST 2026] d4_run_tier.py tier 1: 123 points at L = 22; eps_proven 1.026640e-30; twsumO d57080a8eeee7da8; resume rule on
[Fri Sep 25 03:44:13 IST 2026] landed (3000175332800, 22) tier 1 ladder k=0 in 20 s
[Fri Sep 25 03:44:33 IST 2026] Control 1 at (3000175332800, 22) tier 1 ladder k=0: dP 1.68e-16 dW 1.80e-16 tol 1.00e-10 -> PASS (Job 1 running Job 2's twsumO (d57080a8eeee7da8), 20 s)
[Fri Sep 25 03:44:53 IST 2026] landed (3464548425227, 22) tier 1 ladder k=1 in 20 s
[Fri Sep 25 03:45:13 IST 2026] Control 1 at (3464548425227, 22) tier 1 ladder k=1: dP 1.76e-16 dW 1.60e-16 tol 1.00e-10 -> PASS (Job 1 running Job 2's twsumO (d57080a8eeee7da8), 20 s)
[Fri Sep 25 03:45:33 IST 2026] landed (4000798106537, 22) tier 1 ladder k=2 in 20 s
[Fri Sep 25 03:45:53 IST 2026] Control 1 at (4000798106537, 22) tier 1 ladder k=2: dP 2.58e-16 dW 2.43e-16 tol 1.00e-10 -> PASS (Job 1 running Job 2's twsumO (d57080a8eeee7da8), 20 s)
[Fri Sep 25 03:46:13 IST 2026] landed (4620049577808, 22) tier 1 ladder k=3 in 20 s
[Fri Sep 25 03:46:33 IST 2026] Control 1 at (4620049577808, 22) tier 1 ladder k=3: dP 1.25e-16 dW 1.18e-16 tol 1.00e-10 -> PASS (Job 1 running Job 2's twsumO (d57080a8eeee7da8), 20 s)
[Fri Sep 25 03:46:53 IST 2026] landed (5335150020825, 22) tier 1 ladder k=4 in 20 s
[Fri Sep 25 03:47:14 IST 2026] Control 1 at (5335150020825, 22) tier 1 ladder k=4: dP 1.67e-16 dW 1.87e-16 tol 1.00e-10 -> PASS (Job 1 running Job 2's twsumO (d57080a8eeee7da8), 20 s)
[Fri Sep 25 03:47:34 IST 2026] landed (6160935129664, 22) tier 1 ladder k=5 in 20 s
[Fri Sep 25 03:47:54 IST 2026] Control 1 at (6160935129664, 22) tier 1 ladder k=5: dP 2.95e-16 dW 3.05e-16 tol 1.00e-10 -> PASS (Job 1 running Job 2's twsumO (d57080a8eeee7da8), 20 s)
[Fri Sep 25 03:48:14 IST 2026] landed (7114536896577, 22) tier 1 ladder k=6 in 20 s
[Fri Sep 25 03:48:34 IST 2026] Control 1 at (7114536896577, 22) tier 1 ladder k=6: dP 2.21e-16 dW 2.36e-16 tol 1.00e-10 -> PASS (Job 1 running Job 2's twsumO (d57080a8eeee7da8), 20 s)
[Fri Sep 25 03:48:54 IST 2026] landed (8215739037575, 22) tier 1 ladder k=7 in 20 s
[Fri Sep 25 03:49:14 IST 2026] Control 1 at (8215739037575, 22) tier 1 ladder k=7: dP 1.35e-16 dW 1.18e-16 tol 1.00e-10 -> PASS (Job 1 running Job 2's twsumO (d57080a8eeee7da8), 20 s)
[Fri Sep 25 03:49:34 IST 2026] landed (9487387431502, 22) tier 1 ladder k=8 in 20 s
[Fri Sep 25 03:49:54 IST 2026] Control 1 at (9487387431502, 22) tier 1 ladder k=8: dP 1.66e-16 dW 1.80e-16 tol 1.00e-10 -> PASS (Job 1 running Job 2's twsumO (d57080a8eeee7da8), 20 s)
[Fri Sep 25 03:50:14 IST 2026] landed (10955864087667, 22) tier 1 ladder k=9 in 20 s
[Fri Sep 25 03:50:34 IST 2026] Control 1 at (10955864087667, 22) tier 1 ladder k=9: dP 2.21e-16 dW 1.94e-16 tol 1.00e-10 -> PASS (Job 1 running Job 2's twsumO (d57080a8eeee7da8), 20 s)
[Fri Sep 25 03:50:54 IST 2026] landed (12651634475144, 22) tier 1 ladder k=10 in 20 s
[Fri Sep 25 03:51:14 IST 2026] Control 1 at (12651634475144, 22) tier 1 ladder k=10: dP 1.53e-16 dW 1.80e-16 tol 1.00e-10 -> PASS (Job 1 running Job 2's twsumO (d57080a8eeee7da8), 20 s)
[Fri Sep 25 03:51:34 IST 2026] landed (14609879568773, 22) tier 1 ladder k=11 in 20 s
[Fri Sep 25 03:51:34 IST 2026] waiting before replay: [' 52.4 /System/Library/PrivateFrameworks/CloudKitDaemon.framework/Support/cloudd']
[Fri Sep 25 03:52:54 IST 2026] Control 1 at (14609879568773, 22) tier 1 ladder k=11: dP 9.37e-17 dW 8.33e-17 tol 1.00e-10 -> PASS (Job 1 running Job 2's twsumO (d57080a8eeee7da8), 20 s)
[Fri Sep 25 03:53:15 IST 2026] landed (16871225724501, 22) tier 1 ladder k=12 in 20 s
[Fri Sep 25 03:53:35 IST 2026] Control 1 at (16871225724501, 22) tier 1 ladder k=12: dP 1.30e-16 dW 1.32e-16 tol 1.00e-10 -> PASS (Job 1 running Job 2's twsumO (d57080a8eeee7da8), 20 s)
[Fri Sep 25 03:53:55 IST 2026] landed (19482587526284, 22) tier 1 ladder k=13 in 20 s
[Fri Sep 25 03:54:15 IST 2026] Control 1 at (19482587526284, 22) tier 1 ladder k=13: dP 1.25e-16 dW 1.46e-16 tol 1.00e-10 -> PASS (Job 1 running Job 2's twsumO (d57080a8eeee7da8), 20 s)
[Fri Sep 25 03:54:35 IST 2026] landed (22498141090488, 22) tier 1 ladder k=14 in 20 s
[Fri Sep 25 03:54:55 IST 2026] Control 1 at (22498141090488, 22) tier 1 ladder k=14: dP 9.37e-17 dW 1.28e-16 tol 1.00e-10 -> PASS (Job 1 running Job 2's twsumO (d57080a8eeee7da8), 20 s)
[Fri Sep 25 03:55:15 IST 2026] landed (25980448020297, 22) tier 1 ladder k=15 in 20 s
[Fri Sep 25 03:55:35 IST 2026] Control 1 at (25980448020297, 22) tier 1 ladder k=15: dP 1.25e-16 dW 1.25e-16 tol 1.00e-10 -> PASS (Job 1 running Job 2's twsumO (d57080a8eeee7da8), 20 s)
[Fri Sep 25 03:55:55 IST 2026] landed (30001753328000, 22) tier 1 ladder k=16 in 20 s
[Fri Sep 25 03:56:15 IST 2026] Control 1 at (30001753328000, 22) tier 1 ladder k=16: dP 1.75e-16 dW 1.18e-16 tol 1.00e-10 -> PASS (Job 1 running Job 2's twsumO (d57080a8eeee7da8), 20 s)
[Fri Sep 25 03:56:35 IST 2026] landed (34645484252271, 22) tier 1 ladder k=17 in 20 s
[Fri Sep 25 03:56:55 IST 2026] Control 1 at (34645484252271, 22) tier 1 ladder k=17: dP 1.36e-16 dW 1.25e-16 tol 1.00e-10 -> PASS (Job 1 running Job 2's twsumO (d57080a8eeee7da8), 20 s)
[Fri Sep 25 03:57:15 IST 2026] landed (40007981065365, 22) tier 1 ladder k=18 in 20 s
[Fri Sep 25 03:57:35 IST 2026] Control 1 at (40007981065365, 22) tier 1 ladder k=18: dP 4.51e-17 dW 3.82e-17 tol 1.00e-10 -> PASS (Job 1 running Job 2's twsumO (d57080a8eeee7da8), 20 s)
[Fri Sep 25 03:57:55 IST 2026] landed (46200495778081, 22) tier 1 ladder k=19 in 20 s
[Fri Sep 25 03:58:15 IST 2026] Control 1 at (46200495778081, 22) tier 1 ladder k=19: dP 1.51e-16 dW 1.60e-16 tol 1.00e-10 -> PASS (Job 1 running Job 2's twsumO (d57080a8eeee7da8), 20 s)
[Fri Sep 25 03:58:35 IST 2026] landed (53351500208249, 22) tier 1 ladder k=20 in 20 s
[Fri Sep 25 03:58:56 IST 2026] Control 1 at (53351500208249, 22) tier 1 ladder k=20: dP 2.38e-16 dW 2.08e-16 tol 1.00e-10 -> PASS (Job 1 running Job 2's twsumO (d57080a8eeee7da8), 20 s)
[Fri Sep 25 03:59:16 IST 2026] landed (61609351296642, 22) tier 1 ladder k=21 in 20 s
[Fri Sep 25 03:59:36 IST 2026] Control 1 at (61609351296642, 22) tier 1 ladder k=21: dP 1.88e-16 dW 2.43e-16 tol 1.00e-10 -> PASS (Job 1 running Job 2's twsumO (d57080a8eeee7da8), 20 s)
[Fri Sep 25 03:59:56 IST 2026] landed (71145368965766, 22) tier 1 ladder k=22 in 20 s
[Fri Sep 25 04:00:16 IST 2026] Control 1 at (71145368965766, 22) tier 1 ladder k=22: dP 1.20e-16 dW 1.11e-16 tol 1.00e-10 -> PASS (Job 1 running Job 2's twsumO (d57080a8eeee7da8), 20 s)
[Fri Sep 25 04:00:36 IST 2026] landed (82157390375751, 22) tier 1 ladder k=23 in 20 s
[Fri Sep 25 04:00:56 IST 2026] Control 1 at (82157390375751, 22) tier 1 ladder k=23: dP 2.23e-16 dW 2.08e-16 tol 1.00e-10 -> PASS (Job 1 running Job 2's twsumO (d57080a8eeee7da8), 20 s)
[Fri Sep 25 04:01:16 IST 2026] landed (94873874315017, 22) tier 1 ladder k=24 in 20 s
[Fri Sep 25 04:01:36 IST 2026] Control 1 at (94873874315017, 22) tier 1 ladder k=24: dP 1.46e-16 dW 1.73e-16 tol 1.00e-10 -> PASS (Job 1 running Job 2's twsumO (d57080a8eeee7da8), 20 s)
[Fri Sep 25 04:01:36 IST 2026] waiting: heavy processes ['106.6 /System/Library/PrivateFrameworks/FileProvider.framework/Support/fileproviderd']
[Fri Sep 25 04:02:56 IST 2026] landed (109558640876673, 22) tier 1 ladder k=25 in 20 s
[Fri Sep 25 04:02:56 IST 2026] waiting before replay: [' 89.6 /System/Library/PrivateFrameworks/MediaAnalysis.framework/Versions/A/mediaanalysisd']
[Fri Sep 25 04:04:16 IST 2026] Control 1 at (109558640876673, 22) tier 1 ladder k=25: dP 2.01e-16 dW 2.43e-16 tol 1.00e-10 -> PASS (Job 1 running Job 2's twsumO (d57080a8eeee7da8), 20 s)
[Fri Sep 25 04:04:36 IST 2026] landed (126516344751444, 22) tier 1 ladder k=26 in 20 s
[Fri Sep 25 04:04:56 IST 2026] Control 1 at (126516344751444, 22) tier 1 ladder k=26: dP 1.73e-16 dW 1.94e-16 tol 1.00e-10 -> PASS (Job 1 running Job 2's twsumO (d57080a8eeee7da8), 20 s)
[Fri Sep 25 04:05:16 IST 2026] landed (146098795687729, 22) tier 1 ladder k=27 in 20 s
[Fri Sep 25 04:05:37 IST 2026] Control 1 at (146098795687729, 22) tier 1 ladder k=27: dP 1.30e-16 dW 1.60e-16 tol 1.00e-10 -> PASS (Job 1 running Job 2's twsumO (d57080a8eeee7da8), 20 s)
[Fri Sep 25 04:05:57 IST 2026] landed (168712257245015, 22) tier 1 ladder k=28 in 20 s
[Fri Sep 25 04:06:17 IST 2026] Control 1 at (168712257245015, 22) tier 1 ladder k=28: dP 2.38e-16 dW 2.29e-16 tol 1.00e-10 -> PASS (Job 1 running Job 2's twsumO (d57080a8eeee7da8), 20 s)
[Fri Sep 25 04:06:37 IST 2026] landed (194825875262837, 22) tier 1 ladder k=29 in 20 s
[Fri Sep 25 04:06:57 IST 2026] Control 1 at (194825875262837, 22) tier 1 ladder k=29: dP 1.84e-16 dW 1.87e-16 tol 1.00e-10 -> PASS (Job 1 running Job 2's twsumO (d57080a8eeee7da8), 20 s)
[Fri Sep 25 04:07:17 IST 2026] landed (224981410904879, 22) tier 1 ladder k=30 in 20 s
[Fri Sep 25 04:07:37 IST 2026] Control 1 at (224981410904879, 22) tier 1 ladder k=30: dP 1.47e-16 dW 1.60e-16 tol 1.00e-10 -> PASS (Job 1 running Job 2's twsumO (d57080a8eeee7da8), 20 s)
[Fri Sep 25 04:07:57 IST 2026] landed (259804480202971, 22) tier 1 ladder k=31 in 20 s
[Fri Sep 25 04:08:17 IST 2026] Control 1 at (259804480202971, 22) tier 1 ladder k=31: dP 1.53e-16 dW 1.94e-16 tol 1.00e-10 -> PASS (Job 1 running Job 2's twsumO (d57080a8eeee7da8), 20 s)
[Fri Sep 25 04:08:37 IST 2026] landed (300017533280000, 22) tier 1 ladder k=32 in 20 s
[Fri Sep 25 04:08:57 IST 2026] Control 1 at (300017533280000, 22) tier 1 ladder k=32: dP 2.46e-16 dW 2.64e-16 tol 1.00e-10 -> PASS (Job 1 running Job 2's twsumO (d57080a8eeee7da8), 20 s)
[Fri Sep 25 04:09:17 IST 2026] landed (346454842522714, 22) tier 1 ladder k=33 in 20 s
[Fri Sep 25 04:09:37 IST 2026] Control 1 at (346454842522714, 22) tier 1 ladder k=33: dP 2.83e-16 dW 2.71e-16 tol 1.00e-10 -> PASS (Job 1 running Job 2's twsumO (d57080a8eeee7da8), 20 s)
[Fri Sep 25 04:09:57 IST 2026] landed (400079810653653, 22) tier 1 ladder k=34 in 20 s
[Fri Sep 25 04:10:17 IST 2026] Control 1 at (400079810653653, 22) tier 1 ladder k=34: dP 2.58e-16 dW 2.91e-16 tol 1.00e-10 -> PASS (Job 1 running Job 2's twsumO (d57080a8eeee7da8), 20 s)
[Fri Sep 25 04:10:37 IST 2026] landed (462004957780808, 22) tier 1 ladder k=35 in 20 s
[Fri Sep 25 04:10:57 IST 2026] Control 1 at (462004957780808, 22) tier 1 ladder k=35: dP 1.58e-16 dW 1.53e-16 tol 1.00e-10 -> PASS (Job 1 running Job 2's twsumO (d57080a8eeee7da8), 20 s)
[Fri Sep 25 04:11:17 IST 2026] landed (533515002082491, 22) tier 1 ladder k=36 in 20 s
