=== build Fri Sep 25 00:58:58 IST 2026: rustc -O -C target-cpu=native; binary sha256 f97fc582a54636477dbf31a48e4ceeb42f8b43be056a1a9ae42bc7f9333d023b ===
=== dh t85.7 L10 Fri Sep 25 00:58:58 IST 2026 ===
[unix 1790278138] mode=dh t=8.56993484853775840e1 t_exact=85.69934848537758 t_bits=0x40556cc220264d0c L=10 X=22026 threads=8 direct=false
[unix 1790278138] dd-log values (n, hi, lo): [(2, 0.6931471805599453, 2.3190468138462993e-17), (3, 1.0986122886681098, -9.071297235001531e-17), (7, 1.9459101490553132, 7.323586207904906e-17), (10, 2.302585092994046, -2.1707562233822496e-16), (65537, 11.090370147631774, -2.2108500861306432e-16), (1000003, 13.815513557959774, 4.636218047193208e-16), (485165195, 19.99999999915536, -8.026664119583126e-16), (999999937, 20.72326577394641, 3.8628426884953976e-16), (0, 0.6931471805599453, 2.3190468138462993e-17)]
[unix 1790278139] A-table built in 0.24s: Z = 0.2219969080840402, A(0) = 16.621965346934 (M=8192: 16.621965346934); interp-vs-quad [(0.1234567, 9.848192099927926, 9.848192099927958, -3.197442310920451e-14), (0.5, -5.209362663929407, -5.20936266392941, 2.6645352591003757e-15), (0.87654321, -0.610135483531583, -0.6101354835315815, -1.4432899320127035e-15)]; A'(0.3) table -38.377064567 vs FD -38.377065469
[unix 1790278139] Lambda_DH recursion to X = 22026 in 0.0s; witnesses (n, Lambda_DH(n)): [(2, 0.19690858829414687), (3, -0.3120927285161636), (4, -1.4422319646064572), (5, 0.0), (6, 1.9363560766210388), (7, 0.5527922945429875), (8, 0.015890700913188005), (9, -2.285883581242637), (10, 0.0), (12, -0.7628774719884116), (25, 0.0)]
[unix 1790278139] done: terms=15346 (primes 0, prime powers 15346) P_dd = 3.399954689289246e-1  P_double = 3.399954689289273e-1  diff = -2.720e-15  l1 = 3.292368e0  sum Lambda/sqrt n = -7.634008e-1  sum time 0.00s (59.4 ns/term/thread-count-8)
[unix 1790278139] phase line: eps_phi = 1.885e-29 rad/term (eps_phi_per_t 2.20e-31), l1 = 3.292368e0, line = 6.207e-29 against allowance 1e-8 -> accepted
[unix 1790278139] self-test: 1000 random n <= 22026 written (seed 20260925)
[unix 1790278139] wrote out/dh_t85p7_L10.json (0.2s total)
=== zeta t85.7 L10 Fri Sep 25 00:58:59 IST 2026 ===
[unix 1790278139] mode=zeta t=8.56993484853775840e1 t_exact=85.69934848537758 t_bits=0x40556cc220264d0c L=10 X=22026 threads=8 direct=false
[unix 1790278139] dd-log values (n, hi, lo): [(2, 0.6931471805599453, 2.3190468138462993e-17), (3, 1.0986122886681098, -9.071297235001531e-17), (7, 1.9459101490553132, 7.323586207904906e-17), (10, 2.302585092994046, -2.1707562233822496e-16), (65537, 11.090370147631774, -2.2108500861306432e-16), (1000003, 13.815513557959774, 4.636218047193208e-16), (485165195, 19.99999999915536, -8.026664119583126e-16), (999999937, 20.72326577394641, 3.8628426884953976e-16), (0, 0.6931471805599453, 2.3190468138462993e-17)]
[unix 1790278139] A-table built in 0.23s: Z = 0.2219969080840402, A(0) = 16.621965346934 (M=8192: 16.621965346934); interp-vs-quad [(0.1234567, 9.848192099927926, 9.848192099927958, -3.197442310920451e-14), (0.5, -5.209362663929407, -5.20936266392941, 2.6645352591003757e-15), (0.87654321, -0.610135483531583, -0.6101354835315815, -1.4432899320127035e-15)]; A'(0.3) table -38.377064567 vs FD -38.377065469
[unix 1790278139] done: terms=2532 (primes 2466, prime powers 66) P_dd = 3.960850701243899e-2  P_double = 3.960850701243811e-2  diff = 8.743e-16  l1 = 1.456863e0  sum Lambda/sqrt n = 2.940122e2  sum time 0.00s (84.7 ns/term/thread-count-8)
[unix 1790278139] phase line: eps_phi = 1.885e-29 rad/term (eps_phi_per_t 2.20e-31), l1 = 1.456863e0, line = 2.747e-29 against allowance 1e-8 -> accepted
[unix 1790278139] self-test: 1000 random n <= 22026 written (seed 20260925)
[unix 1790278139] wrote out/zeta_t85p7_L10.json (0.2s total)
=== zeta t1e6 L10 Fri Sep 25 00:58:59 IST 2026 ===
[unix 1790278139] mode=zeta t=1.00000000000000000e6 t_exact=1000000 t_bits=0x412e848000000000 L=10 X=22026 threads=8 direct=false
[unix 1790278139] dd-log values (n, hi, lo): [(2, 0.6931471805599453, 2.3190468138462993e-17), (3, 1.0986122886681098, -9.071297235001531e-17), (7, 1.9459101490553132, 7.323586207904906e-17), (10, 2.302585092994046, -2.1707562233822496e-16), (65537, 11.090370147631774, -2.2108500861306432e-16), (1000003, 13.815513557959774, 4.636218047193208e-16), (485165195, 19.99999999915536, -8.026664119583126e-16), (999999937, 20.72326577394641, 3.8628426884953976e-16), (0, 0.6931471805599453, 2.3190468138462993e-17)]
[unix 1790278139] A-table built in 0.23s: Z = 0.2219969080840402, A(0) = 16.621965346934 (M=8192: 16.621965346934); interp-vs-quad [(0.1234567, 9.848192099927926, 9.848192099927958, -3.197442310920451e-14), (0.5, -5.209362663929407, -5.20936266392941, 2.6645352591003757e-15), (0.87654321, -0.610135483531583, -0.6101354835315815, -1.4432899320127035e-15)]; A'(0.3) table -38.377064567 vs FD -38.377065469
[unix 1790278139] done: terms=2532 (primes 2466, prime powers 66) P_dd = -5.220747555769701e-2  P_double = -5.220747555284308e-2  diff = -4.854e-12  l1 = 1.456863e0  sum Lambda/sqrt n = 2.940122e2  sum time 0.00s (99.1 ns/term/thread-count-8)
[unix 1790278139] phase line: eps_phi = 2.200e-25 rad/term (eps_phi_per_t 2.20e-31), l1 = 1.456863e0, line = 3.205e-25 against allowance 1e-8 -> accepted
[unix 1790278139] self-test: 1000 random n <= 22026 written (seed 20260925)
[unix 1790278139] wrote out/zeta_t1000000_L10.json (0.2s total)
=== zeta t1e6 L20 Fri Sep 25 00:58:59 IST 2026 ===
[unix 1790278139] mode=zeta t=1.00000000000000000e6 t_exact=1000000 t_bits=0x412e848000000000 L=20 X=485165195 threads=8 direct=false
[unix 1790278139] dd-log values (n, hi, lo): [(2, 0.6931471805599453, 2.3190468138462993e-17), (3, 1.0986122886681098, -9.071297235001531e-17), (7, 1.9459101490553132, 7.323586207904906e-17), (10, 2.302585092994046, -2.1707562233822496e-16), (65537, 11.090370147631774, -2.2108500861306432e-16), (1000003, 13.815513557959774, 4.636218047193208e-16), (485165195, 19.99999999915536, -8.026664119583126e-16), (999999937, 20.72326577394641, 3.8628426884953976e-16), (0, 0.6931471805599453, 2.3190468138462993e-17)]
[unix 1790278139] A-table built in 0.23s: Z = 0.2219969080840402, A(0) = 16.621965346934 (M=8192: 16.621965346934); interp-vs-quad [(0.1234567, 9.848192099927926, 9.848192099927958, -3.197442310920451e-14), (0.5, -5.209362663929407, -5.20936266392941, 2.6645352591003757e-15), (0.87654321, -0.610135483531583, -0.6101354835315815, -1.4432899320127035e-15)]; A'(0.3) table -38.377064567 vs FD -38.377065469
[unix 1790278141] done: terms=25617272 (primes 25614562, prime powers 2710) P_dd = -4.285191215912379e-3  P_double = -4.285191213840604e-3  diff = -2.072e-12  l1 = 1.253973e1  sum Lambda/sqrt n = 4.405044e4  sum time 1.18s (46.1 ns/term/thread-count-8)
[unix 1790278141] phase line: eps_phi = 2.200e-25 rad/term (eps_phi_per_t 2.20e-31), l1 = 1.253973e1, line = 2.759e-24 against allowance 1e-8 -> accepted
[unix 1790278141] self-test: 1000 random n <= 485165195 written (seed 20260925)
[unix 1790278141] wrote out/zeta_t1000000_L20.json (1.4s total)
=== dh t85.7 L20 Fri Sep 25 01:00:56 IST 2026 ===
[unix 1790278256] mode=dh t=8.56993484853775840e1 t_exact=85.69934848537758 t_bits=0x40556cc220264d0c L=20 X=485165195 threads=8 direct=false
[unix 1790278256] dd-log values (n, hi, lo): [(2, 0.6931471805599453, 2.3190468138462993e-17), (3, 1.0986122886681098, -9.071297235001531e-17), (7, 1.9459101490553132, 7.323586207904906e-17), (10, 2.302585092994046, -2.1707562233822496e-16), (65537, 11.090370147631774, -2.2108500861306432e-16), (1000003, 13.815513557959774, 4.636218047193208e-16), (485165195, 19.99999999915536, -8.026664119583126e-16), (999999937, 20.72326577394641, 3.8628426884953976e-16), (0, 0.6931471805599453, 2.3190468138462993e-17)]
[unix 1790278256] A-table built in 0.24s: Z = 0.2219969080840402, A(0) = 16.621965346934 (M=8192: 16.621965346934); interp-vs-quad [(0.1234567, 9.848192099927926, 9.848192099927958, -3.197442310920451e-14), (0.5, -5.209362663929407, -5.20936266392941, 2.6645352591003757e-15), (0.87654321, -0.610135483531583, -0.6101354835315815, -1.4432899320127035e-15)]; A'(0.3) table -38.377064567 vs FD -38.377065469
[unix 1790278276] Lambda_DH recursion to X = 485165195 in 19.9s; witnesses (n, Lambda_DH(n)): [(2, 0.19690858829414687), (3, -0.3120927285161636), (4, -1.4422319646064572), (5, 0.0), (6, 1.9363560766210388), (7, 0.5527922945429875), (8, 0.015890700913188005), (9, -2.285883581242637), (10, 0.0), (12, -0.7628774719884116), (25, 0.0)]
[unix 1790278289] done: terms=340796040 (primes 0, prime powers 340796040) P_dd = 7.570041820049636e-1  P_double = 7.570041820049650e-1  diff = -1.443e-15  l1 = 7.835728e1  sum Lambda/sqrt n = -5.200991e0  sum time 12.30s (36.1 ns/term/thread-count-8)
[unix 1790278289] phase line: eps_phi = 1.885e-29 rad/term (eps_phi_per_t 2.20e-31), l1 = 7.835728e1, line = 1.477e-27 against allowance 1e-8 -> accepted
[unix 1790278289] wrote out/dh_t85p7_L20.json (32.5s total)
       32.49 real       117.59 user         0.27 sys
          3883859968  maximum resident set size
                   0  average shared memory size
                   0  average unshared data size
                   0  average unshared stack size
              237239  page reclaims
                   0  page faults
                   0  swaps
                   0  block input operations
                   0  block output operations
                   0  messages sent
                   0  messages received
                   0  signals received
                   0  voluntary context switches
               13403  involuntary context switches
        702732372216  instructions retired
        418027568586  cycles elapsed
          3885009992  peak memory footprint
=== done dh L20 Fri Sep 25 01:01:29 IST 2026 ===
f6256dedf9a7d1e667cf1ab8da07af68feb5e6c98bea2d87a6f00ececfc2c2a4  harness/d4_twisted_sum
c1149d54598d48cf5976d0c8526fce9d9fbfd32756644f7ab9eeb556b4ad7507  harness/d4_twisted_sum.rs
f97fc582a54636477dbf31a48e4ceeb42f8b43be056a1a9ae42bc7f9333d023b  harness/d4_twisted_sum.v1
=== selftest-only build Fri Sep 25 01:12:31 IST 2026 ===
[unix 1790278951] mode=zeta t=1.00000000000000000e12 t_exact=1000000000000 t_bits=0x426d1a94a2000000 L=28.35 X=2052336466859 threads=1 direct=false
[unix 1790278951] dd-log values (n, hi, lo): [(2, 0.6931471805599453, 2.3190468138462993e-17), (3, 1.0986122886681098, -9.071297235001531e-17), (7, 1.9459101490553132, 7.323586207904906e-17), (10, 2.302585092994046, -2.1707562233822496e-16), (65537, 11.090370147631774, -2.2108500861306432e-16), (1000003, 13.815513557959774, 4.636218047193208e-16), (485165195, 19.99999999915536, -8.026664119583126e-16), (999999937, 20.72326577394641, 3.8628426884953976e-16), (0, 0.6931471805599453, 2.3190468138462993e-17)]
[unix 1790278952] A-table built in 0.41s: Z = 0.2219969080840402, A(0) = 16.621965346934 (M=8192: 16.621965346934); interp-vs-quad [(0.1234567, 9.848192099927926, 9.848192099927958, -3.197442310920451e-14), (0.5, -5.209362663929407, -5.20936266392941, 2.6645352591003757e-15), (0.87654321, -0.610135483531583, -0.6101354835315815, -1.4432899320127035e-15)]; A'(0.3) table -38.377064567 vs FD -38.377065469
[unix 1790278952] done: terms=0 (primes 0, prime powers 0) P_dd = 0.000000000000000e0  P_double = 0.000000000000000e0  diff = 0.000e0  l1 = 0.000000e0  sum Lambda/sqrt n = 0.000000e0  sum time 0.00s (0.0 ns/term/thread-count-1)
[unix 1790278952] phase line: eps_phi = 2.200e-19 rad/term (eps_phi_per_t 2.20e-31), l1 = 0.000000e0, line = 0.000e0 against allowance 1e-8 -> accepted
[unix 1790278952] self-test: 1000 random n <= 2052336466859 written (seed 20260925)
[unix 1790278952] wrote out/selftest_t1000000000000_L28.35.json (0.4s total)
[unix 1790278952] mode=zeta t=1.00000000000000000e16 t_exact=10000000000000000 t_bits=0x4341c37937e08000 L=28.35 X=2052336466859 threads=1 direct=false
[unix 1790278952] dd-log values (n, hi, lo): [(2, 0.6931471805599453, 2.3190468138462993e-17), (3, 1.0986122886681098, -9.071297235001531e-17), (7, 1.9459101490553132, 7.323586207904906e-17), (10, 2.302585092994046, -2.1707562233822496e-16), (65537, 11.090370147631774, -2.2108500861306432e-16), (1000003, 13.815513557959774, 4.636218047193208e-16), (485165195, 19.99999999915536, -8.026664119583126e-16), (999999937, 20.72326577394641, 3.8628426884953976e-16), (0, 0.6931471805599453, 2.3190468138462993e-17)]
[unix 1790278952] A-table built in 0.42s: Z = 0.2219969080840402, A(0) = 16.621965346934 (M=8192: 16.621965346934); interp-vs-quad [(0.1234567, 9.848192099927926, 9.848192099927958, -3.197442310920451e-14), (0.5, -5.209362663929407, -5.20936266392941, 2.6645352591003757e-15), (0.87654321, -0.610135483531583, -0.6101354835315815, -1.4432899320127035e-15)]; A'(0.3) table -38.377064567 vs FD -38.377065469
[unix 1790278952] done: terms=0 (primes 0, prime powers 0) P_dd = 0.000000000000000e0  P_double = 0.000000000000000e0  diff = 0.000e0  l1 = 0.000000e0  sum Lambda/sqrt n = 0.000000e0  sum time 0.00s (42.0 ns/term/thread-count-1)
[unix 1790278952] phase line: eps_phi = 2.200e-15 rad/term (eps_phi_per_t 2.20e-31), l1 = 0.000000e0, line = 0.000e0 against allowance 1e-8 -> accepted
[unix 1790278952] self-test: 1000 random n <= 2052336466859 written (seed 20260925)
[unix 1790278952] wrote out/selftest_t10000000000000000_L28.35.json (0.4s total)
[unix 1790278952] mode=zeta t=1.00000000000000000e20 t_exact=100000000000000000000 t_bits=0x4415af1d78b58c40 L=28.35 X=2052336466859 threads=1 direct=false
[unix 1790278952] dd-log values (n, hi, lo): [(2, 0.6931471805599453, 2.3190468138462993e-17), (3, 1.0986122886681098, -9.071297235001531e-17), (7, 1.9459101490553132, 7.323586207904906e-17), (10, 2.302585092994046, -2.1707562233822496e-16), (65537, 11.090370147631774, -2.2108500861306432e-16), (1000003, 13.815513557959774, 4.636218047193208e-16), (485165195, 19.99999999915536, -8.026664119583126e-16), (999999937, 20.72326577394641, 3.8628426884953976e-16), (0, 0.6931471805599453, 2.3190468138462993e-17)]
[unix 1790278953] A-table built in 0.41s: Z = 0.2219969080840402, A(0) = 16.621965346934 (M=8192: 16.621965346934); interp-vs-quad [(0.1234567, 9.848192099927926, 9.848192099927958, -3.197442310920451e-14), (0.5, -5.209362663929407, -5.20936266392941, 2.6645352591003757e-15), (0.87654321, -0.610135483531583, -0.6101354835315815, -1.4432899320127035e-15)]; A'(0.3) table -38.377064567 vs FD -38.377065469
[unix 1790278953] done: terms=0 (primes 0, prime powers 0) P_dd = 0.000000000000000e0  P_double = 0.000000000000000e0  diff = 0.000e0  l1 = 0.000000e0  sum Lambda/sqrt n = 0.000000e0  sum time 0.00s (42.0 ns/term/thread-count-1)
[unix 1790278953] phase line: eps_phi = 2.200e-11 rad/term (eps_phi_per_t 2.20e-31), l1 = 0.000000e0, line = 0.000e0 against allowance 1e-8 -> accepted
[unix 1790278953] self-test: 1000 random n <= 2052336466859 written (seed 20260925)
[unix 1790278953] wrote out/selftest_t100000000000000000000_L28.35.json (0.4s total)
=== d4_point t=3000175332900 L=28.35 Fri Sep 25 03:32:24 IST 2026 ===
[unix 1790282045] mode=zeta t=3.00017533290000000e12 t_exact=3000175332900 t_bits=0x4285d44314712000 L=28.35 X=2052336466859 threads=8 direct=false
[unix 1790282045] dd-log values (n, hi, lo): [(2, 0.6931471805599453, 2.3190468138462993e-17), (3, 1.0986122886681098, -9.071297235001531e-17), (7, 1.9459101490553132, 7.323586207904906e-17), (10, 2.302585092994046, -2.1707562233822496e-16), (65537, 11.090370147631774, -2.2108500861306432e-16), (1000003, 13.815513557959774, 4.636218047193208e-16), (485165195, 19.99999999915536, -8.026664119583126e-16), (999999937, 20.72326577394641, 3.8628426884953976e-16), (0, 0.6931471805599453, 2.3190468138462993e-17)]
[unix 1790282045] A-table built in 0.25s: Z = 0.2219969080840402, A(0) = 16.621965346934 (M=8192: 16.621965346934); interp-vs-quad [(0.1234567, 9.848192099927926, 9.848192099927958, -3.197442310920451e-14), (0.5, -5.209362663929407, -5.20936266392941, 2.6645352591003757e-15), (0.87654321, -0.610135483531583, -0.6101354835315815, -1.4432899320127035e-15)]; A'(0.3) table -38.377064567 vs FD -38.377065469
[unix 1790287344] done: terms=75148949134 (primes 75148837837, prime powers 111297) P_dd = -2.649022577896155e-3  P_double = -2.624917974514460e-3  diff = -2.410e-5  l1 = 1.469506e2  sum Lambda/sqrt n = 2.865193e6  sum time 5299.03s (70.5 ns/term/thread-count-8)
[unix 1790287344] phase line: eps_phi = 1.918e-18 rad/term (eps_phi_per_t 6.39e-31), l1 = 1.469506e2, line = 2.818e-16 against allowance 1e-8 -> accepted
[unix 1790287344] self-test: 1000 random n <= 2052336466859 written (seed 20260925)
[unix 1790287344] wrote /Users/jaytyagi/Library/Mobile Documents/com~apple~CloudDocs/Documents/Work/2026/Math/riemann/rh-program/results/d4-sign-sweep/out/sum_zeta_t3000175332900_L28.35.json (5299.3s total)

=== d4_point t=3000175332800 L=22.0 Fri Sep 25 03:44:02 IST 2026 ===
[unix 1790288033] mode=zeta t=3.00017533280000000e12 t_exact=3000175332800 t_bits=0x4285d443146e0000 L=22 X=3584912846 threads=8 direct=false
[unix 1790288033] dd-log values (n, hi, lo): [(2, 0.6931471805599453, 2.3190468138462993e-17), (3, 1.0986122886681098, -9.071297235001531e-17), (7, 1.9459101490553132, 7.323586207904906e-17), (10, 2.302585092994046, -2.1707562233822496e-16), (65537, 11.090370147631774, -2.2108500861306432e-16), (1000003, 13.815513557959774, 4.636218047193208e-16), (485165195, 19.99999999915536, -8.026664119583126e-16), (999999937, 20.72326577394641, 3.8628426884953976e-16), (0, 0.6931471805599453, 2.3190468138462993e-17)]
[unix 1790288034] A-table built in 0.24s: Z = 0.2219969080840402, A(0) = 16.621965346934 (M=8192: 16.621965346934); interp-vs-quad [(0.1234567, 9.848192099927926, 9.848192099927958, -3.197442310920451e-14), (0.5, -5.209362663929407, -5.20936266392941, 2.6645352591003757e-15), (0.87654321, -0.610135483531583, -0.6101354835315815, -1.4432899320127035e-15)]; A'(0.3) table -38.377064567 vs FD -38.377065469
[unix 1790288042] done: terms=171148332 (primes 171141897, prime powers 6435) P_dd = 5.869956526305006e-3  P_double = 5.878489491110720e-3  diff = -8.533e-6  l1 = 2.180742e1  sum Lambda/sqrt n = 1.197457e5  sum time 8.30s (48.5 ns/term/thread-count-8)
[unix 1790288042] phase line: eps_phi = 3.080e-18 rad/term (eps_phi_per_t 1.03e-30), l1 = 2.180742e1, line = 6.717e-17 against allowance 1e-8 -> accepted
[unix 1790288042] self-test: 1000 random n <= 3584912846 written (seed 20260925)
[unix 1790288042] wrote /Users/jaytyagi/Library/Mobile Documents/com~apple~CloudDocs/Documents/Work/2026/Math/riemann/rh-program/results/d4-sign-sweep/out/sum_zeta_t3000175332800_L22.json (8.5s total)

=== d4_point t=3464548425227 L=22.0 Fri Sep 25 03:44:42 IST 2026 ===
[unix 1790288073] mode=zeta t=3.46454842522700000e12 t_exact=3464548425227 t_bits=0x428935396cf05800 L=22 X=3584912846 threads=8 direct=false
[unix 1790288073] dd-log values (n, hi, lo): [(2, 0.6931471805599453, 2.3190468138462993e-17), (3, 1.0986122886681098, -9.071297235001531e-17), (7, 1.9459101490553132, 7.323586207904906e-17), (10, 2.302585092994046, -2.1707562233822496e-16), (65537, 11.090370147631774, -2.2108500861306432e-16), (1000003, 13.815513557959774, 4.636218047193208e-16), (485165195, 19.99999999915536, -8.026664119583126e-16), (999999937, 20.72326577394641, 3.8628426884953976e-16), (0, 0.6931471805599453, 2.3190468138462993e-17)]
[unix 1790288074] A-table built in 0.24s: Z = 0.2219969080840402, A(0) = 16.621965346934 (M=8192: 16.621965346934); interp-vs-quad [(0.1234567, 9.848192099927926, 9.848192099927958, -3.197442310920451e-14), (0.5, -5.209362663929407, -5.20936266392941, 2.6645352591003757e-15), (0.87654321, -0.610135483531583, -0.6101354835315815, -1.4432899320127035e-15)]; A'(0.3) table -38.377064567 vs FD -38.377065469
[unix 1790288082] done: terms=171148332 (primes 171141897, prime powers 6435) P_dd = 6.458506506252352e-3  P_double = 6.465850634874094e-3  diff = -7.344e-6  l1 = 2.180742e1  sum Lambda/sqrt n = 1.197457e5  sum time 8.24s (48.2 ns/term/thread-count-8)
[unix 1790288082] phase line: eps_phi = 3.557e-18 rad/term (eps_phi_per_t 1.03e-30), l1 = 2.180742e1, line = 7.757e-17 against allowance 1e-8 -> accepted
[unix 1790288082] self-test: 1000 random n <= 3584912846 written (seed 20260925)
[unix 1790288082] wrote /Users/jaytyagi/Library/Mobile Documents/com~apple~CloudDocs/Documents/Work/2026/Math/riemann/rh-program/results/d4-sign-sweep/out/sum_zeta_t3464548425227_L22.json (8.5s total)

=== d4_point t=4000798106537 L=22.0 Fri Sep 25 03:45:22 IST 2026 ===
[unix 1790288113] mode=zeta t=4.00079810653700000e12 t_exact=4000798106537 t_bits=0x428d1c11331d4800 L=22 X=3584912846 threads=8 direct=false
[unix 1790288113] dd-log values (n, hi, lo): [(2, 0.6931471805599453, 2.3190468138462993e-17), (3, 1.0986122886681098, -9.071297235001531e-17), (7, 1.9459101490553132, 7.323586207904906e-17), (10, 2.302585092994046, -2.1707562233822496e-16), (65537, 11.090370147631774, -2.2108500861306432e-16), (1000003, 13.815513557959774, 4.636218047193208e-16), (485165195, 19.99999999915536, -8.026664119583126e-16), (999999937, 20.72326577394641, 3.8628426884953976e-16), (0, 0.6931471805599453, 2.3190468138462993e-17)]
[unix 1790288114] A-table built in 0.25s: Z = 0.2219969080840402, A(0) = 16.621965346934 (M=8192: 16.621965346934); interp-vs-quad [(0.1234567, 9.848192099927926, 9.848192099927958, -3.197442310920451e-14), (0.5, -5.209362663929407, -5.20936266392941, 2.6645352591003757e-15), (0.87654321, -0.610135483531583, -0.6101354835315815, -1.4432899320127035e-15)]; A'(0.3) table -38.377064567 vs FD -38.377065469
[unix 1790288122] done: terms=171148332 (primes 171141897, prime powers 6435) P_dd = -1.546280120821339e-2  P_double = -1.547670430315232e-2  diff = 1.390e-5  l1 = 2.180742e1  sum Lambda/sqrt n = 1.197457e5  sum time 8.22s (48.1 ns/term/thread-count-8)
[unix 1790288122] phase line: eps_phi = 4.107e-18 rad/term (eps_phi_per_t 1.03e-30), l1 = 2.180742e1, line = 8.957e-17 against allowance 1e-8 -> accepted
[unix 1790288122] self-test: 1000 random n <= 3584912846 written (seed 20260925)
[unix 1790288122] wrote /Users/jaytyagi/Library/Mobile Documents/com~apple~CloudDocs/Documents/Work/2026/Math/riemann/rh-program/results/d4-sign-sweep/out/sum_zeta_t4000798106537_L22.json (8.5s total)

=== d4_point t=4620049577808 L=22.0 Fri Sep 25 03:46:02 IST 2026 ===
[unix 1790288154] mode=zeta t=4.62004957780800000e12 t_exact=4620049577808 t_bits=0x4290cec1a7dd4000 L=22 X=3584912846 threads=8 direct=false
[unix 1790288154] dd-log values (n, hi, lo): [(2, 0.6931471805599453, 2.3190468138462993e-17), (3, 1.0986122886681098, -9.071297235001531e-17), (7, 1.9459101490553132, 7.323586207904906e-17), (10, 2.302585092994046, -2.1707562233822496e-16), (65537, 11.090370147631774, -2.2108500861306432e-16), (1000003, 13.815513557959774, 4.636218047193208e-16), (485165195, 19.99999999915536, -8.026664119583126e-16), (999999937, 20.72326577394641, 3.8628426884953976e-16), (0, 0.6931471805599453, 2.3190468138462993e-17)]
[unix 1790288154] A-table built in 0.24s: Z = 0.2219969080840402, A(0) = 16.621965346934 (M=8192: 16.621965346934); interp-vs-quad [(0.1234567, 9.848192099927926, 9.848192099927958, -3.197442310920451e-14), (0.5, -5.209362663929407, -5.20936266392941, 2.6645352591003757e-15), (0.87654321, -0.610135483531583, -0.6101354835315815, -1.4432899320127035e-15)]; A'(0.3) table -38.377064567 vs FD -38.377065469
[unix 1790288162] done: terms=171148332 (primes 171141897, prime powers 6435) P_dd = 1.265974326038364e-2  P_double = 1.270657233908472e-2  diff = -4.683e-5  l1 = 2.180742e1  sum Lambda/sqrt n = 1.197457e5  sum time 8.24s (48.2 ns/term/thread-count-8)
[unix 1790288162] phase line: eps_phi = 4.743e-18 rad/term (eps_phi_per_t 1.03e-30), l1 = 2.180742e1, line = 1.034e-16 against allowance 1e-8 -> accepted
[unix 1790288162] self-test: 1000 random n <= 3584912846 written (seed 20260925)
[unix 1790288162] wrote /Users/jaytyagi/Library/Mobile Documents/com~apple~CloudDocs/Documents/Work/2026/Math/riemann/rh-program/results/d4-sign-sweep/out/sum_zeta_t4620049577808_L22.json (8.5s total)

=== d4_point t=5335150020825 L=22.0 Fri Sep 25 03:46:42 IST 2026 ===
[unix 1790288194] mode=zeta t=5.33515002082500000e12 t_exact=5335150020825 t_bits=0x429368bee3236400 L=22 X=3584912846 threads=8 direct=false
[unix 1790288194] dd-log values (n, hi, lo): [(2, 0.6931471805599453, 2.3190468138462993e-17), (3, 1.0986122886681098, -9.071297235001531e-17), (7, 1.9459101490553132, 7.323586207904906e-17), (10, 2.302585092994046, -2.1707562233822496e-16), (65537, 11.090370147631774, -2.2108500861306432e-16), (1000003, 13.815513557959774, 4.636218047193208e-16), (485165195, 19.99999999915536, -8.026664119583126e-16), (999999937, 20.72326577394641, 3.8628426884953976e-16), (0, 0.6931471805599453, 2.3190468138462993e-17)]
[unix 1790288194] A-table built in 0.25s: Z = 0.2219969080840402, A(0) = 16.621965346934 (M=8192: 16.621965346934); interp-vs-quad [(0.1234567, 9.848192099927926, 9.848192099927958, -3.197442310920451e-14), (0.5, -5.209362663929407, -5.20936266392941, 2.6645352591003757e-15), (0.87654321, -0.610135483531583, -0.6101354835315815, -1.4432899320127035e-15)]; A'(0.3) table -38.377064567 vs FD -38.377065469
[unix 1790288202] done: terms=171148332 (primes 171141897, prime powers 6435) P_dd = 8.522414416623042e-3  P_double = 8.517824143591941e-3  diff = 4.590e-6  l1 = 2.180742e1  sum Lambda/sqrt n = 1.197457e5  sum time 8.26s (48.3 ns/term/thread-count-8)
[unix 1790288202] phase line: eps_phi = 5.477e-18 rad/term (eps_phi_per_t 1.03e-30), l1 = 2.180742e1, line = 1.194e-16 against allowance 1e-8 -> accepted
[unix 1790288202] self-test: 1000 random n <= 3584912846 written (seed 20260925)
[unix 1790288202] wrote /Users/jaytyagi/Library/Mobile Documents/com~apple~CloudDocs/Documents/Work/2026/Math/riemann/rh-program/results/d4-sign-sweep/out/sum_zeta_t5335150020825_L22.json (8.5s total)

=== d4_point t=6160935129664 L=22.0 Fri Sep 25 03:47:22 IST 2026 ===
[unix 1790288234] mode=zeta t=6.16093512966400000e12 t_exact=6160935129664 t_bits=0x429669d166490000 L=22 X=3584912846 threads=8 direct=false
[unix 1790288234] dd-log values (n, hi, lo): [(2, 0.6931471805599453, 2.3190468138462993e-17), (3, 1.0986122886681098, -9.071297235001531e-17), (7, 1.9459101490553132, 7.323586207904906e-17), (10, 2.302585092994046, -2.1707562233822496e-16), (65537, 11.090370147631774, -2.2108500861306432e-16), (1000003, 13.815513557959774, 4.636218047193208e-16), (485165195, 19.99999999915536, -8.026664119583126e-16), (999999937, 20.72326577394641, 3.8628426884953976e-16), (0, 0.6931471805599453, 2.3190468138462993e-17)]
[unix 1790288234] A-table built in 0.25s: Z = 0.2219969080840402, A(0) = 16.621965346934 (M=8192: 16.621965346934); interp-vs-quad [(0.1234567, 9.848192099927926, 9.848192099927958, -3.197442310920451e-14), (0.5, -5.209362663929407, -5.20936266392941, 2.6645352591003757e-15), (0.87654321, -0.610135483531583, -0.6101354835315815, -1.4432899320127035e-15)]; A'(0.3) table -38.377064567 vs FD -38.377065469
[unix 1790288242] done: terms=171148332 (primes 171141897, prime powers 6435) P_dd = -1.993643929395756e-2  P_double = -1.997181590411689e-2  diff = 3.538e-5  l1 = 2.180742e1  sum Lambda/sqrt n = 1.197457e5  sum time 8.28s (48.4 ns/term/thread-count-8)
[unix 1790288242] phase line: eps_phi = 6.325e-18 rad/term (eps_phi_per_t 1.03e-30), l1 = 2.180742e1, line = 1.379e-16 against allowance 1e-8 -> accepted
[unix 1790288242] self-test: 1000 random n <= 3584912846 written (seed 20260925)
[unix 1790288242] wrote /Users/jaytyagi/Library/Mobile Documents/com~apple~CloudDocs/Documents/Work/2026/Math/riemann/rh-program/results/d4-sign-sweep/out/sum_zeta_t6160935129664_L22.json (8.5s total)

=== d4_point t=7114536896577 L=22.0 Fri Sep 25 03:48:02 IST 2026 ===
[unix 1790288274] mode=zeta t=7.11453689657700000e12 t_exact=7114536896577 t_bits=0x4299e1edc7210400 L=22 X=3584912846 threads=8 direct=false
[unix 1790288274] dd-log values (n, hi, lo): [(2, 0.6931471805599453, 2.3190468138462993e-17), (3, 1.0986122886681098, -9.071297235001531e-17), (7, 1.9459101490553132, 7.323586207904906e-17), (10, 2.302585092994046, -2.1707562233822496e-16), (65537, 11.090370147631774, -2.2108500861306432e-16), (1000003, 13.815513557959774, 4.636218047193208e-16), (485165195, 19.99999999915536, -8.026664119583126e-16), (999999937, 20.72326577394641, 3.8628426884953976e-16), (0, 0.6931471805599453, 2.3190468138462993e-17)]
[unix 1790288274] A-table built in 0.25s: Z = 0.2219969080840402, A(0) = 16.621965346934 (M=8192: 16.621965346934); interp-vs-quad [(0.1234567, 9.848192099927926, 9.848192099927958, -3.197442310920451e-14), (0.5, -5.209362663929407, -5.20936266392941, 2.6645352591003757e-15), (0.87654321, -0.610135483531583, -0.6101354835315815, -1.4432899320127035e-15)]; A'(0.3) table -38.377064567 vs FD -38.377065469
[unix 1790288282] done: terms=171148332 (primes 171141897, prime powers 6435) P_dd = -4.581602165914935e-3  P_double = -4.600877688828397e-3  diff = 1.928e-5  l1 = 2.180742e1  sum Lambda/sqrt n = 1.197457e5  sum time 8.24s (48.1 ns/term/thread-count-8)
[unix 1790288282] phase line: eps_phi = 7.304e-18 rad/term (eps_phi_per_t 1.03e-30), l1 = 2.180742e1, line = 1.593e-16 against allowance 1e-8 -> accepted
[unix 1790288282] self-test: 1000 random n <= 3584912846 written (seed 20260925)
[unix 1790288282] wrote /Users/jaytyagi/Library/Mobile Documents/com~apple~CloudDocs/Documents/Work/2026/Math/riemann/rh-program/results/d4-sign-sweep/out/sum_zeta_t7114536896577_L22.json (8.5s total)

=== d4_point t=8215739037575 L=22.0 Fri Sep 25 03:48:43 IST 2026 ===
[unix 1790288314] mode=zeta t=8.21573903757500000e12 t_exact=8215739037575 t_bits=0x429de380d3de1c00 L=22 X=3584912846 threads=8 direct=false
[unix 1790288314] dd-log values (n, hi, lo): [(2, 0.6931471805599453, 2.3190468138462993e-17), (3, 1.0986122886681098, -9.071297235001531e-17), (7, 1.9459101490553132, 7.323586207904906e-17), (10, 2.302585092994046, -2.1707562233822496e-16), (65537, 11.090370147631774, -2.2108500861306432e-16), (1000003, 13.815513557959774, 4.636218047193208e-16), (485165195, 19.99999999915536, -8.026664119583126e-16), (999999937, 20.72326577394641, 3.8628426884953976e-16), (0, 0.6931471805599453, 2.3190468138462993e-17)]
[unix 1790288314] A-table built in 0.25s: Z = 0.2219969080840402, A(0) = 16.621965346934 (M=8192: 16.621965346934); interp-vs-quad [(0.1234567, 9.848192099927926, 9.848192099927958, -3.197442310920451e-14), (0.5, -5.209362663929407, -5.20936266392941, 2.6645352591003757e-15), (0.87654321, -0.610135483531583, -0.6101354835315815, -1.4432899320127035e-15)]; A'(0.3) table -38.377064567 vs FD -38.377065469
[unix 1790288323] done: terms=171148332 (primes 171141897, prime powers 6435) P_dd = 4.587932643995560e-3  P_double = 4.492980047128170e-3  diff = 9.495e-5  l1 = 2.180742e1  sum Lambda/sqrt n = 1.197457e5  sum time 8.28s (48.4 ns/term/thread-count-8)
[unix 1790288323] phase line: eps_phi = 8.435e-18 rad/term (eps_phi_per_t 1.03e-30), l1 = 2.180742e1, line = 1.839e-16 against allowance 1e-8 -> accepted
[unix 1790288323] self-test: 1000 random n <= 3584912846 written (seed 20260925)
[unix 1790288323] wrote /Users/jaytyagi/Library/Mobile Documents/com~apple~CloudDocs/Documents/Work/2026/Math/riemann/rh-program/results/d4-sign-sweep/out/sum_zeta_t8215739037575_L22.json (8.5s total)

=== d4_point t=9487387431502 L=22.0 Fri Sep 25 03:49:23 IST 2026 ===
[unix 1790288354] mode=zeta t=9.48738743150200000e12 t_exact=9487387431502 t_bits=0x42a141e8b7249c00 L=22 X=3584912846 threads=8 direct=false
[unix 1790288354] dd-log values (n, hi, lo): [(2, 0.6931471805599453, 2.3190468138462993e-17), (3, 1.0986122886681098, -9.071297235001531e-17), (7, 1.9459101490553132, 7.323586207904906e-17), (10, 2.302585092994046, -2.1707562233822496e-16), (65537, 11.090370147631774, -2.2108500861306432e-16), (1000003, 13.815513557959774, 4.636218047193208e-16), (485165195, 19.99999999915536, -8.026664119583126e-16), (999999937, 20.72326577394641, 3.8628426884953976e-16), (0, 0.6931471805599453, 2.3190468138462993e-17)]
[unix 1790288354] A-table built in 0.25s: Z = 0.2219969080840402, A(0) = 16.621965346934 (M=8192: 16.621965346934); interp-vs-quad [(0.1234567, 9.848192099927926, 9.848192099927958, -3.197442310920451e-14), (0.5, -5.209362663929407, -5.20936266392941, 2.6645352591003757e-15), (0.87654321, -0.610135483531583, -0.6101354835315815, -1.4432899320127035e-15)]; A'(0.3) table -38.377064567 vs FD -38.377065469
[unix 1790288363] done: terms=171148332 (primes 171141897, prime powers 6435) P_dd = -8.125499960497166e-4  P_double = -8.719590281375281e-4  diff = 5.941e-5  l1 = 2.180742e1  sum Lambda/sqrt n = 1.197457e5  sum time 8.27s (48.3 ns/term/thread-count-8)
[unix 1790288363] phase line: eps_phi = 9.740e-18 rad/term (eps_phi_per_t 1.03e-30), l1 = 2.180742e1, line = 2.124e-16 against allowance 1e-8 -> accepted
[unix 1790288363] self-test: 1000 random n <= 3584912846 written (seed 20260925)
[unix 1790288363] wrote /Users/jaytyagi/Library/Mobile Documents/com~apple~CloudDocs/Documents/Work/2026/Math/riemann/rh-program/results/d4-sign-sweep/out/sum_zeta_t9487387431502_L22.json (8.5s total)

=== d4_point t=10955864087667 L=22.0 Fri Sep 25 03:50:03 IST 2026 ===
[unix 1790288394] mode=zeta t=1.09558640876670000e13 t_exact=10955864087667 t_bits=0x42a3edb8c638e600 L=22 X=3584912846 threads=8 direct=false
[unix 1790288394] dd-log values (n, hi, lo): [(2, 0.6931471805599453, 2.3190468138462993e-17), (3, 1.0986122886681098, -9.071297235001531e-17), (7, 1.9459101490553132, 7.323586207904906e-17), (10, 2.302585092994046, -2.1707562233822496e-16), (65537, 11.090370147631774, -2.2108500861306432e-16), (1000003, 13.815513557959774, 4.636218047193208e-16), (485165195, 19.99999999915536, -8.026664119583126e-16), (999999937, 20.72326577394641, 3.8628426884953976e-16), (0, 0.6931471805599453, 2.3190468138462993e-17)]
[unix 1790288395] A-table built in 0.25s: Z = 0.2219969080840402, A(0) = 16.621965346934 (M=8192: 16.621965346934); interp-vs-quad [(0.1234567, 9.848192099927926, 9.848192099927958, -3.197442310920451e-14), (0.5, -5.209362663929407, -5.20936266392941, 2.6645352591003757e-15), (0.87654321, -0.610135483531583, -0.6101354835315815, -1.4432899320127035e-15)]; A'(0.3) table -38.377064567 vs FD -38.377065469
[unix 1790288403] done: terms=171148332 (primes 171141897, prime powers 6435) P_dd = -7.262410453192574e-3  P_double = -7.352026062605763e-3  diff = 8.962e-5  l1 = 2.180742e1  sum Lambda/sqrt n = 1.197457e5  sum time 8.31s (48.5 ns/term/thread-count-8)
[unix 1790288403] phase line: eps_phi = 1.125e-17 rad/term (eps_phi_per_t 1.03e-30), l1 = 2.180742e1, line = 2.453e-16 against allowance 1e-8 -> accepted
[unix 1790288403] self-test: 1000 random n <= 3584912846 written (seed 20260925)
[unix 1790288403] wrote /Users/jaytyagi/Library/Mobile Documents/com~apple~CloudDocs/Documents/Work/2026/Math/riemann/rh-program/results/d4-sign-sweep/out/sum_zeta_t10955864087667_L22.json (8.6s total)

=== d4_point t=12651634475144 L=22.0 Fri Sep 25 03:50:43 IST 2026 ===
[unix 1790288434] mode=zeta t=1.26516344751440000e13 t_exact=12651634475144 t_bits=0x42a703605b811000 L=22 X=3584912846 threads=8 direct=false
[unix 1790288434] dd-log values (n, hi, lo): [(2, 0.6931471805599453, 2.3190468138462993e-17), (3, 1.0986122886681098, -9.071297235001531e-17), (7, 1.9459101490553132, 7.323586207904906e-17), (10, 2.302585092994046, -2.1707562233822496e-16), (65537, 11.090370147631774, -2.2108500861306432e-16), (1000003, 13.815513557959774, 4.636218047193208e-16), (485165195, 19.99999999915536, -8.026664119583126e-16), (999999937, 20.72326577394641, 3.8628426884953976e-16), (0, 0.6931471805599453, 2.3190468138462993e-17)]
[unix 1790288435] A-table built in 0.25s: Z = 0.2219969080840402, A(0) = 16.621965346934 (M=8192: 16.621965346934); interp-vs-quad [(0.1234567, 9.848192099927926, 9.848192099927958, -3.197442310920451e-14), (0.5, -5.209362663929407, -5.20936266392941, 2.6645352591003757e-15), (0.87654321, -0.610135483531583, -0.6101354835315815, -1.4432899320127035e-15)]; A'(0.3) table -38.377064567 vs FD -38.377065469
[unix 1790288443] done: terms=171148332 (primes 171141897, prime powers 6435) P_dd = 7.887689129052133e-3  P_double = 7.950917883163412e-3  diff = -6.323e-5  l1 = 2.180742e1  sum Lambda/sqrt n = 1.197457e5  sum time 8.28s (48.4 ns/term/thread-count-8)
[unix 1790288443] phase line: eps_phi = 1.299e-17 rad/term (eps_phi_per_t 1.03e-30), l1 = 2.180742e1, line = 2.832e-16 against allowance 1e-8 -> accepted
[unix 1790288443] self-test: 1000 random n <= 3584912846 written (seed 20260925)
[unix 1790288443] wrote /Users/jaytyagi/Library/Mobile Documents/com~apple~CloudDocs/Documents/Work/2026/Math/riemann/rh-program/results/d4-sign-sweep/out/sum_zeta_t12651634475144_L22.json (8.5s total)

