=== zeta t1e12 L20 Fri Sep 25 01:01:29 IST 2026 ===
[unix 1790278289] mode=zeta t=1.00000000000000000e12 t_exact=1000000000000 t_bits=0x426d1a94a2000000 L=20 X=485165195 threads=8 direct=false
[unix 1790278289] dd-log values (n, hi, lo): [(2, 0.6931471805599453, 2.3190468138462993e-17), (3, 1.0986122886681098, -9.071297235001531e-17), (7, 1.9459101490553132, 7.323586207904906e-17), (10, 2.302585092994046, -2.1707562233822496e-16), (65537, 11.090370147631774, -2.2108500861306432e-16), (1000003, 13.815513557959774, 4.636218047193208e-16), (485165195, 19.99999999915536, -8.026664119583126e-16), (999999937, 20.72326577394641, 3.8628426884953976e-16), (0, 0.6931471805599453, 2.3190468138462993e-17)]
[unix 1790278289] A-table built in 0.24s: Z = 0.2219969080840402, A(0) = 16.621965346934 (M=8192: 16.621965346934); interp-vs-quad [(0.1234567, 9.848192099927926, 9.848192099927958, -3.197442310920451e-14), (0.5, -5.209362663929407, -5.20936266392941, 2.6645352591003757e-15), (0.87654321, -0.610135483531583, -0.6101354835315815, -1.4432899320127035e-15)]; A'(0.3) table -38.377064567 vs FD -38.377065469
[unix 1790278290] done: terms=25617272 (primes 25614562, prime powers 2710) P_dd = -6.457182572551537e-3  P_double = -6.462253011786294e-3  diff = 5.070e-6  l1 = 1.253973e1  sum Lambda/sqrt n = 4.405044e4  sum time 1.23s (47.8 ns/term/thread-count-8)
[unix 1790278290] phase line: eps_phi = 2.200e-19 rad/term (eps_phi_per_t 2.20e-31), l1 = 1.253973e1, line = 2.759e-18 against allowance 1e-8 -> accepted
[unix 1790278290] self-test: 1000 random n <= 485165195 written (seed 20260925)
[unix 1790278290] wrote out/zeta_t1000000000000_L20.json (1.5s total)
        1.47 real         9.35 user         0.01 sys
            12238848  maximum resident set size
                   0  average shared memory size
                   0  average unshared data size
                   0  average unshared stack size
                 941  page reclaims
                   0  page faults
                   0  swaps
                   0  block input operations
                   0  block output operations
                   0  messages sent
                   0  messages received
                   0  signals received
                   0  voluntary context switches
                1444  involuntary context switches
         63610793431  instructions retired
         31930623784  cycles elapsed
            11485568  peak memory footprint
=== zeta t1e12 L28.35 Fri Sep 25 01:01:30 IST 2026 ===
[unix 1790278290] mode=zeta t=1.00000000000000000e12 t_exact=1000000000000 t_bits=0x426d1a94a2000000 L=28.35 X=2052336466859 threads=8 direct=false
[unix 1790278290] dd-log values (n, hi, lo): [(2, 0.6931471805599453, 2.3190468138462993e-17), (3, 1.0986122886681098, -9.071297235001531e-17), (7, 1.9459101490553132, 7.323586207904906e-17), (10, 2.302585092994046, -2.1707562233822496e-16), (65537, 11.090370147631774, -2.2108500861306432e-16), (1000003, 13.815513557959774, 4.636218047193208e-16), (485165195, 19.99999999915536, -8.026664119583126e-16), (999999937, 20.72326577394641, 3.8628426884953976e-16), (0, 0.6931471805599453, 2.3190468138462993e-17)]
[unix 1790278290] A-table built in 0.24s: Z = 0.2219969080840402, A(0) = 16.621965346934 (M=8192: 16.621965346934); interp-vs-quad [(0.1234567, 9.848192099927926, 9.848192099927958, -3.197442310920451e-14), (0.5, -5.209362663929407, -5.20936266392941, 2.6645352591003757e-15), (0.87654321, -0.610135483531583, -0.6101354835315815, -1.4432899320127035e-15)]; A'(0.3) table -38.377064567 vs FD -38.377065469
[unix 1790282032] done: terms=75148949134 (primes 75148837837, prime powers 111297) P_dd = -5.555624780685936e-3  P_double = -5.551157249529606e-3  diff = -4.468e-6  l1 = 1.469506e2  sum Lambda/sqrt n = 2.865193e6  sum time 3742.04s (49.8 ns/term/thread-count-8)
[unix 1790282032] phase line: eps_phi = 2.200e-19 rad/term (eps_phi_per_t 2.20e-31), l1 = 1.469506e2, line = 3.233e-17 against allowance 1e-8 -> accepted
[unix 1790282032] self-test: 1000 random n <= 2052336466859 written (seed 20260925)
[unix 1790282033] wrote out/zeta_t1000000000000_L28.35.json (3742.3s total)
     3742.34 real     28835.10 user        23.66 sys
            47087616  maximum resident set size
                   0  average shared memory size
                   0  average unshared data size
                   0  average unshared stack size
                3069  page reclaims
                   0  page faults
                   0  swaps
                   0  block input operations
                   0  block output operations
                   0  messages sent
                   0  messages received
                   0  signals received
                   0  voluntary context switches
             3677680  involuntary context switches
     192986941730987  instructions retired
      97380564473623  cycles elapsed
            40518016  peak memory footprint
=== done Fri Sep 25 02:03:53 IST 2026 ===
