# pseudoN rho=1.05 X=1e+08 label=r1.05d0.45  g-prime sites=5543318 total mult=5781195 max m=2 max a=588 sat=0
# bin_lo  Emax  Emin  Erms  sup|psi-x|  max(psi-x)  min(psi-x)  (psi-x)@end
1.9953e+00 0.5 -0.55 0.5 1.61371 -0.613706 -1.61371 -0.613706
2.8184e+00 0.45 -0.6 0.45 1.51509 -0.515093 -1.51509 -0.515093
3.9811e+00 2.4 1.35 2.4 1.1288 -0.128799 -1.1288 -0.128799
4.4668e+00 1.35 0.3 1.35 2.1288 -1.1288 -2.1288 -1.1288
5.6234e+00 2.3 1.25 2.3 3.1288 -2.1288 -3.1288 -2.1288
6.3096e+00 1.25 0.2 1.25 4.1288 -3.1288 -4.1288 -3.1288
7.9433e+00 4.2 3.15 4.2 3.7425 -2.7425 -3.7425 -2.7425
8.9125e+00 4.15 3.1 4.15 3.64389 -2.64389 -3.64389 -2.64389
1.0000e+01 3.1 1 2.62797 5.64389 -3.64389 -5.64389 -4.64389
1.1220e+01 4 2.95 4 6.64389 -5.64389 -6.64389 -5.64389
1.2589e+01 2.95 0.85 2.48118 8.64389 -6.64389 -8.64389 -7.64389
1.4125e+01 0.85 -0.2 0.85 9.64389 -8.64389 -9.64389 -8.64389
1.5849e+01 4.8 2.7 4.30712 10.2576 -8.2576 -10.2576 -9.2576
1.7783e+01 4.7 2.6 4.20788 12.2576 -10.2576 -12.2576 -11.2576
1.9953e+01 2.6 -0.55 1.7713 15.2576 -12.2576 -15.2576 -14.2576
2.2387e+01 3.4 -0.6 2.40035 15.1221 -12.1221 -15.1221 -14.1221
2.5119e+01 1.3 -0.85 1.04762 17.0235 -15.0235 -17.0235 -16.0235
2.8184e+01 0.15 -1 0.108012 14.6562 -8.82101 -14.6562 -8.82101
3.1623e+01 5 0.8 3.6206 12.4347 -8.43472 -12.4347 -11.4347
3.5481e+01 3.8 -0.4 2.5157 16.4347 -12.4347 -16.4347 -15.4347
3.9811e+01 0.5 -1.5 0.441588 17.4347 -1.70042 -17.4347 -1.70042
4.4668e+01 4.2 -0.8 2.37513 4.89375 1.10625 -4.89375 -3.89375
5.0119e+01 1.05 -1.25 0.574093 6.89375 -1.89811 -6.89375 -1.89811
5.6234e+01 0.7 -1.5 0.491354 4.85506 1.14494 -4.85506 -0.711924
6.3096e+01 6.4 0.05 3.95163 7.32563 -0.325629 -7.32563 -6.32563
7.0795e+01 3 -1.4 1.2451 12.3256 2.07507 -12.3256 2.07507
7.9433e+01 4.2 -1.5 2.58675 7.97455 7.97455 0.974546 1.97455
8.9125e+01 8.8 2.8 6.05774 9.02545 0.974546 -9.02545 -8.02545
1.0000e+02 4.6 -1 1.98698 15.3715 -9.02545 -15.3715 -11.662
1.1220e+02 2.4 -1.4 1.10061 18.662 -12.0788 -18.662 -15.0788
1.2589e+02 10.2 0.5 6.35777 30.6925 -16.0788 -30.6925 -29.6925
1.4125e+02 4.4 -1.3 1.5528 32.7297 -19.6978 -32.7297 -26.6978
1.5849e+02 7.8 -0.6 4.77926 46.6978 -27.6978 -46.6978 -45.6978
1.7783e+02 10 1.6 6.70172 68.6978 -46.6978 -68.6978 -67.6978
1.9953e+02 2.8 -1.5 0.963717 70.6978 -32.8579 -70.6978 -32.8579
2.2387e+02 5.2 -0.8 2.83275 55.3343 -31.4329 -55.3343 -54.3343
2.5119e+02 13.8 -1.5 8.04961 83.948 -55.3343 -83.948 -82.948
2.8184e+02 5.2 -1.5 1.56216 73.6642 -44.7823 -73.6642 -49.7823
3.1623e+02 8.8 -1.2 3.74126 77.2147 -49.2147 -77.2147 -76.2147
3.5481e+02 7.4 -1.5 2.82145 87.426 -54.7554 -87.426 -54.7554
3.9811e+02 4 -1.5 1.53134 50.7665 -23.7892 -50.7665 -30.3425
4.4668e+02 6.8 -1.4 2.84765 63.0264 -31.3425 -63.0264 -60.6254
5.0119e+02 12 -1.5 5.25556 76.6644 21.4528 -76.6644 21.4528
5.6234e+02 7.8 -1.4 3.26712 31.4734 31.4734 3.47335 4.47335
6.3096e+02 12 -1.5 3.60236 33.1068 4.89321 -33.1068 -13.8939
7.0795e+02 10.2 -1.5 3.24318 41.5434 41.5434 -15.8939 32.5434
7.9433e+02 6.2 -1.5 2.69701 31.5434 31.5434 -0.755588 6.3401
8.9125e+02 10 -1.5 3.82212 24.5991 6.63453 -24.5991 -5.64446
1.0000e+03 14.2 -1.5 4.29043 87.6572 87.6572 -19.5974 46.6904
1.1220e+03 13.7 -1.4 6.69597 52.7141 52.7141 -47.9665 -46.9665
1.2589e+03 15.4 -1.5 4.25775 118.169 -46.3418 -118.169 -56.681
1.4125e+03 11.6 -1.5 3.4822 83.153 11.8161 -83.153 5.54958
1.5849e+03 13.8 -1.5 5.59384 104.76 8.68097 -104.76 -102.981
1.7783e+03 13.4 -1.5 5.6785 206.677 -103.981 -206.677 -199.054
1.9953e+03 18.8 -1.5 5.3891 207.84 -91.1836 -207.84 -168.131
2.2387e+03 19.8 -1.5 8.30958 334.663 -165.415 -334.663 -316.731
2.5119e+03 18.2 -1.5 4.66544 318.731 -208.224 -318.731 -233.444
2.8184e+03 16.4 -1.5 4.5734 266.444 -102.269 -266.444 -157.243
3.1623e+03 19.6 -1.5 8.09862 369.44 -158.243 -369.44 -368.44
3.5481e+03 19 -1.5 6.09875 455.243 -265.027 -455.243 -286.601
3.9811e+03 22 -1.5 5.92275 280.311 -141.749 -280.311 -211.485
4.4668e+03 22.4 -1.5 8.50543 382.444 -133.888 -382.444 -205.799
5.0119e+03 22.8 -1.5 5.82849 270.073 -85.6949 -270.073 -114.041
5.6234e+03 23.7 -1.5 7.52649 139.041 77.0124 -139.041 -123.351
6.3096e+03 21 -1.5 8.64776 330.977 -124.351 -330.977 -275.274
7.0795e+03 18.2 -1.5 5.24825 318.274 252.268 -318.274 243.268
7.9433e+03 27 -1.5 8.30105 405.067 405.067 87.0002 88.0002
8.9125e+03 41.2 -1.5 13.2122 282.515 99.7024 -282.515 -64.3684
1.0000e+04 25.6 -1.5 6.02529 454.099 454.099 -95.0173 433.715
1.1220e+04 43.8 -1.5 13.0012 521.72 521.72 -131.93 -130.93
1.2589e+04 25 -1.5 8.00185 269.028 39.1743 -269.028 -22.9267
1.4125e+04 26.6 -1.5 6.02194 624.098 624.098 -75.1476 482.692
1.5849e+04 42.4 -1.5 15.6476 736.267 481.692 -736.267 -671.009
1.7783e+04 31.2 -1.5 9.24833 1098.93 -167.857 -1098.93 -229.504
1.9953e+04 32.6 -1.5 7.43242 312.125 312.125 -239.898 -47.3251
2.2387e+04 43 -1.5 15.4301 1675.13 -48.3251 -1675.13 -1555.17
2.5119e+04 28.6 -1.5 7.23939 1564.17 -529.712 -1564.17 -530.972
2.8184e+04 38.6 -1.5 8.92236 1333.03 -222.778 -1333.03 -1332.03
3.1623e+04 52.4 -1.5 16.3813 2183.52 -1333.03 -2183.52 -1653.71
3.5481e+04 44.2 -1.5 9.00063 1851.71 -367.537 -1851.71 -441.829
3.9811e+04 47.8 -1.5 12.4959 1858.44 -267.022 -1858.44 -1857.44
4.4668e+04 57.2 -1.5 15.1759 2847.49 -1674.42 -2847.49 -1681.42
5.0119e+04 34.6 -1.5 7.65991 1766.6 512.518 -1766.6 434.621
5.6234e+04 51.6 -1.5 11.8808 1543.39 587.013 -1543.39 -1542.39
6.3096e+04 49.6 -1.5 14.0239 2135.43 -500.611 -2135.43 -644.129
7.0795e+04 46.8 -1.5 10.0328 1335.42 1335.42 -811.569 1072.5
7.9433e+04 62.6 -1.5 16.7491 1463.29 1082.78 -1463.29 -1427.51
8.9125e+04 45.6 -1.5 12.1184 1752.96 1708.04 -1752.96 1527.74
1.0000e+05 50.6 -1.5 11.5617 3376.51 3376.51 1100.55 2255.94
1.1220e+05 74.8 -1.5 15.2596 2254.94 2254.94 -1246.98 -1240.58
1.2589e+05 51.8 -1.5 13.2372 2378.99 2378.99 -1559.52 2368.85
1.4125e+05 72.2 -1.5 15.2484 3731.69 3731.69 1454.85 1507.8
1.5849e+05 68 -1.5 18.6161 1904.62 1506.8 -1904.62 -1577.17
1.7783e+05 70.2 -1.5 14.7124 2473.76 2473.76 -1768.17 1878.13
1.9953e+05 89.4 -1.5 17.7951 3569.94 3569.94 -2544.87 -2543.87
2.2387e+05 80 -1.5 18.7722 5237.91 -2240.74 -5237.91 -3918.52
2.5119e+05 77.55 -1.5 16.7415 4332.99 2789.65 -4332.99 1898.75
2.8184e+05 91.6 -1.5 21.4243 6759.73 2067.33 -6759.73 -6123.29
3.1623e+05 93.6 -1.5 21.4576 10044.1 -6102.3 -10044.1 -7594.12
3.5481e+05 87.2 -1.5 17.2765 7655.12 -1104.99 -7655.12 -1505.93
3.9811e+05 105.6 -1.5 21.8449 9972.31 -312.922 -9972.31 -9751.81
4.4668e+05 92.6 -1.5 21.1995 13771.4 -5053.22 -13771.4 -5057.22
5.0119e+05 106.1 -1.5 19.8824 5439.58 2716.37 -5439.58 -613.877
5.6234e+05 123 -1.5 25.3885 15468.9 -588.603 -15468.9 -14396.4
6.3096e+05 151 -1.5 23.9837 15509.4 -3266.31 -15509.4 -3308.31
7.0795e+05 112.6 -1.5 20.4632 7227.01 7227.01 -3362.61 3838.98
7.9433e+05 164.6 -1.5 29.9022 13026.1 4111.55 -13026.1 -12324.6
8.9125e+05 130.6 -1.5 22.6077 13003.2 10754.4 -13003.2 10548.3
1.0000e+06 113.6 -1.5 23.9092 15286.9 15286.9 2323.91 3462
1.1220e+06 161 -1.5 29.8119 11338.9 3816.58 -11338.9 -6120.58
1.2589e+06 186.6 -1.5 26.4716 24660.1 24660.1 -7188.81 24441.8
1.4125e+06 159.6 -1.5 26.9319 29710.3 29710.3 2067.89 3485.68
1.5849e+06 182.6 -1.5 33.7618 16050.7 3597.83 -16050.7 -5045.15
1.7783e+06 136.6 -1.5 25.488 32083.8 32083.8 -5428.76 30765.4
1.9953e+06 188.6 -1.5 33.7631 31746.2 31746.2 -13809 -12591.8
2.2387e+06 210.6 -1.5 32.9701 24677.8 -1352.17 -24677.8 -1723.7
2.5119e+06 166.6 -1.5 30.026 26382.4 26382.4 -1944.27 22851.2
2.8184e+06 200.4 -1.5 35.2817 40387.5 24960.2 -40387.5 -37787.6
3.1623e+06 244.6 -1.5 35.3094 51063.8 -970.522 -51063.8 -1929.46
3.5481e+06 224.2 -1.5 35.345 34853.6 34853.6 -2585.13 5814.2
3.9811e+06 265.2 -1.5 42.3725 79447.4 7090.7 -79447.4 -71273.1
4.4668e+06 223.6 -1.5 34.4551 72731 5012.36 -72731 4915.36
5.0119e+06 269.6 -1.5 37.8926 22918.1 22918.1 -15099.3 -12747.4
5.6234e+06 248.6 -1.5 42.1534 91141.3 -10910.7 -91141.3 -79503.5
6.3096e+06 308.8 -1.5 36.1292 83657.2 38471 -83657.2 37986.6
7.0795e+06 346.4 -1.5 44.959 55616.4 45072.4 -55616.4 -54639.1
7.9433e+06 552.6 -1.5 54.0857 119419 -52881 -119419 -61538.4
8.9125e+06 335.4 -1.5 38.2359 98087.8 98087.8 -62019.7 96311.3
1.0000e+07 493.4 -1.5 51.2875 102478 102478 -45884.1 -45359.1
1.1220e+07 291.2 -1.5 46.3849 111823 -7890.82 -111823 -13071
1.2589e+07 347.6 -1.5 41.8834 149487 149487 -15450.1 136721
1.4125e+07 382.8 -1.5 52.7792 137324 137324 -82007.8 -80234.4
1.5849e+07 452.6 -1.5 51.8897 93899.7 79779.3 -93899.7 78576
1.7783e+07 486.8 -1.5 50.0963 199437 199437 76766 147658
1.9953e+07 451.6 -1.5 57.9926 148015 148015 -135030 -132168
2.2387e+07 381.6 -1.5 50.3871 157848 133565 -157848 122503
2.5119e+07 402.6 -1.5 52.4674 262135 262135 82433.5 83544.6
2.8184e+07 587.6 -1.5 61.7517 222535 83543.6 -222535 -219490
3.1623e+07 431.6 -1.5 53.5461 222986 168183 -222986 165004
3.5481e+07 755.6 -1.5 63.3827 226904 226904 -92213 -91265.6
3.9811e+07 562.2 -1.5 64.5182 376935 -88562.7 -376935 -280234
4.4668e+07 506.6 -1.5 56.5822 285265 223495 -285265 212739
5.0119e+07 562.4 -1.5 65.8847 344307 273560 -344307 -341706
5.6234e+07 812.6 -1.5 69.248 579293 -329943 -579293 -334502
6.3096e+07 585.6 -1.5 62.8823 338654 296446 -338654 261887
7.0795e+07 849.6 -1.5 76.7191 512973 281356 -512973 -508056
7.9433e+07 797 -1.5 72.9359 682252 -184655 -682252 -192090
8.9125e+07 643.6 -1.5 67.6504 451670 451670 -196706 367990
1.0000e+08 111.6 110.55 111.6 367989 367989 367988 367989
