# pseudoN rho=0.95 X=1e+08 label=r0.95d0.45  g-prime sites=5765684 total mult=5765684 max m=1 max a=57 sat=0
# bin_lo  Emax  Emin  Erms  sup|psi-x|  max(psi-x)  min(psi-x)  (psi-x)@end
1.9953e+00 -0.4 -1.35 0.4 2.30685 -1.30685 -2.30685 -1.30685
2.8184e+00 -0.35 -1.3 0.35 2.20824 -1.20824 -2.20824 -1.20824
3.9811e+00 -0.3 -1.25 0.3 2.51509 -1.51509 -2.51509 -1.51509
4.4668e+00 -0.25 -1.2 0.25 1.90566 -0.905655 -1.90566 -0.905655
5.6234e+00 -0.2 -1.15 0.2 2.90566 -1.90566 -2.90566 -1.90566
6.3096e+00 -0.15 -1.1 0.15 1.95975 -0.959745 -1.95975 -0.959745
7.9433e+00 -0.1 -1.05 0.1 2.2666 -1.2666 -2.2666 -1.2666
8.9125e+00 -0.05 -1 0.05 2.16799 -1.16799 -2.16799 -1.16799
1.0000e+01 0.05 -0.95 0.0353553 3.16799 -0.770091 -3.16799 -0.770091
1.1220e+01 0.1 -0.85 0.1 2.77009 -1.77009 -2.77009 -1.77009
1.2589e+01 0.2 -0.8 0.176777 2.20514 -0.205141 -2.20514 -1.20514
1.4125e+01 0.25 -0.7 0.25 3.20514 -2.20514 -3.20514 -2.20514
1.5849e+01 0.35 -0.65 0.32596 3.51199 -0.678781 -3.51199 -0.678781
1.7783e+01 0.45 -0.55 0.425735 2.67878 0.265658 -2.67878 0.265658
1.9953e+01 0.6 -0.45 0.551513 3.73434 -0.734342 -3.73434 -2.73434
2.2387e+01 -0.25 -1.3 0.302765 5.73434 -3.73434 -5.73434 -4.1249
2.5119e+01 -0.1 -1.15 0.155456 7.02629 -5.02629 -7.02629 -6.02629
2.8184e+01 0.05 -1 0.0408248 5.659 -2.22501 -5.659 -2.22501
3.1623e+01 0.25 -0.85 0.183712 6.53186 -2.53186 -6.53186 -5.53186
3.5481e+01 0.45 -0.65 0.379144 7.53186 -3.92094 -7.53186 -5.92094
3.9811e+01 0.5 -1.4 0.406202 9.92094 -6.15974 -9.92094 -7.15974
4.4668e+01 0 -1.2 0.151383 9.15974 -2.48095 -9.15974 -3.53504
5.0119e+01 0.3 -0.9 0.194722 6.56475 -2.56475 -6.56475 -5.56475
5.6234e+01 0.5 -1.4 0.417475 9.48721 -4.48721 -9.48721 -8.48721
6.3096e+01 0 -1.25 0.180278 11.7941 -5.35527 -11.7941 -6.35527
7.0795e+01 0.45 -0.9 0.281366 6.80213 -0.802129 -6.80213 -2.43268
7.9433e+01 0.55 -1.35 0.32596 6.91523 -0.915228 -6.91523 -2.42659
8.9125e+01 0.45 -0.95 0.266927 10.4266 -3.42659 -10.4266 -7.85188
1.0000e+02 0.5 -1.4 0.273861 11.8519 -3.85298 -11.8519 -6.85298
1.1220e+02 0.55 -1.35 0.360288 6.38066 -0.380655 -6.38066 -1.56114
1.2589e+02 1.4 -1.15 0.443001 3.56114 2.85139 -3.56114 -2.22863
1.4125e+02 0.9 -1 0.515638 13.2113 -3.22863 -13.2113 -9.1551
1.5849e+02 0.5 -1.4 0.282377 14.1551 -1.12525 -14.1551 -5.12525
1.7783e+02 0.5 -1.4 0.304325 8.72838 4.3631 -8.72838 4.3631
1.9953e+02 0.6 -1.35 0.342174 9.96204 3.68611 -9.96204 -8.96204
2.2387e+02 1.1 -1.4 0.431153 14.1034 -4.10336 -14.1034 -8.50567
2.5119e+02 1.3 -1.4 0.397387 14.7301 -2.73005 -14.7301 -9.9056
2.8184e+02 0.6 -1.35 0.278388 12.2434 12.2434 -11.9056 9.2434
3.1623e+02 1.8 -1 0.676631 14.2317 14.0023 -14.2317 -9.36523
3.5481e+02 0.6 -1.35 0.308405 17.773 -7.53747 -17.773 -8.85677
3.9811e+02 1.3 -1.4 0.439697 19.8038 -1.44571 -19.8038 -2.34539
4.4668e+02 1.5 -1.35 0.564881 13.3909 13.3909 -3.05273 -2.05273
5.0119e+02 1.15 -1.4 0.406605 17.135 0.171825 -17.135 -12.1365
5.6234e+02 1.4 -1.4 0.512706 24.3689 -1.75412 -24.3689 -21.0976
6.3096e+02 2 -1.4 0.435256 34.0976 1.04378 -34.0976 -0.395194
7.0795e+02 1.8 -1.3 0.583169 12.4897 12.4897 -5.98883 -0.31301
7.9433e+02 2.3 -1.35 0.701269 14.9568 12.0432 -14.9568 -6.38224
8.9125e+02 2.7 -1.4 0.901568 41.8949 -7.38224 -41.8949 -21.6418
1.0000e+03 1.3 -1.4 0.395734 33.7251 14.3825 -33.7251 9.38247
1.1220e+03 2 -1.4 0.688722 23.4635 23.4635 -14.3839 -13.3839
1.2589e+03 4.3 -1.4 1.46319 26.8656 23.5235 -26.8656 -17.6617
1.4125e+03 2.55 -1.4 0.696023 48.0053 -16.3068 -48.0053 -21.3068
1.5849e+03 2.9 -1.4 0.779315 36.9309 11.8662 -36.9309 7.58357
1.7783e+03 2.3 -1.4 0.656595 53.9011 53.9011 -18.4008 20.6852
1.9953e+03 3.4 -1.4 1.0969 58.3483 34.0983 -58.3483 -57.3483
2.2387e+03 2.5 -1.4 0.708511 75.4696 -6.93222 -75.4696 -17.4569
2.5119e+03 2.9 -1.4 0.782197 44.4899 12.3791 -44.4899 2.96064
2.8184e+03 3.3 -1.4 0.790735 57.2987 57.2987 -7.40279 4.36531
3.1623e+03 5.05 -1.4 1.46273 76.8453 36.5933 -76.8453 -36.5777
3.5481e+03 2.55 -1.4 0.739893 64.0387 -10.6205 -64.0387 -41.5084
3.9811e+03 5.3 -1.4 1.28366 78.0904 51.1879 -78.0904 42.1879
4.4668e+03 3.5 -1.4 1.03513 91.3483 91.3483 -14.1237 24.5216
5.0119e+03 4.35 -1.4 1.34121 74.0265 23.5216 -74.0265 -20.9528
5.6234e+03 5.1 -1.4 1.18388 112.409 -16.3957 -112.409 -67.6882
6.3096e+03 4.6 -1.4 1.11125 107.137 107.137 -80.9239 77.9756
7.0795e+03 4 -1.4 1.06711 94.8702 94.8702 -41.2096 -23.1141
7.9433e+03 4.3 -1.4 1.0897 60.7194 37.7797 -60.7194 -51.6467
8.9125e+03 7.15 -1.4 1.68571 180.978 -17.0964 -180.978 -44.0675
1.0000e+04 4.9 -1.4 1.13424 123.379 123.379 -90.4265 83.3633
1.1220e+04 4.3 -1.4 1.24838 100.302 100.302 -19.1701 28.3751
1.2589e+04 9 -1.4 2.02388 171.784 90.4888 -171.784 -149.565
1.4125e+04 5.1 -1.4 1.18978 262.043 48.024 -262.043 11.701
1.5849e+04 5.55 -1.4 1.42571 105.702 105.702 -33.299 65.1371
1.7783e+04 7.25 -1.4 1.68843 181.035 181.035 -17.407 46.9736
1.9953e+04 7.5 -1.4 1.64172 246.17 140.093 -246.17 -186.467
2.2387e+04 5.5 -1.4 1.37906 307.998 44.2534 -307.998 -22.6266
2.5119e+04 6.8 -1.4 1.63336 172.695 172.695 -148.206 168.695
2.8184e+04 7.7 -1.4 1.9326 356.673 356.673 -48.0753 17.1388
3.1623e+04 6 -1.4 1.63184 355.626 58.1855 -355.626 -193.001
3.5481e+04 7.6 -1.45 1.70463 271.693 30.1847 -271.693 -192.599
3.9811e+04 7.1 -1.45 1.6621 426.818 426.818 -187.007 402.525
4.4668e+04 9.05 -1.45 2.14954 420.248 420.248 -186.384 -138.351
5.0119e+04 8.75 -1.45 1.88435 416.074 26.3388 -416.074 -222.576
5.6234e+04 13.5 -1.45 2.54757 410.769 -31.6792 -410.769 -182.082
6.3096e+04 9.75 -1.45 1.97765 606.821 606.821 -251.082 328.431
7.0795e+04 12.4 -1.4 2.35928 361.27 361.27 -254.862 -140.425
7.9433e+04 14.1 -1.4 2.408 596.339 99.2027 -596.339 -585.544
8.9125e+04 9.3 -1.45 2.11664 781.446 238.704 -781.446 237.273
1.0000e+05 10.7 -1.45 2.23262 749.51 749.51 55.5432 227.955
1.1220e+05 9.15 -1.45 2.27498 388.796 388.796 -201.431 -56.5604
1.2589e+05 17.35 -1.45 3.01713 1217.93 350.851 -1217.93 -1141.21
1.4125e+05 12.2 -1.4 2.34437 1147.21 572.167 -1147.21 454.077
1.5849e+05 11.75 -1.4 2.45107 835.555 835.555 -117.481 268.75
1.7783e+05 12.55 -1.4 2.58431 863.948 863.948 -172.292 31.9152
1.9953e+05 12.3 -1.4 2.73486 1429.05 30.9152 -1429.05 -1082.12
2.2387e+05 14.05 -1.4 2.48585 1146.41 661.595 -1146.41 506.735
2.5119e+05 15.5 -1.4 2.84809 1090.1 1090.1 -340.034 991.807
2.8184e+05 17.2 -1.4 3.13504 1343.24 1343.24 -1203.79 -994.594
3.1623e+05 14.1 -1.4 2.80138 1942 -62.8181 -1942 -201.156
3.5481e+05 21.75 -1.4 3.25042 878.279 606.931 -878.279 -26.1609
3.9811e+05 13.9 -1.4 3.01118 2038.99 2038.99 -420.377 1289.95
4.4668e+05 28.2 -1.4 3.38345 1860.69 1860.69 -1791.32 -1504.99
5.0119e+05 19.9 -1.45 3.17668 1722.44 -36.0349 -1722.44 -531.752
5.6234e+05 16.9 -1.45 3.23819 1480.52 1431.87 -1480.52 1426.9
6.3096e+05 20.8 -1.45 3.42993 3335.21 3335.21 264.435 1140.82
7.0795e+05 18.85 -1.45 3.61258 1943.33 1279.1 -1943.33 -1910.11
7.9433e+05 18.3 -1.45 3.50524 2609.5 -167.513 -2609.5 -2183.21
8.9125e+05 23.3 -1.45 3.77426 3140.68 3140.68 -2705.3 2127.14
1.0000e+06 24.05 -1.45 3.69546 3577.87 3577.87 -627.385 334.43
1.1220e+06 22.6 -1.4 3.82117 1522.43 950.424 -1522.43 -866.285
1.2589e+06 24.4 -1.4 4.0136 5037.8 -809.906 -5037.8 -3091.87
1.4125e+06 25.15 -1.45 3.91846 4552.76 4552.76 -3423 3159.17
1.5849e+06 22.7 -1.45 4.32486 3748.27 3748.27 -689.512 868.026
1.7783e+06 26.55 -1.45 4.41827 5652.55 2748.33 -5652.55 -4597.9
1.9953e+06 27.6 -1.45 4.49829 6415.68 756.642 -6415.68 170.863
2.2387e+06 34.8 -1.4 4.43725 5474.01 5474.01 -694.968 1328.66
2.5119e+06 32.75 -1.4 4.4487 4692.7 4692.7 -5.05947 3582.45
2.8184e+06 33.75 -1.4 4.79133 8351.07 5335.24 -8351.07 -8312.83
3.1623e+06 31.1 -1.4 4.71819 8512.89 1642.13 -8512.89 954.91
3.5481e+06 27.7 -1.4 4.76492 4593.38 4593.38 -1440.48 4421.75
3.9811e+06 35.6 -1.4 4.82683 9099.63 9099.63 1830.2 3554.97
4.4668e+06 38.3 -1.4 5.24459 10226.3 3553.97 -10226.3 -8463.49
5.0119e+06 29.55 -1.4 4.99941 9289.68 2495.77 -9289.68 -863.144
5.6234e+06 32.3 -1.4 5.06691 8311.26 8311.26 -5749.53 7164.57
6.3096e+06 36.7 -1.4 5.4703 14104 14104 -2519.16 -1147.98
7.0795e+06 34.55 -1.4 5.44182 9930.6 351.005 -9930.6 -4116.1
7.9433e+06 34.8 -1.45 5.45053 12749.9 814.035 -12749.9 -4419.3
8.9125e+06 41.75 -1.45 5.5111 20172.6 20172.6 -5923.3 14769
1.0000e+07 43.5 -1.45 5.91106 16740.8 16740.8 -9618.71 -7556.26
1.1220e+07 47.3 -1.45 5.81537 11914.9 984.793 -11914.9 -5715.6
1.2589e+07 38.55 -1.45 5.89582 21243.5 3259.88 -21243.5 2121.77
1.4125e+07 49.5 -1.45 6.06048 22869.1 22869.1 168.357 12155
1.5849e+07 56.5 -1.45 6.22845 14775.7 14775.7 -5777 6513.6
1.7783e+07 51.8 -1.4 6.42332 29898.6 6611.3 -29898.6 -29175.9
1.9953e+07 50.5 -1.4 6.46854 30732.8 15799.7 -30732.8 15310
2.2387e+07 49.9 -1.4 6.61774 27651.7 27651.7 577.867 8556.68
2.5119e+07 50.2 -1.45 6.74104 22649 22649 2907.95 6195.59
2.8184e+07 52.8 -1.45 6.94371 48185.5 7536.12 -48185.5 -22344.5
3.1623e+07 53.1 -1.45 6.98599 31725.7 24899.4 -31725.7 9729.94
3.5481e+07 65.5 -1.4 7.16576 22403.5 22403.5 -1326.5 18736.4
3.9811e+07 64.8 -1.4 7.2837 39628.5 39628.5 -13986.1 -11873.1
4.4668e+07 67.1 -1.4 7.41829 52738.2 -11275.3 -52738.2 -17160.1
5.0119e+07 71.5 -1.4 7.54676 21275.1 14745.6 -21275.1 1692.19
5.6234e+07 66.75 -1.4 7.56086 71878.2 71878.2 -15571.6 53145
6.3096e+07 79.9 -1.4 7.85792 59022.6 56859.7 -59022.6 -56677.5
7.0795e+07 66.85 -1.4 7.87498 68151.4 2756.53 -68151.4 1549
7.9433e+07 74.5 -1.4 8.15307 41920.9 7250.43 -41920.9 -9231.73
8.9125e+07 80.8 -1.4 8.24213 91707.9 91707.9 -9620.37 75985.8
1.0000e+08 20.5 19.55 20.5 75984.8 75984.8 75983.8 75984.8
