# pseudoN rho=0.8 X=1e+08 label=r0.8d0.3  g-prime sites=5764945 total mult=5764945 max m=1 max a=205 sat=0
# bin_lo  Emax  Emin  Erms  sup|psi-x|  max(psi-x)  min(psi-x)  (psi-x)@end
1.9953e+00 -0.1 -0.9 0.1 2.30685 -1.30685 -2.30685 -1.30685
2.8184e+00 0.1 -0.7 0.1 2.20824 -1.20824 -2.20824 -1.20824
3.9811e+00 0.3 -0.5 0.3 2.51509 -1.51509 -2.51509 -1.51509
4.4668e+00 0.5 -0.3 0.5 1.90566 -0.905655 -1.90566 -0.905655
5.6234e+00 0.7 -0.1 0.7 2.90566 -1.90566 -2.90566 -1.90566
6.3096e+00 -0.1 -0.9 0.1 3.90566 -2.90566 -3.90566 -2.90566
7.9433e+00 0.1 -0.7 0.1 4.21251 -3.21251 -4.21251 -3.21251
8.9125e+00 0.3 -0.5 0.3 4.1139 -3.1139 -4.1139 -3.1139
1.0000e+01 0.5 -1.1 0.412311 6.1139 -4.1139 -6.1139 -5.1139
1.1220e+01 -0.1 -0.9 0.1 7.1139 -6.1139 -7.1139 -6.1139
1.2589e+01 0.3 -0.7 0.223607 5.54895 -2.90989 -5.54895 -2.90989
1.4125e+01 0.5 -0.3 0.5 4.90989 -3.90989 -4.90989 -3.90989
1.5849e+01 0.7 -0.9 0.5 6.21674 -4.21674 -6.21674 -5.21674
1.7783e+01 0.3 -0.7 0.223607 7.21674 -4.2723 -7.21674 -4.2723
1.9953e+01 0.5 -1.1 0.341565 7.2723 -4.18126 -7.2723 -4.18126
2.2387e+01 0.5 -0.7 0.341565 4.04577 -2.04577 -4.04577 -2.43633
2.5119e+01 1.1 -0.1 0.914695 5.33772 -3.33772 -5.33772 -4.33772
2.8184e+01 0.5 -1.1 0.378594 8.33772 -5.33772 -8.33772 -7.33772
3.1623e+01 0.5 -0.9 0.3 8.64457 -0.0663529 -8.64457 -0.0663529
3.5481e+01 0.7 -0.9 0.387298 5.06635 -1.06635 -5.06635 -4.06635
3.9811e+01 0.5 -1.1 0.3 8.06635 -4.30515 -8.06635 -5.30515
4.4668e+01 0.7 -0.9 0.428174 10.3052 -6.30515 -10.3052 -7.41333
5.0119e+01 0.7 -1.1 0.395811 10.4133 -4.43571 -10.4133 -5.43571
5.6234e+01 0.9 -1.1 0.425944 8.43571 -0.0879009 -8.43571 -0.0879009
6.3096e+01 2.5 -0.5 1.37269 7.39475 -0.394754 -7.39475 -6.39475
7.0795e+01 1.9 -0.9 0.980363 15.3948 -7.39475 -15.3948 -11.0253
7.9433e+01 0.7 -0.9 0.412311 13.9267 -6.57657 -13.9267 -6.57657
8.9125e+01 0.7 -1.1 0.360555 10.5766 -2.50067 -10.5766 -7.50067
1.0000e+02 1.5 -1.1 0.6108 12.8659 -6.86594 -12.8659 -11.1746
1.1220e+02 0.5 -1.1 0.310087 18.1746 -7.77927 -18.1746 -8.16983
1.2589e+02 1.9 -0.9 1.05594 21.4767 -9.16983 -21.4767 -18.5422
1.4125e+02 0.7 -1.1 0.322673 20.5422 2.50935 -20.5422 -0.490654
1.5849e+02 2.9 -1.1 1.55918 7.73209 3.70296 -7.73209 -6.73209
1.7783e+02 2.1 -0.7 1.17357 18.5117 -7.73209 -18.5117 -15.6048
1.9953e+02 1.5 -0.9 0.734847 19.9686 -10.9686 -19.9686 -12.8064
2.2387e+02 1.5 -1.1 0.640312 16.8064 2.40965 -16.8064 -7.0028
2.5119e+02 1.9 -1.1 0.8544 14.3097 -1.38972 -14.3097 -8.38972
2.8184e+02 3.5 -1.1 1.46531 15.9498 -3.38382 -15.9498 -14.9498
3.1623e+02 2.5 -1.1 1.11048 34.3096 -15.9498 -34.3096 -23.753
3.5481e+02 1.7 -1.1 0.538516 28.753 -7.4201 -28.753 -11.4201
3.9811e+02 1.9 -1.1 0.827647 9.60283 9.60283 -9.43114 -5.21997
4.4668e+02 2.7 -1.1 1.14217 39.6551 -6.10408 -39.6551 -38.6551
5.0119e+02 2.5 -1.1 0.889004 43.5089 -14.1483 -43.5089 -26.8311
5.6234e+02 2.7 -1.1 1.03327 29.8311 -6.11282 -29.8311 -23.0593
6.3096e+02 2.5 -1.1 0.906327 28.0593 6.33489 -28.0593 -9.12408
7.0795e+02 4.5 -1.1 1.66695 36.6451 6.7511 -36.6451 -35.6451
7.9433e+02 4.7 -1.1 1.50357 64.398 -28.8732 -64.398 -58.5478
8.9125e+02 3.9 -1.1 1.23363 62.5478 -9.0081 -62.5478 -9.0081
1.0000e+03 2.9 -1.1 1.00547 28.7736 28.7736 -12.0081 4.30638
1.1220e+03 5.5 -1.1 2.5915 63.1361 11.4527 -63.1361 -53.8663
1.2589e+03 3.7 -1.1 1.15078 60.1332 -23.6679 -60.1332 -35.2097
1.4125e+03 4.9 -1.1 1.43259 57.037 -16.4472 -57.037 -24.3271
1.5849e+03 4.9 -1.1 1.45705 34.3608 34.3608 -33.6847 19.2836
1.7783e+03 4.5 -1.1 1.82316 33.496 33.496 -25.7934 2.18452
1.9953e+03 4.7 -1.1 1.87611 126.187 1.18452 -126.187 -98.3107
2.2387e+03 5.9 -1.1 1.74735 102.85 19.7477 -102.85 13.7477
2.5119e+03 7.5 -1.1 2.1533 69.7918 69.7918 -11.8851 12.7842
2.8184e+03 7.5 -1.1 2.21716 62.6762 17.4857 -62.6762 -61.6762
3.1623e+03 5.9 -1.1 2.03433 132.136 -18.179 -132.136 -70.1195
3.5481e+03 8.5 -1.1 2.07121 127.833 -33.6846 -127.833 -41.6846
3.9811e+03 5.7 -1.1 1.641 77.6707 53.3751 -77.6707 50.3751
4.4668e+03 7.1 -1.1 2.29521 101.256 101.256 7.08985 55.4423
5.0119e+03 9.5 -1.1 3.25047 243.322 54.4423 -243.322 -152.429
5.6234e+03 10.9 -1.1 3.02028 220.72 -5.12223 -220.72 -25.1222
6.3096e+03 8.7 -1.1 2.12423 88.2783 88.2783 -45.5465 41.1368
7.0795e+03 7.5 -1.1 2.06888 111.072 111.072 -56.5462 -46.9387
7.9433e+03 7.5 -1.1 2.23253 145.024 -27.5388 -145.024 -102.165
8.9125e+03 10.1 -1.1 3.09496 237.66 -82.1667 -237.66 -182.018
1.0000e+04 8.5 -1.1 2.13348 247.492 188.134 -247.492 162.459
1.1220e+04 9.9 -1.1 2.5166 249.898 249.898 50.2845 77.1433
1.2589e+04 10.7 -1.1 2.91606 303.308 76.1433 -303.308 -290.029
1.4125e+04 7.5 -1.1 2.43 401.352 -111.484 -401.352 -121.474
1.5849e+04 12.9 -1.1 2.78344 244.037 244.037 -152.381 94.8119
1.7783e+04 10.5 -1.1 3.00065 161.912 161.912 -72.239 -71.239
1.9953e+04 12.9 -1.1 3.57872 249.239 127.958 -249.239 -227.112
2.2387e+04 14.5 -1.1 3.50989 511.976 -212.417 -511.976 -474.548
2.5119e+04 11.3 -1.1 2.76498 514.889 188.356 -514.889 128.527
2.8184e+04 13.7 -1.1 3.30182 490.969 490.969 23.4255 328.922
3.1623e+04 18.5 -1.1 4.48852 608.208 327.922 -608.208 -501.951
3.5481e+04 12.9 -1.1 3.29759 683.329 -253.047 -683.329 -401.291
3.9811e+04 13.5 -1.1 3.29036 408.699 101.221 -408.699 58.0283
4.4668e+04 15.9 -1.1 3.60609 425.226 425.226 -204.868 221.889
5.0119e+04 19.5 -1.1 4.21745 405.355 405.355 -243.853 -232.562
5.6234e+04 17.5 -1.1 4.09653 978.256 -174.061 -978.256 -895.644
6.3096e+04 20.5 -1.1 3.85745 1032.84 232.348 -1032.84 179.517
7.0795e+04 23.9 -1.1 3.96469 1093.15 1093.15 73.8732 701.295
7.9433e+04 18.7 -1.1 4.27207 787.734 787.734 -749.643 -748.643
8.9125e+04 18.5 -1.1 4.08426 1123.83 -363.263 -1123.83 -670.218
1.0000e+05 17.9 -1.1 3.90926 865.478 -160.139 -865.478 -351.827
1.1220e+05 21.5 -1.1 4.25002 905.435 905.435 -384.869 560.934
1.2589e+05 22.9 -1.1 4.92525 1168.88 1168.88 -79.0601 70.5262
1.4125e+05 29.5 -1.1 5.96705 2248.69 96.0434 -2248.69 -2189.02
1.5849e+05 24.5 -1.1 4.1438 2271.75 86.9806 -2271.75 29.2454
1.7783e+05 23.5 -1.1 4.85537 1904.89 1904.89 -185.665 1156.21
1.9953e+05 24.5 -1.1 5.03563 1580.94 1580.94 -852.516 -705.145
2.2387e+05 31.5 -1.1 5.17305 2041.87 232.255 -2041.87 -1460.7
2.5119e+05 24.5 -1.1 4.93636 1801.13 -801.341 -1801.13 -1407.68
2.8184e+05 25.5 -1.1 5.1866 1502.93 1365.76 -1502.93 811.343
3.1623e+05 31.5 -1.1 5.50551 2994.86 2994.86 689.304 1281.94
3.5481e+05 36.5 -1.1 6.19928 4189.43 1280.94 -4189.43 -3542.05
3.9811e+05 29.5 -1.1 5.35645 4028.55 -789.053 -4028.55 -827.245
4.4668e+05 29.5 -1.1 5.58051 2986.84 2986.84 -831.245 2778.62
5.0119e+05 40.5 -1.1 6.39231 3254.84 3254.84 -24.5872 716.695
5.6234e+05 37.5 -1.1 6.64609 2985.32 1745.48 -2985.32 -1598.19
6.3096e+05 38.9 -1.1 6.59954 5034.76 -291.204 -5034.76 -3166.27
7.0795e+05 32.5 -1.1 5.90393 3984.34 3362.78 -3984.34 3311.15
7.9433e+05 42.5 -1.1 6.58525 6952.7 6952.7 3019.56 4141.64
8.9125e+05 41.7 -1.1 7.32774 4989.31 4211.6 -4989.31 -4626.84
1.0000e+06 41.5 -1.1 6.70305 8211.14 -1457.84 -8211.14 -1677.42
1.1220e+06 44.7 -1.1 6.96751 5409.05 5409.05 -3129.08 5347.05
1.2589e+06 45.1 -1.1 7.30034 6282.91 6282.91 1530.38 4922.26
1.4125e+06 45.5 -1.1 7.42212 5691.39 5691.39 -2970.19 253.424
1.5849e+06 55.5 -1.1 7.89812 11160.9 908.815 -11160.9 -7418.98
1.7783e+06 46.5 -1.1 7.20819 9078.36 4752.76 -9078.36 4280.46
1.9953e+06 47.5 -1.1 7.8087 13613.1 13613.1 2802.59 11023.4
2.2387e+06 49.7 -1.1 8.48236 11091.8 11091.8 -9299.95 -8842.81
2.5119e+06 68.5 -1.1 8.54276 14908.3 -4214.94 -14908.3 -5833.75
2.8184e+06 52.5 -1.1 8.03613 10249 7624.75 -10249 5566.15
3.1623e+06 60.5 -1.1 8.53117 13201 13201 -457.991 10651.8
3.5481e+06 58.5 -1.1 8.83714 12552.7 12552.7 -1429.59 -706.182
3.9811e+06 65.9 -1.1 9.56939 18658 959.202 -18658 -18151.1
4.4668e+06 69.5 -1.1 8.87552 23867.5 2078.56 -23867.5 -343.919
5.0119e+06 81.5 -1.1 9.27472 28153.6 28153.6 -677.268 19310.6
5.6234e+06 75.5 -1.1 9.94574 21026.4 21026.4 -13144.7 -13143.7
6.3096e+06 73.9 -1.1 9.7015 22339.1 -8653.19 -22339.1 -19530.5
7.0795e+06 84.5 -1.1 9.74174 22233.3 2320.79 -22233.3 -3907.83
7.9433e+06 76.5 -1.1 10.0762 25527.3 25527.3 -8140.88 16139.7
8.9125e+06 89.5 -1.1 10.711 29493.3 29493.3 3602.62 10529.6
1.0000e+07 82.5 -1.1 11.452 44343.7 13657.6 -44343.7 -43972.9
1.1220e+07 88.5 -1.1 10.5984 46381 -8969.35 -46381 -9933.9
1.2589e+07 106.3 -1.1 10.9061 45463.3 45463.3 -11849.7 30666
1.4125e+07 105.3 -1.1 11.6187 44679 44679 -13608.9 -10432.4
1.5849e+07 95.5 -1.1 11.7142 40785.2 134.8 -40785.2 -39970
1.7783e+07 128.5 -1.1 11.8327 45067.4 -14299.7 -45067.4 -15683.8
1.9953e+07 101.5 -1.1 12.171 33516.1 33516.1 -22561.4 21379.5
2.2387e+07 111.5 -1.1 12.3304 66643.9 66643.9 20166.7 43768.2
2.5119e+07 111.5 -1.1 12.9371 73392.7 44529.8 -73392.7 -72228.8
2.8184e+07 123.5 -1.1 13.098 87665.6 -38801.7 -87665.6 -39671.8
3.1623e+07 135.7 -1.1 13.0633 63602.6 63602.6 -40941.8 51731.3
3.5481e+07 170.5 -1.1 13.7562 80658.9 80658.9 14908.6 24357.4
3.9811e+07 158.9 -1.1 14.2315 62816.2 30498.6 -62816.2 -51378.6
4.4668e+07 142.5 -1.1 14.2536 98646.6 -25945.5 -98646.6 -71185.4
5.0119e+07 162.5 -1.1 14.4142 81381 62045.6 -81381 60841.3
5.6234e+07 164.5 -1.1 14.5948 146203 146203 60517.4 117189
6.3096e+07 162.5 -1.1 15.2906 126761 126761 -121116 -119405
7.0795e+07 170.5 -1.1 15.6429 166339 -82570 -166339 -85441.8
7.9433e+07 187.5 -1.1 15.6701 109699 109699 -87157.7 108831
8.9125e+07 224.5 -1.1 16.0974 161395 161395 58300.4 62393.4
1.0000e+08 61.5 60.7 61.5 62392.4 62392.4 62391.4 62392.4
