# pseudoN rho=0.8 X=1e+08 label=r0.8d-0.3  g-prime sites=5761557 total mult=5761557 max m=1 max a=120 sat=0
# bin_lo  Emax  Emin  Erms  sup|psi-x|  max(psi-x)  min(psi-x)  (psi-x)@end
1.9953e+00 0.5 -0.3 0.5 2.30685 -1.30685 -2.30685 -1.30685
2.8184e+00 -0.3 -1.1 0.3 3.30685 -2.30685 -3.30685 -2.30685
3.9811e+00 -0.1 -0.9 0.1 3.61371 -2.61371 -3.61371 -2.61371
4.4668e+00 0.1 -0.7 0.1 3.00427 -2.00427 -3.00427 -2.00427
5.6234e+00 0.3 -0.5 0.3 2.21251 -1.21251 -2.21251 -1.21251
6.3096e+00 0.5 -0.3 0.5 1.2666 -0.266598 -1.2666 -0.266598
7.9433e+00 0.7 -0.1 0.7 1.57345 -0.573451 -1.57345 -0.573451
8.9125e+00 -0.1 -0.9 0.1 2.57345 -1.57345 -2.57345 -1.57345
1.0000e+01 0.3 -0.7 0.223607 3.57345 -1.17556 -3.57345 -1.17556
1.1220e+01 0.5 -0.3 0.5 3.17556 -2.17556 -3.17556 -2.17556
1.2589e+01 -0.1 -1.1 0.223607 5.17556 -3.17556 -5.17556 -4.17556
1.4125e+01 0.1 -0.7 0.1 3.46751 -2.46751 -3.46751 -2.46751
1.5849e+01 0.5 -0.5 0.412311 3.77436 -0.941145 -3.77436 -0.941145
1.7783e+01 -0.1 -1.1 0.223607 2.94114 0.00329405 -2.94114 0.00329405
1.9953e+01 0.5 -0.7 0.341565 1.99671 1.04782 -1.99671 0.0478165
2.2387e+01 0.1 -1.1 0.191485 2.95218 -0.952184 -2.95218 -1.34275
2.5119e+01 0.7 -0.5 0.525991 3.21119 3.21119 -0.0846491 2.21119
2.8184e+01 1.1 -0.9 0.660808 1.78881 1.21119 -1.78881 -0.788812
3.1623e+01 0.5 -1.1 0.3 5.09567 -1.09567 -5.09567 -4.09567
3.5481e+01 0.7 -0.9 0.458258 4.30391 -0.692988 -4.30391 -2.69299
3.9811e+01 1.5 -0.7 0.8544 4.97942 -0.979416 -4.97942 -3.97942
4.4668e+01 1.1 -0.7 0.690411 5.97942 0.699373 -5.97942 -0.354716
5.0119e+01 0.5 -1.1 0.3 7.35472 -1.35472 -7.35472 -6.35472
5.6234e+01 1.1 -1.1 0.533185 5.31167 -0.106993 -5.31167 -1.10699
6.3096e+01 0.7 -0.9 0.352542 3.96523 3.96523 -2.41385 0.965234
7.0795e+01 0.5 -1.1 0.314466 4.22791 4.22791 -3.77209 0.597361
7.9433e+01 1.1 -1.1 0.574456 3.00819 2.99181 -3.00819 -0.542281
8.9125e+01 0.7 -1.1 0.360555 4.03142 1.96858 -4.03142 -1.45671
1.0000e+02 1.1 -1.1 0.468221 4.84159 1.15841 -4.84159 -0.459231
1.1220e+02 2.3 -1.1 1.14388 4.45923 4.05653 -4.45923 0.0638661
1.2589e+02 1.3 -1.1 0.734847 13.243 -0.936134 -13.243 -5.35975
1.4125e+02 1.1 -1.1 0.465896 9.39941 -0.399413 -9.39941 -2.29974
1.5849e+02 1.7 -1.1 0.757767 6.21834 -0.218337 -6.21834 -0.776699
1.7783e+02 1.5 -1.1 0.67082 13.5893 2.41069 -13.5893 -1.73981
1.9953e+02 3.1 -1.1 1.02956 6.22409 6.22409 -3.98415 2.80309
2.2387e+02 1.7 -1.1 0.818535 10.0639 6.93609 -10.0639 -0.531902
2.5119e+02 1.5 -1.1 0.486484 14.9233 14.9233 -5.83875 14.9233
2.8184e+02 3.5 -1.1 1.94459 13.9233 13.9233 -7.24352 -5.79309
3.1623e+02 3.1 -1.1 1.34849 13.4976 6.50244 -13.4976 -1.16321
3.5481e+02 2.1 -1.1 0.72048 16.2401 16.2401 -10.2188 5.24015
3.9811e+02 3.1 -1.1 1.39762 20.7599 4.24015 -20.7599 -9.39898
4.4668e+02 2.3 -1.1 0.7 23.2964 -2.67483 -23.2964 -2.67483
5.0119e+02 2.3 -1.1 0.715748 18.0626 -3.67483 -18.0626 -12.7329
5.6234e+02 3.1 -1.1 1.00849 30.3943 8.06872 -30.3943 4.06872
6.3096e+02 4.1 -1.1 1.33626 14.8085 14.8085 -14.4682 1.89916
7.0795e+02 4.7 -1.1 1.90749 26.2161 7.46596 -26.2161 -15.534
7.9433e+02 3.1 -1.1 1.1782 25.1748 13.5802 -25.1748 -4.87366
8.9125e+02 3.3 -1.1 1.09798 25.7673 25.7673 -12.8737 3.43788
1.0000e+03 4.1 -1.1 1.35296 22.01 4.6866 -22.01 -7.32187
1.1220e+03 3.5 -1.1 1.19139 24.291 18.1945 -24.291 -23.0989
1.2589e+03 5.1 -1.1 1.67072 39.3768 -6.98767 -39.3768 -32.6462
1.4125e+03 6.1 -1.1 2.05817 42.6462 27.4683 -42.6462 -7.43494
1.5849e+03 5.1 -1.1 1.74855 57.8298 7.21953 -57.8298 -56.8298
1.7783e+03 4.3 -1.1 1.33815 62.9392 -10.5917 -62.9392 -32.6648
1.9953e+03 4.5 -1.1 1.5273 52.6648 33.5343 -52.6648 -14.8997
2.2387e+03 4.3 -1.1 1.44091 37.745 10.3648 -37.745 -29.5958
2.5119e+03 7.1 -1.1 1.71617 44.964 44.964 -32.5958 -13.5697
2.8184e+03 8.1 -1.1 2.66096 87.4409 64.5944 -87.4409 -60.3819
3.1623e+03 5.1 -1.1 1.62265 64.3819 25.018 -64.3819 -13.8082
3.5481e+03 4.1 -1.1 1.5194 61.6287 61.6287 -40.3179 1.6141
3.9811e+03 6.1 -1.1 1.95266 103.59 44.7872 -103.59 -35.8521
4.4668e+03 7.7 -1.1 2.0612 82.9611 23.7565 -82.9611 -15.1548
5.0119e+03 8.1 -1.1 2.06482 104.533 58.2652 -104.533 -65.5373
5.6234e+03 9.1 -1.1 2.20299 132.346 56.4199 -132.346 44.4199
6.3096e+03 7.1 -1.1 2.0091 91.1898 91.1898 -65.0511 -4.46409
7.0795e+03 7.1 -1.1 1.96398 135.942 72.8164 -135.942 3.9606
7.9433e+03 8.1 -1.1 2.02013 164.685 164.685 -84.4099 143.685
8.9125e+03 13.1 -1.1 2.88844 172.368 172.368 -108.804 35.3303
1.0000e+04 9.5 -1.1 2.60413 149.51 94.7809 -149.51 52.7513
1.1220e+04 10.3 -1.1 2.87643 167.715 167.715 -82.6648 101.203
1.2589e+04 11.1 -1.1 2.75068 189.481 100.203 -189.481 77.2705
1.4125e+04 12.5 -1.1 3.21311 214.954 214.954 -152.108 -6.7672
1.5849e+04 10.1 -1.1 2.62697 218.203 102.876 -218.203 -125.233
1.7783e+04 10.3 -1.1 2.86196 369.385 140.03 -369.385 -37.4418
1.9953e+04 11.1 -1.1 3.19079 196.415 187.585 -196.415 17.086
2.2387e+04 13.3 -1.1 3.33909 268.853 104.463 -268.853 -124.365
2.5119e+04 14.5 -1.1 3.40411 314.165 314.165 -301.987 50.5773
2.8184e+04 15.5 -1.1 3.86532 294.717 294.717 -255.073 -215.621
3.1623e+04 22.1 -1.1 4.16981 382.784 327.416 -382.784 -16.5494
3.5481e+04 15.5 -1.1 3.30221 301.138 301.138 -299.445 -296.854
3.9811e+04 16.9 -1.1 4.30505 547.651 381.085 -547.651 -391.199
4.4668e+04 13.1 -1.1 3.17674 439.746 337.25 -439.746 -147.089
5.0119e+04 20.1 -1.1 4.3828 601.966 379.563 -601.966 -432.702
5.6234e+04 16.5 -1.1 3.52142 665.633 175.533 -665.633 -462.25
6.3096e+04 18.1 -1.1 4.41641 571.533 483.808 -571.533 -422.552
7.0795e+04 23.1 -1.1 4.46844 789.531 325.104 -789.531 -197.285
7.9433e+04 20.3 -1.1 4.28593 652.318 652.318 -424.11 125.459
8.9125e+04 20.1 -1.1 4.67575 800.419 736.662 -800.419 -124.489
1.0000e+05 16.5 -1.1 3.95919 829.624 388.231 -829.624 147.06
1.1220e+05 19.1 -1.1 4.68684 1336.81 1336.81 -673.23 95.3968
1.2589e+05 26.9 -1.1 4.47908 1266.81 1064.54 -1266.81 -195.723
1.4125e+05 21.1 -1.1 4.57887 794.693 794.693 -751.94 773.533
1.5849e+05 35.3 -1.1 6.08356 1594.5 1030.77 -1594.5 480.62
1.7783e+05 23.1 -1.1 4.47431 1277.82 892.849 -1277.82 813.326
1.9953e+05 22.3 -1.1 4.64435 1465.73 1465.73 -1389.91 652.136
2.2387e+05 28.3 -1.1 5.56983 1709.81 805.501 -1709.81 735.981
2.5119e+05 27.1 -1.1 5.22548 2010.88 2010.88 -1367.51 1187.18
2.8184e+05 26.1 -1.1 5.21297 1757.53 1437.06 -1757.53 744.158
3.1623e+05 33.5 -1.1 6.67499 2047.96 2047.96 -2029.01 1578.17
3.5481e+05 24.1 -1.1 5.4383 1748.13 1748.13 -1440.45 700.855
3.9811e+05 30.1 -1.1 5.96592 2308.75 1897.82 -2308.75 -98.1273
4.4668e+05 41.1 -1.1 6.2907 3029.21 3029.21 -2431.54 978.416
5.0119e+05 31.1 -1.1 6.02517 2398.99 2398.99 -2178.56 -1010.96
5.6234e+05 38.3 -1.1 5.93628 4503.89 2161.7 -4503.89 -129.048
6.3096e+05 38.1 -1.1 7.22659 3683.82 3683.82 -2103.12 -546.801
7.0795e+05 31.1 -1.1 6.47444 3469.74 2653.6 -3469.74 -2679.19
7.9433e+05 52.1 -1.1 6.50777 4064.63 4064.63 -3748.86 -2583.03
8.9125e+05 46.1 -1.1 7.19913 3145.5 2891.02 -3145.5 -2912.12
1.0000e+06 42.1 -1.1 6.70455 4295.58 3552.14 -4295.58 -1810.59
1.1220e+06 46.1 -1.1 7.35615 5917.51 5917.51 -4410.35 -4296.71
1.2589e+06 37.1 -1.1 7.4802 6128.57 3553.77 -6128.57 -4268.03
1.4125e+06 46.5 -1.1 8.10784 6778.93 6778.93 -4742.47 -2730.14
1.5849e+06 47.1 -1.1 7.674 7157.03 6412.05 -7157.03 -6305.14
1.7783e+06 54.1 -1.1 8.10894 6896.25 5779.73 -6896.25 -2643.9
1.9953e+06 45.1 -1.1 7.81054 7512.32 7512.32 -7316.04 -1670.65
2.2387e+06 53.1 -1.1 8.58357 10208.5 5673.96 -10208.5 -3977.25
2.5119e+06 61.1 -1.1 9.03298 8208.24 8208.24 -7830.03 2815.62
2.8184e+06 59.1 -1.1 8.86586 10263 9153.04 -10263 -1504.48
3.1623e+06 53.1 -1.1 8.77282 11093.4 10264.1 -11093.4 3991.27
3.5481e+06 63.1 -1.1 9.26231 14208.1 14208.1 -8898.56 5041.85
3.9811e+06 61.1 -1.1 9.03607 14242.2 11239.8 -14242.2 10902.4
4.4668e+06 72.5 -1.1 9.9594 13546.5 13546.5 -10323.1 9758.68
5.0119e+06 74.1 -1.1 9.63581 17559.2 14869.8 -17559.2 7267.97
5.6234e+06 66.1 -1.1 9.81906 18194.5 18194.5 -17064.7 17263.7
6.3096e+06 95.1 -1.1 10.7886 21352.3 21352.3 -11203.3 10260.7
7.0795e+06 88.1 -1.1 10.3609 25940.7 19128.4 -25940.7 15858.9
7.9433e+06 76.1 -1.1 10.4291 26039.6 26039.6 -17438.8 22930.8
8.9125e+06 79.7 -1.1 11.2634 26455.2 23892.5 -26455.2 9549.38
1.0000e+07 87.1 -1.1 11.2098 31496.2 31496.2 -22487.9 13910.1
1.1220e+07 95.1 -1.1 11.6405 31185.7 31185.7 -21392.3 13938.4
1.2589e+07 84.1 -1.1 12.0915 31006.2 28629.7 -31006.2 3133.55
1.4125e+07 83.1 -1.1 11.9063 35646 35646 -24232.3 -3000.26
1.5849e+07 91.1 -1.1 12.2797 38264.9 31204.8 -38264.9 -13627.4
1.7783e+07 97.1 -1.1 12.0492 44239.6 42908.8 -44239.6 -4060.35
1.9953e+07 118.1 -1.1 13.0072 48861.2 48861.2 -41183.8 -38223.7
2.2387e+07 108.1 -1.1 13.3384 49534.6 44701.6 -49534.6 -33220.5
2.5119e+07 128.1 -1.1 13.6958 64401.9 64401.9 -55399.6 -39944.8
2.8184e+07 103.1 -1.1 13.5681 71929.1 48937.4 -71929.1 -64676.9
3.1623e+07 105.1 -1.1 13.9056 67475.7 56149.5 -67475.7 -28407.6
3.5481e+07 134.1 -1.1 14.3016 88268.6 88268.6 -72350 -61164.4
3.9811e+07 153.1 -1.1 15.0815 94502.9 57561.4 -94502.9 -91498.5
4.4668e+07 132.1 -1.1 15.2 100546 100546 -92434.8 -60519.9
5.0119e+07 162.5 -1.1 15.678 120491 84998.4 -120491 -57440.9
5.6234e+07 146.7 -1.1 15.8825 94179.4 94179.4 -81011.6 -24089.9
6.3096e+07 171.1 -1.1 16.2504 133223 120919 -133223 -41561.3
7.0795e+07 145.1 -1.1 16.4412 123792 100228 -123792 3651.59
7.9433e+07 158.1 -1.1 16.9875 147397 147397 -117833 -3242.2
8.9125e+07 135.5 -1.1 17.0126 181689 137247 -181689 363.225
1.0000e+08 22.1 21.3 22.1 362.225 362.225 361.225 362.225
