# pseudoN rho=1.05 X=1e+08 label=r1.05d0.3  g-prime sites=5554842 total mult=5767464 max m=2 max a=245 sat=0
# bin_lo  Emax  Emin  Erms  sup|psi-x|  max(psi-x)  min(psi-x)  (psi-x)@end
1.9953e+00 -0.35 -1.4 0.35 2.30685 -1.30685 -2.30685 -1.30685
2.8184e+00 -0.4 -1.45 0.4 2.20824 -1.20824 -2.20824 -1.20824
3.9811e+00 -0.45 -1.5 0.45 2.51509 -1.51509 -2.51509 -1.51509
4.4668e+00 0.5 -0.55 0.5 0.703782 0.703782 -0.296218 0.703782
5.6234e+00 0.45 -0.6 0.45 1.29622 -0.296218 -1.29622 -0.296218
6.3096e+00 0.4 -0.65 0.4 0.649693 0.649693 -0.350307 0.649693
7.9433e+00 0.35 -0.7 0.35 0.65716 0.34284 -0.65716 0.34284
8.9125e+00 0.3 -0.75 0.3 0.558548 0.441452 -0.558548 0.441452
1.0000e+01 1.25 -0.85 0.895126 2.55855 -0.558548 -2.55855 -1.55855
1.1220e+01 0.15 -0.9 0.15 3.55855 -2.55855 -3.55855 -2.55855
1.2589e+01 0.1 -1 0.0790569 2.9936 -0.993599 -2.9936 -1.9936
1.4125e+01 1 -0.05 1 3.9936 -2.9936 -3.9936 -2.9936
1.5849e+01 0.95 -1.15 0.675463 5.30045 -3.30045 -5.30045 -4.30045
1.7783e+01 -0.15 -1.25 0.176777 6.30045 -3.35601 -6.30045 -3.35601
1.9953e+01 0.75 -1.4 0.625833 7.35601 -4.35601 -7.35601 -6.35601
2.2387e+01 1.5 -1.5 0.933185 6.22052 -3.00164 -6.22052 -3.00164
2.5119e+01 1.45 0.3 1.4006 5.90303 -3.90303 -5.90303 -4.90303
2.8184e+01 1.25 -0.85 0.75111 8.90303 -5.90303 -8.90303 -7.90303
3.1623e+01 1 -1 0.508675 9.20988 -3.18701 -9.20988 -4.18701
3.5481e+01 0.95 -1.25 0.49371 9.18701 -5.18701 -9.18701 -8.18701
3.9811e+01 0.75 -1.5 0.47697 12.187 -5.64163 -12.187 -5.64163
4.4668e+01 2.25 -0.75 0.990581 8.64163 -4.79148 -8.64163 -5.84557
5.0119e+01 1.2 -1.1 0.68038 10.8456 -6.83823 -10.8456 -7.83823
5.6234e+01 0.75 -1.45 0.379379 9.83823 -1.57312 -9.83823 -2.57312
6.3096e+01 1.25 -1.5 0.608276 5.87997 -1.67528 -5.87997 -4.67528
7.0795e+01 2 -1.25 1.0247 7.67528 -0.0807549 -7.67528 -5.08075
7.9433e+01 0.75 -1.5 0.486056 8.27654 8.27654 -7.98214 8.27654
8.9125e+01 1.25 -1.25 0.794512 7.27654 7.27654 -2.72346 -1.72346
1.0000e+02 1.75 -1.5 0.637754 8.72346 5.01369 -8.72346 4.01369
1.1220e+02 2.5 -1.5 0.914625 8.57616 8.57616 -1.25892 8.57616
1.2589e+02 3 -0.25 1.97706 7.73069 7.57616 -7.73069 -6.73069
1.4125e+02 2.25 -1.5 0.746856 11.4259 11.4259 -10.7307 11.4259
1.5849e+02 5 -1.5 2.56035 15.5947 15.5947 4.15966 5.15966
1.7783e+02 4.85 -1.25 2.22728 10.8403 4.15966 -10.8403 -1.01649
1.9953e+02 1.75 -1.5 0.861443 11.661 11.661 -7.01649 1.66104
2.2387e+02 3.25 -1.5 1.1968 15.275 0.661035 -15.275 -14.275
2.5119e+02 2.15 -1.45 0.69612 21.5818 -2.40642 -21.5818 -4.40642
2.8184e+02 3.75 -1.5 1.63642 15.8699 15.8699 -6.40642 -5.40325
3.1623e+02 2.75 -1.5 1.27576 42.4573 -6.40325 -42.4573 -41.4573
3.5481e+02 3 -1.5 0.915585 44.4573 -2.43181 -44.4573 -5.43181
3.9811e+02 4.5 -1.5 1.85731 24.325 1.59214 -24.325 -23.325
4.4668e+02 4.25 -1.5 1.53852 37.7634 -17.0145 -37.7634 -29.0145
5.0119e+02 3.25 -1.5 1.49561 33.0145 -5.87588 -33.0145 -17.2436
5.6234e+02 6.5 -1.5 2.47985 41.1812 -11.5664 -41.1812 -37.3365
6.3096e+02 5.2 -1.5 1.60529 56.3365 3.09756 -56.3365 3.09756
7.0795e+02 4.15 -1.5 1.65102 25.531 25.531 -11.1907 -10.1907
7.9433e+02 8 -1.5 3.80171 81.2731 -11.1907 -81.2731 -80.2731
8.9125e+02 3.25 -1.5 1.26302 94.2731 12.6203 -94.2731 10.2141
1.0000e+03 7.25 -1.5 2.43939 31.201 31.201 -12.3114 -11.3114
1.1220e+03 6.5 -1.5 2.76574 47.867 -9.86701 -47.867 -44.6084
1.2589e+03 5.75 -1.5 1.83624 66.882 66.882 -41.4703 31.1155
1.4125e+03 11.15 -1.5 4.34676 63.8845 30.1155 -63.8845 -45.5094
1.5849e+03 5.75 -1.5 1.80759 95.0871 95.0871 -50.7683 95.0871
1.7783e+03 6.25 -1.5 2.8646 126.037 126.037 15.6348 28.8301
1.9953e+03 7.85 -1.5 2.67824 106.016 27.8301 -106.016 -90.8845
2.2387e+03 5.5 -1.5 1.83941 90.1707 86.9762 -90.1707 80.8022
2.5119e+03 13.25 -1.5 5.91377 115.25 115.25 9.25025 10.2502
2.8184e+03 8.75 -1.5 3.73283 102.75 15.1659 -102.75 -46.1955
3.1623e+03 7.75 -1.5 2.11081 105.985 105.985 -41.1362 86.9848
3.5481e+03 15.25 -1.5 5.44666 163.144 85.9848 -163.144 -135.71
3.9811e+03 9.95 -1.5 2.62547 151.64 120.351 -151.64 115.351
4.4668e+03 14.25 -1.5 5.05516 243.176 243.176 -21.0354 -20.0354
5.0119e+03 14.25 -1.5 5.84964 364.597 -21.0354 -364.597 -262.869
5.6234e+03 11.75 -1.5 2.90891 272.869 200.328 -272.869 198.328
6.3096e+03 12.25 -1.5 4.86028 202.079 202.079 -180.207 -175.355
7.0795e+03 19.75 -1.5 4.81644 310.905 18.8303 -310.905 14.8303
7.9433e+03 17.75 -1.5 4.49083 308.71 308.71 -50.2312 185.71
8.9125e+03 41.25 -1.5 14.6165 446.896 184.71 -446.896 -350.481
1.0000e+04 14.25 -1.5 3.38804 370.481 330.709 -370.481 329.709
1.1220e+04 19 -1.5 5.81415 328.709 328.709 -174.21 -173.21
1.2589e+04 19.75 -1.5 6.00897 618.875 -130.133 -618.875 -364.301
1.4125e+04 15.25 -1.5 4.79084 426.301 346.761 -426.301 260.804
1.5849e+04 32.25 -1.5 8.7645 447.247 287.733 -447.247 -446.247
1.7783e+04 31.25 -1.5 7.111 806.082 216.75 -806.082 173.151
1.9953e+04 25.75 -1.5 5.99185 538.757 538.757 152.744 181.482
2.2387e+04 18.2 -1.5 6.15026 691.004 180.482 -691.004 -522.639
2.5119e+04 17.75 -1.5 4.73829 805.829 805.829 -546.027 684.012
2.8184e+04 29.1 -1.5 9.65016 916.634 916.634 -356.005 -355.005
3.1623e+04 25.75 -1.5 7.42051 866.986 -282.778 -866.986 -512.79
3.5481e+04 25.75 -1.5 5.8366 1081.07 1081.07 -546.359 761.298
3.9811e+04 38.5 -1.5 12.5096 1235.53 760.298 -1235.53 -1234.53
4.4668e+04 23.25 -1.5 5.83516 1377.14 695.336 -1377.14 686.336
5.0119e+04 31.75 -1.5 9.12625 1447.56 1447.56 168.705 169.705
5.6234e+04 38.75 -1.5 9.96992 1864.32 241.663 -1864.32 -1310.91
6.3096e+04 35.65 -1.5 7.46782 1554.91 1150 -1554.91 1139
7.0795e+04 48.25 -1.5 12.475 2015.02 2015.02 -1100.17 -1057.99
7.9433e+04 32.25 -1.5 8.12998 1873.35 -615.656 -1873.35 -616.656
8.9125e+04 32.25 -1.5 7.33341 2073.37 2073.37 -632.876 1075.39
1.0000e+05 54.65 -1.5 13.9039 2067.84 1074.39 -2067.84 -1854.52
1.1220e+05 45.75 -1.5 9.76425 2555.81 1230.26 -2555.81 1036.86
1.2589e+05 40.2 -1.5 10.4209 2645.5 2645.5 213.836 214.836
1.4125e+05 49.75 -1.5 12.9789 3667.21 307.997 -3667.21 -1922.43
1.5849e+05 38.2 -1.5 8.46879 2615.51 2615.51 -1932.43 2472.94
1.7783e+05 55.75 -1.5 15.6893 3305.93 3063.39 -3305.93 -3304.93
1.9953e+05 51.25 -1.5 11.2179 4097.37 -404.244 -4097.37 -438.607
2.2387e+05 48 -1.5 9.5357 4597.09 4597.09 -668.834 2461.2
2.5119e+05 67.5 -1.5 14.2355 5159.65 2756.51 -5159.65 -4444.28
2.8184e+05 52.75 -1.5 11.2994 4994.65 4316.8 -4994.65 4284.8
3.1623e+05 70.75 -1.5 13.8139 5136.62 5136.62 1041.67 1080.68
3.5481e+05 61.75 -1.5 14.9101 7283.19 1079.68 -7283.19 -4039.02
3.9811e+05 49.25 -1.5 11.4316 6391.64 6391.64 -4427.76 5642.02
4.4668e+05 61.25 -1.5 15.295 6278 6278 -5483.66 -4845.54
5.0119e+05 94.75 -1.5 16.738 8339.26 -448.431 -8339.26 -1145.24
5.6234e+05 67.75 -1.5 14.2199 11038.3 11038.3 -1475.86 6757.13
6.3096e+05 95.75 -1.5 20.5893 9271.96 7050.66 -9271.96 -8611.91
7.0795e+05 74.25 -1.5 13.7327 9798.31 7619.09 -9798.31 7171.64
7.9433e+05 109.75 -1.5 22.0729 11970.3 11970.3 -168.284 -167.284
8.9125e+05 89.65 -1.5 18.2642 14833.5 204.649 -14833.5 -5905.62
1.0000e+06 119.5 -1.5 17.0197 12030.4 12030.4 -6146.1 11445.6
1.1220e+06 134.75 -1.5 26.3171 15663.1 14617.7 -15663.1 -14221.1
1.2589e+06 118.75 -1.5 19.9337 19717.4 3232.73 -19717.4 3222.73
1.4125e+06 111.25 -1.5 18.8846 20996 20996 2804.37 12214.6
1.5849e+06 106.5 -1.5 22.6999 24498.6 12213.6 -24498.6 -22760.7
1.7783e+06 124.25 -1.5 17.5858 24991.7 24991.7 -23788.9 24295.9
1.9953e+06 130.75 -1.5 24.1591 26163.3 26163.3 -3548.43 -1620.13
2.2387e+06 182.25 -1.5 24.8938 28195.9 -1510.67 -28195.9 -16954.7
2.5119e+06 142.15 -1.5 20.3421 34024.4 34024.4 -17555.6 33857
2.8184e+06 202.75 -1.5 28.9786 39141 33856 -39141 -38532.8
3.1623e+06 207.15 -1.5 24.1511 44325.6 12048.2 -44325.6 12029.2
3.5481e+06 165 -1.5 24.11 42884 42884 11223 21734.4
3.9811e+06 177.25 -1.5 31.3696 52918.3 22031.4 -52918.3 -45673.7
4.4668e+06 174 -1.5 20.5444 48171.7 48171.7 -45676.7 45654.3
5.0119e+06 227.25 -1.5 30.2514 63513.2 63513.2 -17393.6 -17104.6
5.6234e+06 234.75 -1.5 30.6337 62676.4 -15336.9 -62676.4 -24580.3
6.3096e+06 185.75 -1.5 26.204 78325.8 78325.8 -25268.9 64992.1
7.0795e+06 219.75 -1.5 35.1252 90123 65359 -90123 -87519.6
7.9433e+06 235.75 -1.5 26.0329 101534 54311.6 -101534 50634.8
8.9125e+06 208.75 -1.5 31.8131 89427.8 89427.8 22431 22963.2
1.0000e+07 232.75 -1.5 36.3022 100572 22962.2 -100572 -99004
1.1220e+07 198.75 -1.5 26.3956 131183 131183 -100697 128647
1.2589e+07 268.75 -1.5 40.0964 138418 138418 -99429.6 -99084.2
1.4125e+07 295.5 -1.5 36.4801 116654 -36904.4 -116654 -36904.4
1.5849e+07 197.25 -1.5 31.4836 155835 155835 -36889.8 115525
1.7783e+07 346.75 -1.5 47.5174 199479 119945 -199479 -195566
1.9953e+07 260.75 -1.5 32.7386 196260 112562 -196260 111674
2.2387e+07 251.75 -1.5 38.4135 190092 190092 37438.6 38011
2.5119e+07 407.75 -1.5 50.9791 226031 38442.3 -226031 -180811
2.8184e+07 259.75 -1.5 35.4424 284578 284578 -180935 273376
3.1623e+07 576.75 -1.5 56.1292 285812 285812 -213414 -210741
3.5481e+07 387.25 -1.5 44.1529 267113 74.7216 -267113 -1926.84
3.9811e+07 440.5 -1.5 43.2041 353744 353744 -8886.9 189150
4.4668e+07 464.25 -1.5 51.3377 425934 193422 -425934 -420922
5.0119e+07 458.25 -1.5 43.7423 424725 334030 -424725 331592
5.6234e+07 484.75 -1.5 53.2891 408462 408462 -59873.7 -59872.7
6.3096e+07 398.75 -1.5 53.3293 522225 -59873.7 -522225 -253974
7.0795e+07 458.25 -1.5 45.0701 604796 604796 -254245 594457
7.9433e+07 473.5 -1.5 59.5301 616669 616669 -498239 -477283
8.9125e+07 576.75 -1.5 53.2048 586345 117916 -586345 110583
1.0000e+08 56.75 55.7 56.75 110582 110582 110581 110582
