# pseudoN rho=0.95 X=1e+08 label=r0.95d0.3  g-prime sites=5761654 total mult=5761654 max m=1 max a=44 sat=0
# bin_lo  Emax  Emin  Erms  sup|psi-x|  max(psi-x)  min(psi-x)  (psi-x)@end
1.9953e+00 -0.25 -1.2 0.25 2.30685 -1.30685 -2.30685 -1.30685
2.8184e+00 -0.2 -1.15 0.2 2.20824 -1.20824 -2.20824 -1.20824
3.9811e+00 -0.15 -1.1 0.15 2.51509 -1.51509 -2.51509 -1.51509
4.4668e+00 -0.1 -1.05 0.1 1.90566 -0.905655 -1.90566 -0.905655
5.6234e+00 -0.05 -1 0.05 2.90566 -1.90566 -2.90566 -1.90566
6.3096e+00 8.88178e-16 -0.95 8.88178e-16 1.95975 -0.959745 -1.95975 -0.959745
7.9433e+00 0.05 -0.9 0.05 2.2666 -1.2666 -2.2666 -1.2666
8.9125e+00 0.1 -0.85 0.1 2.16799 -1.16799 -2.16799 -1.16799
1.0000e+01 0.2 -0.8 0.176777 3.16799 -0.770091 -3.16799 -0.770091
1.1220e+01 0.25 -0.7 0.25 2.77009 -1.77009 -2.77009 -1.77009
1.2589e+01 0.35 -0.65 0.32596 2.20514 -0.205141 -2.20514 -1.20514
1.4125e+01 0.4 -0.55 0.4 3.20514 -2.20514 -3.20514 -2.20514
1.5849e+01 0.5 -0.5 0.475657 3.51199 -0.678781 -3.51199 -0.678781
1.7783e+01 0.55 -1.35 0.480885 3.67878 -1.67878 -3.67878 -2.67878
1.9953e+01 -0.25 -1.3 0.302765 6.67878 -3.67878 -6.67878 -5.67878
2.2387e+01 -0.1 -1.15 0.155456 5.54329 -3.54329 -5.54329 -3.93385
2.5119e+01 0.05 -1 0.0408248 6.83524 -4.83524 -6.83524 -5.83524
2.8184e+01 0.2 -0.85 0.155456 5.46794 -2.03395 -5.46794 -2.03395
3.1623e+01 0.4 -0.7 0.329773 6.34081 -2.34081 -6.34081 -5.34081
3.5481e+01 0.45 -1.45 0.451387 8.34081 -4.70322 -8.34081 -5.70322
3.9811e+01 -0.15 -1.3 0.259808 7.70322 -2.22845 -7.70322 -3.22845
4.4668e+01 0.15 -1.05 0.0889757 6.22845 -2.3783 -6.22845 -3.43239
5.0119e+01 0.45 -0.75 0.336031 6.4621 -2.4621 -6.4621 -5.4621
5.6234e+01 -0.2 -1.45 0.364005 8.4621 -2.27369 -8.4621 -4.27369
6.3096e+01 0.15 -1.1 0.1 7.58054 -3.37585 -7.58054 -6.37585
7.0795e+01 0.55 -1.35 0.392994 5.11317 2.48136 -5.11317 -2.51864
7.9433e+01 0.1 -1.3 0.190394 7.00119 -1.00119 -7.00119 -2.51255
8.9125e+01 0.45 -1.45 0.362284 8.95868 -3.51255 -8.95868 -7.95868
1.0000e+02 0.25 -1.3 0.193649 9.95868 3.36488 -9.95868 2.36488
1.1220e+02 0.9 -0.65 0.62849 6.09227 6.09227 -3.50984 -1.9004
1.2589e+02 0.95 -1.35 0.398434 7.20725 1.47828 -7.20725 -2.52172
1.4125e+02 0.5 -1.4 0.276799 10.5217 -2.5005 -10.5217 -4.44425
1.5849e+02 0.5 -1.35 0.278388 9.44425 3.6274 -9.44425 -0.372604
1.7783e+02 1.15 -1.35 0.400993 5.95375 5.86 -5.95375 3.86
1.9953e+02 1.75 -1.3 0.524007 10.4458 2.86 -10.4458 -9.44581
2.2387e+02 0.95 -1.35 0.391198 15.4458 -3.47474 -15.4458 -3.47474
2.5119e+02 1.05 -1.4 0.455979 6.52091 2.30482 -6.52091 0.741467
2.8184e+02 0.95 -1.2 0.448011 9.42638 8.57362 -9.42638 2.81536
3.1623e+02 1.95 -1.15 0.804388 14.8576 7.57426 -14.8576 -9.99116
3.5481e+02 1.25 -1.4 0.446323 20.3136 -5.21896 -20.3136 -6.49374
3.9811e+02 1.55 -1.35 0.412311 15.4442 0.522752 -15.4442 -6.13381
4.4668e+02 1.55 -1.4 0.539149 10.4165 10.4165 -9.13381 0.416472
5.0119e+02 1.45 -1.45 0.519891 23.2629 -0.583528 -23.2629 -19.0379
5.6234e+02 1.15 -1.45 0.382234 27.0099 -5.77738 -27.0099 -8.72381
6.3096e+02 2.05 -1.45 0.650325 18.9091 2.85587 -18.9091 -1.14413
7.0795e+02 0.75 -1.45 0.317135 15.3136 6.85595 -15.3136 -14.3136
7.9433e+02 1.5 -1.45 0.582388 23.963 -9.08899 -23.963 -13.6108
8.9125e+02 2.25 -1.45 0.740527 32.1572 2.77412 -32.1572 -22.3487
1.0000e+03 2.2 -1.35 0.586605 29.3487 12.5089 -29.3487 8.55777
1.1220e+03 1.95 -1.35 0.856592 25.8307 25.8307 -23.5337 -21.4004
1.2589e+03 3.45 -1.4 0.949615 33.2592 2.79131 -33.2592 -7.51647
1.4125e+03 2.15 -1.45 0.808476 42.5337 -0.452658 -42.5337 -7.572
1.5849e+03 2.25 -1.45 0.607736 23.2527 23.2527 -12.572 2.51345
1.7783e+03 2.65 -1.45 0.616105 23.721 11.5005 -23.721 0.568076
1.9953e+03 2.5 -1.45 0.668377 27.0648 8.24202 -27.0648 -12.1133
2.2387e+03 2.65 -1.4 0.78647 41.5153 28.19 -41.5153 20.19
2.5119e+03 3.45 -1.4 0.895546 30.8238 30.8238 -17.593 -6.80519
2.8184e+03 3.75 -1.4 0.932629 37.6239 37.6239 -26.1514 -13.2924
3.1623e+03 2.9 -1.4 0.962378 61.3173 -2.26548 -61.3173 -29.8101
3.5481e+03 2.45 -1.4 0.630279 55.5133 30.4668 -55.5133 2.28984
3.9811e+03 5.4 -1.4 1.26462 42.9927 42.9927 -27.9946 -6.41713
4.4668e+03 3.5 -1.4 1.10321 43.303 26.1344 -43.303 -2.69949
5.0119e+03 3.65 -1.4 1.06329 85.9934 17.4055 -85.9934 -9.59446
5.6234e+03 3.65 -1.4 1.1475 46.3881 24.8743 -46.3881 -0.111016
6.3096e+03 3.65 -1.4 1.00367 54.6809 54.6809 -29.0776 19.2996
7.0795e+03 3.9 -1.4 1.03024 50.5843 48.3987 -50.5843 -37.183
7.9433e+03 5.65 -1.45 1.45956 138.286 43.8476 -138.286 16.4775
8.9125e+03 4.75 -1.45 1.22495 65.4286 42.6435 -65.4286 5.28307
1.0000e+04 6.25 -1.45 1.19681 94.3544 94.3544 -27.2454 -11.0775
1.1220e+04 4.65 -1.45 1.40575 140.079 22.6578 -140.079 -124.45
1.2589e+04 5.15 -1.45 1.21073 129.127 59.095 -129.127 -31.7956
1.4125e+04 5.55 -1.45 1.32599 102.702 33.7198 -102.702 18.5584
1.5849e+04 5.45 -1.45 1.48804 147.303 147.303 -60.1138 -55.27
1.7783e+04 5.65 -1.4 1.50321 129.45 42.4682 -129.45 -63.4076
1.9953e+04 5.65 -1.4 1.40112 149.364 26.2577 -149.364 -3.08902
2.2387e+04 6.65 -1.45 1.59697 194.783 194.783 -72.824 191.783
2.5119e+04 7.65 -1.45 1.81691 233.335 233.335 -109.4 -39.9678
2.8184e+04 6.45 -1.45 1.53317 151.598 63.1485 -151.598 20.8974
3.1623e+04 6.5 -1.45 1.61115 205.418 91.4992 -205.418 -85.4892
3.5481e+04 6.7 -1.4 1.77116 223.927 223.927 -98.5813 131.179
3.9811e+04 8.9 -1.4 1.86235 195.51 195.51 -138.85 -104.761
4.4668e+04 10.35 -1.4 2.1777 199.539 77.3521 -199.539 -151.145
5.0119e+04 7.95 -1.4 1.94077 347.707 88.5948 -347.707 86.4317
5.6234e+04 11.25 -1.4 2.27598 327.518 327.518 -92.1517 60.0126
6.3096e+04 11.75 -1.4 1.98278 212.777 212.777 -168.99 -17.877
7.0795e+04 12.05 -1.4 2.27245 318.853 87.9099 -318.853 -184.139
7.9433e+04 12.7 -1.4 2.21663 341.996 227.067 -341.996 127.45
8.9125e+04 13.15 -1.4 2.26362 347.098 347.098 -224.247 16.7313
1.0000e+05 13.75 -1.4 2.26632 319.817 319.817 -104.917 -20.976
1.1220e+05 12.15 -1.4 2.4874 556.79 148.659 -556.79 -163.548
1.2589e+05 14.45 -1.45 2.23997 418.86 418.86 -406.903 202.375
1.4125e+05 11.65 -1.45 2.44367 351.831 351.831 -232.167 185.311
1.5849e+05 16.7 -1.45 2.80324 483.366 419.099 -483.366 -235.657
1.7783e+05 15.45 -1.45 2.77279 709.756 48.7655 -709.756 -385.693
1.9953e+05 14.15 -1.45 2.6606 511.707 308.931 -511.707 -63.5781
2.2387e+05 13.65 -1.45 2.81709 633.869 633.869 -490.405 -4.88461
2.5119e+05 14.75 -1.45 2.73312 865.922 391.441 -865.922 -520.804
2.8184e+05 14.55 -1.4 2.7646 805.984 234.569 -805.984 -285.828
3.1623e+05 13.15 -1.4 2.92758 655.347 655.347 -556.22 295.957
3.5481e+05 14.95 -1.45 3.17611 766.258 766.258 3.50519 374.222
3.9811e+05 16.45 -1.45 3.0271 860.177 694.767 -860.177 -372.34
4.4668e+05 26.7 -1.45 3.33656 1000.76 505.005 -1000.76 108.79
5.0119e+05 17.75 -1.45 3.24166 987.853 977.047 -987.853 777.763
5.6234e+05 16.15 -1.4 3.26575 1361.21 1361.21 -877.121 -633.728
6.3096e+05 18.45 -1.4 3.45589 1086.27 335.899 -1086.27 -1053.58
7.0795e+05 24.85 -1.4 3.65554 1545.57 398.502 -1545.57 -1019.06
7.9433e+05 22.05 -1.4 3.68437 1329.32 1267.08 -1329.32 1007.69
8.9125e+05 22.75 -1.4 3.88581 1592.25 1592.25 -1515.88 -611.023
1.0000e+06 24.5 -1.4 3.92712 1153.95 797.022 -1153.95 -398.598
1.1220e+06 21.8 -1.4 3.94367 2132.18 878.494 -2132.18 689.89
1.2589e+06 26.5 -1.4 4.13327 1816.26 1816.26 -209.591 803.827
1.4125e+06 23.95 -1.4 4.0375 1712 1712 -1343.32 1028.64
1.5849e+06 25.45 -1.4 4.28866 2052.83 2052.83 -1996.2 -1580.22
1.7783e+06 29.75 -1.4 4.40587 2795.64 1717.66 -2795.64 701.878
1.9953e+06 32.45 -1.45 4.58943 2525.79 2525.79 -419.629 10.4179
2.2387e+06 25.95 -1.45 4.42859 2233.2 2233.2 -1262.99 -446.619
2.5119e+06 33.3 -1.45 4.85594 3832.16 383.124 -3832.16 -2669.76
2.8184e+06 33.25 -1.45 4.69992 3501.02 1694.09 -3501.02 303.911
3.1623e+06 35.9 -1.45 4.78393 2270.14 2270.14 -1634.92 1489.2
3.5481e+06 43.7 -1.45 5.23548 4175.84 4175.84 -1735.25 -107.655
3.9811e+06 28.15 -1.45 4.98729 5456.05 328.394 -5456.05 -454.749
4.4668e+06 37.95 -1.4 5.122 2055.68 1715.33 -2055.68 867.553
5.0119e+06 49.8 -1.4 5.38212 4676.44 4676.44 -2302.3 3035.12
5.6234e+06 37.65 -1.45 5.26548 4592.18 4592.18 -3193.51 -1678.22
6.3096e+06 45.2 -1.45 5.42325 6515.97 2455.26 -6515.97 -85.2377
7.0795e+06 41.05 -1.45 5.53136 4434.47 3271.7 -4434.47 -584.658
7.9433e+06 38.65 -1.45 5.56039 7961.27 7961.27 -3442.34 1926.78
8.9125e+06 42.35 -1.4 5.77752 5507.89 3118.86 -5507.89 -5103.14
1.0000e+07 40.65 -1.4 5.88066 8356.45 4054.66 -8356.45 -1447.95
1.1220e+07 54.5 -1.4 6.06469 5990.39 3586.36 -5990.39 -879.588
1.2589e+07 51.15 -1.4 6.14201 12657.3 12657.3 -2905.9 -890.148
1.4125e+07 70 -1.4 6.40547 8149.54 2598.52 -8149.54 -1379.16
1.5849e+07 41.5 -1.4 6.21291 10048.9 3278.97 -10048.9 -2556.3
1.7783e+07 55.75 -1.4 6.43596 10429.4 10429.4 -6083.91 7319.07
1.9953e+07 47.45 -1.4 6.53902 13755.3 13755.3 -3919.88 1791.53
2.2387e+07 56.65 -1.4 6.66877 8029.67 7296.27 -8029.67 -786.323
2.5119e+07 62.1 -1.4 6.81818 15213.9 5621.46 -15213.9 -776.535
2.8184e+07 64.65 -1.4 7.01757 16788.1 16788.1 -7107.21 8833.39
3.1623e+07 71.25 -1.45 7.1135 10055.9 10055.9 -7369.76 -5624.16
3.5481e+07 60.65 -1.45 6.98809 17331.8 10005.1 -17331.8 -15317.4
3.9811e+07 59.85 -1.45 7.13782 19645.4 4399.29 -19645.4 2981.44
4.4668e+07 52.8 -1.45 7.30944 17897.6 17897.6 -6352.93 2044.54
5.0119e+07 60.95 -1.45 7.56681 14266 14266 -5762.41 -4214.22
5.6234e+07 61.9 -1.45 7.65074 22032.4 11921 -22032.4 -8498.32
6.3096e+07 68.3 -1.45 7.8385 23389.8 23389.8 -20152.5 14366.7
7.0795e+07 62.05 -1.4 7.98963 25370.8 25370.8 -13517.7 10495.1
7.9433e+07 68.25 -1.4 8.22092 27547.8 27547.8 -10648.7 -1805.61
8.9125e+07 81.95 -1.4 8.2425 30900 4110.51 -30900 1975.27
1.0000e+08 -0.35 -1.3 0.35 1974.27 1974.27 1973.27 1974.27
