# pseudoN rho=0.95 X=1e+08 label=r0.95d-0.3  g-prime sites=5762413 total mult=5762413 max m=1 max a=91 sat=0
# bin_lo  Emax  Emin  Erms  sup|psi-x|  max(psi-x)  min(psi-x)  (psi-x)@end
1.9953e+00 0.35 -0.6 0.35 2.30685 -1.30685 -2.30685 -1.30685
2.8184e+00 0.4 -0.55 0.4 2.20824 -1.20824 -2.20824 -1.20824
3.9811e+00 0.45 -0.5 0.45 2.51509 -1.51509 -2.51509 -1.51509
4.4668e+00 0.5 -0.45 0.5 1.90566 -0.905655 -1.90566 -0.905655
5.6234e+00 0.55 -0.4 0.55 2.90566 -1.90566 -2.90566 -1.90566
6.3096e+00 -0.4 -1.35 0.4 3.90566 -2.90566 -3.90566 -2.90566
7.9433e+00 -0.35 -1.3 0.35 4.21251 -3.21251 -4.21251 -3.21251
8.9125e+00 -0.3 -1.25 0.3 4.1139 -3.1139 -4.1139 -3.1139
1.0000e+01 -0.2 -1.2 0.226385 5.1139 -2.716 -5.1139 -2.716
1.1220e+01 -0.15 -1.1 0.15 4.716 -3.716 -4.716 -3.716
1.2589e+01 -0.05 -1.05 0.0790569 3.15105 -0.511994 -3.15105 -0.511994
1.4125e+01 1.77636e-15 -0.95 1.77636e-15 2.51199 -1.51199 -2.51199 -1.51199
1.5849e+01 0.1 -0.9 0.0790569 2.81885 0.0143665 -2.81885 0.0143665
1.7783e+01 0.2 -0.8 0.176777 1.98563 0.958805 -1.98563 0.958805
1.9953e+01 0.35 -0.7 0.302765 2.00333 2.00333 -1.04119 1.00333
2.2387e+01 0.5 -0.55 0.451848 3.13882 3.13882 1.13882 2.74826
2.5119e+01 0.65 -0.4 0.601387 1.84687 1.84687 -0.153128 0.846872
2.8184e+01 -0.2 -1.25 0.253311 2.15313 1.28086 -2.15313 1.28086
3.1623e+01 0 -1.1 0.0935414 2.02599 1.52935 -2.02599 1.52935
3.5481e+01 0.2 -0.9 0.136931 3.14027 3.14027 -0.470645 1.14027
3.9811e+01 1.35 -0.7 0.68374 2.85384 2.85384 -1.14616 -0.146155
4.4668e+01 0.55 -1.35 0.405689 5.14616 -1.14616 -5.14616 -2.25433
5.0119e+01 0.05 -1.15 0.113652 5.28404 -1.28404 -5.28404 -4.28404
5.6234e+01 0.4 -0.85 0.269258 6.28404 2.96481 -6.28404 0.964811
6.3096e+01 0.75 -1.35 0.491354 6.34204 0.657958 -6.34204 -5.34204
7.0795e+01 0.2 -1.15 0.129099 8.34204 -1.33833 -8.34204 -1.33833
7.9433e+01 1.5 -1.35 0.739087 5.82088 0.179124 -5.82088 -1.33224
8.9125e+01 0.2 -1.2 0.145774 4.29663 4.29663 -3.33224 2.29663
1.0000e+02 1.55 -1.25 0.695452 7.54648 7.54648 -2.45352 -1.45352
1.1220e+02 0.5 -1.05 0.273861 3.72614 2.27386 -3.72614 -0.93968
1.2589e+02 1.55 -1.25 0.566789 10.2713 10.2713 -6.24653 8.27131
1.4125e+02 1.05 -1.45 0.513494 13.2484 13.2484 5.22714 6.24836
1.5849e+02 0.8 -1.35 0.432405 11.4235 11.4235 3.24836 5.14176
1.7783e+02 1.75 -1.05 1.0561 11.5276 11.5276 -3.8333 1.46
1.9953e+02 2.75 -1 0.866266 9.61871 9.61871 -3.92349 9.61871
2.2387e+02 1.15 -1.35 0.500179 9.05244 9.05244 -1.90457 -0.904568
2.5119e+02 1.65 -1.15 0.749166 15.5841 15.5841 -6.21142 -2.41588
2.8184e+02 1.25 -1.35 0.655199 20.2571 1.22956 -20.2571 -11.7615
3.1623e+02 1.55 -1.35 0.657897 15.2248 1.73601 -15.2248 -3.26399
3.5481e+02 1.55 -1.35 0.644646 13.4474 6.24265 -13.4474 3.19016
3.9811e+02 2.25 -1.35 0.856106 17.8098 2.19016 -17.8098 -5.3996
4.4668e+02 2.35 -1.35 0.783785 25.6667 -6.3996 -25.6667 -11.0289
5.0119e+02 2.95 -1.25 1.29024 23.2767 -0.589716 -23.2767 -11.7147
5.6234e+02 2.75 -1.35 0.674918 16.7486 16.7486 -14.3815 11.3581
6.3096e+02 2.85 -1.4 1.05144 17.7409 17.7409 -13.704 -7.14296
7.0795e+02 3.05 -1.35 0.887655 14.5791 10.6153 -14.5791 -7.04187
7.9433e+02 2.55 -1.35 0.996075 23.361 10.1421 -23.361 -9.77061
8.9125e+02 2.55 -1.35 0.788135 38.395 38.395 -11.7706 36.395
1.0000e+03 4.65 -1.25 1.66461 35.395 35.395 -7.05675 4.78716
1.1220e+03 2.55 -1.4 0.972073 22.9108 22.9108 -9.03745 6.85473
1.2589e+03 2.75 -1.4 1.13719 37.8275 20.4315 -37.8275 2.98429
1.4125e+03 4.75 -1.4 1.23403 19.5788 19.5788 -6.70401 -0.935613
1.5849e+03 3.45 -1.4 0.963168 29.5669 29.5669 -14.6124 9.24352
1.7783e+03 4.85 -1.35 1.59967 50.5198 19.2134 -50.5198 -49.5198
1.9953e+03 4.05 -1.4 1.26432 68.9184 8.76398 -68.9184 -20.2748
2.2387e+03 5.25 -1.45 1.4258 50.1214 11.3112 -50.1214 -1.68883
2.5119e+03 3.25 -1.45 1.00681 55.5814 37.6825 -55.5814 21.5289
2.8184e+03 8.05 -1.45 2.27626 73.8331 20.5289 -73.8331 -48.5047
3.1623e+03 5.75 -1.45 1.57821 79.9914 -8.97604 -79.9914 -36.799
3.5481e+03 5.35 -1.45 1.32782 92.1842 15.5968 -92.1842 -4.40315
3.9811e+03 7.75 -1.45 1.95028 93.8984 93.8984 -35.4238 28.6792
4.4668e+03 7.15 -1.4 1.86813 66.1614 38.5863 -66.1614 -65.1614
5.0119e+03 6.05 -1.4 1.5881 93.1614 45.335 -93.1614 -47.1866
5.6234e+03 5.75 -1.45 1.63947 99.3816 69.4317 -99.3816 14.3364
6.3096e+03 6.35 -1.45 1.8433 114.76 114.76 -7.15488 45.3416
7.0795e+03 4.9 -1.45 1.55485 105.057 105.057 -51.2321 69.5461
7.9433e+03 7.05 -1.45 2.15837 117.201 97.4692 -117.201 -21.2128
8.9125e+03 7.85 -1.4 2.19738 95.9729 67.6715 -95.9729 -29.7994
1.0000e+04 8.45 -1.4 2.19045 128.051 128.051 -118.466 9.39351
1.1220e+04 9.5 -1.4 2.7781 175.412 175.412 -85.3608 -43.2342
1.2589e+04 10.1 -1.4 2.56773 211.652 20.3319 -211.652 -187.986
1.4125e+04 9.5 -1.4 2.33655 206.429 100.157 -206.429 -115.289
1.5849e+04 8.1 -1.4 2.13109 193.763 127.297 -193.763 -15.594
1.7783e+04 12.55 -1.4 2.83369 131.147 97.7185 -131.147 -53.4539
1.9953e+04 9.85 -1.4 2.66474 305.396 95.4606 -305.396 -47.4662
2.2387e+04 10.9 -1.4 2.61046 236.521 49.3443 -236.521 8.01964
2.5119e+04 9.3 -1.4 2.49369 141.346 121.681 -141.346 102.306
2.8184e+04 10.85 -1.4 2.8123 284.574 284.574 -170.587 -141.804
3.1623e+04 14.25 -1.45 3.05491 248.349 126.518 -248.349 -187.941
3.5481e+04 13.3 -1.45 2.9982 256.944 187.314 -256.944 -105.98
3.9811e+04 18.55 -1.45 3.97821 410.104 410.104 -238.475 -106.619
4.4668e+04 10.85 -1.45 2.94738 314.859 314.859 -139.803 310.859
5.0119e+04 12.55 -1.45 3.01171 353.55 345.985 -353.55 43.3231
5.6234e+04 15.05 -1.45 2.97371 543.85 174.085 -543.85 -25.1571
6.3096e+04 13.25 -1.45 3.173 376.064 376.064 -283.402 62.8587
7.0795e+04 15.9 -1.4 3.81681 425.042 425.042 -395.5 115.85
7.9433e+04 16.95 -1.4 3.88939 661.219 595.85 -661.219 -183.204
8.9125e+04 19.25 -1.45 3.58036 527.846 293.288 -527.846 -104.887
1.0000e+05 15.85 -1.45 3.72804 605.304 605.304 -585.451 -239.195
1.1220e+05 16.15 -1.45 3.66805 658.836 658.836 -465.381 -302.814
1.2589e+05 19.1 -1.45 4.07078 839.824 156.779 -839.824 -93.0598
1.4125e+05 23.35 -1.4 3.90409 1059.96 590.294 -1059.96 554.134
1.5849e+05 17.5 -1.4 4.02978 823.831 763.168 -823.831 471.162
1.7783e+05 23.55 -1.4 4.59835 1058.22 1058.22 -665 -420.844
1.9953e+05 19.25 -1.4 4.02461 1205.28 617.705 -1205.28 -54.8373
2.2387e+05 23.15 -1.4 4.61655 1127.12 583.817 -1127.12 -297.639
2.5119e+05 25.55 -1.4 4.6171 1244.34 1244.34 -511.321 473.845
2.8184e+05 24.9 -1.4 4.89132 1428.33 1428.33 -409.946 130.573
3.1623e+05 28.4 -1.4 4.94793 1067.62 1067.62 -924.831 -7.0951
3.5481e+05 28.45 -1.4 4.78911 1430.63 681.481 -1430.63 -179.675
3.9811e+05 28.2 -1.4 4.88925 1656.43 1656.43 -883.981 1162.13
4.4668e+05 26.75 -1.4 5.07158 1197.85 1197.85 -1129.34 276.743
5.0119e+05 31.35 -1.45 5.58194 1859.66 1678.14 -1859.66 -421.497
5.6234e+05 28.5 -1.45 5.50757 2511.35 528.239 -2511.35 -263.342
6.3096e+05 41.25 -1.45 5.55661 1844.84 1131.17 -1844.84 -471.046
7.0795e+05 32.55 -1.45 5.71256 2671.44 2671.44 -1881 -542.349
7.9433e+05 32.55 -1.45 5.91996 2062.51 1505.99 -2062.51 -1627.53
8.9125e+05 38.25 -1.45 5.9938 2629.76 1399.04 -2629.76 967.575
1.0000e+06 40 -1.45 6.4019 4491.99 2448.57 -4491.99 1522.22
1.1220e+06 39.25 -1.4 6.53763 3810.88 3810.88 -1952.61 1020.88
1.2589e+06 36.25 -1.4 6.36862 3126.8 2427.38 -3126.8 -1568.85
1.4125e+06 40.1 -1.45 6.57642 4100.19 2684.12 -4100.19 -1723.41
1.5849e+06 35.75 -1.45 6.55326 2849.62 2419 -2849.62 1010.02
1.7783e+06 40.65 -1.45 7.09836 5523.75 5523.75 -21.1391 2219.94
1.9953e+06 44.1 -1.45 7.30516 5227.57 5227.57 -3968.31 -492.665
2.2387e+06 62.35 -1.4 7.92594 5272.76 3658.92 -5272.76 -4072.02
2.5119e+06 38.55 -1.4 7.18591 4795.18 4795.18 -4430.9 4616.95
2.8184e+06 62.65 -1.4 7.57539 7879.71 7879.71 -4765.63 5191.83
3.1623e+06 47.05 -1.4 7.90885 5722.61 5722.61 -5474.41 2833.93
3.5481e+06 47.65 -1.4 7.96119 7571.06 3743.31 -7571.06 -6280.44
3.9811e+06 48.25 -1.4 7.8212 8112.16 5874.16 -8112.16 -5172.3
4.4668e+06 54.4 -1.4 8.30213 6522.64 6522.64 -5700.3 2172.76
5.0119e+06 51.25 -1.4 8.47023 7113.96 7113.96 -3215.95 60.3134
5.6234e+06 56.45 -1.4 8.79648 12803.9 6164.52 -12803.9 -1738.2
6.3096e+06 74.25 -1.4 8.72025 8641.49 6447.49 -8641.49 391.743
7.0795e+06 69.3 -1.4 8.84344 10021.9 10021.9 -6695.4 8248.4
7.9433e+06 60.1 -1.45 9.18611 14373.1 14373.1 -6404.72 2844.36
8.9125e+06 64.15 -1.45 9.25957 9316.8 6292.45 -9316.8 -3926.66
1.0000e+07 74 -1.45 9.53797 14051.2 7350.4 -14051.2 -10519.1
1.1220e+07 74.35 -1.45 9.57282 14211.6 14211.6 -11092.1 8600.04
1.2589e+07 74.65 -1.45 9.89716 15093.6 15093.6 -3276.79 -1524.27
1.4125e+07 85.25 -1.45 10.2395 19148.6 15633 -19148.6 -3069.29
1.5849e+07 90.5 -1.45 10.606 21397 6433.78 -21397 -5911.63
1.7783e+07 83.25 -1.4 10.4407 15054.1 15054.1 -9445.67 11263.5
1.9953e+07 97.85 -1.4 10.7484 29874.8 29874.8 -23773.2 22082.3
2.2387e+07 74.65 -1.4 11.0907 29223.7 29223.7 -20089.9 -7520.57
2.5119e+07 84.8 -1.45 11.1988 25784.7 10155.2 -25784.7 -24274.6
2.8184e+07 83.35 -1.45 11.6649 37307.1 37307.1 -29050.6 -14749.4
3.1623e+07 88.05 -1.45 11.7601 33780.6 33780.6 -16922.2 403.274
3.5481e+07 97.05 -1.4 12.2362 24062.3 24062.3 -22072 -2277.32
3.9811e+07 100.25 -1.4 12.2741 60347.2 44325.5 -60347.2 -5631.31
4.4668e+07 109.3 -1.4 12.7428 40667.1 26188.5 -40667.1 -142.759
5.0119e+07 110.4 -1.4 12.7974 31984 31984 -31711.7 29779.6
5.6234e+07 106.7 -1.4 13.1742 66742.9 47359.1 -66742.9 10968.9
6.3096e+07 103.95 -1.4 13.3734 54235.3 54235.3 -53906 -8212.83
7.0795e+07 126.05 -1.4 13.5956 40731.8 36508.8 -40731.8 -38243.5
7.9433e+07 130.5 -1.4 13.9759 77406 77406 -62085.2 -44099.9
8.9125e+07 125.25 -1.4 14.2822 63955.3 63955.3 -57464.9 15818.1
1.0000e+08 0.25 -0.7 0.25 15817.1 15817.1 15816.1 15817.1
