# pseudoN rho=1.05 X=1e+08 label=r1.05d-0.3  g-prime sites=5494727 total mult=5759131 max m=2 max a=52 sat=0
# bin_lo  Emax  Emin  Erms  sup|psi-x|  max(psi-x)  min(psi-x)  (psi-x)@end
1.9953e+00 0.25 -0.8 0.25 2.30685 -1.30685 -2.30685 -1.30685
2.8184e+00 0.2 -0.85 0.2 2.20824 -1.20824 -2.20824 -1.20824
3.9811e+00 0.15 -0.9 0.15 2.51509 -1.51509 -2.51509 -1.51509
4.4668e+00 0.1 -0.95 0.1 1.90566 -0.905655 -1.90566 -0.905655
5.6234e+00 0.05 -1 0.05 2.90566 -1.90566 -2.90566 -1.90566
6.3096e+00 -8.88178e-16 -1.05 8.88178e-16 1.95975 -0.959745 -1.95975 -0.959745
7.9433e+00 -0.05 -1.1 0.05 2.2666 -1.2666 -2.2666 -1.2666
8.9125e+00 -0.1 -1.15 0.1 2.16799 -1.16799 -2.16799 -1.16799
1.0000e+01 -0.15 -1.25 0.176777 3.16799 -0.770091 -3.16799 -0.770091
1.1220e+01 -0.25 -1.3 0.25 2.77009 -1.77009 -2.77009 -1.77009
1.2589e+01 -0.3 -1.4 0.32596 2.20514 -0.205141 -2.20514 -1.20514
1.4125e+01 -0.4 -1.45 0.4 3.20514 -2.20514 -3.20514 -2.20514
1.5849e+01 0.5 -1.5 0.475657 3.51199 2.15443 -3.51199 2.15443
1.7783e+01 0.45 -0.65 0.425735 3.09887 3.09887 0.154433 3.09887
1.9953e+01 0.35 -0.8 0.302765 2.09887 2.09887 -0.901128 0.0988717
2.2387e+01 0.2 -0.95 0.155456 2.23437 2.23437 0.234366 1.8438
2.5119e+01 0.05 -1.1 0.0408248 1.05758 0.942416 -1.05758 -0.0575839
2.8184e+01 -0.1 -1.25 0.155456 3.7437 3.7437 0.309712 3.7437
3.1623e+01 0.65 -1.35 0.483477 3.43685 3.43685 -0.563154 0.436846
3.5481e+01 0.55 -0.65 0.478278 2.04776 2.04776 -1.56315 0.0477642
3.9811e+01 0.35 -0.9 0.259808 3.52254 3.52254 -1.95224 2.52254
4.4668e+01 0.1 -1.2 0.0889757 3.37268 3.37268 -0.477464 2.31859
5.0119e+01 0.8 -1.5 0.544289 4.68141 1.31859 -4.68141 -3.68141
5.6234e+01 0.5 -0.85 0.364005 3.55006 3.55006 -2.63835 1.55006
6.3096e+01 0.95 -1.05 0.594018 2.4479 2.4479 -1.7568 -0.552103
7.0795e+01 0.5 -1.5 0.378594 3.5521 3.45161 -3.5521 3.45161
7.9433e+01 1.1 -1.15 0.675463 4.96906 4.96906 -2.03094 -1.03094
8.9125e+01 0.5 -1.5 0.362284 9.03094 0.118484 -9.03094 -1.88152
1.0000e+02 1.25 -1.3 0.391005 6.76122 6.76122 -4.2664 3.76122
1.1220e+02 1.4 -1.35 0.985862 7.48861 7.48861 -2.1135 -0.504059
1.2589e+02 1.05 -1.45 0.413824 6.93571 0.918741 -6.93571 -1.08126
1.4125e+02 1.65 -1.3 0.723655 4.12543 3.89579 -4.12543 -3.10421
1.5849e+02 1.8 -1.15 0.702346 5.25861 3.74139 -5.25861 -4.25861
1.7783e+02 1 -1.35 0.523862 7.30906 7.30906 -4.69094 5.14826
1.9953e+02 1.3 -1.5 0.562361 6.85174 4.14826 -6.85174 -2.7587
2.2387e+02 1.45 -1.5 0.450595 13.2823 -1.33375 -13.2823 -7.75682
2.5119e+02 0.75 -1.4 0.405689 13.2211 13.2211 -10.7568 13.2211
2.8184e+02 3.8 -1.5 2.10798 16.8665 16.8665 -8.46706 -4.71766
3.1623e+02 2.25 -1.4 1.35324 18.4339 5.80014 -18.4339 -11.7123
3.5481e+02 1.95 -1.5 0.819714 15.5045 15.5045 -10.8402 0.504485
3.9811e+02 2.05 -1.5 0.812147 16.3609 1.6391 -16.3609 -5.07801
4.4668e+02 1.55 -1.45 0.571879 9.97099 6.72594 -9.97099 1.51528
5.0119e+02 3.4 -1.15 1.61797 25.4358 11.4287 -25.4358 -24.4358
5.6234e+02 3.25 -1.5 0.962801 31.4358 9.17796 -31.4358 5.17796
6.3096e+02 2.35 -1.5 0.911435 15.3559 12.3385 -15.3559 6.3385
7.0795e+02 2.65 -1.5 1.11081 20.3576 10.9024 -20.3576 -13.3517
7.9433e+02 3.7 -1.45 1.43986 31.0369 -1.40421 -31.0369 -12.6294
8.9125e+02 3.85 -1.4 0.995941 22.6294 19.3174 -22.6294 -0.791816
1.0000e+03 4.1 -1.5 1.54637 28.6724 10.3587 -28.6724 -11.6107
1.1220e+03 3.55 -1.5 1.10244 42.2552 42.2552 -25.4363 15.2552
1.2589e+03 4.65 -1.5 1.83875 29.9612 23.6099 -29.9612 -24.7696
1.4125e+03 2.35 -1.5 0.869793 46.7696 5.86211 -46.7696 0.862107
1.5849e+03 3.55 -1.5 1.18289 64.3752 64.3752 -24.1379 48.3752
1.7783e+03 4.85 -1.5 1.83209 51.0363 47.3752 -51.0363 -43.9492
1.9953e+03 5.65 -1.5 1.32117 59.9895 32.2478 -59.9895 12.2478
2.2387e+03 3.4 -1.5 1.06846 34.5813 22.2347 -34.5813 -33.5813
2.5119e+03 6.4 -1.5 1.8114 53.0809 17.861 -53.0809 14.4172
2.8184e+03 4.3 -1.5 1.48247 37.1546 37.1546 -33.113 -32.113
3.1623e+03 4.45 -1.5 1.33458 62.5082 26.4124 -62.5082 -53.1622
3.5481e+03 6.85 -1.5 1.71719 98.6756 50.962 -98.6756 36.962
3.9811e+03 8.6 -1.5 2.17949 105.074 105.074 -7.1595 36.815
4.4668e+03 7.5 -1.5 2.2623 113.234 72.3021 -113.234 -83.6154
5.0119e+03 6.05 -1.5 1.68015 95.3096 33.1372 -95.3096 -22.4517
5.6234e+03 4.95 -1.5 1.50717 85.6831 85.6831 -46.2112 3.98736
6.3096e+03 8.7 -1.5 2.77624 122.209 77.5073 -122.209 26.8722
7.0795e+03 11.75 -1.5 2.58254 152.824 152.824 -21.7744 55.1508
7.9433e+03 7.1 -1.5 2.41185 155.887 54.1508 -155.887 -153.819
8.9125e+03 6.85 -1.5 1.5926 167.724 133.325 -167.724 132.325
1.0000e+04 7.4 -1.5 2.06636 156.577 156.577 -75.9163 37.6957
1.1220e+04 8.3 -1.5 1.94109 212.603 74.6598 -212.603 -93.6403
1.2589e+04 17.45 -1.5 4.38407 128.67 87.3303 -128.67 27.5684
1.4125e+04 10.15 -1.5 2.22017 197.993 197.993 -126.865 -67.348
1.5849e+04 9.75 -1.5 2.18682 142.348 101.31 -142.348 79.0212
1.7783e+04 14.2 -1.5 3.40715 210.821 210.821 -142.824 -22.5444
1.9953e+04 10.85 -1.5 2.40341 263.527 68.8731 -263.527 -116.947
2.2387e+04 9.15 -1.5 2.32082 247.005 247.005 -222.136 193.529
2.5119e+04 13.9 -1.5 3.34 302.06 302.06 -27.0719 -3.59577
2.8184e+04 10.25 -1.5 2.74984 544.194 24.8943 -544.194 -188.947
3.1623e+04 9.05 -1.5 2.34902 269.27 269.27 -196.947 93.2711
3.5481e+04 15.55 -1.5 3.4151 400.197 275.12 -400.197 -111.194
3.9811e+04 11.35 -1.5 2.8388 292.834 222.373 -292.834 116.852
4.4668e+04 14.55 -1.5 3.95037 423.945 423.945 -185.304 -91.1654
5.0119e+04 18.9 -1.5 3.80975 564.171 83.3781 -564.171 -294.959
5.6234e+04 9.95 -1.5 2.67392 552.581 552.581 -306.959 254.653
6.3096e+04 14.45 -1.5 3.16652 423.065 423.065 -411.64 -207.173
7.0795e+04 18.35 -1.5 3.93257 818.686 77.4446 -818.686 -0.911443
7.9433e+04 14.45 -1.5 3.4582 507.115 507.115 -207.75 278.636
8.9125e+04 15 -1.5 3.61284 439.043 439.043 -321.858 -314.083
1.0000e+05 17.1 -1.5 3.51871 623.334 316.589 -623.334 171.395
1.1220e+05 18.2 -1.5 3.97666 877.204 877.204 -479.333 -120.124
1.2589e+05 17.55 -1.5 3.77621 965.97 22.0832 -965.97 -387.323
1.4125e+05 15.45 -1.5 3.7651 1476.7 1476.7 -593.442 534.163
1.5849e+05 23.05 -1.5 4.05402 902.149 814.123 -902.149 -546.731
1.7783e+05 21.15 -1.5 4.48452 1116.68 134.738 -1116.68 -162.088
1.9953e+05 19.85 -1.5 4.20389 1480.57 1480.57 -343.273 39.4033
2.2387e+05 20.2 -1.5 4.50881 923.45 597.945 -923.45 -189.134
2.5119e+05 19.15 -1.5 4.00459 814.366 814.366 -727.448 478.377
2.8184e+05 20.35 -1.5 4.55787 1003.95 864.299 -1003.95 -1002.95
3.1623e+05 19.45 -1.5 4.30779 1631.18 407.631 -1631.18 -551.423
3.5481e+05 26.15 -1.5 4.80508 1738.86 1738.86 -679.029 782.363
3.9811e+05 34.5 -1.5 5.24997 2350.15 1644.06 -2350.15 -882.068
4.4668e+05 27.35 -1.5 4.94549 2605.04 565.043 -2605.04 501.666
5.0119e+05 24.1 -1.5 4.85579 2605.13 2605.13 -267.672 388.379
5.6234e+05 28.25 -1.5 5.36929 1800.93 952.26 -1800.93 -1296.71
6.3096e+05 32.65 -1.5 5.62086 2221.21 2221.21 -1953.51 1064.01
7.0795e+05 30.35 -1.5 5.93511 2535.86 2158.25 -2535.86 -1163.38
7.9433e+05 30.55 -1.5 5.62456 3036.56 1822.05 -3036.56 1689.55
8.9125e+05 32.6 -1.5 5.51121 3755.62 3755.62 720.231 1985.31
1.0000e+06 35.75 -1.5 6.06038 4267.76 2352.54 -4267.76 -1158.62
1.1220e+06 30.4 -1.5 5.81895 3840.31 2694.09 -3840.31 950.807
1.2589e+06 32.75 -1.5 6.10555 5488.64 5488.64 -1461.73 529.91
1.4125e+06 40.05 -1.5 6.42868 3910.45 1445.67 -3910.45 154.148
1.5849e+06 32.95 -1.5 6.28677 4220.71 4220.71 -2569.94 3480.88
1.7783e+06 40.35 -1.5 6.53648 3520.44 3520.44 -2983.13 -2982.13
1.9953e+06 47.35 -1.5 6.736 6754.6 4318.17 -6754.6 1340.53
2.2387e+06 44.55 -1.5 7.01931 7094.75 7094.75 -566.444 2653.66
2.5119e+06 55.85 -1.5 7.2101 9765.06 2974.23 -9765.06 -4214.43
2.8184e+06 43.55 -1.5 7.13913 6143.23 6143.23 -5179.81 3706.91
3.1623e+06 43.45 -1.5 7.49684 9558.19 9558.19 -3543.21 -3382.71
3.5481e+06 44.15 -1.5 7.29388 8905.43 1984.72 -8905.43 -4148.36
3.9811e+06 52.35 -1.5 7.88302 8347.67 8347.67 -5626.51 509.907
4.4668e+06 49.45 -1.5 8.00491 10606.8 4538.89 -10606.8 -4154.64
5.0119e+06 47.3 -1.5 7.77311 9364.55 9364.55 -7708.9 4837.27
5.6234e+06 49.95 -1.5 8.4267 9633.1 9633.1 -4801.5 -3488.66
6.3096e+06 55.95 -1.5 8.53525 17390.9 -836.267 -17390.9 -10209.4
7.0795e+06 61.55 -1.5 8.73556 11357 11163.3 -11357 4577.03
7.9433e+06 60.95 -1.5 9.01101 21833.5 21833.5 -13094.8 -10000.2
8.9125e+06 60.95 -1.5 8.84282 18694.7 2895.69 -18694.7 -662.576
1.0000e+07 58.65 -1.5 9.02579 15805.6 15805.6 -2892.81 9042.46
1.1220e+07 71.35 -1.5 9.76484 18328.1 12695.1 -18328.1 -9134.8
1.2589e+07 63.6 -1.5 9.35418 20130.9 20130.9 -12295 9403.57
1.4125e+07 73.15 -1.5 9.95289 25559.2 25559.2 -15955.6 -9086.05
1.5849e+07 70.35 -1.5 9.97482 30650.9 1430.43 -30650.9 1159.53
1.7783e+07 67.3 -1.5 10.2679 28179.8 28179.8 573.358 21297.7
1.9953e+07 78.2 -1.5 10.4969 27397.3 27397.3 -15233.1 -6986.68
2.2387e+07 83.1 -1.5 10.5698 33860.8 15179.3 -33860.8 6050.8
2.5119e+07 87.7 -1.5 11.0214 28098.9 28098.9 -8075.25 10140.9
2.8184e+07 98.55 -1.5 11.282 29826.2 13130.8 -29826.2 -1678.7
3.1623e+07 83.95 -1.5 11.3243 36702 36702 -17302 34599.1
3.5481e+07 97.55 -1.5 11.8314 36425 36425 -25497.2 -15993.5
3.9811e+07 85.95 -1.5 11.605 57689.4 3414.54 -57689.4 -888.242
4.4668e+07 91.9 -1.5 11.8646 65798.5 65798.5 -14451.5 29894.2
5.0119e+07 100 -1.5 12.3936 61477.1 44877.7 -61477.1 -59064.6
5.6234e+07 94.1 -1.5 12.1686 64664.7 61147.2 -64664.7 50948.7
6.3096e+07 102.95 -1.5 12.8236 56176.5 56176.5 -18282.2 2122.78
7.0795e+07 106.75 -1.5 12.8283 79650.1 6930.51 -79650.1 -19854.7
7.9433e+07 124.95 -1.5 13.2983 85122.2 85122.2 -27646.5 25214.3
8.9125e+07 115.4 -1.5 13.6675 75799.5 49188.2 -75799.5 -44438.4
1.0000e+08 4.35 3.3 4.35 44440.4 -44439.4 -44440.4 -44439.4
