S8 rho=0.196349540849 X=3e+07 N=5890488 primes=1788257 time=16.0s
Step B: g-primes checked 1788257, max[F(y) - (log y + rho)/y] = -0.221148  (must be <= 0)
decade   max F      min D     min Delta   max E/x    [1/(2rho) = 2.5465, rho/(1-2rho) = 0.3233]
1e0      0.12626    0.26596   -0.09101  1.410e-01
1e1     -0.04875    1.19745    0.82470  5.778e-02
1e2     -0.19667    2.40665    1.85489  1.391e-02
1e3     -0.29020    3.29320    2.58329  2.564e-03
1e4     -0.34942    3.84940    3.03679  3.295e-04
1e5     -0.38316    4.19760    3.31704  6.033e-05
1e6     -0.40371    4.41489    3.48863  8.605e-06
1e7     -0.41643    4.55037    3.59631  1.221e-06
records of E(x)/x: 1; last ten:
   x            A=E/x       E      psi/x     D       Delta   (A+rho)Delta-[(1-rho)psi/x-rho/x] (<=0)  comp
    3.546479   0.140985  0.5000  0.35696  0.26596 -0.09101   -2.622e-01   False
max over all records of the record-inequality residual: -2.622e-01
identity (*) at x=1000: lhs=5.039193 rhs=5.039193 diff=+2.58e-14
identity (*) at x=10000: lhs=-4.433474 rhs=-4.433474 diff=-1.16e-11
identity (*) at x=100000: lhs=11.409953 rhs=11.409953 diff=-8.10e-11
identity (*) at x=1e+06: lhs=-9.234012 rhs=-9.234012 diff=-1.73e-08
done 16.5s
