S8 rho=0.450000000000 X=1e+07 N=4500004 primes=662895 time=11.1s
Step B: g-primes checked 662895, max[F(y) - (log y + rho)/y] = -0.276376  (must be <= 0)
decade   max F      min D     min Delta   max E/x    [1/(2rho) = 1.1111, rho/(1-2rho) = 4.5000]
1e0      0.29073   -0.25279   -0.60673  3.241e-01
1e1     -0.11307    0.93111    0.32793  1.768e-01
1e2     -0.36698    1.65910    0.90481  1.720e-02
1e3     -0.51023    2.11453    1.23733  2.871e-03
1e4     -0.56362    2.32515    1.35990  5.757e-04
1e5     -0.59690    2.41934    1.43596  9.267e-05
1e6     -0.61024    2.45899    1.46681  1.589e-05
records of E(x)/x: 2; last ten:
   x            A=E/x       E      psi/x     D       Delta   (A+rho)Delta-[(1-rho)psi/x-rho/x] (<=0)  comp
    2.111111   0.236842  0.5000  0.35394 -0.25279 -0.60673   -3.982e-01   False
    4.456790   0.324100  1.4444  0.66433  0.29877 -0.36556   -5.474e-01   True
max over all records of the record-inequality residual: -3.982e-01
identity (*) at x=1000: lhs=5.867204 rhs=5.867204 diff=+1.88e-13
identity (*) at x=10000: lhs=7.179508 rhs=7.179508 diff=-2.66e-11
identity (*) at x=100000: lhs=19.077038 rhs=19.077038 diff=-1.96e-10
identity (*) at x=1e+06: lhs=-6.731825 rhs=-6.731825 diff=-1.05e-07
done 11.4s
