== Wed Sep 30 17:37:15 IST 2026 pre-run cleanup for topic ResidueRank in /Users/jaytyagi/rh-lean-work/checker-clone-s33-h4
.lake/build/lib/lean/Challenge/ResidueRank.ilean
.lake/build/lib/lean/Challenge/ResidueRank.ilean.hash
.lake/build/lib/lean/Challenge/ResidueRank.olean
.lake/build/lib/lean/Challenge/ResidueRank.olean.hash
.lake/build/lib/lean/Challenge/ResidueRank.trace
.lake/build/lib/lean/Solution/ResidueRank.ilean
.lake/build/lib/lean/Solution/ResidueRank.ilean.hash
.lake/build/lib/lean/Solution/ResidueRank.olean
.lake/build/lib/lean/Solution/ResidueRank.olean.hash
.lake/build/lib/lean/Solution/ResidueRank.trace
.lake/build/ir/Challenge/ResidueRank.c
.lake/build/ir/Challenge/ResidueRank.c.hash
.lake/build/ir/Challenge/ResidueRank.setup.json
.lake/build/ir/Solution/ResidueRank.c
.lake/build/ir/Solution/ResidueRank.c.hash
.lake/build/ir/Solution/ResidueRank.setup.json
remaining: 0
program modules still built:
  GenusBound.ilean
  GenusBound.ilean.hash
  GenusBound.olean
  GenusBound.olean.hash
  GenusBound.trace
  LogPrimes.ilean
  LogPrimes.ilean.hash
  LogPrimes.olean
  LogPrimes.olean.hash
  LogPrimes.trace
  Pair.ilean
  Pair.ilean.hash
  Pair.olean
  Pair.olean.hash
  Pair.trace
