== Wed Sep 30 17:33:45 IST 2026 lake env lean results/theoremR-lean-s36/program-axioms.lean (27 declarations of the three program modules) in /Users/jaytyagi/rh-lean-work/checker-clone-s33-h4
'Zeta23.ResidueRank.logP' depends on axioms: [propext, Classical.choice, Quot.sound]
'Zeta23.ResidueRank.expVec' depends on axioms: [propext, Classical.choice, Quot.sound]
'Zeta23.ResidueRank.expVec_apply' depends on axioms: [propext, Classical.choice, Quot.sound]
'Zeta23.ResidueRank.expVec_one' depends on axioms: [propext, Classical.choice, Quot.sound]
'Zeta23.ResidueRank.expVec_mul' depends on axioms: [propext, Classical.choice, Quot.sound]
'Zeta23.ResidueRank.expVec_prime' depends on axioms: [propext, Classical.choice, Quot.sound]
'Zeta23.ResidueRank.linearCombination_expVec_prime' depends on axioms: [propext, Classical.choice, Quot.sound]
'Zeta23.ResidueRank.linearCombination_expVec' depends on axioms: [propext, Classical.choice, Quot.sound]
'Zeta23.ResidueRank.log_mem_span_logP' depends on axioms: [propext, Classical.choice, Quot.sound]
'Zeta23.ResidueRank.padicValRat_finset_prod' depends on axioms: [propext, Classical.choice, Quot.sound]
'Zeta23.ResidueRank.padicValRat_prime' depends on axioms: [propext, Classical.choice, Quot.sound]
'Zeta23.ResidueRank.linearIndependent_logP' depends on axioms: [propext, Classical.choice, Quot.sound]
'Zeta23.ResidueRank.log_primes_linearIndependent' depends on axioms: [propext, Classical.choice, Quot.sound]
'Zeta23.ResidueRank.span_log_not_finite' depends on axioms: [propext, Classical.choice, Quot.sound]
'Zeta23.ResidueRank.rank_span_log_le_of_supp' depends on axioms: [propext, Classical.choice, Quot.sound]
'Zeta23.ResidueRank.rank_span_log_le' depends on axioms: [propext, Classical.choice, Quot.sound]
'Zeta23.ResidueRank.log_two_le_vonMangoldt' depends on axioms: [propext, Classical.choice, Quot.sound]
'Zeta23.ResidueRank.lemmaF_finite_fiber' depends on axioms: [propext, Classical.choice, Quot.sound]
'Zeta23.ResidueRank.fiber_sum_eq_log' depends on axioms: [propext, Classical.choice, Quot.sound]
'Zeta23.ResidueRank.lemmaF_infinite_order' depends on axioms: [propext, Classical.choice, Quot.sound]
'Zeta23.ResidueRank.theoremR_of_A9' depends on axioms: [propext, Classical.choice, Quot.sound]
'Zeta23.ResidueRank.theoremR' depends on axioms: [propext, Classical.choice, Quot.sound]
'Zeta23.ResidueRank.lemmaF_finite_fiber_all' depends on axioms: [propext, Classical.choice, Quot.sound]
'Zeta23.ResidueRank.lemmaF_infinite_order_all' depends on axioms: [propext, Classical.choice, Quot.sound]
'Zeta23.ResidueRank.theoremS_bound' depends on axioms: [propext, Classical.choice, Quot.sound]
'Zeta23.ResidueRank.theoremS' depends on axioms: [propext, Classical.choice, Quot.sound]
'Zeta23.ResidueRank.theoremS_abs' depends on axioms: [propext, Classical.choice, Quot.sound]
exit=0
