== Wed Sep 30 17:27:15 IST 2026 rung 1: /usr/bin/time -l lake build Zeta23.ResidueRank.LogPrimes in /Users/jaytyagi/rh-lean-work/checker-clone-s33-h4
✔ [8697/8697] Built Zeta23.ResidueRank.LogPrimes (10s)
Build completed successfully (8697 jobs).
       13.23 real         4.52 user         5.32 sys
          5875138560  maximum resident set size
                   0  average shared memory size
                   0  average unshared data size
                   0  average unshared stack size
              453247  page reclaims
               67746  page faults
                   0  swaps
                   0  block input operations
                   0  block output operations
                   0  messages sent
                   0  messages received
                   0  signals received
               91998  voluntary context switches
              151222  involuntary context switches
         62500389476  instructions retired
         21545915629  cycles elapsed
           315613600  peak memory footprint
exit=0
