dz_C_s1 rho=4.692  corr(meas,pred)=0.886
   j= 8 x~3.84e+02  E/s measured  -17.021  predicted  -15.747  (tail sd of log zeta 0.02)
   j=11 x~3.07e+03  E/s measured  -27.328  predicted  -16.124  (tail sd of log zeta 0.04)
   j=14 x~2.46e+04  E/s measured  -30.284  predicted  -16.781  (tail sd of log zeta 0.08)
   j=17 x~1.97e+05  E/s measured  -28.111  predicted  -17.409  (tail sd of log zeta 0.11)
   j=20 x~1.57e+06  E/s measured  -34.388  predicted  -17.954  (tail sd of log zeta 0.15)
   j=23 x~1.26e+07  E/s measured  -42.569  predicted  -18.416  (tail sd of log zeta 0.19)
   j=26 x~8.36e+07  E/s measured  -36.361  predicted  -18.774  (tail sd of log zeta 0.22)
dz_C_s2 rho=3.345  corr(meas,pred)=-0.601
   j= 8 x~3.84e+02  E/s measured   +4.726  predicted   -5.327  (tail sd of log zeta 0.02)
   j=11 x~3.07e+03  E/s measured   +5.224  predicted   -4.328  (tail sd of log zeta 0.04)
   j=14 x~2.46e+04  E/s measured   -2.635  predicted   -3.866  (tail sd of log zeta 0.08)
   j=17 x~1.97e+05  E/s measured  -12.440  predicted   -3.609  (tail sd of log zeta 0.11)
   j=20 x~1.57e+06  E/s measured  -14.689  predicted   -3.450  (tail sd of log zeta 0.15)
   j=23 x~1.26e+07  E/s measured   -4.401  predicted   -3.344  (tail sd of log zeta 0.19)
   j=26 x~8.36e+07  E/s measured   +4.279  predicted   -3.276  (tail sd of log zeta 0.22)
dz_C_s3 rho=4.870  corr(meas,pred)=0.613
   j= 8 x~3.84e+02  E/s measured  -40.674  predicted  -26.205  (tail sd of log zeta 0.02)
   j=11 x~3.07e+03  E/s measured  -55.369  predicted  -26.502  (tail sd of log zeta 0.04)
   j=14 x~2.46e+04  E/s measured  -63.698  predicted  -26.465  (tail sd of log zeta 0.08)
   j=17 x~1.97e+05  E/s measured  -66.011  predicted  -26.187  (tail sd of log zeta 0.11)
   j=20 x~1.57e+06  E/s measured  -61.732  predicted  -25.796  (tail sd of log zeta 0.15)
   j=23 x~1.26e+07  E/s measured  -49.322  predicted  -25.369  (tail sd of log zeta 0.19)
   j=26 x~8.36e+07  E/s measured  -30.944  predicted  -24.982  (tail sd of log zeta 0.22)
dz_C_s4 rho=2.571  corr(meas,pred)=0.956
   j= 8 x~3.84e+02  E/s measured   -6.105  predicted   -7.175  (tail sd of log zeta 0.02)
   j=11 x~3.07e+03  E/s measured   -8.506  predicted   -7.404  (tail sd of log zeta 0.04)
   j=14 x~2.46e+04  E/s measured   -9.560  predicted   -7.929  (tail sd of log zeta 0.08)
   j=17 x~1.97e+05  E/s measured  -12.756  predicted   -8.517  (tail sd of log zeta 0.11)
   j=20 x~1.57e+06  E/s measured  -17.264  predicted   -9.096  (tail sd of log zeta 0.15)
   j=23 x~1.26e+07  E/s measured  -18.356  predicted   -9.643  (tail sd of log zeta 0.19)
   j=26 x~8.36e+07  E/s measured  -17.740  predicted  -10.105  (tail sd of log zeta 0.22)
dz_C_s5 rho=0.374  corr(meas,pred)=-0.140
   j= 8 x~3.84e+02  E/s measured   +0.489  predicted   -0.166  (tail sd of log zeta 0.02)
   j=11 x~3.07e+03  E/s measured   +0.391  predicted   -0.099  (tail sd of log zeta 0.04)
   j=14 x~2.46e+04  E/s measured   -0.521  predicted   -0.069  (tail sd of log zeta 0.08)
   j=17 x~1.97e+05  E/s measured   -0.203  predicted   -0.054  (tail sd of log zeta 0.11)
   j=20 x~1.57e+06  E/s measured   -0.213  predicted   -0.044  (tail sd of log zeta 0.15)
   j=23 x~1.26e+07  E/s measured   +0.847  predicted   -0.038  (tail sd of log zeta 0.19)
   j=26 x~8.36e+07  E/s measured   -1.412  predicted   -0.034  (tail sd of log zeta 0.22)
dz_R_s1 rho=2.376  corr(meas,pred)=0.889
   j= 8 x~3.84e+02  E/s measured   -8.313  predicted   -5.977  (tail sd of log zeta 0.02)
   j=11 x~3.07e+03  E/s measured   -7.433  predicted   -5.013  (tail sd of log zeta 0.04)
   j=14 x~2.46e+04  E/s measured   -5.811  predicted   -4.396  (tail sd of log zeta 0.08)
   j=17 x~1.97e+05  E/s measured   -1.574  predicted   -3.957  (tail sd of log zeta 0.11)
   j=20 x~1.57e+06  E/s measured   +4.833  predicted   -3.627  (tail sd of log zeta 0.15)
   j=23 x~1.26e+07  E/s measured  +10.865  predicted   -3.372  (tail sd of log zeta 0.19)
   j=26 x~8.36e+07  E/s measured  +15.814  predicted   -3.186  (tail sd of log zeta 0.22)
dz_R_s2 rho=0.567  corr(meas,pred)=0.307
   j= 8 x~3.84e+02  E/s measured   -0.265  predicted   -0.410  (tail sd of log zeta 0.02)
   j=11 x~3.07e+03  E/s measured   -0.711  predicted   -0.296  (tail sd of log zeta 0.04)
   j=14 x~2.46e+04  E/s measured   -1.390  predicted   -0.248  (tail sd of log zeta 0.08)
   j=17 x~1.97e+05  E/s measured   +1.123  predicted   -0.222  (tail sd of log zeta 0.11)
   j=20 x~1.57e+06  E/s measured   +0.226  predicted   -0.207  (tail sd of log zeta 0.15)
   j=23 x~1.26e+07  E/s measured   +0.532  predicted   -0.197  (tail sd of log zeta 0.19)
   j=26 x~8.36e+07  E/s measured   +0.162  predicted   -0.191  (tail sd of log zeta 0.22)
dz_R_s3 rho=0.333  corr(meas,pred)=-0.100
   j= 8 x~3.84e+02  E/s measured   -0.643  predicted   -0.308  (tail sd of log zeta 0.02)
   j=11 x~3.07e+03  E/s measured   -0.532  predicted   -0.249  (tail sd of log zeta 0.04)
   j=14 x~2.46e+04  E/s measured   -0.298  predicted   -0.226  (tail sd of log zeta 0.08)
   j=17 x~1.97e+05  E/s measured   -1.531  predicted   -0.215  (tail sd of log zeta 0.11)
   j=20 x~1.57e+06  E/s measured   -0.551  predicted   -0.210  (tail sd of log zeta 0.15)
   j=23 x~1.26e+07  E/s measured   -0.165  predicted   -0.207  (tail sd of log zeta 0.19)
   j=26 x~8.36e+07  E/s measured   -1.009  predicted   -0.206  (tail sd of log zeta 0.22)
dz_R_s4 rho=0.457  corr(meas,pred)=0.034
   j= 8 x~3.84e+02  E/s measured   -0.158  predicted   -0.354  (tail sd of log zeta 0.02)
   j=11 x~3.07e+03  E/s measured   -0.285  predicted   -0.255  (tail sd of log zeta 0.04)
   j=14 x~2.46e+04  E/s measured   +0.514  predicted   -0.211  (tail sd of log zeta 0.08)
   j=17 x~1.97e+05  E/s measured   +0.766  predicted   -0.187  (tail sd of log zeta 0.11)
   j=20 x~1.57e+06  E/s measured   -1.290  predicted   -0.172  (tail sd of log zeta 0.15)
   j=23 x~1.26e+07  E/s measured   -0.028  predicted   -0.162  (tail sd of log zeta 0.19)
   j=26 x~8.36e+07  E/s measured   -0.700  predicted   -0.155  (tail sd of log zeta 0.22)
dz_R_s5 rho=0.606  corr(meas,pred)=-0.175
   j= 8 x~3.84e+02  E/s measured   -0.332  predicted   -0.431  (tail sd of log zeta 0.02)
   j=11 x~3.07e+03  E/s measured   +0.677  predicted   -0.289  (tail sd of log zeta 0.04)
   j=14 x~2.46e+04  E/s measured   -0.229  predicted   -0.223  (tail sd of log zeta 0.08)
   j=17 x~1.97e+05  E/s measured   -0.388  predicted   -0.187  (tail sd of log zeta 0.11)
   j=20 x~1.57e+06  E/s measured   +0.470  predicted   -0.163  (tail sd of log zeta 0.15)
   j=23 x~1.26e+07  E/s measured   -0.054  predicted   -0.147  (tail sd of log zeta 0.19)
   j=26 x~8.36e+07  E/s measured   +0.165  predicted   -0.136  (tail sd of log zeta 0.22)
