P_R dz_R_s1  local two-decade slopes of A_j on [1e3,1e5],[1e4,1e6],[1e5,1e7],[1e6,1e8]: 0.365 0.136 0.736 0.716
P_R dz_R_s2  local two-decade slopes of A_j on [1e3,1e5],[1e4,1e6],[1e5,1e7],[1e6,1e8]: 0.525 0.397 0.537 0.380
P_R dz_R_s3  local two-decade slopes of A_j on [1e3,1e5],[1e4,1e6],[1e5,1e7],[1e6,1e8]: 0.361 0.761 0.315 0.491
P_R dz_R_s4  local two-decade slopes of A_j on [1e3,1e5],[1e4,1e6],[1e5,1e7],[1e6,1e8]: 0.438 0.409 0.562 0.509
P_R dz_R_s5  local two-decade slopes of A_j on [1e3,1e5],[1e4,1e6],[1e5,1e7],[1e6,1e8]: 0.480 0.466 0.427 0.406
  P_R: mean 0.471, sd 0.148 over 20 (run, window) pairs
P_B dz_C_s1  local two-decade slopes of A_j on [1e3,1e5],[1e4,1e6],[1e5,1e7],[1e6,1e8]: 0.511 0.466 0.551 0.503
P_B dz_C_s2  local two-decade slopes of A_j on [1e3,1e5],[1e4,1e6],[1e5,1e7],[1e6,1e8]: 0.451 0.867 0.461 0.166
P_B dz_C_s3  local two-decade slopes of A_j on [1e3,1e5],[1e4,1e6],[1e5,1e7],[1e6,1e8]: 0.516 0.472 0.411 0.306
P_B dz_C_s4  local two-decade slopes of A_j on [1e3,1e5],[1e4,1e6],[1e5,1e7],[1e6,1e8]: 0.512 0.567 0.584 0.468
P_B dz_C_s5  local two-decade slopes of A_j on [1e3,1e5],[1e4,1e6],[1e5,1e7],[1e6,1e8]: 0.625 0.335 0.367 0.452
  P_B: mean 0.479, sd 0.139 over 20 (run, window) pairs
T_0.95 ctl_ta0  local two-decade slopes of A_j on [1e3,1e5],[1e4,1e6],[1e5,1e7],[1e6,1e8]: 0.393 0.357 0.584 0.462
T_0.95 ctl_ta0  local two-decade slopes of A_j on [1e3,1e5],[1e4,1e6],[1e5,1e7],[1e6,1e8]: 0.731 0.490 0.336 0.545
T_0.95 ctl_ta0  local two-decade slopes of A_j on [1e3,1e5],[1e4,1e6],[1e5,1e7],[1e6,1e8]: 0.452 0.534 0.379 0.512
T_0.95 ctl_ta0  local two-decade slopes of A_j on [1e3,1e5],[1e4,1e6],[1e5,1e7],[1e6,1e8]: 0.416 0.490 0.638 0.413
T_0.95 ctl_ta0  local two-decade slopes of A_j on [1e3,1e5],[1e4,1e6],[1e5,1e7],[1e6,1e8]: 0.601 0.480 0.323 0.618
  T_0.95: mean 0.488, sd 0.109 over 20 (run, window) pairs
P_det ctl_det  local two-decade slopes of A_j on [1e3,1e5],[1e4,1e6],[1e5,1e7],[1e6,1e8]: 0.391 0.412 0.425 0.441
  P_det: mean 0.417, sd 0.021 over 4 (run, window) pairs
