x= 6 kappa=0.7 1.5:0 pts=      56 grid=0.1119487944 cont=0.1357794199 rel=-1.76e-01 asym=0.065614
x= 6 kappa=0.7 1.5:1 pts=      56 grid=0.2172492075 cont=0.2136748484 rel=+1.67e-02 asym=0.39125
x= 6 kappa=1.0 1.5:0 pts=      56 grid=0.7082774257 cont=0.8173465275 rel=-1.33e-01 asym=0.38076
x= 6 kappa=1.0 1.5:1 pts=      56 grid=0.1765678612 cont=0.1939521457 rel=-8.96e-02 asym=0.12839
x= 6 kappa=2.4 1.5:0 pts=      56 grid=12.95720002 cont=14.2796861 rel=-9.26e-02 asym=9.8213
x= 6 kappa=2.4 1.5:1 pts=      56 grid=9.452777229 cont=10.38360594 rel=-8.96e-02 asym=6.8715
x= 8 kappa=0.7 1.5:0 pts=     240 grid=0.1171724591 cont=0.1257080427 rel=-6.79e-02 asym=0.075382
x= 8 kappa=0.7 1.5:1 pts=     240 grid=0.3007927867 cont=0.3076232677 rel=-2.22e-02 asym=0.4495
x= 8 kappa=1.0 1.5:0 pts=     240 grid=0.7628693364 cont=0.8046376787 rel=-5.19e-02 asym=0.43745
x= 8 kappa=1.0 1.5:1 pts=     240 grid=0.186619238 cont=0.1883502233 rel=-9.19e-03 asym=0.14751
x= 8 kappa=2.4 1.5:0 pts=     240 grid=14.79722545 cont=15.32601527 rel=-3.45e-02 asym=11.283
x= 8 kappa=2.4 1.5:1 pts=     240 grid=10.67491336 cont=10.98478198 rel=-2.82e-02 asym=7.8945
x=10 kappa=0.7 1.5:0 pts=     992 grid=0.1229203168 cont=0.1263182317 rel=-2.69e-02 asym=0.085095
x=10 kappa=0.7 1.5:1 pts=     992 grid=0.3873286979 cont=0.3914250645 rel=-1.05e-02 asym=0.50743
x=10 kappa=1.0 1.5:0 pts=     992 grid=0.810202233 cont=0.8275256436 rel=-2.09e-02 asym=0.49382
x=10 kappa=1.0 1.5:1 pts=     992 grid=0.1972491394 cont=0.1975430473 rel=-1.49e-03 asym=0.16651
x=10 kappa=2.4 1.5:0 pts=     992 grid=16.39614175 cont=16.62099378 rel=-1.35e-02 asym=12.737
x=10 kappa=2.4 1.5:1 pts=     992 grid=11.68883511 cont=11.81392718 rel=-1.06e-02 asym=8.9118
x=12 kappa=0.7 1.5:0 pts=    4032 grid=0.1294286716 cont=0.1308616353 rel=-1.10e-02 asym=0.094622
x=12 kappa=0.7 1.5:1 pts=    4032 grid=0.4678670047 cont=0.4684968009 rel=-1.34e-03 asym=0.56423
x=12 kappa=1.0 1.5:0 pts=    4032 grid=0.8566390002 cont=0.8641501201 rel=-8.69e-03 asym=0.5491
x=12 kappa=1.0 1.5:1 pts=    4032 grid=0.2113287044 cont=0.2117161473 rel=-1.83e-03 asym=0.18516
x=12 kappa=2.4 1.5:0 pts=    4032 grid=17.89398918 cont=17.99303541 rel=-5.50e-03 asym=14.163
x=12 kappa=2.4 1.5:1 pts=    4032 grid=12.65785195 cont=12.72027879 rel=-4.91e-03 asym=9.9095
x=14 kappa=0.7 1.5:0 pts=   16256 grid=0.1365509882 cont=0.1371774389 rel=-4.57e-03 asym=0.10394
x=14 kappa=0.7 1.5:1 pts=   16256 grid=0.5400295947 cont=0.5408128654 rel=-1.45e-03 asym=0.61982
x=14 kappa=1.0 1.5:0 pts=   16256 grid=0.903762273 cont=0.9071119831 rel=-3.69e-03 asym=0.6032
x=14 kappa=1.0 1.5:1 pts=   16256 grid=0.2278421458 cont=0.2278913124 rel=-2.16e-04 asym=0.2034
x=14 kappa=2.4 1.5:0 pts=   16256 grid=19.34211492 cont=19.38676227 rel=-2.30e-03 asym=15.559
x=14 kappa=2.4 1.5:1 pts=   16256 grid=13.6290007 cont=13.65421314 rel=-1.85e-03 asym=10.886
x=16 kappa=0.7 1.5:0 pts=   65280 grid=0.1441055921 cont=0.1443862093 rel=-1.94e-03 asym=0.11307
x=16 kappa=0.7 1.5:1 pts=   65280 grid=0.6091567746 cont=0.6095705356 rel=-6.79e-04 asym=0.67425
x=16 kappa=1.0 1.5:0 pts=   65280 grid=0.9517545558 cont=0.9532775509 rel=-1.60e-03 asym=0.65617
x=16 kappa=1.0 1.5:1 pts=   65280 grid=0.2449130339 cont=0.2449228485 rel=-4.01e-05 asym=0.22126
x=16 kappa=2.4 1.5:0 pts=   65280 grid=20.76021449 cont=20.78067006 rel=-9.84e-04 asym=16.925
x=16 kappa=2.4 1.5:1 pts=   65280 grid=14.58454035 cont=14.59579989 rel=-7.71e-04 asym=11.842
x=18 kappa=0.7 1.5:0 pts=  261632 grid=0.1519452061 cont=0.152073115 rel=-8.41e-04 asym=0.12202
x=18 kappa=0.7 1.5:1 pts=  261632 grid=0.6754253409 cont=0.6755456759 rel=-1.78e-04 asym=0.72762
x=18 kappa=1.0 1.5:0 pts=  261632 grid=1.000422739 cont=1.001124941 rel=-7.01e-04 asym=0.70811
x=18 kappa=1.0 1.5:1 pts=  261632 grid=0.2622895384 cont=0.2623031924 rel=-5.21e-05 asym=0.23877
x=18 kappa=2.4 1.5:0 pts=  261632 grid=22.15616184 cont=22.16564725 rel=-4.28e-04 asym=18.265
x=18 kappa=2.4 1.5:1 pts=  261632 grid=15.53049974 cont=15.53611872 rel=-3.62e-04 asym=12.779
x=20 kappa=0.7 1.5:0 pts= 1047552 grid=0.1599629845 cont=0.1600220471 rel=-3.69e-04 asym=0.13081
x=20 kappa=0.7 1.5:1 pts= 1047552 grid=0.739182224 cont=0.7392702085 rel=-1.19e-04 asym=0.78004
x=20 kappa=1.0 1.5:0 pts= 1047552 grid=1.04951735 cont=1.049844543 rel=-3.12e-04 asym=0.75912
x=20 kappa=1.0 1.5:1 pts= 1047552 grid=0.2797852332 cont=0.2797865974 rel=-4.88e-06 asym=0.25597
x=20 kappa=2.4 1.5:0 pts= 1047552 grid=23.53334402 cont=23.53778337 rel=-1.89e-04 asym=19.58
x=20 kappa=2.4 1.5:1 pts= 1047552 grid=16.46850557 cont=16.47096359 rel=-1.49e-04 asym=13.7
x=22 kappa=0.7 1.5:0 pts= 4192256 grid=0.16808469 cont=0.1681122352 rel=-1.64e-04 asym=0.13946
x=22 kappa=0.7 1.5:1 pts= 4192256 grid=0.8010785813 cont=0.8011257798 rel=-5.89e-05 asym=0.83158
x=22 kappa=1.0 1.5:0 pts= 4192256 grid=1.098823836 cont=1.098977548 rel=-1.40e-04 asym=0.80928
x=22 kappa=1.0 1.5:1 pts= 4192256 grid=0.2972476998 cont=0.297247474 rel=+7.60e-07 asym=0.27289
x=22 kappa=2.4 1.5:0 pts= 4192256 grid=24.89345604 cont=24.89554901 rel=-8.41e-05 asym=20.874
x=22 kappa=2.4 1.5:1 pts= 4192256 grid=17.39721978 cont=17.39834871 rel=-6.49e-05 asym=14.605
