== 05:28:58 python3 controls.py ta 0.90 1 1e8 data/ctl_ta0.90_s1
{"kind": "ta", "alpha": 0.9, "seed": 1, "X": 100000000.0, "n_primes": 4739696, "n_deleted": 1021759, "S_tail": -0.060959839516686556, "rho": 0.1705630864778039, "K": 1024, "J": 27}
== 05:28:59 ./dzcount data/ctl_ta0.90_s1.primes.f64 1e8 1024 27 data/ctl_ta0.90_s1.i64
{"n_primes": 4739696, "n_ginteger_gt1": 17056462, "outside_bins": 0, "max_depth": 27}
== 05:28:59 python3 analyze.py data/ctl_ta0.90_s1
{"1e3": {"sup": 0.37324865612513575, "supL": 0.41442678181836196, "ms": 0.3302467044581455, "msL": 0.37242760195625885}, "1e4": {"sup": 0.4280900807953157, "supL": 0.4642780345479385, "ms": 0.4173974818994348, "msL": 0.454318818078138}, "1e5": {"sup": 0.40400208245444236, "supL": 0.43736250149515754, "ms": 0.3590566787893129, "msL": 0.3930186916646587}, "1e6": {"sup": 0.35620648792789283, "supL": 
== 05:28:59 python3 controls.py ta 0.90 2 1e8 data/ctl_ta0.90_s2
{"kind": "ta", "alpha": 0.9, "seed": 2, "X": 100000000.0, "n_primes": 4740306, "n_deleted": 1021149, "S_tail": -0.06097667096140719, "rho": 0.09288014076280891, "K": 1024, "J": 27}
== 05:29:00 ./dzcount data/ctl_ta0.90_s2.primes.f64 1e8 1024 27 data/ctl_ta0.90_s2.i64
{"n_primes": 4740306, "n_ginteger_gt1": 9288238, "outside_bins": 0, "max_depth": 12}
== 05:29:00 python3 analyze.py data/ctl_ta0.90_s2
{"1e3": {"sup": 0.4700295480951687, "supL": 0.511207673788395, "ms": 0.4800206133501003, "msL": 0.5222015108482136}, "1e4": {"sup": 0.4021925293277046, "supL": 0.43838048308032745, "ms": 0.397847605386031, "msL": 0.434768941564734}, "1e5": {"sup": 0.30406283604328294, "supL": 0.33742325508399834, "ms": 0.22149252241452133, "msL": 0.2554545352898673}, "1e6": {"sup": 0.4215348218471756, "supL": 0.45
== 05:29:00 python3 controls.py ta 0.90 3 1e8 data/ctl_ta0.90_s3
{"kind": "ta", "alpha": 0.9, "seed": 3, "X": 100000000.0, "n_primes": 4739641, "n_deleted": 1021814, "S_tail": -0.06096851385124217, "rho": 0.07818470548787773, "K": 1024, "J": 27}
== 05:29:01 ./dzcount data/ctl_ta0.90_s3.primes.f64 1e8 1024 27 data/ctl_ta0.90_s3.i64
{"n_primes": 4739641, "n_ginteger_gt1": 7818914, "outside_bins": 0, "max_depth": 7}
== 05:29:01 python3 analyze.py data/ctl_ta0.90_s3
{"1e3": {"sup": 0.48509563777356046, "supL": 0.5262737634667868, "ms": 0.4943905011458509, "msL": 0.5365713986439642}, "1e4": {"sup": 0.4481753805065909, "supL": 0.48436333425921363, "ms": 0.4404069314734539, "msL": 0.4773282676521569}, "1e5": {"sup": 0.38702910387713335, "supL": 0.42038952291784865, "ms": 0.3956825925408818, "msL": 0.4296446054162278}, "1e6": {"sup": 0.3209542250524057, "supL": 0
== 05:29:01 python3 controls.py ta 0.90 4 1e8 data/ctl_ta0.90_s4
{"kind": "ta", "alpha": 0.9, "seed": 4, "X": 100000000.0, "n_primes": 4739861, "n_deleted": 1021594, "S_tail": -0.060965256447287355, "rho": 0.11816491691792572, "K": 1024, "J": 27}
== 05:29:02 ./dzcount data/ctl_ta0.90_s4.primes.f64 1e8 1024 27 data/ctl_ta0.90_s4.i64
{"n_primes": 4739861, "n_ginteger_gt1": 11816824, "outside_bins": 0, "max_depth": 17}
== 05:29:02 python3 analyze.py data/ctl_ta0.90_s4
{"1e3": {"sup": 0.45074257192325007, "supL": 0.49192069761647633, "ms": 0.44485176973108875, "msL": 0.48703266722920213}, "1e4": {"sup": 0.46875353735805736, "supL": 0.5049414911106802, "ms": 0.48504251110846563, "msL": 0.5219638472871688}, "1e5": {"sup": 0.4969506815339881, "supL": 0.530311100574703, "ms": 0.4913727502960495, "msL": 0.5253347631713955}, "1e6": {"sup": 0.5420267188445463, "supL": 
== 05:29:02 python3 controls.py ta 0.90 5 1e8 data/ctl_ta0.90_s5
{"kind": "ta", "alpha": 0.9, "seed": 5, "X": 100000000.0, "n_primes": 4739892, "n_deleted": 1021563, "S_tail": -0.06097420469977747, "rho": 0.08204613730671058, "K": 1024, "J": 27}
== 05:29:03 ./dzcount data/ctl_ta0.90_s5.primes.f64 1e8 1024 27 data/ctl_ta0.90_s5.i64
{"n_primes": 4739892, "n_ginteger_gt1": 8204808, "outside_bins": 0, "max_depth": 10}
== 05:29:03 python3 analyze.py data/ctl_ta0.90_s5
{"1e3": {"sup": 0.44496244932507917, "supL": 0.4861405750183055, "ms": 0.4645659989088007, "msL": 0.506746896406914}, "1e4": {"sup": 0.4508360010862145, "supL": 0.48702395483883754, "ms": 0.4694252351753873, "msL": 0.5063465713540906}, "1e5": {"sup": 0.44729290397594956, "supL": 0.48065332301666475, "ms": 0.46160524519750756, "msL": 0.4955672580728537}, "1e6": {"sup": 0.5446403454600259, "supL": 0
== 05:29:03 python3 controls.py ta 0.95 1 1e8 data/ctl_ta0.95_s1
{"kind": "ta", "alpha": 0.95, "seed": 1, "X": 100000000.0, "n_primes": 3340282, "n_deleted": 2421173, "S_tail": -0.2509010067176219, "rho": 0.04517657307254264, "K": 1024, "J": 27}
== 05:29:04 ./dzcount data/ctl_ta0.95_s1.primes.f64 1e8 1024 27 data/ctl_ta0.95_s1.i64
{"n_primes": 3340282, "n_ginteger_gt1": 4519520, "outside_bins": 0, "max_depth": 8}
== 05:29:04 python3 analyze.py data/ctl_ta0.95_s1
{"1e3": {"sup": 0.49780048289550277, "supL": 0.5389786085887288, "ms": 0.5014708625516983, "msL": 0.5436517600498114}, "1e4": {"sup": 0.5176331581272743, "supL": 0.5538211118798971, "ms": 0.5278708734577527, "msL": 0.5647922096364557}, "1e5": {"sup": 0.5426967714440694, "supL": 0.5760571904847842, "ms": 0.5514573220893091, "msL": 0.5854193349646551}, "1e6": {"sup": 0.4622713189600314, "supL": 0.49
== 05:29:04 python3 controls.py ta 0.95 2 1e8 data/ctl_ta0.95_s2
{"kind": "ta", "alpha": 0.95, "seed": 2, "X": 100000000.0, "n_primes": 3339139, "n_deleted": 2422316, "S_tail": -0.25091001028883186, "rho": 0.05186306391635557, "K": 1024, "J": 27}
== 05:29:05 ./dzcount data/ctl_ta0.95_s2.primes.f64 1e8 1024 27 data/ctl_ta0.95_s2.i64
{"n_primes": 3339139, "n_ginteger_gt1": 5188604, "outside_bins": 0, "max_depth": 10}
== 05:29:05 python3 analyze.py data/ctl_ta0.95_s2
{"1e3": {"sup": 0.5204353274354323, "supL": 0.5616134531286585, "ms": 0.5455396482493592, "msL": 0.5877205457474725}, "1e4": {"sup": 0.44774038066348876, "supL": 0.48392833441611166, "ms": 0.45213249846493303, "msL": 0.489053834643636}, "1e5": {"sup": 0.45170692517387456, "supL": 0.4850673442145895, "ms": 0.45728933094767976, "msL": 0.49125134382302577}, "1e6": {"sup": 0.5359628287332789, "supL": 
== 05:29:05 python3 controls.py ta 0.95 3 1e8 data/ctl_ta0.95_s3
{"kind": "ta", "alpha": 0.95, "seed": 3, "X": 100000000.0, "n_primes": 3337154, "n_deleted": 2424301, "S_tail": -0.2509106545825546, "rho": 0.04168709294032091, "K": 1024, "J": 27}
== 05:29:06 ./dzcount data/ctl_ta0.95_s3.primes.f64 1e8 1024 27 data/ctl_ta0.95_s3.i64
{"n_primes": 3337154, "n_ginteger_gt1": 4166586, "outside_bins": 0, "max_depth": 5}
== 05:29:06 python3 analyze.py data/ctl_ta0.95_s3
{"1e3": {"sup": 0.47919329389863835, "supL": 0.5203714195918646, "ms": 0.47380782346701206, "msL": 0.5159887209651254}, "1e4": {"sup": 0.46553912708772627, "supL": 0.5017270808403492, "ms": 0.45248529723906583, "msL": 0.4894066334177692}, "1e5": {"sup": 0.439557766295841, "supL": 0.4729181853365559, "ms": 0.45883217664604437, "msL": 0.4927941895213905}, "1e6": {"sup": 0.45917550786865297, "supL": 
== 05:29:06 python3 controls.py ta 0.95 4 1e8 data/ctl_ta0.95_s4
{"kind": "ta", "alpha": 0.95, "seed": 4, "X": 100000000.0, "n_primes": 3337838, "n_deleted": 2423617, "S_tail": -0.2508936904931373, "rho": 0.04550461171212429, "K": 1024, "J": 27}
== 05:29:07 ./dzcount data/ctl_ta0.95_s4.primes.f64 1e8 1024 27 data/ctl_ta0.95_s4.i64
{"n_primes": 3337838, "n_ginteger_gt1": 4549643, "outside_bins": 0, "max_depth": 8}
== 05:29:07 python3 analyze.py data/ctl_ta0.95_s4
{"1e3": {"sup": 0.49667251061825274, "supL": 0.5378506363114789, "ms": 0.5001115705090746, "msL": 0.542292468007188}, "1e4": {"sup": 0.5188720494470909, "supL": 0.5550600031997135, "ms": 0.5320950317498471, "msL": 0.5690163679285503}, "1e5": {"sup": 0.5162799300636599, "supL": 0.549640349104375, "ms": 0.5247792809938414, "msL": 0.5587412938691875}, "1e6": {"sup": 0.40817832526711323, "supL": 0.439
== 05:29:07 python3 controls.py ta 0.95 5 1e8 data/ctl_ta0.95_s5
{"kind": "ta", "alpha": 0.95, "seed": 5, "X": 100000000.0, "n_primes": 3337598, "n_deleted": 2423857, "S_tail": -0.25090191356294017, "rho": 0.043218357384136104, "K": 1024, "J": 27}
== 05:29:08 ./dzcount data/ctl_ta0.95_s5.primes.f64 1e8 1024 27 data/ctl_ta0.95_s5.i64
{"n_primes": 3337598, "n_ginteger_gt1": 4320909, "outside_bins": 0, "max_depth": 6}
== 05:29:08 python3 analyze.py data/ctl_ta0.95_s5
{"1e3": {"sup": 0.4911810348463553, "supL": 0.5323591605395817, "ms": 0.5103375336103916, "msL": 0.552518431108505}, "1e4": {"sup": 0.45960164621204125, "supL": 0.49578959996466415, "ms": 0.4654448605939013, "msL": 0.5023661967726043}, "1e5": {"sup": 0.4809186407411919, "supL": 0.5142790597819071, "ms": 0.48916205236477994, "msL": 0.523124065240126}, "1e6": {"sup": 0.6175364953199206, "supL": 0.64
== 05:29:08 done
