instance A: a_0(0) = -0.593723; int|u||sigma_0| = 2.7363; exact kappa_0 = 0.10000000000000009
  primal check, w = B-spline in [-U1,U1]:  tau-space 2 + int what a_0/what(0) = 0.100000 (quad err 6.6e-08);  u-space 2 + int w dsigma_0/int w = 0.100000;  exact 0.1
instance A dual LP, hu = 0.02, U = 3, Tmax = 60
  round  0: rows    881  d = 1.90000001  kappa_lp = 0.09999999  min psi(fine) = -1.753e-07  violations 0  [0.3s]
  max s_k = 1.6586 (S_max = 1000.0); min s_k = -1.9000 (-d = -1.9000); hu*sum|s| = 2.1838
instance A dual LP, hu = 0.01, U = 3, Tmax = 60
  round  0: rows    881  d = 1.90000000  kappa_lp = 0.10000000  min psi(fine) = -1.154e-07  violations 0  [1.4s]
  max s_k = 3.4863 (S_max = 1000.0); min s_k = -1.9000 (-d = -1.9000); hu*sum|s| = 2.1768
instance A primal (squares family)
  start 0: R = 0.10000677  (nit 116, CONVERGENCE: REL_REDUCTION_OF_F_<=_FACTR)
  start 1: R = 0.10000677  (nit 400, CONVERGENCE: REL_REDUCTION_OF_F_<=_FACTR)
  start 2: R = 0.10000677  (nit 555, CONVERGENCE: REL_REDUCTION_OF_F_<=_FACTR)
  start 3: R = 0.10000677  (nit 58, CONVERGENCE: REL_REDUCTION_OF_F_<=_FACTR)
  start 4: R = 0.10000677  (nit 73, CONVERGENCE: REL_REDUCTION_OF_F_<=_FACTR)
  primal best 0.10000677  [X = 15.0, hx = 0.05, n = 600, 0.1s]
  X = 15.0: primal value 0.10000677, re-evaluated with 24-point quadrature 0.10000677
  start 0: R = 0.10000144  (nit 1239, CONVERGENCE: REL_REDUCTION_OF_F_<=_FACTR)
  start 1: R = 0.10000144  (nit 2428, CONVERGENCE: REL_REDUCTION_OF_F_<=_FACTR)
  start 2: R = 0.10000144  (nit 2393, CONVERGENCE: REL_REDUCTION_OF_F_<=_FACTR)
  start 3: R = 0.10000144  (nit 579, CONVERGENCE: REL_REDUCTION_OF_F_<=_FACTR)
  start 4: R = 0.10000144  (nit 865, CONVERGENCE: REL_REDUCTION_OF_F_<=_FACTR)
  primal best 0.10000144  [X = 29.0, hx = 0.05, n = 1160, 1.0s]
  X = 29.0: primal value 0.10000144, re-evaluated with 24-point quadrature 0.10000144
instance A bracket: [0.100000, 0.100001] vs exact 0.1 -> gap 1.44e-06 (0.00% of the answer)
instance B (a_0 + growing tail p), dual LP hu = 0.01, U = 3, Tmax = 200
  round  0: rows   2401  d = 1.90000001  kappa_lp = 0.09999999  min psi(fine) = -3.676e-04  violations 11  [9.2s]
  round  1: rows   2412  d = 1.90000001  kappa_lp = 0.09999999  min psi(fine) = -4.499e-04  violations 7  [20.0s]
  round  2: rows   2419  d = 1.90000001  kappa_lp = 0.09999999  min psi(fine) = -9.567e-05  violations 3  [28.3s]
  round  3: rows   2422  d = 1.90000001  kappa_lp = 0.09999999  min psi(fine) = -2.164e-07  violations 0  [35.2s]
  max s_k = 3.0840 (S_max = 1000.0); min s_k = -1.9000 (-d = -1.9000); hu*sum|s| = 2.1770
  active taus (first 40): [0.0, 0.05, 0.1, 0.15, 0.2, 0.25, 0.3, 0.35, 0.4, 0.45, 0.5, 0.55, 0.6, 0.65, 0.7, 0.75, 0.8, 0.85, 0.9, 0.95, 1.0, 1.05, 1.1, 1.15, 1.2, 1.25, 1.3, 1.35, 1.4, 1.45, 1.5, 1.55, 1.6, 1.65, 1.7, 1.75, 1.8, 1.85, 1.9, 1.95]
  NEGATIVE psi' found at depth 0: min -1.839e-06
  verify: L = 5.539 (2pi a' 2.780, sigma 2.758), cells checked 20000, depth 0, min psi' on grid -1.839e-06, tail: 2pi a_min(200.0) = 1.2034 vs sup|sigmahat| <= 4.3350 -> FAIL  [0.0s]
  certified kappa_lb(B) = None  (LP value 0.100000, repair cost eta = 1e-4)
instance B primal
  start 0: R = 0.10000144  (nit 1239, CONVERGENCE: REL_REDUCTION_OF_F_<=_FACTR)
  start 1: R = 0.10000144  (nit 2428, CONVERGENCE: REL_REDUCTION_OF_F_<=_FACTR)
  start 2: R = 0.10000144  (nit 2393, CONVERGENCE: REL_REDUCTION_OF_F_<=_FACTR)
  start 3: R = 0.10000144  (nit 579, CONVERGENCE: REL_REDUCTION_OF_F_<=_FACTR)
  start 4: R = 0.10000144  (nit 865, CONVERGENCE: REL_REDUCTION_OF_F_<=_FACTR)
  primal best 0.10000144  [X = 29.0, hx = 0.05, n = 1160, 1.0s]
instance B bracket: [None, 0.100001] vs known [0.1, 0.1 + delta] -> gap 1.00e-01 (100.00%)
instance C (Gaussian), dual LP hu = 0.01, U = 6, Tmax = 40 (window)
  round  0: rows   2001  d = 1.24984204  kappa_lp = 0.75015796  min psi(fine) = -3.552e-05  violations 18  [12.4s]
  round  1: rows   2019  d = 1.24984207  kappa_lp = 0.75015793  min psi(fine) = -1.087e-06  violations 3  [24.4s]
  round  2: rows   2022  d = 1.24984199  kappa_lp = 0.75015801  min psi(fine) = -3.177e-07  violations 0  [33.7s]
  max s_k = 15.6125 (S_max = 1000.0); min s_k = -1.2498 (-d = -1.2498); hu*sum|s| = 10.2713
  start 0: R = 0.74845215  (nit 48, CONVERGENCE: REL_REDUCTION_OF_F_<=_FACTR)
  start 1: R = 0.74845215  (nit 105, CONVERGENCE: REL_REDUCTION_OF_F_<=_FACTR)
  start 2: R = 0.74845215  (nit 87, CONVERGENCE: REL_REDUCTION_OF_F_<=_FACTR)
  start 3: R = 0.74845215  (nit 43, CONVERGENCE: REL_REDUCTION_OF_F_<=_FACTR)
  start 4: R = 0.74845215  (nit 41, CONVERGENCE: REL_REDUCTION_OF_F_<=_FACTR)
  primal best 0.74845215  [X = 29.0, hx = 0.05, n = 1160, 0.1s]
instance C bracket: [0.750158, 0.748452] vs exact 0.746686 -> gap -1.71e-03 (-0.23%)
done in 73.1s
