200 zeros; U = 6.0, hu = 0.01, eps list [0.01, 0.001, 0.0001, 1e-05]
=== eps = 1.0e-02 (relaxation weight 2(1-eps)/eps = 1.980e+02)
  round  0: rows   2721  d = 2.00000037  kappa_lp = -0.00000037  min psi(fine) = -7.959e-01  violations 428  [59.6s]
  round  1: rows   3021  d = 2.00003667  kappa_lp = -0.00003667  min psi(fine) = -6.266e-03  violations 94  [117.8s]
  round  2: rows   3115  d = 2.00003849  kappa_lp = -0.00003849  min psi(fine) = -8.013e-08  violations 0  [167.3s]
  max s_k = 73.4031 (S_max = 1000.0); min s_k = -2.0000 (-d = -2.0000); hu*sum|s| = 19.2196
  kappa~_lp = -0.000038  ->  kappa >= eps * kappa~ = -3.8487e-07 (uncertified); active taus: [0.0, 0.928, 0.93, 1.858, 1.86, 2.786, 2.788, 3.714, 3.716, 3.718, 4.642, 4.644, 5.568, 5.57, 6.492, 6.494, 7.41, 7.412, 7.414, 8.328, 8.33, 9.236, 9.238, 10.136, 10.138, 11.02, 11.022, 11.886, 11.888, 16.896] (38)
  CERTIFIED: False; kappa_cert = None  [167.3s]
=== eps = 1.0e-03 (relaxation weight 2(1-eps)/eps = 1.998e+03)
  round  0: rows   2721  d = 1.99371923  kappa_lp = 0.00628077  min psi(fine) = -4.295e-03  violations 301  [57.5s]
  round  1: rows   3021  d = 1.99375279  kappa_lp = 0.00624721  min psi(fine) = -6.979e-04  violations 28  [111.8s]
  round  2: rows   3049  d = 1.99375289  kappa_lp = 0.00624711  min psi(fine) = -9.484e-08  violations 0  [158.5s]
  max s_k = 89.6840 (S_max = 1000.0); min s_k = -1.9938 (-d = -1.9938); hu*sum|s| = 19.2326
  kappa~_lp = 0.006247  ->  kappa >= eps * kappa~ = 6.2471e-06 (uncertified); active taus: [0.0, 0.908, 0.91, 1.818, 1.82, 2.728, 2.73, 3.634, 3.636, 3.638, 4.544, 4.546, 5.446, 5.448, 5.45, 6.344, 6.346, 7.234, 7.236, 7.238, 8.12, 8.122, 8.992, 8.994, 9.846, 9.848, 10.676, 10.678, 11.466, 17.146] (30)
    verify: eta = 2.0e-05, cells 7114596, depth 17, min psi~ 1.095e-05, tail 5.070 vs 1.538 -> ok
  CERTIFIED: True; kappa_cert = 6.227114651500186e-06  [253.9s]
=== eps = 1.0e-04 (relaxation weight 2(1-eps)/eps = 2.000e+04)
  round  0: rows   2721  d = 1.98446876  kappa_lp = 0.01553124  min psi(fine) = -2.495e-03  violations 288  [53.5s]
  round  1: rows   3009  d = 1.98450465  kappa_lp = 0.01549535  min psi(fine) = -8.798e-08  violations 0  [103.1s]
  max s_k = 94.6610 (S_max = 1000.0); min s_k = -1.9845 (-d = -1.9845); hu*sum|s| = 20.4159
  kappa~_lp = 0.015495  ->  kappa >= eps * kappa~ = 1.5495e-06 (uncertified); active taus: [0.0, 0.912, 0.914, 1.826, 1.828, 2.74, 2.742, 3.65, 3.652, 3.654, 4.56, 4.562, 4.564, 5.468, 5.47, 6.37, 6.372, 6.374, 7.266, 7.268, 8.152, 8.154, 9.024, 9.026, 9.876, 9.878, 10.69, 10.692] (28)
    verify: eta = 2.0e-05, cells 6933618, depth 17, min psi~ 1.581e-05, tail 5.070 vs 1.632 -> ok
  CERTIFIED: True; kappa_cert = 1.547535193680396e-06  [197.9s]
=== eps = 1.0e-05 (relaxation weight 2(1-eps)/eps = 2.000e+05)
  round  0: rows   2721  d = 1.96974911  kappa_lp = 0.03025089  min psi(fine) = -1.180e-03  violations 260  [34.9s]
  round  1: rows   2981  d = 1.96978145  kappa_lp = 0.03021855  min psi(fine) = -8.097e-08  violations 0  [104.1s]
  max s_k = 92.8234 (S_max = 1000.0); min s_k = -1.9698 (-d = -1.9698); hu*sum|s| = 20.7461
  kappa~_lp = 0.030219  ->  kappa >= eps * kappa~ = 3.0219e-07 (uncertified); active taus: [0.0, 0.916, 0.918, 1.834, 1.836, 2.752, 2.754, 3.666, 3.668, 3.67, 4.582, 4.584, 4.586, 5.494, 5.496, 6.396, 6.398, 6.4, 7.296, 7.298, 7.3, 8.182, 8.184, 9.05, 9.052, 9.886, 9.888] (27)
    verify: eta = 2.0e-05, cells 7535988, depth 17, min psi~ 1.829e-05, tail 5.070 vs 1.659 -> ok
  CERTIFIED: True; kappa_cert = 3.019854832642235e-07  [193.4s]
done in 827.4s
