200 zeros; U = 24.0, hu = 0.04, eps list [0.001, 0.002]
=== eps = 1.0e-03 (relaxation weight 2(1-eps)/eps = 1.998e+03)
  round  0: rows   2721  d = 1.98965217  kappa_lp = 0.01034783  min psi(fine) = -3.261e-02  violations 341  [39.2s]
  round  1: rows   3021  d = 1.98965190  kappa_lp = 0.01034810  min psi(fine) = -1.097e-05  violations 210  [89.8s]
  round  2: rows   3231  d = 1.98965216  kappa_lp = 0.01034784  min psi(fine) = -4.870e-03  violations 5  [140.4s]
  round  3: rows   3236  d = 1.98965260  kappa_lp = 0.01034740  min psi(fine) = -8.586e-08  violations 0  [202.4s]
  max s_k = 22.9569 (S_max = 1000.0); min s_k = -1.9897 (-d = -1.9897); hu*sum|s| = 42.9864
  kappa~_lp = 0.010347  ->  kappa >= eps * kappa~ = 1.0347e-05 (uncertified); active taus: [0.0, 0.05, 0.1, 0.15, 0.2, 0.25, 0.3, 0.35, 0.4, 0.45, 0.5, 0.55, 0.6, 0.65, 0.7, 0.75, 0.8, 0.85, 0.9, 0.95, 1.0, 1.05, 1.1, 1.15, 1.2, 1.25, 1.3, 1.35, 1.4, 1.45] (286)
    NEGATIVE psi at depth 2: min -2.037e-05 near tau = 11.9750
    verify: eta = 2.0e-05, cells 107814, depth 2, min psi~ -2.037e-05, tail 5.070 vs 0.215 -> ok
    NEGATIVE psi at depth 2: min -1.926e-05 near tau = 11.9750
    verify: eta = 1.0e-04, cells 107814, depth 2, min psi~ -1.926e-05, tail 5.070 vs 0.215 -> ok
    NEGATIVE psi at depth 2: min -1.511e-05 near tau = 11.9750
    verify: eta = 4.0e-04, cells 107814, depth 2, min psi~ -1.511e-05, tail 5.070 vs 0.215 -> ok
    NEGATIVE psi at depth 4: min -1.063e-05 near tau = 11.9763
    verify: eta = 1.6e-03, cells 136952, depth 4, min psi~ -1.063e-05, tail 5.070 vs 0.215 -> ok
    verify: eta = 6.4e-03, cells 32137386, depth 17, min psi~ 5.487e-05, tail 5.070 vs 0.215 -> ok
  CERTIFIED: True; kappa_cert = 3.9473976458552385e-06  [827.8s]
=== eps = 2.0e-03 (relaxation weight 2(1-eps)/eps = 9.980e+02)
  round  0: rows   2721  d = 1.99165627  kappa_lp = 0.00834373  min psi(fine) = -1.406e-02  violations 355  [75.8s]
