=== pre-run cleanup, family: Tue Sep 29 00:05:37 IST 2026 ===
.lake/build/ir/Challenge/WeilContainmentOne.c
.lake/build/ir/Challenge/WeilContainmentOne.c.hash
.lake/build/ir/Challenge/WeilContainmentOne.setup.json
.lake/build/ir/ChallengeDeps/WeilContainment.c
.lake/build/ir/ChallengeDeps/WeilContainment.c.hash
.lake/build/ir/ChallengeDeps/WeilContainment.setup.json
.lake/build/ir/Solution/WeilContainment.c
.lake/build/ir/Solution/WeilContainment.c.hash
.lake/build/ir/Solution/WeilContainment.setup.json
.lake/build/ir/Solution/WeilContainmentOne.c
.lake/build/ir/Solution/WeilContainmentOne.c.hash
.lake/build/ir/Solution/WeilContainmentOne.setup.json
.lake/build/lib/lean/Challenge/WeilContainmentOne.ilean
.lake/build/lib/lean/Challenge/WeilContainmentOne.ilean.hash
.lake/build/lib/lean/Challenge/WeilContainmentOne.olean
.lake/build/lib/lean/Challenge/WeilContainmentOne.olean.hash
.lake/build/lib/lean/Challenge/WeilContainmentOne.trace
.lake/build/lib/lean/ChallengeDeps/WeilContainment.ilean
.lake/build/lib/lean/ChallengeDeps/WeilContainment.ilean.hash
.lake/build/lib/lean/ChallengeDeps/WeilContainment.olean
.lake/build/lib/lean/ChallengeDeps/WeilContainment.olean.hash
.lake/build/lib/lean/ChallengeDeps/WeilContainment.trace
.lake/build/lib/lean/Solution/WeilContainment.ilean
.lake/build/lib/lean/Solution/WeilContainment.ilean.hash
.lake/build/lib/lean/Solution/WeilContainment.olean
.lake/build/lib/lean/Solution/WeilContainment.olean.hash
.lake/build/lib/lean/Solution/WeilContainment.trace
.lake/build/lib/lean/Solution/WeilContainmentOne.ilean
.lake/build/lib/lean/Solution/WeilContainmentOne.ilean.hash
.lake/build/lib/lean/Solution/WeilContainmentOne.olean
.lake/build/lib/lean/Solution/WeilContainmentOne.olean.hash
.lake/build/lib/lean/Solution/WeilContainmentOne.trace
remaining:        0

=== pre-run cleanup, family, SECOND run: Tue Sep 29 00:12:05 IST 2026 ===
.lake/build/ir/Challenge/WeilContainment.c
.lake/build/ir/Challenge/WeilContainment.c.hash
.lake/build/ir/Challenge/WeilContainment.setup.json
.lake/build/ir/ChallengeDeps/WeilContainment.c
.lake/build/ir/ChallengeDeps/WeilContainment.c.hash
.lake/build/ir/ChallengeDeps/WeilContainment.setup.json
.lake/build/ir/Solution/WeilContainment.c
.lake/build/ir/Solution/WeilContainment.c.hash
.lake/build/ir/Solution/WeilContainment.setup.json
.lake/build/lib/lean/Challenge/WeilContainment.ilean
.lake/build/lib/lean/Challenge/WeilContainment.ilean.hash
.lake/build/lib/lean/Challenge/WeilContainment.olean
.lake/build/lib/lean/Challenge/WeilContainment.olean.hash
.lake/build/lib/lean/Challenge/WeilContainment.trace
.lake/build/lib/lean/ChallengeDeps/WeilContainment.ilean
.lake/build/lib/lean/ChallengeDeps/WeilContainment.ilean.hash
.lake/build/lib/lean/ChallengeDeps/WeilContainment.olean
.lake/build/lib/lean/ChallengeDeps/WeilContainment.olean.hash
.lake/build/lib/lean/ChallengeDeps/WeilContainment.trace
.lake/build/lib/lean/Solution/WeilContainment.ilean
.lake/build/lib/lean/Solution/WeilContainment.ilean.hash
.lake/build/lib/lean/Solution/WeilContainment.olean
.lake/build/lib/lean/Solution/WeilContainment.olean.hash
.lake/build/lib/lean/Solution/WeilContainment.trace
remaining:        0
