=== print axioms, family: Tue Sep 29 00:05:04 IST 2026 ===
'weilContainment_identity' depends on axioms: [propext, Classical.choice, Quot.sound]
'weilContainment_cutoff' depends on axioms: [propext, Classical.choice, Quot.sound]
'weilContainment_tilt_bounds' depends on axioms: [propext, Classical.choice, Quot.sound]
'weilContainment_tilt_pos' depends on axioms: [propext, Classical.choice, Quot.sound]
'weilContainment_tilt_inv' depends on axioms: [propext, Classical.choice, Quot.sound]
'weilContainment_even' depends on axioms: [propext, Classical.choice, Quot.sound]
'weilContainment_tsupport' depends on axioms: [propext, Classical.choice, Quot.sound]
'weilContainment_tsupport_eq' depends on axioms: [propext, Classical.choice, Quot.sound]
'weilContainment_continuous' depends on axioms: [propext, Classical.choice, Quot.sound]
'weilContainment_exact' depends on axioms: [propext, Classical.choice, Quot.sound]
'weilContainment_range_eq' depends on axioms: [propext, Classical.choice, Quot.sound]
exit: 0

=== print axioms, family, SECOND section (12 statements, after weilContainment_not_contDiff was added): Tue Sep 29 00:12:01 IST 2026 ===
'weilContainment_identity' depends on axioms: [propext, Classical.choice, Quot.sound]
'weilContainment_cutoff' depends on axioms: [propext, Classical.choice, Quot.sound]
'weilContainment_tilt_bounds' depends on axioms: [propext, Classical.choice, Quot.sound]
'weilContainment_tilt_pos' depends on axioms: [propext, Classical.choice, Quot.sound]
'weilContainment_tilt_inv' depends on axioms: [propext, Classical.choice, Quot.sound]
'weilContainment_even' depends on axioms: [propext, Classical.choice, Quot.sound]
'weilContainment_tsupport' depends on axioms: [propext, Classical.choice, Quot.sound]
'weilContainment_tsupport_eq' depends on axioms: [propext, Classical.choice, Quot.sound]
'weilContainment_continuous' depends on axioms: [propext, Classical.choice, Quot.sound]
'weilContainment_exact' depends on axioms: [propext, Classical.choice, Quot.sound]
'weilContainment_range_eq' depends on axioms: [propext, Classical.choice, Quot.sound]
'weilContainment_not_contDiff' depends on axioms: [propext, Classical.choice, Quot.sound]
exit: 0
