=== statement identity (tools/statement_identity_d5.py = verify-iii/statement_identity_m4iii.py, byte copy): Tue Sep 29 00:05:27 IST 2026 ===
(an earlier run at 00:05 passed the eleven names as ONE word — zsh word splitting — and reported a spurious DIFFER; superseded by this run)
--- topic WeilContainmentOne, tree /Users/jaytyagi/rh-lean-work/checker-clone-s21 ---
weilContainment_identity_one                  challenge   126 bytes, solution   126 bytes: IDENTICAL
    theorem weilContainment_identity_one :
        ∀ g : ℝ → ℂ, (∀ u, g (-u) = g u) → tiltedPrimeSide 1 g = primeSide (weilTestOf 1 g)
RESULT: PASS
exit: 0
--- topic WeilContainment, tree /Users/jaytyagi/rh-lean-work/checker-clone-s21 ---
weilContainment_identity                      challenge   138 bytes, solution   138 bytes: IDENTICAL
    theorem weilContainment_identity :
        ∀ (a : ℝ) (g : ℝ → ℂ), (∀ u, g (-u) = g u) →
          tiltedPrimeSide a g = primeSide (weilTestOf a g)
weilContainment_cutoff                        challenge   258 bytes, solution   258 bytes: IDENTICAL
    theorem weilContainment_cutoff :
        ∀ (a L : ℝ) (g : ℝ → ℂ), tsupport g ⊆ Set.Icc (-L) L →
          tiltedPrimeSide a g = ∑ n ∈ Finset.range (⌊Real.exp L⌋₊ + 1),
            ((ArithmeticFunction.vonMangoldt n : ℝ) : ℂ) * (((n : ℝ) ^ (-a) : ℝ) : ℂ) * g (Real.log n)
weilContainment_tilt_bounds                   challenge   153 bytes, solution   153 bytes: IDENTICAL
    theorem weilContainment_tilt_bounds :
        ∀ (a L u : ℝ), |u| ≤ L →
          Real.exp (-(|a - 1 / 2| * L)) ≤ tilt a u ∧ tilt a u ≤ Real.exp (|a - 1 / 2| * L)
weilContainment_tilt_pos                      challenge    60 bytes, solution    60 bytes: IDENTICAL
    theorem weilContainment_tilt_pos : ∀ (a u : ℝ), 0 < tilt a u
weilContainment_tilt_inv                      challenge    77 bytes, solution    77 bytes: IDENTICAL
    theorem weilContainment_tilt_inv : ∀ (a u : ℝ), tilt a u * tilt (1 - a) u = 1
weilContainment_even                          challenge   123 bytes, solution   123 bytes: IDENTICAL
    theorem weilContainment_even :
        ∀ (a : ℝ) (g : ℝ → ℂ), (∀ u, g (-u) = g u) → ∀ u, weilTestOf a g (-u) = weilTestOf a g u
weilContainment_tsupport                      challenge   100 bytes, solution   100 bytes: IDENTICAL
    theorem weilContainment_tsupport :
        ∀ (a : ℝ) (g : ℝ → ℂ), tsupport (weilTestOf a g) ⊆ tsupport g
weilContainment_tsupport_eq                   challenge   103 bytes, solution   103 bytes: IDENTICAL
    theorem weilContainment_tsupport_eq :
        ∀ (a : ℝ) (g : ℝ → ℂ), tsupport (weilTestOf a g) = tsupport g
weilContainment_continuous                    challenge   106 bytes, solution   106 bytes: IDENTICAL
    theorem weilContainment_continuous :
        ∀ (a : ℝ) (g : ℝ → ℂ), Continuous g → Continuous (weilTestOf a g)
weilContainment_exact                         challenge   217 bytes, solution   217 bytes: IDENTICAL
    theorem weilContainment_exact :
        ∀ (a L : ℝ) (k : ℝ → ℂ), (∀ u, k (-u) = k u) → tsupport k ⊆ Set.Icc (-L) L →
          ∃ g : ℝ → ℂ, (∀ u, g (-u) = g u) ∧ tsupport g ⊆ Set.Icc (-L) L ∧ primeSide k = tiltedPrimeSide a g
weilContainment_range_eq                      challenge   255 bytes, solution   255 bytes: IDENTICAL
    theorem weilContainment_range_eq :
        ∀ (a L : ℝ),
          {x : ℂ | ∃ g : ℝ → ℂ, (∀ u, g (-u) = g u) ∧ tsupport g ⊆ Set.Icc (-L) L ∧ x = tiltedPrimeSide a g} =
          {x : ℂ | ∃ k : ℝ → ℂ, (∀ u, k (-u) = k u) ∧ tsupport k ⊆ Set.Icc (-L) L ∧ x = primeSide k}
RESULT: PASS
exit: 0
--- the same two on the mirror rh-program/lean (RESULT lines) ---
RESULT: PASS
RESULT: PASS

=== statement identity, SECOND section (12 family names): Tue Sep 29 00:12:05 IST 2026 ===
weilContainment_identity_one                  challenge   126 bytes, solution   126 bytes: IDENTICAL
RESULT: PASS
weilContainment_identity                      challenge   138 bytes, solution   138 bytes: IDENTICAL
weilContainment_cutoff                        challenge   258 bytes, solution   258 bytes: IDENTICAL
weilContainment_tilt_bounds                   challenge   153 bytes, solution   153 bytes: IDENTICAL
weilContainment_tilt_pos                      challenge    60 bytes, solution    60 bytes: IDENTICAL
weilContainment_tilt_inv                      challenge    77 bytes, solution    77 bytes: IDENTICAL
weilContainment_even                          challenge   123 bytes, solution   123 bytes: IDENTICAL
weilContainment_tsupport                      challenge   100 bytes, solution   100 bytes: IDENTICAL
weilContainment_tsupport_eq                   challenge   103 bytes, solution   103 bytes: IDENTICAL
weilContainment_continuous                    challenge   106 bytes, solution   106 bytes: IDENTICAL
weilContainment_exact                         challenge   217 bytes, solution   217 bytes: IDENTICAL
weilContainment_range_eq                      challenge   255 bytes, solution   255 bytes: IDENTICAL
weilContainment_not_contDiff                  challenge    87 bytes, solution    87 bytes: IDENTICAL
RESULT: PASS
--- mirror rh-program/lean (RESULT lines) ---
RESULT: PASS
RESULT: PASS
