(W1) after b_1..b_ 1 >= 0: admissible t in [-1000000000.0000000000, 6.0000000000]
(W1) after b_1..b_ 2 >= 0: admissible t in [-5.0000000000, 6.0000000000]
(W1) after b_1..b_ 3 >= 0: admissible t in [-5.0000000000, 6.0000000000]
(W1) after b_1..b_ 4 >= 0: admissible t in [-5.0000000000, 6.0000000000]
(W1) after b_1..b_ 5 >= 0: admissible t in [-5.0000000000, 6.0000000000]
(W1) after b_1..b_ 6 >= 0: admissible t in [-5.0000000000, 6.0000000000]
(W1) after b_1..b_ 8 >= 0: admissible t in [-5.0000000000, 6.0000000000]
(W1) after b_1..b_12 >= 0: admissible t in [-5.0000000000, 6.0000000000]
(W1) after b_1..b_18 >= 0: admissible t in [-5.0000000000, 6.0000000000]
(W1) after b_1..b_24 >= 0: admissible t in [-5.0000000000, 6.0000000000]
(W1) after b_1..b_36 >= 0: admissible t in [-5.0000000000, 6.0000000000]
(W1) after b_1..b_48 >= 0: admissible t in [-5.0000000000, 6.0000000000]
(W1) after b_1..b_60 >= 0: admissible t in [-5.0000000000, 6.0000000000]
(W2) RH over F_5: |t| <= 4.4721359550
     RH-FALSE part of the weighted-admissible set: [-5.0000000000, -4.4721359550) U (4.4721359550, 6.0000000000]
     endpoint -5.000000000000: active constraints b_d = 0 for d in [2]
     endpoint 6.000000000000: active constraints b_d = 0 for d in [1, 2, 3, 4, 5, 6, 7, 8, 9, 10, 11, 12, 13, 14, 15, 16, 17, 18, 19, 20, 21, 22, 23, 24, 25, 26, 27, 28, 29, 30, 31, 32, 33, 34, 35, 36, 37, 38, 39, 40, 41, 42, 43, 44, 45, 46, 47, 48, 49, 50, 51, 52, 53, 54, 55, 56, 57, 58, 59, 60]
(W3) s_1 <= 1  <=>  t in [-1000000000.000000, 1.000000]
(W3) s_2 <= 1  <=>  t in [-3.316625, 3.316625]
(W3) s_3 <= 1  <=>  t in [-1000000000.000000, -3.839210], [-0.066686, 3.905896]
(W3) s_4 <= 1  <=>  t in [-4.140221, -1.690731], [1.690731, 4.140221]
(W3) intersection over n = 1..4: []   (EMPTY => the Q-side q-part positivity admits no real t: Theorem L' at rung 1, weights allowed)
(W4) positive Poisson mixtures at rung 1: L = 1 - t u + 5 u^2 has nonnegative coefficients <=> t <= 0; weighted-Beurling-and-mixture: t in [(-5.0, 0.0)]
     integer t with b_d >= 0 (d <= 60): [-5, -4, -3, -2, -1, 0, 1, 2, 3, 4, 5, 6]  (QC v3: -5..6)
