START 2026-09-10 03:50:50
⚠ [3164/3622] Replayed Zeta23.Statement
warning: Zeta23/Statement.lean:148:30: `Set.mem_setOf_eq` has been deprecated: Use `Set.mem_ofPred_eq` instead
⚠ [3597/4042] Replayed Zeta23.Statement.Seam
warning: Zeta23/Statement/Seam.lean:59:13: `ENat.toNat_coe` has been deprecated: Use `ENat.toNat_natCast` instead
⚠ [3615/4042] Replayed Zeta23.Assembly
warning: Zeta23/Assembly.lean:885:47: `Set.mem_setOf_eq` has been deprecated: Use `Set.mem_ofPred_eq` instead
warning: Zeta23/Assembly.lean:958:34: `Set.mem_setOf_eq` has been deprecated: Use `Set.mem_ofPred_eq` instead
warning: Zeta23/Assembly.lean:962:90: `Set.mem_setOf_eq` has been deprecated: Use `Set.mem_ofPred_eq` instead
⚠ [3617/4042] Replayed Zeta23.ZetaReflect
warning: Zeta23/ZetaReflect.lean:91:17: `Set.mem_setOf_eq` has been deprecated: Use `Set.mem_ofPred_eq` instead
⚠ [8723/8874] Replayed Zeta23.Tail
warning: Zeta23/Tail.lean:290:13: `Set.mem_setOf_eq` has been deprecated: Use `Set.mem_ofPred_eq` instead
warning: Zeta23/Tail.lean:399:17: `Set.mem_setOf_eq` has been deprecated: Use `Set.mem_ofPred_eq` instead
⚠ [8724/8874] Replayed Zeta23.ZeroSide
warning: Zeta23/ZeroSide.lean:701:4: `Set.mem_setOf_eq` has been deprecated: Use `Set.mem_ofPred_eq` instead
warning: Zeta23/ZeroSide.lean:706:66: `Set.mem_setOf_eq` has been deprecated: Use `Set.mem_ofPred_eq` instead
warning: Zeta23/ZeroSide.lean:712:52: `Set.mem_setOf_eq` has been deprecated: Use `Set.mem_ofPred_eq` instead
warning: Zeta23/ZeroSide.lean:755:53: `Set.mem_setOf_eq` has been deprecated: Use `Set.mem_ofPred_eq` instead
ℹ [8738/8874] Replayed Zeta23.GammaFacts.Mu
info: Zeta23/GammaFacts/Mu.lean:137:2: Try this:
  [apply] ring_nf
  
  The `ring` tactic failed to close the goal. Use `ring_nf` to obtain a normal form.
    
  Note that `ring` works primarily in *commutative* rings. If you have a noncommutative ring, abelian group or module, consider using `noncomm_ring`, `abel` or `module` instead.
ℹ [8740/8874] Replayed Zeta23.GammaFacts.StirlingVert
info: Zeta23/GammaFacts/StirlingVert.lean:452:6: Try this:
  [apply] ring_nf
  
  The `ring` tactic failed to close the goal. Use `ring_nf` to obtain a normal form.
    
  Note that `ring` works primarily in *commutative* rings. If you have a noncommutative ring, abelian group or module, consider using `noncomm_ring`, `abel` or `module` instead.
⚠ [8744/8874] Replayed Zeta23.FromPNTPlus.StrongPNTPrefix
warning: Zeta23/FromPNTPlus/StrongPNTPrefix.lean:61:71: `Set.mem_setOf_eq` has been deprecated: Use `Set.mem_ofPred_eq` instead
warning: Zeta23/FromPNTPlus/StrongPNTPrefix.lean:202:9: `Set.setOf_subset_setOf` has been deprecated: Use `Set.ofPred_subset_ofPred` instead
warning: Zeta23/FromPNTPlus/StrongPNTPrefix.lean:343:10: `Set.notMem_setOf_iff` has been deprecated: Use `Set.notMem_ofPred_iff` instead
warning: Zeta23/FromPNTPlus/StrongPNTPrefix.lean:368:48: `Set.mem_setOf_eq` has been deprecated: Use `Set.mem_ofPred_eq` instead
warning: Zeta23/FromPNTPlus/StrongPNTPrefix.lean:390:10: `Set.notMem_setOf_iff` has been deprecated: Use `Set.notMem_ofPred_iff` instead
warning: Zeta23/FromPNTPlus/StrongPNTPrefix.lean:432:48: `Set.mem_setOf_eq` has been deprecated: Use `Set.mem_ofPred_eq` instead
⚠ [8752/8874] Replayed Zeta23.FromPNTPlus.ZetaBounds
warning: Zeta23/FromPNTPlus/ZetaBounds.lean:859:13: `Set.mem_setOf_eq` has been deprecated: Use `Set.mem_ofPred_eq` instead
warning: Zeta23/FromPNTPlus/ZetaBounds.lean:952:13: `Set.mem_setOf_eq` has been deprecated: Use `Set.mem_ofPred_eq` instead
warning: Zeta23/FromPNTPlus/ZetaBounds.lean:1092:13: `Set.mem_setOf_eq` has been deprecated: Use `Set.mem_ofPred_eq` instead
warning: Zeta23/FromPNTPlus/ZetaBounds.lean:1099:32: `Set.mem_setOf_eq` has been deprecated: Use `Set.mem_ofPred_eq` instead
warning: Zeta23/FromPNTPlus/ZetaBounds.lean:1105:56: `Set.preimage_setOf_eq` has been deprecated: Use `Set.preimage_ofPred_eq` instead
warning: Zeta23/FromPNTPlus/ZetaBounds.lean:1115:56: `Set.preimage_setOf_eq` has been deprecated: Use `Set.preimage_ofPred_eq` instead
warning: Zeta23/FromPNTPlus/ZetaBounds.lean:1119:17: `Set.mem_setOf_eq` has been deprecated: Use `Set.mem_ofPred_eq` instead
warning: Zeta23/FromPNTPlus/ZetaBounds.lean:1135:54: `Set.preimage_setOf_eq` has been deprecated: Use `Set.preimage_ofPred_eq` instead
warning: Zeta23/FromPNTPlus/ZetaBounds.lean:1157:22: `Set.setOf_subset_setOf` has been deprecated: Use `Set.ofPred_subset_ofPred` instead
warning: Zeta23/FromPNTPlus/ZetaBounds.lean:1169:15: `Set.setOf_subset_setOf` has been deprecated: Use `Set.ofPred_subset_ofPred` instead
warning: Zeta23/FromPNTPlus/ZetaBounds.lean:1169:59: `Set.mem_setOf_eq` has been deprecated: Use `Set.mem_ofPred_eq` instead
warning: Zeta23/FromPNTPlus/ZetaBounds.lean:1185:15: `Set.mem_setOf_eq` has been deprecated: Use `Set.mem_ofPred_eq` instead
warning: Zeta23/FromPNTPlus/ZetaBounds.lean:1835:19: `Set.mem_setOf_eq` has been deprecated: Use `Set.mem_ofPred_eq` instead
warning: Zeta23/FromPNTPlus/ZetaBounds.lean:1837:45: `Set.mem_setOf_eq` has been deprecated: Use `Set.mem_ofPred_eq` instead
warning: Zeta23/FromPNTPlus/ZetaBounds.lean:1840:28: `Set.setOf_subset_setOf` has been deprecated: Use `Set.ofPred_subset_ofPred` instead
warning: Zeta23/FromPNTPlus/ZetaBounds.lean:1844:28: `Set.mem_setOf_eq` has been deprecated: Use `Set.mem_ofPred_eq` instead
warning: Zeta23/FromPNTPlus/ZetaBounds.lean:1900:15: `Set.mem_setOf_eq` has been deprecated: Use `Set.mem_ofPred_eq` instead
warning: Zeta23/FromPNTPlus/ZetaBounds.lean:1906:20: `Set.mem_setOf_eq` has been deprecated: Use `Set.mem_ofPred_eq` instead
warning: Zeta23/FromPNTPlus/ZetaBounds.lean:2091:13: `Set.mem_setOf_eq` has been deprecated: Use `Set.mem_ofPred_eq` instead
warning: Zeta23/FromPNTPlus/ZetaBounds.lean:2884:17: `Set.mem_setOf_eq` has been deprecated: Use `Set.mem_ofPred_eq` instead
warning: Zeta23/FromPNTPlus/ZetaBounds.lean:2940:17: `Set.mem_setOf_eq` has been deprecated: Use `Set.mem_ofPred_eq` instead
⚠ [8754/8874] Replayed Zeta23.RvM.Halving
warning: Zeta23/RvM/Halving.lean:52:55: `Set.mem_setOf_eq` has been deprecated: Use `Set.mem_ofPred_eq` instead
warning: Zeta23/RvM/Halving.lean:62:15: `Set.mem_setOf_eq` has been deprecated: Use `Set.mem_ofPred_eq` instead
warning: Zeta23/RvM/Halving.lean:70:15: `Set.mem_setOf_eq` has been deprecated: Use `Set.mem_ofPred_eq` instead
⚠ [8760/8874] Replayed Zeta23.RvM.ReZeroCount
warning: Zeta23/RvM/ReZeroCount.lean:272:15: `ENat.toNat_coe` has been deprecated: Use `ENat.toNat_natCast` instead
⚠ [8765/8874] Replayed Zeta23.RvM.NcountWindow
warning: Zeta23/RvM/NcountWindow.lean:23:22: `Set.mem_setOf_eq` has been deprecated: Use `Set.mem_ofPred_eq` instead
⚠ [8766/8874] Replayed Zeta23.WeilEF.ZeroSummability
warning: Zeta23/WeilEF/ZeroSummability.lean:189:4: `Set.mem_setOf_eq` has been deprecated: Use `Set.mem_ofPred_eq` instead
⚠ [8769/8874] Replayed Zeta23.WeilEF.Landau
warning: Zeta23/WeilEF/Landau.lean:341:13: `Set.mem_setOf_eq` has been deprecated: Use `Set.mem_ofPred_eq` instead
warning: Zeta23/WeilEF/Landau.lean:437:64: `Set.mem_setOf_eq` has been deprecated: Use `Set.mem_ofPred_eq` instead
⚠ [8775/8874] Replayed Zeta23.ThmE.SeamL
warning: Zeta23/ThmE/SeamL.lean:337:13: `ENat.toNat_coe` has been deprecated: Use `ENat.toNat_natCast` instead
⚠ [8783/9144] Replayed Zeta23.WeilEF.Contour
warning: Zeta23/WeilEF/Contour.lean:69:15: `Set.mem_setOf_eq` has been deprecated: Use `Set.mem_ofPred_eq` instead
ℹ [8788/9144] Replayed Zeta23.WeilEF.Main
info: Zeta23/WeilEF/Main.lean:38:2: Try this:
  [apply] ring_nf
  
  The `ring` tactic failed to close the goal. Use `ring_nf` to obtain a normal form.
    
  Note that `ring` works primarily in *commutative* rings. If you have a noncommutative ring, abelian group or module, consider using `noncomm_ring`, `abel` or `module` instead.
⚠ [8795/9144] Replayed Zeta23.ThmE.ReZeroCountChi
warning: Zeta23/ThmE/ReZeroCountChi.lean:204:15: `ENat.toNat_coe` has been deprecated: Use `ENat.toNat_natCast` instead
ℹ [8796/9144] Replayed Zeta23.ThmE.GammaFactsChiProof
info: Zeta23/ThmE/GammaFactsChiProof.lean:208:47: Try this:
  [apply] ring_nf
  
  The `ring` tactic failed to close the goal. Use `ring_nf` to obtain a normal form.
    
  Note that `ring` works primarily in *commutative* rings. If you have a noncommutative ring, abelian group or module, consider using `noncomm_ring`, `abel` or `module` instead.
info: Zeta23/ThmE/GammaFactsChiProof.lean:272:17: Try this:
  [apply] ring_nf
  
  The `ring` tactic failed to close the goal. Use `ring_nf` to obtain a normal form.
    
  Note that `ring` works primarily in *commutative* rings. If you have a noncommutative ring, abelian group or module, consider using `noncomm_ring`, `abel` or `module` instead.
⚠ [8801/9144] Replayed Zeta23.ThmE.ContourChi
warning: Zeta23/ThmE/ContourChi.lean:74:15: `Set.mem_setOf_eq` has been deprecated: Use `Set.mem_ofPred_eq` instead
⚠ [8808/9144] Replayed Zeta23.ZeroSide.RankTraceMult
warning: Zeta23/ZeroSide/RankTraceMult.lean:49:32: Variable name `ht0` is not explicitly referenced.

Hint: The binding can be removed (if unused) or named `_` (if used implicitly). Alternatively, prefix the name with `_` to silence this warning:
  [apply] _ht0

Note: This linter can be disabled with `set_option linter.unusedVariables false`
warning: Zeta23/ZeroSide/RankTraceMult.lean:49:60: Variable name `hx` is not explicitly referenced.

Hint: The binding can be removed (if unused) or named `_` (if used implicitly). Alternatively, prefix the name with `_` to silence this warning:
  [apply] _hx

Note: This linter can be disabled with `set_option linter.unusedVariables false`
warning: Zeta23/ZeroSide/RankTraceMult.lean:56:30: Variable name `hc` is not explicitly referenced.

Hint: The binding can be removed (if unused) or named `_` (if used implicitly). Alternatively, prefix the name with `_` to silence this warning:
  [apply] _hc

Note: This linter can be disabled with `set_option linter.unusedVariables false`
warning: Zeta23/ZeroSide/RankTraceMult.lean:56:43: Variable name `hx` is not explicitly referenced.

Hint: The binding can be removed (if unused) or named `_` (if used implicitly). Alternatively, prefix the name with `_` to silence this warning:
  [apply] _hx

Note: This linter can be disabled with `set_option linter.unusedVariables false`
warning: Zeta23/ZeroSide/RankTraceMult.lean:81:32: Variable name `hp` is not explicitly referenced.

Hint: The binding can be removed (if unused) or named `_` (if used implicitly). Alternatively, prefix the name with `_` to silence this warning:
  [apply] _hp

Note: This linter can be disabled with `set_option linter.unusedVariables false`
warning: Zeta23/ZeroSide/RankTraceMult.lean:81:58: Variable name `hc` is not explicitly referenced.

Hint: The binding can be removed (if unused) or named `_` (if used implicitly). Alternatively, prefix the name with `_` to silence this warning:
  [apply] _hc

Note: This linter can be disabled with `set_option linter.unusedVariables false`
warning: Zeta23/ZeroSide/RankTraceMult.lean:164:20: This simp argument is unused:
  Matrix.mul_assoc

Hint: Omit it from the simp argument list.
  [apply] simp

Note: This linter can be disabled with `set_option linter.unusedSimpArgs false`
warning: Zeta23/ZeroSide/RankTraceMult.lean:359:28: Variable name `hc` is not explicitly referenced.

Hint: The binding can be removed (if unused) or named `_` (if used implicitly). Alternatively, prefix the name with `_` to silence this warning:
  [apply] _hc

Note: This linter can be disabled with `set_option linter.unusedVariables false`
⚠ [8810/9144] Replayed Zeta23.Assembly.SeamMult
warning: Zeta23/Assembly/SeamMult.lean:26:0: automatically included section variable(s) unused in theorem `Zeta23.Assembly.ctr_sub_frobSq_perturb`:
  [DecidableEq n]
consider restructuring your `variable` declarations so that the variables are not in scope or explicitly omit them:
  omit [DecidableEq n] in theorem ...

Note: This linter can be disabled with `set_option linter.unusedSectionVars false`
⚠ [8813/9144] Replayed Zeta23.ZeroSide.TightMult
warning: Zeta23/ZeroSide/TightMult.lean:45:24: This simp argument is unused:
  Pi.single_apply

Hint: Omit it from the simp argument list.
  [apply] simp [ha]

Note: This linter can be disabled with `set_option linter.unusedSimpArgs false`
warning: Zeta23/ZeroSide/TightMult.lean:57:28: This simp argument is unused:
  Pi.single_apply

Hint: Omit it from the simp argument list.
  [apply] simp [Sum.inl_injective.eq_iff, Ne.symm hk]

Note: This linter can be disabled with `set_option linter.unusedSimpArgs false`
warning: Zeta23/ZeroSide/TightMult.lean:64:14: This simp argument is unused:
  Pi.single_apply

Hint: Omit it from the simp argument list.
  [apply] simp [Sum.inl_injective.eq_iff, Ne.symm this]

Note: This linter can be disabled with `set_option linter.unusedSimpArgs false`
warning: Zeta23/ZeroSide/TightMult.lean:67:12: This simp argument is unused:
  Pi.single_apply

Hint: Omit it from the simp argument list.
  [apply] simp

Note: This linter can be disabled with `set_option linter.unusedSimpArgs false`
warning: Zeta23/ZeroSide/TightMult.lean:93:22: Variable name `hc` is not explicitly referenced.

Hint: The binding can be removed (if unused) or named `_` (if used implicitly). Alternatively, prefix the name with `_` to silence this warning:
  [apply] _hc

Note: This linter can be disabled with `set_option linter.unusedVariables false`
⚠ [8815/9144] Replayed Zeta23.XiPrime.Statement
warning: Zeta23/XiPrime/Statement.lean:365:69: `Set.mem_setOf_eq` has been deprecated: Use `Set.mem_ofPred_eq` instead
⚠ [8817/9144] Replayed Zeta23.XiPrime.Certificate.D1
warning: Zeta23/XiPrime/Certificate/D1.lean:307:68: `intervalIntegral.integral_finset_sum` has been deprecated: Use `intervalIntegral.integral_finsetSum` instead
warning: Zeta23/XiPrime/Certificate/D1.lean:316:11: `continuous_finset_sum` has been deprecated: Use `continuous_finsetSum` instead
⚠ [8818/9144] Replayed Zeta23.XiPrime.Certificate.Poly
warning: Zeta23/XiPrime/Certificate/Poly.lean:42:6: `intervalIntegral.integral_finset_sum` has been deprecated: Use `intervalIntegral.integral_finsetSum` instead
⚠ [8819/9144] Replayed Zeta23.XiPrime.Transfer.Abstract
warning: Zeta23/XiPrime/Transfer/Abstract.lean:100:11: `tendsto_finset_sum` has been deprecated: Use `tendsto_finsetSum` instead
warning: Zeta23/XiPrime/Transfer/Abstract.lean:100:43: `tendsto_finset_sum` has been deprecated: Use `tendsto_finsetSum` instead
ℹ [8825/9144] Replayed Zeta23.XiPrime.Coeff.ReexpansionGen
info: Zeta23/XiPrime/Coeff/ReexpansionGen.lean:223:73: Try this:
  [apply] ring_nf
  
  The `ring` tactic failed to close the goal. Use `ring_nf` to obtain a normal form.
    
  Note that `ring` works primarily in *commutative* rings. If you have a noncommutative ring, abelian group or module, consider using `noncomm_ring`, `abel` or `module` instead.
⚠ [8827/9144] Replayed Zeta23.WeilEF.Effective
warning: Zeta23/WeilEF/Effective.lean:624:30: This simp argument is unused:
  Complex.div_re

Hint: Omit it from the simp argument list.
  [apply] simp [Complex.neg_re]

Note: This linter can be disabled with `set_option linter.unusedSimpArgs false`
warning: Zeta23/WeilEF/Effective.lean:669:14: This simp argument is unused:
  Complex.norm_ofNat

Hint: Omit it from the simp argument list.
  [apply] simp

Note: This linter can be disabled with `set_option linter.unusedSimpArgs false`
warning: Zeta23/WeilEF/Effective.lean:717:23: 'first
| assumption
| positivity' tactic does nothing

Note: This linter can be disabled with `set_option linter.unusedTactic false`
warning: Zeta23/WeilEF/Effective.lean:759:23: 'first
| assumption
| positivity' tactic does nothing

Note: This linter can be disabled with `set_option linter.unusedTactic false`
warning: Zeta23/WeilEF/Effective.lean:717:23: this tactic is never executed

Note: This linter can be disabled with `set_option linter.unreachableTactic false`
warning: Zeta23/WeilEF/Effective.lean:759:23: this tactic is never executed

Note: This linter can be disabled with `set_option linter.unreachableTactic false`
warning: Zeta23/WeilEF/Effective.lean:912:17: 'linarith' tactic does nothing

Note: This linter can be disabled with `set_option linter.unusedTactic false`
warning: Zeta23/WeilEF/Effective.lean:912:17: this tactic is never executed

Note: This linter can be disabled with `set_option linter.unreachableTactic false`
⚠ [8828/9144] Replayed Zeta23.XiPrime.Seam
warning: Zeta23/XiPrime/Seam.lean:172:8: `ENat.coe_toNat` has been deprecated: Use `ENat.natCast_toNat` instead
⚠ [8830/9144] Replayed Zeta23.XiPrime.ZeroCount.Basic
warning: Zeta23/XiPrime/ZeroCount/Basic.lean:30:47: `Set.mem_setOf_eq` has been deprecated: Use `Set.mem_ofPred_eq` instead
warning: Zeta23/XiPrime/ZeroCount/Basic.lean:78:53: `Set.mem_setOf_eq` has been deprecated: Use `Set.mem_ofPred_eq` instead
⚠ [8832/9144] Replayed Zeta23.XiPrime.ZeroCount.Generic
warning: Zeta23/XiPrime/ZeroCount/Generic.lean:234:8: `intervalIntegral.integral_finset_sum` has been deprecated: Use `intervalIntegral.integral_finsetSum` instead
⚠ [8835/9144] Replayed Zeta23.XiPrime.ZeroCount.Contour
warning: Zeta23/XiPrime/ZeroCount/Contour.lean:35:33: `Set.Infinite.diff` has been deprecated: Use `Set.Infinite.sdiff` instead
⚠ [8840/9144] Replayed Zeta23.XiPrime.ExplicitFormula.Contour
warning: Zeta23/XiPrime/ExplicitFormula/Contour.lean:94:31: `Set.mem_setOf_eq` has been deprecated: Use `Set.mem_ofPred_eq` instead
⚠ [8847/9144] Replayed Zeta23.XiPrime.ExplicitFormula.EntryError
warning: Zeta23/XiPrime/ExplicitFormula/EntryError.lean:121:82: Variable name `hb` is not explicitly referenced.

Hint: The binding can be removed (if unused) or named `_` (if used implicitly). Alternatively, prefix the name with `_` to silence this warning:
  [apply] _hb

Note: This linter can be disabled with `set_option linter.unusedVariables false`
⚠ [8848/9144] Replayed Zeta23.XiPrime.ExplicitFormula.JTerm
warning: Zeta23/XiPrime/ExplicitFormula/JTerm.lean:64:19: Variable name `hk` is not explicitly referenced.

Hint: The binding can be removed (if unused) or named `_` (if used implicitly). Alternatively, prefix the name with `_` to silence this warning:
  [apply] _hk

Note: This linter can be disabled with `set_option linter.unusedVariables false`
warning: Zeta23/XiPrime/ExplicitFormula/JTerm.lean:64:41: Variable name `hkc` is not explicitly referenced.

Hint: The binding can be removed (if unused) or named `_` (if used implicitly). Alternatively, prefix the name with `_` to silence this warning:
  [apply] _hkc

Note: This linter can be disabled with `set_option linter.unusedVariables false`
warning: Zeta23/XiPrime/ExplicitFormula/JTerm.lean:65:24: Variable name `hT` is not explicitly referenced.

Hint: The binding can be removed (if unused) or named `_` (if used implicitly). Alternatively, prefix the name with `_` to silence this warning:
  [apply] _hT

Note: This linter can be disabled with `set_option linter.unusedVariables false`
warning: Zeta23/XiPrime/ExplicitFormula/JTerm.lean:65:38: Variable name `ha` is not explicitly referenced.

Hint: The binding can be removed (if unused) or named `_` (if used implicitly). Alternatively, prefix the name with `_` to silence this warning:
  [apply] _ha

Note: This linter can be disabled with `set_option linter.unusedVariables false`
warning: Zeta23/XiPrime/ExplicitFormula/JTerm.lean:65:51: Variable name `hb` is not explicitly referenced.

Hint: The binding can be removed (if unused) or named `_` (if used implicitly). Alternatively, prefix the name with `_` to silence this warning:
  [apply] _hb

Note: This linter can be disabled with `set_option linter.unusedVariables false`
warning: Zeta23/XiPrime/ExplicitFormula/JTerm.lean:65:64: Variable name `hW` is not explicitly referenced.

Hint: The binding can be removed (if unused) or named `_` (if used implicitly). Alternatively, prefix the name with `_` to silence this warning:
  [apply] _hW

Note: This linter can be disabled with `set_option linter.unusedVariables false`
warning: Zeta23/XiPrime/ExplicitFormula/JTerm.lean:65:77: Variable name `hW'` is not explicitly referenced.

Hint: The binding can be removed (if unused) or named `_` (if used implicitly). Alternatively, prefix the name with `_` to silence this warning:
  [apply] _hW'

Note: This linter can be disabled with `set_option linter.unusedVariables false`
warning: Zeta23/XiPrime/ExplicitFormula/JTerm.lean:66:7: Variable name `hw1` is not explicitly referenced.

Hint: The binding can be removed (if unused) or named `_` (if used implicitly). Alternatively, prefix the name with `_` to silence this warning:
  [apply] _hw1

Note: This linter can be disabled with `set_option linter.unusedVariables false`
warning: Zeta23/XiPrime/ExplicitFormula/JTerm.lean:67:7: Variable name `hw2` is not explicitly referenced.

Hint: The binding can be removed (if unused) or named `_` (if used implicitly). Alternatively, prefix the name with `_` to silence this warning:
  [apply] _hw2

Note: This linter can be disabled with `set_option linter.unusedVariables false`
warning: Zeta23/XiPrime/ExplicitFormula/JTerm.lean:68:7: Variable name `hw1'` is not explicitly referenced.

Hint: The binding can be removed (if unused) or named `_` (if used implicitly). Alternatively, prefix the name with `_` to silence this warning:
  [apply] _hw1'

Note: This linter can be disabled with `set_option linter.unusedVariables false`
warning: Zeta23/XiPrime/ExplicitFormula/JTerm.lean:69:7: Variable name `hw2'` is not explicitly referenced.

Hint: The binding can be removed (if unused) or named `_` (if used implicitly). Alternatively, prefix the name with `_` to silence this warning:
  [apply] _hw2'

Note: This linter can be disabled with `set_option linter.unusedVariables false`
warning: Zeta23/XiPrime/ExplicitFormula/JTerm.lean:70:20: Variable name `hcs` is not explicitly referenced.

Hint: The binding can be removed (if unused) or named `_` (if used implicitly). Alternatively, prefix the name with `_` to silence this warning:
  [apply] _hcs

Note: This linter can be disabled with `set_option linter.unusedVariables false`
warning: Zeta23/XiPrime/ExplicitFormula/JTerm.lean:71:7: Variable name `hC1` is not explicitly referenced.

Hint: The binding can be removed (if unused) or named `_` (if used implicitly). Alternatively, prefix the name with `_` to silence this warning:
  [apply] _hC1

Note: This linter can be disabled with `set_option linter.unusedVariables false`
warning: Zeta23/XiPrime/ExplicitFormula/JTerm.lean:72:7: Variable name `hC1'` is not explicitly referenced.

Hint: The binding can be removed (if unused) or named `_` (if used implicitly). Alternatively, prefix the name with `_` to silence this warning:
  [apply] _hC1'

Note: This linter can be disabled with `set_option linter.unusedVariables false`
warning: Zeta23/XiPrime/ExplicitFormula/JTerm.lean:242:19: Variable name `hk` is not explicitly referenced.

Hint: The binding can be removed (if unused) or named `_` (if used implicitly). Alternatively, prefix the name with `_` to silence this warning:
  [apply] _hk

Note: This linter can be disabled with `set_option linter.unusedVariables false`
warning: Zeta23/XiPrime/ExplicitFormula/JTerm.lean:242:41: Variable name `hkc` is not explicitly referenced.

Hint: The binding can be removed (if unused) or named `_` (if used implicitly). Alternatively, prefix the name with `_` to silence this warning:
  [apply] _hkc

Note: This linter can be disabled with `set_option linter.unusedVariables false`
warning: Zeta23/XiPrime/ExplicitFormula/JTerm.lean:243:24: Variable name `hT` is not explicitly referenced.

Hint: The binding can be removed (if unused) or named `_` (if used implicitly). Alternatively, prefix the name with `_` to silence this warning:
  [apply] _hT

Note: This linter can be disabled with `set_option linter.unusedVariables false`
warning: Zeta23/XiPrime/ExplicitFormula/JTerm.lean:243:38: Variable name `ha` is not explicitly referenced.

Hint: The binding can be removed (if unused) or named `_` (if used implicitly). Alternatively, prefix the name with `_` to silence this warning:
  [apply] _ha

Note: This linter can be disabled with `set_option linter.unusedVariables false`
warning: Zeta23/XiPrime/ExplicitFormula/JTerm.lean:243:51: Variable name `hb` is not explicitly referenced.

Hint: The binding can be removed (if unused) or named `_` (if used implicitly). Alternatively, prefix the name with `_` to silence this warning:
  [apply] _hb

Note: This linter can be disabled with `set_option linter.unusedVariables false`
warning: Zeta23/XiPrime/ExplicitFormula/JTerm.lean:243:64: Variable name `hW` is not explicitly referenced.

Hint: The binding can be removed (if unused) or named `_` (if used implicitly). Alternatively, prefix the name with `_` to silence this warning:
  [apply] _hW

Note: This linter can be disabled with `set_option linter.unusedVariables false`
warning: Zeta23/XiPrime/ExplicitFormula/JTerm.lean:243:77: Variable name `hW'` is not explicitly referenced.

Hint: The binding can be removed (if unused) or named `_` (if used implicitly). Alternatively, prefix the name with `_` to silence this warning:
  [apply] _hW'

Note: This linter can be disabled with `set_option linter.unusedVariables false`
warning: Zeta23/XiPrime/ExplicitFormula/JTerm.lean:244:7: Variable name `hw1` is not explicitly referenced.

Hint: The binding can be removed (if unused) or named `_` (if used implicitly). Alternatively, prefix the name with `_` to silence this warning:
  [apply] _hw1

Note: This linter can be disabled with `set_option linter.unusedVariables false`
warning: Zeta23/XiPrime/ExplicitFormula/JTerm.lean:245:7: Variable name `hw2` is not explicitly referenced.

Hint: The binding can be removed (if unused) or named `_` (if used implicitly). Alternatively, prefix the name with `_` to silence this warning:
  [apply] _hw2

Note: This linter can be disabled with `set_option linter.unusedVariables false`
warning: Zeta23/XiPrime/ExplicitFormula/JTerm.lean:246:7: Variable name `hw1'` is not explicitly referenced.

Hint: The binding can be removed (if unused) or named `_` (if used implicitly). Alternatively, prefix the name with `_` to silence this warning:
  [apply] _hw1'

Note: This linter can be disabled with `set_option linter.unusedVariables false`
warning: Zeta23/XiPrime/ExplicitFormula/JTerm.lean:247:7: Variable name `hw2'` is not explicitly referenced.

Hint: The binding can be removed (if unused) or named `_` (if used implicitly). Alternatively, prefix the name with `_` to silence this warning:
  [apply] _hw2'

Note: This linter can be disabled with `set_option linter.unusedVariables false`
warning: Zeta23/XiPrime/ExplicitFormula/JTerm.lean:248:20: Variable name `hcs` is not explicitly referenced.

Hint: The binding can be removed (if unused) or named `_` (if used implicitly). Alternatively, prefix the name with `_` to silence this warning:
  [apply] _hcs

Note: This linter can be disabled with `set_option linter.unusedVariables false`
warning: Zeta23/XiPrime/ExplicitFormula/JTerm.lean:249:7: Variable name `hC1` is not explicitly referenced.

Hint: The binding can be removed (if unused) or named `_` (if used implicitly). Alternatively, prefix the name with `_` to silence this warning:
  [apply] _hC1

Note: This linter can be disabled with `set_option linter.unusedVariables false`
warning: Zeta23/XiPrime/ExplicitFormula/JTerm.lean:250:7: Variable name `hC1'` is not explicitly referenced.

Hint: The binding can be removed (if unused) or named `_` (if used implicitly). Alternatively, prefix the name with `_` to silence this warning:
  [apply] _hC1'

Note: This linter can be disabled with `set_option linter.unusedVariables false`
⚠ [8849/9144] Replayed Zeta23.XiPrime.ExplicitFormula.PrimeTermJ
warning: Zeta23/XiPrime/ExplicitFormula/PrimeTermJ.lean:136:8: `MeasureTheory.integrable_finset_sum` has been deprecated: Use `MeasureTheory.integrable_finsetSum` instead
warning: Zeta23/XiPrime/ExplicitFormula/PrimeTermJ.lean:154:32: `MeasureTheory.integral_finset_sum` has been deprecated: Use `MeasureTheory.integral_finsetSum` instead
⚠ [8853/9144] Replayed Zeta23.XiPrime.ExplicitFormula.TestWeight
warning: Zeta23/XiPrime/ExplicitFormula/TestWeight.lean:903:13: `Set.mem_setOf_eq` has been deprecated: Use `Set.mem_ofPred_eq` instead
warning: Zeta23/XiPrime/ExplicitFormula/TestWeight.lean:912:13: `Set.mem_setOf_eq` has been deprecated: Use `Set.mem_ofPred_eq` instead
warning: Zeta23/XiPrime/ExplicitFormula/TestWeight.lean:945:11: `HasSubset.Subset.eventuallyLE` has been deprecated: Use `LE.le.eventuallyLE` instead

Note: The updated constant is in a different namespace. Dot notation may need to be changed (e.g., from `x.eventuallyLE` to `LE.le.eventuallyLE x`).
warning: Zeta23/XiPrime/ExplicitFormula/TestWeight.lean:983:11: `HasSubset.Subset.eventuallyLE` has been deprecated: Use `LE.le.eventuallyLE` instead

Note: The updated constant is in a different namespace. Dot notation may need to be changed (e.g., from `x.eventuallyLE` to `LE.le.eventuallyLE x`).
⚠ [8867/9144] Replayed Zeta23.Taper.Gevrey
warning: Zeta23/Taper/Gevrey.lean:342:80: Variable name `x` is not explicitly referenced.

Hint: The binding can be removed (if unused) or named `_` (if used implicitly). Alternatively, prefix the name with `_` to silence this warning:
  [apply] _x

Note: This linter can be disabled with `set_option linter.unusedVariables false`
⚠ [8872/9144] Replayed Zeta23.XiPrime.Hardy.Seam
warning: Zeta23/XiPrime/Hardy/Seam.lean:56:22: `ENat.coe_toNat` has been deprecated: Use `ENat.natCast_toNat` instead
⚠ [8874/9144] Replayed Zeta23.XiPrime.Hardy.Contour
warning: Zeta23/XiPrime/Hardy/Contour.lean:39:33: `Set.Infinite.diff` has been deprecated: Use `Set.Infinite.sdiff` instead
warning: Zeta23/XiPrime/Hardy/Contour.lean:113:25: `Set.mem_setOf_eq` has been deprecated: Use `Set.mem_ofPred_eq` instead
⚠ [8876/9144] Replayed Zeta23.XiPrime.Hardy.EFBasic
warning: Zeta23/XiPrime/Hardy/EFBasic.lean:291:21: `Set.mem_setOf_eq` has been deprecated: Use `Set.mem_ofPred_eq` instead
warning: Zeta23/XiPrime/Hardy/EFBasic.lean:273:27: Used `tac1 <;> tac2` where `(tac1; tac2)` would suffice

Note: This linter can be disabled with `set_option linter.unnecessarySeqFocus false`
warning: Zeta23/XiPrime/Hardy/EFBasic.lean:273:44: Used `tac1 <;> tac2` where `(tac1; tac2)` would suffice

Note: This linter can be disabled with `set_option linter.unnecessarySeqFocus false`
⚠ [8879/9144] Replayed Zeta23.XiPrime.Hardy.EFJTermW
warning: Zeta23/XiPrime/Hardy/EFJTermW.lean:44:19: Variable name `hk` is not explicitly referenced.

Hint: The binding can be removed (if unused) or named `_` (if used implicitly). Alternatively, prefix the name with `_` to silence this warning:
  [apply] _hk

Note: This linter can be disabled with `set_option linter.unusedVariables false`
warning: Zeta23/XiPrime/Hardy/EFJTermW.lean:44:41: Variable name `hkc` is not explicitly referenced.

Hint: The binding can be removed (if unused) or named `_` (if used implicitly). Alternatively, prefix the name with `_` to silence this warning:
  [apply] _hkc

Note: This linter can be disabled with `set_option linter.unusedVariables false`
warning: Zeta23/XiPrime/Hardy/EFJTermW.lean:45:24: Variable name `hT` is not explicitly referenced.

Hint: The binding can be removed (if unused) or named `_` (if used implicitly). Alternatively, prefix the name with `_` to silence this warning:
  [apply] _hT

Note: This linter can be disabled with `set_option linter.unusedVariables false`
warning: Zeta23/XiPrime/Hardy/EFJTermW.lean:45:38: Variable name `ha` is not explicitly referenced.

Hint: The binding can be removed (if unused) or named `_` (if used implicitly). Alternatively, prefix the name with `_` to silence this warning:
  [apply] _ha

Note: This linter can be disabled with `set_option linter.unusedVariables false`
warning: Zeta23/XiPrime/Hardy/EFJTermW.lean:45:51: Variable name `hb` is not explicitly referenced.

Hint: The binding can be removed (if unused) or named `_` (if used implicitly). Alternatively, prefix the name with `_` to silence this warning:
  [apply] _hb

Note: This linter can be disabled with `set_option linter.unusedVariables false`
warning: Zeta23/XiPrime/Hardy/EFJTermW.lean:45:64: Variable name `hW` is not explicitly referenced.

Hint: The binding can be removed (if unused) or named `_` (if used implicitly). Alternatively, prefix the name with `_` to silence this warning:
  [apply] _hW

Note: This linter can be disabled with `set_option linter.unusedVariables false`
warning: Zeta23/XiPrime/Hardy/EFJTermW.lean:45:77: Variable name `hW'` is not explicitly referenced.

Hint: The binding can be removed (if unused) or named `_` (if used implicitly). Alternatively, prefix the name with `_` to silence this warning:
  [apply] _hW'

Note: This linter can be disabled with `set_option linter.unusedVariables false`
warning: Zeta23/XiPrime/Hardy/EFJTermW.lean:46:7: Variable name `hw1` is not explicitly referenced.

Hint: The binding can be removed (if unused) or named `_` (if used implicitly). Alternatively, prefix the name with `_` to silence this warning:
  [apply] _hw1

Note: This linter can be disabled with `set_option linter.unusedVariables false`
warning: Zeta23/XiPrime/Hardy/EFJTermW.lean:47:7: Variable name `hw2` is not explicitly referenced.

Hint: The binding can be removed (if unused) or named `_` (if used implicitly). Alternatively, prefix the name with `_` to silence this warning:
  [apply] _hw2

Note: This linter can be disabled with `set_option linter.unusedVariables false`
warning: Zeta23/XiPrime/Hardy/EFJTermW.lean:48:7: Variable name `hw1'` is not explicitly referenced.

Hint: The binding can be removed (if unused) or named `_` (if used implicitly). Alternatively, prefix the name with `_` to silence this warning:
  [apply] _hw1'

Note: This linter can be disabled with `set_option linter.unusedVariables false`
warning: Zeta23/XiPrime/Hardy/EFJTermW.lean:49:7: Variable name `hw2'` is not explicitly referenced.

Hint: The binding can be removed (if unused) or named `_` (if used implicitly). Alternatively, prefix the name with `_` to silence this warning:
  [apply] _hw2'

Note: This linter can be disabled with `set_option linter.unusedVariables false`
warning: Zeta23/XiPrime/Hardy/EFJTermW.lean:50:20: Variable name `hcs` is not explicitly referenced.

Hint: The binding can be removed (if unused) or named `_` (if used implicitly). Alternatively, prefix the name with `_` to silence this warning:
  [apply] _hcs

Note: This linter can be disabled with `set_option linter.unusedVariables false`
warning: Zeta23/XiPrime/Hardy/EFJTermW.lean:51:7: Variable name `hC1` is not explicitly referenced.

Hint: The binding can be removed (if unused) or named `_` (if used implicitly). Alternatively, prefix the name with `_` to silence this warning:
  [apply] _hC1

Note: This linter can be disabled with `set_option linter.unusedVariables false`
warning: Zeta23/XiPrime/Hardy/EFJTermW.lean:52:7: Variable name `hC1'` is not explicitly referenced.

Hint: The binding can be removed (if unused) or named `_` (if used implicitly). Alternatively, prefix the name with `_` to silence this warning:
  [apply] _hC1'

Note: This linter can be disabled with `set_option linter.unusedVariables false`
⚠ [8883/9144] Replayed Zeta23.XiPrime.Hardy.EFContour.Analytic
warning: Zeta23/XiPrime/Hardy/EFContour/Analytic.lean:237:32: `Set.mem_setOf_eq` has been deprecated: Use `Set.mem_ofPred_eq` instead
⚠ [8885/9144] Replayed Zeta23.XiPrime.Hardy.EFContour.Rectangle
warning: Zeta23/XiPrime/Hardy/EFContour/Rectangle.lean:201:8: `ENat.coe_toNat` has been deprecated: Use `ENat.natCast_toNat` instead
warning: Zeta23/XiPrime/Hardy/EFContour/Rectangle.lean:287:31: `Set.mem_setOf_eq` has been deprecated: Use `Set.mem_ofPred_eq` instead
⚠ [8888/9144] Replayed Zeta23.XiPrime.Hardy.EFContour
warning: Zeta23/XiPrime/Hardy/EFContour.lean:390:57: `Set.mem_setOf_eq` has been deprecated: Use `Set.mem_ofPred_eq` instead
⚠ [8890/9144] Replayed Zeta23.XiPrime.Hardy.ZFunction
warning: Zeta23/XiPrime/Hardy/ZFunction.lean:60:37: Used `tac1 <;> tac2` where `(tac1; tac2)` would suffice

Note: This linter can be disabled with `set_option linter.unnecessarySeqFocus false`
warning: Zeta23/XiPrime/Hardy/ZFunction.lean:322:63: `ENat.one_le_iff_ne_zero` has been deprecated: Use `Order.one_le_iff_ne_zero` instead

Note: The updated constant has a different type:
  ∀ {α : Type u_1} {x : α} [inst : PartialOrder α] [inst_1 : AddMonoidWithOne α] [NeZero 1] [SuccAddOrder α]
    [IsBotZeroClass α], 1 ≤ x ↔ x ≠ 0
instead of
  ∀ {n : ℕ∞}, 1 ≤ n ↔ n ≠ 0

Note: The updated constant is in a different namespace. Dot notation may need to be changed (e.g., from `x.one_le_iff_ne_zero` to `Order.one_le_iff_ne_zero x`).
⚠ [8892/9144] Replayed Zeta23.PairCeiling.Stability
warning: Zeta23/PairCeiling/Stability.lean:49:4: try 'simp' instead of 'simpa'

Note: This linter can be disabled with `set_option linter.unnecessarySimpa false`
warning: Zeta23/PairCeiling/Stability.lean:245:4: 'push_cast at this ⊢' tactic does nothing

Note: This linter can be disabled with `set_option linter.unusedTactic false`
⚠ [8933/9144] Replayed Zeta23.PrimeSideA.EndsE1
warning: Zeta23/PrimeSideA/EndsE1.lean:326:41: `Set.mem_setOf_eq` has been deprecated: Use `Set.mem_ofPred_eq` instead
ℹ [8938/9144] Replayed Zeta23.PrimeSideA
info: Zeta23/PrimeSideA.lean:372:0: lem_ends : ∀ (cϱ lam : ℝ),
  GammaFacts →
    ChebyshevMertens →
      0 < lam ∧ lam ≤ 1 →
        ∃ C, EventuallyAtCore cϱ lam fun p F ↦ |trGt2A p F - MtotalA p F| ≤ C * (p.L * p.l * log p.l * (p.l ^ 2 + p.X))
info: Zeta23/PrimeSideA.lean:398:0: prop_mumu : ∀ (cϱ lam : ℝ),
  GammaFacts →
    ChebyshevMertens →
      0 < lam ∧ lam ≤ 1 →
        ∃ C,
          EventuallyAtCore cϱ lam fun p F ↦
            |Mform F.Phi p.T mu mu - 2 * π * F.b * p.L * ∫ (τ : ℝ) in p.T..2 * p.T, mu τ ^ 2| ≤ C * (p.l ^ 2 * log p.L)
info: Zeta23/PrimeSideA.lean:404:0: prop_cross_muP : ∀ (cϱ lam : ℝ),
  GammaFacts →
    ChebyshevMertens →
      0 < lam ∧ lam ≤ 1 → ∃ C, EventuallyAtCore cϱ lam fun p F ↦ |Mform F.Phi p.T mu (PX p.X)| ≤ C * (p.l * √p.X)
⚠ [8944/9144] Replayed Zeta23.MV.Spacing
warning: Zeta23/MV/Spacing.lean:58:0: automatically included section variable(s) unused in theorem `Zeta23.MV.Adm.itv_disjoint`:
  [Fintype ι]
  [DecidableEq ι]
consider restructuring your `variable` declarations so that the variables are not in scope or explicitly omit them:
  omit [Fintype ι] [DecidableEq ι] in theorem ...

Note: This linter can be disabled with `set_option linter.unusedSectionVars false`
warning: Zeta23/MV/Spacing.lean:153:8: automatically included section variable(s) unused in theorem `_private.Zeta23.MV.Spacing.0.Zeta23.MV.Adm.mem_window`:
  [Fintype ι]
  [DecidableEq ι]
consider restructuring your `variable` declarations so that the variables are not in scope or explicitly omit them:
  omit [Fintype ι] [DecidableEq ι] in theorem ...

Note: This linter can be disabled with `set_option linter.unusedSectionVars false`
⚠ [8953/9144] Replayed Zeta23.ThmD.WindowCore
warning: Zeta23/ThmD/WindowCore.lean:388:22: Variable name `u` is not explicitly referenced.

Hint: The binding can be removed (if unused) or named `_` (if used implicitly). Alternatively, prefix the name with `_` to silence this warning:
  [apply] _u

Note: This linter can be disabled with `set_option linter.unusedVariables false`
⚠ [8956/9144] Replayed Zeta23.ThmD.Window
warning: Zeta23/ThmD/Window.lean:132:17: `Set.mem_setOf_eq` has been deprecated: Use `Set.mem_ofPred_eq` instead
⚠ [8960/9144] Replayed Zeta23.ThmD.PP
warning: Zeta23/ThmD/PP.lean:270:29: `Set.mem_setOf_eq` has been deprecated: Use `Set.mem_ofPred_eq` instead
warning: Zeta23/ThmD/PP.lean:276:29: `Set.mem_setOf_eq` has been deprecated: Use `Set.mem_ofPred_eq` instead
⚠ [8971/9144] Replayed Zeta23.ThmE.Main
warning: Zeta23/ThmE/Main.lean:190:0: automatically included section variable(s) unused in theorem `Zeta23.ThmE.eventually_GzGpChi`:
  [NeZero q]
consider restructuring your `variable` declarations so that the variables are not in scope or explicitly omit them:
  omit [NeZero q] in theorem ...

Note: This linter can be disabled with `set_option linter.unusedSectionVars false`
⚠ [8972/9144] Replayed Zeta23.ThmE.EFLitChi
warning: Zeta23/ThmE/EFLitChi.lean:130:24: Variable name `q` is not explicitly referenced.

Hint: The binding can be removed (if unused) or named `_` (if used implicitly). Alternatively, prefix the name with `_` to silence this warning:
  [apply] _q

Note: This linter can be disabled with `set_option linter.unusedVariables false`
⚠ [8989/9144] Replayed Zeta23.XiPrime.PrimeSide.Traces
warning: Zeta23/XiPrime/PrimeSide/Traces.lean:359:72: Used `tac1 <;> tac2` where `(tac1; tac2)` would suffice

Note: This linter can be disabled with `set_option linter.unnecessarySeqFocus false`
warning: Zeta23/XiPrime/PrimeSide/Traces.lean:361:72: Used `tac1 <;> tac2` where `(tac1; tac2)` would suffice

Note: This linter can be disabled with `set_option linter.unnecessarySeqFocus false`
warning: Zeta23/XiPrime/PrimeSide/Traces.lean:364:72: Used `tac1 <;> tac2` where `(tac1; tac2)` would suffice

Note: This linter can be disabled with `set_option linter.unnecessarySeqFocus false`
warning: Zeta23/XiPrime/PrimeSide/Traces.lean:367:72: Used `tac1 <;> tac2` where `(tac1; tac2)` would suffice

Note: This linter can be disabled with `set_option linter.unnecessarySeqFocus false`
warning: Zeta23/XiPrime/PrimeSide/Traces.lean:369:72: Used `tac1 <;> tac2` where `(tac1; tac2)` would suffice

Note: This linter can be disabled with `set_option linter.unnecessarySeqFocus false`
warning: Zeta23/XiPrime/PrimeSide/Traces.lean:372:72: Used `tac1 <;> tac2` where `(tac1; tac2)` would suffice

Note: This linter can be disabled with `set_option linter.unnecessarySeqFocus false`
warning: Zeta23/XiPrime/PrimeSide/Traces.lean:395:15: Used `tac1 <;> tac2` where `(tac1; tac2)` would suffice

Note: This linter can be disabled with `set_option linter.unnecessarySeqFocus false`
warning: Zeta23/XiPrime/PrimeSide/Traces.lean:418:11: Used `tac1 <;> tac2` where `(tac1; tac2)` would suffice

Note: This linter can be disabled with `set_option linter.unnecessarySeqFocus false`
warning: Zeta23/XiPrime/PrimeSide/Traces.lean:435:75: Used `tac1 <;> tac2` where `(tac1; tac2)` would suffice

Note: This linter can be disabled with `set_option linter.unnecessarySeqFocus false`
warning: Zeta23/XiPrime/PrimeSide/Traces.lean:437:80: Used `tac1 <;> tac2` where `(tac1; tac2)` would suffice

Note: This linter can be disabled with `set_option linter.unnecessarySeqFocus false`
warning: Zeta23/XiPrime/PrimeSide/Traces.lean:464:13: Used `tac1 <;> tac2` where `(tac1; tac2)` would suffice

Note: This linter can be disabled with `set_option linter.unnecessarySeqFocus false`
⚠ [8990/9144] Replayed Zeta23.XiPrime.PrimeSide.Density
warning: Zeta23/XiPrime/PrimeSide/Density.lean:248:62: Used `tac1 <;> tac2` where `(tac1; tac2)` would suffice

Note: This linter can be disabled with `set_option linter.unnecessarySeqFocus false`
⚠ [8991/9144] Replayed Zeta23.XiPrime.PrimeSide.Cross
warning: Zeta23/XiPrime/PrimeSide/Cross.lean:51:10: `MeasureTheory.integral_finset_sum` has been deprecated: Use `MeasureTheory.integral_finsetSum` instead
warning: Zeta23/XiPrime/PrimeSide/Cross.lean:71:58: Variable name `hlam` is not explicitly referenced.

Hint: The binding can be removed (if unused) or named `_` (if used implicitly). Alternatively, prefix the name with `_` to silence this warning:
  [apply] _hlam

Note: This linter can be disabled with `set_option linter.unusedVariables false`
warning: Zeta23/XiPrime/PrimeSide/Cross.lean:165:19: Used `tac1 <;> tac2` where `(tac1; tac2)` would suffice

Note: This linter can be disabled with `set_option linter.unnecessarySeqFocus false`
⚠ [8992/9144] Replayed Zeta23.XiPrime.PrimeSide.Trace
warning: Zeta23/XiPrime/PrimeSide/Trace.lean:58:10: `MeasureTheory.integral_finset_sum` has been deprecated: Use `MeasureTheory.integral_finsetSum` instead
⚠ [8993/9144] Replayed Zeta23.XiPrime.PrimeSide.Abel
warning: Zeta23/XiPrime/PrimeSide/Abel.lean:69:59: `Set.mem_setOf_eq` has been deprecated: Use `Set.mem_ofPred_eq` instead
warning: Zeta23/XiPrime/PrimeSide/Abel.lean:149:63: `Set.mem_setOf_eq` has been deprecated: Use `Set.mem_ofPred_eq` instead
warning: Zeta23/XiPrime/PrimeSide/Abel.lean:69:59: This simp argument is unused:
  Set.mem_setOf_eq

Hint: Omit it from the simp argument list.
  [apply] simp only [Set.mem_compl_iff, Set.mem_singleton_iff, ne_eq]

Note: This linter can be disabled with `set_option linter.unusedSimpArgs false`
warning: Zeta23/XiPrime/PrimeSide/Abel.lean:198:4: 'beta_reduce' tactic does nothing

Note: This linter can be disabled with `set_option linter.unusedTactic false`
⚠ [8998/9144] Replayed Zeta23.XiPrime.QuarticWindow.ModWindow
warning: Zeta23/XiPrime/QuarticWindow/ModWindow.lean:87:17: `Set.mem_setOf_eq` has been deprecated: Use `Set.mem_ofPred_eq` instead
⚠ [9007/9144] Replayed Zeta23.XiPrime.Transfer.Dependence
warning: Zeta23/XiPrime/Transfer/Dependence.lean:171:10: `MeasureTheory.integral_finset_sum` has been deprecated: Use `MeasureTheory.integral_finsetSum` instead
⚠ [9008/9144] Replayed Zeta23.XiPrime.Transfer
warning: Zeta23/XiPrime/Transfer.lean:718:31: This simp argument is unused:
  Matrix.diag_apply

Hint: Omit it from the simp argument list.
  [apply] simp only [Matrix.trace, map_sum, RCLike.re_to_complex, Complex.ofReal_re]

Note: This linter can be disabled with `set_option linter.unusedSimpArgs false`
warning: Zeta23/XiPrime/Transfer.lean:718:81: This simp argument is unused:
  Complex.ofReal_re

Hint: Omit it from the simp argument list.
  [apply] simp only [Matrix.trace, Matrix.diag_apply, map_sum, RCLike.re_to_complex]

Note: This linter can be disabled with `set_option linter.unusedSimpArgs false`
⚠ [9009/9144] Replayed Zeta23.XiPrime.PrimeSide.PP
warning: Zeta23/XiPrime/PrimeSide/PP.lean:152:8: `MeasureTheory.integral_finset_sum` has been deprecated: Use `MeasureTheory.integral_finsetSum` instead
warning: Zeta23/XiPrime/PrimeSide/PP.lean:152:42: `MeasureTheory.integrable_finset_sum` has been deprecated: Use `MeasureTheory.integrable_finsetSum` instead
warning: Zeta23/XiPrime/PrimeSide/PP.lean:154:8: `MeasureTheory.integral_finset_sum` has been deprecated: Use `MeasureTheory.integral_finsetSum` instead
⚠ [9010/9144] Replayed Zeta23.XiPrime.PrimeSide.PPUpper
warning: Zeta23/XiPrime/PrimeSide/PPUpper.lean:57:18: Variable name `hlam` is not explicitly referenced.

Hint: The binding can be removed (if unused) or named `_` (if used implicitly). Alternatively, prefix the name with `_` to silence this warning:
  [apply] _hlam

Note: This linter can be disabled with `set_option linter.unusedVariables false`
⚠ [9018/9144] Replayed Zeta23.Taper.GevreyRamps
warning: Zeta23/Taper/GevreyRamps.lean:73:88: `ENat.coe_lt_top` has been deprecated: Use `ENat.natCast_lt_top` instead
warning: Zeta23/Taper/GevreyRamps.lean:211:83: This simp argument is unused:
  Rp

Hint: Omit it from the simp argument list.
  [apply] simp

Note: This linter can be disabled with `set_option linter.unusedSimpArgs false`
warning: Zeta23/Taper/GevreyRamps.lean:213:83: This simp argument is unused:
  Rm

Hint: Omit it from the simp argument list.
  [apply] simp

Note: This linter can be disabled with `set_option linter.unusedSimpArgs false`
⚠ [9021/9144] Replayed Zeta23.XiPrime.FamilyHypsV
warning: Zeta23/XiPrime/FamilyHypsV.lean:223:11: `MeasureTheory.integrable_finset_sum` has been deprecated: Use `MeasureTheory.integrable_finsetSum` instead
warning: Zeta23/XiPrime/FamilyHypsV.lean:276:16: `MeasureTheory.integral_finset_sum` has been deprecated: Use `MeasureTheory.integral_finsetSum` instead
✔ [9023/9144] Built Zeta23.W1.Soundness (5.2s)
✔ [9024/9144] Built Zeta23.W1.ArgPrincipleBridge (1.6s)
✔ [9025/9144] Built Zeta23.W1.Ledger (1.6s)
✔ [9026/9144] Built Zeta23.W1.FDH (1.7s)
✔ [9027/9144] Built Zeta23.DBN.BarrierCert (3.5s)
✔ [9028/9144] Built Zeta23.DBN.Instance02.Rect (1.3s)
✔ [9029/9144] Built Zeta23.DBN.Instance02.arb_0070 (4.4s)
✔ [9030/9144] Built Zeta23.DBN.Instance02.arb_0069 (4.5s)
✔ [9031/9144] Built Zeta23.DBN.Instance02.arb_0071 (4.4s)
✔ [9032/9144] Built Zeta23.DBN.Instance02.arb_0062 (4.6s)
✔ [9033/9144] Built Zeta23.DBN.Instance02.arb_0063 (4.5s)
✔ [9034/9144] Built Zeta23.DBN.Instance02.arb_0066 (4.5s)
✔ [9035/9144] Built Zeta23.DBN.Instance02.arb_0068 (4.6s)
✔ [9036/9144] Built Zeta23.DBN.Instance02.arb_0064 (4.6s)
✔ [9037/9144] Built Zeta23.DBN.Instance02.arb_0067 (4.6s)
✔ [9038/9144] Built Zeta23.DBN.Instance02.arb_0065 (4.7s)
✔ [9039/9144] Built Zeta23.DBN.Instance02.arb_0061 (4.2s)
✔ [9040/9144] Built Zeta23.DBN.Instance02.arb_0059 (4.3s)
✔ [9041/9144] Built Zeta23.DBN.Instance02.arb_0060 (4.4s)
✔ [9042/9144] Built Zeta23.DBN.Instance02.arb_0057 (4.4s)
✔ [9043/9144] Built Zeta23.DBN.Instance02.arb_0058 (4.4s)
✔ [9044/9144] Built Zeta23.DBN.Instance02.arb_0056 (4.5s)
✔ [9045/9144] Built Zeta23.DBN.Instance02.arb_0052 (4.5s)
✔ [9046/9144] Built Zeta23.DBN.Instance02.arb_0055 (4.6s)
✔ [9047/9144] Built Zeta23.DBN.Instance02.arb_0054 (4.6s)
✔ [9048/9144] Built Zeta23.DBN.Instance02.arb_0053 (4.7s)
✔ [9049/9144] Built Zeta23.DBN.Instance02.arb_0051 (3.9s)
✔ [9050/9144] Built Zeta23.DBN.Instance02.arb_0050 (4.1s)
✔ [9051/9144] Built Zeta23.DBN.Instance02.arb_0049 (4.1s)
✔ [9052/9144] Built Zeta23.DBN.Instance02.arb_0046 (4.1s)
✔ [9053/9144] Built Zeta23.DBN.Instance02.arb_0047 (4.2s)
✔ [9054/9144] Built Zeta23.DBN.Instance02.arb_0048 (4.2s)
✔ [9055/9144] Built Zeta23.DBN.Instance02.arb_0044 (4.2s)
✔ [9056/9144] Built Zeta23.DBN.Instance02.arb_0045 (4.3s)
✔ [9057/9144] Built Zeta23.DBN.Instance02.arb_0043 (4.2s)
✔ [9058/9144] Built Zeta23.DBN.Instance02.arb_0042 (4.2s)
✔ [9059/9144] Built Zeta23.DBN.Instance02.arb_0041 (3.7s)
✔ [9060/9144] Built Zeta23.DBN.Instance02.arb_0039 (3.0s)
✔ [9061/9144] Built Zeta23.DBN.Instance02.arb_0040 (4.1s)
✔ [9062/9144] Built Zeta23.DBN.Instance02.arb_0038 (4.1s)
✔ [9063/9144] Built Zeta23.DBN.Instance02.arb_0036 (4.2s)
✔ [9064/9144] Built Zeta23.DBN.Instance02.arb_0037 (4.4s)
✔ [9065/9144] Built Zeta23.DBN.Instance02.arb_0032 (4.1s)
✔ [9066/9144] Built Zeta23.DBN.Instance02.arb_0034 (4.2s)
✔ [9067/9144] Built Zeta23.DBN.Instance02.arb_0035 (4.2s)
✔ [9068/9144] Built Zeta23.DBN.Instance02.arb_0033 (4.3s)
✔ [9069/9144] Built Zeta23.DBN.Instance02.arb_0031 (3.6s)
✔ [9070/9144] Built Zeta23.DBN.Instance02.arb_0029 (3.7s)
✔ [9071/9144] Built Zeta23.DBN.Instance02.arb_0030 (3.8s)
✔ [9072/9144] Built Zeta23.DBN.Instance02.arb_0028 (4.1s)
✔ [9073/9144] Built Zeta23.DBN.Instance02.arb_0027 (4.1s)
✔ [9074/9144] Built Zeta23.DBN.Instance02.arb_0025 (4.1s)
✔ [9075/9144] Built Zeta23.DBN.Instance02.arb_0024 (4.3s)
✔ [9076/9144] Built Zeta23.DBN.Instance02.arb_0023 (4.4s)
✔ [9077/9144] Built Zeta23.DBN.Instance02.arb_0026 (4.6s)
✔ [9078/9144] Built Zeta23.DBN.Instance02.arb_0022 (4.4s)
✔ [9079/9144] Built Zeta23.DBN.Instance02.arb_0021 (3.7s)
✔ [9080/9144] Built Zeta23.DBN.Instance02.arb_0019 (3.8s)
✔ [9081/9144] Built Zeta23.DBN.Instance02.arb_0020 (3.9s)
✔ [9082/9144] Built Zeta23.DBN.Instance02.arb_0017 (3.7s)
✔ [9083/9144] Built Zeta23.DBN.Instance02.arb_0018 (3.9s)
✔ [9084/9144] Built Zeta23.DBN.Instance02.arb_0016 (4.1s)
✔ [9085/9144] Built Zeta23.DBN.Instance02.arb_0013 (3.0s)
✔ [9086/9144] Built Zeta23.DBN.Instance02.arb_0015 (4.3s)
✔ [9087/9144] Built Zeta23.DBN.Instance02.arb_0012 (4.2s)
✔ [9088/9144] Built Zeta23.DBN.Instance02.arb_0014 (4.3s)
✔ [9089/9144] Built Zeta23.DBN.Instance02.arb_0011 (4.2s)
✔ [9090/9144] Built Zeta23.DBN.Instance02.arb_0009 (4.3s)
✔ [9091/9144] Built Zeta23.DBN.Instance02.arb_0010 (4.3s)
✔ [9092/9144] Built Zeta23.DBN.Instance02.arb_0007 (4.1s)
✔ [9093/9144] Built Zeta23.DBN.Instance02.arb_0008 (4.2s)
✔ [9094/9144] Built Zeta23.DBN.Instance02.arb_0006 (4.7s)
✔ [9095/9144] Built Zeta23.DBN.Instance02.arb_0005 (4.6s)
✔ [9096/9144] Built Zeta23.DBN.Instance02.arb_0004 (4.7s)
✔ [9097/9144] Built Zeta23.DBN.Instance02.arb_0002 (4.7s)
✔ [9098/9144] Built Zeta23.DBN.Instance02.arb_0003 (4.7s)
✔ [9099/9144] Built Zeta23.DBN.Instance02.arb_0001 (4.7s)
✔ [9100/9144] Built Zeta23.DBN.Instance02.mp_0038 (3.9s)
✔ [9101/9144] Built Zeta23.DBN.Instance02.mp_0036 (3.7s)
✔ [9102/9144] Built Zeta23.DBN.Instance02.mp_0037 (3.9s)
✔ [9103/9144] Built Zeta23.DBN.Instance02.arb_0000 (4.7s)
✔ [9104/9144] Built Zeta23.DBN.Instance02.mp_0035 (4.1s)
✔ [9105/9144] Built Zeta23.DBN.Instance02.mp_0033 (3.0s)
✔ [9106/9144] Built Zeta23.DBN.Instance02.mp_0034 (4.2s)
✔ [9107/9144] Built Zeta23.DBN.Instance02.mp_0031 (4.1s)
✔ [9108/9144] Built Zeta23.DBN.Instance02.mp_0032 (4.1s)
✔ [9109/9144] Built Zeta23.DBN.Instance02.mp_0030 (3.0s)
✔ [9110/9144] Built Zeta23.DBN.Instance02.mp_0029 (4.2s)
✔ [9111/9144] Built Zeta23.DBN.Instance02.mp_0028 (4.1s)
✔ [9112/9144] Built Zeta23.DBN.Instance02.mp_0026 (3.8s)
✔ [9113/9144] Built Zeta23.DBN.Instance02.mp_0027 (4.0s)
✔ [9114/9144] Built Zeta23.DBN.Instance02.mp_0025 (4.1s)
✔ [9115/9144] Built Zeta23.DBN.Instance02.mp_0023 (4.1s)
✔ [9116/9144] Built Zeta23.DBN.Instance02.mp_0024 (4.1s)
✔ [9117/9144] Built Zeta23.DBN.Instance02.mp_0021 (4.1s)
✔ [9118/9144] Built Zeta23.DBN.Instance02.mp_0022 (4.0s)
✔ [9119/9144] Built Zeta23.DBN.Instance02.mp_0020 (3.9s)
✔ [9120/9144] Built Zeta23.DBN.Instance02.mp_0016 (4.0s)
✔ [9121/9144] Built Zeta23.DBN.Instance02.mp_0017 (4.0s)
✔ [9122/9144] Built Zeta23.DBN.Instance02.mp_0018 (4.1s)
✔ [9123/9144] Built Zeta23.DBN.Instance02.mp_0019 (4.2s)
✔ [9124/9144] Built Zeta23.DBN.Instance02.mp_0015 (4.2s)
✔ [9125/9144] Built Zeta23.DBN.Instance02.mp_0012 (3.9s)
✔ [9126/9144] Built Zeta23.DBN.Instance02.mp_0013 (4.1s)
✔ [9127/9144] Built Zeta23.DBN.Instance02.mp_0014 (4.1s)
✔ [9128/9144] Built Zeta23.DBN.Instance02.mp_0011 (3.0s)
✔ [9129/9144] Built Zeta23.DBN.Instance02.mp_0010 (3.6s)
✔ [9130/9144] Built Zeta23.DBN.Instance02.mp_0006 (4.2s)
✔ [9131/9144] Built Zeta23.DBN.Instance02.mp_0007 (4.2s)
✔ [9132/9144] Built Zeta23.DBN.Instance02.mp_0008 (4.2s)
✔ [9133/9144] Built Zeta23.DBN.Instance02.mp_0009 (4.3s)
✔ [9134/9144] Built Zeta23.DBN.Instance02.mp_0005 (3.8s)
✔ [9135/9144] Built Zeta23.DBN.Instance02.mp_0003 (3.8s)
✔ [9136/9144] Built Zeta23.DBN.Instance02.mp_0004 (3.7s)
✔ [9137/9144] Built Zeta23.DBN.Instance02.mp_0001 (3.8s)
✔ [9138/9144] Built Zeta23.DBN.Instance02.mp_0002 (3.8s)
✔ [9139/9144] Built Zeta23.DBN.Instance02.mp_0000 (3.2s)
✔ [9140/9144] Built Zeta23.DBN.Instance02.arb_Barrier (2.0s)
✔ [9141/9144] Built Zeta23.DBN.Instance02.mp_Barrier (1.5s)
✔ [9142/9144] Built Zeta23.DBN.Instance02 (1.5s)
✔ [9143/9144] Built Zeta23 (14s)
Build completed successfully (9144 jobs).
lake build Zeta23  300.58s user 188.22s system 616% cpu 1:19.34 total
LAKE_EXIT=0
END 2026-09-10 03:52:09
