T=1e6 crystal  d/D=1.0  L=log2-  K= 11 nonzero modes=  0 violating=  0
T=1e6 crystal  d/D=1.0  L=ell/6  K= 32 nonzero modes=  1 violating=  1  worst k=32 u=1.996 |c|=64.00 bound=4.631
T=1e6 crystal  d/D=1.0  L=ell/3  K= 64 nonzero modes=  1 violating=  1  worst k=32 u=1.996 |c|=64.00 bound=4.631
T=1e6 crystal  d/D=1.0  L=ell    K=192 nonzero modes=  4 violating=  2  worst k=32 u=1.996 |c|=64.00 bound=4.631
T=1e6 crystal  d/D=0.1  L=log2-  K= 11 nonzero modes=  0 violating=  0
T=1e6 crystal  d/D=0.1  L=ell/6  K= 32 nonzero modes=  1 violating=  1  worst k=32 u=1.996 |c|=64.00 bound=0.000
T=1e6 crystal  d/D=0.1  L=ell/3  K= 64 nonzero modes=  1 violating=  1  worst k=32 u=1.996 |c|=64.00 bound=0.000
T=1e6 crystal  d/D=0.1  L=ell    K=192 nonzero modes=  4 violating=  4  worst k=32 u=1.996 |c|=64.00 bound=0.000
T=1e6 dipole   d/D=1.0  L=log2-  K= 11 nonzero modes=  0 violating=  0
T=1e6 dipole   d/D=1.0  L=ell/6  K= 32 nonzero modes=  1 violating=  1  worst k=32 u=1.996 |c|=32.00 bound=4.631
T=1e6 dipole   d/D=1.0  L=ell/3  K= 64 nonzero modes=  2 violating=  2  worst k=32 u=1.996 |c|=32.00 bound=4.631
T=1e6 dipole   d/D=1.0  L=ell    K=192 nonzero modes=  6 violating=  3  worst k=32 u=1.996 |c|=32.00 bound=4.631
T=1e6 dipole   d/D=0.1  L=log2-  K= 11 nonzero modes=  0 violating=  0
T=1e6 dipole   d/D=0.1  L=ell/6  K= 32 nonzero modes=  1 violating=  1  worst k=32 u=1.996 |c|=32.00 bound=0.000
T=1e6 dipole   d/D=0.1  L=ell/3  K= 64 nonzero modes=  2 violating=  2  worst k=64 u=3.993 |c|=55.43 bound=0.000
T=1e6 dipole   d/D=0.1  L=ell    K=192 nonzero modes=  6 violating=  5  worst k=64 u=3.993 |c|=55.43 bound=0.000
T=1e6 random   d/D=1.0  L=log2-  K= 11 nonzero modes= 11 violating= 10  worst k=2 u=0.125 |c|=12.69 bound=0.000
T=1e6 random   d/D=1.0  L=ell/6  K= 32 nonzero modes= 32 violating= 25  worst k=2 u=0.125 |c|=12.69 bound=0.000
T=1e6 random   d/D=1.0  L=ell/3  K= 64 nonzero modes= 64 violating= 39  worst k=40 u=2.495 |c|=7.60 bound=0.000
T=1e6 random   d/D=1.0  L=ell    K=192 nonzero modes=191 violating= 39  worst k=40 u=2.495 |c|=7.60 bound=0.000
T=1e6 random   d/D=0.1  L=log2-  K= 11 nonzero modes= 11 violating= 11  worst k=2 u=0.125 |c|=12.69 bound=0.000
T=1e6 random   d/D=0.1  L=ell/6  K= 32 nonzero modes= 32 violating= 32  worst k=12 u=0.749 |c|=12.24 bound=0.000
T=1e6 random   d/D=0.1  L=ell/3  K= 64 nonzero modes= 64 violating= 62  worst k=47 u=2.932 |c|=2.14 bound=0.000
T=1e6 random   d/D=0.1  L=ell    K=192 nonzero modes=191 violating=102  worst k=47 u=2.932 |c|=2.14 bound=0.000
T=1e12 crystal  d/D=1.0  L=log2-  K=  5 nonzero modes=  0 violating=  0
T=1e12 crystal  d/D=1.0  L=ell/6  K= 32 nonzero modes=  1 violating=  1  worst k=32 u=4.299 |c|=64.00 bound=19.616
T=1e12 crystal  d/D=1.0  L=ell/3  K= 64 nonzero modes=  1 violating=  1  worst k=32 u=4.299 |c|=64.00 bound=19.616
T=1e12 crystal  d/D=1.0  L=ell    K=192 nonzero modes=  4 violating=  1  worst k=32 u=4.299 |c|=64.00 bound=19.616
T=1e12 crystal  d/D=0.1  L=log2-  K=  5 nonzero modes=  0 violating=  0
T=1e12 crystal  d/D=0.1  L=ell/6  K= 32 nonzero modes=  1 violating=  1  worst k=32 u=4.299 |c|=64.00 bound=2.814
T=1e12 crystal  d/D=0.1  L=ell/3  K= 64 nonzero modes=  1 violating=  1  worst k=32 u=4.299 |c|=64.00 bound=2.814
T=1e12 crystal  d/D=0.1  L=ell    K=192 nonzero modes=  4 violating=  1  worst k=32 u=4.299 |c|=64.00 bound=2.814
T=1e12 dipole   d/D=1.0  L=log2-  K=  5 nonzero modes=  0 violating=  0
T=1e12 dipole   d/D=1.0  L=ell/6  K= 32 nonzero modes=  1 violating=  1  worst k=32 u=4.299 |c|=32.00 bound=19.616
T=1e12 dipole   d/D=1.0  L=ell/3  K= 64 nonzero modes=  2 violating=  1  worst k=32 u=4.299 |c|=32.00 bound=19.616
T=1e12 dipole   d/D=1.0  L=ell    K=192 nonzero modes=  6 violating=  1  worst k=32 u=4.299 |c|=32.00 bound=19.616
T=1e12 dipole   d/D=0.1  L=log2-  K=  5 nonzero modes=  0 violating=  0
T=1e12 dipole   d/D=0.1  L=ell/6  K= 32 nonzero modes=  1 violating=  1  worst k=32 u=4.299 |c|=32.00 bound=2.814
T=1e12 dipole   d/D=0.1  L=ell/3  K= 64 nonzero modes=  2 violating=  2  worst k=32 u=4.299 |c|=32.00 bound=2.814
T=1e12 dipole   d/D=0.1  L=ell    K=192 nonzero modes=  6 violating=  2  worst k=32 u=4.299 |c|=32.00 bound=2.814
T=1e12 random   d/D=1.0  L=log2-  K=  5 nonzero modes=  5 violating=  4  worst k=1 u=0.134 |c|=8.41 bound=0.000
T=1e12 random   d/D=1.0  L=ell/6  K= 32 nonzero modes= 32 violating= 16  worst k=1 u=0.134 |c|=8.41 bound=0.000
T=1e12 random   d/D=1.0  L=ell/3  K= 64 nonzero modes= 64 violating= 16  worst k=1 u=0.134 |c|=8.41 bound=0.000
T=1e12 random   d/D=1.0  L=ell    K=192 nonzero modes=192 violating= 17  worst k=1 u=0.134 |c|=8.41 bound=0.000
T=1e12 random   d/D=0.1  L=log2-  K=  5 nonzero modes=  5 violating=  5  worst k=1 u=0.134 |c|=8.41 bound=0.000
T=1e12 random   d/D=0.1  L=ell/6  K= 32 nonzero modes= 32 violating= 28  worst k=1 u=0.134 |c|=8.41 bound=0.000
T=1e12 random   d/D=0.1  L=ell/3  K= 64 nonzero modes= 64 violating= 46  worst k=1 u=0.134 |c|=8.41 bound=0.000
T=1e12 random   d/D=0.1  L=ell    K=192 nonzero modes=192 violating= 46  worst k=1 u=0.134 |c|=8.41 bound=0.000
T=1e20 crystal  d/D=1.0  L=log2-  K=  3 nonzero modes=  0 violating=  0
T=1e20 crystal  d/D=1.0  L=ell/6  K= 32 nonzero modes=  1 violating=  0
T=1e20 crystal  d/D=1.0  L=ell/3  K= 64 nonzero modes=  1 violating=  0
T=1e20 crystal  d/D=1.0  L=ell    K=192 nonzero modes=  4 violating=  0
T=1e20 crystal  d/D=0.1  L=log2-  K=  3 nonzero modes=  0 violating=  0
T=1e20 crystal  d/D=0.1  L=ell/6  K= 32 nonzero modes=  1 violating=  1  worst k=32 u=7.369 |c|=64.00 bound=9.072
T=1e20 crystal  d/D=0.1  L=ell/3  K= 64 nonzero modes=  1 violating=  1  worst k=32 u=7.369 |c|=64.00 bound=9.072
T=1e20 crystal  d/D=0.1  L=ell    K=192 nonzero modes=  4 violating=  1  worst k=32 u=7.369 |c|=64.00 bound=9.072
T=1e20 dipole   d/D=1.0  L=log2-  K=  3 nonzero modes=  0 violating=  0
T=1e20 dipole   d/D=1.0  L=ell/6  K= 32 nonzero modes=  1 violating=  0
T=1e20 dipole   d/D=1.0  L=ell/3  K= 64 nonzero modes=  2 violating=  0
T=1e20 dipole   d/D=1.0  L=ell    K=192 nonzero modes=  6 violating=  0
T=1e20 dipole   d/D=0.1  L=log2-  K=  3 nonzero modes=  0 violating=  0
T=1e20 dipole   d/D=0.1  L=ell/6  K= 32 nonzero modes=  1 violating=  1  worst k=32 u=7.369 |c|=32.00 bound=9.072
T=1e20 dipole   d/D=0.1  L=ell/3  K= 64 nonzero modes=  2 violating=  1  worst k=32 u=7.369 |c|=32.00 bound=9.072
T=1e20 dipole   d/D=0.1  L=ell    K=192 nonzero modes=  6 violating=  1  worst k=32 u=7.369 |c|=32.00 bound=9.072
T=1e20 random   d/D=1.0  L=log2-  K=  3 nonzero modes=  3 violating=  3  worst k=2 u=0.461 |c|=11.54 bound=0.000
T=1e20 random   d/D=1.0  L=ell/6  K= 32 nonzero modes= 32 violating=  8  worst k=2 u=0.461 |c|=11.54 bound=0.000
T=1e20 random   d/D=1.0  L=ell/3  K= 64 nonzero modes= 63 violating=  8  worst k=2 u=0.461 |c|=11.54 bound=0.000
T=1e20 random   d/D=1.0  L=ell    K=192 nonzero modes=190 violating=  8  worst k=2 u=0.461 |c|=11.54 bound=0.000
T=1e20 random   d/D=0.1  L=log2-  K=  3 nonzero modes=  3 violating=  3  worst k=2 u=0.461 |c|=11.54 bound=0.000
T=1e20 random   d/D=0.1  L=ell/6  K= 32 nonzero modes= 32 violating= 29  worst k=2 u=0.461 |c|=11.54 bound=0.000
T=1e20 random   d/D=0.1  L=ell/3  K= 64 nonzero modes= 63 violating= 30  worst k=2 u=0.461 |c|=11.54 bound=0.000
T=1e20 random   d/D=0.1  L=ell    K=192 nonzero modes=190 violating= 30  worst k=2 u=0.461 |c|=11.54 bound=0.000
