== data/bern_a0.60  a=0.60  (candidates a/2=0.3000, a/3=0.2000, a-1/2=0.1000)
   bern_a0.600_s1               sup-slope[1e5,x]=0.3266  supL3-slope=0.4206  drift=-0.03  RMS_top=135.3  sqrt(rho Q/12)=61.91  ratio=2.19
   bern_a0.600_s2               sup-slope[1e5,x]=0.2771  supL3-slope=0.3711  drift=-0.10  RMS_top=62.24  sqrt(rho Q/12)=63.91  ratio=0.97
   bern_a0.600_s3               sup-slope[1e5,x]=0.3288  supL3-slope=0.4228  drift=+1.30  RMS_top=174.3  sqrt(rho Q/12)=66.06  ratio=2.64
   bern_a0.600_s4               sup-slope[1e5,x]=0.2808  supL3-slope=0.3748  drift=+0.74  RMS_top=82.34  sqrt(rho Q/12)=73.72  ratio=1.12
   bern_a0.600_s5               sup-slope[1e5,x]=0.2687  supL3-slope=0.3627  drift=+1.21  RMS_top=230.8  sqrt(rho Q/12)=94.14  ratio=2.45
   bern_a0.600_s6               sup-slope[1e5,x]=0.3207  supL3-slope=0.4147  drift=+0.99  RMS_top=139.3  sqrt(rho Q/12)=66.01  ratio=2.11
   bern_a0.600_s7               sup-slope[1e5,x]=0.2976  supL3-slope=0.3917  drift=+0.07  RMS_top=74.02  sqrt(rho Q/12)=78.08  ratio=0.95
   bern_a0.600_s8               sup-slope[1e5,x]=0.3204  supL3-slope=0.4145  drift=-0.02  RMS_top=101.8  sqrt(rho Q/12)=77.72  ratio=1.31
== data/bern_a0.75  a=0.75  (candidates a/2=0.3750, a/3=0.2500, a-1/2=0.2500)
   bern_a0.750_s1               sup-slope[1e5,x]=0.3423  supL3-slope=0.4363  drift=+0.91  RMS_top=346.2  sqrt(rho Q/12)=256.8  ratio=1.35
   bern_a0.750_s2               sup-slope[1e5,x]=0.3628  supL3-slope=0.4568  drift=+1.32  RMS_top=538.6  sqrt(rho Q/12)=258.2  ratio=2.09
   bern_a0.750_s3               sup-slope[1e5,x]=0.3298  supL3-slope=0.4238  drift=-1.52  RMS_top=893  sqrt(rho Q/12)=443.4  ratio=2.01
   bern_a0.750_s4               sup-slope[1e5,x]=0.3147  supL3-slope=0.4087  drift=-0.03  RMS_top=261.9  sqrt(rho Q/12)=295.2  ratio=0.89
   bern_a0.750_s5               sup-slope[1e5,x]=0.3391  supL3-slope=0.4331  drift=+0.30  RMS_top=432  sqrt(rho Q/12)=222  ratio=1.95
   bern_a0.750_s6               sup-slope[1e5,x]=0.3974  supL3-slope=0.4914  drift=-0.34  RMS_top=723.4  sqrt(rho Q/12)=207.7  ratio=3.48
   bern_a0.750_s7               sup-slope[1e5,x]=0.3300  supL3-slope=0.4240  drift=+0.19  RMS_top=218.5  sqrt(rho Q/12)=292  ratio=0.75
   bern_a0.750_s8               sup-slope[1e5,x]=0.4161  supL3-slope=0.5101  drift=-1.27  RMS_top=443  sqrt(rho Q/12)=334.8  ratio=1.32
== data/bern_a0.90  a=0.90  (candidates a/2=0.4500, a/3=0.3000, a-1/2=0.4000)
   bern_a0.900_s1               sup-slope[1e5,x]=0.4723  supL3-slope=0.5663  drift=-0.04  RMS_top=1677  sqrt(rho Q/12)=751.6  ratio=2.23
   bern_a0.900_s2               sup-slope[1e5,x]=0.4765  supL3-slope=0.5705  drift=-3.15  RMS_top=2706  sqrt(rho Q/12)=758.6  ratio=3.57
   bern_a0.900_s3               sup-slope[1e5,x]=0.4862  supL3-slope=0.5803  drift=-3.53  RMS_top=2174  sqrt(rho Q/12)=749.4  ratio=2.90
   bern_a0.900_s4               sup-slope[1e5,x]=0.4051  supL3-slope=0.4991  drift=+0.40  RMS_top=896.2  sqrt(rho Q/12)=700.7  ratio=1.28
   bern_a0.900_s5               sup-slope[1e5,x]=0.4832  supL3-slope=0.5772  drift=-2.89  RMS_top=4060  sqrt(rho Q/12)=1049  ratio=3.87
   bern_a0.900_s6               sup-slope[1e5,x]=0.5039  supL3-slope=0.5979  drift=+4.39  RMS_top=3601  sqrt(rho Q/12)=811.1  ratio=4.44
   bern_a0.900_s7               sup-slope[1e5,x]=0.4596  supL3-slope=0.5536  drift=-2.07  RMS_top=2187  sqrt(rho Q/12)=1095  ratio=2.00
   bern_a0.900_s8               sup-slope[1e5,x]=0.3755  supL3-slope=0.4695  drift=+1.14  RMS_top=2041  sqrt(rho Q/12)=752.1  ratio=2.71
== data/greedy_a0.60  a=0.60  (candidates a/2=0.3000, a/3=0.2000, a-1/2=0.1000)
   greedy_a0.600_s0             sup-slope[1e5,x]=0.2340  supL3-slope=0.3280  drift=-0.04  RMS_top=21.48  sqrt(rho Q/12)=69.2  ratio=0.31
== data/greedy_a0.75  a=0.75  (candidates a/2=0.3750, a/3=0.2500, a-1/2=0.2500)
   greedy_a0.750_s0             sup-slope[1e5,x]=0.3093  supL3-slope=0.4033  drift=-0.08  RMS_top=42.87  sqrt(rho Q/12)=250.2  ratio=0.17
== data/greedy_a0.90  a=0.90  (candidates a/2=0.4500, a/3=0.3000, a-1/2=0.4000)
   greedy_a0.900_s0             sup-slope[1e5,x]=0.3954  supL3-slope=0.4894  drift=-0.39  RMS_top=130.2  sqrt(rho Q/12)=741.6  ratio=0.18
== data_big/bern_a0.60  a=0.60  (candidates a/2=0.3000, a/3=0.2000, a-1/2=0.1000)
   bern_a0.600_s1               sup-slope[1e5,x]=0.3171  supL3-slope=0.4054  drift=+0.64  RMS_top=211.1  sqrt(rho Q/12)=123.5  ratio=1.71
   bern_a0.600_s2               sup-slope[1e5,x]=0.2769  supL3-slope=0.3652  drift=-0.27  RMS_top=171.4  sqrt(rho Q/12)=127.5  ratio=1.34
   bern_a0.600_s3               sup-slope[1e5,x]=0.3132  supL3-slope=0.4015  drift=-0.37  RMS_top=198.2  sqrt(rho Q/12)=131.8  ratio=1.50
   bern_a0.600_s4               sup-slope[1e5,x]=0.3030  supL3-slope=0.3914  drift=+1.11  RMS_top=277.6  sqrt(rho Q/12)=147.1  ratio=1.89
