alpha=0.600  Y=2e+08  #R(Y)=9247  H(alpha)=0.300421  H(alpha/2)=0.398680  P0=-0.315718  exp(-P(1-a/2))=-0.74891955  zeta(s0)=-0.90455926
K0=0.15527466   branch term B(x) = -0.20648542 * x^0.300 (log x)^-1.5
   x=1e+06  B(x)=   -0.254
   x=1e+07  B(x)=   -0.402
   x=1e+08  B(x)=   -0.656
   x=1e+09  B(x)=   -1.097
   x=1e+10  B(x)=   -1.869
alpha=0.750  Y=2e+08  #R(Y)=126974  H(alpha)=0.202523  H(alpha/2)=0.294282  P0=-0.315718  exp(-P(1-a/2))=-1.2574851  zeta(s0)=-1.0700879
K0=0.46595399   branch term B(x) = -0.49570333 * x^0.375 (log x)^-1.5
   x=1e+06  B(x)=   -1.717
   x=1e+07  B(x)=   -3.230
   x=1e+08  B(x)=   -6.270
   x=1e+09  B(x)=  -12.460
   x=1e+10  B(x)=  -25.229
alpha=0.900  Y=2e+08  #R(Y)=1833331  H(alpha)=0.153997  H(alpha/2)=0.283764  P0=-0.315718  exp(-P(1-a/2))=-2.5936175  zeta(s0)=-1.2824144
K0=1.432731   branch term B(x) = -1.270171 * x^0.450 (log x)^-1.5
   x=1e+06  B(x)=  -12.397
   x=1e+07  B(x)=  -27.726
   x=1e+08  B(x)=  -63.959
   x=1e+09  B(x)= -151.069
   x=1e+10  B(x)= -363.529
