== bern_a0.60  (runs=8, xmax=1e+09, sup|E| at xmax in [239.2, 602.2])
   candidates: alpha/2=0.3000, alpha/3=0.2000, alpha/4=0.1500, 1/(4-2a)=0.3571, 1/(3-a)=0.4167, 2a/(a+2) [BDR]=0.4615, a-1/2=0.1000
   window [1e+04, xmax]: sup=0.3034±0.0078(n=8)  rms=0.3030±0.0131(n=8)  rmsL=0.3373±0.0131(n=8)
   window [1e+05, xmax]: sup=0.3026±0.0087(n=8)  rms=0.2917±0.0172(n=8)  rmsL=0.3232±0.0172(n=8)
   window [1e+06, xmax]: sup=0.3139±0.0161(n=8)  rms=0.3142±0.0331(n=8)  rmsL=0.3433±0.0331(n=8)
   window [1e+07, xmax]: sup=0.3171±0.0297(n=8)  rms=0.2798±0.0444(n=8)  rmsL=0.3070±0.0444(n=8)
== bern_a0.75  (runs=8, xmax=1e+09, sup|E| at xmax in [787.9, 2007])
   candidates: alpha/2=0.3750, alpha/3=0.2500, alpha/4=0.1875, 1/(4-2a)=0.4000, 1/(3-a)=0.4444, 2a/(a+2) [BDR]=0.5455, a-1/2=0.2500
   window [1e+04, xmax]: sup=0.3531±0.0129(n=8)  rms=0.3370±0.0208(n=8)  rmsL=0.3713±0.0208(n=8)
   window [1e+05, xmax]: sup=0.3540±0.0126(n=8)  rms=0.3536±0.0250(n=8)  rmsL=0.3851±0.0250(n=8)
   window [1e+06, xmax]: sup=0.3547±0.0133(n=8)  rms=0.3583±0.0242(n=8)  rmsL=0.3874±0.0242(n=8)
   window [1e+07, xmax]: sup=0.3731±0.0270(n=8)  rms=0.3305±0.0753(n=8)  rmsL=0.3577±0.0753(n=8)
== bern_a0.90  (runs=8, xmax=1e+09, sup|E| at xmax in [3280, 9229])
   candidates: alpha/2=0.4500, alpha/3=0.3000, alpha/4=0.2250, 1/(4-2a)=0.4545, 1/(3-a)=0.4762, 2a/(a+2) [BDR]=0.6207, a-1/2=0.4000
   window [1e+04, xmax]: sup=0.4571±0.0121(n=8)  rms=0.4656±0.0263(n=8)  rmsL=0.5000±0.0263(n=8)
   window [1e+05, xmax]: sup=0.4578±0.0156(n=8)  rms=0.4546±0.0349(n=8)  rmsL=0.4860±0.0349(n=8)
   window [1e+06, xmax]: sup=0.4552±0.0253(n=8)  rms=0.4723±0.0487(n=8)  rmsL=0.5014±0.0487(n=8)
   window [1e+07, xmax]: sup=0.5240±0.0300(n=8)  rms=0.5689±0.0598(n=8)  rmsL=0.5960±0.0598(n=8)
== cramer_s1  (runs=1, xmax=2e+08, sup|E| at xmax in [3.091e+04, 3.091e+04])
   window [1e+04, xmax]: sup=0.4958±nan(n=1)  rms=0.4532±nan(n=1)  rmsL=0.4893±nan(n=1)
   window [1e+05, xmax]: sup=0.4935±nan(n=1)  rms=0.4475±nan(n=1)  rmsL=0.4805±nan(n=1)
   window [1e+06, xmax]: sup=0.4835±nan(n=1)  rms=0.4404±nan(n=1)  rmsL=0.4708±nan(n=1)
   window [1e+07, xmax]: sup=0.4996±nan(n=1)  rms=0.4476±nan(n=1)  rmsL=0.4759±nan(n=1)
== cramer_s2  (runs=1, xmax=2e+08, sup|E| at xmax in [2.55e+04, 2.55e+04])
   window [1e+04, xmax]: sup=0.5035±nan(n=1)  rms=0.5195±nan(n=1)  rmsL=0.5556±nan(n=1)
   window [1e+05, xmax]: sup=0.5155±nan(n=1)  rms=0.5349±nan(n=1)  rmsL=0.5678±nan(n=1)
   window [1e+06, xmax]: sup=0.4945±nan(n=1)  rms=0.5019±nan(n=1)  rmsL=0.5324±nan(n=1)
   window [1e+07, xmax]: sup=0.5109±nan(n=1)  rms=0.5162±nan(n=1)  rmsL=0.5445±nan(n=1)
== cramer_s3  (runs=1, xmax=2e+08, sup|E| at xmax in [9278, 9278])
   window [1e+04, xmax]: sup=0.5096±nan(n=1)  rms=0.4873±nan(n=1)  rmsL=0.5234±nan(n=1)
   window [1e+05, xmax]: sup=0.5242±nan(n=1)  rms=0.5120±nan(n=1)  rmsL=0.5449±nan(n=1)
   window [1e+06, xmax]: sup=0.5527±nan(n=1)  rms=0.5038±nan(n=1)  rmsL=0.5342±nan(n=1)
   window [1e+07, xmax]: sup=0.6281±nan(n=1)  rms=0.4922±nan(n=1)  rmsL=0.5206±nan(n=1)
== cramer_s4  (runs=1, xmax=2e+08, sup|E| at xmax in [7432, 7432])
   window [1e+04, xmax]: sup=0.4796±nan(n=1)  rms=0.4946±nan(n=1)  rmsL=0.5307±nan(n=1)
   window [1e+05, xmax]: sup=0.4928±nan(n=1)  rms=0.5050±nan(n=1)  rmsL=0.5380±nan(n=1)
   window [1e+06, xmax]: sup=0.4282±nan(n=1)  rms=0.4583±nan(n=1)  rmsL=0.4887±nan(n=1)
   window [1e+07, xmax]: sup=0.4520±nan(n=1)  rms=0.4659±nan(n=1)  rmsL=0.4943±nan(n=1)
== greedy_a0.60  (runs=1, xmax=1e+09, sup|E| at xmax in [110.9, 110.9])
   candidates: alpha/2=0.3000, alpha/3=0.2000, alpha/4=0.1500, 1/(4-2a)=0.3571, 1/(3-a)=0.4167, 2a/(a+2) [BDR]=0.4615, a-1/2=0.1000
   window [1e+04, xmax]: sup=0.2362±nan(n=1)  rms=0.2264±nan(n=1)  rmsL=0.2607±nan(n=1)
   window [1e+05, xmax]: sup=0.2340±nan(n=1)  rms=0.2287±nan(n=1)  rmsL=0.2602±nan(n=1)
   window [1e+06, xmax]: sup=0.2247±nan(n=1)  rms=0.2174±nan(n=1)  rmsL=0.2465±nan(n=1)
   window [1e+07, xmax]: sup=0.2157±nan(n=1)  rms=0.2287±nan(n=1)  rmsL=0.2558±nan(n=1)
== greedy_a0.60_c2  (runs=1, xmax=1e+09, sup|E| at xmax in [165.9, 165.9])
   candidates: alpha/2=0.3000, alpha/3=0.2000, alpha/4=0.1500, 1/(4-2a)=0.3571, 1/(3-a)=0.4167, 2a/(a+2) [BDR]=0.4615, a-1/2=0.1000
   window [1e+04, xmax]: sup=0.2715±nan(n=1)  rms=0.2500±nan(n=1)  rmsL=0.2843±nan(n=1)
   window [1e+05, xmax]: sup=0.2722±nan(n=1)  rms=0.2484±nan(n=1)  rmsL=0.2798±nan(n=1)
   window [1e+06, xmax]: sup=0.2883±nan(n=1)  rms=0.2581±nan(n=1)  rmsL=0.2872±nan(n=1)
   window [1e+07, xmax]: sup=0.2941±nan(n=1)  rms=0.2787±nan(n=1)  rmsL=0.3059±nan(n=1)
== greedy_a0.60_c6  (runs=1, xmax=1e+09, sup|E| at xmax in [1.583e+04, 1.583e+04])
   candidates: alpha/2=0.3000, alpha/3=0.2000, alpha/4=0.1500, 1/(4-2a)=0.3571, 1/(3-a)=0.4167, 2a/(a+2) [BDR]=0.4615, a-1/2=0.1000
   window [1e+04, xmax]: sup=0.4754±nan(n=1)  rms=0.4848±nan(n=1)  rmsL=0.5192±nan(n=1)
   window [1e+05, xmax]: sup=0.5110±nan(n=1)  rms=0.5518±nan(n=1)  rmsL=0.5832±nan(n=1)
   window [1e+06, xmax]: sup=0.6024±nan(n=1)  rms=0.7447±nan(n=1)  rmsL=0.7738±nan(n=1)
   window [1e+07, xmax]: sup=0.4063±nan(n=1)  rms=0.4123±nan(n=1)  rmsL=0.4395±nan(n=1)
== greedy_a0.75  (runs=1, xmax=1e+09, sup|E| at xmax in [240.4, 240.4])
   candidates: alpha/2=0.3750, alpha/3=0.2500, alpha/4=0.1875, 1/(4-2a)=0.4000, 1/(3-a)=0.4444, 2a/(a+2) [BDR]=0.5455, a-1/2=0.2500
   window [1e+04, xmax]: sup=0.3103±nan(n=1)  rms=0.2878±nan(n=1)  rmsL=0.3221±nan(n=1)
   window [1e+05, xmax]: sup=0.3093±nan(n=1)  rms=0.2914±nan(n=1)  rmsL=0.3228±nan(n=1)
   window [1e+06, xmax]: sup=0.3047±nan(n=1)  rms=0.2970±nan(n=1)  rmsL=0.3261±nan(n=1)
   window [1e+07, xmax]: sup=0.2910±nan(n=1)  rms=0.3093±nan(n=1)  rmsL=0.3364±nan(n=1)
== greedy_a0.75_c2  (runs=1, xmax=1e+09, sup|E| at xmax in [539, 539])
   candidates: alpha/2=0.3750, alpha/3=0.2500, alpha/4=0.1875, 1/(4-2a)=0.4000, 1/(3-a)=0.4444, 2a/(a+2) [BDR]=0.5455, a-1/2=0.2500
   window [1e+04, xmax]: sup=0.3732±nan(n=1)  rms=0.3811±nan(n=1)  rmsL=0.4155±nan(n=1)
   window [1e+05, xmax]: sup=0.3291±nan(n=1)  rms=0.2801±nan(n=1)  rmsL=0.3115±nan(n=1)
   window [1e+06, xmax]: sup=0.2996±nan(n=1)  rms=0.2287±nan(n=1)  rmsL=0.2578±nan(n=1)
   window [1e+07, xmax]: sup=0.2941±nan(n=1)  rms=0.1826±nan(n=1)  rmsL=0.2097±nan(n=1)
== greedy_a0.75_c6  (runs=1, xmax=1e+09, sup|E| at xmax in [2.826e+05, 2.826e+05])
   candidates: alpha/2=0.3750, alpha/3=0.2500, alpha/4=0.1875, 1/(4-2a)=0.4000, 1/(3-a)=0.4444, 2a/(a+2) [BDR]=0.5455, a-1/2=0.2500
   window [1e+04, xmax]: sup=0.7557±nan(n=1)  rms=0.7842±nan(n=1)  rmsL=0.8185±nan(n=1)
   window [1e+05, xmax]: sup=0.7614±nan(n=1)  rms=0.8172±nan(n=1)  rmsL=0.8486±nan(n=1)
   window [1e+06, xmax]: sup=0.5732±nan(n=1)  rms=0.5791±nan(n=1)  rmsL=0.6082±nan(n=1)
   window [1e+07, xmax]: sup=0.4228±nan(n=1)  rms=0.4278±nan(n=1)  rmsL=0.4549±nan(n=1)
== greedy_a0.90  (runs=1, xmax=1e+09, sup|E| at xmax in [597, 597])
   candidates: alpha/2=0.4500, alpha/3=0.3000, alpha/4=0.2250, 1/(4-2a)=0.4545, 1/(3-a)=0.4762, 2a/(a+2) [BDR]=0.6207, a-1/2=0.4000
   window [1e+04, xmax]: sup=0.3910±nan(n=1)  rms=0.3871±nan(n=1)  rmsL=0.4215±nan(n=1)
   window [1e+05, xmax]: sup=0.3954±nan(n=1)  rms=0.3836±nan(n=1)  rmsL=0.4150±nan(n=1)
   window [1e+06, xmax]: sup=0.3899±nan(n=1)  rms=0.3782±nan(n=1)  rmsL=0.4073±nan(n=1)
   window [1e+07, xmax]: sup=0.3976±nan(n=1)  rms=0.3574±nan(n=1)  rmsL=0.3846±nan(n=1)
== greedy_a0.90_c2  (runs=1, xmax=1e+09, sup|E| at xmax in [8.032e+04, 8.032e+04])
   candidates: alpha/2=0.4500, alpha/3=0.3000, alpha/4=0.2250, 1/(4-2a)=0.4545, 1/(3-a)=0.4762, 2a/(a+2) [BDR]=0.6207, a-1/2=0.4000
   window [1e+04, xmax]: sup=0.5006±nan(n=1)  rms=0.5020±nan(n=1)  rmsL=0.5363±nan(n=1)
   window [1e+05, xmax]: sup=0.4700±nan(n=1)  rms=0.4713±nan(n=1)  rmsL=0.5027±nan(n=1)
   window [1e+06, xmax]: sup=0.4429±nan(n=1)  rms=0.4441±nan(n=1)  rmsL=0.4732±nan(n=1)
   window [1e+07, xmax]: sup=0.4181±nan(n=1)  rms=0.4192±nan(n=1)  rmsL=0.4464±nan(n=1)
== mean_a0.60  (runs=1, xmax=2e+08, sup|E| at xmax in [6.713, 6.713])
   candidates: alpha/2=0.3000, alpha/3=0.2000, alpha/4=0.1500, 1/(4-2a)=0.3571, 1/(3-a)=0.4167, 2a/(a+2) [BDR]=0.4615, a-1/2=0.1000
   window [1e+04, xmax]: sup=0.1166±nan(n=1)  rms=0.0821±nan(n=1)  rmsL=0.1182±nan(n=1)
   window [1e+05, xmax]: sup=0.1133±nan(n=1)  rms=0.0848±nan(n=1)  rmsL=0.1177±nan(n=1)
   window [1e+06, xmax]: sup=0.1243±nan(n=1)  rms=0.0902±nan(n=1)  rmsL=0.1206±nan(n=1)
   window [1e+07, xmax]: sup=0.1267±nan(n=1)  rms=0.0990±nan(n=1)  rmsL=0.1273±nan(n=1)
== mean_a0.75  (runs=1, xmax=2e+08, sup|E| at xmax in [35.11, 35.11])
   candidates: alpha/2=0.3750, alpha/3=0.2500, alpha/4=0.1875, 1/(4-2a)=0.4000, 1/(3-a)=0.4444, 2a/(a+2) [BDR]=0.5455, a-1/2=0.2500
   window [1e+04, xmax]: sup=0.2471±nan(n=1)  rms=0.2370±nan(n=1)  rmsL=0.2731±nan(n=1)
   window [1e+05, xmax]: sup=0.2554±nan(n=1)  rms=0.2448±nan(n=1)  rmsL=0.2778±nan(n=1)
   window [1e+06, xmax]: sup=0.2763±nan(n=1)  rms=0.2516±nan(n=1)  rmsL=0.2820±nan(n=1)
   window [1e+07, xmax]: sup=0.2980±nan(n=1)  rms=0.2734±nan(n=1)  rmsL=0.3017±nan(n=1)
== mean_a0.90  (runs=1, xmax=2e+08, sup|E| at xmax in [169.4, 169.4])
   candidates: alpha/2=0.4500, alpha/3=0.3000, alpha/4=0.2250, 1/(4-2a)=0.4545, 1/(3-a)=0.4762, 2a/(a+2) [BDR]=0.6207, a-1/2=0.4000
   window [1e+04, xmax]: sup=0.3896±nan(n=1)  rms=0.3903±nan(n=1)  rmsL=0.4264±nan(n=1)
   window [1e+05, xmax]: sup=0.4082±nan(n=1)  rms=0.4002±nan(n=1)  rmsL=0.4331±nan(n=1)
   window [1e+06, xmax]: sup=0.4292±nan(n=1)  rms=0.4033±nan(n=1)  rmsL=0.4338±nan(n=1)
   window [1e+07, xmax]: sup=0.4514±nan(n=1)  rms=0.4280±nan(n=1)  rmsL=0.4564±nan(n=1)
== none  (runs=1, xmax=1e+09, sup|E| at xmax in [1, 1])
   window [1e+04, xmax]: sup=0.0000±nan(n=1)  rms=-0.0000±nan(n=1)  rmsL=0.0343±nan(n=1)
   window [1e+05, xmax]: sup=0.0000±nan(n=1)  rms=0.0000±nan(n=1)  rmsL=0.0314±nan(n=1)
   window [1e+06, xmax]: sup=0.0000±nan(n=1)  rms=0.0000±nan(n=1)  rmsL=0.0291±nan(n=1)
   window [1e+07, xmax]: sup=0.0000±nan(n=1)  rms=0.0000±nan(n=1)  rmsL=0.0272±nan(n=1)
