== bern_a0.60  (runs=4, xmax=1e+10, sup|E| at xmax in [565.8, 742.7])
   candidates: alpha/2=0.3000, alpha/3=0.2000, alpha/4=0.1500, 1/(4-2a)=0.3571, 1/(3-a)=0.4167, 2a/(a+2) [BDR]=0.4615, a-1/2=0.1000
   window [1e+04, xmax]: sup=0.2994±0.0104(n=4)  rms=0.3111±0.0169(n=4)  rmsL=0.3432±0.0169(n=4)
   window [1e+05, xmax]: sup=0.3026±0.0091(n=4)  rms=0.3136±0.0142(n=4)  rmsL=0.3432±0.0142(n=4)
   window [1e+06, xmax]: sup=0.3093±0.0155(n=4)  rms=0.3428±0.0243(n=4)  rmsL=0.3702±0.0243(n=4)
   window [1e+07, xmax]: sup=0.3118±0.0145(n=4)  rms=0.3212±0.0391(n=4)  rmsL=0.3469±0.0391(n=4)
== bern_a0.75  (runs=4, xmax=1e+10, sup|E| at xmax in [2182, 5701])
   candidates: alpha/2=0.3750, alpha/3=0.2500, alpha/4=0.1875, 1/(4-2a)=0.4000, 1/(3-a)=0.4444, 2a/(a+2) [BDR]=0.5455, a-1/2=0.2500
   window [1e+04, xmax]: sup=0.3573±0.0108(n=4)  rms=0.3601±0.0065(n=4)  rmsL=0.3922±0.0065(n=4)
   window [1e+05, xmax]: sup=0.3706±0.0035(n=4)  rms=0.3937±0.0104(n=4)  rmsL=0.4232±0.0104(n=4)
   window [1e+06, xmax]: sup=0.3887±0.0128(n=4)  rms=0.4159±0.0200(n=4)  rmsL=0.4433±0.0200(n=4)
   window [1e+07, xmax]: sup=0.4504±0.0094(n=4)  rms=0.4953±0.0448(n=4)  rmsL=0.5209±0.0448(n=4)
== bern_a0.90  (runs=4, xmax=1e+10, sup|E| at xmax in [6826, 1.574e+04])
   candidates: alpha/2=0.4500, alpha/3=0.3000, alpha/4=0.2250, 1/(4-2a)=0.4545, 1/(3-a)=0.4762, 2a/(a+2) [BDR]=0.6207, a-1/2=0.4000
   window [1e+04, xmax]: sup=0.4555±0.0150(n=4)  rms=0.4623±0.0297(n=4)  rmsL=0.4944±0.0297(n=4)
   window [1e+05, xmax]: sup=0.4546±0.0204(n=4)  rms=0.4409±0.0444(n=4)  rmsL=0.4704±0.0444(n=4)
   window [1e+06, xmax]: sup=0.4515±0.0255(n=4)  rms=0.4487±0.0492(n=4)  rmsL=0.4761±0.0492(n=4)
   window [1e+07, xmax]: sup=0.4756±0.0260(n=4)  rms=0.4515±0.0517(n=4)  rmsL=0.4771±0.0517(n=4)
== greedy_a0.60  (runs=1, xmax=1e+10, sup|E| at xmax in [175.7, 175.7])
   candidates: alpha/2=0.3000, alpha/3=0.2000, alpha/4=0.1500, 1/(4-2a)=0.3571, 1/(3-a)=0.4167, 2a/(a+2) [BDR]=0.4615, a-1/2=0.1000
   window [1e+04, xmax]: sup=0.2375±nan(n=1)  rms=0.2239±nan(n=1)  rmsL=0.2561±nan(n=1)
   window [1e+05, xmax]: sup=0.2367±nan(n=1)  rms=0.2242±nan(n=1)  rmsL=0.2538±nan(n=1)
   window [1e+06, xmax]: sup=0.2329±nan(n=1)  rms=0.2159±nan(n=1)  rmsL=0.2433±nan(n=1)
   window [1e+07, xmax]: sup=0.2348±nan(n=1)  rms=0.2188±nan(n=1)  rmsL=0.2444±nan(n=1)
== greedy_a0.60_c2  (runs=1, xmax=1e+10, sup|E| at xmax in [356.4, 356.4])
   candidates: alpha/2=0.3000, alpha/3=0.2000, alpha/4=0.1500, 1/(4-2a)=0.3571, 1/(3-a)=0.4167, 2a/(a+2) [BDR]=0.4615, a-1/2=0.1000
   window [1e+04, xmax]: sup=0.2784±nan(n=1)  rms=0.2527±nan(n=1)  rmsL=0.2848±nan(n=1)
   window [1e+05, xmax]: sup=0.2816±nan(n=1)  rms=0.2527±nan(n=1)  rmsL=0.2823±nan(n=1)
   window [1e+06, xmax]: sup=0.2938±nan(n=1)  rms=0.2599±nan(n=1)  rmsL=0.2873±nan(n=1)
   window [1e+07, xmax]: sup=0.2990±nan(n=1)  rms=0.2692±nan(n=1)  rmsL=0.2949±nan(n=1)
== greedy_a0.75  (runs=1, xmax=1e+10, sup|E| at xmax in [432.7, 432.7])
   candidates: alpha/2=0.3750, alpha/3=0.2500, alpha/4=0.1875, 1/(4-2a)=0.4000, 1/(3-a)=0.4444, 2a/(a+2) [BDR]=0.5455, a-1/2=0.2500
   window [1e+04, xmax]: sup=0.3084±nan(n=1)  rms=0.2908±nan(n=1)  rmsL=0.3230±nan(n=1)
   window [1e+05, xmax]: sup=0.3069±nan(n=1)  rms=0.2940±nan(n=1)  rmsL=0.3236±nan(n=1)
   window [1e+06, xmax]: sup=0.3034±nan(n=1)  rms=0.2984±nan(n=1)  rmsL=0.3259±nan(n=1)
   window [1e+07, xmax]: sup=0.2987±nan(n=1)  rms=0.3042±nan(n=1)  rmsL=0.3299±nan(n=1)
== greedy_a0.90  (runs=1, xmax=1e+10, sup|E| at xmax in [1298, 1298])
   candidates: alpha/2=0.4500, alpha/3=0.3000, alpha/4=0.2250, 1/(4-2a)=0.4545, 1/(3-a)=0.4762, 2a/(a+2) [BDR]=0.6207, a-1/2=0.4000
   window [1e+04, xmax]: sup=0.3948±nan(n=1)  rms=0.3880±nan(n=1)  rmsL=0.4202±nan(n=1)
   window [1e+05, xmax]: sup=0.3988±nan(n=1)  rms=0.3859±nan(n=1)  rmsL=0.4154±nan(n=1)
   window [1e+06, xmax]: sup=0.3975±nan(n=1)  rms=0.3833±nan(n=1)  rmsL=0.4107±nan(n=1)
   window [1e+07, xmax]: sup=0.4041±nan(n=1)  rms=0.3750±nan(n=1)  rmsL=0.4007±nan(n=1)
