[2026-09-30 23:52:41] start run_all (host Mac)
[2026-09-30 23:52:41] bern alpha=0.60 X=1e9 Y=4e9 seeds 1-8
real 52.19
user 52.07
sys 0.10
[2026-09-30 23:53:33] done /Users/jaytyagi/Library/Mobile Documents/com~apple~CloudDocs/Documents/Work/2026/Math/riemann/rh-program/results/novel-wave-s37/beurling-frontier/verify/data/bern_a0.60.csv (1368 lines)
[2026-09-30 23:53:33] bern alpha=0.75 X=1e9 Y=4e9 seeds 1-8
real 54.27
user 54.05
sys 0.13
[2026-09-30 23:54:27] done /Users/jaytyagi/Library/Mobile Documents/com~apple~CloudDocs/Documents/Work/2026/Math/riemann/rh-program/results/novel-wave-s37/beurling-frontier/verify/data/bern_a0.75.csv (1368 lines)
[2026-09-30 23:54:27] bern alpha=0.90 X=1e9 Y=4e9 seeds 1-8
real 69.10
user 68.74
sys 0.21
[2026-09-30 23:55:36] done /Users/jaytyagi/Library/Mobile Documents/com~apple~CloudDocs/Documents/Work/2026/Math/riemann/rh-program/results/novel-wave-s37/beurling-frontier/verify/data/bern_a0.90.csv (1368 lines)
[2026-09-30 23:55:36] greedy alpha=0.60 X=1e9 Y=4e9
real 12.00
user 11.91
sys 0.06
[2026-09-30 23:55:48] done /Users/jaytyagi/Library/Mobile Documents/com~apple~CloudDocs/Documents/Work/2026/Math/riemann/rh-program/results/novel-wave-s37/beurling-frontier/verify/data/greedy_a0.60.csv
[2026-09-30 23:55:48] greedy alpha=0.75 X=1e9 Y=4e9
real 12.35
user 12.28
sys 0.05
[2026-09-30 23:56:01] done /Users/jaytyagi/Library/Mobile Documents/com~apple~CloudDocs/Documents/Work/2026/Math/riemann/rh-program/results/novel-wave-s37/beurling-frontier/verify/data/greedy_a0.75.csv
[2026-09-30 23:56:01] greedy alpha=0.90 X=1e9 Y=4e9
real 14.05
user 13.97
sys 0.06
[2026-09-30 23:56:15] done /Users/jaytyagi/Library/Mobile Documents/com~apple~CloudDocs/Documents/Work/2026/Math/riemann/rh-program/results/novel-wave-s37/beurling-frontier/verify/data/greedy_a0.90.csv
[2026-09-30 23:56:15] none X=1e9
real 0.99
user 0.98
sys 0.01
[2026-09-30 23:56:16] cramer X=2e8 Y=2e9 seed=1
real 9.58
user 9.48
sys 0.07
[2026-09-30 23:56:25] cramer X=2e8 Y=2e9 seed=2
real 9.46
user 9.38
sys 0.06
[2026-09-30 23:56:35] cramer X=2e8 Y=2e9 seed=3
real 9.60
user 9.47
sys 0.08
[2026-09-30 23:56:44] cramer X=2e8 Y=2e9 seed=4
real 9.53
user 9.43
sys 0.07
[2026-09-30 23:56:54] mean alpha=0.60 X=2e8 zeta(2-alpha)=3.105547277977581011
real 2.62
user 2.52
sys 0.09
[2026-09-30 23:56:57] mean alpha=0.75 X=2e8 zeta(2-alpha)=4.5951118258429435315
real 2.60
user 2.51
sys 0.08
[2026-09-30 23:56:59] mean alpha=0.90 X=2e8 zeta(2-alpha)=10.584448464950801494
real 2.58
user 2.49
sys 0.08
[2026-09-30 23:57:02] all done
