[2026-10-01 00:12:37] start run_c2
[2026-10-01 00:12:37] greedy alpha=0.60 c=2 X=1e9 Y=4e9
real 12.75
user 12.60
sys 0.07
[2026-10-01 00:12:50] greedy alpha=0.75 c=2 X=1e9 Y=4e9
real 13.33
user 13.24
sys 0.05
[2026-10-01 00:13:03] greedy alpha=0.90 c=2 X=1e9 Y=4e9
real 15.98
user 15.87
sys 0.06
[2026-10-01 00:13:19] greedy alpha=0.60 c=6 X=1e9 Y=4e9
real 12.95
user 12.84
sys 0.06
[2026-10-01 00:13:32] greedy alpha=0.75 c=6 X=1e9 Y=4e9
real 14.49
user 14.39
sys 0.06
[2026-10-01 00:13:47] greedy alpha=0.60 c=2 X=1e10 Y=2e10
real 79.86
user 79.20
sys 0.39
[2026-10-01 00:15:07] greedy alpha=0.60 c=6 X=1e10 Y=2e10
real 84.75
user 84.11
sys 0.38
[2026-10-01 00:16:32] all done
