[2026-09-30 23:57:05] start run_big
[2026-09-30 23:57:05] bern alpha=0.60 X=1e10 Y=2e10 seeds 1-4
      204.02 real       202.31 user         0.85 sys
          2501722112  maximum resident set size
                   0  average shared memory size
                   0  average unshared data size
                   0  average unshared stack size
              152867  page reclaims
                   1  page faults
                   0  swaps
                   0  block input operations
                   0  block output operations
                   0  messages sent
                   0  messages received
                   0  signals received
                   0  voluntary context switches
              111214  involuntary context switches
       3237022760165  instructions retired
        842222182464  cycles elapsed
          2502477960  peak memory footprint
[2026-10-01 00:00:29] done /Users/jaytyagi/Library/Mobile Documents/com~apple~CloudDocs/Documents/Work/2026/Math/riemann/rh-program/results/novel-wave-s37/beurling-frontier/verify/data_big/bern_a0.60.csv
[2026-10-01 00:00:29] bern alpha=0.75 X=1e10 Y=2e10 seeds 1-4
