# pseudoN rho=1 X=1e+08 label=one  g-prime sites=5761455 total mult=5761455 max m=1 max a=1 sat=0
# bin_lo  Emax  Emin  Erms  sup|psi-x|
1.9953e+00 0 -1 0 2.30685
2.8184e+00 0 -1 0 2.20824
3.9811e+00 0 -1 0 2.51509
4.4668e+00 0 -1 0 1.90566
5.6234e+00 0 -1 0 2.90566
6.3096e+00 0 -1 0 1.95975
7.9433e+00 0 -1 0 2.2666
8.9125e+00 0 -1 0 2.16799
1.0000e+01 0 -1 0 3.16799
1.1220e+01 0 -1 0 2.77009
1.2589e+01 0 -1 0 2.20514
1.4125e+01 0 -1 0 3.20514
1.5849e+01 0 -1 0 3.51199
1.7783e+01 0 -1 0 2.67878
1.9953e+01 0 -1 0 3.73434
2.2387e+01 0 -1 0 2.59885
2.5119e+01 0 -1 0 3.8908
2.8184e+01 0 -1 0 2.5235
3.1623e+01 0 -1 0 3.39637
3.5481e+01 0 -1 0 4.39637
3.9811e+01 0 -1 0 4.78545
4.4668e+01 0 -1 0 3.31068
5.0119e+01 0 -1 0 3.54433
5.6234e+01 0 -1 0 5.54433
6.3096e+01 0 -1 0 4.66277
7.0795e+01 0 -1 0 3.90494
7.9433e+01 0 -1 0 4.01804
8.9125e+01 0 -1 0 7.5294
1.0000e+02 0 -1 0 6.95469
1.1220e+02 0 -1 0 5.21538
1.2589e+02 0 -1 0 5.60594
1.4125e+02 0 -1 0 7.33896
1.5849e+02 0 -1 0 6.26148
1.7783e+02 0 -1 0 7.14586
1.9953e+02 0 -1 0 11.5023
2.2387e+02 0 -1 0 10.0951
2.5119e+02 0 -1 0 6.3857
2.8184e+02 0 -1 0 7.76766
3.1623e+02 0 -1 0 11.2278
3.5481e+02 0 -1 0 5.65694
3.9811e+02 0 -1 0 9.16148
4.4668e+02 0 -1 0 9.8831
5.0119e+02 0 -1 0 13.953
5.6234e+02 0 -1 0 13.2972
6.3096e+02 0 -1 0 11.9102
7.0795e+02 0 -1 0 8.95183
7.9433e+02 0 -1 0 16.271
8.9125e+02 0 -1 0 12.4867
1.0000e+03 0 -1 0 13.7145
1.1220e+03 0 -1 0 14.7858
1.2589e+03 0 -1 0 23.5508
1.4125e+03 0 -1 0 30.3002
1.5849e+03 0 -1 0 22.177
1.7783e+03 0 -1 0 24.1177
1.9953e+03 0 -1 0 20.7264
2.2387e+03 0 -1 0 21.3679
2.5119e+03 0 -1 0 32.9828
2.8184e+03 0 -1 0 31.8505
3.1623e+03 0 -1 0 38.6459
3.5481e+03 0 -1 0 26.1016
3.9811e+03 0 -1 0 26.5831
4.4668e+03 0 -1 0 35.4847
5.0119e+03 0 -1 0 41.0079
5.6234e+03 0 -1 0 37.601
6.3096e+03 0 -1 0 41.3841
7.0795e+03 0 -1 0 49.8483
7.9433e+03 0 -1 0 49.6448
8.9125e+03 0 -1 0 45.982
1.0000e+04 0 -1 0 53.3857
1.1220e+04 0 -1 0 77.2806
1.2589e+04 0 -1 0 43.6535
1.4125e+04 0 -1 0 69.9133
1.5849e+04 0 -1 0 63.2909
1.7783e+04 0 -1 0 99.5333
1.9953e+04 0 -1 0 63.3695
2.2387e+04 0 -1 0 110.331
2.5119e+04 0 -1 0 77.7023
2.8184e+04 0 -1 0 81.4873
3.1623e+04 0 -1 0 113.807
3.5481e+04 0 -1 0 88.3172
3.9811e+04 0 -1 0 127.185
4.4668e+04 0 -1 0 105.113
5.0119e+04 0 -1 0 95.3035
5.6234e+04 0 -1 0 173.493
6.3096e+04 0 -1 0 160.927
7.0795e+04 0 -1 0 140.33
7.9433e+04 0 -1 0 162.501
8.9125e+04 0 -1 0 149.866
1.0000e+05 0 -1 0 156.273
1.1220e+05 0 -1 0 176.27
1.2589e+05 0 -1 0 134.515
1.4125e+05 0 -1 0 223.905
1.5849e+05 0 -1 0 261.295
1.7783e+05 0 -1 0 208.505
1.9953e+05 0 -1 0 207.794
2.2387e+05 0 -1 0 278.055
2.5119e+05 0 -1 0 189.938
2.8184e+05 0 -1 0 391.324
3.1623e+05 0 -1 0 347.428
3.5481e+05 0 -1 0 405.519
3.9811e+05 0 -1 0 356.638
4.4668e+05 0 -1 0 434.432
5.0119e+05 0 -1 0 327.727
5.6234e+05 0 -1 0 442.16
6.3096e+05 0 -1 0 398.941
7.0795e+05 0 -1 0 416.14
7.9433e+05 0 -1 0 417.081
8.9125e+05 0 -1 0 512.115
1.0000e+06 0 -1 0 666.979
1.1220e+06 0 -1 0 672.521
1.2589e+06 0 -1 0 418.516
1.4125e+06 0 -1 0 730.354
1.5849e+06 0 -1 0 706.391
1.7783e+06 0 -1 0 645.58
1.9953e+06 0 -1 0 673.551
2.2387e+06 0 -1 0 791.431
2.5119e+06 0 -1 0 648.948
2.8184e+06 0 -1 0 910.113
3.1623e+06 0 -1 0 1253.92
3.5481e+06 0 -1 0 1171.29
3.9811e+06 0 -1 0 1247.37
4.4668e+06 0 -1 0 1279.01
5.0119e+06 0 -1 0 1117.76
5.6234e+06 0 -1 0 1221.72
6.3096e+06 0 -1 0 1395.47
7.0795e+06 0 -1 0 1525.91
7.9433e+06 0 -1 0 1473.18
8.9125e+06 0 -1 0 1583.05
1.0000e+07 0 -1 0 1956.23
1.1220e+07 0 -1 0 1816.44
1.2589e+07 0 -1 0 2365.55
1.4125e+07 0 -1 0 2110.67
1.5849e+07 0 -1 0 2186.98
1.7783e+07 0 -1 0 2243.61
1.9953e+07 0 -1 0 2439.11
2.2387e+07 0 -1 0 1986.09
2.5119e+07 0 -1 0 2275.59
2.8184e+07 0 -1 0 3979.19
3.1623e+07 0 -1 0 3463.32
3.5481e+07 0 -1 0 4562.44
3.9811e+07 0 -1 0 3453.53
4.4668e+07 0 -1 0 3274.36
5.0119e+07 0 -1 0 4096.58
5.6234e+07 0 -1 0 3144.98
6.3096e+07 0 -1 0 4170.32
7.0795e+07 0 -1 0 4363.81
7.9433e+07 0 -1 0 3362.97
8.9125e+07 0 -1 0 4752.86
1.0000e+08 0 -1 0 1758.2
