# pseudoN rho=0.75 X=1e+08 label=r0p75  g-prime sites=5762995 total mult=5762995 max m=1 max a=204 sat=0
# bin_lo  Emax  Emin  Erms  sup|psi-x|
1.9953e+00 0.25 -0.5 0.25 2.30685
2.8184e+00 0.5 -0.25 0.5 2.20824
3.9811e+00 0.75 0 0.75 2.51509
4.4668e+00 0 -0.75 0 3.51509
5.6234e+00 0.25 -0.5 0.25 4.51509
6.3096e+00 0.5 -0.25 0.5 3.56918
7.9433e+00 0.75 0 0.75 3.87604
8.9125e+00 1 0.25 1 3.77742
1.0000e+01 0.5 -0.5 0.395285 4.77742
1.1220e+01 0.75 0 0.75 4.37953
1.2589e+01 0.25 -0.75 0.176777 6.37953
1.4125e+01 0.5 -0.25 0.5 4.67148
1.5849e+01 0.75 -0.75 0.53033 5.97833
1.7783e+01 0.5 -0.5 0.395285 6.97833
1.9953e+01 0.25 -1 0.204124 8.03389
2.2387e+01 0.75 -0.75 0.520416 7.8984
2.5119e+01 0.75 -0.5 0.540062 6.54169
2.8184e+01 0.5 -0.75 0.322749 8.54169
3.1623e+01 1 -0.5 0.684653 8.41455
3.5481e+01 0.75 -0.75 0.467707 8.85921
3.9811e+01 0.75 -1 0.433013 7.19564
4.4668e+01 1.25 -0.5 0.85999 7.77496
5.0119e+01 0.75 -0.75 0.53033 7.84314
5.6234e+01 1 -0.75 0.559017 8.75827
6.3096e+01 0.75 -1 0.377964 11.0651
7.0795e+01 2.25 -0.75 1.05409 9.59775
7.9433e+01 1.25 -0.75 0.693722 12.8776
8.9125e+01 1 -0.75 0.553399 12.4117
1.0000e+02 2 -1 0.793604 14.0971
1.1220e+02 1 -1 0.49029 13.3876
1.2589e+02 1.5 -0.75 0.75 15.0531
1.4125e+02 1.75 -0.75 0.75 15.1549
1.5849e+02 2 -1 0.736725 15.9922
1.7783e+02 1.25 -1 0.508451 17.5042
1.9953e+02 2.25 -1 0.822851 13.8735
2.2387e+02 2 -1 0.658054 20.3796
2.5119e+02 1.25 -1 0.553399 15.1302
2.8184e+02 3.75 -0.5 1.56639 22.4675
3.1623e+02 3 -1 1.06915 24.4675
3.5481e+02 2.25 -1 1.0127 23.5803
3.9811e+02 1.75 -1 0.763763 25.5803
4.4668e+02 3 -1 1.05475 19.1249
5.0119e+02 3.25 -1 1.36818 24.8147
5.6234e+02 2.25 -1 0.877622 30.3753
6.3096e+02 2.75 -1 1.08935 29.5351
7.0795e+02 3 -1 1.15967 19.9345
7.9433e+02 4.25 -1 1.58195 48.0578
8.9125e+02 3.25 -1 1.03021 28.2561
1.0000e+03 3.25 -1 1.39066 35.6102
1.1220e+03 3 -1 1.14484 46.6597
1.2589e+03 4 -1 1.45843 40.8217
1.4125e+03 3.5 -1 1.2739 50.8819
1.5849e+03 3.75 -1 1.24884 47.3027
1.7783e+03 3.25 -1 1.22474 52.331
1.9953e+03 5.25 -1 1.87591 60.5414
2.2387e+03 5.75 -1 1.8504 70.0343
2.5119e+03 5.25 -1 1.46415 34.8661
2.8184e+03 4 -1 1.33844 76.0371
3.1623e+03 4.25 -1 1.17873 63.6659
3.5481e+03 5.25 -1 1.68062 77.0458
3.9811e+03 8.25 -1 1.92484 85.0148
4.4668e+03 6.75 -1 1.70926 60.8014
5.0119e+03 6 -1 1.9396 109.574
5.6234e+03 7.75 -1 1.91575 88.2317
6.3096e+03 6.25 -1 1.83272 98.1406
7.0795e+03 7.5 -1 2.14816 116.701
7.9433e+03 6.25 -1 2.00793 185.329
8.9125e+03 6.25 -1 1.87241 178.141
1.0000e+04 6.25 -1 2.00234 158.167
1.1220e+04 9.25 -1 2.24646 181.61
1.2589e+04 9.25 -1 2.3669 132.253
1.4125e+04 11.25 -1 2.82217 207.172
1.5849e+04 8.25 -1 2.47058 148.143
1.7783e+04 8.25 -1 2.13643 209.004
1.9953e+04 10.25 -1 2.65287 202.614
2.2387e+04 12 -1 2.73456 186.435
2.5119e+04 11.75 -1 2.73769 252.436
2.8184e+04 11.75 -1 3.36027 287.312
3.1623e+04 10.25 -1 2.63273 298.081
3.5481e+04 13.75 -1 3.06169 395.907
3.9811e+04 15 -1 3.24917 364.747
4.4668e+04 14.75 -1 2.9531 282.665
5.0119e+04 14.25 -1 2.80953 482.139
5.6234e+04 16 -1 3.41869 341.282
6.3096e+04 14 -1 3.37746 437.143
7.0795e+04 15.25 -1 3.42167 525.309
7.9433e+04 25.75 -1 4.99684 422.192
8.9125e+04 15.75 -1 3.51582 508.242
1.0000e+05 16.75 -1 3.69234 467.425
1.1220e+05 21.75 -1 4.40653 736.621
1.2589e+05 22.75 -1 4.35359 670.738
1.4125e+05 24.75 -1 4.30407 753.322
1.5849e+05 18 -1 4.11674 632.421
1.7783e+05 25.75 -1 4.87014 897.141
1.9953e+05 21.25 -1 3.98251 636.24
2.2387e+05 26.75 -1 4.73239 1304.53
2.5119e+05 26.25 -1 4.54838 1117.21
2.8184e+05 22.75 -1 4.75822 1094.99
3.1623e+05 24.75 -1 4.82236 1468.71
3.5481e+05 29.25 -1 4.80422 1144.89
3.9811e+05 31 -1 5.34525 1428.81
4.4668e+05 28.75 -1 5.13883 1451.53
5.0119e+05 28.25 -1 5.41372 1898.04
5.6234e+05 31.75 -1 5.57501 2137.5
6.3096e+05 28.25 -1 5.474 2898.84
7.0795e+05 33.25 -1 5.36479 1777.17
7.9433e+05 41 -1 6.00586 2776.92
8.9125e+05 33.75 -1 6.04491 2958.57
1.0000e+06 32.75 -1 6.00098 2316.55
1.1220e+06 39 -1 6.34392 3697.29
1.2589e+06 46.75 -1 6.23836 2708.39
1.4125e+06 50 -1 6.75824 2972.64
1.5849e+06 45.75 -1 6.82093 4257
1.7783e+06 44.75 -1 6.98565 3558.4
1.9953e+06 46.75 -1 6.93779 4197.1
2.2387e+06 49.25 -1 7.63541 3962.58
2.5119e+06 52.25 -1 7.09026 5207.93
2.8184e+06 49.5 -1 7.56161 6684.24
3.1623e+06 58.25 -1 7.26448 4907.65
3.5481e+06 58.75 -1 7.90568 6634.47
3.9811e+06 57.5 -1 7.93021 8314.19
4.4668e+06 56.75 -1 8.0878 8859.97
5.0119e+06 59.75 -1 8.45816 7191.77
5.6234e+06 70.25 -1 8.62741 10132
6.3096e+06 61.25 -1 8.56065 7976.4
7.0795e+06 82.75 -1 9.00664 12309.3
7.9433e+06 65.75 -1 9.03047 10749
8.9125e+06 79.25 -1 9.44729 11746.1
1.0000e+07 77.25 -1 9.31835 15431.4
1.1220e+07 81.75 -1 9.85547 12416.8
1.2589e+07 84.5 -1 9.7729 17085.9
1.4125e+07 86 -1 10.044 19296.6
1.5849e+07 88.25 -1 10.2878 10939.6
1.7783e+07 97.5 -1 10.7174 24938.2
1.9953e+07 95.25 -1 10.677 24474.7
2.2387e+07 98 -1 10.9993 21107.2
2.5119e+07 102.5 -1 11.3394 28178.1
2.8184e+07 124 -1 11.4773 29041.9
3.1623e+07 115.25 -1 11.8055 29859.2
3.5481e+07 141.25 -1 12.0135 27699.2
3.9811e+07 116.25 -1 12.1296 36023.2
4.4668e+07 143.75 -1 12.5782 36057.8
5.0119e+07 125.25 -1 13.0206 49492.5
5.6234e+07 142.25 -1 13.029 37848.1
6.3096e+07 148.25 -1 13.2646 57535.5
7.0795e+07 171.75 -1 13.8224 45210
7.9433e+07 160.25 -1 13.8892 56851.2
8.9125e+07 207.5 -1 14.258 87553.8
1.0000e+08 67.75 67 67.75 26861.2
