# pseudoN rho=1.5 X=1e+08 label=r1p5  g-prime sites=4165359 total mult=5768909 max m=2 max a=622 sat=0
# bin_lo  Emax  Emin  Erms  sup|psi-x|
1.9953e+00 0.5 -1 0.5 1.61371
2.8184e+00 0 -1.5 0 1.51509
3.9811e+00 1.5 0 1.5 1.1288
4.4668e+00 0 -1.5 0 2.1288
5.6234e+00 0.5 -1 0.5 3.1288
6.3096e+00 0 -1.5 0 2.18289
7.9433e+00 2.5 1 2.5 1.79659
8.9125e+00 2 0.5 2 1.69798
1.0000e+01 0.5 -1.5 0.353553 2.69798
1.1220e+01 1.5 0 1.5 2.30009
1.2589e+01 0.5 -1.5 0.353553 4.30009
1.4125e+01 0 -1.5 0 2.59204
1.5849e+01 3.5 0.5 2.85044 3.20574
1.7783e+01 2.5 -0.5 1.90394 5.20574
1.9953e+01 0.5 -1.5 0.408248 5.21001
2.2387e+01 2.5 -1.5 1.55456 5.07452
2.5119e+01 1.5 -1.5 0.912871 3.71781
2.8184e+01 0.5 -1.5 0.288675 5.71781
3.1623e+01 4.5 -0.5 3.29773 5.89753
3.5481e+01 2.5 -1.5 1.36931 7.89753
3.9811e+01 1.5 -1.5 0.74162 3.59638
4.4668e+01 3.5 -1.5 2.11148 4.1757
5.0119e+01 2.5 -1.5 1.06066 6.1757
5.6234e+01 2.5 -1.5 1.2956 3.93991
6.3096e+01 6.5 -1 4.20883 6.6738
7.0795e+01 2.5 -1.5 1.05409 5.41112
7.9433e+01 2.5 -1.5 1.23491 8.69095
8.9125e+01 4.5 -1.5 2.37171 11.225
1.0000e+02 3.5 -1.5 1.32288 10.1279
1.1220e+02 4.5 -1.5 2.31218 8.53367
1.2589e+02 7.5 -1.5 3.67423 17.9704
1.4125e+02 3.5 -1.5 1.46026 5.26265
1.5849e+02 3.5 -1.5 1.89529 11.198
1.7783e+02 5.5 -1.5 1.93942 20.4588
1.9953e+02 3.5 -1.5 1.70783 10.8621
2.2387e+02 6.5 -1.5 3.17074 19.5863
2.5119e+02 7.5 -1.5 2.61247 19.1985
2.8184e+02 7.5 -1.5 3.01188 17.1145
3.1623e+02 4.5 -1.5 2.03101 20.3493
3.5481e+02 6.5 -1.5 2.17684 21.6192
3.9811e+02 8.5 -1.5 4.71699 28.6039
4.4668e+02 8.5 -1.5 3.45556 30.3961
5.0119e+02 8.5 -1.5 2.9302 15.997
5.6234e+02 11.5 -1.5 5.01102 24.6768
6.3096e+02 6.5 -1.5 2.39724 30.6491
7.0795e+02 8.5 -1.5 2.65443 29.0076
7.9433e+02 16.5 -1.5 9.03316 50.9924
8.9125e+02 10.5 -1.5 3.69121 39.5196
1.0000e+03 9.5 -1.5 3.18597 42.1409
1.1220e+03 14.5 -1.5 6.05064 82.4829
1.2589e+03 8.5 -1.5 2.96544 53.7981
1.4125e+03 12.5 -1.5 4.45749 55.6641
1.5849e+03 15.5 -1.5 6.20785 148.664
1.7783e+03 14.5 -1.5 4.63308 44.6217
1.9953e+03 10.5 -1.5 4.46039 50.0397
2.2387e+03 21.5 -1.5 8.78248 119.075
2.5119e+03 12.5 -1.5 4.14929 56.8352
2.8184e+03 12.5 -1.5 5.77937 105.786
3.1623e+03 24.5 -1.5 7.32468 82.5858
3.5481e+03 19.5 -1.5 6.02708 68.1858
3.9811e+03 18.5 -1.5 6.8049 134.803
4.4668e+03 21.5 -1.5 6.38964 255.205
5.0119e+03 24.5 -1.5 8.20116 232.245
5.6234e+03 17.5 -1.5 7.20268 153.633
6.3096e+03 36.5 -1.5 10.7091 126.246
7.0795e+03 22.5 -1.5 7.53034 127.361
7.9433e+03 28.5 -1.5 9.49473 201.798
8.9125e+03 31.5 -1.5 7.72466 233.314
1.0000e+04 36.5 -1.5 12.382 249.155
1.1220e+04 44.5 -1.5 12.0618 238.619
1.2589e+04 37.5 -1.5 10.8362 328.362
1.4125e+04 31.5 -1.5 12.1826 496.348
1.5849e+04 35.5 -1.5 10.1367 500.348
1.7783e+04 44.5 -1.5 12.8231 421.818
1.9953e+04 39.5 -1.5 13.179 581.902
2.2387e+04 63.5 -1.5 15.7797 471.899
2.5119e+04 48.5 -1.5 15.36 455.899
2.8184e+04 70.5 -1.5 20.9615 580.033
3.1623e+04 54.5 -1.5 14.8904 641.451
3.5481e+04 70.5 -1.5 18.5441 445.864
3.9811e+04 72.5 -1.5 19.1373 723.079
4.4668e+04 87.5 -1.5 19.8951 1035.57
5.0119e+04 95.5 -1.5 27.0198 1197.71
5.6234e+04 97.5 -1.5 23.0699 1654.66
6.3096e+04 83.5 -1.5 18.9411 1234.22
7.0795e+04 100.5 -1.5 28.4378 1371.32
7.9433e+04 119.5 -1.5 28.708 1148.47
8.9125e+04 80.5 -1.5 25.7033 1008.79
1.0000e+05 114.5 -1.5 29.6754 1933.7
1.1220e+05 122.5 -1.5 26.9735 1366.32
1.2589e+05 97.5 -1.5 26.4171 1704.09
1.4125e+05 165.5 -1.5 42.8404 1908.41
1.5849e+05 154.5 -1.5 33.0039 2646.92
1.7783e+05 117.5 -1.5 36.5309 3377.13
1.9953e+05 137.5 -1.5 41.482 3100
2.2387e+05 176.5 -1.5 36.836 2612.83
2.5119e+05 159.5 -1.5 36.4668 2763.36
2.8184e+05 184.5 -1.5 49.4831 3465.42
3.1623e+05 152.5 -1.5 40.7344 4737.73
3.5481e+05 175.5 -1.5 43.008 5651.52
3.9811e+05 248.5 -1.5 56.6041 4383.29
4.4668e+05 251.5 -1.5 56.0683 3236.36
5.0119e+05 173.5 -1.5 42.1564 4648.52
5.6234e+05 284.5 -1.5 56.8686 5449.53
6.3096e+05 304.5 -1.5 71.6648 7623.02
7.0795e+05 230.5 -1.5 51.7015 8284.71
7.9433e+05 369.5 -1.5 70.8137 5576.93
8.9125e+05 365.5 -1.5 68.9726 7927.51
1.0000e+06 321.5 -1.5 61.6682 8491.28
1.1220e+06 320.5 -1.5 72.3153 10754.5
1.2589e+06 401.5 -1.5 82.5607 14525.1
1.4125e+06 328.5 -1.5 63.058 8758.15
1.5849e+06 519.5 -1.5 100.894 8094.18
1.7783e+06 381.5 -1.5 77.7429 12250.3
1.9953e+06 469.5 -1.5 92.5356 17477.3
2.2387e+06 469.5 -1.5 93.742 13775.5
2.5119e+06 494.5 -1.5 94.3218 17670.7
2.8184e+06 419.5 -1.5 86.9991 14423.4
3.1623e+06 660.5 -1.5 151.983 23398.7
3.5481e+06 485.5 -1.5 91.5241 21628.1
3.9811e+06 550.5 -1.5 112.901 30695.4
4.4668e+06 762.5 -1.5 118.405 28584.2
5.0119e+06 640.5 -1.5 112.839 25328.8
5.6234e+06 581.5 -1.5 114.348 25666.8
6.3096e+06 928.5 -1.5 145.764 57398.5
7.0795e+06 759.5 -1.5 124.772 37639.6
7.9433e+06 609.5 -1.5 130.835 49443
8.9125e+06 845.5 -1.5 154.802 45331.3
1.0000e+07 1062 -1.5 148.174 42508.4
1.1220e+07 906.5 -1.5 151.683 43546.4
1.2589e+07 1028.5 -1.5 164.244 63114.9
1.4125e+07 1186.5 -1.5 161.562 57280.3
1.5849e+07 1326.5 -1.5 171.062 69660.2
1.7783e+07 1281.5 -1.5 185.397 68177.4
1.9953e+07 1372.5 -1.5 176.47 99789.7
2.2387e+07 1618.5 -1.5 209.97 102509
2.5119e+07 1548.5 -1.5 199.093 101695
2.8184e+07 1252.5 -1.5 196.594 91220.5
3.1623e+07 1937.5 -1.5 213.976 83296.5
3.5481e+07 2033.5 -1.5 242.107 90433.4
3.9811e+07 1397.5 -1.5 218.625 167070
4.4668e+07 2134.5 -1.5 235.131 155075
5.0119e+07 2347.5 -1.5 287.58 164508
5.6234e+07 1935.5 -1.5 248.469 188276
6.3096e+07 1915.5 -1.5 235.909 134049
7.0795e+07 1764.5 -1.5 272.008 244428
7.9433e+07 3604.5 -1.5 345.439 246629
8.9125e+07 2270.5 -1.5 261.544 237434
1.0000e+08 441.5 440 441.5 136108
