# pseudoN rho=1.41421356237 X=1e+08 label=sqrt2  g-prime sites=4308039 total mult=5884678 max m=2 max a=1369 sat=0
# bin_lo  Emax  Emin  Erms  sup|psi-x|
1.9953e+00 -0.414214 -1.82843 0.414214 2.30685
2.8184e+00 0.171573 -1.24264 0.171573 1.10963
3.9811e+00 -0.242641 -1.65685 0.242641 1.41648
4.4668e+00 0.343146 -1.07107 0.343146 1.80239
5.6234e+00 0.928932 -0.485281 0.928932 0.802395
6.3096e+00 -0.485281 -1.89949 0.485281 1.19761
7.9433e+00 0.100505 -1.31371 0.100505 1.57498
8.9125e+00 1.68629 0.272078 1.68629 2.77221
1.0000e+01 2.27208 -0.556349 1.7173 1.77221
1.1220e+01 1.44365 0.0294373 1.44365 1.22779
1.2589e+01 0.0294373 -1.79899 0.272873 2.22779
1.4125e+01 2.20101 0.786797 2.20101 1.58873
1.5849e+01 2.7868 -0.0416306 2.19661 2.89559
1.7783e+01 2.95837 0.129942 2.3597 4.89559
1.9953e+01 2.12994 -1.1127 1.30892 6.89559
2.2387e+01 4.05887 -1.52691 2.74489 3.66905
2.5119e+01 5.23045 1.23045 4.3798 2.45017
2.8184e+01 5.98781 1.98781 4.77303 5.25295
3.1623e+01 5.15938 -0.497475 3.42488 8.5598
3.5481e+01 2.50253 -1.74012 1.38029 11.5598
3.9811e+01 2.84567 -1.2254 1.70971 10.2327
4.4668e+01 5.70354 1.53196 4.66509 16.2327
5.0119e+01 4.28932 0.0466812 3.08288 22.2327
5.6234e+01 2.5614 -1.68124 1.12433 23.2327
6.3096e+01 1.90455 -1.75231 1.06304 14.0358
7.0795e+01 6.3482 -1.40916 3.87878 17.5968
7.9433e+01 8.86292 -0.865007 5.41679 25.3996
8.9125e+01 5.13499 -1.59293 2.52398 30.3996
1.0000e+02 2.67915 -1.90664 1.18337 23.6555
1.1220e+02 7.70859 -1.80613 3.69954 11.0285
1.2589e+02 9.08117 0.495383 6.79198 13.0595
1.4125e+02 7.76746 -1.78889 3.63506 26.0595
1.5849e+02 4.31162 -1.85996 1.40258 30.5835
1.7783e+02 6.39993 -1.87215 3.03599 48.8773
1.9953e+02 13.9441 3.91465 9.14574 39.5163
2.2387e+02 14.2162 2.86082 9.36639 15.5163
2.5119e+02 9.0324 -1.76659 3.75688 34.112
2.8184e+02 8.93694 -1.87929 2.96413 81.9446
3.1623e+02 19.611 5.5816 12.4558 71.9446
3.5481e+02 24.2973 7.38564 15.604 33.9446
3.9811e+02 16.4151 -1.91082 8.27947 41.0554
4.4668e+02 8.01811 -1.86414 2.55909 89.1794
5.0119e+02 24.7389 0.650578 15.0956 86.1794
5.6234e+02 39.4597 16.7978 26.9407 33.6937
6.3096e+02 39.0038 8.46472 24.8231 110.694
7.0795e+02 11.151 -1.87338 3.68926 120.694
7.9433e+02 18.3499 -1.72619 8.45009 42.9458
8.9125e+02 43.5266 10.6514 29.7545 141.897
1.0000e+03 46.0636 8.49502 33.2978 264.204
1.1220e+03 23.696 -1.8969 9.47834 309.204
1.2589e+03 20.2259 -1.86241 7.30692 91.8473
1.4125e+03 57.2999 -1.6513 26.3667 191.602
1.5849e+03 68.1162 34.0796 50.0598 385.602
1.7783e+03 53.8298 -1.90021 22.5971 543.602
1.9953e+03 14.7129 -1.9023 4.6899 262.292
2.2387e+03 46.395 4.69358 24.3909 217.347
2.5119e+03 91.0376 35.596 64.1577 360.014
2.8184e+03 78.4792 -1.53008 43.8056 659.659
3.1623e+03 22.1856 -1.9119 5.77348 670.387
3.5481e+03 57.8442 -1.90894 19.955 686.457
3.9811e+03 117.012 51.5406 84.1094 397.882
4.4668e+03 129.453 37.6601 99.7434 620.907
5.0119e+03 47.7779 -1.91262 13.7136 807.907
5.6234e+03 69.8688 -1.91175 27.7671 1606.64
6.3096e+03 186.473 31.7317 125.592 1166.64
7.0795e+03 205.955 139.857 170.743 465.165
7.9433e+03 195.196 -1.90568 89.3802 1062.94
8.9125e+03 70.4918 -1.91405 20.458 2527.49
1.0000e+04 315.791 33.0856 165.554 2243.24
1.1220e+04 414.43 248.225 333.01 1048.53
1.2589e+04 376.323 67.0324 254.338 1829.85
1.4125e+04 69.5228 -1.91116 18.6217 3128.48
1.5849e+04 328.697 -1.91151 148.838 3125.96
1.7783e+04 646.025 324.04 487.914 1616.65
1.9953e+04 716.869 438.386 563.533 2986.15
2.2387e+04 465.035 -1.91352 171.043 4353.15
2.5119e+04 265.297 -1.91301 107.62 4495.53
2.8184e+04 902.03 163.191 584.246 2350.88
3.1623e+04 1138.35 800.423 953.07 4877.04
3.5481e+04 999.843 -1.91176 607.928 8438.4
3.9811e+04 232.596 -1.9137 72.5746 6753.18
4.4668e+04 1060.34 99.1572 535.45 5362.3
5.0119e+04 1760.65 1031.09 1480.21 6203.7
5.6234e+04 1702.42 603.195 1297.98 13055.2
6.3096e+04 618.769 -1.91395 140.563 14605.6
7.0795e+04 930.142 -1.91055 485.095 12627.3
7.9433e+04 2690.99 818.907 1849.62 5453.88
8.9125e+04 2826.96 2085.28 2464.16 15039.3
1.0000e+05 2144.73 -1.91286 982.297 22313.3
1.1220e+05 804.414 -1.91385 319.014 24879.2
1.2589e+05 3538.83 750.927 2190.45 19337.9
1.4125e+05 4597.32 3431.84 4123.38 13258.4
1.5849e+05 4176.87 -1.90436 2748.26 31957.2
1.7783e+05 177.733 -1.91417 37.1492 47904.8
1.9953e+05 3934.6 -1.91053 2103.98 44468.1
2.2387e+05 7614.73 3930.35 6320.41 21199.2
2.5119e+05 7794.6 4082.72 6513.63 36693.8
2.8184e+05 4087.88 -1.91421 1349.45 55910.2
3.1623e+05 4156.44 -1.91391 2268.98 87805.2
3.5481e+05 12366.1 4124.64 9202.28 56774.2
3.9811e+05 13932.8 11510.8 12777 35092.6
4.4668e+05 11571.7 -1.91417 6916.92 78349.6
5.0119e+05 3557.64 -1.91412 1221.14 132413
5.6234e+05 17067.7 3497.9 10696.5 109358
6.3096e+05 25184.4 17060.2 22047.6 40841.8
7.0795e+05 23964.6 7972.98 18584.4 122509
7.9433e+05 7977.57 -1.9142 1995.81 186768
8.9125e+05 17225.7 -1.70824 9747.76 185598
1.0000e+06 39330 17160.1 30816.1 77022.6
1.1220e+06 42785.4 30666.3 38089.1 181865
1.2589e+06 30711.6 -1.91419 14868.9 274807
1.4125e+06 16984.8 -1.9142 7973.88 288038
1.5849e+06 55515.6 16977 37910.8 173738
1.7783e+06 70152.6 55365.2 64320.1 236418
1.9953e+06 62789.4 2259.93 43833.7 479867
2.2387e+06 7586.59 -1.9142 2033.63 505566
2.5119e+06 64552.5 7380.17 37343.3 443397
2.8184e+06 117936 64435.1 97823.9 206994
3.1623e+06 115490 63960.3 98451.5 592850
3.5481e+06 64033.4 -1.91421 23404.4 771341
3.9811e+06 58129.2 -1.9142 34379.1 935832
4.4668e+06 169223 56923.9 125639 533706
5.0119e+06 199746 161854 181972 622524
5.6234e+06 161914 -1.9142 96106.5 1.19728e+06
6.3096e+06 57894.1 -1.91421 20502 1.68274e+06
7.0795e+06 236729 57746.5 147201 1.34811e+06
7.9433e+06 336915 236714 299079 484942
8.9125e+06 315091 103804 246356 1.57236e+06
1.0000e+07 103982 -1.91421 27688.4 2.83844e+06
1.1220e+07 242268 -1.91159 140963 2.82344e+06
1.2589e+07 539069 242098 428892 1.46378e+06
1.4125e+07 570753 417280 517018 1.79565e+06
1.5849e+07 417316 -1.91421 203196 3.0737e+06
1.7783e+07 260657 -1.9142 124154 4.47601e+06
1.9953e+07 760793 260638 534920 3.12904e+06
2.2387e+07 962335 759780 895606 2.03715e+06
2.5119e+07 859108 96393.3 620313 5.10169e+06
2.8184e+07 127633 -1.91421 33814.3 6.73499e+06
3.1623e+07 944417 127198 547749 6.08229e+06
3.5481e+07 1.6177e+06 944287 1.36685e+06 2.2248e+06
3.9811e+07 1.61425e+06 906422 1.38048e+06 6.96222e+06
4.4668e+07 906474 -1.91421 369432 9.60858e+06
5.0119e+07 831523 -1.91421 474716 1.02465e+07
5.6234e+07 2.32174e+06 830530 1.72687e+06 5.43919e+06
6.3096e+07 2.69353e+06 2.25974e+06 2.51455e+06 9.12126e+06
7.0795e+07 2.25974e+06 -1.91421 1.37234e+06 1.69395e+07
7.9433e+07 759286 -1.91421 248690 1.68733e+07
8.9125e+07 3.08874e+06 759268 1.90046e+06 1.31043e+07
1.0000e+08 3.08869e+06 3.08869e+06 3.08869e+06 2.23026e+06
