# pseudoN rho=2 X=1e+08 label=two  g-prime sites=3263891 total mult=6517149 max m=2 max a=1757 sat=0
# bin_lo  Emax  Emin  Erms  sup|psi-x|
1.9953e+00 0 -2 0 1.61371
2.8184e+00 0 -2 0 0.583519
3.9811e+00 1 -1 1 0.969813
4.4668e+00 0 -2 0 1.57925
5.6234e+00 2 0 2 0.579251
6.3096e+00 0 -2 0 1.42075
7.9433e+00 2 0 2 1.03445
8.9125e+00 3 1 3 1.16277
1.0000e+01 3 -1 2.23607 1.83723
1.1220e+01 5 3 5 2.83723
1.2589e+01 3 -1 2.23607 4.83723
1.4125e+01 1 -1 1 5.83723
1.5849e+01 4 0 3.16228 6.45094
1.7783e+01 6 2 5.09902 8.45094
1.9953e+01 5 -1 3.41565 11.4509
2.2387e+01 6 -2 4.50925 10.3154
2.5119e+01 5 1 3.78594 10.706
2.8184e+01 3 -1 1.91485 13.5088
3.1623e+01 5 -2 2.95804 15.1225
3.5481e+01 7 -1 4.58258 16.5671
3.9811e+01 3 -2 1.41421 18.5671
4.4668e+01 8 -2 4.79583 4.88854
5.0119e+01 6 -2 3.55903 10.8885
5.6234e+01 4 -2 1.69031 11.8885
6.3096e+01 5 -2 2.23607 16.7037
7.0795e+01 10 -2 5.33333 22.9679
7.9433e+01 6 -2 2.77489 23.1652
8.9125e+01 10 -2 4.96991 14.1652
1.0000e+02 10 -2 4.42893 34.3151
1.1220e+02 6 -2 2.2188 46.6107
1.2589e+02 10 0 7.80224 45.6107
1.4125e+02 22 -2 12.2954 30.997
1.5849e+02 10 -2 4.67918 27.6819
1.7783e+02 15 -1 7.64556 20.6819
1.9953e+02 22 -2 9.98749 20.0049
2.2387e+02 14 2 8.41342 45.8077
2.5119e+02 19 6 12.3935 74.4214
2.8184e+02 24 -2 10.8995 98.4214
3.1623e+02 22 -2 11.2881 66.9568
3.5481e+02 24 3 15.031 110.957
3.9811e+02 35 4 16.2788 158.957
4.4668e+02 11 -2 4.94515 166.957
5.0119e+02 22 -2 13.728 133.593
5.6234e+02 24 -2 9.93656 144.595
6.3096e+02 50 7 26.8338 92.6255
7.0795e+02 37 -2 16.3939 138.931
7.9433e+02 33 -2 10.9812 66.1094
8.9125e+02 42 -2 23.1243 253.434
1.0000e+03 48 -2 31.0035 170.434
1.1220e+03 33 -2 15.8768 151.034
1.2589e+03 58 -2 24.8818 197.372
1.4125e+03 30 -2 11.5575 401.182
1.5849e+03 41 -2 17.1431 406.241
1.7783e+03 125 2 80.696 404.241
1.9953e+03 79 -2 43.9413 433.047
2.2387e+03 79 -2 39.1223 656.894
2.5119e+03 93 -2 59.8899 488.894
2.8184e+03 103 53 77.5045 229.203
3.1623e+03 100 -2 44.2652 296.153
3.5481e+03 157 2 95.3873 533.049
3.9811e+03 96 -2 26.1472 616.175
4.4668e+03 214 84 155.865 471.544
5.0119e+03 203 20 146.766 1075.02
5.6234e+03 215 -2 110.08 1704.28
6.3096e+03 121 -2 53.5986 1714.82
7.0795e+03 303 -2 201.664 1346.41
7.9433e+03 164 -2 63.3381 2099.49
8.9125e+03 230 -2 157.393 3029.93
1.0000e+04 224 -2 109.888 2982.98
1.1220e+04 174 -2 54.7553 1395.55
1.2589e+04 480 -2 291.912 1283.25
1.4125e+04 533 -2 376.743 1659.6
1.5849e+04 193 -2 66.8191 1796.89
1.7783e+04 163 -2 56.4062 4244.82
1.9953e+04 562 10 331.324 3850.21
2.2387e+04 449 -2 148.458 1415.21
2.5119e+04 546 -2 253.254 1447.26
2.8184e+04 359 -2 92.0805 9464.55
3.1623e+04 617 11 329.636 9025.55
3.5481e+04 737 172 393.962 5167.94
3.9811e+04 902 252 658.195 4010.19
4.4668e+04 415 -2 159.674 7069.76
5.0119e+04 862 -2 435.076 6665.81
5.6234e+04 1693 -2 738.356 5728.14
6.3096e+04 2206 309 1420.7 7785.28
7.0795e+04 609 -2 302.358 9940.28
7.9433e+04 670 -2 239.509 10812.6
8.9125e+04 2768 -2 1858.41 9628.03
1.0000e+05 2980 965 2137.88 12358.3
1.1220e+05 1875 648 1254.96 26037.7
1.2589e+05 1951 -2 905.825 31987.3
1.4125e+05 2044 -2 823.315 13354.6
1.5849e+05 1989 -2 795.681 22536
1.7783e+05 5205 784 3381.41 44226.9
1.9953e+05 2732 -2 782.91 55116.1
2.2387e+05 1376 -2 585.359 19957.9
2.5119e+05 5055 -2 2065.14 28650.5
2.8184e+05 5382 3379 4709.87 23916.4
3.1623e+05 5250 -2 1710.44 32954.7
3.5481e+05 2666 -2 1166.37 66528.7
3.9811e+05 4633 -2 1771.72 88701.7
4.4668e+05 7832 2433 5304.1 73890.9
5.0119e+05 4652 -2 2323.56 40419.1
5.6234e+05 4792 -2 1766.28 85150
6.3096e+05 8851 -2 5127.05 205349
7.0795e+05 10863 3119 7646.94 148086
7.9433e+05 15793 7515 11993 61743.6
8.9125e+05 14761 -2 8536.02 101990
1.0000e+06 5533 -2 2662.88 124464
1.1220e+06 12632 -2 6772.38 154425
1.2589e+06 38881 9075 28190.5 88769.8
1.4125e+06 32126 -2 19564.3 223705
1.5849e+06 3144 -2 734.77 253076
1.7783e+06 29187 -2 10449.2 172589
1.9953e+06 44500 27696 37720.1 148516
2.2387e+06 39737 17227 25922.3 421674
2.5119e+06 32188 -2 20774.1 721037
2.8184e+06 6479 -2 1644.44 673185
3.1623e+06 10374 -2 5700.19 260514
3.5481e+06 71097 3553 28840.3 693444
3.9811e+06 77955 -2 53975.9 1.16674e+06
4.4668e+06 8624 -2 2325.03 1.07657e+06
5.0119e+06 15028 -2 5565.26 916318
5.6234e+06 122231 236 85120.5 915533
6.3096e+06 109221 -2 71627.8 450411
7.0795e+06 42189 -2 14801.7 790155
7.9433e+06 41027 -2 10594.9 2.74451e+06
8.9125e+06 176049 -2 123640 2.74087e+06
1.0000e+07 151713 68220 119663 1.65415e+06
1.1220e+07 156692 41944 116736 934710
1.2589e+07 42052 -2 7102 3.17743e+06
1.4125e+07 172308 11399 97098.2 3.08243e+06
1.5849e+07 226424 17460 134189 1.35888e+06
1.7783e+07 384533 224409 327514 2.74373e+06
1.9953e+07 230048 -2 71489 3.51451e+06
2.2387e+07 146850 -2 77246 1.37514e+06
2.5119e+07 536259 -2 263158 1.73784e+06
2.8184e+07 663501 458951 578773 4.50473e+06
3.1623e+07 458981 -2 144166 6.5245e+06
3.5481e+07 27992 -2 7577.97 6.49861e+06
3.9811e+07 386980 -2 221863 1.94702e+06
4.4668e+07 725287 132244 474390 7.39728e+06
5.0119e+07 565383 159619 377746 1.35127e+07
5.6234e+07 553950 -2 267912 1.63035e+07
6.3096e+07 406239 -2 223404 1.06698e+07
7.0795e+07 408540 -2 227964 5.38684e+06
7.9433e+07 1.29047e+06 407802 980130 1.29135e+07
8.9125e+07 917559 -2 488620 1.83362e+07
1.0000e+08 33 31 33 1.41744e+07
