the 14 windows (unpadded R-vM heights):
  Gourdon 2004 #1e14+3..+2000000000                    [22514484222486.6, 22514918935003.5] width 4.347e+8
  Gourdon 2004 #1e15+0..+1999999999                    [208514052006405.0, 208514455639511.0] width 4.036e+8
  Gourdon 2004 #1e16+1..+1999999999                    [1.94139353139516e+15, 1.94139390803631e+15] width 3.766e+8
  Gourdon 2004 #1e17+0..+2000000000                    [1.81594477200509e+16, 1.8159448073038e+16] width 3.53e+8
  Gourdon 2004 #1e18+1..+1999999999                    [1.7055358389899e+17, 1.70553584231083e+17] width 3.321e+8
  Gourdon 2004 #1e19+0..+2000000001                    [1.60763452972239e+18, 1.6076345300359e+18] width 3.135e+8
  Gourdon 2004 #1e20+4..+1999999999                    [1.52024401159207e+19, 1.52024401162176e+19] width 2.969e+8
  Odlyzko 1992 T1.2 N=1e+14: N-736..N+1684715          [22514484222326.0, 22514484588669.4] width 3.663e+5
  Odlyzko 1992 T1.2 N=1e+16: N-5946..N+16475026        [1.94139353139404e+15, 1.94139353449774e+15] width 3.104e+6
  Odlyzko 1992 T1.2 N=1e+18: N-8839..N+16662207        [1.70553583898989e+17, 1.70553583901757e+17] width 2.768e+6
  Odlyzko 1992 T1.2 N=1e+19: N-13607..N+16736117       [1.60763452972239e+18, 1.60763452972502e+18] width 2.626e+6
  Odlyzko 1992 T1.2 N=1e+20: N-30769710..N+144818015   [1.52024401159162e+19, 1.52024401159422e+19] width 2.606e+7
  Odlyzko 1992 T1.2 N=2e+20: N-633984..N+100671340     [2.99149353279918e+19, 2.99149353280066e+19] width 1.48e+7
  Odlyzko 2001 p.3 #13048994265258476 +1006374896      [2.51327412288003e+15, 2.51327431094584e+15] width 1.881e+8
Odlyzko 1992 last-zero offsets (first + count - 1): ['N-736..N+1684715', 'N-5946..N+16475026', 'N-8839..N+16662207', 'N-13607..N+16736117', 'N-30769710..N+144818015', 'N-633984..N+100671340']
covered measure in [PT, 1e20]: mine unpadded 2.71788e+9 (fraction 2.718e-11); mine padded by 1000 spacings 2.71788e+9 (2.718e-11); Job 1 plan windows 2.71789e+9 (2.718e-11); plan states 2.748240e+09 (2.7482e-11)
plan windows vs mine (t_lo diff, t_hi diff):
  Odlyzko 1992 T1.2 N=1e+14: N-7 | plan #100000000000000-736 .. #100000000000000+1,6 | dlo -100.0 dhi 100.0
  Gourdon 2004 #1e14+3..+2000000 | plan #10^14+3 .. #10^14+2000000000                | dlo -100.0 dhi 100.0
  Gourdon 2004 #1e15+0..+1999999 | plan #10^15+0 .. #10^15+1999999999                | dlo -99.99 dhi 100.0
  Odlyzko 1992 T1.2 N=1e+16: N-5 | plan #10000000000000000-5,946 .. #100000000000000 | dlo -99.89 dhi 100.2
  Gourdon 2004 #1e16+1..+1999999 | plan #10^16+1 .. #10^16+1999999999                | dlo -100.1 dhi 100.4
  Odlyzko 2001 p.3 #130489942652 | plan #13,048,994,265,258,476 .. +1,006,374,896    | dlo -1.003e+4 dhi 1.0e+4
  Gourdon 2004 #1e17+0..+2000000 | plan #10^17+0 .. #10^17+2000000000                | dlo -100.3 dhi 96.41
  Odlyzko 1992 T1.2 N=1e+18: N-8 | plan #1000000000000000000-8,839 .. #1000000000000 | dlo -92.78 dhi 60.92
  Gourdon 2004 #1e18+1..+1999999 | plan #10^18+1 .. #10^18+1999999999                | dlo -120.6 dhi 80.14
  Odlyzko 1992 T1.2 N=1e+19: N-1 | plan #10000000000000000000-13,607 .. #10000000000 | dlo -14.31 dhi -43.29
  Gourdon 2004 #1e19+0..+2000000 | plan #10^19+0 .. #10^19+2000000001                | dlo -99.25 dhi -25.11
  Odlyzko 1992 T1.2 N=1e+20: N-3 | plan #100000000000000000000-30,769,710 .. #100000 | dlo -572.4 dhi -737.2
  Gourdon 2004 #1e20+4..+1999999 | plan #10^20+4 .. #10^20+1999999999                | dlo -773.4 dhi -3029.0
  Odlyzko 1992 T1.2 N=2e+20: N-6 | plan #200000000000000000000-633,984 .. #200000000 | dlo 3874.0 dhi -5849.0
landed sweep points 129; non-control points 126; inside any padded window: []
the three closest non-control heights to any window edge (in mean spacings): [('7.519e+10', '22498141090488', 22.0), ('1.388e+13', '19482587526284', 22.0), ('1.602e+13', '25980448020297', 22.0)]
control 15202440115920748544: 8592.23 mean spacings above the page value of zero #1e20 -> zero #1e20 + 8592 inside [#1e20 - 30769710, #1e20 + 144818015] and [#1e20 + 4, #1e20 + 2e9 - 1]: True
control 2513274122900000: 19968.5 in t above the R-vM start of Odlyzko 2001 (1.0686e+5 zeros); above the page start 2.51327412288e15 by 20000.0; below the window end by 1.8805e+8 in t
