k = 38: plan 711453689657662, exact round 711453689657663, plan - exact = -1 (= 8.00 ulp of the double, ulp 0.125); nearest double to exact = 711453689657663
k = 44: plan 1687122572450148, exact round 1687122572450149, plan - exact = -1 (= 4.00 ulp of the double, ulp 0.25); nearest double to exact = 1687122572450149
k = 50: plan 4000798106536534, exact round 4000798106536533, plan - exact = 1 (= 2.00 ulp of the double, ulp 0.5); nearest double to exact = 4000798106536533
k = 54: plan 7114536896576625, exact round 7114536896576626, plan - exact = -1 (= 1.00 ulp of the double, ulp 1); nearest double to exact = 7114536896576626
k = 55: plan 8215739037575135, exact round 8215739037575134, plan - exact = 1 (= 1.00 ulp of the double, ulp 1); nearest double to exact = 8215739037575134
k = 56: plan 9487387431501674, exact round 9487387431501673, plan - exact = 1 (= 0.50 ulp of the double, ulp 2); nearest double to exact = 9487387431501672
k = 57: plan 10955864087667322, exact round 10955864087667323, plan - exact = -1 (= 0.50 ulp of the double, ulp 2); nearest double to exact = 10955864087667324
k = 58: plan 12651634475144430, exact round 12651634475144431, plan - exact = -1 (= 0.50 ulp of the double, ulp 2); nearest double to exact = 12651634475144432
k = 59: plan 14609879568772858, exact round 14609879568772857, plan - exact = 1 (= 0.50 ulp of the double, ulp 2); nearest double to exact = 14609879568772856
k = 62: plan 22498141090487936, exact round 22498141090487935, plan - exact = 1 (= 0.25 ulp of the double, ulp 4); nearest double to exact = 22498141090487936
k = 63: plan 25980448020297108, exact round 25980448020297109, plan - exact = -1 (= 0.25 ulp of the double, ulp 4); nearest double to exact = 25980448020297108
k = 65: plan 34645484252271396, exact round 34645484252271397, plan - exact = -1 (= 0.25 ulp of the double, ulp 4); nearest double to exact = 34645484252271396
k = 66: plan 40007981065365336, exact round 40007981065365333, plan - exact = 3 (= 0.38 ulp of the double, ulp 8); nearest double to exact = 40007981065365336
k = 67: plan 46200495778080848, exact round 46200495778080843, plan - exact = 5 (= 0.62 ulp of the double, ulp 8); nearest double to exact = 46200495778080840
k = 68: plan 53351500208249128, exact round 53351500208249129, plan - exact = -1 (= 0.12 ulp of the double, ulp 8); nearest double to exact = 53351500208249128
k = 69: plan 61609351296641968, exact round 61609351296641970, plan - exact = -2 (= 0.25 ulp of the double, ulp 8); nearest double to exact = 61609351296641968
k = 70: plan 71145368965766256, exact round 71145368965766258, plan - exact = -2 (= 0.25 ulp of the double, ulp 8); nearest double to exact = 71145368965766256
k = 72: plan 94873874315016720, exact round 94873874315016728, plan - exact = -8 (= 0.50 ulp of the double, ulp 16); nearest double to exact = 94873874315016736
k = 73: plan 109558640876673232, exact round 109558640876673226, plan - exact = 6 (= 0.38 ulp of the double, ulp 16); nearest double to exact = 109558640876673232
k = 74: plan 126516344751444304, exact round 126516344751444309, plan - exact = -5 (= 0.31 ulp of the double, ulp 16); nearest double to exact = 126516344751444304
k = 75: plan 146098795687728576, exact round 146098795687728575, plan - exact = 1 (= 0.03 ulp of the double, ulp 32); nearest double to exact = 146098795687728576
k = 76: plan 168712257245014848, exact round 168712257245014858, plan - exact = -10 (= 0.31 ulp of the double, ulp 32); nearest double to exact = 168712257245014848
k = 77: plan 194825875262836672, exact round 194825875262836677, plan - exact = -5 (= 0.16 ulp of the double, ulp 32); nearest double to exact = 194825875262836672
k = 78: plan 224981410904879328, exact round 224981410904879353, plan - exact = -25 (= 0.78 ulp of the double, ulp 32); nearest double to exact = 224981410904879360
k = 79: plan 259804480202971072, exact round 259804480202971088, plan - exact = -16 (= 0.50 ulp of the double, ulp 32); nearest double to exact = 259804480202971072
k = 81: plan 346454842522713984, exact round 346454842522713970, plan - exact = 14 (= 0.22 ulp of the double, ulp 64); nearest double to exact = 346454842522713984
k = 82: plan 400079810653653312, exact round 400079810653653328, plan - exact = -16 (= 0.25 ulp of the double, ulp 64); nearest double to exact = 400079810653653312
k = 83: plan 462004957780808448, exact round 462004957780808425, plan - exact = 23 (= 0.36 ulp of the double, ulp 64); nearest double to exact = 462004957780808448
k = 84: plan 533515002082491264, exact round 533515002082491288, plan - exact = -24 (= 0.38 ulp of the double, ulp 64); nearest double to exact = 533515002082491264
k = 85: plan 616093512966419712, exact round 616093512966419703, plan - exact = 9 (= 0.07 ulp of the double, ulp 128); nearest double to exact = 616093512966419712
k = 86: plan 711453689657662592, exact round 711453689657662582, plan - exact = 10 (= 0.08 ulp of the double, ulp 128); nearest double to exact = 711453689657662592
k = 87: plan 821573903757513472, exact round 821573903757513443, plan - exact = 29 (= 0.23 ulp of the double, ulp 128); nearest double to exact = 821573903757513472
k = 88: plan 948738743150167168, exact round 948738743150167277, plan - exact = -109 (= 0.85 ulp of the double, ulp 128); nearest double to exact = 948738743150167296
k = 89: plan 1095586408766732288, exact round 1095586408766732264, plan - exact = 24 (= 0.19 ulp of the double, ulp 128); nearest double to exact = 1095586408766732288
k = 90: plan 1265163447514443264, exact round 1265163447514443089, plan - exact = 175 (= 0.68 ulp of the double, ulp 256); nearest double to exact = 1265163447514443008
k = 91: plan 1460987956877285632, exact round 1460987956877285746, plan - exact = -114 (= 0.45 ulp of the double, ulp 256); nearest double to exact = 1460987956877285632
k = 92: plan 1687122572450148608, exact round 1687122572450148576, plan - exact = 32 (= 0.12 ulp of the double, ulp 256); nearest double to exact = 1687122572450148608
k = 93: plan 1948258752628366848, exact round 1948258752628366771, plan - exact = 77 (= 0.30 ulp of the double, ulp 256); nearest double to exact = 1948258752628366848
k = 94: plan 2249814109048793600, exact round 2249814109048793528, plan - exact = 72 (= 0.28 ulp of the double, ulp 256); nearest double to exact = 2249814109048793600
k = 95: plan 2598044802029710848, exact round 2598044802029710883, plan - exact = -35 (= 0.07 ulp of the double, ulp 512); nearest double to exact = 2598044802029710848
k = 97: plan 3464548425227140096, exact round 3464548425227139699, plan - exact = 397 (= 0.78 ulp of the double, ulp 512); nearest double to exact = 3464548425227139584
k = 98: plan 4000798106536532992, exact round 4000798106536533283, plan - exact = -291 (= 0.57 ulp of the double, ulp 512); nearest double to exact = 4000798106536533504
k = 99: plan 4620049577808083968, exact round 4620049577808084252, plan - exact = -284 (= 0.28 ulp of the double, ulp 1024); nearest double to exact = 4620049577808083968
k = 100: plan 5335150020824912896, exact round 5335150020824912876, plan - exact = 20 (= 0.02 ulp of the double, ulp 1024); nearest double to exact = 5335150020824912896
k = 101: plan 6160935129664196608, exact round 6160935129664197029, plan - exact = -421 (= 0.41 ulp of the double, ulp 1024); nearest double to exact = 6160935129664196608
k = 102: plan 7114536896576626688, exact round 7114536896576625819, plan - exact = 869 (= 0.85 ulp of the double, ulp 1024); nearest double to exact = 7114536896576625664
k = 103: plan 8215739037575134208, exact round 8215739037575134429, plan - exact = -221 (= 0.22 ulp of the double, ulp 1024); nearest double to exact = 8215739037575134208
k = 104: plan 9487387431501672448, exact round 9487387431501672766, plan - exact = -318 (= 0.16 ulp of the double, ulp 2048); nearest double to exact = 9487387431501672448
k = 105: plan 10955864087667322880, exact round 10955864087667322645, plan - exact = 235 (= 0.11 ulp of the double, ulp 2048); nearest double to exact = 10955864087667322880
k = 106: plan 12651634475144431616, exact round 12651634475144430886, plan - exact = 730 (= 0.36 ulp of the double, ulp 2048); nearest double to exact = 12651634475144431616
k = 107: plan 14609879568772857856, exact round 14609879568772857461, plan - exact = 395 (= 0.19 ulp of the double, ulp 2048); nearest double to exact = 14609879568772857856
k = 108: plan 16871225724501487616, exact round 16871225724501485756, plan - exact = 1860 (= 0.91 ulp of the double, ulp 2048); nearest double to exact = 16871225724501485568
k = 109: plan 19482587526283665408, exact round 19482587526283667709, plan - exact = -2301 (= 0.56 ulp of the double, ulp 4096); nearest double to exact = 19482587526283669504
k = 110: plan 22498141090487934976, exact round 22498141090487935275, plan - exact = -299 (= 0.07 ulp of the double, ulp 4096); nearest double to exact = 22498141090487934976
k = 111: plan 25980448020297109504, exact round 25980448020297108827, plan - exact = 677 (= 0.17 ulp of the double, ulp 4096); nearest double to exact = 25980448020297109504
k = 113: plan 34645484252271394816, exact round 34645484252271396988, plan - exact = -2172 (= 0.53 ulp of the double, ulp 4096); nearest double to exact = 34645484252271398912
k = 114: plan 40007981065365331968, exact round 40007981065365332827, plan - exact = -859 (= 0.10 ulp of the double, ulp 8192); nearest double to exact = 40007981065365331968
k = 115: plan 46200495778080841728, exact round 46200495778080842524, plan - exact = -796 (= 0.10 ulp of the double, ulp 8192); nearest double to exact = 46200495778080841728
k = 116: plan 53351500208249126912, exact round 53351500208249128761, plan - exact = -1849 (= 0.23 ulp of the double, ulp 8192); nearest double to exact = 53351500208249126912
k = 117: plan 61609351296641974272, exact round 61609351296641970293, plan - exact = 3979 (= 0.49 ulp of the double, ulp 8192); nearest double to exact = 61609351296641974272
k = 118: plan 71145368965766258688, exact round 71145368965766258188, plan - exact = 500 (= 0.06 ulp of the double, ulp 8192); nearest double to exact = 71145368965766258688
k = 119: plan 82157390375751335936, exact round 82157390375751344290, plan - exact = -8354 (= 0.51 ulp of the double, ulp 16384); nearest double to exact = 82157390375751352320
k = 120: plan 94873874315016716288, exact round 94873874315016727664, plan - exact = -11376 (= 0.69 ulp of the double, ulp 16384); nearest double to exact = 94873874315016732672
max |plan - exact| below 2^53: 1 units; max over all in ulps of the double: 8.00
