== (i) hashes.txt ==
entries 701, distinct paths 694; match 694; MISMATCH (latest entry for its path) 0: []
missing files: []
superseded earlier entries (the same path re-hashed later in the file): 7
    (2, 'harness/d4_twisted_sum.rs', 'c1149d54598d48cf', 'later entry line 39', 'later entry matches')
    (3, 'harness/d4_twisted_sum', 'f6256dedf9a7d1e6', 'later entry line 40', 'later entry matches')
    (8, 'harness/d4_point.py', '03fe239f59077283', 'later entry line 42', 'later entry matches')
    (9, 'harness/d4_plan.py', 'ece1f52d40b3d338', 'later entry line 44', 'later entry matches')
    (12, 'harness/sweep_plan.json', '4e6f8a6e5a29077c', 'later entry line 46', 'later entry matches')
    (13, 'harness/eps_phi.json', '7059d1bb31b9a1da', 'later entry line 47', 'later entry matches')
    (26, 'out/zeta_t1000000000000_L28.35.json', '6f29532abe011874', 'later entry line 29', 'later entry matches')
the note on disk 80a14ea23bc732a48c2b8b163d3ab5d0d487b6668a853470b222909d01852086 | listed in hashes.txt: True
== (ii) section 6 rows ==
rows parsed 133; checks per row 27; issues 0
max |W1 - W2| over the 133 rows (recomputed from the replay JSONs): 6.804e-14 at ('53351500208249126912', '22')
== (iii) counts ==
zeta JSONs 133 = rehearsal 4 + sweep 129; sweep at L = 22: 123, at L = 28.35: 6; strictly above PT 128, at PT 1, below 0; rows in section 6 133; JSONs without a row: []
control1 JSONs 129 | replayO JSONs 128 | planted 136 | dhreg 133
all sweep W > 0: True | all verdict silent: True | all controls_pass: True | any stop_line: []
ladder: the plan heights equal float(round(PT * 10**(k/16))) evaluated in double arithmetic (d4_plan.py line 64) for all 121; they equal the double nearest round(PT*10^(k/16)) computed exactly for 99/121; differ at k = [38, 44, 50, 54, 55, 56, 57, 58, 59, 67, 72, 78, 88, 90, 97, 98, 102, 108, 109, 113, 119, 120]; max relative difference 1.41e-15, max 1 ulp (below 2^53: units)
