n=1 z=0  PhiG=(0.496949038241664 + 0.0j)  rel.diff=0.0
n=1 z=7  PhiG=(0.152044952295167 + 0.0j)  rel.diff=1.62e-31
n=1 z=(20.6253 + 2.6971j)  PhiG=(3.81875282730643e-10 + 6.38261088134727e-9j)  rel.diff=1.83e-24
n=1 z=(3.0 - 4.0j)  PhiG=(0.503307203720848 + 0.307185208418918j)  rel.diff=3.01e-31
n=1 z=(45.0 + 10.0j)  PhiG=(-3.07048214738347e-5 + 1.23165143537121e-5j)  rel.diff=1.16e-28
n=1 z=(-12.0 + 30.0j)  PhiG=(-508069.195910199 - 496926.186487962j)  rel.diff=1.63e-31
n=2 z=0  PhiG=(0.000171739887741595 + 0.0j)  rel.diff=4.21e-29
n=2 z=7  PhiG=(0.000159571932890196 + 0.0j)  rel.diff=4.72e-29
n=2 z=(20.6253 + 2.6971j)  PhiG=(9.86707338910181e-5 - 1.19858978219257e-5j)  rel.diff=1.29e-31
n=2 z=(3.0 - 4.0j)  PhiG=(0.000173413154935554 + 6.4075822239705e-6j)  rel.diff=1.55e-31
n=2 z=(45.0 + 10.0j)  PhiG=(3.07127983038865e-5 - 1.23169210784216e-5j)  rel.diff=3.67e-31
n=2 z=(-12.0 + 30.0j)  PhiG=(-0.000198318218730186 + 0.000517928466379855j)  rel.diff=1.74e-31
n=3 z=0  PhiG=(5.89080579355495e-11 + 0.0j)  rel.diff=1.93e-29
n=3 z=7  PhiG=(5.80317543406342e-11 + 0.0j)  rel.diff=1.27e-29
n=3 z=(20.6253 + 2.6971j)  PhiG=(5.20636092844546e-11 - 1.62036442770376e-12j)  rel.diff=6.62e-29
n=3 z=(3.0 - 4.0j)  PhiG=(5.9032308872308e-11 + 4.36540647788657e-13j)  rel.diff=9.6e-29
n=3 z=(45.0 + 10.0j)  PhiG=(3.51445928884997e-11 - 6.55521663216282e-12j)  rel.diff=1.22e-26
n=3 z=(-12.0 + 30.0j)  PhiG=(7.16356216754081e-11 + 1.93779257243714e-11j)  rel.diff=1.44e-28
n=4 z=0  PhiG=(2.95891269572075e-20 + 0.0j)  rel.diff=4.19e-16
n=4 z=7  PhiG=(2.94476608327147e-20 + 0.0j)  rel.diff=4.3e-16
n=4 z=(20.6253 + 2.6971j)  PhiG=(2.84181527412292e-20 - 2.99332514414768e-22j)  rel.diff=1.42e-15
n=4 z=(3.0 - 4.0j)  PhiG=(2.96092872639828e-20 + 6.96865885347222e-23j)  rel.diff=4.29e-16
n=4 z=(45.0 + 10.0j)  PhiG=(2.47114688354178e-20 - 1.87245389523998e-21j)  rel.diff=7.93e-20
n=4 z=(-12.0 + 30.0j)  PhiG=(3.17766409573892e-20 + 2.39424922101075e-21j)  rel.diff=2.78e-19
Xi vs Xi_6 at z=0: Xi=(0.497120778188314 + 0.0j)  |diff|=9.86e-32
Xi vs Xi_6 at z=7: Xi=(0.152204524286089 + 1.80556532811122e-32j)  |diff|=3.06e-32
Xi vs Xi_6 at z=(20.6253 + 2.6971j): Xi=(9.86711678299101e-5 - 1.19795168314088e-5j)  |diff|=1.02e-32
Xi vs Xi_6 at z=(3.0 - 4.0j): Xi=(0.503480616934816 + 0.307191616001578j)  |diff|=2.47e-31
Xi vs Xi_6 at z=(45.0 + 10.0j): Xi=(8.01197464475974e-9 - 4.13279926078911e-10j)  |diff|=4.07e-33
