Xi(0) = 0.49712077818831410991  Q_1(0) = Xi(0)-Phi_1(0) = 0.000171739946649653
c_1 = 0.00017180566258547875025   Xi_1(0) - (0.4971 - c_1) = 2.08439e-5
n=1  phit'(0)=0.0394987652677499  -alpha_n=0.0394987652677499
n=2  phit'(0)=-0.0394986826149542  -alpha_n=-0.0394986826149542
n=3  phit'(0)=-8.26527956381008e-8  -alpha_n=-8.26527956381008e-8
N=1 lim x^2 Xi_N = -0.078997531
N=2 lim x^2 Xi_N = -1.6530559e-7
N=3 lim x^2 Xi_N = -2.7834517e-16
N=4 lim x^2 Xi_N = -5.7394724e-28
N=5 lim x^2 Xi_N = -1.707458e-42
x=200  x^2*Xi_1(x) = -0.07847140037
x=800  x^2*Xi_1(x) = -0.07896459938
k=1 t=0 c(t)=-0.07899753054
k=1 t=0.5 c(t)=-0.03949884792
k=1 t=1 c(t)=-1.653055916e-7
k=2 t=0 c(t)=-1.653055916e-7
k=2 t=0.5 c(t)=-8.265279592e-8
k=2 t=1 c(t)=-2.783451727e-16
k=3 t=0 c(t)=-2.783451727e-16
k=3 t=0.5 c(t)=-1.391725864e-16
k=3 t=1 c(t)=-5.739472412e-28
n=2 (2X-1)e^-X <= Phi_n(0)/2 <= (2X+3)e^-X : True  ratios lo/h=0.98007669 hi/h=1.1425243
n=3 (2X-1)e^-X <= Phi_n(0)/2 <= (2X+3)e^-X : True  ratios lo/h=0.9911554 hi/h=1.0625274
n=4 (2X-1)e^-X <= Phi_n(0)/2 <= (2X+3)e^-X : True  ratios lo/h=0.99502593 hi/h=1.0350145
n=5 (2X-1)e^-X <= Phi_n(0)/2 <= (2X+3)e^-X : True  ratios lo/h=0.99681677 hi/h=1.0223631
n=6 (2X-1)e^-X <= Phi_n(0)/2 <= (2X+3)e^-X : True  ratios lo/h=0.99778947 hi/h=1.0155126
n=7 (2X-1)e^-X <= Phi_n(0)/2 <= (2X+3)e^-X : True  ratios lo/h=0.99837595 hi/h=1.0113894
k=1 4(k+2)^2=36 2pi(k+1)^2=25.1327 holds=False
k=2 4(k+2)^2=64 2pi(k+1)^2=56.5487 holds=False
k=3 4(k+2)^2=100 2pi(k+1)^2=100.531 holds=True
k=4 4(k+2)^2=144 2pi(k+1)^2=157.08 holds=True
k=5 4(k+2)^2=196 2pi(k+1)^2=226.195 holds=True
k=6 4(k+2)^2=256 2pi(k+1)^2=307.876 holds=True
k=7 4(k+2)^2=324 2pi(k+1)^2=402.124 holds=True
