(a) Poisson pairs pi_a = delta_{aZ} + (1/a) delta_{Z/a}, mass at 0 = 1 + 1/a
== pi_a, a=0.5: mass at 0 = 3.0
   Gauss y=0.37: <mu,g> - <mu,g^> = 0.0
   Gauss y=1.0: <mu,g> - <mu,g^> = 0.0
   Gauss y=2.2: <mu,g> - <mu,g^> = -4.5918e-41
   Fejer L=0.3: left=3.0 right=2.999746697055 diff=0.0002533 (tail bound 0.00101)
   Fejer L=0.7: left=3.5714285714286 right=3.5713200130215 diff=0.0001086 (tail bound 0.000434)
   Fejer L=1.3: left=4.6923076923077 right=4.6922492377808 diff=5.845e-5 (tail bound 0.000234)
   Fejer L=2.9: left=9.0689655172414 right=9.0689393134899 diff=2.62e-5 (tail bound 0.000105)
== pi_a, a=0.57735027: mass at 0 = 2.73205080757
   Gauss y=0.37: <mu,g> - <mu,g^> = 0.0
   Gauss y=1.0: <mu,g> - <mu,g^> = 0.0
   Gauss y=2.2: <mu,g> - <mu,g^> = -4.5918e-41
   Fejer L=0.3: left=2.7320508075689 right=2.7318201263214 diff=0.0002307 (tail bound 0.000923)
   Fejer L=0.7: left=3.0824786098842 right=3.0823797571698 diff=9.885e-5 (tail bound 0.000395)
   Fejer L=1.3: left=4.0673572574629 right=4.0673040169153 diff=5.324e-5 (tail bound 0.000213)
   Fejer L=2.9: left=8.1545979138484 right=8.1545740522371 diff=2.386e-5 (tail bound 9.55e-5)
== pi_a, a=0.70710678: mass at 0 = 2.41421356237
   Gauss y=0.37: <mu,g> - <mu,g^> = 0.0
   Gauss y=1.0: <mu,g> - <mu,g^> = 0.0
   Gauss y=2.2: <mu,g> - <mu,g^> = 0.0
   Fejer L=0.3: left=2.4142135623731 right=2.4140097193978 diff=0.0002038 (tail bound 0.000815)
   Fejer L=0.7: left=2.4142135623731 right=2.4141261123212 diff=8.745e-5 (tail bound 0.000349)
   Fejer L=1.3: left=3.3263569759323 right=3.3263099480582 diff=4.703e-5 (tail bound 0.000188)
   Fejer L=2.9: left=7.056538286441 right=7.0565171872082 diff=2.11e-5 (tail bound 8.43e-5)
== pi_a, a=0.66666667: mass at 0 = 2.5
   Gauss y=0.37: <mu,g> - <mu,g^> = -9.1835e-41
   Gauss y=1.0: <mu,g> - <mu,g^> = 0.0
   Gauss y=2.2: <mu,g> - <mu,g^> = 0.0
   Fejer L=0.3: left=2.5 right=2.4997889162074 diff=0.0002111 (tail bound 0.000844)
   Fejer L=0.7: left=2.5952380952381 right=2.5951475889387 diff=9.051e-5 (tail bound 0.000362)
   Fejer L=1.3: left=3.474358974359 right=3.4743102401998 diff=4.873e-5 (tail bound 0.000195)
   Fejer L=2.9: left=7.3505747126437 right=7.3505528738243 diff=2.184e-5 (tail bound 8.73e-5)
   q=4 example: delta_{Z/2} + 2 delta_{2Z} is pi_{1/2} (same atoms and masses) -- see first block above.
(b) twisted combs tau_chi = sum_n chi(n) delta_{n/sqrt(m)}, chi = Kronecker (m/.) real even primitive; mass at 0 = chi(0) = 0
== tau_chi, m=5: mass at 0 = 0.0
   Gauss y=0.37: <mu,g> - <mu,g^> = -1.1479e-41
   Gauss y=1.0: <mu,g> - <mu,g^> = 0.0
   Gauss y=2.2: <mu,g> - <mu,g^> = -1.7219e-41
   Fejer L=0.3: left=0.0 right=8.648343472348e-9 diff=-8.648e-9 (tail bound 0.000755)
   Fejer L=0.7: left=0.72224687000012 right=0.72224685594583 diff=1.405e-8 (tail bound 0.000324)
   Fejer L=1.3: left=0.68802091615378 right=0.6880209087726 diff=7.381e-9 (tail bound 0.000174)
   Fejer L=2.9: left=0.14946098413811 right=0.1494609852906 diff=-1.152e-9 (tail bound 7.81e-5)
== tau_chi, m=8: mass at 0 = 0.0
   Gauss y=0.37: <mu,g> - <mu,g^> = 0.0
   Gauss y=1.0: <mu,g> - <mu,g^> = 0.0
   Gauss y=2.2: <mu,g> - <mu,g^> = -1.1479e-41
   Fejer L=0.3: left=0.0 right=-4.7943432144648e-8 diff=4.794e-8 (tail bound 0.000955)
   Fejer L=0.7: left=0.98984745544779 right=0.98984746462301 diff=-9.175e-9 (tail bound 0.000409)
   Fejer L=1.3: left=1.0878565864408 right=1.0878565949059 diff=-8.465e-9 (tail bound 0.00022)
   Fejer L=2.9: left=0.0 right=2.8698828254302e-9 diff=-2.87e-9 (tail bound 9.88e-5)
== tau_chi, m=12: mass at 0 = 0.0
   Gauss y=0.37: <mu,g> - <mu,g^> = 0.0
   Gauss y=1.0: <mu,g> - <mu,g^> = 0.0
   Gauss y=2.2: <mu,g> - <mu,g^> = 0.0
   Fejer L=0.3: left=0.075499102701247 right=0.07549880288376 diff=2.998e-7 (tail bound 0.00117)
   Fejer L=0.7: left=1.1752139011577 right=1.1752138896206 diff=1.154e-8 (tail bound 0.000501)
   Fejer L=1.3: left=1.5558844083157 right=1.5558844026117 diff=5.704e-9 (tail bound 0.00027)
   Fejer L=2.9: left=0.18994929692617 right=0.18994929588231 diff=1.044e-9 (tail bound 0.000121)
== tau_chi, m=13: mass at 0 = 0.0
   Gauss y=0.37: <mu,g> - <mu,g^> = 0.0
   Gauss y=1.0: <mu,g> - <mu,g^> = 0.0
   Gauss y=2.2: <mu,g> - <mu,g^> = 1.1479e-41
   Fejer L=0.3: left=0.1509993459159 right=0.15099943766311 diff=-9.175e-8 (tail bound 0.00122)
   Fejer L=0.7: left=0.79242885175033 right=0.79242886555257 diff=-1.38e-8 (tail bound 0.000522)
   Fejer L=1.3: left=1.4398452481913 right=1.4398452558184 diff=-7.627e-9 (tail bound 0.000281)
   Fejer L=2.9: left=0.19127592973284 right=0.19127593388068 diff=-4.148e-9 (tail bound 0.000126)
(c) F_{5,5} = zeta(s)(1 + 5*5^-s + 5^{1-2s}) at q=25: measure = pi_{1/5} + (5/2) pi_1, mass at 0 = 6 + 5 = 11 = rho_q
== F55 measure: mass at 0 = 11.0
   Gauss y=0.37: <mu,g> - <mu,g^> = 0.0
   Gauss y=1.0: <mu,g> - <mu,g^> = 0.0
   Gauss y=2.2: <mu,g> - <mu,g^> = 0.0
   Fejer L=0.3: left=11.666666666667 right=11.665737889225 diff=0.0009288 (tail bound 0.00372)
   Fejer L=0.7: left=13.571428571429 right=13.571030523948 diff=0.000398 (tail bound 0.00159)
   Fejer L=1.3: left=18.846153846154 right=18.845939512895 diff=0.0002143 (tail bound 0.000857)
   Fejer L=2.9: left=34.172413793103 right=34.172317712689 diff=9.608e-5 (tail bound 0.000384)
(d) multiplicity bound (Lemma B/C): every nonzero-atom mass <= rho (mass at 0); equality <=> period lattice.
   pi_a a=0.5: max nonzero-atom mass = 3.0, rho = 3.0, #atoms in (0,60] with mass = rho: 30
   pi_a a=0.70710678: max nonzero-atom mass = 2.414213562, rho = 2.414213562, #atoms in (0,60] with mass = rho: 42
   pi_a a=0.57735027: max nonzero-atom mass = 2.732050808, rho = 2.732050808, #atoms in (0,60] with mass = rho: 34
   F55: max nonzero-atom mass = 11 (at multiples of 5), rho = 11 (equality: mu is 5-periodic)
