 t | RH  | F1 b_d>=0 | F2 N_n>=0 | F3 |a|<=5 | Q1 dN>=0 | Q2 rho>=1 | Q3 Euler-Fejer p=2 | Q4 Pi>=0 on <5> (first bad 5^n) | Q5 D zero-free | min b_d (d<=60) | b_1..b_5
-12|  -  |     -     |     -     |    -     |   yes    |   yes     |        yes         |    -  (n=2)                 |      -         | -103947668622667087032869806730536461373510452011043667741790496 | [18, -63, 552, -4293, 42048]
-11|  -  |     -     |     -     |    -     |   yes    |   yes     |        yes         |    -  (n=2)                 |      -         | -358939333253235773736006722420610317276537976367009815704618 | [17, -51, 425, -2890, 26452]
-10|  -  |     -     |     -     |    -     |   yes    |   yes     |        yes         |    -  (n=2)                 |      -         | -643760202149160837623424535595031604250447146078259437056 | [16, -40, 320, -1840, 15872]
 -9|  -  |     -     |     -     |    -     |   yes    |   yes     |        yes         |    -  (n=2)                 |      -         | -494878792677454804910937845551074999157903135482354966 | [15, -30, 235, -1080, 9012]
 -8|  -  |     -     |     -     |    -     |   yes    |   yes     |        yes         |    -  (n=2)                 |      -         | -120363775457872628573921839549512289762477072087968 | [14, -21, 168, -553, 4816]
 -7|  -  |     -     |     -     |    -     |   yes    |   yes     |        yes         |    -  (n=2)                 |      -         | -5421946826944932878223583359139712893365624134 | [13, -13, 117, -208, 2444]
 -6|  -  |     -     |    yes    |   yes    |   yes    |   yes     |        yes         |    -  (n=2)                 |      -         | -6422914307692955280 | [12, -6, 80, 0, 1248]
 -5|  -  |    yes    |    yes    |   yes    |   yes    |   yes     |        yes         |    -  (n=2)                 |      -         |                0 | [11, 0, 55, 110, 748]
 -4| yes |    yes    |    yes    |   yes    |   yes    |   yes     |        yes         |    -  (n=2)                 |      -         |                5 | [10, 5, 40, 155, 608]
 -3| yes |    yes    |    yes    |   yes    |   yes    |   yes     |        yes         |    -  (n=3)                 |      -         |                9 | [9, 9, 33, 162, 612]
 -2| yes |    yes    |    yes    |   yes    |   yes    |   yes     |        yes         |    -  (n=3)                 |      -         |                8 | [8, 12, 32, 152, 640]
 -1| yes |    yes    |    yes    |   yes    |   yes    |   yes     |        yes         |    -  (n=3)                 |      -         |                7 | [7, 14, 35, 140, 644]
  0| yes |    yes    |    yes    |   yes    |   yes    |   yes     |        yes         |    -  (n=4)                 |      -         |                6 | [6, 15, 40, 135, 624]
  1| yes |    yes    |    yes    |   yes    |   yes    |   yes     |        yes         |    -  (n=4)                 |      -         |                5 | [5, 15, 45, 140, 604]
  2| yes |    yes    |    yes    |   yes    |    -     |   yes     |        yes         |    -  (n=1)                 |      -         |                4 | [4, 14, 48, 152, 608]
  3| yes |    yes    |    yes    |   yes    |    -     |   yes     |        yes         |    -  (n=1)                 |      -         |                3 | [3, 12, 47, 162, 636]
  4| yes |    yes    |    yes    |   yes    |    -     |   yes     |        yes         |    -  (n=1)                 |      -         |                2 | [2, 9, 40, 155, 640]
  5|  -  |    yes    |    yes    |   yes    |    -     |   yes     |         -          |    -  (n=1)                 |      -         |                1 | [1, 5, 25, 110, 500]
  6|  -  |    yes    |    yes    |   yes    |    -     |    -      |         -          |    -  (n=1)                 |      -         |                0 | [0, 0, 0, 0, 0]
  7|  -  |     -     |     -     |    -     |    -     |    -      |         -          |    -  (n=1)                 |      -         | -5421946826944932878223583359139712893365624134 | [-1, -6, -37, -208, -1196]
  8|  -  |     -     |     -     |    -     |    -     |    -      |         -          |    -  (n=1)                 |      -         | -120363775457872628573921839549512289762477072087968 | [-2, -13, -88, -553, -3568]
  9|  -  |     -     |     -     |    -     |    -     |    -      |         -          |    -  (n=1)                 |      -         | -494878792677454804910937845551074999157903135482354966 | [-3, -21, -155, -1080, -7764]
 10|  -  |     -     |     -     |    -     |    -     |    -      |         -          |    -  (n=1)                 |      -         | -643760202149160837623424535595031604250447146078259437056 | [-4, -30, -240, -1840, -14624]
 11|  -  |     -     |     -     |    -     |    -     |    -      |         -          |    -  (n=1)                 |      -         | -358939333253235773736006722420610317276537976367009815704618 | [-5, -40, -345, -2890, -25204]
 12|  -  |     -     |     -     |    -     |    -     |    -      |         -          |    -  (n=1)                 |      -         | -103947668622667087032869806730536461373510452011043667741790496 | [-6, -51, -472, -4293, -40800]
RH: t in [-4, -3, -2, -1, 0, 1, 2, 3, 4]
F1: t in [-5, -4, -3, -2, -1, 0, 1, 2, 3, 4, 5, 6]
F2: t in [-6, -5, -4, -3, -2, -1, 0, 1, 2, 3, 4, 5, 6]
F3: t in [-6, -5, -4, -3, -2, -1, 0, 1, 2, 3, 4, 5, 6]
Q1: t in [-12, -11, -10, -9, -8, -7, -6, -5, -4, -3, -2, -1, 0, 1]
Q2: t in [-12, -11, -10, -9, -8, -7, -6, -5, -4, -3, -2, -1, 0, 1, 2, 3, 4, 5]
Q3: t in [-12, -11, -10, -9, -8, -7, -6, -5, -4, -3, -2, -1, 0, 1, 2, 3, 4]
Q4: t in []
F1 ∩ not RH (RH-false Beurling data over F_5): [-5, 5, 6]
Q4 (the Q-side q-part positivity) admits: []  -- matches Theorem L' (no t survives).
