start log10n=  8.955 log10f=  2.4409 expo=0.27256 rate=0.000 excess35=-1.2687 tau=960 gdiv=50 t=0s n=2^4 3^2 5^3 7^1 13^1 19^1 29^1 
step  log10n=  9.256 log10f=  2.5366 expo=0.27403 rate=0.318 excess35=-1.2784 tau=1152 gdiv=50 t=0s n=2^5 3^2 5^3 7^1 13^1 19^1 29^1 
step  log10n= 10.535 log10f=  2.9628 expo=0.28123 rate=0.333 excess35=-1.2997 tau=1728 gdiv=62 t=0s n=2^5 3^2 5^3 7^1 13^1 19^2 29^1 
step  log10n= 12.148 log10f=  3.4757 expo=0.28611 rate=0.318 excess35=-1.3513 tau=3456 gdiv=93 t=0s n=2^5 3^2 5^3 7^1 13^1 19^2 29^1 41^1 
step  log10n= 12.625 log10f=  3.6449 expo=0.28870 rate=0.355 excess35=-1.3491 tau=4608 gdiv=98 t=0s n=2^5 3^3 5^3 7^1 13^1 19^2 29^1 41^1 
step  log10n= 13.324 log10f=  3.9031 expo=0.29294 rate=0.369 excess35=-1.3355 tau=5760 gdiv=115 t=0s n=2^5 3^3 5^4 7^1 13^1 19^2 29^1 41^1 
step  log10n= 14.366 log10f=  4.3094 expo=0.29998 rate=0.390 excess35=-1.2937 tau=11520 gdiv=148 t=0s n=2^5 3^3 5^4 7^1 11^1 13^1 19^2 29^1 41^1 
step  log10n= 16.151 log10f=  5.0098 expo=0.31019 rate=0.392 excess35=-1.2182 tau=23040 gdiv=227 t=0s n=2^5 3^3 5^4 7^1 11^1 13^1 19^2 29^1 41^1 61^1 
step  log10n= 17.381 log10f=  5.5049 expo=0.31671 rate=0.402 excess35=-1.1538 tau=46080 gdiv=288 t=0s n=2^5 3^3 5^4 7^1 11^1 13^1 17^1 19^2 29^1 41^1 61^1 
step  log10n= 19.152 log10f=  6.2246 expo=0.32501 rate=0.406 excess35=-1.0538 tau=92160 gdiv=384 t=0s n=2^5 3^3 5^4 7^1 11^1 13^1 17^1 19^2 29^1 41^1 59^1 61^1 
step  log10n= 19.997 log10f=  6.5820 expo=0.32915 rate=0.423 excess35=-0.9922 tau=138240 gdiv=403 t=0s n=2^5 3^3 5^4 7^2 11^1 13^1 17^1 19^2 29^1 41^1 59^1 61^1 
step  log10n= 20.696 log10f=  6.8669 expo=0.33179 rate=0.408 excess35=-0.9520 tau=165888 gdiv=461 t=0s n=2^5 3^3 5^5 7^2 11^1 13^1 17^1 19^2 29^1 41^1 59^1 61^1 
step  log10n= 20.997 log10f=  6.9967 expo=0.33322 rate=0.431 excess35=-0.9276 tau=193536 gdiv=461 t=1s n=2^6 3^3 5^5 7^2 11^1 13^1 17^1 19^2 29^1 41^1 59^1 61^1 
step  log10n= 21.696 log10f=  7.2557 expo=0.33442 rate=0.371 excess35=-0.9131 tau=225792 gdiv=491 t=1s n=2^6 3^3 5^6 7^2 11^1 13^1 17^1 19^2 29^1 41^1 59^1 61^1 
step  log10n= 22.173 log10f=  7.4444 expo=0.33574 rate=0.395 excess35=-0.8915 tau=282240 gdiv=497 t=1s n=2^6 3^4 5^6 7^2 11^1 13^1 17^1 19^2 29^1 41^1 59^1 61^1 
step  log10n= 23.535 log10f=  7.9622 expo=0.33831 rate=0.380 excess35=-0.8503 tau=564480 gdiv=611 t=2s n=2^6 3^4 5^6 7^2 11^1 13^1 17^1 19^2 23^1 29^1 41^1 59^1 61^1 
step  log10n= 25.433 log10f=  8.7035 expo=0.34222 rate=0.391 excess35=-0.7731 tau=1128960 gdiv=794 t=3s n=2^6 3^4 5^6 7^2 11^1 13^1 17^1 19^2 23^1 29^1 41^1 59^1 61^1 79^1 
step  log10n= 26.895 log10f=  9.2723 expo=0.34476 rate=0.389 excess35=-0.7162 tau=1693440 gdiv=881 t=6s n=2^6 3^4 5^6 7^2 11^1 13^1 17^1 19^2 23^1 29^2 41^1 59^1 61^1 79^1 
step  log10n= 27.594 log10f=  9.5402 expo=0.34574 rate=0.383 excess35=-0.6929 tau=1935360 gdiv=885 t=12s n=2^6 3^4 5^7 7^2 11^1 13^1 17^1 19^2 23^1 29^2 41^1 59^1 61^1 79^1 
step  log10n= 27.895 log10f=  9.6675 expo=0.34657 rate=0.423 excess35=-0.6710 tau=2211840 gdiv=885 t=19s n=2^7 3^4 5^7 7^2 11^1 13^1 17^1 19^2 23^1 29^2 41^1 59^1 61^1 79^1 
step  log10n= 29.463 log10f= 10.2676 expo=0.34849 rate=0.383 excess35=-0.6197 tau=4423680 gdiv=1050 t=26s n=2^7 3^4 5^7 7^2 11^1 13^1 17^1 19^2 23^1 29^2 37^1 41^1 59^1 61^1 79^1 
step  log10n= 31.413 log10f= 11.0311 expo=0.35117 rate=0.392 excess35=-0.5386 tau=8847360 gdiv=1361 t=44s n=2^7 3^4 5^7 7^2 11^1 13^1 17^1 19^2 23^1 29^2 37^1 41^1 59^1 61^1 79^1 89^1 
step  log10n= 32.691 log10f= 11.5291 expo=0.35267 rate=0.389 excess35=-0.4881 tau=11796480 gdiv=1409 t=90s n=2^7 3^4 5^7 7^2 11^1 13^1 17^1 19^3 23^1 29^2 37^1 41^1 59^1 61^1 79^1 89^1 
step  log10n= 33.390 log10f= 11.8027 expo=0.35347 rate=0.391 excess35=-0.4592 tau=13271040 gdiv=1419 t=159s n=2^7 3^4 5^8 7^2 11^1 13^1 17^1 19^3 23^1 29^2 37^1 41^1 59^1 61^1 79^1 89^1 
step  log10n= 33.868 log10f= 11.9996 expo=0.35431 rate=0.413 excess35=-0.4292 tau=15925248 gdiv=1425 t=235s n=2^7 3^5 5^8 7^2 11^1 13^1 17^1 19^3 23^1 29^2 37^1 41^1 59^1 61^1 79^1 89^1 
step  log10n= 34.713 log10f= 12.3267 expo=0.35511 rate=0.387 excess35=-0.3979 tau=21233664 gdiv=1440 t=332s n=2^7 3^5 5^8 7^3 11^1 13^1 17^1 19^3 23^1 29^2 37^1 41^1 59^1 61^1 79^1 89^1 
[killed 11:36 — superseded by search2.c, which scores moves from one DP]
