start log10n=  8.955 log10f=  2.4409 expo=0.27256 rate=0.000 excess35=-1.2687 tau=960 gdiv=50 t=0s n=2^4 3^2 5^3 7^1 13^1 19^1 29^1 
step  log10n=  9.256 log10f=  2.5366 expo=0.27403 rate=0.318 excess35=-1.2784 tau=1152 gdiv=50 t=0s n=2^5 3^2 5^3 7^1 13^1 19^1 29^1 
step  log10n= 10.535 log10f=  2.9628 expo=0.28123 rate=0.333 excess35=-1.2997 tau=1728 gdiv=62 t=0s n=2^5 3^2 5^3 7^1 13^1 19^2 29^1 
step  log10n= 12.148 log10f=  3.4757 expo=0.28611 rate=0.318 excess35=-1.3513 tau=3456 gdiv=93 t=0s n=2^5 3^2 5^3 7^1 13^1 19^2 29^1 41^1 
step  log10n= 12.625 log10f=  3.6449 expo=0.28870 rate=0.355 excess35=-1.3491 tau=4608 gdiv=98 t=0s n=2^5 3^3 5^3 7^1 13^1 19^2 29^1 41^1 
step  log10n= 13.324 log10f=  3.9031 expo=0.29294 rate=0.369 excess35=-1.3355 tau=5760 gdiv=115 t=0s n=2^5 3^3 5^4 7^1 13^1 19^2 29^1 41^1 
step  log10n= 14.366 log10f=  4.3094 expo=0.29998 rate=0.390 excess35=-1.2937 tau=11520 gdiv=148 t=0s n=2^5 3^3 5^4 7^1 11^1 13^1 19^2 29^1 41^1 
step  log10n= 15.596 log10f=  4.7691 expo=0.30579 rate=0.374 excess35=-1.2647 tau=23040 gdiv=194 t=0s n=2^5 3^3 5^4 7^1 11^1 13^1 17^1 19^2 29^1 41^1 
step  log10n= 16.295 log10f=  5.0310 expo=0.30875 rate=0.375 excess35=-1.2474 tau=27648 gdiv=230 t=0s n=2^5 3^3 5^5 7^1 11^1 13^1 17^1 19^2 29^1 41^1 
step  log10n= 17.140 log10f=  5.3714 expo=0.31338 rate=0.403 excess35=-1.2028 tau=41472 gdiv=243 t=0s n=2^5 3^3 5^5 7^2 11^1 13^1 17^1 19^2 29^1 41^1 
step  log10n= 17.839 log10f=  5.6147 expo=0.31475 rate=0.348 excess35=-1.2041 tau=48384 gdiv=261 t=0s n=2^5 3^3 5^6 7^2 11^1 13^1 17^1 19^2 29^1 41^1 
step  log10n= 18.140 log10f=  5.7384 expo=0.31634 rate=0.411 excess35=-1.1858 tau=56448 gdiv=261 t=0s n=2^6 3^3 5^6 7^2 11^1 13^1 17^1 19^2 29^1 41^1 
step  log10n= 19.502 log10f=  6.2150 expo=0.31869 rate=0.350 excess35=-1.1858 tau=112896 gdiv=317 t=0s n=2^6 3^3 5^6 7^2 11^1 13^1 17^1 19^2 23^1 29^1 41^1 
step  log10n= 20.201 log10f=  6.4673 expo=0.32015 rate=0.361 excess35=-1.1782 tau=129024 gdiv=318 t=0s n=2^6 3^3 5^7 7^2 11^1 13^1 17^1 19^2 23^1 29^1 41^1 
step  log10n= 20.678 log10f=  6.6464 expo=0.32143 rate=0.375 excess35=-1.1660 tau=161280 gdiv=322 t=0s n=2^6 3^4 5^7 7^2 11^1 13^1 17^1 19^2 23^1 29^1 41^1 
step  log10n= 22.140 log10f=  7.1811 expo=0.32435 rate=0.366 excess35=-1.1432 tau=241920 gdiv=358 t=0s n=2^6 3^4 5^7 7^2 11^1 13^1 17^1 19^2 23^1 29^2 41^1 
step  log10n= 23.419 log10f=  7.6292 expo=0.32577 rate=0.350 excess35=-1.1427 tau=322560 gdiv=374 t=1s n=2^6 3^4 5^7 7^2 11^1 13^1 17^1 19^3 23^1 29^2 41^1 
step  log10n= 24.118 log10f=  7.8691 expo=0.32627 rate=0.343 excess35=-1.1474 tau=362880 gdiv=381 t=1s n=2^6 3^4 5^8 7^2 11^1 13^1 17^1 19^3 23^1 29^2 41^1 
step  log10n= 24.419 log10f=  7.9905 expo=0.32723 rate=0.403 excess35=-1.1313 tau=414720 gdiv=381 t=1s n=2^7 3^4 5^8 7^2 11^1 13^1 17^1 19^3 23^1 29^2 41^1 
step  log10n= 25.987 log10f=  8.5385 expo=0.32856 rate=0.349 excess35=-1.1323 tau=829440 gdiv=466 t=2s n=2^7 3^4 5^8 7^2 11^1 13^1 17^1 19^3 23^1 29^2 37^1 41^1 
step  log10n= 27.600 log10f=  9.1088 expo=0.33003 rate=0.354 excess35=-1.1264 tau=1244160 gdiv=522 t=2s n=2^7 3^4 5^8 7^2 11^1 13^1 17^1 19^3 23^1 29^2 37^1 41^2 
step  log10n= 28.299 log10f=  9.3537 expo=0.33053 rate=0.350 excess35=-1.1261 tau=1382400 gdiv=528 t=4s n=2^7 3^4 5^9 7^2 11^1 13^1 17^1 19^3 23^1 29^2 37^1 41^2 
step  log10n= 28.776 log10f=  9.5297 expo=0.33117 rate=0.369 excess35=-1.1171 tau=1658880 gdiv=530 t=6s n=2^7 3^5 5^9 7^2 11^1 13^1 17^1 19^3 23^1 29^2 37^1 41^2 
step  log10n= 30.448 log10f= 10.1291 expo=0.33267 rate=0.358 excess35=-1.1030 tau=3317760 gdiv=652 t=8s n=2^7 3^5 5^9 7^2 11^1 13^1 17^1 19^3 23^1 29^2 37^1 41^2 47^1 
