start log10n=  8.955 log10f=  2.4409 expo=0.27256 excess35=-1.2687 x=0.000 tau=960 gdiv=50 t=0s n=2^4 3^2 5^3 7^1 13^1 19^1 29^1 
step  log10n=  9.256 log10f=  2.5366 expo=0.27403 excess35=-1.2784 x=0.318 tau=1152 gdiv=50 t=0s n=2^5 3^2 5^3 7^1 13^1 19^1 29^1 
swap  log10n=  8.620 log10f=  2.3324 expo=0.27059 excess35=-1.2596 x=0.043 tau=768 gdiv=40 t=0s n=2^5 3^3 5^3 7^1 19^1 29^1 
step  log10n= 10.517 log10f=  2.9258 expo=0.27819 excess35=-1.3304 x=0.313 tau=1536 gdiv=57 t=0s n=2^5 3^3 5^3 7^1 19^1 29^1 79^1 
swap  log10n=  9.319 log10f=  2.5366 expo=0.27220 excess35=-1.3002 x=0.070 tau=960 gdiv=43 t=0s n=2^5 3^3 5^4 7^1 19^1 29^1 
step  log10n= 10.433 log10f=  2.9128 expo=0.27920 excess35=-1.3138 x=0.338 tau=1920 gdiv=58 t=0s n=2^5 3^3 5^4 7^1 13^1 19^1 29^1 
swap  log10n=  9.620 log10f=  2.6304 expo=0.27344 excess35=-1.3116 x=0.005 tau=1120 gdiv=43 t=0s n=2^6 3^3 5^4 7^1 19^1 29^1 
step  log10n= 11.232 log10f=  3.1575 expo=0.28110 excess35=-1.3491 x=0.327 tau=2240 gdiv=68 t=0s n=2^6 3^3 5^4 7^1 19^1 29^1 41^1 
swap  log10n= 10.661 log10f=  2.9657 expo=0.27818 excess35=-1.3409 x=0.019 tau=2240 gdiv=61 t=0s n=2^6 3^3 5^4 7^1 11^1 19^1 29^1 
step  log10n= 12.274 log10f=  3.5322 expo=0.28779 excess35=-1.3388 x=0.351 tau=4480 gdiv=90 t=0s n=2^6 3^3 5^4 7^1 11^1 19^1 29^1 41^1 
step  log10n= 14.059 log10f=  4.1864 expo=0.29777 excess35=-1.3095 x=0.366 tau=8960 gdiv=147 t=0s n=2^6 3^3 5^4 7^1 11^1 19^1 29^1 41^1 61^1 
step  log10n= 15.173 log10f=  4.6123 expo=0.30398 excess35=-1.2735 x=0.382 tau=17920 gdiv=186 t=0s n=2^6 3^3 5^4 7^1 11^1 13^1 19^1 29^1 41^1 61^1 
step  log10n= 16.452 log10f=  5.1205 expo=0.31124 excess35=-1.2129 x=0.397 tau=26880 gdiv=227 t=0s n=2^6 3^3 5^4 7^1 11^1 13^1 19^2 29^1 41^1 61^1 
step  log10n= 18.223 log10f=  5.8201 expo=0.31939 excess35=-1.1331 x=0.395 tau=53760 gdiv=299 t=0s n=2^6 3^3 5^4 7^1 11^1 13^1 19^2 29^1 41^1 59^1 61^1 
step  log10n= 19.453 log10f=  6.3418 expo=0.32600 excess35=-1.0420 x=0.424 tau=107520 gdiv=384 t=0s n=2^6 3^3 5^4 7^1 11^1 13^1 17^1 19^2 29^1 41^1 59^1 61^1 
step  log10n= 20.298 log10f=  6.6855 expo=0.32936 excess35=-0.9940 x=0.407 tau=161280 gdiv=403 t=0s n=2^6 3^3 5^4 7^2 11^1 13^1 17^1 19^2 29^1 41^1 59^1 61^1 
step  log10n= 20.997 log10f=  6.9967 expo=0.33322 excess35=-0.9276 x=0.445 tau=193536 gdiv=461 t=0s n=2^6 3^3 5^5 7^2 11^1 13^1 17^1 19^2 29^1 41^1 59^1 61^1 
step  log10n= 21.696 log10f=  7.2557 expo=0.33442 excess35=-0.9131 x=0.371 tau=225792 gdiv=491 t=0s n=2^6 3^3 5^6 7^2 11^1 13^1 17^1 19^2 29^1 41^1 59^1 61^1 
step  log10n= 22.173 log10f=  7.4444 expo=0.33574 excess35=-0.8915 x=0.395 tau=282240 gdiv=497 t=0s n=2^6 3^4 5^6 7^2 11^1 13^1 17^1 19^2 29^1 41^1 59^1 61^1 
step  log10n= 23.535 log10f=  7.9621 expo=0.33831 excess35=-0.8503 x=0.380 tau=564480 gdiv=611 t=0s n=2^6 3^4 5^6 7^2 11^1 13^1 17^1 19^2 23^1 29^1 41^1 59^1 61^1 
swap  log10n= 24.071 log10f=  8.1609 expo=0.33904 excess35=-0.8391 x=0.026 tau=564480 gdiv=654 t=1s n=2^6 3^4 5^6 7^2 11^1 13^1 17^1 19^2 29^1 41^1 59^1 61^1 79^1 
step  log10n= 25.433 log10f=  8.7035 expo=0.34222 excess35=-0.7731 x=0.398 tau=1128960 gdiv=794 t=1s n=2^6 3^4 5^6 7^2 11^1 13^1 17^1 19^2 23^1 29^1 41^1 59^1 61^1 79^1 
step  log10n= 26.895 log10f=  9.2723 expo=0.34476 excess35=-0.7162 x=0.389 tau=1693440 gdiv=881 t=1s n=2^6 3^4 5^6 7^2 11^1 13^1 17^1 19^2 23^1 29^2 41^1 59^1 61^1 79^1 
step  log10n= 27.594 log10f=  9.5402 expo=0.34574 excess35=-0.6929 x=0.383 tau=1935360 gdiv=885 t=1s n=2^6 3^4 5^7 7^2 11^1 13^1 17^1 19^2 23^1 29^2 41^1 59^1 61^1 79^1 
step  log10n= 27.895 log10f=  9.6675 expo=0.34657 excess35=-0.6710 x=0.423 tau=2211840 gdiv=885 t=2s n=2^7 3^4 5^7 7^2 11^1 13^1 17^1 19^2 23^1 29^2 41^1 59^1 61^1 79^1 
step  log10n= 29.933 log10f= 10.4543 expo=0.34926 excess35=-0.5973 x=0.386 tau=4423680 gdiv=1148 t=2s n=2^7 3^4 5^7 7^2 11^1 13^1 17^1 19^2 23^1 29^2 41^1 59^1 61^1 79^1 109^1 
step  log10n= 31.501 log10f= 11.0663 expo=0.35130 excess35=-0.5342 x=0.390 tau=8847360 gdiv=1352 t=3s n=2^7 3^4 5^7 7^2 11^1 13^1 17^1 19^2 23^1 29^2 37^1 41^1 59^1 61^1 79^1 109^1 
swap  log10n= 31.882 log10f= 11.2032 expo=0.35140 excess35=-0.5306 x=0.008 tau=8847360 gdiv=1488 t=4s n=2^7 3^4 5^7 7^2 11^1 13^1 17^1 19^2 23^1 29^2 41^1 59^1 61^1 79^1 89^1 109^1 
step  log10n= 33.450 log10f= 11.8427 expo=0.35404 excess35=-0.4400 x=0.408 tau=17694720 gdiv=1738 t=7s n=2^7 3^4 5^7 7^2 11^1 13^1 17^1 19^2 23^1 29^2 37^1 41^1 59^1 61^1 79^1 89^1 109^1 
step  log10n= 35.623 log10f= 12.6957 expo=0.35639 excess35=-0.3476 x=0.393 tau=35389440 gdiv=2117 t=12s n=2^7 3^4 5^7 7^2 11^1 13^1 17^1 19^2 23^1 29^2 37^1 41^1 59^1 61^1 79^1 89^1 109^1 149^1 
step  log10n= 36.100 log10f= 12.8883 expo=0.35701 excess35=-0.3221 x=0.404 tau=42467328 gdiv=2128 t=18s n=2^7 3^5 5^7 7^2 11^1 13^1 17^1 19^2 23^1 29^2 37^1 41^1 59^1 61^1 79^1 89^1 109^1 149^1 
swap  log10n= 36.322 log10f= 12.9670 expo=0.35700 excess35=-0.3209 x=0.003 tau=39813120 gdiv=2128 t=24s n=2^7 3^4 5^8 7^2 11^1 13^1 17^1 19^2 23^1 29^2 37^1 41^1 59^1 61^1 79^1 89^1 109^1 149^1 
step  log10n= 36.799 log10f= 13.1748 expo=0.35802 excess35=-0.2801 x=0.435 tau=47775744 gdiv=2139 t=31s n=2^7 3^5 5^8 7^2 11^1 13^1 17^1 19^2 23^1 29^2 37^1 41^1 59^1 61^1 79^1 89^1 109^1 149^1 
step  log10n= 37.644 log10f= 13.5201 expo=0.35915 excess35=-0.2307 x=0.409 tau=63700992 gdiv=2160 t=40s n=2^7 3^5 5^8 7^3 11^1 13^1 17^1 19^2 23^1 29^2 37^1 41^1 59^1 61^1 79^1 89^1 109^1 149^1 
swap  log10n= 38.078 log10f= 13.6813 expo=0.35929 excess35=-0.2213 x=0.022 tau=63700992 gdiv=2205 t=49s n=2^7 3^5 5^8 7^2 11^1 13^1 17^1 19^3 23^1 29^2 37^1 41^1 59^1 61^1 79^1 89^1 109^1 149^1 
step  log10n= 38.923 log10f= 14.0374 expo=0.36064 excess35=-0.1610 x=0.421 tau=84934656 gdiv=2226 t=62s n=2^7 3^5 5^8 7^3 11^1 13^1 17^1 19^3 23^1 29^2 37^1 41^1 59^1 61^1 79^1 89^1 109^1 149^1 
step  log10n= 39.965 log10f= 14.4559 expo=0.36172 excess35=-0.1069 x=0.402 tau=127401984 gdiv=2351 t=82s n=2^7 3^5 5^8 7^3 11^2 13^1 17^1 19^3 23^1 29^2 37^1 41^1 59^1 61^1 79^1 89^1 109^1 149^1 
