n=   64 R= 3000: m2_1=1.32318(0.00087) m2p=2.01037(0.00060) m3p=4.34132(0.00322)  [2s]
n=  128 R= 1200: m2_1=1.32706(0.00081) m2p=1.98697(0.00073) m3p=4.24521(0.00393)  [6s]
n=  256 R=  400: m2_1=1.33036(0.00081) m2p=1.99874(0.00077) m3p=4.29419(0.00431)  [9s]
n=  512 R=  200: m2_1=1.33242(0.00118) m2p=2.00421(0.00103) m3p=4.31589(0.00567)  [32s]
n= 1024 R=   80: m2_1=1.33085(0.00111) m2p=2.00092(0.00081) m3p=4.30259(0.00459)  [54s]
Traceback (most recent call last):
  File "/Users/jaytyagi/Library/Mobile Documents/com~apple~CloudDocs/Documents/Work/2026/Math/riemann/rh-program/results/a4-m2-gate/code/null_budgets.py", line 188, in <module>
    main()
  File "/Users/jaytyagi/Library/Mobile Documents/com~apple~CloudDocs/Documents/Work/2026/Math/riemann/rh-program/results/a4-m2-gate/code/null_budgets.py", line 166, in main
    stbig = out["sizes"]["2048"]
KeyError: '2048'
n=   64 R= 3000: m2_1=1.32219(0.00068) m2p=1.84272(0.00058) m3p=3.68621(0.00292)  [2s]
n=  128 R= 1200: m2_1=1.32816(0.00078) m2p=1.86325(0.00070) m3p=3.76520(0.00336)  [6s]
n=  256 R=  400: m2_1=1.33046(0.00106) m2p=1.87183(0.00093) m3p=3.79626(0.00491)  [9s]
n=  512 R=  200: m2_1=1.33274(0.00114) m2p=1.86843(0.00096) m3p=3.78558(0.00456)  [32s]
n= 1024 R=   80: m2_1=1.33338(0.00154) m2p=1.86619(0.00117) m3p=3.77664(0.00589)  [55s]
Traceback (most recent call last):
  File "/Users/jaytyagi/Library/Mobile Documents/com~apple~CloudDocs/Documents/Work/2026/Math/riemann/rh-program/results/a4-m2-gate/code/null_budgets.py", line 188, in <module>
    main()
  File "/Users/jaytyagi/Library/Mobile Documents/com~apple~CloudDocs/Documents/Work/2026/Math/riemann/rh-program/results/a4-m2-gate/code/null_budgets.py", line 166, in main
    stbig = out["sizes"]["2048"]
KeyError: '2048'
n=   64 R= 3000: m2_1=1.32200(0.00061) m2p=1.77381(0.00065) m3p=3.43354(0.00311)  [2s]
n=  128 R= 1200: m2_1=1.32864(0.00092) m2p=1.75879(0.00083) m3p=3.38049(0.00376)  [6s]
n=  256 R=  400: m2_1=1.33027(0.00106) m2p=1.75023(0.00080) m3p=3.34813(0.00373)  [9s]
n=  512 R=  200: m2_1=1.33282(0.00099) m2p=1.75471(0.00082) m3p=3.36612(0.00407)  [32s]
n= 1024 R=   80: m2_1=1.33479(0.00119) m2p=1.75792(0.00100) m3p=3.37856(0.00470)  [55s]
Traceback (most recent call last):
  File "/Users/jaytyagi/Library/Mobile Documents/com~apple~CloudDocs/Documents/Work/2026/Math/riemann/rh-program/results/a4-m2-gate/code/null_budgets.py", line 188, in <module>
    main()
  File "/Users/jaytyagi/Library/Mobile Documents/com~apple~CloudDocs/Documents/Work/2026/Math/riemann/rh-program/results/a4-m2-gate/code/null_budgets.py", line 166, in main
    stbig = out["sizes"]["2048"]
KeyError: '2048'
n=   64 R= 3000: m2_1=1.32318(0.00087) m2p=2.01037(0.00060) m3p=4.34132(0.00322)  [2s]
n=  128 R= 1200: m2_1=1.32706(0.00081) m2p=1.98697(0.00073) m3p=4.24521(0.00393)  [6s]
n=  256 R=  400: m2_1=1.33036(0.00081) m2p=1.99874(0.00077) m3p=4.29419(0.00431)  [9s]
n=  512 R=  200: m2_1=1.33242(0.00118) m2p=2.00421(0.00103) m3p=4.31589(0.00567)  [32s]
n= 1024 R=   80: m2_1=1.33085(0.00111) m2p=2.00092(0.00081) m3p=4.30259(0.00459)  [55s]
anchors OK: largest-n MC within envelope of closed forms; extrapolation anchor_ok = [True, False, False]
written /Users/jaytyagi/Library/Mobile Documents/com~apple~CloudDocs/Documents/Work/2026/Math/riemann/rh-program/results/a4-m2-gate/runs/budgets_lam0p55.json
n=   64 R= 3000: m2_1=1.32219(0.00068) m2p=1.84272(0.00058) m3p=3.68621(0.00292)  [2s]
n=  128 R= 1200: m2_1=1.32816(0.00078) m2p=1.86325(0.00070) m3p=3.76520(0.00336)  [6s]
n=  256 R=  400: m2_1=1.33046(0.00106) m2p=1.87183(0.00093) m3p=3.79626(0.00491)  [9s]
n=  512 R=  200: m2_1=1.33274(0.00114) m2p=1.86843(0.00096) m3p=3.78558(0.00456)  [32s]
n= 1024 R=   80: m2_1=1.33338(0.00154) m2p=1.86619(0.00117) m3p=3.77664(0.00589)  [54s]
anchors OK: largest-n MC within envelope of closed forms; extrapolation anchor_ok = [True, False, False]
written /Users/jaytyagi/Library/Mobile Documents/com~apple~CloudDocs/Documents/Work/2026/Math/riemann/rh-program/results/a4-m2-gate/runs/budgets_lam0p6.json
n=   64 R= 3000: m2_1=1.32200(0.00061) m2p=1.77381(0.00065) m3p=3.43354(0.00311)  [2s]
n=  128 R= 1200: m2_1=1.32864(0.00092) m2p=1.75879(0.00083) m3p=3.38049(0.00376)  [6s]
n=  256 R=  400: m2_1=1.33027(0.00106) m2p=1.75023(0.00080) m3p=3.34813(0.00373)  [9s]
n=  512 R=  200: m2_1=1.33282(0.00099) m2p=1.75471(0.00082) m3p=3.36612(0.00407)  [32s]
n= 1024 R=   80: m2_1=1.33479(0.00119) m2p=1.75792(0.00100) m3p=3.37856(0.00470)  [54s]
anchors OK: largest-n MC within envelope of closed forms; extrapolation anchor_ok = [True, True, True]
written /Users/jaytyagi/Library/Mobile Documents/com~apple~CloudDocs/Documents/Work/2026/Math/riemann/rh-program/results/a4-m2-gate/runs/budgets_lam0p65.json
