seed dictionary: 455 columns
anchor 0: W=8 eps=0.05 C=100.0 fuzz=coupled
  round 0 full: P=0.81251 best_rc=-0.00746 new=11
  round 0 base: P=0.80510 best_rc=+0.00000 new=0
  round 1 full: P=0.80510 best_rc=+0.00000 new=0
  round 1 base: P=0.80510 best_rc=+0.00000 new=0
  dictionary now 466 columns [2s]
anchor 1: W=8 eps=0.05 C=100.0 fuzz=none
  round 0 full: P=0.80510 best_rc=+0.00000 new=0
  round 0 base: P=0.80510 best_rc=+0.00000 new=0
  dictionary now 466 columns [5s]
anchor 2: W=3 eps=0.05 C=100.0 fuzz=coupled
  round 0 full: P=0.80510 best_rc=+0.00000 new=0
  round 0 base: P=0.80510 best_rc=+0.00000 new=0
  dictionary now 466 columns [5s]
anchor 3: W=4 eps=0.05 C=100.0 fuzz=coupled
  round 0 full: P=0.80510 best_rc=+0.00000 new=0
  round 0 base: P=0.80510 best_rc=+0.00000 new=0
  dictionary now 466 columns [6s]
anchor 4: W=6 eps=0.05 C=100.0 fuzz=coupled
  round 0 full: P=0.80510 best_rc=+0.00000 new=0
  round 0 base: P=0.80510 best_rc=+0.00000 new=0
  dictionary now 466 columns [8s]
anchor 5: W=8 eps=0.02 C=10.0 fuzz=coupled
  round 0 full: P=0.82495 best_rc=+0.00000 new=0
  round 0 base: P=0.82495 best_rc=+0.00000 new=0
  dictionary now 466 columns [8s]
anchor 6: W=8 eps=0.1 C=1000.0 fuzz=coupled
  round 0 full: P=0.77200 best_rc=+0.00000 new=0
  round 0 base: P=0.77200 best_rc=+0.00000 new=0
  dictionary now 466 columns [9s]
anchor 7: W=2 eps=0.05 C=100.0 fuzz=coupled
  round 0 full: P=0.80510 best_rc=+0.00000 new=0
  round 0 base: P=0.80510 best_rc=+0.00000 new=0
  dictionary now 466 columns [10s]
primary verification: {'full': {'P': 0.8050956815847286, 'min_rc': 0.0, 'n_improving': 0, 'S': 200}, 'base': {'P': 0.8050956815847286, 'min_rc': 0.0, 'n_improving': 0, 'S': 200}}
phase colgen done in 14s; 466 columns
