seed dictionary: 485 columns
anchor 0: W=8 eps=0.05 C=100.0 fuzz=coupled
  round 0 full: P=0.81529 best_rc=-0.12889 new=21
  round 0 base: P=0.80663 best_rc=-0.00904 new=14
  round 1 full: P=0.80245 best_rc=-0.00001 new=7
  round 1 base: P=0.80245 best_rc=+0.00000 new=0
  round 2 full: P=0.80245 best_rc=+0.00000 new=0
  round 2 base: P=0.80245 best_rc=+0.00000 new=0
  dictionary now 527 columns [17s]
anchor 1: W=8 eps=0.05 C=100.0 fuzz=none
  round 0 full: P=0.80245 best_rc=+0.00000 new=0
  round 0 base: P=0.80245 best_rc=+0.00000 new=0
  dictionary now 527 columns [19s]
anchor 2: W=3 eps=0.05 C=100.0 fuzz=coupled
  round 0 full: P=0.80245 best_rc=+0.00000 new=0
  round 0 base: P=0.80245 best_rc=+0.00000 new=0
  dictionary now 527 columns [22s]
anchor 3: W=4 eps=0.05 C=100.0 fuzz=coupled
  round 0 full: P=0.80245 best_rc=+0.00000 new=0
  round 0 base: P=0.80245 best_rc=+0.00000 new=0
  dictionary now 527 columns [24s]
anchor 4: W=6 eps=0.05 C=100.0 fuzz=coupled
  round 0 full: P=0.80245 best_rc=+0.00000 new=0
  round 0 base: P=0.80245 best_rc=+0.00000 new=0
  dictionary now 527 columns [27s]
anchor 5: W=8 eps=0.02 C=10.0 fuzz=coupled
  round 0 full: P=0.82238 best_rc=+0.00000 new=0
  round 0 base: P=0.82238 best_rc=+0.00000 new=0
  dictionary now 527 columns [29s]
anchor 6: W=8 eps=0.1 C=1000.0 fuzz=coupled
  round 0 full: P=0.76923 best_rc=+0.00000 new=0
  round 0 base: P=0.76923 best_rc=+0.00000 new=0
  dictionary now 527 columns [32s]
anchor 7: W=2 eps=0.05 C=100.0 fuzz=coupled
  round 0 full: P=0.80245 best_rc=+0.00000 new=0
  round 0 base: P=0.80245 best_rc=+0.00000 new=0
  dictionary now 527 columns [34s]
primary verification: {'full': {'P': 0.8024488905983833, 'min_rc': 0.0, 'n_improving': 0, 'S': 100}, 'base': {'P': 0.8024488905992768, 'min_rc': 0.0, 'n_improving': 0, 'S': 100}}
phase colgen done in 42s; 527 columns
N=128 confirm done in 0s
