  round 0 full: P=0.90477 best_rc=-4.46540 new=30
  round 0 base: P=0.89563 best_rc=-3.13346 new=30
  round 1 full: P=0.88792 best_rc=-2.07766 new=30
  round 1 base: P=0.88246 best_rc=-1.28914 new=30
  round 2 full: P=0.88231 best_rc=-0.56478 new=30
  round 2 base: P=0.87723 best_rc=-0.52793 new=30
  round 3 full: P=0.87502 best_rc=-1.03459 new=30
  round 3 base: P=0.87067 best_rc=-0.71078 new=30
  round 4 full: P=0.87080 best_rc=-0.98277 new=30
  round 4 base: P=0.86584 best_rc=-1.20169 new=30
  round 5 full: P=0.86651 best_rc=-1.43980 new=30
  round 5 base: P=0.86339 best_rc=-0.55319 new=30
  round 6 full: P=0.86090 best_rc=-0.69523 new=30
  round 6 base: P=0.85839 best_rc=-0.45832 new=30
  round 7 full: P=0.85256 best_rc=-0.41185 new=27
  round 7 base: P=0.84609 best_rc=-0.46183 new=30
  round 8 full: P=0.84250 best_rc=-0.38696 new=26
  round 8 base: P=0.83875 best_rc=-0.31142 new=30
  round 9 full: P=0.83760 best_rc=-0.33948 new=26
  round 9 base: P=0.83409 best_rc=-0.28831 new=29
tau2=4.0 eps=0.05: P_full_T2=0.8318540081592631 P_base_T2=0.8309180719737145 d0'=0.0009359361855486581
  round 0 full: P=0.84450 best_rc=-0.24066 new=25
  round 0 base: P=0.84044 best_rc=-0.15188 new=25
  round 1 full: P=0.84022 best_rc=-0.15092 new=17
  round 1 base: P=0.83756 best_rc=-0.10332 new=19
  round 2 full: P=0.83867 best_rc=-0.08818 new=15
  round 2 base: P=0.83578 best_rc=-0.08311 new=18
  round 3 full: P=0.83717 best_rc=-0.11824 new=18
  round 3 base: P=0.83525 best_rc=-0.05553 new=18
  round 4 full: P=0.83619 best_rc=-0.06275 new=12
  round 4 base: P=0.83382 best_rc=-0.03567 new=18
  round 5 full: P=0.83521 best_rc=-0.09304 new=17
  round 5 base: P=0.83283 best_rc=-0.02310 new=12
  round 6 full: P=0.83487 best_rc=-0.04010 new=17
  round 6 base: P=0.83233 best_rc=-0.01539 new=12
  round 7 full: P=0.83413 best_rc=-0.01538 new=17
  round 7 base: P=0.83210 best_rc=-0.01099 new=17
  round 8 full: P=0.83368 best_rc=-0.00669 new=11
  round 8 base: P=0.83178 best_rc=-0.01048 new=18
  round 9 full: P=0.83358 best_rc=-0.00685 new=12
  round 9 base: P=0.83148 best_rc=-0.00453 new=15
tau2=4.0 eps=0.02: P_full_T2=0.8332255271484108 P_base_T2=0.8313767049520969 d0'=0.0018488221963138818
  round 0 full: P=0.83749 best_rc=-0.01496 new=13
  round 0 base: P=0.83684 best_rc=-0.02595 new=15
  round 1 full: P=0.83635 best_rc=-0.01495 new=17
  round 1 base: P=0.83579 best_rc=-0.01197 new=11
  round 2 full: P=0.83552 best_rc=-0.02563 new=11
  round 2 base: P=0.83528 best_rc=-0.02733 new=14
  round 3 full: P=0.83519 best_rc=-0.00965 new=12
  round 3 base: P=0.83507 best_rc=-0.01366 new=16
  round 4 full: P=0.83491 best_rc=-0.00817 new=10
  round 4 base: P=0.83485 best_rc=-0.01013 new=16
  round 5 full: P=0.83480 best_rc=-0.00536 new=9
  round 5 base: P=0.83477 best_rc=-0.00666 new=14
  round 6 full: P=0.83473 best_rc=-0.00600 new=10
  round 6 base: P=0.83470 best_rc=-0.00585 new=12
  round 7 full: P=0.83464 best_rc=-0.00557 new=19
  round 7 base: P=0.83453 best_rc=-0.00370 new=13
  round 8 full: P=0.83446 best_rc=-0.00880 new=10
  round 8 base: P=0.83440 best_rc=-0.00548 new=15
  round 9 full: P=0.83434 best_rc=-0.00777 new=14
  round 9 base: P=0.83433 best_rc=-0.00150 new=9
tau2=1.0 eps=0.05: P_full_T2=0.8343276924863181 P_base_T2=0.8343276924863181 d0'=0.0
  round 0 full: P=0.83720 best_rc=-0.00367 new=11
  round 0 base: P=0.83698 best_rc=-0.00370 new=13
  round 1 full: P=0.83686 best_rc=-0.00497 new=10
  round 1 base: P=0.83674 best_rc=-0.00571 new=9
  round 2 full: P=0.83670 best_rc=-0.00156 new=7
  round 2 base: P=0.83667 best_rc=-0.00231 new=9
  round 3 full: P=0.83663 best_rc=-0.00339 new=10
  round 3 base: P=0.83660 best_rc=-0.00412 new=10
  round 4 full: P=0.83657 best_rc=-0.00157 new=2
  round 4 base: P=0.83656 best_rc=-0.00204 new=13
  round 5 full: P=0.83655 best_rc=-0.00132 new=6
  round 5 base: P=0.83653 best_rc=-0.00223 new=12
  round 6 full: P=0.83652 best_rc=-0.00161 new=8
  round 6 base: P=0.83651 best_rc=-0.00067 new=11
  round 7 full: P=0.83650 best_rc=-0.00266 new=11
  round 7 base: P=0.83649 best_rc=-0.00159 new=9
  round 8 full: P=0.83648 best_rc=-0.00074 new=7
  round 8 base: P=0.83647 best_rc=-0.00128 new=8
  round 9 full: P=0.83646 best_rc=-0.00062 new=10
  round 9 base: P=0.83645 best_rc=-0.00065 new=3
tau2=1.0 eps=0.02: P_full_T2=0.8364484428362984 P_base_T2=0.8364484428362984 d0'=0.0
tier2 verify: {'full': {'P': 0.8342464797429416, 'min_rc': -0.007370009133290088, 'n_improving': 24, 'S': 120}, 'base': {'P': 0.8342464797429416, 'min_rc': -0.007370009133290088, 'n_improving': 24, 'S': 120}}
phase tier2 done in 125s
