s7_v0_r11-10_X1000000000.log | top bin 8.91e+08: sup|E|=3839 supE=3839 sup(-E)=174.4 sup|psi-x|=3.684e+06 sup|Mg|=2.027e+04
   [1e3,top) b_sup=0.416 b_pos=0.416 b_neg=0.218 b_rms=0.345 a_sup=0.796 mu=0.554
   [1e4,top) b_sup=0.393 b_pos=0.393 b_neg=0.214 b_rms=0.309 a_sup=0.801 mu=0.546
   [1e5,top) b_sup=0.337 b_pos=0.337 b_neg=0.195 b_rms=0.268 a_sup=0.791 mu=0.519
   [1e6,top) b_sup=0.274 b_pos=0.274 b_neg=0.180 b_rms=0.248 a_sup=0.790 mu=0.494
   [1e7,top) b_sup=0.240 b_pos=0.240 b_neg=0.141 b_rms=0.240 a_sup=0.787 mu=0.502
s7_v0_r3-4_X1000000000.log | top bin 8.91e+08: sup|E|=763 supE=763 sup(-E)=93 sup|psi-x|=9.135e+05 sup|Mg|=9212
   [1e3,top) b_sup=0.333 b_pos=0.333 b_neg=0.193 b_rms=0.269 a_sup=0.718 mu=0.525
   [1e4,top) b_sup=0.316 b_pos=0.316 b_neg=0.182 b_rms=0.251 a_sup=0.734 mu=0.516
   [1e5,top) b_sup=0.276 b_pos=0.276 b_neg=0.164 b_rms=0.226 a_sup=0.735 mu=0.501
   [1e6,top) b_sup=0.261 b_pos=0.261 b_neg=0.158 b_rms=0.214 a_sup=0.760 mu=0.501
   [1e7,top) b_sup=0.267 b_pos=0.267 b_neg=0.132 b_rms=0.209 a_sup=0.843 mu=0.499
s7_v0_r3-5_X1000000000.log | top bin 8.91e+08: sup|E|=948.8 supE=948.8 sup(-E)=93.2 sup|psi-x|=5.571e+06 sup|Mg|=9087
   [1e3,top) b_sup=0.315 b_pos=0.315 b_neg=0.186 b_rms=0.265 a_sup=0.794 mu=0.517
   [1e4,top) b_sup=0.303 b_pos=0.303 b_neg=0.180 b_rms=0.243 a_sup=0.801 mu=0.514
   [1e5,top) b_sup=0.281 b_pos=0.281 b_neg=0.159 b_rms=0.228 a_sup=0.802 mu=0.503
   [1e6,top) b_sup=0.278 b_pos=0.278 b_neg=0.154 b_rms=0.217 a_sup=0.811 mu=0.511
   [1e7,top) b_sup=0.264 b_pos=0.264 b_neg=0.174 b_rms=0.204 a_sup=0.808 mu=0.508
s7_v0_r4-5_X1000000000.log | top bin 8.91e+08: sup|E|=1048 supE=1048 sup(-E)=103.6 sup|psi-x|=1.032e+06 sup|Mg|=1.161e+04
   [1e3,top) b_sup=0.353 b_pos=0.353 b_neg=0.202 b_rms=0.282 a_sup=0.715 mu=0.517
   [1e4,top) b_sup=0.329 b_pos=0.329 b_neg=0.188 b_rms=0.258 a_sup=0.723 mu=0.507
   [1e5,top) b_sup=0.297 b_pos=0.297 b_neg=0.179 b_rms=0.232 a_sup=0.712 mu=0.491
   [1e6,top) b_sup=0.296 b_pos=0.296 b_neg=0.164 b_rms=0.224 a_sup=0.685 mu=0.499
   [1e7,top) b_sup=0.276 b_pos=0.276 b_neg=0.155 b_rms=0.212 a_sup=0.696 mu=0.507
s7_v0_r5-4_X1000000000.log | top bin 8.91e+08: sup|E|=2.3e+04 supE=2.3e+04 sup(-E)=219 sup|psi-x|=1.045e+07 sup|Mg|=4.523e+04
   [1e3,top) b_sup=0.466 b_pos=0.466 b_neg=0.218 b_rms=0.401 a_sup=0.830 mu=0.570
   [1e4,top) b_sup=0.451 b_pos=0.451 b_neg=0.191 b_rms=0.363 a_sup=0.828 mu=0.562
   [1e5,top) b_sup=0.425 b_pos=0.425 b_neg=0.168 b_rms=0.336 a_sup=0.826 mu=0.517
   [1e6,top) b_sup=0.426 b_pos=0.426 b_neg=0.139 b_rms=0.336 a_sup=0.815 mu=0.500
   [1e7,top) b_sup=0.454 b_pos=0.454 b_neg=0.123 b_rms=0.362 a_sup=0.843 mu=0.482
s7_v0_r9-10_X1000000000.log | top bin 8.91e+08: sup|E|=969.8 supE=969.8 sup(-E)=106.2 sup|psi-x|=7.166e+05 sup|Mg|=6596
   [1e3,top) b_sup=0.366 b_pos=0.366 b_neg=0.214 b_rms=0.291 a_sup=0.704 mu=0.518
   [1e4,top) b_sup=0.340 b_pos=0.340 b_neg=0.202 b_rms=0.265 a_sup=0.699 mu=0.505
   [1e5,top) b_sup=0.307 b_pos=0.307 b_neg=0.201 b_rms=0.241 a_sup=0.707 mu=0.496
   [1e6,top) b_sup=0.282 b_pos=0.282 b_neg=0.188 b_rms=0.226 a_sup=0.733 mu=0.508
   [1e7,top) b_sup=0.287 b_pos=0.287 b_neg=0.164 b_rms=0.213 a_sup=0.736 mu=0.475
