s7_v0_r11-10_X100000000.log | top bin 8.91e+07: sup|E|=2096 supE=2096 sup(-E)=106.2 sup|psi-x|=7.944e+05 sup|Mg|=6464
   [1e3,top) b_sup=0.457 b_pos=0.457 b_neg=0.233 b_rms=0.376 a_sup=0.795 mu=0.570
   [1e4,top) b_sup=0.446 b_pos=0.446 b_neg=0.236 b_rms=0.336 a_sup=0.805 mu=0.567
   [1e5,top) b_sup=0.388 b_pos=0.388 b_neg=0.219 b_rms=0.282 a_sup=0.787 mu=0.535
   [1e6,top) b_sup=0.297 b_pos=0.297 b_neg=0.213 b_rms=0.249 a_sup=0.780 mu=0.492
   [1e7,top) b_sup=0.195 b_pos=0.195 b_neg=0.093 b_rms=0.219 a_sup=0.751 mu=0.520
s7_v0_r3-2_X100000000.log | top bin 8.91e+07: sup|E|=9.938e+05 supE=9.938e+05 sup(-E)=204 sup|psi-x|=9.956e+06 sup|Mg|=4.569e+05
   [1e3,top) b_sup=0.805 b_pos=0.805 b_neg=0.222 b_rms=0.772 a_sup=0.958 mu=0.806
   [1e4,top) b_sup=0.847 b_pos=0.847 b_neg=0.200 b_rms=0.853 a_sup=0.979 mu=0.847
   [1e5,top) b_sup=0.884 b_pos=0.884 b_neg=0.186 b_rms=0.918 a_sup=1.001 mu=0.901
   [1e6,top) b_sup=0.878 b_pos=0.878 b_neg=0.158 b_rms=1.028 a_sup=1.003 mu=0.906
   [1e7,top) b_sup=0.915 b_pos=0.915 b_neg=0.134 b_rms=1.223 a_sup=1.002 mu=0.943
s7_v0_r3-4_X100000000.log | top bin 8.91e+07: sup|E|=445.2 supE=445.2 sup(-E)=67.5 sup|psi-x|=1.561e+05 sup|Mg|=3415
   [1e3,top) b_sup=0.353 b_pos=0.354 b_neg=0.207 b_rms=0.286 a_sup=0.697 mu=0.532
   [1e4,top) b_sup=0.338 b_pos=0.338 b_neg=0.198 b_rms=0.268 a_sup=0.711 mu=0.522
   [1e5,top) b_sup=0.282 b_pos=0.282 b_neg=0.180 b_rms=0.236 a_sup=0.691 mu=0.499
   [1e6,top) b_sup=0.257 b_pos=0.257 b_neg=0.186 b_rms=0.220 a_sup=0.684 mu=0.496
   [1e7,top) b_sup=0.264 b_pos=0.264 b_neg=0.158 b_rms=0.216 a_sup=0.788 mu=0.460
s7_v0_r3-5_X100000000.log | top bin 8.91e+07: sup|E|=541.4 supE=541.4 sup(-E)=54 sup|psi-x|=6.256e+05 sup|Mg|=4559
   [1e3,top) b_sup=0.329 b_pos=0.329 b_neg=0.192 b_rms=0.283 a_sup=0.788 mu=0.521
   [1e4,top) b_sup=0.319 b_pos=0.319 b_neg=0.187 b_rms=0.257 a_sup=0.797 mu=0.518
   [1e5,top) b_sup=0.293 b_pos=0.293 b_neg=0.152 b_rms=0.241 a_sup=0.794 mu=0.503
   [1e6,top) b_sup=0.298 b_pos=0.298 b_neg=0.125 b_rms=0.231 a_sup=0.804 mu=0.523
   [1e7,top) b_sup=0.324 b_pos=0.324 b_neg=0.078 b_rms=0.216 a_sup=0.776 mu=0.578
s7_v0_r4-5_X100000000.log | top bin 8.91e+07: sup|E|=534.6 supE=534.6 sup(-E)=78 sup|psi-x|=1.371e+05 sup|Mg|=3747
   [1e3,top) b_sup=0.377 b_pos=0.377 b_neg=0.213 b_rms=0.303 a_sup=0.718 mu=0.524
   [1e4,top) b_sup=0.353 b_pos=0.353 b_neg=0.197 b_rms=0.277 a_sup=0.732 mu=0.511
   [1e5,top) b_sup=0.311 b_pos=0.311 b_neg=0.187 b_rms=0.242 a_sup=0.720 mu=0.486
   [1e6,top) b_sup=0.327 b_pos=0.327 b_neg=0.160 b_rms=0.236 a_sup=0.657 mu=0.497
   [1e7,top) b_sup=0.321 b_pos=0.321 b_neg=0.119 b_rms=0.222 a_sup=0.542 mu=0.570
s7_v0_r5-4_X100000000.log | top bin 8.91e+07: sup|E|=7519 supE=7519 sup(-E)=151.5 sup|psi-x|=1.616e+06 sup|Mg|=1.293e+04
   [1e3,top) b_sup=0.481 b_pos=0.481 b_neg=0.240 b_rms=0.421 a_sup=0.830 mu=0.591
   [1e4,top) b_sup=0.465 b_pos=0.465 b_neg=0.211 b_rms=0.373 a_sup=0.828 mu=0.591
   [1e5,top) b_sup=0.426 b_pos=0.426 b_neg=0.186 b_rms=0.330 a_sup=0.826 mu=0.532
   [1e6,top) b_sup=0.423 b_pos=0.423 b_neg=0.144 b_rms=0.317 a_sup=0.796 mu=0.505
   [1e7,top) b_sup=0.515 b_pos=0.515 b_neg=0.053 b_rms=0.381 a_sup=0.809 mu=0.362
s7_v0_r9-10_X100000000.log | top bin 8.91e+07: sup|E|=595.5 supE=595.5 sup(-E)=72.1 sup|psi-x|=1.336e+05 sup|Mg|=3062
   [1e3,top) b_sup=0.388 b_pos=0.388 b_neg=0.224 b_rms=0.313 a_sup=0.699 mu=0.528
   [1e4,top) b_sup=0.360 b_pos=0.360 b_neg=0.210 b_rms=0.285 a_sup=0.685 mu=0.512
   [1e5,top) b_sup=0.315 b_pos=0.315 b_neg=0.215 b_rms=0.255 a_sup=0.688 mu=0.502
   [1e6,top) b_sup=0.266 b_pos=0.266 b_neg=0.206 b_rms=0.238 a_sup=0.728 mu=0.547
   [1e7,top) b_sup=0.259 b_pos=0.259 b_neg=0.162 b_rms=0.223 a_sup=0.672 mu=0.581
