s7_v0_r3-5_X1000000000.log | top bin 8.91e+08: sup|E|=948.8 supE=948.8 sup(-E)=93.2 sup|psi-x|=5.571e+06 sup|Mg|=9087
   [1e3,top) b_sup=0.315 b_pos=0.315 b_neg=0.186 b_rms=0.265 a_sup=0.794 mu=0.517
   [1e4,top) b_sup=0.303 b_pos=0.303 b_neg=0.180 b_rms=0.243 a_sup=0.801 mu=0.514
   [1e5,top) b_sup=0.281 b_pos=0.281 b_neg=0.159 b_rms=0.228 a_sup=0.802 mu=0.503
   [1e6,top) b_sup=0.278 b_pos=0.278 b_neg=0.154 b_rms=0.217 a_sup=0.811 mu=0.511
   [1e7,top) b_sup=0.264 b_pos=0.264 b_neg=0.174 b_rms=0.204 a_sup=0.808 mu=0.508
   half-decade: x_lo  supE  infE  rmsE  sup|psi-x|  sup|Mg|  sup|Tt|  sup|W|  rmsTt  rmsW
   2 0.4 -0.8 0.3162 3.307 1 0.8 0 0.5831 0
   3.98 0.8 -1.6 0.5831 5.614 1 0.8 1.124 0.4422 0.6659
   10 1.8 -1.6 0.6841 8.428 1 1.31 1.467 0.6524 0.5661
   31.6 3.4 -2.6 1.335 15.47 2 2.81 2.934 1.311 1.086
   100 8.2 -5.2 2.019 35.1 6 5.372 4.924 2.271 1.968
   316 14 -4.6 3.389 97.9 8 9.035 10.68 3.428 3.83
   1e+03 20.2 -11.2 3.906 222.9 16 15 20.55 5.435 6.133
   3.16e+03 22.2 -10.8 5.291 523.6 36 34.76 46.68 10.69 11.19
   1e+04 50.8 -14 8.337 1601 50 52.68 55.35 16.98 17.69
   3.16e+04 55 -15.6 11.87 3383 93 83.71 83.62 27.76 26.81
   1e+05 132 -28.6 15.99 7189 228 211.2 228.7 57.81 58.29
   3.16e+05 163.4 -31.6 21.9 2.356e+04 375 361 361.6 112.6 112.4
   1e+06 185.2 -37.2 28 4.574e+04 548 580.9 561.8 174.2 174.4
   3.16e+06 298 -43.8 36.93 1.096e+05 995 1011 998 302.5 304.1
   1e+07 372.4 -50.6 47.35 3.504e+05 1901 1951 1931 613.1 612
   3.16e+07 541.4 -54 60.55 6.256e+05 4559 4530 4636 1037 1038
   1e+08 684 -78.2 75.84 1.716e+06 6311 6235 6265 1753 1754
   3.16e+08 948.8 -93.2 95.41 5.571e+06 9087 9055 8973 3028 3027
   1e+09 -2.4 -3 2.4 3.781e+06 658 536.1 534.1 536.1 534.1
s7_v0_r4-5_X1000000000.log | top bin 8.91e+08: sup|E|=1048 supE=1048 sup(-E)=103.6 sup|psi-x|=1.032e+06 sup|Mg|=1.161e+04
   [1e3,top) b_sup=0.353 b_pos=0.353 b_neg=0.202 b_rms=0.282 a_sup=0.715 mu=0.517
   [1e4,top) b_sup=0.329 b_pos=0.329 b_neg=0.188 b_rms=0.258 a_sup=0.723 mu=0.507
   [1e5,top) b_sup=0.297 b_pos=0.297 b_neg=0.179 b_rms=0.232 a_sup=0.712 mu=0.491
   [1e6,top) b_sup=0.296 b_pos=0.296 b_neg=0.164 b_rms=0.224 a_sup=0.685 mu=0.499
   [1e7,top) b_sup=0.276 b_pos=0.276 b_neg=0.155 b_rms=0.212 a_sup=0.696 mu=0.507
   half-decade: x_lo  supE  infE  rmsE  sup|psi-x|  sup|Mg|  sup|Tt|  sup|W|  rmsTt  rmsW
   2 0.4 -0.6 0.3162 2.307 1 0.6 1.11e-16 0.5099 7.85e-17
   3.98 0.6 -1 0.4 4.515 1 0.8 0.8 0.3266 0.4472
   10 0.6 -2 0.4851 8.919 1 1.309 1.065 0.5458 0.5439
   31.6 1.6 -2.4 0.6802 10.93 2 1.655 1.938 0.6454 0.7085
   100 4.4 -4 1.471 20.54 3 3.327 3.788 1.282 1.443
   316 5.6 -5.4 1.842 52.28 9 9.85 9.181 2.914 2.673
   1e+03 11.6 -8.8 2.992 116.6 16 16.94 17.11 5.308 5.453
   3.16e+03 21.2 -10 4.378 289.7 37 33.92 35.15 10.74 10.61
   1e+04 32.2 -19 6.308 471.4 57 60.91 54.98 19.45 19.93
   3.16e+04 54.2 -20.6 10.51 1014 93 90.4 99.78 35.27 34.91
   1e+05 83.6 -23.4 15.41 3615 216 232.7 232.6 63.61 64.78
   3.16e+05 132.8 -37.8 21.08 8411 362 382.1 385.2 112.5 114.4
   1e+06 211 -38 27.39 1.488e+04 676 683.8 681.8 210.3 209.5
   3.16e+06 265.6 -47 36.82 4.182e+04 1024 984.4 1047 347.9 352.6
   1e+07 348.6 -60 47.79 7.611e+04 2300 2328 2324 647.9 645.2
   3.16e+07 534.6 -78 61.5 1.371e+05 3747 3599 3660 1144 1150
   1e+08 713.6 -93.6 78.17 3.906e+05 6066 5873 6003 2057 2057
   3.16e+08 1048 -103.6 99.11 1.032e+06 1.161e+04 1.146e+04 1.149e+04 3538 3537
   1e+09 -4.2 -5 4.2 8.65e+05 2819 3059 3063 3059 3063
