# s7gen num=4 den=5 rho=0.8 X=100000000 variant=0 label=r08_1e8
# n=9 N=8 E=0.6000 supE=0.6000 infE=-1.0000 Mg=0 psi-x=-2.78 Tt=-0.0000 W=0.8000 gp=3 maxa=1@1
# n=99 N=80 E=0.6000 supE=1.6000 infE=-2.4000 Mg=1 psi-x=-8.36 Tt=0.6823 W=0.1177 gp=19 maxa=2@23
# n=999 N=801 E=1.6000 supE=5.6000 infE=-5.4000 Mg=8 psi-x=24.22 Tt=8.8777 W=-7.0777 gp=94 maxa=5@929
# n=9999 N=8000 E=0.6000 supE=21.2000 infE=-10.0000 Mg=7 psi-x=19.92 Tt=11.2088 W=-10.4088 gp=513 maxa=10@9127
rec n=94984 E=52.60 a_n=4
rec n=94997 E=54.20 a_n=6
# n=99999 N=80026 E=26.6000 supE=54.2000 infE=-20.6000 Mg=-57 psi-x=-486.47 Tt=-43.7550 W=70.5550 gp=3109 maxa=20@55201
rec n=120424 E=56.60 a_n=12
rec n=132064 E=62.60 a_n=6
rec n=132067 E=65.20 a_n=5
rec n=132078 E=68.40 a_n=3
rec n=132089 E=70.60 a_n=4
rec n=132091 E=73.00 a_n=4
rec n=132111 E=75.00 a_n=6
rec n=132127 E=78.20 a_n=3
rec n=132144 E=80.60 a_n=3
rec n=198143 E=82.40 a_n=12
rec n=395878 E=90.40 a_n=15
rec n=396149 E=95.60 a_n=8
rec n=396152 E=105.20 a_n=12
rec n=396206 E=110.00 a_n=4
rec n=396286 E=116.00 a_n=12
rec n=396287 E=119.20 a_n=4
rec n=419843 E=124.40 a_n=8
rec n=419844 E=127.60 a_n=4
rec n=419926 E=131.00 a_n=6
# n=999999 N=800032 E=32.6000 supE=132.8000 infE=-37.8000 Mg=-237 psi-x=1642.59 Tt=-214.5048 W=247.3048 gp=19818 maxa=38@736357
rec n=1269636 E=137.00 a_n=10
rec n=1269639 E=140.60 a_n=4
rec n=2022708 E=148.40 a_n=5
rec n=2379188 E=155.40 a_n=10
rec n=2379189 E=162.60 a_n=8
rec n=3155118 E=180.40 a_n=14
rec n=3155193 E=196.40 a_n=20
rec n=3155194 E=200.60 a_n=5
rec n=3155386 E=208.00 a_n=8
rec n=5486182 E=219.20 a_n=11
rec n=5486233 E=234.40 a_n=16
rec n=5486581 E=245.00 a_n=18
rec n=5486582 E=252.20 a_n=8
rec n=8560664 E=265.60 a_n=12
# n=9999999 N=7999997 E=-2.4000 supE=265.6000 infE=-47.0000 Mg=1 psi-x=13503.13 Tt=6.1850 W=-8.3850 gp=133751 maxa=72@5825921
rec n=12440748 E=276.40 a_n=30
rec n=13204169 E=285.60 a_n=12
rec n=15550473 E=293.40 a_n=8
rec n=15550481 E=324.00 a_n=28
rec n=15550484 E=339.60 a_n=18
rec n=15550489 E=348.60 a_n=8
rec n=33149981 E=401.00 a_n=42
rec n=33150038 E=414.40 a_n=26
rec n=75417163 E=519.40 a_n=44
# n=99999999 N=80000031 E=31.6000 supE=534.6000 infE=-78.0000 Mg=-79 psi-x=52456.64 Tt=-79.9200 W=111.7200 gp=953665 maxa=144@84517271
# n=100000000 N=80000035 E=34.8000 supE=534.6000 infE=-78.0000 Mg=-79 psi-x=52455.64 Tt=-79.9200 W=114.9200 gp=953665 maxa=144@84517271
# summary: X=100000000 N(X)=80000035 g-prime sites=953665 total mult=5764377 max a_n=144 at n=84517271  #(a_n>d(n))=2813532  max a_n/d(n)=39.0000 sat=0
# summary: supE=534.600000 infE=-78.000000 sup|Mg|=3747 Mg(X)=-79 S1(X)-rho=-7.992001e-07 psi(X)-X=52455.6368
# max m_p=78 at p=91789081; histogram of m_p over all primes (m=0..64, >=65): 4808005 116898 136627 113549 105368 92014 64701 51256 53693 36329 36355 25614 21622 17289 15397 11720 10157 7859 6907 5545 4687 3412 3084 2405 2017 1582 1344 1139 868 720 581 540 391 321 293 207 169 122 122 102 81 58 60 37 42 26 30 19 16 17 8 12 6 5 6 6 1 3 3 0 4 0 1 0 1 2
# decade 0: primes 4, mean m_p 0.7500
# decade 1: primes 21, mean m_p 0.9524
# decade 2: primes 143, mean m_p 0.9860
# decade 3: primes 1061, mean m_p 0.9925
# decade 4: primes 8363, mean m_p 0.9889
# decade 5: primes 68906, mean m_p 1.0016
# decade 6: primes 586081, mean m_p 1.0008
# decade 7: primes 5096876, mean m_p 1.0003
# primes by decade: dec  m=0 m=1 m=2 m=3 m=4 m=5 m>=6 | higher powers p^k (k>=2): m=0 m=1 m=2 m=3 m=4 m=5 m>=6
D 0 1 3 0 0 0 0 0 | 3 0 0 0 0 0 0
D 1 6 10 5 0 0 0 0 | 6 1 0 0 0 0 0
D 2 73 27 25 9 8 1 0 | 10 3 2 0 0 0 0
D 3 646 124 123 78 37 31 22 | 22 3 1 0 0 0 0
D 4 5782 617 660 435 323 190 356 | 42 1 9 1 3 0 1
D 5 52214 3101 3375 2557 2025 1585 4049 | 111 4 4 1 1 3 4
D 6 472205 16563 18737 15447 13350 10980 38799 | 262 8 15 5 5 2 22
D 7 4277078 96453 113702 95023 89625 79227 345768 | 733 22 19 16 12 10 37
# mobius (mu_P = Dirichlet inverse of a): overflow=0 M_P(X)=1425; bins: bin_lo sup|M_P|
MP 1.9953e+00 0
MP 2.8184e+00 1
MP 3.9811e+00 1
MP 4.4668e+00 1
MP 5.6234e+00 0
MP 6.3096e+00 1
MP 7.9433e+00 1
MP 8.9125e+00 1
MP 1.0000e+01 2
MP 1.1220e+01 2
MP 1.2589e+01 3
MP 1.4125e+01 2
MP 1.5849e+01 3
MP 1.7783e+01 3
MP 1.9953e+01 3
MP 2.2387e+01 3
MP 2.5119e+01 2
MP 2.8184e+01 4
MP 3.1623e+01 4
MP 3.5481e+01 3
MP 3.9811e+01 6
MP 4.4668e+01 6
MP 5.0119e+01 4
MP 5.6234e+01 8
MP 6.3096e+01 7
MP 7.0795e+01 6
MP 7.9433e+01 7
MP 8.9125e+01 5
MP 1.0000e+02 6
MP 1.1220e+02 7
MP 1.2589e+02 4
MP 1.4125e+02 9
MP 1.5849e+02 7
MP 1.7783e+02 6
MP 1.9953e+02 7
MP 2.2387e+02 9
MP 2.5119e+02 13
MP 2.8184e+02 14
MP 3.1623e+02 10
MP 3.5481e+02 13
MP 3.9811e+02 15
MP 4.4668e+02 9
MP 5.0119e+02 12
MP 5.6234e+02 15
MP 6.3096e+02 16
MP 7.0795e+02 9
MP 7.9433e+02 5
MP 8.9125e+02 22
MP 1.0000e+03 13
MP 1.1220e+03 16
MP 1.2589e+03 8
MP 1.4125e+03 28
MP 1.5849e+03 24
MP 1.7783e+03 20
MP 1.9953e+03 41
MP 2.2387e+03 43
MP 2.5119e+03 16
MP 2.8184e+03 13
MP 3.1623e+03 38
MP 3.5481e+03 33
MP 3.9811e+03 41
MP 4.4668e+03 40
MP 5.0119e+03 46
MP 5.6234e+03 62
MP 6.3096e+03 76
MP 7.0795e+03 55
MP 7.9433e+03 59
MP 8.9125e+03 54
MP 1.0000e+04 68
MP 1.1220e+04 53
MP 1.2589e+04 105
MP 1.4125e+04 101
MP 1.5849e+04 90
MP 1.7783e+04 65
MP 1.9953e+04 154
MP 2.2387e+04 109
MP 2.5119e+04 64
MP 2.8184e+04 133
MP 3.1623e+04 157
MP 3.5481e+04 104
MP 3.9811e+04 158
MP 4.4668e+04 241
MP 5.0119e+04 137
MP 5.6234e+04 160
MP 6.3096e+04 206
MP 7.0795e+04 300
MP 7.9433e+04 190
MP 8.9125e+04 257
MP 1.0000e+05 259
MP 1.1220e+05 468
MP 1.2589e+05 257
MP 1.4125e+05 509
MP 1.5849e+05 319
MP 1.7783e+05 478
MP 1.9953e+05 469
MP 2.2387e+05 548
MP 2.5119e+05 519
MP 2.8184e+05 990
MP 3.1623e+05 739
MP 3.5481e+05 580
MP 3.9811e+05 775
MP 4.4668e+05 978
MP 5.0119e+05 1032
MP 5.6234e+05 1262
MP 6.3096e+05 1041
MP 7.0795e+05 1023
MP 7.9433e+05 857
MP 8.9125e+05 2179
MP 1.0000e+06 1869
MP 1.1220e+06 1776
MP 1.2589e+06 2630
MP 1.4125e+06 2360
MP 1.5849e+06 2171
MP 1.7783e+06 2407
MP 1.9953e+06 3511
MP 2.2387e+06 2703
MP 2.5119e+06 3265
MP 2.8184e+06 4343
MP 3.1623e+06 4935
MP 3.5481e+06 3503
MP 3.9811e+06 5553
MP 4.4668e+06 7321
MP 5.0119e+06 6056
MP 5.6234e+06 4359
MP 6.3096e+06 8463
MP 7.0795e+06 6794
MP 7.9433e+06 9506
MP 8.9125e+06 10885
MP 1.0000e+07 11070
MP 1.1220e+07 9409
MP 1.2589e+07 10970
MP 1.4125e+07 17554
MP 1.5849e+07 13871
MP 1.7783e+07 13203
MP 1.9953e+07 15619
MP 2.2387e+07 20765
MP 2.5119e+07 19617
MP 2.8184e+07 21543
MP 3.1623e+07 24302
MP 3.5481e+07 22651
MP 3.9811e+07 16743
MP 4.4668e+07 30794
MP 5.0119e+07 29381
MP 5.6234e+07 36263
MP 6.3096e+07 26769
MP 7.0795e+07 27171
MP 7.9433e+07 37358
MP 8.9125e+07 35139
MP 1.0000e+08 1425
# bin_lo Emax Emin Erms sup|psi-x| Mgmax Mgmin sup|Tt| sup|W| Ttrms Wrms
1.9953e+00 0.2 -0.6 0.2 2.30685 1 1 0.4 0 0.4 0
2.8184e+00 0.4 -0.4 0.4 2.20824 1 1 0.6 1.11022e-16 0.6 1.11022e-16
3.9811e+00 0.6 -0.2 0.6 2.51509 1 1 0.8 1.11022e-16 0.8 1.11022e-16
4.4668e+00 -0.2 -1 0.2 3.51509 0 0 2.77556e-16 2.22045e-16 2.77556e-16 2.22045e-16
5.6234e+00 0 -0.8 0 4.51509 0 0 3.33067e-16 0.2 3.33067e-16 0.2
6.3096e+00 0.2 -0.6 0.2 3.56918 0 0 3.88578e-16 0.4 3.88578e-16 0.4
7.9433e+00 0.4 -0.4 0.4 3.87604 0 0 4.44089e-16 0.6 4.44089e-16 0.6
8.9125e+00 0.6 -0.2 0.6 3.77742 0 0 4.996e-16 0.8 4.996e-16 0.8
1.0000e+01 0 -1 0.141421 4.77742 0 0 6.10623e-16 0.2 5.83528e-16 0.141421
1.1220e+01 0.2 -0.6 0.2 4.37953 0 0 6.66134e-16 0.4 6.66134e-16 0.4
1.2589e+01 0.6 -0.4 0.509902 3.81458 0 0 7.77156e-16 0.8 7.49914e-16 0.707107
1.4125e+01 -0.2 -1 0.2 4.81458 0 0 8.32667e-16 7.77156e-16 8.32667e-16 7.77156e-16
1.5849e+01 0.2 -0.8 0.141421 5.12143 0 0 9.4369e-16 0.4 9.16354e-16 0.316228
1.7783e+01 0.4 -1.2 0.4 5.28822 0 -1 1 0.8 0.707107 0.707107
1.9953e+01 -0.8 -2 1.01325 8.28822 -1 -1 1.15789 0.557895 1.1061 0.368421
2.2387e+01 0.6 -1 0.432049 5.01723 0 0 0.228833 1.01968 0.219807 0.763558
2.5119e+01 0.4 -0.8 0.258199 6.91862 0 0 0.256293 0.856293 0.247253 0.669293
2.8184e+01 0 -2 0.730297 8.91862 0 -1 1.30908 1.06545 1.07074 0.71559
3.1623e+01 0.6 -1 0.387298 6.3575 0 0 0.39823 1.18685 0.381376 0.88071
3.5481e+01 0.2 -1.4 0.374166 7.3575 0 0 0.443742 0.820986 0.426865 0.525856
3.9811e+01 0.6 -2 0.632456 7.74658 1 0 0.572538 0.54488 0.535034 0.310793
4.4668e+01 1 -1 0.522813 4.61232 1 0 0.598563 1.20495 0.473308 0.810582
5.0119e+01 0.6 -1 0.316228 6.64203 0 0 0.462804 1.24628 0.442369 0.851597
5.6234e+01 1.4 -2.4 1.08233 8.64203 2 0 1.57993 1.52109 1.08494 0.884643
6.3096e+01 1.6 -0.6 1.04198 3.57206 2 1 1.65516 1.09945 1.18972 0.537375
7.0795e+01 0.6 -1.8 0.553775 7.2816 0 0 0.3106 1.09094 0.295048 0.588838
7.9433e+01 1.2 -2 0.678233 7.41909 1 0 0.68995 1.10527 0.415161 0.608344
8.9125e+01 1.4 -2 0.734847 10.9305 1 0 0.682323 1.93798 0.528607 0.836948
1.0000e+02 0.6 -2 0.56022 10.3557 1 0 0.744353 0.748963 0.612766 0.460156
1.1220e+02 3.6 -2.8 1.73116 6.97829 1 0 0.767026 3.03911 0.577474 1.3771
1.2589e+02 3 -2 1.54515 15.0915 1 -1 1.30656 3.02418 0.981117 1.98139
1.4125e+02 0.4 -3 1.27879 17.2515 2 -1 1.71934 2.26654 1.20381 1.42099
1.5849e+02 2.6 -2 1.12951 8.5316 2 0 1.76287 2.0215 0.975014 1.04028
1.7783e+02 3.2 -2 1.53919 11.828 1 -2 2.18194 2.5627 0.965712 1.52765
1.9953e+02 0.4 -4 1.69607 20.5448 1 -3 3.32694 1.89526 1.95004 0.729821
2.2387e+02 4.4 -2.6 1.99464 11.4638 3 0 2.68784 2.83688 1.61261 1.39374
2.5119e+02 3.4 -2.4 1.3687 14.2783 3 0 2.88255 2.82358 1.6146 1.61243
2.8184e+02 3.4 -2 1.3877 13.5692 2 -2 2.00178 3.78841 1.55838 2.0652
3.1623e+02 2 -3 1.17384 20.1712 2 -3 3.13074 3.87381 2.14871 1.79569
3.5481e+02 5.2 -2 2.19524 11.848 3 0 2.9764 3.78029 1.67328 1.76283
3.9811e+02 3.2 -3 1.36931 17.9614 4 1 4.35784 4.70255 3.34298 2.73012
4.4668e+02 4.4 -2.8 1.51117 37.5302 2 -5 4.69601 6.20782 2.631 2.99292
5.0119e+02 5.6 -3.6 2.96769 29.105 3 -4 3.72772 3.42479 2.45341 1.41424
5.6234e+02 2.2 -3.8 1.03583 31.0286 3 -1 3.53743 4.12058 1.68035 1.79274
6.3096e+02 3.4 -2 1.33504 24.4838 4 -1 4.78221 4.74064 3.34548 2.53154
7.0795e+02 4.6 -4 1.67579 52.2812 1 -6 5.30736 6.2354 2.6756 3.07875
7.9433e+02 5 -3.8 1.99029 31.5909 1 -4 3.4234 5.19604 1.95289 2.5859
8.9125e+02 5.6 -5.4 2.26969 39.697 9 -5 9.85003 9.18098 5.32687 4.57288
1.0000e+03 7.6 -3 2.63726 51.2907 8 -9 8.95768 8.93102 5.38982 5.59552
1.1220e+03 3.6 -7.8 2.1014 36.1245 1 -7 6.05736 6.79524 2.78198 2.84117
1.2589e+03 7.6 -5.6 2.58271 50.4771 2 -4 3.38398 8.15336 1.92625 3.47072
1.4125e+03 5.6 -5.4 1.99289 44.7474 7 1 7.98952 9.65066 5.26202 4.82589
1.5849e+03 7.4 -6 2.42585 57.8496 4 -10 8.98627 10.3016 3.91833 3.90387
1.7783e+03 11.6 -5 3.60862 74.1314 5 -7 6.14375 10.2549 3.62031 5.1368
1.9953e+03 4.4 -6.8 1.79505 86.984 10 -13 12.1808 13.6482 6.71566 7.20025
2.2387e+03 11.6 -8.4 4.84182 116.628 16 1 16.9427 16.5145 9.5831 7.52289
2.5119e+03 8.2 -6 2.80042 77.7916 8 -6 9.60039 10.8004 2.97412 2.77558
2.8184e+03 9.6 -8.8 3.7516 84.173 1 -14 12.5964 17.1104 6.27226 8.05425
3.1623e+03 14 -7.4 4.35038 126.188 19 -11 20.3312 23.3428 10.2957 9.539
3.5481e+03 11.2 -6.6 3.81168 159.028 9 -10 10.932 12.5097 5.62504 5.13279
3.9811e+03 10.2 -7.4 3.01269 77.4944 10 -9 12.2708 13.0272 6.22242 5.75869
4.4668e+03 11.2 -6.4 3.51495 146.654 -1 -29 26.9603 29.5431 11.514 13.395
5.0119e+03 12.4 -7 3.63857 95.4007 13 -9 15.0553 15.8683 7.93156 6.71493
5.6234e+03 10.2 -8 3.32947 138.559 20 -6 22.4744 23.2816 9.22646 8.04407
6.3096e+03 21.2 -6.6 7.53945 289.654 20 -37 33.9176 35.1527 17.8132 17.9862
7.0795e+03 12.6 -10 2.91632 229.847 8 -31 28.2524 29.9184 11.1258 11.6813
7.9433e+03 17.6 -6.8 5.19417 151.484 16 -7 18.3744 19.3631 8.71069 8.08531
8.9125e+03 19.6 -10 4.48445 209.679 23 -7 26.3811 24.9703 13.4315 12.6875
1.0000e+04 14 -8.6 4.78412 260.244 9 -29 24.875 30.8817 14.2226 16.5521
1.1220e+04 22.4 -11.6 5.46967 201.991 20 -23 23.1851 25.0334 9.55677 9.86329
1.2589e+04 19.6 -11.8 5.24506 266.628 32 -29 35.0909 36.034 14.7619 15.9803
1.4125e+04 17.2 -11.6 5.37338 243.515 47 -22 50.6772 51.3067 25.2611 22.8638
1.5849e+04 18.6 -9.4 5.13297 321.424 -4 -42 37.5765 43.314 17.1035 20.2215
1.7783e+04 26.4 -11.6 7.71608 382.395 26 -46 42.321 49.4367 19.1911 20.288
1.9953e+04 32.2 -12.6 8.08301 415.446 57 -26 60.9053 54.9844 28.5808 24.7404
2.2387e+04 21.4 -12.4 6.04684 471.397 38 -46 43.4442 51.5797 23.9627 23.6607
2.5119e+04 20.6 -18 5.65053 321.107 16 -28 22.8254 34.5736 10.7112 12.2997
2.8184e+04 31.6 -19 8.30629 277.817 22 -40 35.7028 52.8332 21.6123 26.0684
3.1623e+04 26.4 -11.4 6.60456 342.708 47 -4 52.2706 54.2613 32.9532 29.6318
3.5481e+04 34.6 -15.8 10.0966 668.324 42 -55 49.0915 61.5393 23.4002 24.835
3.9811e+04 33.6 -17.6 10.7573 528.259 27 -79 71.5412 93.2244 31.1378 33.7255
4.4668e+04 31.2 -14 9.08372 538.511 64 -50 69.2906 64.87 33.2679 33.9701
5.0119e+04 47.6 -20 10.1114 449.269 62 -26 70.1077 69.1605 38.3512 34.0131
5.6234e+04 38.4 -13.6 11.0439 695.179 53 -70 62.7719 81.2064 30.0503 31.5786
6.3096e+04 51 -14.6 11.6869 702.549 35 -93 83.6108 92.0095 41.091 44.454
7.0795e+04 44.6 -19.8 9.57254 986.342 76 -88 83.844 99.7783 46.063 45.1381
7.9433e+04 49.2 -20.6 11.3029 816.89 76 -79 86.2257 93.952 34.8054 34.0345
8.9125e+04 54.2 -16.4 13.4565 1013.58 78 -57 90.4003 86.755 36.5435 32.7835
1.0000e+05 54.6 -19 13.3279 955.113 11 -147 137.691 157.906 64.8595 72.2114
1.1220e+05 56.6 -23 12.3183 1234.05 101 -64 108.604 111.012 49.2312 44.9647
1.2589e+05 80.6 -17.8 15.7256 1436.41 90 -81 103.32 103.919 50.1841 47.5089
1.4125e+05 80.2 -17.8 13.9413 1799.79 88 -140 126.981 137.808 63.9574 66.1864
1.5849e+05 66.4 -18.6 14.8912 1160.66 89 -120 107.18 106.753 52.0621 54.2954
1.7783e+05 83.6 -19.8 16.0806 1839.21 58 -123 111.658 128.613 36.2246 43.3707
1.9953e+05 76.4 -19.8 14.906 1625.11 216 -80 232.718 232.629 106.368 99.7621
2.2387e+05 80.4 -15.6 15.413 1049.8 47 -161 145.096 163.852 80.0673 87.2623
2.5119e+05 77.4 -19.8 17.8264 2741.31 86 -134 121.858 130.476 50.1208 55.7864
2.8184e+05 79.4 -23.4 18.6282 3614.71 141 -85 152.531 148.33 54.4723 50.8116
3.1623e+05 71.2 -20.8 16.707 2514.73 183 -167 204.726 208.309 104.723 101.235
3.5481e+05 120.4 -21.8 21.7556 2925.63 69 -193 171.424 186 68.8727 78.4853
3.9811e+05 131 -21 21.7681 2725.48 82 -356 343.005 356.163 114.282 123.319
4.4668e+05 84.4 -24 19.0774 4297.68 195 -168 211.314 216.313 115.687 108.267
5.0119e+05 82.6 -27 18.0261 4629.76 185 -155 206.848 210.194 87.3727 84.9912
5.6234e+05 106.6 -25.8 24.3355 4602.44 175 -202 198.883 200.779 72.0445 81.9175
6.3096e+05 108 -24 20.3467 3370.63 74 -240 222.21 256.932 127.193 138.394
7.0795e+05 118.4 -37.8 19.5922 4745.1 362 -78 382.111 385.232 193.632 183.914
7.9433e+05 105.4 -34 23.3947 4980.77 182 -220 206.434 236.773 87.4529 96.6432
8.9125e+05 132.8 -23.8 24.3202 8411.24 188 -240 217.504 262.68 101.183 106.053
1.0000e+06 115 -31.6 24.2037 6629.3 213 -365 345.679 378.185 148.479 152.101
1.1220e+06 98.2 -30.8 22.5593 8351.92 320 -201 345.356 344.952 122.406 116.598
1.2589e+06 141.4 -29.8 27.2993 10651 388 -195 417.517 420.116 161.806 152.896
1.4125e+06 133 -32.4 23.8751 9077.76 161 -676 644.695 660.266 292.409 305.174
1.5849e+06 121.4 -31 26.0138 12313.8 444 -224 462.673 451.23 177.539 170.8
1.7783e+06 128.2 -30.8 26.604 7564.96 335 -251 359.353 348.338 139.34 133.156
1.9953e+06 150.4 -38 27.6451 12990.9 296 -228 333.804 337.203 143.931 133.067
2.2387e+06 162.6 -29 28.5725 10844.8 305 -574 543.31 567.476 296.763 310.773
2.5119e+06 147 -37 32.461 14884.6 347 -398 373.382 405.644 157.242 152.031
2.8184e+06 211 -37.8 32.7503 11054.4 646 -413 683.802 681.79 330.566 318.42
3.1623e+06 176.6 -44 31.611 17191.5 396 -474 443.138 484.79 181.584 185.567
3.5481e+06 186 -32.4 35.7844 13518 271 -597 558.814 612.383 271.994 286.969
3.9811e+06 207.6 -44 33.7719 21022.3 425 -391 448.343 445.717 151.837 158.198
4.4668e+06 186.4 -37.6 34.6635 24706.3 825 -516 867.092 871.091 443.132 426.708
5.0119e+06 257.6 -37 36.2759 23977 11 -924 882.772 933.309 367.487 388.374
5.6234e+06 228.6 -39.8 37.2972 22940.6 705 -785 753.142 811.355 259.847 261.052
6.3096e+06 175.2 -40 36.0125 27690.6 860 -810 885.474 890.472 343.364 343.79
7.0795e+06 240 -38.8 37.6783 27392.7 923 -649 982.984 980.978 463.56 447.31
7.9433e+06 265.6 -42.4 43.4268 41820.2 521 -883 833.069 883.155 341.126 357.889
8.9125e+06 204.4 -47 40.2756 38750.2 530 -1024 984.357 1047.49 482.171 503.985
1.0000e+07 244.2 -51.4 42.487 29421.4 1126 -258 1159.12 1161.72 576.746 554.445
1.1220e+07 276.4 -41 42.4652 32735.1 1255 -1133 1321.45 1324.25 488.153 491.427
1.2589e+07 285.6 -54.4 44.631 37121.5 804 -1030 972.845 1009.7 409.059 415.212
1.4125e+07 348.6 -60 46.2847 54550.8 399 -1138 1107.09 1169.45 525.958 549.902
1.5849e+07 285.6 -45.4 47.4372 69278.9 1524 -931 1551.35 1547.35 783.092 765.087
1.7783e+07 301.6 -49.8 48.743 60187.1 1220 -685 1283.75 1283.15 466.543 455.502
1.9953e+07 344.6 -48 47.3727 30896.9 735 -1856 1796.17 1869.46 635.622 653.852
2.2387e+07 328 -52.6 52.8055 49880.2 1585 -2194 2160.8 2190.22 863.02 874.964
2.5119e+07 326.4 -54.8 49.3707 55208.5 2300 -1039 2327.94 2323.84 878.728 862.796
2.8184e+07 331 -49.4 54.7815 76109.1 1587 -899 1691.42 1683.77 656.537 639.233
3.1623e+07 414.6 -63 53.3761 60131.9 504 -2419 2385.15 2489.35 1108.71 1139.03
3.5481e+07 313.4 -49 55.4462 109028 1580 -922 1626.7 1620.7 604.373 581.272
3.9811e+07 481.2 -52 58.344 76799.4 1367 -1269 1436.18 1434.52 533.21 524.599
4.4668e+07 444.4 -59.8 59.5896 83403.7 2233 -1807 2334.45 2334.05 1076.07 1058.3
5.0119e+07 466.4 -62 59.348 117428 1777 -3110 3016.2 3092.69 1434.1 1461.9
5.6234e+07 441.6 -61.8 61.9749 114457 1509 -2237 2216.53 2279.32 774.716 775.097
6.3096e+07 454.6 -64 63.8283 98228.7 3322 -1185 3437.26 3443.88 1513.98 1484.27
7.0795e+07 534.6 -67 64.9644 102430 1783 -3747 3598.62 3660.15 1536.38 1560.04
7.9433e+07 473 -63.8 67.8311 116871 2241 -2549 2482.4 2584.58 1086.93 1091.91
8.9125e+07 446.2 -78 68.4082 137088 2191 -3325 3277.29 3339.08 1251.87 1272.61
1.0000e+08 34.8 34 34.8 52455.6 -79 -79 79.92 114.92 79.92 114.92
