# s7gen num=5 den=4 rho=1.25 X=100000000 variant=0 label=v0_r5-4
# n=9 N=13 E=2.0000 supE=2.0000 infE=-1.5000 Mg=3 psi-x=1.03 Tt=1.7500 W=0.0000 gp=4 maxa=3@9
# n=99 N=122 E=-1.5000 supE=6.7500 infE=-4.0000 Mg=0 psi-x=3.09 Tt=-0.2790 W=-1.4710 gp=14 maxa=5@81
# n=999 N=1259 E=10.5000 supE=28.2500 infE=-7.7500 Mg=-4 psi-x=-31.79 Tt=5.3412 W=4.9088 gp=63 maxa=12@369
# n=9999 N=12532 E=33.5000 supE=104.2500 infE=-24.5000 Mg=-20 psi-x=-12.27 Tt=9.8557 W=23.3943 gp=280 maxa=32@8241
# n=99999 N=125135 E=136.5000 supE=332.5000 infE=-40.0000 Mg=40 psi-x=-1064.20 Tt=147.9920 W=-11.7420 gp=1521 maxa=75@80307
# n=999999 N=1249981 E=-17.5000 supE=1095.7500 infE=-61.7500 Mg=-228 psi-x=7423.27 Tt=65.7114 W=-83.4614 gp=9252 maxa=168@854481
# n=9999999 N=12500025 E=26.5000 supE=3019.2500 infE=-136.5000 Mg=-914 psi-x=96048.69 Tt=-365.0983 W=391.3483 gp=61373 maxa=400@9877761
# n=99999999 N=125001380 E=1381.5000 supE=7519.2500 infE=-151.5000 Mg=678 psi-x=-1437558.82 Tt=1783.0018 W=-401.7518 gp=420432 maxa=800@73534443
# n=100000000 N=125001385 E=1385.2500 supE=7519.2500 infE=-151.5000 Mg=678 psi-x=-1437559.82 Tt=1783.0019 W=-398.0019 gp=420432 maxa=800@73534443
# summary: X=100000000 N(X)=125001385 g-prime sites=420432 total mult=5683288 max a_n=800 at n=73534443  #(a_n>d(n))=3063175  max a_n/d(n)=131.2500 sat=0
# summary: supE=7519.250000 infE=-151.500000 sup|Mg|=12931 Mg(X)=678 S1(X)-rho=1.783002e-05 psi(X)-X=-1437559.8159
# max m_p=152 at p=84549991; histogram of m_p over all primes (m=0..64, >=65): 5341123 12769 27971 27791 11740 38073 10961 30747 29294 9279 23867 8028 16294 16234 6695 24803 5401 9748 9469 4704 10283 4103 8395 8125 3252 7065 2821 4250 4197 2344 6193 1858 2680 2600 1531 3171 1330 2377 2297 950 1552 867 1123 1088 767 1530 557 709 698 429 809 384 611 607 311 416 272 320 311 230 384 160 203 202 150 1952
# decade 0: primes 4, mean m_p 1.2500
# decade 1: primes 21, mean m_p 1.0000
# decade 2: primes 143, mean m_p 0.9371
# decade 3: primes 1061, mean m_p 0.9764
# decade 4: primes 8363, mean m_p 0.9871
# decade 5: primes 68906, mean m_p 1.0080
# decade 6: primes 586081, mean m_p 1.0088
# decade 7: primes 5096876, mean m_p 0.9834
# primes by decade: dec  m=0 m=1 m=2 m=3 m=4 m=5 m>=6 | higher powers p^k (k>=2): m=0 m=1 m=2 m=3 m=4 m=5 m>=6
D 0 0 3 1 0 0 0 0 | 3 0 0 0 0 0 0
D 1 11 5 1 2 2 0 0 | 7 0 0 0 0 0 0
D 2 96 13 9 9 8 5 3 | 13 0 2 0 0 0 0
D 3 850 29 30 40 25 19 68 | 20 2 1 0 1 0 2
D 4 7126 95 175 143 81 139 604 | 53 1 1 1 0 1 0
D 5 61191 432 746 732 393 846 4566 | 112 2 4 1 2 1 6
D 6 533981 2054 3999 4076 1898 5215 34858 | 298 0 2 0 3 1 15
D 7 4737868 10138 23010 22789 9333 31849 261889 | 798 2 10 2 2 2 33
# bin_lo Emax Emin Erms sup|psi-x| Mgmax Mgmin sup|Tt| sup|W| Ttrms Wrms
1.9953e+00 -0.25 -1.5 0.25 2.30685 1 1 0.5 0 0.5 0
2.8184e+00 0.5 -0.75 0.5 1.10963 2 2 0.25 0 0.25 0
3.9811e+00 0.25 -1 0.25 1.41648 2 2 0.333333 0.333333 0.333333 0.333333
4.4668e+00 0 -1.25 0 0.807043 2 2 0.416667 0.666667 0.416667 0.666667
5.6234e+00 0.75 -0.5 0.75 1.80704 2 2 0.5 1.11022e-16 0.5 1.11022e-16
6.3096e+00 0.5 -0.75 0.5 0.861133 2 2 0.583333 0.333333 0.583333 0.333333
7.9433e+00 0.25 -1 0.25 1.16799 2 2 0.666667 0.666667 0.666667 0.666667
8.9125e+00 2 0.75 2 1.02924 3 3 1.75 2.22045e-16 1.75 2.22045e-16
1.0000e+01 1.75 -0.75 1.28695 1.97076 3 2 1.94444 0.888889 1.59341 0.702728
1.1220e+01 1.25 0 1.25 2.97076 2 2 1.24242 0.242424 1.24242 0.242424
1.2589e+01 0 -1.5 0.176777 4.97076 1 1 0.372572 0.872572 0.359512 0.747178
1.4125e+01 0.5 -0.75 0.5 5.97076 1 1 0.399184 0.149184 0.399184 0.149184
1.5849e+01 0.25 -1.25 0.176777 6.27761 1 1 0.452409 0.702409 0.439304 0.58081
1.7783e+01 1.75 -0.75 1.28695 6.4444 1 0 0.494367 1.02098 0.486754 0.893443
1.9953e+01 1 -1.5 0.612372 9.4444 0 0 0.572425 1.29641 0.546818 0.807612
2.2387e+01 1.25 -0.75 0.968246 5.17341 1 1 0.436474 0.580985 0.419257 0.391072
2.5119e+01 2.5 -1.5 1.94722 5.56397 2 1 1.52589 0.953933 1.25158 0.761796
2.8184e+01 1.75 -0.75 1.19896 8.36675 1 0 0.600397 0.899603 0.529594 0.641467
3.1623e+01 0.25 -2.75 1.10397 11.6736 0 -1 1.48918 0.391834 1.2684 0.249075
3.5481e+01 0.25 -3.75 1.40312 12.6736 -1 -2 2.65937 1.53172 1.90465 1.0151
3.9811e+01 0.75 -4 1.33697 13.0627 1 -2 2.72756 1.2192 1.23442 0.608744
4.4668e+01 1.75 -0.75 1.11337 2.50129 1 0 0.814737 1.78215 0.65858 1.30548
5.0119e+01 2.75 -1.25 1.51038 4.53099 0 0 0.912506 3.37992 0.872213 2.04585
5.6234e+01 1.25 -2.5 0.860855 6.53099 1 -1 1.96264 1.6788 1.23343 0.964842
6.3096e+01 3 -3.5 1.81265 15.2135 4 0 3.00546 1.93408 2.02003 1.1912
7.0795e+01 3.25 -2.5 1.81046 16.3219 4 2 3.19701 2.94701 1.71878 1.53458
7.9433e+01 6.75 -1 4.84575 16.5191 5 2 4.33076 3.23748 3.32727 1.94635
8.9125e+01 3.75 -2.75 1.95096 7.5191 2 0 1.65929 1.87678 1.05181 1.183
1.0000e+02 3.25 -3 1.34986 22.9196 3 0 2.84362 2.76634 1.94192 1.69821
1.1220e+02 5.5 -4.25 2.54385 18.5111 5 0 5.08476 3.48712 2.59861 2.06743
1.2589e+02 6.75 -1.25 4.46514 15.1206 5 0 5.12544 4.03377 3.37157 2.26541
1.4125e+02 3.25 -4 1.60994 10.169 3 0 3.63 3.85702 1.59858 1.71885
1.5849e+02 8.25 -3 4.28469 10.944 3 -1 3.72189 5.23829 2.3337 2.31061
1.7783e+02 2.25 -6 1.86703 26.0469 5 -2 5.95218 5.70218 2.25649 2.71139
1.9953e+02 15.5 -1 10.9701 25.0469 10 5 11.4348 5.98209 9.52274 2.42398
2.2387e+02 13.75 -2.75 6.90917 24.7559 6 3 8.12849 7.13216 6.6813 3.42268
2.5119e+02 10.25 -4 4.7511 49.0627 3 -5 5.8393 4.1607 2.86058 2.15484
2.8184e+02 6.25 -4.5 1.97032 26.8853 2 -2 5.42126 6.56041 3.68783 3.47241
3.1623e+02 10.25 -4 5.51776 36.8375 3 -2 6.60195 5.17618 4.7047 2.2622
3.5481e+02 12 -2.5 6.37489 39.8005 7 0 11.4271 7.87131 8.21945 3.41678
3.9811e+02 19.75 -2.5 10.332 79.8005 1 -7 6.00164 15.4296 3.35851 7.78807
4.4668e+02 18.25 -5 9.32951 71.5288 4 -7 9.29647 12.4768 5.96884 4.73249
5.0119e+02 9 -5.75 3.80291 44.7771 5 -5 10.8268 11.4237 5.65513 5.67996
5.6234e+02 27.75 -3.25 15.4248 33.6043 9 2 16.2346 12.0261 13.3104 6.72069
6.3096e+02 28.25 -7 14.0523 87.0778 7 -9 14.713 14.7071 7.18043 7.87311
7.0795e+02 13.75 -6 4.50798 82.824 -1 -15 7.37941 12.9612 4.04849 4.53338
7.9433e+02 7.5 -7.75 3.22562 39.7757 0 -13 8.29488 6.36106 4.0122 2.78302
8.9125e+02 23.5 -7.25 13.206 46.532 3 -9 12.0445 13.3322 8.5597 7.14776
1.0000e+03 20.5 -7.25 7.94691 70.4512 0 -12 9.43871 12.0201 3.80528 5.48803
1.1220e+03 17.25 -5.25 7.82518 137.058 -8 -28 19.3666 24.6442 10.3503 14.3157
1.2589e+03 22.5 -12 6.53639 179.667 12 -33 24.6379 18.395 13.2893 9.48156
1.4125e+03 40.75 -9 20.3278 135.667 14 -8 23.1577 20.1947 13.0147 9.31361
1.5849e+03 27.25 -5 11.7526 82.9733 5 -11 15.447 18.9199 8.12934 6.44452
1.7783e+03 30.75 -15.5 14.6675 241.723 -5 -36 25.1388 36.2511 11.5676 18.8761
1.9953e+03 20 -13 6.94485 159.154 6 -16 16.5304 18.0686 8.95887 7.78206
2.2387e+03 22.75 -8.5 9.1608 205.514 15 -14 26.9602 21.579 13.641 8.04517
2.5119e+03 39 -5 16.7151 151.359 13 -15 25.4589 29.1146 13.5032 10.3486
2.8184e+03 65.5 -15.75 27.6777 276.338 1 -32 18.3625 54.2698 7.98038 25.0594
3.1623e+03 37 -13 13.4532 180.152 5 -25 18.9929 19.683 9.57238 10.3105
3.5481e+03 47 -14 12.8347 353.521 36 -16 52.7068 39.4177 24.8061 18.385
3.9811e+03 104.25 17.5 56.6959 277.245 37 -2 53.8532 63.4346 38.5484 24.1415
4.4668e+03 37.25 -13.5 16.2425 435.211 8 -32 29.6543 28.5109 15.9689 10.0519
5.0119e+03 45 -15.5 18.6841 446.213 6 -32 29.3451 30.5699 14.3261 12.5882
5.6234e+03 40 -23.25 14.5185 463.419 28 -47 52.3791 49.8279 33.9193 25.7774
6.3096e+03 45.25 -24 20.2871 343.149 6 -41 32.5459 32.2895 16.555 12.5905
7.0795e+03 50.25 -14 19.3756 494.448 -4 -45 24.4244 51.773 11.1322 16.5499
7.9433e+03 72.25 -16.5 27.6495 1140.75 -9 -73 45.7772 92.1219 19.3169 41.2293
8.9125e+03 61 -24.5 24.9983 274.615 29 -44 58.0545 52.2377 30.5342 21.6474
1.0000e+04 73.75 -20.5 30.5258 408.276 21 -53 51.2219 53.1052 22.8567 18.4273
1.1220e+04 133.25 -13.5 78.1007 852.036 38 -32 71.8424 95.2481 45.4514 51.9435
1.2589e+04 89.75 -24.5 38.2701 1253.56 59 -58 96.8221 91.7963 43.0729 44.6256
1.4125e+04 76 -29 25.6658 629.579 19 -76 60.6283 62.257 32.7887 22.4992
1.5849e+04 107.5 -20.5 44.4041 1435.26 44 -66 90.1209 78.4887 51.1561 30.3909
1.7783e+04 124.5 4.75 57.9692 1194.55 28 -87 74.5149 83.2151 30.7038 38.2797
1.9953e+04 109 -22 41.5958 1220.55 34 -96 83.7507 65.4997 38.3021 24.4732
2.2387e+04 82.5 -33 26.623 1147.51 -6 -112 60.6743 81.2699 28.2433 39.8303
2.5119e+04 117.5 -20.5 40.5734 1945.9 70 -123 121.911 114.085 55.3424 57.6635
2.8184e+04 192.25 -19.5 69.5684 1651.48 39 -100 96.1142 108.252 50.7539 42.0882
3.1623e+04 209.75 -22.5 82.2698 1417.52 44 -101 103.325 134.857 58.4809 59.839
3.5481e+04 159.75 -23.25 57.6428 2386.52 14 -153 90.5108 181.778 37.9038 73.2459
3.9811e+04 156.25 -40 56.1189 2445.75 70 -187 134.667 154.804 72.2559 62.5799
4.4668e+04 184.5 -22.5 58.8665 1707.7 28 -122 98.8662 117.619 45.9016 39.7455
5.0119e+04 292.25 -17 145.897 2321.73 70 -51 141.82 182.304 96.2639 88.4096
5.6234e+04 270.25 -29.25 70.163 3523.22 36 -188 117.797 176.931 63.1852 59.4402
6.3096e+04 190.5 -26 59.0255 2246.54 51 -196 137.463 177.775 62.9457 82.9224
7.0795e+04 173.25 -22 71.6661 2891.25 159 -184 245.474 211.901 113.403 69.9854
7.9433e+04 332.5 -21.5 142.363 3909.56 160 -219 255.455 207.348 124.127 96.296
8.9125e+04 266.25 -27.5 78.5764 5306.56 87 -219 190.958 190.202 98.7147 87.198
1.0000e+05 203.5 -46.5 90.0163 6103.58 165 -398 292.478 333.989 141.162 160.397
1.1220e+05 333.5 -29.5 111.384 4560.47 134 -292 245.85 345.569 114.351 102.301
1.2589e+05 505.5 -53 226.031 5225.16 248 -324 370.598 278.754 208.697 117.012
1.4125e+05 274.75 -27.5 106.64 8055.25 64 -366 230.202 343.157 93.2943 148.194
1.5849e+05 336.5 -42 87.338 8414.25 156 -378 292.651 345.01 131.981 125.818
1.7783e+05 301.5 -61.75 91.9907 8650.59 134 -363 272.728 386.708 121.883 103.162
1.9953e+05 581.25 -50.5 204.511 5367.66 363 -377 511.428 499.194 236.821 241.689
2.2387e+05 419.75 -34.5 144.865 7113.53 253 -417 416.723 365.32 171.148 152.306
2.5119e+05 700.5 -43.5 214.848 15961.9 224 -734 566.251 687.56 259.625 320.158
2.8184e+05 433.75 -53.5 124.527 6401.45 211 -541 379.512 413.779 183.106 158.445
3.1623e+05 711.75 -42.5 195.558 12696.9 405 -385 581.418 495.891 267.372 198.368
3.5481e+05 796.5 -53.5 355.749 14603.4 255 -547 459.238 515.667 253.124 230.001
3.9811e+05 634.25 -59 158.688 20762.4 190 -1006 796.059 887.181 283.051 339.296
4.4668e+05 502 -52 157.131 5730.45 371 -917 694.027 820.88 287.692 255.27
5.0119e+05 361.25 -48 98.37 23528.4 357 -751 584.943 623.42 282.481 259.581
5.6234e+05 1095.75 -47.25 336.649 22179.5 510 -759 769.028 1050.05 319.675 378.867
6.3096e+05 969 -48.25 327.152 19558.7 469 -1406 1149.15 1631.04 409.766 503.57
7.0795e+05 782.25 -52 205.856 25381.7 502 -1211 945.05 1250.73 359.556 417.833
7.9433e+05 783.25 -51 247.366 29449 854 -573 1147.69 995.84 496.387 392.644
8.9125e+05 962.75 -60 328.565 19576.1 443 -1325 1025.15 1235.93 323.898 437.686
1.0000e+06 1006.5 -66.5 294.04 30555 318 -722 613.668 632.639 323.175 283.415
1.1220e+06 1232.5 -89.5 337.578 52759.1 768 -1073 1084.47 1002.6 407.963 454.224
1.2589e+06 904.75 -86.5 228.76 47648.2 1171 -1616 1487.25 1449.98 726.039 653.574
1.4125e+06 955.25 -69.25 229.801 42220.2 426 -1366 1024.2 1164.94 395.29 432.365
1.5849e+06 1273 -51.25 427.213 70405.7 143 -1403 1059.57 1373.5 356.464 529.404
1.7783e+06 1060.5 -72 238.485 70336.1 1126 -1669 1477.96 1565.22 631.517 664.104
1.9953e+06 1013.25 -62 292.775 24062.1 1115 -1503 1475.21 1369.52 661.453 613.365
2.2387e+06 1520 -95 350.964 78908.5 636 -2332 1971.74 2153.71 735.293 751.164
2.5119e+06 2086.25 -78 573.944 78232.9 1483 -2245 1876.58 2200.82 895.104 999.479
2.8184e+06 1345.75 -70 299.049 67958 1380 -1492 1757.91 1415.15 830.582 720.212
3.1623e+06 1142.5 -87.5 295.098 83131.2 1258 -2610 2188.61 2288.45 753.455 820.76
3.5481e+06 2419.5 -109 513.33 146783 1840 -1664 2310.5 2100.34 1036.97 839.442
3.9811e+06 2121.5 -79 663.452 63330.2 1189 -2307 1833.74 2233.43 722.896 1000.02
4.4668e+06 2484.75 -85 584.001 161671 2345 -2078 2813.84 2678.84 1095.34 1059.26
5.0119e+06 1177.75 -85.5 279.056 139186 1736 -2926 2434.24 2822.78 1031.97 1047.13
5.6234e+06 1406.25 -136.5 372.651 132964 920 -2697 2187.06 2371.65 768.539 940.575
6.3096e+06 1850 -106 416.114 156334 2629 -2832 3140.09 2866.32 1311.85 1207.2
7.0795e+06 2510 -93.25 676.292 282989 1971 -5001 4438.56 5930.83 1207.41 1401.93
7.9433e+06 1845.5 -84.5 337.182 293959 2690 -5990 5434.15 6269.04 1861.37 1833.09
8.9125e+06 3019.25 -88 572.543 151596 1920 -3284 2697.9 2873.37 1114.34 1255.53
1.0000e+07 2216.5 -103.25 425.202 239821 1789 -2759 2348.05 2582.28 983.244 941.433
1.1220e+07 2832.5 -84 795.424 243833 3323 -4549 3949.59 4252.39 2007.65 2032.83
1.2589e+07 2822.75 -97 478.297 204218 2729 -3790 3364.51 3319.69 1562.25 1547.66
1.4125e+07 2099.75 -104 482.392 230403 1650 -6004 5384.11 5719.54 1825.89 2025.2
1.5849e+07 3085.25 -92.5 583.061 421014 5319 -4828 5912.07 5697.91 2522.25 2547.9
1.7783e+07 3612.75 -110 744.377 201496 5180 -6377 5902.5 6019.18 2059.75 1994.2
1.9953e+07 3854.75 -122 789.872 394350 4431 -3430 5149.96 4852.82 1578.46 1548.19
2.2387e+07 2933.75 -113.25 563.822 514414 3589 -7273 6555.67 7272.48 2362.93 2376.38
2.5119e+07 3092 -117.25 661.699 437813 3228 -4586 3954.41 4445.89 1654.31 1916.36
2.8184e+07 4193.25 -121.5 786.796 429925 6866 -3522 7664.55 7225.56 2787.3 2428.48
3.1623e+07 5000 -146 1076.39 740862 3602 -7306 6465.37 7201.21 2632.72 3010.45
3.5481e+07 3901.25 -109.5 625.404 710817 7471 -8941 8295.69 8661.77 3392.98 3412.38
3.9811e+07 4600 -115.5 783.95 570446 6754 -6283 7583.53 7440.11 3084.42 3130.41
4.4668e+07 4149.25 -113.75 782.236 800813 7056 -9196 8224.42 9147.35 3331.21 3411.58
5.0119e+07 7519.25 -124 1179.08 886757 7403 -7303 8301.98 9452.23 3167.48 3010.92
5.6234e+07 4567.75 -119.5 860.594 765473 4564 -10480 9551.85 10428.1 3359.79 3653.53
6.3096e+07 5245.75 -137.5 1012.26 742540 6261 -7230 7252.82 7248.65 2691.07 2576.01
7.0795e+07 5025.75 -128 1029.27 1.61595e+06 7013 -5577 8114.93 7263.51 2893.7 2718.41
7.9433e+07 6959.75 -151.5 1201.44 891191 11139 -11784 12267.3 12437.7 5201.55 5193.11
8.9125e+07 6840.5 -147.5 1224.44 1.43756e+06 11805 -12931 12843.6 14318.9 5052.89 5148.13
1.0000e+08 1385.25 1384 1385.25 1.43756e+06 678 678 1783 398.002 1783 398.002
