# s7gen num=3 den=5 rho=0.6 X=1000000000 variant=0 label=v0_r3-5
# n=9 N=6 E=0.2000 supE=0.8000 infE=-1.6000 Mg=0 psi-x=-3.03 Tt=0.0857 W=0.5143 gp=2 maxa=2@7
# n=99 N=62 E=2.2000 supE=3.4000 infE=-2.6000 Mg=1 psi-x=-12.89 Tt=2.1377 W=0.4623 gp=18 maxa=3@37
# n=999 N=602 E=2.2000 supE=14.0000 infE=-5.2000 Mg=-3 psi-x=-85.20 Tt=-0.6574 W=3.2574 gp=90 maxa=10@847
# n=9999 N=6000 E=0.2000 supE=22.2000 infE=-11.2000 Mg=-14 psi-x=-315.48 Tt=-8.1207 W=8.7207 gp=511 maxa=15@4477
# n=99999 N=60005 E=5.2000 supE=55.0000 infE=-15.6000 Mg=29 psi-x=-3177.96 Tt=41.9015 W=-36.3015 gp=3183 maxa=33@73001
# n=999999 N=600037 E=37.2000 supE=163.4000 infE=-31.6000 Mg=-14 psi-x=-7496.19 Tt=1.0614 W=36.5386 gp=21229 maxa=75@998371
# n=9999999 N=5999997 E=-2.8000 supE=298.0000 infE=-43.8000 Mg=214 psi-x=-14791.91 Tt=248.8435 W=-251.2435 gp=148185 maxa=165@8833121
# n=99999999 N=60000138 E=138.2000 supE=541.4000 infE=-54.0000 Mg=1720 psi-x=-143850.21 Tt=1823.7055 W=-1685.1055 gp=1074051 maxa=330@61831847
# n=999999999 N=599999986 E=-13.8000 supE=948.8000 infE=-93.2000 Mg=-658 psi-x=3781278.07 Tt=-536.1244 W=522.7244 gp=8089080 maxa=550@372662213
# n=1000000000 N=599999998 E=-2.4000 supE=948.8000 infE=-93.2000 Mg=-658 psi-x=3781277.07 Tt=-536.1244 W=534.1244 gp=8089080 maxa=550@372662213
# summary: X=1000000000 N(X)=599999998 g-prime sites=8089080 total mult=51029141 max a_n=550 at n=372662213  #(a_n>d(n))=23527713  max a_n/d(n)=79.7500 sat=0
# summary: supE=948.800000 infE=-93.200000 sup|Mg|=9087 Mg(X)=-658 S1(X)-rho=-5.361244e-07 psi(X)-X=3781277.0730
# max m_p=79 at p=788368543; histogram of m_p over all primes (m=0..64, >=65): 42758946 1189628 884869 895075 903699 670817 610412 579220 347559 310114 263204 282944 198117 160082 136085 111327 89977 80494 73583 48919 40436 35794 30906 25193 20706 18089 12950 11384 9562 8490 6577 5433 4629 3890 3179 2648 2279 1686 1452 1235 1017 814 708 597 455 415 307 255 250 195 171 130 101 86 74 59 49 39 32 36 33 20 19 20 11 52
# decade 0: primes 4, mean m_p 0.7500
# decade 1: primes 21, mean m_p 0.8095
# decade 2: primes 143, mean m_p 0.8881
# decade 3: primes 1061, mean m_p 0.9708
# decade 4: primes 8363, mean m_p 0.9668
# decade 5: primes 68906, mean m_p 0.9952
# decade 6: primes 586081, mean m_p 0.9992
# decade 7: primes 5096876, mean m_p 0.9985
# decade 8: primes 45086079, mean m_p 1.0042
# primes by decade: dec  m=0 m=1 m=2 m=3 m=4 m=5 m>=6 | higher powers p^k (k>=2): m=0 m=1 m=2 m=3 m=4 m=5 m>=6
D 0 2 1 1 0 0 0 0 | 3 0 0 0 0 0 0
D 1 8 10 2 1 0 0 0 | 4 3 0 0 0 0 0
D 2 73 38 17 7 6 2 0 | 13 0 1 0 1 0 0
D 3 644 157 100 64 43 30 23 | 22 2 2 0 0 0 0
D 4 5704 803 541 438 352 193 332 | 44 7 1 1 2 1 1
D 5 50882 4443 3060 2747 2285 1584 3905 | 106 5 3 7 1 0 6
D 6 459167 25725 18558 17143 15983 11238 38267 | 277 16 4 4 8 3 7
D 7 4171128 156200 114768 112725 110075 80127 351853 | 731 32 11 13 19 14 29
D 8 38071338 1002251 747822 761950 774955 577643 3150120 | 1997 58 39 13 34 29 115
# bin_lo Emax Emin Erms sup|psi-x| Mgmax Mgmin sup|Tt| sup|W| Ttrms Wrms
1.9953e+00 0.4 -0.2 0.4 2.30685 1 1 0.8 0 0.8 0
2.8184e+00 -0.2 -0.8 0.2 3.30685 0 0 0.2 0 0.2 0
3.9811e+00 0.2 -0.4 0.2 3.61371 0 0 0.266667 0.333333 0.266667 0.333333
4.4668e+00 -0.4 -1 0.4 4.61371 -1 -1 0.666667 0.666667 0.666667 0.666667
5.6234e+00 -1 -1.6 1 5.61371 -1 -1 0.8 0.2 0.8 0.2
6.3096e+00 0.4 -0.2 0.4 2.72189 0 0 0.0666667 0.733333 0.0666667 0.733333
7.9433e+00 0.8 0.2 0.8 3.02874 0 0 0.0761905 1.12381 0.0761905 1.12381
8.9125e+00 0.2 -0.4 0.2 4.02874 0 0 0.0857143 0.514286 0.0857143 0.514286
1.0000e+01 0 -1 0.282843 5.02874 0 0 0.104762 0.295238 0.100113 0.219358
1.1220e+01 -0.6 -1.2 0.6 4.63084 0 0 0.114286 0.314286 0.114286 0.314286
1.2589e+01 1.2 -0.8 0.860233 4.06589 0 0 0.133333 1.46667 0.12866 1.03849
1.4125e+01 0.6 0 0.6 5.06589 1 1 1.14286 0.142857 1.14286 0.142857
1.5849e+01 1 -0.2 0.761577 6.37275 1 0 1.21905 0.504762 0.886917 0.379162
1.7783e+01 0.2 -0.8 0.2 7.37275 0 0 0.329972 0.270028 0.321406 0.206876
1.9953e+01 -0.4 -1.6 0.711805 8.42831 0 -1 0.665546 0.465546 0.567801 0.335968
2.2387e+01 -0.2 -1.4 0.52915 7.29281 0 -1 0.72605 0.895798 0.597404 0.568082
2.5119e+01 1.8 -0.6 1.06458 6.07394 1 0 1.30998 0.890022 1.06081 0.585424
2.8184e+01 1.2 -0.6 0.774597 7.7781 0 -1 0.618632 1.24324 0.46411 0.996883
3.1623e+01 0.4 -2 0.83666 11.085 -1 -2 1.69846 1.43859 1.02306 0.918155
3.5481e+01 0.8 -2.6 1.1 12.085 0 -2 1.74698 0.989984 0.892235 0.613211
3.9811e+01 0.2 -1.2 0.34641 5.2522 0 0 0.243176 0.432123 0.232255 0.28086
4.4668e+01 2.6 -1 1.41185 3.77743 1 0 1.29675 1.70325 0.770372 0.917156
5.0119e+01 3 1 2.21359 6.03546 2 1 2.36822 1.90621 1.80096 1.00604
5.6234e+01 2.4 -1.8 1.34164 13.0355 1 -1 1.54714 1.27954 0.917141 0.768174
6.3096e+01 0.4 -2 0.755929 11.1834 1 0 1.67178 2.67178 1.29424 1.50043
7.0795e+01 3.4 -1.2 2.00111 4.04178 2 0 2.80957 2.93363 2.24643 1.78971
7.9433e+01 1.6 -1.2 0.824621 11.9582 0 -2 1.04314 2.23072 0.762029 1.2797
8.9125e+01 2.8 -1 1.35647 15.4696 1 0 2.13774 1.67296 1.81695 0.978441
1.0000e+02 2.6 -1.6 1.15426 22.222 1 -3 2.15933 2.55671 1.23476 1.05331
1.1220e+02 0 -5 2.1951 30.222 0 -5 3.95254 2.9724 2.48391 1.36077
1.2589e+02 2.2 -1.6 1.03078 6.60284 1 -2 2.07922 1.87134 1.29367 1.17437
1.4125e+02 1.8 -1.2 0.711254 19.6684 -1 -4 3.0163 4.6163 1.94465 2.73125
1.5849e+02 1 -2 0.655342 20.6121 1 -2 1.85967 1.72265 0.888037 0.834995
1.7783e+02 2 -1.2 0.816868 24.103 1 -4 3.12042 3.89911 1.35003 1.70217
1.9953e+02 0.6 -5.2 2.34663 35.103 -1 -6 5.37217 4.55178 4.33313 2.88673
2.2387e+02 4.4 -3.8 1.94202 32.4917 4 -1 4.56709 4.40014 2.86107 2.04481
2.5119e+02 8.2 0.4 4.64973 21.4917 3 -1 3.79621 4.92384 2.73786 2.59985
2.8184e+02 2.4 -2 1.03095 33.0883 1 -3 2.16322 3.9322 1.15521 2.01835
3.1623e+02 2.4 -2.6 1.26533 36.4902 3 0 4.00219 4.15884 2.2262 1.91916
3.5481e+02 1.4 -2.2 0.841535 40.4902 0 -6 5.10118 5.00351 3.13829 3.11369
3.9811e+02 3.4 -4.2 1.71513 28.537 5 -1 5.90136 6.08558 3.57794 3.69979
4.4668e+02 9.2 -2 4.31488 24.537 6 -1 7.24032 7.14321 3.95956 3.42602
5.0119e+02 10.8 -2.2 5.14918 75.488 -1 -4 2.56549 10.6843 1.18304 6.16518
5.6234e+02 1.6 -4.6 1.22498 62.1763 7 0 8.72424 8.82647 5.33606 5.24415
6.3096e+02 4.2 -4.4 1.58303 28.7472 1 -5 3.0299 4.65333 1.17627 1.76005
7.0795e+02 2.2 -3.8 1.19328 26.3134 1 -7 5.13235 5.34374 2.28185 2.47956
7.9433e+02 12 -3.8 5.31091 64.1049 7 -5 9.03534 7.49974 5.05908 3.20654
8.9125e+02 14 -3.2 5.55481 97.8951 4 -8 6.3624 10.0989 3.4898 4.7803
1.0000e+03 5 -5 1.74449 99.8632 7 -4 9.58673 10.3781 3.92166 4.20893
1.1220e+03 4.2 -4.2 1.54358 21.3391 4 -10 7.44135 9.11919 4.67863 4.90621
1.2589e+03 8 -4 2.81434 44.9503 0 -9 6.60033 9.57105 3.84481 5.19245
1.4125e+03 11.8 -4 3.84063 49.6436 12 -1 14.9978 10.9722 8.63393 6.31514
1.5849e+03 20.2 -2 8.13474 169.962 7 -12 10.1693 20.3578 4.92256 8.72545
1.7783e+03 7.8 -11.2 3.08228 222.948 8 -16 12.8896 18.1231 6.75578 8.12541
1.9953e+03 4.4 -5.2 1.66296 71.5366 5 -6 8.14291 7.73476 2.95784 2.69336
2.2387e+03 7.8 -4.6 2.93295 93.0553 1 -10 6.79507 10.1613 2.96484 4.01406
2.5119e+03 9.4 -5 3.69153 87.718 11 -7 14.3632 13.1194 6.88381 5.39388
2.8184e+03 12.2 -7.2 4.88042 208.182 4 -15 11.2902 20.5465 5.82769 8.53738
3.1623e+03 16.8 -7.4 4.77239 267.841 6 -15 11.7575 22.7423 5.90202 8.98097
3.5481e+03 9.4 -7 3.22032 232.026 17 -2 20.3307 20.9635 10.5841 9.69974
3.9811e+03 11.8 -5.6 3.55621 193.026 11 -16 15.1218 15.605 7.33568 8.02891
4.4668e+03 15.2 -8.8 6.11933 144.718 13 -19 16.3561 19.2946 7.76417 10.5639
5.0119e+03 10.6 -10.8 4.57287 251.675 9 -12 12.6902 13.1474 6.94567 6.28838
5.6234e+03 22.2 -5.2 6.92223 323.456 11 -21 16.9839 20.604 5.8312 7.89412
6.3096e+03 13.6 -7.6 3.92627 324.456 18 -9 22.2955 20.8714 8.50218 7.51471
7.0795e+03 18.4 -6.6 6.20384 351.961 6 -34 30.0419 46.6752 13.4926 18.8651
7.9433e+03 16 -5.4 5.73296 269.775 27 -36 32.1334 42.5414 16.888 15.3314
8.9125e+03 19.2 -6.8 6.40783 523.581 30 -31 34.7614 26.05 16.1499 12.2935
1.0000e+04 23.8 -10.6 6.28428 345.771 4 -25 19.4841 28.2834 8.49619 11.1946
1.1220e+04 21.4 -7.8 5.20206 394.795 19 -35 29.9825 30.9396 12.9734 14.4286
1.2589e+04 36.2 -8.6 9.64835 643.754 25 -29 30.5537 31.7371 14.0035 13.2264
1.4125e+04 26 -9 9.35524 535.176 12 -18 18.0149 25.5403 8.20106 9.35173
1.5849e+04 26.4 -9.2 6.60101 802.297 27 -26 33.7836 34.3815 13.8757 12.8572
1.7783e+04 27 -13.2 6.34901 686.907 14 -43 36.9512 43.9455 17.6823 19.0661
1.9953e+04 32.2 -14 8.26585 267.659 29 -19 35.2586 31.1788 13.1031 9.81712
2.2387e+04 17.8 -8.6 5.655 851.336 45 -42 52.6779 53.4966 27.8652 26.6619
2.5119e+04 50.8 -12.2 13.4913 740.758 11 -50 42.0486 55.347 22.6883 30.159
2.8184e+04 31.4 -12 9.0368 1601.41 33 -24 40.4719 37.7316 20.2406 16.9155
3.1623e+04 26.8 -12.6 5.68227 1517.34 18 -39 30.5771 32.1593 10.8454 11.2421
3.5481e+04 32.2 -12.8 8.62019 970.846 48 -40 56.9587 51.5202 23.9467 20.5848
3.9811e+04 35 -11.6 8.12474 776.482 29 -72 62.53 63.9962 23.355 25.5888
4.4668e+04 44.4 -12.6 14.8772 818.833 23 -75 66.9743 77.4781 25.2867 31.7693
5.0119e+04 50.2 -10.8 15.6867 2426.24 75 -29 83.7136 76.5726 40.3094 33.3597
5.6234e+04 38 -15.6 8.66814 2175.95 54 -93 81.8249 83.6162 38.1278 37.3779
6.3096e+04 32.2 -15.2 8.30597 2410.2 30 -79 69.555 70.4364 28.9665 30.1064
7.0795e+04 51 -13.2 16.655 1620.76 61 -31 71.0043 66.539 27.9975 23.5177
7.9433e+04 46.4 -14.8 13.372 981.7 54 -65 66.8393 62.2648 27.2843 22.94
8.9125e+04 55 -14.8 12.9942 3382.63 36 -59 48.9912 52.5141 19.6461 21.9071
1.0000e+05 55.2 -16.6 13.0452 3247.42 69 -76 83.0585 83.8609 28.0092 27.4279
1.1220e+05 45.4 -15.6 9.33729 4444.73 87 -130 116.964 127.581 56.0385 59.3168
1.2589e+05 56.2 -18.2 15.0968 4469.77 129 -65 142.983 125.631 81.6802 72.9112
1.4125e+05 76.8 -23 16.3516 2600.38 45 -145 130.637 135.233 45.6679 52.9221
1.5849e+05 66 -18.6 14.0536 3211.27 49 -134 119.697 129.431 45.1534 50.4157
1.7783e+05 62.8 -21.6 13.7956 4182.03 122 -60 135.164 134.131 50.3966 44.7586
1.9953e+05 64.8 -19 13.9845 6205.03 58 -161 145.796 149.165 51.6727 55.4483
2.2387e+05 132 -14.8 24.3147 7189.17 179 -82 194.918 189.029 73.8539 65.9729
2.5119e+05 80 -15 20.0563 6216.46 37 -228 211.236 228.668 76.6284 88.1917
2.8184e+05 68.2 -28.6 15.1127 6236.46 113 -137 126.647 135.04 46.4553 42.9131
3.1623e+05 107 -21.8 18.2628 3821.29 146 -93 167.416 165.351 84.9234 78.2372
3.5481e+05 73 -25.6 14.4927 7611.74 24 -217 200.49 227.318 91.5647 98.437
3.9811e+05 84 -19.8 20.7201 9586.35 107 -213 197.931 202.115 68.4444 64.7973
4.4668e+05 105 -22 23.7783 12171.5 192 -109 213.949 197.649 87.1219 75.6793
5.0119e+05 106 -21.2 20.6979 13502.8 120 -272 252.5 262.909 90.753 98.5722
5.6234e+05 75.8 -24.6 18.1898 4523.17 202 -190 222.786 216.042 82.7179 79.4973
6.3096e+05 116.2 -21.6 21.6284 9978.27 73 -260 243.149 277.667 88.1332 98.0138
7.0795e+05 118.4 -31.6 21.2303 11774.9 339 -200 360.994 361.583 130.256 125.306
7.9433e+05 163.4 -25.2 33.4449 23559.7 308 -375 340.889 343.373 164.525 152.547
8.9125e+05 133.6 -26.8 21.5201 22611.6 84 -348 330.028 337.894 178.811 189.871
1.0000e+06 94.8 -32 18.9478 13952.1 378 -204 396.42 395.412 144.534 137.566
1.1220e+06 150.4 -28 24.6034 15479.2 212 -321 295.129 318.318 101.397 101.73
1.2589e+06 157.8 -28.2 25.8888 10347.8 158 -170 185.767 180.592 60.2647 57.8119
1.4125e+06 163.8 -30.8 32.7053 22759.2 299 -215 332.633 308.762 106.736 95.2297
1.5849e+06 185.2 -34 30.9661 35525.3 87 -496 465.479 478.946 202.321 220.18
1.7783e+06 131.2 -31 22.6873 29749.1 533 -72 555.123 537.102 242.318 229.902
1.9953e+06 176.4 -28.6 28.946 35886 268 -314 308.743 327.975 119.591 125.028
2.2387e+06 161 -24.2 30.9959 22264.7 62 -518 491.889 517.149 223.598 242.15
2.5119e+06 174 -29.8 29.7645 25491.6 548 -403 580.856 561.827 257.825 243.002
2.8184e+06 173.8 -37.2 31.2631 45735.8 318 -503 467.662 494.391 163.554 166.726
3.1623e+06 146 -33.8 25.8313 45060 419 -535 501.229 517.791 162.847 163.768
3.5481e+06 187.2 -41.8 31.8171 63508 594 -588 639.625 623.202 291.612 297.899
3.9811e+06 187.4 -36.2 38.608 42803.9 509 -514 525.879 520.478 250.58 259.474
4.4668e+06 186.4 -34 34.811 46461.4 874 -177 916.99 835.447 385.328 365.785
5.0119e+06 177 -43.8 36.9896 49350.3 760 -995 944.375 993.03 378.709 394.169
5.6234e+06 179.6 -30.2 31.1112 45806.9 569 -621 596.138 620.902 287.966 298.721
6.3096e+06 259.4 -35.2 36.5206 109619 967 -428 1010.57 997.988 408.059 392.694
7.0795e+06 298 -35 48.5722 92321.8 439 -698 652.923 750.324 245.057 259.609
7.9433e+06 247.2 -35.2 41.552 106962 790 -440 841.012 817.653 259.298 248.551
8.9125e+06 272.2 -38 38.6944 77990.3 494 -775 724.521 746.511 268.781 282.863
1.0000e+07 290.8 -42.8 41.1218 43690.4 560 -895 872.737 893.937 281.347 290.604
1.1220e+07 222.8 -42.2 39.6768 151580 1123 -273 1197.47 1187.66 600.248 576.742
1.2589e+07 294.2 -38.2 50.0123 130409 874 -1431 1395.92 1511.44 738.794 764.851
1.4125e+07 310.4 -49 48.2194 208660 1323 -852 1347.91 1337.91 459.948 461.265
1.5849e+07 329.6 -47 42.2431 176514 1339 -620 1369.5 1356.5 574.007 557.386
1.7783e+07 320.2 -41.8 46.1901 86119.3 612 -1131 1069.52 1084.12 385.282 397.688
1.9953e+07 260.4 -50.6 45.7031 172608 1265 -1287 1323.38 1309.01 621.483 615.015
2.2387e+07 304.2 -49.2 52.6875 176546 819 -1840 1820.71 1924.72 732.008 756.53
2.5119e+07 372.4 -41 56.628 350370 1901 -1410 1950.86 1930.86 965.692 945.072
2.8184e+07 363 -45.8 48.3454 333941 1359 -979 1453.39 1449.35 479.714 466.979
3.1623e+07 379 -48.6 51.9471 265159 359 -2387 2330.73 2352.32 918.659 947.29
3.5481e+07 462.8 -52 56.1137 249550 1528 -1072 1548.14 1540.29 539.798 523.375
3.9811e+07 385.8 -46.6 56.0749 149181 1852 -1453 1927.57 1881.8 748.835 724.304
4.4668e+07 436.2 -52 64.9262 498423 989 -2213 2126.19 2168.58 706.846 732.949
5.0119e+07 447.2 -49.4 55.813 505263 1651 -1374 1717.53 1690.33 612.027 606.761
5.6234e+07 511 -51.6 56.0436 596560 1418 -2152 2133.85 2224.37 813.905 834.784
6.3096e+07 475.2 -51 65.6686 583007 2903 -2236 2971.15 2797.64 1075.45 1047.72
7.0795e+07 541.4 -49.8 64.5448 181099 2834 -2463 2942.41 2918.63 1148.11 1137.27
7.9433e+07 414.2 -52.4 67.022 554913 582 -4559 4529.79 4636.35 1713.94 1752.19
8.9125e+07 454.6 -54 65.0789 625567 3465 -1516 3528.74 3444.18 1454.25 1418.88
1.0000e+08 472.4 -66.6 61.2545 1.03146e+06 2798 -3585 3471.18 3479.38 1406.19 1410.37
1.1220e+08 580.4 -60.6 72.7455 1.06676e+06 2950 -3513 3432.4 3455.15 1372.54 1368.92
1.2589e+08 535.2 -57.2 75.2414 664606 2075 -3725 3635.86 3705.05 1127.57 1150.01
1.4125e+08 541 -61 72.5759 723983 2220 -3279 3247.33 3289.93 960.24 978.319
1.5849e+08 532.2 -60.6 72.0957 672123 3943 -1210 4078.13 4041.94 1807.51 1769.06
1.7783e+08 578 -62.6 71.8851 1.40034e+06 4453 -4870 4739.85 4792.04 2291.82 2307.6
1.9953e+08 670.8 -60.2 82.6151 1.69122e+06 3519 -4597 4531 4635.74 2058.38 2088.93
2.2387e+08 633 -64 86.441 1.71608e+06 4790 -2263 4785.67 4765.85 2046.54 2003.46
2.5119e+08 626 -65.6 79.661 1.68397e+06 3913 -3330 4047.91 4037.9 1320.14 1306.26
2.8184e+08 684 -78.2 80.849 835676 5285 -6311 6234.77 6265.17 2443.45 2465.62
3.1623e+08 700.2 -75.6 83.4832 1.72916e+06 5581 -8717 8600.68 8906.87 2520.48 2512.96
3.5481e+08 768.8 -63.8 87.0761 2.25307e+06 5829 -8561 8452.58 8563.36 3379.15 3387.25
3.9811e+08 770.2 -77.8 97.7192 2.89953e+06 8020 -2680 8119.03 8036.42 2930.77 2877.99
4.4668e+08 630.4 -73 90.2247 3.21983e+06 3720 -7570 7446.62 7518 3404.6 3448.34
5.0119e+08 709.4 -93.2 89.9533 1.41941e+06 8479 -6843 8390.61 8387.89 3089.11 3104.2
5.6234e+08 851.4 -74 95.2853 1.94695e+06 9087 -2331 9054.54 8973.13 3937.56 3887.11
6.3096e+08 907.8 -76 99.4182 2.48988e+06 4965 -6602 6507.66 6650.86 2739.37 2785.45
7.0795e+08 830.8 -79.2 105.799 3.70306e+06 6875 -7325 7260.04 7307.64 2573.31 2563.97
7.9433e+08 948.8 -78.6 104.617 5.57101e+06 4786 -7246 7175.33 7293.12 2371.76 2400.89
8.9125e+08 848 -74.2 97.9323 3.7845e+06 7954 -7543 7947.34 7923.54 2990.33 2968.43
1.0000e+09 -2.4 -3 2.4 3.78128e+06 -658 -658 536.124 534.124 536.124 534.124
