# s7gen num=11 den=10 rho=1.1 X=1000000000 variant=0 label=v0_r11-10
# n=9 N=10 E=0.2000 supE=0.4000 infE=-1.6000 Mg=2 psi-x=0.78 Tt=0.3857 W=-0.2857 gp=4 maxa=2@7
# n=99 N=111 E=2.2000 supE=2.5000 infE=-2.8000 Mg=1 psi-x=-8.39 Tt=0.5877 W=1.5123 gp=19 maxa=3@47
# n=999 N=1100 E=1.2000 supE=20.4000 infE=-6.6000 Mg=-2 psi-x=-36.64 Tt=-0.6556 W=1.7556 gp=81 maxa=8@847
# n=9999 N=11026 E=27.2000 supE=38.6000 infE=-15.1000 Mg=4 psi-x=27.79 Tt=14.7560 W=12.3440 gp=395 maxa=22@9527
# n=99999 N=110004 E=5.2000 supE=143.2000 infE=-25.2000 Mg=-93 psi-x=-2646.94 Tt=-61.9384 W=67.0384 gp=2159 maxa=33@63967
# n=999999 N=1099995 E=-3.8000 supE=539.4000 infE=-47.4000 Mg=-219 psi-x=12420.84 Tt=-136.6485 W=132.7485 gp=13732 maxa=90@998057
# n=9999999 N=11000085 E=86.2000 supE=1419.9000 infE=-79.6000 Mg=-405 psi-x=-69465.87 Tt=-260.9126 W=347.0126 gp=89905 maxa=180@6986399
# n=99999999 N=110000086 E=87.2000 supE=2095.7000 infE=-106.2000 Mg=1580 psi-x=509718.76 Tt=1819.9639 W=-1732.8639 gp=635684 maxa=360@78488893
# n=999999999 N=1100000033 E=34.2000 supE=3839.1000 infE=-174.4000 Mg=4964 psi-x=-1170206.42 Tt=5419.0108 W=-5384.9108 gp=4596492 maxa=825@933592921
# n=1000000000 N=1100000034 E=34.1000 supE=3839.1000 infE=-174.4000 Mg=4964 psi-x=-1170207.42 Tt=5419.0108 W=-5385.0108 gp=4596492 maxa=825@933592921
# summary: X=1000000000 N(X)=1100000034 g-prime sites=4596492 total mult=50791343 max a_n=825 at n=933592921  #(a_n>d(n))=29702125  max a_n/d(n)=123.7500 sat=0
# summary: supE=3839.100000 infE=-174.400000 sup|Mg|=20270 Mg(X)=4964 S1(X)-rho=5.419011e-06 psi(X)-X=-1170207.4188
# max m_p=142 at p=660864461; histogram of m_p over all primes (m=0..64, >=65): 46251364 227630 485159 214882 340952 275018 270032 383872 148802 258335 131010 240407 114382 214095 97104 113120 103361 80477 96342 61431 103549 50299 66543 42986 52458 37140 41252 36565 27461 29998 21317 26763 17865 23561 14067 14568 12316 11627 10965 9440 9752 7045 7610 5820 6364 5018 5263 3994 3786 3435 2892 2927 2448 2449 1887 1829 1569 1589 1285 1210 1070 902 893 734 786 6462
# decade 0: primes 4, mean m_p 1.2500
# decade 1: primes 21, mean m_p 0.8571
# decade 2: primes 143, mean m_p 0.9301
# decade 3: primes 1061, mean m_p 0.9962
# decade 4: primes 8363, mean m_p 0.9664
# decade 5: primes 68906, mean m_p 1.0162
# decade 6: primes 586081, mean m_p 0.9909
# decade 7: primes 5096876, mean m_p 1.0061
# decade 8: primes 45086079, mean m_p 0.9981
# primes by decade: dec  m=0 m=1 m=2 m=3 m=4 m=5 m>=6 | higher powers p^k (k>=2): m=0 m=1 m=2 m=3 m=4 m=5 m>=6
D 0 0 3 1 0 0 0 0 | 3 0 0 0 0 0 0
D 1 7 12 0 2 0 0 0 | 6 1 0 0 0 0 0
D 2 84 23 19 9 2 1 5 | 12 1 1 1 0 0 0
D 3 750 65 89 46 31 28 52 | 23 0 1 1 0 1 0
D 4 6611 270 360 213 210 144 555 | 45 0 3 3 4 1 1
D 5 57348 1248 1918 1081 1248 1033 5030 | 113 5 3 1 2 1 3
D 6 509939 6246 10896 5438 7108 6213 40241 | 288 4 6 1 3 3 14
D 7 4551168 32995 65372 31421 45053 37602 333265 | 778 3 10 6 6 1 45
D 8 41125457 186768 406504 176672 287300 229997 2673381 | 2099 18 22 6 10 13 117
# bin_lo Emax Emin Erms sup|psi-x| Mgmax Mgmin sup|Tt| sup|W| Ttrms Wrms
1.9953e+00 -0.1 -1.2 0.1 2.30685 1 1 0.2 1.11022e-16 0.2 1.11022e-16
2.8184e+00 -0.2 -1.3 0.2 2.20824 1 1 0.3 2.22045e-16 0.3 2.22045e-16
3.9811e+00 -0.3 -1.4 0.3 2.51509 1 1 0.4 2.22045e-16 0.4 2.22045e-16
4.4668e+00 -0.4 -1.5 0.4 1.90566 1 1 0.5 3.33067e-16 0.5 3.33067e-16
5.6234e+00 -0.5 -1.6 0.5 2.90566 1 1 0.6 4.44089e-16 0.6 4.44089e-16
6.3096e+00 0.4 -0.7 0.4 0.986165 2 2 0.3 6.66134e-16 0.3 6.66134e-16
7.9433e+00 0.3 -0.8 0.3 0.679312 2 2 0.342857 0.142857 0.342857 0.142857
8.9125e+00 0.2 -0.9 0.2 0.777924 2 2 0.385714 0.285714 0.385714 0.285714
1.0000e+01 0.1 -1.1 0.0707107 1.22208 2 2 0.471429 0.571429 0.45051 0.505076
1.1220e+01 -0.1 -1.2 0.1 0.82418 2 2 0.514286 0.714286 0.514286 0.714286
1.2589e+01 0.7 -1.3 0.514782 1.74077 2 2 0.6 0.857143 0.578968 0.606092
1.4125e+01 0.6 -0.5 0.6 1.25923 2 2 0.642857 0.142857 0.642857 0.142857
1.5849e+01 0.5 -0.7 0.452769 1.56608 2 2 0.728571 0.428571 0.707467 0.364216
1.7783e+01 0.3 -0.9 0.254951 2.21157 2 2 0.814286 0.714286 0.793147 0.646813
1.9953e+01 1 -1 0.778888 1.78843 2 2 0.942857 0.857143 0.90068 0.501698
2.2387e+01 -0.2 -1.5 0.310913 3.78843 1 1 0.015528 0.484472 0.0149155 0.393549
2.5119e+01 1.3 -1.6 0.83666 4.17899 2 1 1.01965 0.68323 0.817859 0.529217
2.8184e+01 0.2 -1.1 0.129099 3.78454 1 1 0.059928 0.159928 0.0580163 0.101441
3.1623e+01 0.6 -1.4 0.353553 4.65741 1 1 0.0676606 0.465727 0.0647969 0.388824
3.5481e+01 0.5 -0.9 0.367423 5.65741 1 1 0.0753933 0.330406 0.0725257 0.210942
3.9811e+01 0.9 -1.4 0.43589 6.33292 1 0 0.938197 0.718807 0.589869 0.494972
4.4668e+01 2.2 -2.6 1.4089 8.33292 3 0 2.08194 0.819066 1.43841 0.542008
5.0119e+01 2.5 -0.3 1.82346 3.10934 3 2 2.16521 1.12484 1.60004 0.563325
5.6234e+01 2.4 -1.2 1.07902 6.89066 2 1 1.32071 1.00207 0.761557 0.511696
6.3096e+01 0.7 -1.9 0.534522 8.08664 1 1 0.407514 1.30169 0.390223 0.530996
7.0795e+01 0.4 -1.6 0.305505 7.3288 1 1 0.459908 1.04244 0.43688 0.670217
7.9433e+01 1 -2.8 0.919239 11.8607 2 0 1.44584 1.34584 0.667741 0.8716
8.9125e+01 2.3 -1.3 1.38022 9.39483 2 1 1.55955 1.81082 1.30387 1.16779
1.0000e+02 2.1 -1.6 0.862465 16.3948 1 -1 1.51224 2.31224 1.18264 1.44657
1.1220e+02 0 -4.8 1.86754 21.0492 1 -2 2.68221 2.22575 2.0516 1.04286
1.2589e+02 3 -2 1.08397 8.65447 2 1 1.4058 1.52993 1.04528 0.936458
1.4125e+02 3.4 -0.8 2.03571 15.4978 2 -1 1.53784 2.11801 1.12216 1.53289
1.5849e+02 1.3 -3.1 1.01073 19.4978 1 -2 2.58298 2.08351 1.2571 1.00524
1.7783e+02 4.2 -1.7 1.78415 12.8522 2 -2 2.59904 2.98001 0.934293 1.79277
1.9953e+02 0.4 -5.9 2.23756 23.8522 2 -3 3.77719 2.6121 2.35463 1.31671
2.2387e+02 5.6 -2.2 2.71964 18.9071 4 2 3.36821 3.7116 2.50318 2.38166
2.5119e+02 3.9 -2.6 1.50499 17.8163 2 -2 2.51625 3.1889 1.40957 1.58759
2.8184e+02 2.9 -5.6 1.97773 22.4309 2 -3 3.76722 4.87982 2.536 2.83605
3.1623e+02 3.8 -3.3 1.85664 24.934 5 3 4.35899 4.603 2.95466 2.63603
3.5481e+02 4.7 -3.8 1.95901 28.5196 3 -3 3.43362 4.56082 1.88039 2.2099
3.9811e+02 6.3 -6.6 3.2933 31.581 6 0 5.57104 6.15378 2.80114 2.53295
4.4668e+02 3.3 -2.8 1.32219 11.4778 1 -2 2.26056 4.27354 1.15782 1.8163
5.0119e+02 3.1 -4.2 1.18259 18.7801 1 -2 2.34311 2.92466 0.887629 1.28464
5.6234e+02 5.8 -6.6 2.7969 58.6943 9 -1 8.91788 10.2063 5.73497 5.09158
6.3096e+02 9.4 -1.7 4.73596 36.3038 6 -5 6.22036 7.25795 3.36356 3.7899
7.0795e+02 3.2 -5.8 1.69136 38.5942 4 -5 4.99626 7.01418 3.81495 4.1888
7.9433e+02 20.4 -6.6 9.34955 95.5717 13 2 13.6216 12.3194 9.42357 5.44618
8.9125e+02 9.8 -3.7 3.7185 37.6358 5 -3 6.15221 6.80471 3.32795 2.78797
1.0000e+03 3.9 -5.5 1.72316 46.6358 2 -3 3.46747 5.04445 1.96664 2.42401
1.1220e+03 15.2 -5.3 6.7614 68.5406 8 -2 9.73745 9.76618 5.48423 5.18685
1.2589e+03 13.7 -11 4.75518 79.7637 5 -7 6.93933 12.5632 4.13113 6.11283
1.4125e+03 11.1 -9.2 4.65507 94.6048 12 2 14.5028 13.3686 10.6526 8.93372
1.5849e+03 15.7 -4.6 5.87727 146.31 3 -16 13.1341 22.4285 6.75877 10.3684
1.7783e+03 9.5 -6 3.07839 80.7367 4 -9 6.68903 9.2054 3.44657 4.09922
1.9953e+03 11.1 -5.4 3.79631 86.5499 10 0 13.4803 12.6999 7.57452 6.08125
2.2387e+03 23.7 -4 11.0553 155.186 11 -13 14.8229 17.3586 8.20645 9.42694
2.5119e+03 17.9 -8.7 7.35168 198.676 19 -17 22.8839 23.3048 11.0077 9.87525
2.8184e+03 18 -8.7 6.41396 144.178 6 -19 14.5313 16.4184 7.11286 7.80931
3.1623e+03 16.3 -15 5.62247 109.641 9 -14 13.347 13.7757 7.79738 6.40221
3.5481e+03 10.3 -7 3.67709 114.312 11 -5 16.7162 15.4629 8.81955 7.24806
3.9811e+03 31.5 -7.1 12.1256 301.728 11 -23 17.3077 26.9497 9.38961 13.8863
4.4668e+03 25.4 -15.1 6.17518 317.728 15 -31 26.1333 31.9712 13.1198 15.0408
5.0119e+03 36.3 -13.4 12.5484 342.795 33 -10 39.0543 40.6454 22.0042 19.7246
5.6234e+03 32.6 -8.6 12.858 329.973 7 -18 14.2318 37.0203 6.91118 13.0085
6.3096e+03 29.6 -14.1 8.85335 193.866 15 -23 22.8057 28.7523 10.067 8.98162
7.0795e+03 24 -14.2 6.58117 238.896 12 -29 21.2398 24.7465 9.48813 7.77269
7.9433e+03 27.9 -11.7 9.94355 401.2 16 -27 24.2477 34.9002 12.2821 16.0336
8.9125e+03 38.6 -10.5 13.4179 456.189 40 -12 49.7474 42.7248 22.6852 16.068
1.0000e+04 33.7 -10.4 14.939 570.2 4 -41 31.1674 49.3465 14.3497 24.0256
1.1220e+04 38 -12.2 9.59055 463.565 25 -32 34.5561 42.4322 16.7921 16.9505
1.2589e+04 52.3 -14.8 13.8777 408.895 25 -23 35.6647 35.9509 17.1847 14.6137
1.4125e+04 53.3 -11.8 14.1074 505.444 21 -35 33.5285 43.255 16.7938 16.7997
1.5849e+04 35.5 -13.8 10.8542 735.033 12 -47 35.3031 57.4088 14.8045 19.7892
1.7783e+04 57 -13.2 18.5266 706.22 26 -53 40.2135 54.5374 20.1267 26.4925
1.9953e+04 49.5 -17 14.9619 517.454 46 -39 59.6567 59.4756 29.5367 30.6389
2.2387e+04 65.9 -14.3 22.8599 509.127 46 -38 60.6296 60.2906 30.7835 24.9295
2.5119e+04 56 -18.5 16.5886 548.162 29 -83 67.5576 98.1689 31.3753 38.5356
2.8184e+04 65 -17.3 17.8137 911.74 41 -50 55.906 73.0189 20.7673 26.5472
3.1623e+04 85.5 -14.6 22.329 1576.51 70 -25 87.4924 87.1577 44.4828 34.5235
3.5481e+04 78.9 -13 27.1696 1440.82 23 -71 52.1919 97.3004 24.9509 38.408
3.9811e+04 56.2 -18.2 15.4556 1049.61 47 -97 76.261 93.5295 34.3587 33.2997
4.4668e+04 76 -25.2 26.604 1348.22 75 -96 94.455 101.716 35.6511 39.9724
5.0119e+04 96.6 -19 31.1887 1349.61 65 -57 86.2815 73.7046 40.005 26.7438
5.6234e+04 68.9 -22.4 19.7631 1211.88 67 -79 91.8295 88.6725 40.5096 37.006
6.3096e+04 107.3 -23.4 30.7983 1824.96 12 -134 109.009 152.907 47.2 65.5105
7.0795e+04 84.6 -20.8 20.1301 2200.7 111 -79 138.03 135.081 70.7531 66.832
7.9433e+04 93.3 -21.2 27.6249 2339.38 70 -114 98.207 123.469 57.5119 57.2463
8.9125e+04 143.2 -17 43.9619 2647.94 46 -93 76.6933 137.176 30.5198 42.2765
1.0000e+05 113.1 -23.7 27.7449 3376.26 35 -124 93.9763 140.912 32.9905 43.2102
1.1220e+05 127 -24.8 42.1289 3332.33 60 -98 90.4869 131.949 36.6544 42.9639
1.2589e+05 146.7 -23.6 46.5033 2732.43 204 -83 241.265 237.586 91.4 73.5572
1.4125e+05 177.9 -23.2 38.1225 1707.95 107 -195 154.339 243.983 68.7231 80.5156
1.5849e+05 161 -24.8 43.3032 2362.83 87 -208 170.412 215.49 75.2284 91.5516
1.7783e+05 169.1 -34.7 42.2565 3401.21 113 -163 149.788 189.735 78.5643 72.3947
1.9953e+05 149.3 -28.8 38.6451 6192.22 121 -113 166.066 169.091 68.7782 55.6442
2.2387e+05 260.3 -23.5 91.1376 9908.41 126 -342 294.433 335.829 90.2272 117.27
2.5119e+05 116.6 -24.8 34.5932 7265.75 146 -185 194.855 219.17 76.5482 75.9262
2.8184e+05 234.1 -30.4 48.5687 5458.53 155 -293 242.858 321.429 99.9471 102.992
3.1623e+05 317.6 -32.2 90.5607 6479.6 336 -194 398.664 363.453 170.422 129.462
3.5481e+05 259.1 -47.4 54.8419 6078.19 85 -339 277.83 335.738 96.5446 116.903
3.9811e+05 215 -28.1 56.9242 6597.18 111 -261 202.9 302.388 91.107 97.8163
4.4668e+05 234.9 -31.2 61.4142 10848.9 294 -275 355.089 355.658 179.047 170.785
5.0119e+05 208.6 -30.1 60.3312 9280.26 258 -369 330.496 345.179 152.149 173.841
5.6234e+05 222 -35.2 63.5812 6818.74 347 -316 416.565 378.365 165.419 152.371
6.3096e+05 354.6 -41.7 92.6647 13387.1 145 -720 653.182 804.907 215.844 268.522
7.0795e+05 539.4 -33.3 103.927 16408.4 426 -217 495.446 495.932 201.743 167.3
7.9433e+05 530.5 -43.6 110.209 17779.9 335 -387 423.635 389.066 173.31 155.862
8.9125e+05 334.6 -42 58.1078 15436.1 242 -674 587.252 647.63 166.074 188.159
1.0000e+06 355 -39.9 94.3549 13503.4 440 -594 517.198 703.142 275.973 269.232
1.1220e+06 411.3 -45 92.2979 17124.9 425 -337 514.776 477.596 201.662 169.515
1.2589e+06 267.2 -44.1 61.5647 21632.9 435 -600 533.113 549.901 226.259 230.706
1.4125e+06 538.6 -41.2 125.086 35110.9 202 -656 555.546 634.108 208.615 259.72
1.5849e+06 571.5 -47.8 94.1236 35550.1 370 -775 680.557 716.005 242.271 235.104
1.7783e+06 585.1 -51.2 134.168 30992 754 -501 856.318 774.931 254.304 236.219
1.9953e+06 865.8 -46.8 163.384 27774.5 854 -645 974.078 877.524 370.273 326.737
2.2387e+06 402.5 -57.8 78.7478 20011.7 206 -1196 1076.64 1116.2 431.773 476.266
2.5119e+06 368.7 -56.8 84.7323 24564.7 805 -824 903.556 903.252 399.068 362.164
2.8184e+06 489.1 -53.2 104.305 46532.5 556 -797 686.038 790.413 287.153 280.588
3.1623e+06 494.6 -59.5 99.6095 62698.9 691 -1116 989.416 1143.58 358.086 387.981
3.5481e+06 658.8 -44.2 145.635 48866.8 624 -752 747.821 894.131 300.211 316.304
3.9811e+06 537.3 -65.4 100.623 45876.3 447 -1419 1305.41 1456.44 387.913 422.382
4.4668e+06 492.1 -63 109.509 73415.1 1420 -841 1543.05 1511.15 593.72 544.529
5.0119e+06 541.3 -51 138.411 81087.9 937 -2064 1915.04 2064.96 607.487 656.336
5.6234e+06 501 -57.8 106.817 78950.7 1160 -1755 1634.64 1691.51 607.251 623.023
6.3096e+06 916.6 -79.6 170.003 86863.7 1294 -1617 1494.73 1636.84 592.934 582.557
7.0795e+06 576.6 -59 117.024 87624.7 1504 -1460 1671 1655.73 629.767 615.336
7.9433e+06 618.9 -68.2 128.124 60539.2 529 -1733 1569.78 1660.46 480.992 524.543
8.9125e+06 1419.9 -62.8 202.641 72072.6 1370 -1800 1647.1 2126.24 604.241 651.247
1.0000e+07 755.3 -73 137.979 122484 1074 -1420 1280.43 1431.49 579.487 592.497
1.1220e+07 944.3 -67.6 178.429 172326 2473 -1739 2642.99 2639.26 920.708 877.223
1.2589e+07 1295.2 -70.8 235.502 147354 1904 -2435 2226.97 2413.14 859.362 866.893
1.4125e+07 1105.5 -103.3 148.595 108959 1139 -2537 2388.11 2575.33 839.287 888.346
1.5849e+07 890.6 -73.5 165.918 101253 2725 -1034 2893.34 2893.54 1207.56 1117.37
1.7783e+07 1387.8 -66.6 193.699 164374 1872 -2700 2476.53 3115 978.302 1044.76
1.9953e+07 965.9 -69.4 152.11 247937 2249 -2529 2446.09 2641.05 850.207 859.035
2.2387e+07 1482.2 -72.6 236.346 257741 1572 -2285 2096.54 2479.42 917.483 967.792
2.5119e+07 1186.5 -82 203.026 263671 2570 -2256 2765.72 2767.31 962.643 952.046
2.8184e+07 1033.1 -83.2 188.589 202585 2246 -2483 2481.75 2520.16 1108.6 1057.04
3.1623e+07 1126.6 -80.6 218.432 196751 2871 -4235 4062.18 4234.49 1724.13 1810.96
3.5481e+07 1426.5 -84 191.477 270427 4351 -3980 4525.32 4491.58 1424.4 1413
3.9811e+07 1134.1 -88.9 199.108 368027 2851 -2283 3092.86 2964.67 1154.04 1094.93
4.4668e+07 1349 -81.3 224.704 419040 1802 -3655 3375.92 3662.45 1204.96 1241.7
5.0119e+07 1310.4 -88.2 203.575 346473 2865 -3957 3746.11 3940.76 1388.2 1425.31
5.6234e+07 2095.7 -100.8 272.033 265261 4354 -3342 4610.57 4592.43 1455.76 1446.53
6.3096e+07 1604.1 -87.5 223.58 390021 5612 -5332 5792.75 5771.61 2396.77 2378.1
7.0795e+07 1791.7 -78 246.004 597386 6464 -5803 6760.02 6761.85 2104.84 2079.57
7.9433e+07 1690.7 -106.2 304.665 794371 2931 -6099 5743.09 6088.58 2287.88 2403.84
8.9125e+07 1826.3 -105.8 242.698 694689 5302 -4108 5530.25 5503.56 1770.59 1759.4
1.0000e+08 1536.3 -108 271.683 557805 6519 -3411 6825.13 6808.74 2564.36 2445.54
1.1220e+08 1605 -90.8 270.011 427705 4425 -7866 7501.93 7830.58 2436.24 2554.11
1.2589e+08 1786.4 -95.8 265.292 883147 6740 -9514 9223.76 9767.48 2635.54 2660.33
1.4125e+08 2379.6 -110 343.805 906642 5157 -5610 5404.98 6063.43 1884.04 1944.06
1.5849e+08 1822.6 -109.8 283.691 1.4231e+06 7399 -5025 7700.09 7669.99 2696.68 2604.07
1.7783e+08 2105.4 -109 322.541 1.1727e+06 6121 -8103 7704.74 8109.68 2607.55 2615.32
1.9953e+08 2128 -135.8 351.87 778919 4735 -10224 9991.9 10373.1 3983.25 4147.68
2.2387e+08 2228.8 -119.9 311.552 884967 10420 -6540 10701.7 10684.2 4261.08 4128.27
2.5119e+08 2249.5 -110.6 335.377 1.76872e+06 7143 -8029 7598.02 8113.88 2697.19 2693.49
2.8184e+08 2966.5 -111.6 399.218 2.07401e+06 7671 -9845 9436.54 9951.22 3086.25 3224.28
3.1623e+08 2799 -109.6 325.716 2.19934e+06 6099 -6828 6498.61 7262.55 2336.79 2327
3.5481e+08 2735.9 -126.6 416.181 1.87118e+06 7867 -9595 9288.15 9597.6 3194.63 3191.28
3.9811e+08 2570.2 -131.9 372.736 1.43941e+06 12126 -11462 12616.2 12549.4 3785.04 3720.1
4.4668e+08 2629.6 -146.4 377.114 2.29996e+06 12522 -15968 15328.1 15771.8 5806.41 5869.14
5.0119e+08 2467.7 -130.3 419.767 2.54711e+06 10719 -12977 12584.1 13227.1 4946.56 5081.24
5.6234e+08 3255.9 -141.2 388.389 3.48917e+06 13511 -14160 13884.4 13960.5 6418.57 6297.68
6.3096e+08 2920.5 -174.4 435.749 3.3393e+06 8539 -8802 9081.01 9093.91 3359.74 3268.2
7.0795e+08 3839.1 -125.7 446.138 2.13707e+06 5879 -16202 15612.8 15921.7 5272.3 5472.92
7.9433e+08 3633.9 -127.4 443.687 1.91646e+06 17662 -11420 17924 17837 5359.6 5236.91
8.9125e+08 3798.7 -129.9 480.381 3.68443e+06 17745 -20270 19797.7 20151.6 7055.72 7097.86
1.0000e+09 34.1 33 34.1 1.17021e+06 4964 4964 5419.01 5385.01 5419.01 5385.01
