# s7gen num=3 den=4 rho=0.75 X=100000000 variant=0 label=v0_r3-4
# n=9 N=8 E=1.0000 supE=1.0000 infE=-0.7500 Mg=0 psi-x=-2.78 Tt=0.4500 W=0.8000 gp=3 maxa=1@1
# n=99 N=75 E=0.5000 supE=2.2500 infE=-2.5000 Mg=-1 psi-x=-15.94 Tt=-0.5895 W=1.3395 gp=18 maxa=3@79
# n=999 N=749 E=-0.5000 supE=6.0000 infE=-6.5000 Mg=4 psi-x=2.35 Tt=5.0233 W=-5.2733 gp=99 maxa=6@673
# n=9999 N=7501 E=1.5000 supE=18.5000 infE=-10.5000 Mg=-5 psi-x=-59.21 Tt=-1.4658 W=3.2158 gp=552 maxa=9@9461
# n=99999 N=75000 E=0.5000 supE=68.7500 infE=-19.0000 Mg=-47 psi-x=-363.19 Tt=-37.3010 W=38.0510 gp=3251 maxa=21@90929
# n=999999 N=750013 E=13.5000 supE=99.2500 infE=-30.7500 Mg=-72 psi-x=1347.44 Tt=-47.3769 W=61.1269 gp=21074 maxa=42@774623
# n=9999999 N=7500013 E=13.5000 supE=243.5000 infE=-49.2500 Mg=175 psi-x=8650.81 Tt=204.4971 W=-190.7471 gp=143210 maxa=72@7488601
# n=99999999 N=75000080 E=80.5000 supE=445.2500 infE=-67.5000 Mg=831 psi-x=76322.82 Tt=854.7953 W=-774.0453 gp=1027347 maxa=126@40850141
# n=100000000 N=75000083 E=82.7500 supE=445.2500 infE=-67.5000 Mg=831 psi-x=76321.82 Tt=854.7953 W=-771.7953 gp=1027347 maxa=126@40850141
# summary: X=100000000 N(X)=75000083 g-prime sites=1027347 total mult=5765678 max a_n=126 at n=40850141  #(a_n>d(n))=2713306  max a_n/d(n)=34.0000 sat=0
# summary: supE=445.250000 infE=-67.500000 sup|Mg|=3415 Mg(X)=831 S1(X)-rho=8.547953e-06 psi(X)-X=76321.8205
# max m_p=68 at p=54427547; histogram of m_p over all primes (m=0..64, >=65): 4734319 147572 141058 144364 106537 95399 74837 57744 49730 45414 29562 25542 21387 17114 13967 11062 8889 7280 6082 4498 3681 3058 2454 1886 1568 1245 968 834 648 546 464 325 297 230 172 129 107 85 83 67 55 29 34 32 21 14 11 9 9 7 5 8 7 2 2 1 2 0 1 1 0 0 0 0 0 1
# decade 0: primes 4, mean m_p 0.7500
# decade 1: primes 21, mean m_p 0.8571
# decade 2: primes 143, mean m_p 0.9860
# decade 3: primes 1061, mean m_p 0.9877
# decade 4: primes 8363, mean m_p 0.9941
# decade 5: primes 68906, mean m_p 1.0010
# decade 6: primes 586081, mean m_p 1.0005
# decade 7: primes 5096876, mean m_p 1.0006
# primes by decade: dec  m=0 m=1 m=2 m=3 m=4 m=5 m>=6 | higher powers p^k (k>=2): m=0 m=1 m=2 m=3 m=4 m=5 m>=6
D 0 1 3 0 0 0 0 0 | 3 0 0 0 0 0 0
D 1 7 11 2 1 0 0 0 | 6 1 0 0 0 0 0
D 2 65 40 21 12 3 1 1 | 12 1 2 0 0 0 0
D 3 611 168 122 80 39 20 21 | 23 2 0 1 0 0 0
D 4 5674 713 622 506 303 207 338 | 47 8 0 0 0 1 1
D 5 51112 3809 3478 2954 2021 1603 3929 | 99 10 7 3 2 2 5
D 6 463999 20426 19593 18851 13380 11515 38317 | 265 20 7 3 7 5 12
D 7 4212850 122402 117220 121960 90791 82053 349600 | 738 25 14 10 8 12 42
# bin_lo Emax Emin Erms sup|psi-x| Mgmax Mgmin sup|Tt| sup|W| Ttrms Wrms
1.9953e+00 0.25 -0.5 0.25 2.30685 1 1 0.5 0 0.5 0
2.8184e+00 0.5 -0.25 0.5 2.20824 1 1 0.75 0 0.75 0
3.9811e+00 0.75 0 0.75 2.51509 1 1 1 0 1 0
4.4668e+00 0 -0.75 0 3.51509 0 0 0.25 0 0.25 0
5.6234e+00 0.25 -0.5 0.25 4.51509 0 0 0.3 0.2 0.3 0.2
6.3096e+00 0.5 -0.25 0.5 3.56918 0 0 0.35 0.4 0.35 0.4
7.9433e+00 0.75 0 0.75 3.87604 0 0 0.4 0.6 0.4 0.6
8.9125e+00 1 0.25 1 3.77742 0 0 0.45 0.8 0.45 0.8
1.0000e+01 0.5 -0.5 0.395285 4.77742 0 0 0.55 0.2 0.525595 0.141421
1.1220e+01 0.75 0 0.75 4.37953 0 0 0.6 0.4 0.6 0.4
1.2589e+01 0.25 -0.75 0.176777 6.37953 -1 -1 0.376923 0.876923 0.363711 0.75133
1.4125e+01 -0.5 -1.25 0.5 7.37953 -1 -1 0.403846 0.153846 0.403846 0.153846
1.5849e+01 0 -1 0.176777 7.68638 -1 -1 0.457692 0.707692 0.444435 0.585829
1.7783e+01 0.5 -0.5 0.395285 6.85317 -1 -1 0.511538 1.26154 0.498259 1.13158
1.9953e+01 0.25 -1 0.204124 7.90873 -1 -1 0.592308 1.09231 0.565812 0.846154
2.2387e+01 0.75 -0.75 0.520416 7.77323 -1 -1 0.673077 1.64615 0.646528 1.34619
2.5119e+01 0.75 -1.5 0.677003 8.77323 0 -1 0.7 0.716809 0.463598 0.510317
2.8184e+01 0.5 -1.5 0.520416 8.37879 0 -1 0.731064 0.956695 0.60379 0.63878
3.1623e+01 1.25 -0.25 0.918559 5.81766 0 0 0.276124 1.23176 0.264438 0.905544
3.5481e+01 0.75 -1.25 0.467707 9.81766 0 -1 0.746373 1.22723 0.645757 0.892059
3.9811e+01 0.75 -2 0.698212 10.8177 0 -1 0.76551 0.768891 0.396351 0.447251
4.4668e+01 1 -0.75 0.568258 5.62932 0 0 0.262624 0.992628 0.249654 0.565844
5.0119e+01 1.25 -1 0.669266 5.86297 0 0 0.294139 1.21637 0.281151 0.645272
5.6234e+01 1.5 -1 0.860855 7.86297 0 0 0.330906 1.41909 0.315324 0.81352
6.3096e+01 1.75 -0.5 1.0351 10.9814 1 0 1.36205 1.66384 0.791025 0.760387
7.0795e+01 0.75 -2.5 1.0274 14.7187 1 -1 1.36903 0.877021 0.698465 0.569245
7.9433e+01 2.25 -1 1.21707 11.5118 1 -1 1.42102 1.55637 0.861187 0.998357
8.9125e+01 0.5 -2.25 0.711512 18.5118 -1 -1 0.589505 1.33951 0.562969 0.809691
1.0000e+02 1.75 -1.75 0.717233 17.9371 0 -1 0.647709 1.88036 0.59054 0.992255
1.1220e+02 2.75 -3 1.52227 14.6142 1 -1 1.34323 1.66752 0.975421 0.953929
1.2589e+02 2.25 -1.25 1.07529 17.9315 1 -2 1.71586 2.44152 1.21748 1.69398
1.4125e+02 2.25 -3 1.11309 20.0771 2 -2 2.27499 2.22803 1.56294 1.24289
1.5849e+02 3.75 -2.25 1.93054 18.9744 1 -2 1.69606 3.64148 1.12869 1.90071
1.7783e+02 2 -2.5 0.77423 19.9744 1 -2 1.70564 2.04432 0.881879 0.83033
1.9953e+02 4 -3.5 1.8847 20.6373 1 -2 1.74272 2.9655 1.31712 1.00241
2.2387e+02 4.75 -2.25 2.21299 11.9122 1 -1 1.39096 4.58825 0.909187 2.26721
2.5119e+02 3 -2.5 1.17172 22.2191 2 -2 2.46322 3.83792 1.662 2.01908
2.8184e+02 2.75 -2 1.27475 13.3261 1 -1 1.60298 2.5506 1.32802 1.17258
3.1623e+02 2.75 -3.25 1.19139 31.5799 1 -3 2.47493 4.42198 1.39846 2.1259
3.5481e+02 2.75 -2.25 1.21192 25.9427 1 -2 1.58468 2.90244 0.816977 1.34691
3.9811e+02 4.75 -4.25 2.27532 16.1212 3 -2 3.72138 3.63484 2.32823 1.67777
4.4668e+02 3.25 -2.5 1.35973 39.3399 1 -3 2.3671 4.32458 1.89042 2.57715
5.0119e+02 3.75 -3 1.95309 37.1273 4 -3 4.74542 5.43298 2.62893 1.95632
5.6234e+02 3 -3.75 1.16553 35.942 1 -4 3.18902 4.16818 1.57719 1.6746
6.3096e+02 6 -6.5 2.49643 25.6549 3 -2 3.92027 4.46112 2.38529 2.5076
7.0795e+02 4 -3.75 1.71873 33.9649 2 -5 4.07184 4.30577 2.07348 2.11141
7.9433e+02 6 -2.5 2.37524 50.7439 2 -4 3.0128 7.27561 1.56821 2.91841
8.9125e+02 3 -5 1.44858 54.7893 5 -6 6.01732 6.38152 3.85919 3.56731
1.0000e+03 7.5 -4.75 3.13954 39.4955 5 -6 6.09169 8.80352 3.75532 5.49978
1.1220e+03 6.25 -8.25 2.58851 58.4487 5 -6 6.09321 6.67873 3.60777 2.68134
1.2589e+03 11.75 -4.25 4.51337 57.898 4 -5 5.25384 7.61332 2.7563 3.75234
1.4125e+03 4 -3.75 1.32644 42.8955 3 -4 4.40337 4.63849 2.37641 2.10886
1.5849e+03 5.5 -5 2.00651 79.7917 4 -9 7.59421 8.83975 3.16802 3.45287
1.7783e+03 8.5 -5.75 2.19079 69.2745 6 -6 7.67118 9.79585 4.65537 4.11793
1.9953e+03 10.75 -5.5 3.17794 81.4212 3 -14 12.4797 14.6195 5.99019 6.9691
2.2387e+03 12.5 -4.75 5.99061 102.363 16 -3 17.7031 17.8577 9.15304 6.9388
2.5119e+03 10.25 -6.5 2.76473 130.908 4 -12 9.91821 14.0666 3.51163 4.50149
2.8184e+03 8.25 -6 2.81645 52.4362 3 -8 5.94577 10.7282 3.41407 4.27747
3.1623e+03 8.25 -5 2.69538 51.863 11 -9 13.123 14.2192 7.25069 6.84557
3.5481e+03 8 -6.25 2.74072 119.828 4 -12 9.69939 15.1222 4.26565 5.82001
3.9811e+03 12.75 -5 3.55471 71.935 10 -8 12.5727 15.4273 7.02903 7.35108
4.4668e+03 18.5 -5.5 7.16435 144.959 5 -19 16.3616 26.2229 7.07633 11.2695
5.0119e+03 8.75 -6.5 2.77723 124.115 11 -9 13.4808 14.4907 6.00208 5.49835
5.6234e+03 13.5 -9 3.96434 128.122 9 -14 12.0159 14.3049 6.09574 5.9794
6.3096e+03 16.75 -6 4.66499 188.098 16 -25 21.8837 25.0686 12.4811 12.1566
7.0795e+03 10.75 -10.5 3.20743 189.516 9 -22 18.9713 18.224 7.73729 8.03764
7.9433e+03 14.25 -7.5 4.45755 177.815 13 -24 20.2925 23.2474 10.278 9.47758
8.9125e+03 16.5 -9 4.68246 200.277 18 -22 21.2064 25.4178 10.9373 10.5998
1.0000e+04 14.75 -6.5 4.34176 162.849 9 -13 12.6296 14.4969 4.54926 4.84078
1.1220e+04 19.5 -8 5.53132 191.063 15 -16 18.8465 19.6443 8.63431 7.5396
1.2589e+04 15.25 -11.25 4.86337 288.931 13 -36 32.4081 34.4655 13.7368 14.8223
1.4125e+04 16.25 -8.5 5.47829 316.362 25 -15 29.4134 30.3707 17.4777 15.3097
1.5849e+04 14.75 -10 4.79444 310.883 18 -36 31.2117 38.9255 19.0254 21.3142
1.7783e+04 28.5 -8.5 7.99322 217.066 30 -31 34.4839 34.932 16.2078 15.3788
1.9953e+04 26 -12.75 6.88896 319.539 24 -16 28.7599 23.7391 10.5032 7.3057
2.2387e+04 27.75 -12 7.76215 261.898 14 -33 27.7674 38.6951 9.09721 12.2023
2.5119e+04 21.75 -13.75 5.53889 479.339 44 -41 48.7872 47.6817 24.23 22.9151
2.8184e+04 19.75 -11 5.48398 252.873 36 -51 44.9963 47.8668 23.2614 25.7834
3.1623e+04 22.25 -11.75 5.57915 421.257 42 -25 47.0202 44.146 21.8551 20.2675
3.5481e+04 33.75 -17.5 9.80803 442.509 32 -59 53.0059 59.285 20.0928 22.0614
3.9811e+04 23.75 -13.5 6.73595 518.094 35 -54 47.4799 52.4732 21.8044 22.6556
4.4668e+04 27.75 -12 7.91648 345.164 60 -33 65.7533 63.2344 25.438 23.1929
5.0119e+04 29.75 -12.5 7.72743 566.219 50 -47 57.8292 58.3269 22.4225 22.6512
5.6234e+04 29.5 -19 8.04978 829.685 48 -71 64.4049 75.099 33.3447 33.1098
6.3096e+04 29.75 -13 6.82454 1020.88 61 -48 68.5429 70.5217 29.4989 29.2443
7.0795e+04 68.75 -14.25 16.983 804.395 40 -64 56.5667 95.3754 24.2853 30.3846
7.9433e+04 35.75 -15 9.03797 893.231 56 -56 64.109 63.5065 24.1684 23.9523
8.9125e+04 34.25 -13.75 9.41181 915.186 83 -61 91.4563 81.4475 35.4845 32.8973
1.0000e+05 41 -17.5 10.4154 881.66 34 -111 103.105 121.203 41.3698 46.3432
1.1220e+05 41.5 -18.75 10.5433 1126.62 108 -79 116.758 116.748 49.7577 47.305
1.2589e+05 58 -15.25 13.5422 1146.9 51 -79 68.253 78.9632 27.9865 30.9416
1.4125e+05 85.5 -19 17.4292 2154.35 64 -77 74.0489 99.0083 31.3722 34.7639
1.5849e+05 54.25 -24.75 12.9474 791.936 98 -95 108.579 97.928 48.2023 47.4899
1.7783e+05 53.75 -20 12.3163 1750.02 63 -145 135.084 150.048 59.6563 62.9941
1.9953e+05 86 -18.5 18.5705 1582.91 186 -99 199.856 193.904 84.5475 76.4209
2.2387e+05 49.25 -17.75 12.1372 1166.62 42 -164 150.175 161.944 61.784 68.0685
2.5119e+05 60.75 -17.5 13.546 2367.7 71 -75 83.8926 82.9876 38.3339 36.2301
2.8184e+05 53.75 -25.5 14.5014 2550.48 100 -84 114.319 116.57 38.1769 38.4794
3.1623e+05 77.25 -24.5 14.6271 2135.85 121 -136 137.854 138.102 59.1577 60.2895
3.5481e+05 55.75 -19 13.3896 2750.2 115 -221 208.974 225.854 82.629 83.5302
3.9811e+05 92.75 -20 17.6368 3679.59 112 -182 164.565 191.285 81.421 81.1336
4.4668e+05 85.75 -30.75 18.6731 2622.31 204 -214 220.023 235.259 108.966 108.476
5.0119e+05 99.25 -22.5 17.9384 2696.81 96 -191 172.939 201.394 56.659 60.4921
5.6234e+05 83.25 -23 18.2718 4784.84 122 -113 139.409 140.388 53.4378 50.7879
6.3096e+05 97 -26 16.8514 4914.84 129 -204 186.581 208.855 81.0748 85.319
7.0795e+05 96.5 -23 18.2844 3701.41 278 -119 296.756 296.754 119.871 115.056
7.9433e+05 95 -24 17.9067 4380.35 92 -308 288.089 317.386 96.41 103.893
8.9125e+05 91.5 -30.5 18.7471 4992.49 213 -94 228.296 231.815 104.273 95.4326
1.0000e+06 124 -26 21.6284 6748.62 200 -264 242.642 277.107 109.621 115.241
1.1220e+06 114 -31.5 20.4096 5964.34 111 -254 234.351 262.565 61.6822 66.6938
1.2589e+06 127.5 -27.5 22.2402 6568.78 282 -189 303.559 309.06 127.038 116.284
1.4125e+06 130.25 -33.25 21.6878 6648.21 161 -499 476.748 492.972 188.357 197.26
1.5849e+06 116.25 -29.75 22.3 5446.74 242 -207 263.446 262.64 112.832 103.54
1.7783e+06 97.75 -25.5 21.1847 9972.18 341 -404 373.38 415.588 198.604 202.153
1.9953e+06 213.75 -29.75 31.8507 14322.6 282 -251 308.279 298.019 117.408 110.192
2.2387e+06 146.5 -30.75 25.8516 7443.87 294 -334 315.79 350.094 122.742 129.994
2.5119e+06 145 -29.5 27.1415 10574.1 449 -348 478.194 462.731 168.549 166.636
2.8184e+06 175.75 -30.5 27.0061 11763.6 621 -496 639.983 643.475 317.08 314.518
3.1623e+06 134 -39.75 25.9058 13548 328 -522 486.93 515.511 187.332 191.03
3.5481e+06 179.75 -41.5 29.6293 11318.2 432 -558 534.747 580.145 216.84 220.246
3.9811e+06 155.25 -38.25 29.8599 17305.5 285 -414 385.581 422.181 132.356 137.385
4.4668e+06 177.5 -38.5 31.3403 13314.9 535 -408 568.81 562.331 234.434 230.354
5.0119e+06 153.5 -37 30.4197 15899.2 365 -732 709.83 725.518 287.994 301.23
5.6234e+06 211.75 -35.5 31.3947 20852.5 876 -736 904.4 897.703 411.656 400.067
6.3096e+06 178 -35.25 30.6273 18506.9 531 -781 734.271 767.985 351.795 363.443
7.0795e+06 217.75 -40.5 35.9512 22548.9 713 -595 749.917 749.404 319.643 312.927
7.9433e+06 211 -49.25 34.1367 26301.6 696 -542 738.888 737.384 233.916 235.173
8.9125e+06 243.5 -45 35.7706 28647.4 428 -743 712.135 821.698 268.577 280.339
1.0000e+07 171 -44 34.3896 22095.4 642 -634 671.155 665.651 297.45 285.882
1.1220e+07 251 -42.75 39.1302 32605 705 -1388 1355.16 1426.74 473.204 486.005
1.2589e+07 207.5 -53 35.8139 28101.1 1043 -686 1077.8 1078.3 402.67 390.688
1.4125e+07 245.5 -40 37.7111 32720.7 531 -1271 1231.09 1381.98 435.388 446.813
1.5849e+07 265 -52 39.2923 35775.3 963 -977 1012.39 1001.38 419.562 417.374
1.7783e+07 303 -41.5 40.9634 43502 794 -1040 1006.31 1043.27 402.489 397.978
1.9953e+07 215.25 -52 39.7038 44776.4 982 -985 1043.4 1045.9 435.171 437.017
2.2387e+07 282 -51.5 43.5432 50750.9 1022 -1781 1746.08 1778.04 730.807 738.314
2.5119e+07 331.75 -45.25 45.5033 56285.4 1356 -1003 1414.39 1405.36 527.125 515.55
2.8184e+07 276 -55.5 43.9602 58481.4 1269 -1294 1314.05 1321.55 493.516 501.854
3.1623e+07 276.25 -53.75 45.591 68852.2 798 -1474 1439.42 1484.24 486.562 499.925
3.5481e+07 344.75 -57.5 45.8039 68210.7 1683 -1406 1743.33 1731.02 695.498 678.56
3.9811e+07 357 -52 47.4653 64390 1813 -1912 1835.74 1906.11 1000.48 1014.87
4.4668e+07 385.75 -50.5 48.3266 91606.4 2464 -1304 2536.66 2531.91 954.312 941.348
5.0119e+07 372 -67.5 52.453 95097.8 1431 -2032 1979.39 2028.37 786.254 802.572
5.6234e+07 308.25 -59.75 50.759 87772 2241 -1403 2302.09 2291.59 724.079 714.52
6.3096e+07 371 -52.25 54.0228 91770.7 2440 -1822 2507.63 2486.6 915.458 908.723
7.0795e+07 364.75 -59.25 54.2276 150149 1669 -2693 2664.24 2728.96 1198.67 1221.58
7.9433e+07 403 -59 55.6601 156094 2561 -1691 2565.26 2569 1178.41 1155.55
8.9125e+07 445.25 -53 56.0233 115602 2593 -3415 3346.37 3493.58 1504.82 1522.38
1.0000e+08 82.75 82 82.75 76321.8 831 831 854.795 771.795 854.795 771.795
