# s7gen num=3 den=5 rho=0.6 X=1000000000 variant=2 label=v2_r3-5
# n=9 N=6 E=0.2000 supE=0.8000 infE=-1.6000 Mg=0 psi-x=-3.03 Tt=0.0857 W=0.5143 gp=2 maxa=2@7
# n=99 N=62 E=2.2000 supE=3.0000 infE=-2.6000 Mg=1 psi-x=-12.79 Tt=1.8767 W=0.7233 gp=18 maxa=3@49
# n=999 N=601 E=1.2000 supE=8.8000 infE=-7.2000 Mg=-1 psi-x=-65.01 Tt=-0.2197 W=1.8197 gp=106 maxa=6@847
# n=9999 N=5999 E=-0.8000 supE=17.8000 infE=-13.2000 Mg=3 psi-x=-260.99 Tt=3.6116 W=-4.0116 gp=687 maxa=9@5929
# n=99999 N=60002 E=2.2000 supE=35.6000 infE=-28.4000 Mg=36 psi-x=-2476.56 Tt=37.4094 W=-34.8094 gp=5198 maxa=12@31339
rec n=485938 E=51.80 a_n=4
rec n=485973 E=53.80 a_n=4
rec n=485974 E=55.20 a_n=2
rec n=485975 E=58.60 a_n=4
# n=999999 N=600007 E=7.2000 supE=58.6000 infE=-60.0000 Mg=-16 psi-x=-18057.69 Tt=-13.6578 W=21.2578 gp=41622 maxa=18@219373
rec n=1438577 E=60.40 a_n=4
rec n=2121161 E=64.00 a_n=6
rec n=2950382 E=69.40 a_n=4
rec n=4428928 E=70.80 a_n=8
rec n=4428929 E=74.20 a_n=4
rec n=4428943 E=75.80 a_n=4
rec n=5455106 E=78.00 a_n=4
rec n=8857114 E=84.20 a_n=8
rec n=8857126 E=89.00 a_n=4
rec n=8857171 E=92.00 a_n=4
# n=9999999 N=6000006 E=6.2000 supE=92.0000 infE=-109.8000 Mg=-173 psi-x=-80374.29 Tt=-164.4117 W=171.0117 gp=348653 maxa=36@8994293
rec n=15687301 E=96.00 a_n=6
rec n=46698309 E=108.20 a_n=8
rec n=46698421 E=113.00 a_n=8
rec n=46698631 E=119.00 a_n=8
rec n=64471967 E=122.40 a_n=8
rec n=64472032 E=125.40 a_n=4
rec n=95713783 E=144.80 a_n=12
rec n=95713844 E=152.20 a_n=4
rec n=95713904 E=164.20 a_n=6
# n=99999999 N=60000007 E=7.2000 supE=167.4000 infE=-150.0000 Mg=34 psi-x=-693669.84 Tt=15.9646 W=-8.3646 gp=2985882 maxa=48@62960051
rec n=330537031 E=176.00 a_n=12
rec n=330537043 E=184.80 a_n=8
rec n=330537067 E=197.40 a_n=8
# n=999999999 N=599999964 E=-35.8000 supE=218.4000 infE=-197.8000 Mg=396 psi-x=-2311708.37 Tt=229.5171 W=-264.9171 gp=26222770 maxa=72@575634752
# n=1000000000 N=599999980 E=-20.4000 supE=218.4000 infE=-197.8000 Mg=396 psi-x=-2311709.37 Tt=229.5171 W=-249.5171 gp=26222770 maxa=72@575634752
# summary: X=1000000000 N(X)=599999980 g-prime sites=26222770 total mult=50735099 max a_n=72 at n=575634752  #(a_n>d(n))=15033  max a_n/d(n)=2.5000 sat=0
# summary: supE=218.400000 infE=-197.800000 sup|Mg|=7803 Mg(X)=396 S1(X)-rho=2.295171e-07 psi(X)-X=-2311709.3729
# max m_p=2 at p=7; histogram of m_p over all primes (m=0..64, >=65): 24626463 1710292 24510779 0 0 0 0 0 0 0 0 0 0 0 0 0 0 0 0 0 0 0 0 0 0 0 0 0 0 0 0 0 0 0 0 0 0 0 0 0 0 0 0 0 0 0 0 0 0 0 0 0 0 0 0 0 0 0 0 0 0 0 0 0 0 0
# decade 0: primes 4, mean m_p 0.7500
# decade 1: primes 21, mean m_p 0.8095
# decade 2: primes 143, mean m_p 0.8951
# decade 3: primes 1061, mean m_p 0.9670
# decade 4: primes 8363, mean m_p 0.9708
# decade 5: primes 68906, mean m_p 0.9831
# decade 6: primes 586081, mean m_p 0.9933
# decade 7: primes 5096876, mean m_p 0.9934
# decade 8: primes 45086079, mean m_p 0.9983
# primes by decade: dec  m=0 m=1 m=2 m=3 m=4 m=5 m>=6 | higher powers p^k (k>=2): m=0 m=1 m=2 m=3 m=4 m=5 m>=6
D 0 2 1 1 0 0 0 0 | 3 0 0 0 0 0 0
D 1 8 9 4 0 0 0 0 | 4 3 0 0 0 0 0
D 2 60 38 45 0 0 0 0 | 10 2 3 0 0 0 0
D 3 488 120 453 0 0 0 0 | 18 2 6 0 0 0 0
D 4 3882 843 3638 0 0 0 0 | 27 5 25 0 0 0 0
D 5 32538 4993 31375 0 0 0 0 | 72 8 48 0 0 0 0
D 6 279197 31585 275299 0 0 0 0 | 172 22 125 0 0 0 0
D 7 2460034 210320 2426522 0 0 0 0 | 462 34 353 0 0 0 0
D 8 21850254 1462383 21773442 0 0 0 0 | 1222 73 990 0 0 0 0
# mobius (mu_P = Dirichlet inverse of a): overflow=0 M_P(X)=-385724; bins: bin_lo sup|M_P|
MP 1.9953e+00 0
MP 2.8184e+00 0
MP 3.9811e+00 0
MP 4.4668e+00 0
MP 5.6234e+00 0
MP 6.3096e+00 2
MP 7.9433e+00 2
MP 8.9125e+00 2
MP 1.0000e+01 3
MP 1.1220e+01 3
MP 1.2589e+01 4
MP 1.4125e+01 2
MP 1.5849e+01 2
MP 1.7783e+01 3
MP 1.9953e+01 3
MP 2.2387e+01 4
MP 2.5119e+01 4
MP 2.8184e+01 4
MP 3.1623e+01 4
MP 3.5481e+01 6
MP 3.9811e+01 8
MP 4.4668e+01 8
MP 5.0119e+01 6
MP 5.6234e+01 5
MP 6.3096e+01 8
MP 7.0795e+01 11
MP 7.9433e+01 7
MP 8.9125e+01 5
MP 1.0000e+02 5
MP 1.1220e+02 9
MP 1.2589e+02 12
MP 1.4125e+02 9
MP 1.5849e+02 10
MP 1.7783e+02 10
MP 1.9953e+02 10
MP 2.2387e+02 20
MP 2.5119e+02 19
MP 2.8184e+02 13
MP 3.1623e+02 7
MP 3.5481e+02 16
MP 3.9811e+02 27
MP 4.4668e+02 25
MP 5.0119e+02 4
MP 5.6234e+02 18
MP 6.3096e+02 27
MP 7.0795e+02 30
MP 7.9433e+02 32
MP 8.9125e+02 9
MP 1.0000e+03 25
MP 1.1220e+03 27
MP 1.2589e+03 31
MP 1.4125e+03 34
MP 1.5849e+03 27
MP 1.7783e+03 18
MP 1.9953e+03 47
MP 2.2387e+03 62
MP 2.5119e+03 44
MP 2.8184e+03 43
MP 3.1623e+03 46
MP 3.5481e+03 105
MP 3.9811e+03 100
MP 4.4668e+03 50
MP 5.0119e+03 33
MP 5.6234e+03 36
MP 6.3096e+03 116
MP 7.0795e+03 104
MP 7.9433e+03 35
MP 8.9125e+03 68
MP 1.0000e+04 60
MP 1.1220e+04 138
MP 1.2589e+04 189
MP 1.4125e+04 112
MP 1.5849e+04 169
MP 1.7783e+04 123
MP 1.9953e+04 252
MP 2.2387e+04 328
MP 2.5119e+04 192
MP 2.8184e+04 348
MP 3.1623e+04 242
MP 3.5481e+04 354
MP 3.9811e+04 268
MP 4.4668e+04 243
MP 5.0119e+04 409
MP 5.6234e+04 318
MP 6.3096e+04 510
MP 7.0795e+04 498
MP 7.9433e+04 282
MP 8.9125e+04 659
MP 1.0000e+05 560
MP 1.1220e+05 1144
MP 1.2589e+05 1068
MP 1.4125e+05 756
MP 1.5849e+05 1132
MP 1.7783e+05 713
MP 1.9953e+05 1846
MP 2.2387e+05 1795
MP 2.5119e+05 1432
MP 2.8184e+05 1350
MP 3.1623e+05 792
MP 3.5481e+05 2198
MP 3.9811e+05 2372
MP 4.4668e+05 2481
MP 5.0119e+05 2648
MP 5.6234e+05 1335
MP 6.3096e+05 3257
MP 7.0795e+05 3378
MP 7.9433e+05 5148
MP 8.9125e+05 5236
MP 1.0000e+06 3443
MP 1.1220e+06 5396
MP 1.2589e+06 4489
MP 1.4125e+06 7255
MP 1.5849e+06 8448
MP 1.7783e+06 6763
MP 1.9953e+06 8680
MP 2.2387e+06 7021
MP 2.5119e+06 8348
MP 2.8184e+06 11133
MP 3.1623e+06 10647
MP 3.5481e+06 14932
MP 3.9811e+06 12650
MP 4.4668e+06 13383
MP 5.0119e+06 15409
MP 5.6234e+06 16543
MP 6.3096e+06 26307
MP 7.0795e+06 23098
MP 7.9433e+06 26703
MP 8.9125e+06 26974
MP 1.0000e+07 24362
MP 1.1220e+07 38481
MP 1.2589e+07 32926
MP 1.4125e+07 47383
MP 1.5849e+07 46407
MP 1.7783e+07 32706
MP 1.9953e+07 52001
MP 2.2387e+07 47398
MP 2.5119e+07 77926
MP 2.8184e+07 78654
MP 3.1623e+07 64035
MP 3.5481e+07 77982
MP 3.9811e+07 71974
MP 4.4668e+07 126847
MP 5.0119e+07 128167
MP 5.6234e+07 142434
MP 6.3096e+07 149240
MP 7.0795e+07 86625
MP 7.9433e+07 173850
MP 8.9125e+07 175258
MP 1.0000e+08 237498
MP 1.1220e+08 250113
MP 1.2589e+08 139632
MP 1.4125e+08 238821
MP 1.5849e+08 241118
MP 1.7783e+08 343702
MP 1.9953e+08 409977
MP 2.2387e+08 273678
MP 2.5119e+08 414124
MP 2.8184e+08 402619
MP 3.1623e+08 512504
MP 3.5481e+08 649805
MP 3.9811e+08 546643
MP 4.4668e+08 783803
MP 5.0119e+08 637700
MP 5.6234e+08 759314
MP 6.3096e+08 865193
MP 7.0795e+08 822966
MP 7.9433e+08 1.27194e+06
MP 8.9125e+08 1.09809e+06
MP 1.0000e+09 385724
# bin_lo Emax Emin Erms sup|psi-x| Mgmax Mgmin sup|Tt| sup|W| Ttrms Wrms
1.9953e+00 0.4 -0.2 0.4 2.30685 1 1 0.8 0 0.8 0
2.8184e+00 -0.2 -0.8 0.2 3.30685 0 0 0.2 0 0.2 0
3.9811e+00 0.2 -0.4 0.2 3.61371 0 0 0.266667 0.333333 0.266667 0.333333
4.4668e+00 -0.4 -1 0.4 4.61371 -1 -1 0.666667 0.666667 0.666667 0.666667
5.6234e+00 -1 -1.6 1 5.61371 -1 -1 0.8 0.2 0.8 0.2
6.3096e+00 0.4 -0.2 0.4 2.72189 0 0 0.0666667 0.733333 0.0666667 0.733333
7.9433e+00 0.8 0.2 0.8 3.02874 0 0 0.0761905 1.12381 0.0761905 1.12381
8.9125e+00 0.2 -0.4 0.2 4.02874 0 0 0.0857143 0.514286 0.0857143 0.514286
1.0000e+01 0 -1 0.282843 5.02874 0 0 0.104762 0.295238 0.100113 0.219358
1.1220e+01 -0.6 -1.2 0.6 4.63084 0 0 0.114286 0.314286 0.114286 0.314286
1.2589e+01 1.2 -0.8 0.860233 4.06589 0 0 0.133333 1.46667 0.12866 1.03849
1.4125e+01 0.6 0 0.6 5.06589 1 1 1.14286 0.142857 1.14286 0.142857
1.5849e+01 1 -0.2 0.761577 6.37275 1 0 1.21905 0.504762 0.886917 0.379162
1.7783e+01 0.2 -0.8 0.2 7.37275 0 0 0.329972 0.270028 0.321406 0.206876
1.9953e+01 -0.4 -1.6 0.711805 8.42831 0 -1 0.665546 0.465546 0.567801 0.335968
2.2387e+01 -0.2 -1.4 0.52915 7.29281 0 -1 0.72605 0.895798 0.597404 0.568082
2.5119e+01 1.8 -0.6 1.06458 6.07394 1 0 1.30998 0.890022 1.06081 0.585424
2.8184e+01 1.2 -0.6 0.774597 7.7781 0 -1 0.618632 1.24324 0.46411 0.996883
3.1623e+01 0.4 -2 0.83666 11.085 -1 -2 1.69846 1.43859 1.02306 0.918155
3.5481e+01 -0.2 -2.6 1.1225 12.085 -1 -2 1.74698 1.01701 1.12421 0.633017
3.9811e+01 0.2 -2 0.69282 8.86312 0 -1 0.860012 0.472842 0.400001 0.29375
4.4668e+01 2.6 -1 1.41185 3.67477 1 0 1.16491 1.83509 0.674852 1.0023
5.0119e+01 3 1 2.21359 5.93281 2 1 2.23111 2.05387 1.66504 1.12538
5.6234e+01 2.4 -1.8 1.34164 12.9328 1 -1 1.39421 1.42983 0.859864 0.889982
6.3096e+01 0.4 -2 0.755929 11.0808 1 0 1.48721 2.48721 1.13268 1.35476
7.0795e+01 2.4 -1.2 1.23108 4.14443 2 0 2.61444 2.74378 2.05815 1.5406
7.9433e+01 1.4 -1.2 0.6 11.8556 0 -2 1.26463 2.44957 0.745722 1.25749
8.9125e+01 2.8 -1 1.35647 15.3669 1 0 1.8767 1.41983 1.57685 0.920647
1.0000e+02 2.6 -1.6 1.15426 22.1194 1 -2 1.89565 1.84302 0.920759 0.997925
1.1220e+02 -0.2 -5 2.75458 30.1194 -2 -4 3.18787 2.25234 2.17011 1.02759
1.2589e+02 2.2 -3.6 1.25 14.4733 0 -2 1.32059 2.27899 0.888232 1.33356
1.4125e+02 1.2 -1.2 0.508747 14.3896 -1 -3 2.46145 4.06145 1.77347 2.39874
1.5849e+02 1.2 -2 0.679009 15.3334 1 -1 1.4375 2.13177 0.611721 0.914338
1.7783e+02 2 -1.2 0.816868 23.9422 1 -3 2.51938 3.30411 1.06646 1.37692
1.9953e+02 0.6 -7.2 3.54471 36.2385 -3 -7 7.10473 3.9447 5.72397 3.00774
2.2387e+02 0 -6.8 3.68103 29.4241 3 -6 6.21929 3.95942 3.40633 2.14089
2.5119e+02 4.8 -1.2 2.61024 22.1548 3 -1 2.60268 3.91432 1.40549 2.44459
2.8184e+02 4.4 -1.6 2.12603 30.8682 2 -1 1.63307 5.16358 0.898688 2.62783
3.1623e+02 2.4 -3.2 1.27774 39.3504 2 -1 1.65103 2.83486 0.786574 1.12556
3.5481e+02 1.4 -2.2 0.841535 39.9634 0 -4 4.49772 4.79085 2.78896 2.85555
3.9811e+02 0 -5.2 2.70724 35.1538 5 -1 4.54125 7.53107 2.48535 4.43431
4.4668e+02 6 -3.2 2.53485 31.1538 7 1 6.56385 7.75143 3.80006 3.20016
5.0119e+02 8.8 -1.6 5.11372 56.6088 2 -1 2.02076 7.97132 1.02335 4.86962
5.6234e+02 3.6 -3.6 1.20684 61.2617 5 -1 5.25903 6.18318 3.29926 3.25711
6.3096e+02 3.2 -6.2 1.82465 28.7588 4 0 4.50393 5.6472 2.52022 3.0371
7.0795e+02 3.2 -4.6 1.58325 32.9478 1 -4 3.45157 5.10602 1.41622 1.65884
7.9433e+02 6.4 -4.8 2.63591 72.2874 7 -4 7.62864 7.08071 4.04731 3.0156
8.9125e+02 7.8 -3.2 3.8933 77.7126 3 -6 5.17314 8.32958 2.56357 4.09437
1.0000e+03 4.2 -4.2 1.67846 93.5355 8 -2 9.01594 10.2455 3.82375 4.19946
1.1220e+03 2 -5.2 1.73341 39.709 8 -8 9.093 10.0688 4.35614 4.82529
1.2589e+03 5 -7 2.10096 44.6843 -2 -9 7.9582 9.5582 5.10599 4.88811
1.4125e+03 4.4 -6.2 2.30354 81.9967 8 -4 8.80456 7.87456 4.07585 3.76271
1.5849e+03 17.8 -3.2 7.29156 96.9626 6 1 6.90253 13.991 4.41689 5.13892
1.7783e+03 9.2 -10.2 5.05326 180.608 2 -8 6.75599 10.8468 2.78564 5.61609
1.9953e+03 6.2 -8.8 2.94797 106.895 3 -9 8.00755 5.87859 3.78059 2.55805
2.2387e+03 6.2 -6.2 2.49732 116.79 6 -8 7.09128 7.72032 3.68791 3.06679
2.5119e+03 8.4 -6.2 2.7828 91.7577 10 -5 10.943 9.70978 4.82711 4.51569
2.8184e+03 10.2 -10.2 3.53675 179.734 7 -7 8.38331 12.1805 4.51263 5.32121
3.1623e+03 11.8 -12.2 4.8372 312.262 -2 -22 21.332 25.4607 10.7541 11.6593
3.5481e+03 4 -11.6 4.20629 184.132 14 -5 14.8461 18.7065 6.88373 9.57764
3.9811e+03 7.8 -7.2 2.63396 213.166 14 -7 14.8573 12.0499 4.36547 3.93135
4.4668e+03 10.4 -6.8 3.3071 144.55 3 -10 9.36588 12.0772 4.57644 6.32106
5.0119e+03 10.8 -10.8 3.93763 188.092 7 -13 12.5353 15.1066 4.93511 5.13601
5.6234e+03 13.6 -8.6 4.39991 273.471 8 -16 15.6957 16.5946 5.99156 6.66592
6.3096e+03 11.8 -13.2 4.42854 259.837 19 -8 19.5139 22.0505 9.48782 10.3311
7.0795e+03 7.8 -13.2 4.10524 354.496 2 -26 25.6556 28.125 10.1319 11.2027
7.9433e+03 10.2 -9.6 3.21297 248.625 9 -26 25.681 28.2994 9.19077 9.22831
8.9125e+03 10.4 -9.2 3.42179 346.021 14 -5 14.1406 17.132 7.04603 6.52524
1.0000e+04 8.8 -12.2 3.61795 383.484 17 -9 17.81 17.364 6.12527 6.21807
1.1220e+04 11.4 -9.6 3.25579 394.92 3 -25 24.5705 25.73 11.6224 11.9605
1.2589e+04 15 -24 7.33702 662.229 20 -26 26.2409 23.4927 12.261 11.0187
1.4125e+04 17.6 -10 5.03014 530.79 12 -20 20.2577 22.6455 7.2877 6.94013
1.5849e+04 19 -8.8 4.90513 705.745 27 -4 27.8414 26.5005 13.7077 11.4316
1.7783e+04 12 -15.2 4.21871 701.289 8 -37 36.4363 37.4324 19.076 17.909
1.9953e+04 19.4 -12 4.04403 262.639 14 -21 21.784 25.7774 9.48238 9.69121
2.2387e+04 13 -17 4.89705 1098.82 49 -1 49.4176 51.5943 23.4936 24.5978
2.5119e+04 29.2 -15.6 7.48302 823.357 11 -45 44.1464 44.9281 15.578 16.6251
2.8184e+04 29.2 -14.8 7.43569 1411.31 30 -22 30.5743 24.31 10.9784 8.49097
3.1623e+04 13.4 -17.6 4.23666 1362.06 4 -28 27.4769 29.8511 13.0243 12.4652
3.5481e+04 17.2 -16.8 4.85593 666.053 53 -8 54.072 55.6185 23.5405 23.3528
3.9811e+04 10.8 -15.6 4.14642 947.288 25 -29 27.0574 28.6939 12.3926 12.3662
4.4668e+04 35.6 -18.6 8.75048 1114.9 24 -57 55.8877 60.4925 27.44 28.904
5.0119e+04 30.2 -23 7.66015 1870.46 48 -40 47.8124 49.2461 21.0454 20.6383
5.6234e+04 26 -18.2 5.93441 2013.69 51 -26 52.4413 54.0099 26.2253 25.2334
6.3096e+04 15 -28.4 6.87948 1457.98 30 -61 59.6814 61.2484 24.3401 24.4456
7.0795e+04 16.8 -19.4 5.59038 1803.71 49 -59 59.3162 59.6415 26.875 26.9234
7.9433e+04 20.8 -17.2 5.05563 1587.7 36 -44 43.7281 51.2546 19.6283 19.4577
8.9125e+04 26.8 -22 7.07169 2485.74 58 -39 58.1918 56.1584 26.8106 24.998
1.0000e+05 26.4 -30.6 7.19253 3618.31 75 -52 78.282 83.0643 36.9278 35.8914
1.1220e+05 20 -36.6 7.98997 3334.23 27 -94 94.1714 98.721 58.7009 55.927
1.2589e+05 26.2 -22 6.50085 3914.07 105 -23 105.683 108.473 53.0251 51.8626
1.4125e+05 38.4 -23 6.93958 2162.57 68 -62 69.7041 69.8635 26.2273 26.2148
1.5849e+05 25 -18.2 6.53792 3776.64 24 -88 87.5261 101.863 30.5801 31.6757
1.7783e+05 27 -37 7.49532 4596.17 101 -57 101.103 104.895 35.9266 35.5032
1.9953e+05 29.8 -30.8 8.38589 4851.47 87 -77 86.0972 97.0816 32.7648 32.0252
2.2387e+05 35.8 -27 7.35049 6578.95 152 -53 152.134 162.058 71.2714 70.8639
2.5119e+05 36.4 -28.8 8.16528 4339.03 100 -129 126.006 131.592 61.2278 62.6144
2.8184e+05 33.8 -33 7.24204 5328.54 43 -99 99.886 110.027 44.8748 46.2131
3.1623e+05 29.2 -27.2 7.24777 5388.92 155 -76 154.643 159.621 68.4537 68.1629
3.5481e+05 31.2 -60 9.86099 4832.47 132 -175 172.085 174.284 73.8887 73.2286
3.9811e+05 33.8 -34 8.42174 10580 97 -175 172.595 176.995 64.0089 62.8083
4.4668e+05 58.6 -24.8 10.779 9308.62 137 -119 136.351 137.934 49.3 48.5121
5.0119e+05 36.8 -34.8 7.96375 10303.2 134 -135 135.082 141.671 66.6513 66.779
5.6234e+05 31.8 -54.2 8.77889 9853.68 165 -100 167.853 170.135 82.2071 82.6469
6.3096e+05 38.6 -45 9.14091 8450.37 44 -228 228.039 239.223 92.4207 91.514
7.0795e+05 37.4 -39 9.11036 16420.5 170 -197 203.613 209.723 99.8615 98.919
7.9433e+05 50.2 -38.2 10.0165 14951.6 233 -113 237.437 236.922 126.162 123.506
8.9125e+05 42.8 -47 9.42744 20647.4 55 -158 152.534 157.118 63.6822 64.6055
1.0000e+06 35.2 -48.8 9.10247 18552.8 104 -160 161.582 166.19 69.3478 68.8342
1.1220e+06 39.4 -39.6 9.30589 14503.9 179 -187 190.66 187.791 81.7075 81.0322
1.2589e+06 40.6 -55 9.25831 18976 219 -39 216.966 220.442 82.0448 82.0435
1.4125e+06 60.4 -52.6 11.6391 16013.9 230 -214 236.918 243.717 107.863 106.032
1.5849e+06 54.2 -50.2 10.7047 33508.5 111 -434 440.995 449.786 195.409 196.633
1.7783e+06 37.2 -47.8 9.95119 30229.3 279 -349 357.824 359.624 154.346 155.556
1.9953e+06 64 -56.2 11.148 28201.7 486 -136 486.288 503.844 186.279 186.332
2.2387e+06 56 -52.8 10.4556 30162 82 -394 387.62 397.95 169.157 170.292
2.5119e+06 56.8 -67.8 10.6393 16113.3 360 -270 357.234 361.834 115.473 114.632
2.8184e+06 69.4 -53 11.7845 49806.2 231 -220 229.036 230.525 90.2406 90.7159
3.1623e+06 56.4 -72.6 11.6051 50858.6 314 -229 311.148 321.426 136.794 138.595
3.5481e+06 54.8 -57.6 11.1546 56824.1 538 -538 548.943 561.921 294.192 294.22
3.9811e+06 76 -56.8 11.8355 59327.1 548 -589 598.888 601.425 304.727 304.894
4.4668e+06 64 -62.6 11.5274 25804.2 617 -270 617.265 612.429 226.199 224.933
5.0119e+06 79.2 -63.6 12.1318 72619.1 650 -430 650.934 658.131 244.463 243.585
5.6234e+06 59 -80.8 11.9744 72729.9 325 -597 596.02 607.192 276.513 275.858
6.3096e+06 67.8 -74.6 12.5114 100279 430 -495 503.955 500.504 191.704 191.43
7.0795e+06 73.8 -109.8 12.8521 104150 463 -274 457.975 467.526 141.376 140.753
7.9433e+06 92 -58.8 12.8629 69953.6 643 -409 653.023 656.824 282.546 281.195
8.9125e+06 78.8 -63 12.6062 90710.2 375 -373 389.486 390.678 137.127 137.51
1.0000e+07 83.8 -98.2 13.2555 83097.3 117 -921 945.416 951.204 421.968 421.9
1.1220e+07 65.2 -95 13.3078 135644 1263 -211 1271.8 1274.6 579.461 580.422
1.2589e+07 81.2 -65 12.9878 157827 995 -770 1020.23 1033.61 456.599 457.819
1.4125e+07 102.8 -78.2 13.9598 134412 605 -796 803.047 827.742 336.265 337.944
1.5849e+07 87.6 -95.2 14.0132 169583 906 -685 894.495 898.621 360.662 360.249
1.7783e+07 76.4 -82.6 13.9122 116380 1018 -686 1014.93 1019.52 422.74 422.634
1.9953e+07 87.8 -102.8 14.2128 178561 1088 -761 1102.49 1108.05 450.51 450.726
2.2387e+07 103.2 -89 14.3288 227944 459 -1283 1276.6 1293.4 538.635 539.769
2.5119e+07 96.8 -83.4 15.0682 220032 1505 -1214 1484.15 1489.74 626.281 625.754
2.8184e+07 94 -108.6 14.8443 312118 1540 -408 1524.14 1527.34 513.795 512.708
3.1623e+07 92.8 -94.4 14.9707 247251 935 -1425 1387.71 1398.91 568.949 568.798
3.5481e+07 100.4 -94.2 15.0227 299386 606 -1285 1283.3 1285.09 672.754 672.308
3.9811e+07 104.8 -96.2 15.1321 306076 1427 -367 1401.77 1404.97 565.351 564.547
4.4668e+07 119 -101 16.0927 314609 978 -1770 1772.42 1787.21 498.956 499.53
5.0119e+07 114.4 -120.8 16.0516 535550 1575 -759 1594.84 1600.44 620.871 619.504
5.6234e+07 95.4 -113 16.3548 453773 522 -1987 1960.12 1970.36 914.469 913.199
6.3096e+07 125.4 -116.8 16.2762 494181 2059 -1722 2022.94 2029.93 777.424 776.773
7.0795e+07 130 -133 16.6212 477273 2469 -985 2496.1 2503.09 1255.15 1254.07
7.9433e+07 126.4 -150 16.8233 410838 696 -3320 3289.18 3304.56 1195.97 1197.67
8.9125e+07 167.4 -133.8 17.2088 787321 1857 -1590 1828.85 1841.45 655.468 655.783
1.0000e+08 115.8 -166.6 17.3276 705798 2361 -1374 2334.92 2342.92 886.872 886.834
1.1220e+08 131.4 -135.2 17.6093 900461 2675 -1781 2677.56 2693.55 1105.64 1105.4
1.2589e+08 135 -142 17.7117 879339 759 -2964 2945.9 2965.7 934.378 935.499
1.4125e+08 139.8 -115.8 17.9752 644198 1495 -3340 3355.32 3378.89 1133.3 1134.16
1.5849e+08 155.2 -140.6 18.1293 1.0268e+06 2990 -1410 2963.48 2973.08 1253.46 1253.14
1.7783e+08 144.2 -163.8 18.4779 955597 4350 -2233 4401.58 4416 1771.05 1771.18
1.9953e+08 131.2 -149 18.5442 1.6386e+06 1473 -4031 4051.3 4058.08 2087.84 2087.4
2.2387e+08 131.4 -123.6 18.692 1.64237e+06 2629 -3513 3591.4 3617.39 1233.6 1233.12
2.5119e+08 160.4 -120 18.9263 1.38643e+06 3524 -2607 3478.9 3482.04 1477.44 1475.91
2.8184e+08 164.4 -157.2 19.368 1.53728e+06 3531 -3361 3572.19 3576.19 1389.51 1389.55
3.1623e+08 210.8 -142.6 19.6411 1.2738e+06 3867 -5019 4936.96 4975.86 1756.63 1756.65
3.5481e+08 152.2 -147 19.7781 2.58257e+06 2380 -7803 7902.66 7910.06 3544.35 3543.63
3.9811e+08 167 -171 19.8895 2.6059e+06 5766 -1888 5671.19 5687.38 2704.09 2702.26
4.4668e+08 176.8 -164.4 20.2825 2.655e+06 4537 -4344 4659.78 4669.98 1921.78 1921.63
5.0119e+08 193.8 -187.2 20.355 2.77981e+06 3443 -6622 6661.83 6672.83 2507.89 2508.04
5.6234e+08 158.4 -170 20.7808 1.59444e+06 6579 -3118 6536.12 6558.31 2119.89 2119.99
6.3096e+08 165.8 -158.2 20.9683 3.53342e+06 4879 -3087 4883.93 4888.54 1628.89 1628.92
7.0795e+08 218.4 -154.2 21.243 3.76009e+06 5224 -3899 5323.49 5340.28 1700.27 1699.94
7.9433e+08 184 -180.8 21.5712 4.76639e+06 1885 -5663 5719.02 5743.61 2223.25 2224.9
8.9125e+08 166.2 -197.8 21.7162 5.00497e+06 4589 -4768 4872.67 4891.07 1704.2 1704.37
1.0000e+09 -20.4 -21 20.4 2.31171e+06 396 396 229.517 249.517 229.517 249.517
