# s7gen num=3 den=5 rho=0.6 X=4000000000 variant=0 label=r06_4e9
# n=9 N=6 E=0.2000 supE=0.8000 infE=-1.6000 Mg=0 psi-x=-3.03 Tt=0.0857 W=0.5143 gp=2 maxa=2@7
# n=99 N=62 E=2.2000 supE=3.4000 infE=-2.6000 Mg=1 psi-x=-12.89 Tt=2.1377 W=0.4623 gp=18 maxa=3@37
# n=999 N=602 E=2.2000 supE=14.0000 infE=-5.2000 Mg=-3 psi-x=-85.20 Tt=-0.6574 W=3.2574 gp=90 maxa=10@847
# n=9999 N=6000 E=0.2000 supE=22.2000 infE=-11.2000 Mg=-14 psi-x=-315.48 Tt=-8.1207 W=8.7207 gp=511 maxa=15@4477
rec n=27628 E=50.80 a_n=3
rec n=94202 E=53.40 a_n=6
# n=99999 N=60005 E=5.2000 supE=55.0000 infE=-15.6000 Mg=29 psi-x=-3177.96 Tt=41.9015 W=-36.3015 gp=3183 maxa=33@73001
rec n=141488 E=57.80 a_n=12
rec n=152033 E=67.80 a_n=30
rec n=152068 E=76.80 a_n=14
rec n=238768 E=78.80 a_n=8
rec n=238771 E=85.00 a_n=8
rec n=238777 E=91.40 a_n=6
rec n=238909 E=101.20 a_n=15
rec n=238951 E=109.00 a_n=9
rec n=238964 E=114.20 a_n=7
rec n=238987 E=117.40 a_n=10
rec n=239000 E=121.60 a_n=8
rec n=239057 E=126.40 a_n=12
rec n=239078 E=131.80 a_n=16
rec n=845908 E=137.80 a_n=10
rec n=845911 E=161.00 a_n=25
# n=999999 N=600037 E=37.2000 supE=163.4000 infE=-31.6000 Mg=-14 psi-x=-7496.19 Tt=1.0614 W=36.5386 gp=21229 maxa=75@998371
rec n=1691822 E=183.40 a_n=25
rec n=6414331 E=193.00 a_n=40
rec n=6414337 E=199.40 a_n=10
rec n=6988597 E=259.40 a_n=150
rec n=7897528 E=281.80 a_n=18
rec n=7897576 E=298.00 a_n=15
# n=9999999 N=5999997 E=-2.8000 supE=298.0000 infE=-43.8000 Mg=214 psi-x=-14791.91 Tt=248.8435 W=-251.2435 gp=148185 maxa=165@8833121
rec n=16281216 E=320.00 a_n=16
rec n=16281397 E=329.40 a_n=40
rec n=27044906 E=347.00 a_n=18
rec n=27045038 E=359.80 a_n=20
rec n=27045121 E=369.00 a_n=18
rec n=35885294 E=424.20 a_n=30
rec n=35885333 E=437.80 a_n=25
rec n=35885338 E=462.80 a_n=27
rec n=60159869 E=493.20 a_n=150
rec n=75590539 E=535.20 a_n=40
# n=99999999 N=60000138 E=138.2000 supE=541.4000 infE=-54.0000 Mg=1720 psi-x=-143850.21 Tt=1823.7055 W=-1685.1055 gp=1074051 maxa=330@61831847
