
=== sigma = 0.1   (Parseval RHS 2pi int E^2 u^(-2sig-1): S8 6.72422   L 2.18440)
 window          int|Eh|^2:S8    L          ratio   | (1/T)int|D_X|^2: S8   L    sum_{n<=T}n^-2sig (S8)
 [   0.00,    0.2]  3.8162e-01  4.2674e-03  89.426  | 46434532.420 46429629.922        1.000
 [   0.25,    0.5]  2.2261e-01  4.3258e-03  51.460  | 40459638.385 40458706.996        1.000
 [   0.50,    1.0]  5.5715e-02  9.0539e-03   6.154  | 28350722.414 28349178.934        1.000
 [   1.00,    2.0]  5.4924e-02  2.1117e-02   2.601  | 13279117.858 13278700.751        1.000
 [   2.00,    4.0]  6.7071e-02  5.8787e-02   1.141  | 4317038.549 4316785.356        1.776
 [   4.00,    8.0]  2.2665e-01  1.3908e-01   1.630  | 1170342.759 1170267.371        1.776
 [   8.00,   16.0]  2.9282e-01  1.2006e-01   2.439  | 299072.076 299017.897        3.029
 [  16.00,   32.0]  2.6932e-01  9.2572e-02   2.909  |  75193.629  75177.691        5.129
 [  32.00,   64.0]  2.3302e-01  9.9321e-02   2.346  |  18841.142  18822.065        7.436
 [  64.00,  128.0]  2.1220e-01  8.5719e-02   2.475  |   4729.339   4717.888       12.697
 [ 128.00,  256.0]  2.5111e-01  7.5037e-02   3.347  |   1243.324   1199.824       21.486
 [ 256.00,  512.0]  1.8898e-01  6.6513e-02   2.841  |    400.812    331.465       36.782
 [ 512.00, 1024.0]  1.7941e-01  5.7683e-02   3.110  |    278.089    137.119       63.668
 [1024.00, 2048.0]  1.8468e-01  5.0068e-02   3.689  |    430.492    129.533      110.227
 2*sum over windows [0, 2048]: S8 5.64024   L 1.76721   (tail |t| > 2048 not included)

=== sigma = 0.3   (Parseval RHS 2pi int E^2 u^(-2sig-1): S8 1.05432   L 0.68745)
 window          int|Eh|^2:S8    L          ratio   | (1/T)int|D_X|^2: S8   L    sum_{n<=T}n^-2sig (S8)
 [   0.00,    0.2]  1.8085e-02  3.4270e-03   5.277  | 756232.905 756070.702        1.000
 [   0.25,    0.5]  2.0630e-02  3.4635e-03   5.957  | 609885.571 609958.336        1.000
 [   0.50,    1.0]  1.9762e-02  7.1763e-03   2.754  | 374465.580 374431.610        1.000
 [   1.00,    2.0]  2.4307e-02  1.6154e-02   1.505  | 151005.374 151010.949        1.000
 [   2.00,    4.0]  3.6615e-02  4.0643e-02   0.901  |  45015.066  45012.191        1.468
 [   4.00,    8.0]  1.0352e-01  7.9228e-02   1.307  |  11832.246  11829.451        1.468
 [   8.00,   16.0]  8.5257e-02  5.8344e-02   1.461  |   3002.576   3001.746        1.961
 [  16.00,   32.0]  6.7411e-02  3.6324e-02   1.856  |    756.352    755.037        2.543
 [  32.00,   64.0]  4.4178e-02  3.1884e-02   1.386  |    192.114    191.065        3.035
 [  64.00,  128.0]  3.1694e-02  2.1925e-02   1.446  |     52.160     50.845        3.901
 [ 128.00,  256.0]  2.7521e-02  1.5067e-02   1.827  |     20.147     16.716        4.993
 [ 256.00,  512.0]  1.5066e-02  1.0421e-02   1.446  |     12.196      9.548        6.431
 [ 512.00, 1024.0]  1.1153e-02  6.9261e-03   1.610  |     13.989      9.126        8.346
 [1024.00, 2048.0]  8.1381e-03  4.7166e-03   1.725  |     18.498     11.110       10.856
 2*sum over windows [0, 2048]: S8 1.02667   L 0.67140   (tail |t| > 2048 not included)

=== sigma = 0.45   (Parseval RHS 2pi int E^2 u^(-2sig-1): S8 0.48346   L 0.39553)
 window          int|Eh|^2:S8    L          ratio   | (1/T)int|D_X|^2: S8   L    sum_{n<=T}n^-2sig (S8)
 [   0.00,    0.2]  2.0128e-03  2.8940e-03   0.696  |  37937.235  37918.550        1.000
 [   0.25,    0.5]  6.0654e-03  2.9190e-03   2.078  |  27405.655  27418.949        1.000
 [   0.50,    1.0]  1.2644e-02  6.0077e-03   2.105  |  14665.309  14662.052        1.000
 [   1.00,    2.0]  1.8343e-02  1.3203e-02   1.389  |   5209.311   5210.638        1.000
 [   2.00,    4.0]  2.7536e-02  3.0929e-02   0.890  |   1461.475   1461.358        1.320
 [   4.00,    8.0]  6.3040e-02  5.2134e-02   1.209  |    377.266    376.856        1.320
 [   8.00,   16.0]  4.1375e-02  3.4873e-02   1.186  |     97.102     96.904        1.566
 [  16.00,   32.0]  2.8380e-02  1.9141e-02   1.483  |     25.920     25.528        1.789
 [  32.00,   64.0]  1.6643e-02  1.4867e-02   1.119  |      8.029      7.855        1.944
 [  64.00,  128.0]  1.0553e-02  8.9472e-03   1.179  |      3.857      3.643        2.169
 [ 128.00,  256.0]  7.3882e-03  5.3384e-03   1.384  |      3.325      2.750        2.398
 [ 256.00,  512.0]  3.5033e-03  3.1798e-03   1.102  |      2.943      2.749        2.644
 [ 512.00, 1024.0]  2.2322e-03  1.8335e-03   1.217  |      3.448      2.992        2.909
 [1024.00, 2048.0]  1.3084e-03  1.0427e-03   1.255  |      3.864      3.189        3.191
 2*sum over windows [0, 2048]: S8 0.48205   L 0.39462   (tail |t| > 2048 not included)

(4) block mean square of E on [U, 2U]:   U      S8(pi/16)     L       1/12 = 0.083333
        1000       0.5392    0.083395
       10000       0.7037    0.083349
      100000       1.1351    0.083333
      490000       1.4879    0.083333
