=== Tue Sep 29 00:56:12 IST 2026 lake build Challenge.IntegralityGap Solution.IntegralityGap (clone /Users/jaytyagi/rh-lean-work/checker-clone-s21; leanprover/lean4:v4.33.0-rc2; mathlib 51e6992efd)
✔ [8701/8703] Built ChallengeDeps.IntegralityGap (18s)
⚠ [8702/8703] Built Challenge.IntegralityGap (4.1s)
warning: comparator/Challenge/IntegralityGap.lean:51:8: declaration uses `sorry`
warning: comparator/Challenge/IntegralityGap.lean:61:8: declaration uses `sorry`
warning: comparator/Challenge/IntegralityGap.lean:67:8: declaration uses `sorry`
warning: comparator/Challenge/IntegralityGap.lean:73:8: declaration uses `sorry`
warning: comparator/Challenge/IntegralityGap.lean:79:8: declaration uses `sorry`
warning: comparator/Challenge/IntegralityGap.lean:83:8: declaration uses `sorry`
warning: comparator/Challenge/IntegralityGap.lean:87:8: declaration uses `sorry`
warning: comparator/Challenge/IntegralityGap.lean:92:8: declaration uses `sorry`
warning: comparator/Challenge/IntegralityGap.lean:96:8: declaration uses `sorry`
warning: comparator/Challenge/IntegralityGap.lean:104:8: declaration uses `sorry`
warning: comparator/Challenge/IntegralityGap.lean:112:8: declaration uses `sorry`
warning: comparator/Challenge/IntegralityGap.lean:120:8: declaration uses `sorry`
warning: comparator/Challenge/IntegralityGap.lean:127:8: declaration uses `sorry`
warning: comparator/Challenge/IntegralityGap.lean:131:8: declaration uses `sorry`
warning: comparator/Challenge/IntegralityGap.lean:135:8: declaration uses `sorry`
warning: comparator/Challenge/IntegralityGap.lean:139:8: declaration uses `sorry`
✔ [8703/8703] Built Solution.IntegralityGap (4.2s)
Build completed successfully (8703 jobs).
       25.35 real         7.57 user        10.13 sys
          5850578944  maximum resident set size
=== end Tue Sep 29 00:56:38 IST 2026
