=== pre-run cleanup, topic IntegralityGap: Tue Sep 29 00:58:17 IST 2026 ===
.lake/build/ir/ChallengeDeps/IntegralityGap.c
.lake/build/ir/ChallengeDeps/IntegralityGap.c.hash
.lake/build/ir/ChallengeDeps/IntegralityGap.setup.json
.lake/build/lib/lean/ChallengeDeps/IntegralityGap.ilean
.lake/build/lib/lean/ChallengeDeps/IntegralityGap.ilean.hash
.lake/build/lib/lean/ChallengeDeps/IntegralityGap.olean
.lake/build/lib/lean/ChallengeDeps/IntegralityGap.olean.hash
.lake/build/lib/lean/ChallengeDeps/IntegralityGap.trace
.lake/build/ir/Challenge/IntegralityGap.c
.lake/build/ir/Challenge/IntegralityGap.c.hash
.lake/build/ir/Challenge/IntegralityGap.setup.json
.lake/build/lib/lean/Challenge/IntegralityGap.ilean
.lake/build/lib/lean/Challenge/IntegralityGap.ilean.hash
.lake/build/lib/lean/Challenge/IntegralityGap.olean
.lake/build/lib/lean/Challenge/IntegralityGap.olean.hash
.lake/build/lib/lean/Challenge/IntegralityGap.trace
.lake/build/ir/Solution/IntegralityGap.c
.lake/build/ir/Solution/IntegralityGap.c.hash
.lake/build/ir/Solution/IntegralityGap.setup.json
.lake/build/lib/lean/Solution/IntegralityGap.ilean
.lake/build/lib/lean/Solution/IntegralityGap.ilean.hash
.lake/build/lib/lean/Solution/IntegralityGap.olean
.lake/build/lib/lean/Solution/IntegralityGap.olean.hash
.lake/build/lib/lean/Solution/IntegralityGap.trace
--- remaining:
(eval):23: no matches found: .lake/build/lib/lean/ChallengeDeps/IntegralityGap.*
=== end Tue Sep 29 00:58:17 IST 2026 ===
