=== Tue Sep 29 00:57:21 IST 2026 #print axioms, topic names: lake env lean comparator/PrintAxioms/IntegralityGap.lean (clone /Users/jaytyagi/rh-lean-work/checker-clone-s21; leanprover/lean4:v4.33.0-rc2; mathlib 51e6992efd)
'trace_sq_grid_rat' depends on axioms: [propext, Classical.choice, Quot.sound]
'gridRowQ_eq' depends on axioms: [propext, Classical.choice, Quot.sound]
'gridRow_eq' depends on axioms: [propext, Classical.choice, Quot.sound]
'gridRow_eq_gridRowQ' depends on axioms: [propext, Classical.choice, Quot.sound]
'fracMark_mass' depends on axioms: [propext, Classical.choice, Quot.sound]
'fracMark_sq' depends on axioms: [propext, Classical.choice, Quot.sound]
'fracMark_Nd' depends on axioms: [propext, Classical.choice, Quot.sound]
'fracMark_row' depends on axioms: [propext, Classical.choice, Quot.sound]
'mi_fails_rational' depends on axioms: [propext, Classical.choice, Quot.sound]
'corner_fails_rational' depends on axioms: [propext, Classical.choice, Quot.sound]
'corner_bound_fails_rational' depends on axioms: [propext, Classical.choice, Quot.sound]
'mi_holds_integer' depends on axioms: [propext, Classical.choice, Quot.sound]
'per_atom_slack' depends on axioms: [propext, Classical.choice, Quot.sound]
'per_atom_slack_fails_rational' depends on axioms: [propext, Classical.choice, Quot.sound]
'per_atom_floor' depends on axioms: [propext, Classical.choice, Quot.sound]
'per_atom_floor_fails_rational' depends on axioms: [propext, Classical.choice, Quot.sound]
--- exit 0
=== Tue Sep 29 00:57:25 IST 2026 #print axioms, the Zeta23 originals (scratch file zeta23_axioms.lean, importing Zeta23.PairCeiling.GridGap)
'Zeta23.PairCeiling.GridParsevalRat.sum_dftVec_mul_neg' depends on axioms: [propext, Classical.choice, Quot.sound]
'Zeta23.PairCeiling.GridParsevalRat.flat_band_trace_sq_vec' depends on axioms: [propext, Classical.choice, Quot.sound]
'Zeta23.PairCeiling.GridParsevalRat.dftMark_eq_dftMarkQ' depends on axioms: [propext, Classical.choice, Quot.sound]
'Zeta23.PairCeiling.GridParsevalRat.grid_parseval_decoupling_rat' depends on axioms: [propext,
 Classical.choice,
 Quot.sound]
'Zeta23.PairCeiling.GridParsevalRat.trace_sq_grid_rat' depends on axioms: [propext, Classical.choice, Quot.sound]
'Zeta23.PairCeiling.GridParsevalRat.gridRowQ_eq' depends on axioms: [propext, Classical.choice, Quot.sound]
'Zeta23.PairCeiling.GridParsevalRat.gridRow_eq_gridRowQ' depends on axioms: [propext, Classical.choice, Quot.sound]
'Zeta23.PairCeiling.GridGap.per_atom_slack' depends on axioms: [propext, Classical.choice, Quot.sound]
'Zeta23.PairCeiling.GridGap.per_atom_slack_fails_rational' depends on axioms: [propext, Classical.choice, Quot.sound]
'Zeta23.PairCeiling.GridGap.per_atom_floor' depends on axioms: [propext, Classical.choice, Quot.sound]
'Zeta23.PairCeiling.GridGap.per_atom_floor_fails_rational' depends on axioms: [propext, Classical.choice, Quot.sound]
'Zeta23.PairCeiling.GridGap.mi_holds_integer' depends on axioms: [propext, Classical.choice, Quot.sound]
'Zeta23.PairCeiling.GridGap.fracMark_mass' depends on axioms: [propext, Classical.choice, Quot.sound]
'Zeta23.PairCeiling.GridGap.fracMark_sq' depends on axioms: [propext, Classical.choice, Quot.sound]
'Zeta23.PairCeiling.GridGap.fracMark_Nd' depends on axioms: [propext, Classical.choice, Quot.sound]
'Zeta23.PairCeiling.GridGap.fracMark_row' depends on axioms: [propext, Classical.choice, Quot.sound]
'Zeta23.PairCeiling.GridGap.mi_fails_rational' depends on axioms: [propext, Classical.choice, Quot.sound]
'Zeta23.PairCeiling.GridGap.corner_fails_rational' depends on axioms: [propext, Classical.choice, Quot.sound]
'Zeta23.PairCeiling.GridGap.corner_bound_fails_rational' depends on axioms: [propext, Classical.choice, Quot.sound]
'Zeta23.PairCeiling.GridCorner.attainMark_mass' depends on axioms: [propext, Classical.choice, Quot.sound]
'Zeta23.PairCeiling.GridCorner.attainMark_sq' depends on axioms: [propext, Classical.choice, Quot.sound]
--- exit 0
=== end Tue Sep 29 00:57:26 IST 2026
