=== Tue Sep 29 00:57:26 IST 2026 trust greps (nine words, comments stripped), root = clone /Users/jaytyagi/rh-lean-work/checker-clone-s21
Zeta23/PairCeiling/GridParsevalRat.lean Zeta23/PairCeiling/GridGap.lean comparator/ChallengeDeps/IntegralityGap.lean comparator/Challenge/IntegralityGap.lean comparator/Solution/IntegralityGap.lean comparator/PrintAxioms/IntegralityGap.lean: (absent)
files present: 0; hits outside comments: 0
--- exit 0 (expected 1: exactly the 16 deliberate challenge sorrys)
=== Tue Sep 29 00:57:26 IST 2026 trust greps, root = program tree rh-program/lean
Zeta23/PairCeiling/GridParsevalRat.lean Zeta23/PairCeiling/GridGap.lean comparator/ChallengeDeps/IntegralityGap.lean comparator/Challenge/IntegralityGap.lean comparator/Solution/IntegralityGap.lean comparator/PrintAxioms/IntegralityGap.lean: (absent)
files present: 0; hits outside comments: 0
--- exit 0
=== Tue Sep 29 00:57:26 IST 2026 tree = mirror byte comparison (cmp) for the 6 Lean files + config
cmp: /Users/jaytyagi/Library/Mobile Documents/com~apple~CloudDocs/Documents/Work/2026/Math/riemann/rh-program/lean/Zeta23/PairCeiling/GridParsevalRat.lean Zeta23/PairCeiling/GridGap.lean comparator/ChallengeDeps/IntegralityGap.lean comparator/Challenge/IntegralityGap.lean comparator/Solution/IntegralityGap.lean comparator/PrintAxioms/IntegralityGap.lean: No such file or directory
DIFFER: Zeta23/PairCeiling/GridParsevalRat.lean Zeta23/PairCeiling/GridGap.lean comparator/ChallengeDeps/IntegralityGap.lean comparator/Challenge/IntegralityGap.lean comparator/Solution/IntegralityGap.lean comparator/PrintAxioms/IntegralityGap.lean
identical: comparator/config-integrality-gap.json
=== Tue Sep 29 00:57:26 IST 2026 imports of the topic files (grep ^import)
-- Zeta23/PairCeiling/GridParsevalRat.lean Zeta23/PairCeiling/GridGap.lean comparator/ChallengeDeps/IntegralityGap.lean comparator/Challenge/IntegralityGap.lean comparator/Solution/IntegralityGap.lean comparator/PrintAxioms/IntegralityGap.lean
ugrep: warning: Zeta23/PairCeiling/GridParsevalRat.lean Zeta23/PairCeiling/GridGap.lean comparator/ChallengeDeps/IntegralityGap.lean comparator/Challenge/IntegralityGap.lean comparator/Solution/IntegralityGap.lean comparator/PrintAxioms/IntegralityGap.lean: No such file or directory
=== end Tue Sep 29 00:57:27 IST 2026

##### SECOND RUN Tue Sep 29 00:57:49 IST 2026: the section above is a zsh word-splitting slip (the file list was passed as ONE argument); superseded by this bash run
=== Tue Sep 29 00:57:49 IST 2026 trust greps (nine words, comments stripped), root = clone /Users/jaytyagi/rh-lean-work/checker-clone-s21
comparator/Challenge/IntegralityGap.lean:58: [sorry] sorry
comparator/Challenge/IntegralityGap.lean:64: [sorry] sorry
comparator/Challenge/IntegralityGap.lean:70: [sorry] sorry
comparator/Challenge/IntegralityGap.lean:76: [sorry] sorry
comparator/Challenge/IntegralityGap.lean:80: [sorry] sorry
comparator/Challenge/IntegralityGap.lean:84: [sorry] sorry
comparator/Challenge/IntegralityGap.lean:89: [sorry] sorry
comparator/Challenge/IntegralityGap.lean:93: [sorry] sorry
comparator/Challenge/IntegralityGap.lean:100: [sorry] sorry
comparator/Challenge/IntegralityGap.lean:109: [sorry] sorry
comparator/Challenge/IntegralityGap.lean:117: [sorry] sorry
comparator/Challenge/IntegralityGap.lean:124: [sorry] sorry
comparator/Challenge/IntegralityGap.lean:128: [sorry] sorry
comparator/Challenge/IntegralityGap.lean:132: [sorry] sorry
comparator/Challenge/IntegralityGap.lean:136: [sorry] sorry
comparator/Challenge/IntegralityGap.lean:140: [sorry] sorry
files present: 6; hits outside comments: 16
--- exit 1 (expected 1: exactly the 16 deliberate challenge sorrys)
=== Tue Sep 29 00:57:49 IST 2026 trust greps, root = program tree rh-program/lean
comparator/Challenge/IntegralityGap.lean:58: [sorry] sorry
comparator/Challenge/IntegralityGap.lean:64: [sorry] sorry
comparator/Challenge/IntegralityGap.lean:70: [sorry] sorry
comparator/Challenge/IntegralityGap.lean:76: [sorry] sorry
comparator/Challenge/IntegralityGap.lean:80: [sorry] sorry
comparator/Challenge/IntegralityGap.lean:84: [sorry] sorry
comparator/Challenge/IntegralityGap.lean:89: [sorry] sorry
comparator/Challenge/IntegralityGap.lean:93: [sorry] sorry
comparator/Challenge/IntegralityGap.lean:100: [sorry] sorry
comparator/Challenge/IntegralityGap.lean:109: [sorry] sorry
comparator/Challenge/IntegralityGap.lean:117: [sorry] sorry
comparator/Challenge/IntegralityGap.lean:124: [sorry] sorry
comparator/Challenge/IntegralityGap.lean:128: [sorry] sorry
comparator/Challenge/IntegralityGap.lean:132: [sorry] sorry
comparator/Challenge/IntegralityGap.lean:136: [sorry] sorry
comparator/Challenge/IntegralityGap.lean:140: [sorry] sorry
files present: 6; hits outside comments: 16
--- exit 1
=== Tue Sep 29 00:57:49 IST 2026 tree = mirror byte comparison (cmp) for the 6 Lean files + config
identical: Zeta23/PairCeiling/GridParsevalRat.lean
identical: Zeta23/PairCeiling/GridGap.lean
identical: comparator/ChallengeDeps/IntegralityGap.lean
identical: comparator/Challenge/IntegralityGap.lean
identical: comparator/Solution/IntegralityGap.lean
identical: comparator/PrintAxioms/IntegralityGap.lean
identical: comparator/config-integrality-gap.json
=== Tue Sep 29 00:57:49 IST 2026 imports of the topic files (grep ^import)
-- Zeta23/PairCeiling/GridParsevalRat.lean
37:import Zeta23.PairCeiling.GridCorner
-- Zeta23/PairCeiling/GridGap.lean
45:import Zeta23.PairCeiling.GridParsevalRat
-- comparator/ChallengeDeps/IntegralityGap.lean
33:import Mathlib
-- comparator/Challenge/IntegralityGap.lean
44:import ChallengeDeps.IntegralityGap
-- comparator/Solution/IntegralityGap.lean
21:import ChallengeDeps.IntegralityGap
22:import Zeta23.PairCeiling.GridGap
-- comparator/PrintAxioms/IntegralityGap.lean
18:import Solution.IntegralityGap
=== end Tue Sep 29 00:57:49 IST 2026
