... 20 (class,sign) pairs processed, elapsed 0.1s
... 40 (class,sign) pairs processed, elapsed 0.5s
... 60 (class,sign) pairs processed, elapsed 0.7s
... 80 (class,sign) pairs processed, elapsed 0.9s
... 100 (class,sign) pairs processed, elapsed 1.3s
... 120 (class,sign) pairs processed, elapsed 2.2s
... 140 (class,sign) pairs processed, elapsed 2.5s
... 160 (class,sign) pairs processed, elapsed 2.8s
... 180 (class,sign) pairs processed, elapsed 3.0s
... 200 (class,sign) pairs processed, elapsed 3.2s
... 220 (class,sign) pairs processed, elapsed 3.2s
... 240 (class,sign) pairs processed, elapsed 4.3s
... 260 (class,sign) pairs processed, elapsed 4.5s
... 280 (class,sign) pairs processed, elapsed 4.8s
... 300 (class,sign) pairs processed, elapsed 5.0s
... 320 (class,sign) pairs processed, elapsed 5.3s
... 340 (class,sign) pairs processed, elapsed 6.7s
... 360 (class,sign) pairs processed, elapsed 6.9s
... 380 (class,sign) pairs processed, elapsed 7.0s
... 400 (class,sign) pairs processed, elapsed 7.3s
... 420 (class,sign) pairs processed, elapsed 7.9s
... 440 (class,sign) pairs processed, elapsed 8.2s
... 460 (class,sign) pairs processed, elapsed 8.5s
... 480 (class,sign) pairs processed, elapsed 8.7s
... 500 (class,sign) pairs processed, elapsed 8.9s
... 520 (class,sign) pairs processed, elapsed 8.9s
... 540 (class,sign) pairs processed, elapsed 9.2s
... 560 (class,sign) pairs processed, elapsed 10.1s
... 580 (class,sign) pairs processed, elapsed 10.4s
... 600 (class,sign) pairs processed, elapsed 10.8s
... 620 (class,sign) pairs processed, elapsed 10.9s
... 640 (class,sign) pairs processed, elapsed 11.2s
... 660 (class,sign) pairs processed, elapsed 11.7s
... 680 (class,sign) pairs processed, elapsed 12.1s
... 700 (class,sign) pairs processed, elapsed 12.3s
per-m status counts over (class,sign) pairs tried at that m:
  m=0: {'nonpositive': 456, 'realized': 254, 'notfound': 4}
  m=1: {'nonpositive': 294, 'notfound': 28, 'realized': 137, 'cap': 1}
  m=2: {'nonpositive': 254, 'notfound': 47, 'realized': 17, 'cap': 5}
least_m distribution over (class,sign): {0: 254, 1: 137, 2: 17}  unresolved: 306
classes: 357  realized with identity sign: 204  realized with either sign: 295
elapsed s: 12.9
