== m=0 'notfound' and m=1/2 'cap' cases (targets t_k, best residual, Jmin/Jmax) ==
3,-1,-1,flip m=1: b=(1,0.5774,-0.3333) LY-top t1^2/4+2=2.0833  status=notfound err=2.28e-01 Jmin=0.000 Jmax=25.000 nzero=4 smin=2.16e+00
3,1,-1,id m=1: b=(1,0.5774,-0.3333) LY-top t1^2/4+2=2.0833  status=notfound err=2.28e-01 Jmin=0.000 Jmax=25.000 nzero=4 smin=2.16e+00
5,-6,19,flip m=0: b=(1,2.6833,3.8000) LY-top t1^2/4+2=3.8000  status=notfound err=2.82e-07 Jmin=0.000 Jmax=0.200 nzero=0 smin=3.98e-01
5,-6,19,flip m=1: b=(1,2.6833,3.8000) LY-top t1^2/4+2=3.8000  status=notfound err=5.23e-09 Jmin=0.000 Jmax=0.200 nzero=6 smin=2.45e-01
5,-2,11,id m=1: b=(1,-0.8944,2.2000) LY-top t1^2/4+2=2.2000  status=notfound err=1.65e-01 Jmin=0.000 Jmax=21.539 nzero=6 smin=3.23e+00
5,-1,-2,flip m=1: b=(1,0.4472,-0.4000) LY-top t1^2/4+2=2.0500  status=notfound err=3.23e-01 Jmin=0.000 Jmax=6.885 nzero=4 smin=2.58e+00
5,-1,-1,flip m=1: b=(1,0.4472,-0.2000) LY-top t1^2/4+2=2.0500  status=notfound err=1.43e-01 Jmin=0.000 Jmax=24.389 nzero=4 smin=2.16e+00
5,0,10,id m=1: b=(1,0.0000,2.0000) LY-top t1^2/4+2=2.0000  status=notfound err=3.34e-07 Jmin=0.000 Jmax=3.835 nzero=6 smin=2.62e+00
5,0,10,flip m=1: b=(1,0.0000,2.0000) LY-top t1^2/4+2=2.0000  status=notfound err=2.29e-07 Jmin=0.000 Jmax=3.929 nzero=6 smin=1.74e+00
5,1,-2,id m=1: b=(1,0.4472,-0.4000) LY-top t1^2/4+2=2.0500  status=notfound err=3.23e-01 Jmin=0.000 Jmax=24.874 nzero=4 smin=2.58e+00
5,1,-1,id m=1: b=(1,0.4472,-0.2000) LY-top t1^2/4+2=2.0500  status=notfound err=1.43e-01 Jmin=0.000 Jmax=24.458 nzero=4 smin=2.16e+00
5,2,10,flip m=1: b=(1,-0.8944,2.0000) LY-top t1^2/4+2=2.2000  status=notfound err=1.16e-09 Jmin=0.000 Jmax=24.922 nzero=6 smin=3.26e+00
5,2,11,flip m=1: b=(1,-0.8944,2.2000) LY-top t1^2/4+2=2.2000  status=notfound err=1.65e-01 Jmin=0.000 Jmax=24.756 nzero=6 smin=2.97e+00
5,6,19,id m=0: b=(1,2.6833,3.8000) LY-top t1^2/4+2=3.8000  status=notfound err=3.15e-07 Jmin=0.000 Jmax=0.200 nzero=0 smin=3.98e-01
7,-8,30,flip m=0: b=(1,3.0237,4.2857) LY-top t1^2/4+2=4.2857  status=notfound err=1.09e-06 Jmin=0.000 Jmax=0.140 nzero=0 smin=2.76e-01
7,-8,30,flip m=1: b=(1,3.0237,4.2857) LY-top t1^2/4+2=4.2857  status=notfound err=5.43e-09 Jmin=0.000 Jmax=0.140 nzero=6 smin=1.79e-01
7,-2,-3,flip m=1: b=(1,0.7559,-0.4286) LY-top t1^2/4+2=2.1429  status=notfound err=2.63e-01 Jmin=0.000 Jmax=11.032 nzero=4 smin=2.03e+00
7,-2,-2,flip m=1: b=(1,0.7559,-0.2857) LY-top t1^2/4+2=2.1429  status=notfound err=1.60e-01 Jmin=0.000 Jmax=14.876 nzero=4 smin=1.90e+00
7,-2,-1,flip m=1: b=(1,0.7559,-0.1429) LY-top t1^2/4+2=2.1429  status=notfound err=7.39e-02 Jmin=0.000 Jmax=16.954 nzero=4 smin=1.83e+00
7,-2,14,id m=1: b=(1,-0.7559,2.0000) LY-top t1^2/4+2=2.1429  status=notfound err=4.04e-09 Jmin=0.000 Jmax=9.742 nzero=6 smin=2.17e+00
7,-2,15,id m=1: b=(1,-0.7559,2.1429) LY-top t1^2/4+2=2.1429  status=notfound err=1.05e-01 Jmin=0.000 Jmax=20.688 nzero=6 smin=2.41e+00
7,-1,-2,flip m=1: b=(1,0.3780,-0.2857) LY-top t1^2/4+2=2.0357  status=notfound err=2.31e-01 Jmin=0.000 Jmax=25.000 nzero=4 smin=2.47e+00
7,-1,-1,flip m=1: b=(1,0.3780,-0.1429) LY-top t1^2/4+2=2.0357  status=cap err=1.06e-01 Jmin=0.000 Jmax=25.000 nzero=4 smin=2.18e+00
7,0,14,id m=1: b=(1,0.0000,2.0000) LY-top t1^2/4+2=2.0000  status=notfound err=2.84e-07 Jmin=0.000 Jmax=3.868 nzero=6 smin=2.02e+00
7,0,14,flip m=1: b=(1,0.0000,2.0000) LY-top t1^2/4+2=2.0000  status=notfound err=1.48e-07 Jmin=0.000 Jmax=4.049 nzero=6 smin=1.74e+00
7,1,-2,id m=1: b=(1,0.3780,-0.2857) LY-top t1^2/4+2=2.0357  status=notfound err=2.31e-01 Jmin=0.000 Jmax=20.355 nzero=4 smin=2.47e+00
7,1,-1,id m=1: b=(1,0.3780,-0.1429) LY-top t1^2/4+2=2.0357  status=notfound err=1.06e-01 Jmin=0.000 Jmax=22.453 nzero=4 smin=2.18e+00
7,2,-3,id m=1: b=(1,0.7559,-0.4286) LY-top t1^2/4+2=2.1429  status=notfound err=2.63e-01 Jmin=0.000 Jmax=21.894 nzero=4 smin=2.03e+00
7,2,-2,id m=1: b=(1,0.7559,-0.2857) LY-top t1^2/4+2=2.1429  status=notfound err=1.60e-01 Jmin=0.000 Jmax=18.028 nzero=4 smin=1.90e+00
7,2,-1,id m=1: b=(1,0.7559,-0.1429) LY-top t1^2/4+2=2.1429  status=notfound err=7.39e-02 Jmin=0.000 Jmax=15.628 nzero=4 smin=1.83e+00
7,2,15,flip m=1: b=(1,-0.7559,2.1429) LY-top t1^2/4+2=2.1429  status=notfound err=1.05e-01 Jmin=0.000 Jmax=24.872 nzero=6 smin=3.14e+00
7,8,30,id m=0: b=(1,3.0237,4.2857) LY-top t1^2/4+2=4.2857  status=notfound err=1.32e-06 Jmin=0.000 Jmax=0.140 nzero=0 smin=2.76e-01
7,8,30,id m=1: b=(1,3.0237,4.2857) LY-top t1^2/4+2=4.2857  status=notfound err=3.10e-09 Jmin=0.000 Jmax=0.140 nzero=6 smin=2.01e-01
== positivity threshold m_pos over (class,sign) pairs == [(0, 258), (1, 162), (2, 40), (3, 46), (4, 14), (5, 36), (6, 2), (7, 18), (8, 4), (9, 18), (11, 8), (13, 12), (15, 8), (16, 2), (17, 4), (19, 2), (21, 8), (23, 4), (25, 6), (27, 2), (29, 4), (31, 10), (33, 2), (37, 2), (41, 2), (45, 2), (53, 4), (59, 2), (65, 2), (71, 2), (77, 2), (85, 2), (101, 2), (129, 2), (131, 2), (137, 2), (145, 2), (185, 2), (201, 12)]
== m_pos over classes, min over the two signs == [(0, 258), (1, 55), (3, 19), (5, 12), (7, 2), (9, 2), (11, 1), (13, 1), (15, 1), (17, 1), (21, 1), (23, 1), (33, 1), (201, 2)]
  m_pos=201: p=3 a1=-2 a2=1 sign=1  b1=-1.1547 b2=0.3333
  m_pos=201: p=3 a1=2 a2=1 sign=-1  b1=-1.1547 b2=0.3333
  m_pos=201: p=5 a1=-4 a2=8 sign=1  b1=-1.7889 b2=1.6000
  m_pos=201: p=5 a1=0 a2=-10 sign=1  b1=0.0000 b2=-2.0000
  m_pos=201: p=5 a1=0 a2=-10 sign=-1  b1=0.0000 b2=-2.0000
  m_pos=201: p=5 a1=4 a2=8 sign=-1  b1=-1.7889 b2=1.6000
