A1: APPLIED — pair 1: replaced OLD (248 chars) → NEW (181 chars)
A1: APPLIED — pair 2: replaced OLD (91 chars) → NEW (97 chars)
A2: APPLIED — pair 1: replaced OLD (38 chars) → NEW (49 chars)
A2: APPLIED — pair 2: replaced OLD (23 chars) → NEW (26 chars)
A3: APPLIED — replaced OLD (89 chars) → NEW (88 chars)
A4: APPLIED — replaced OLD (15 chars) → NEW (450 chars)
A5: APPLIED — replaced OLD (57 chars) → NEW (310 chars)
A6: APPLIED — replaced OLD (18 chars) → NEW (21 chars)
A7: APPLIED — inserted new paragraph (866 chars) after anchor '**10. Koosis, *The Logarithmic Integral*; Havin–Jö'
A8: APPLIED — replaced OLD (54 chars) → NEW (146 chars)
A9: APPLIED — replaced OLD (43 chars) → NEW (51 chars)
A10: APPLIED — insertion: inserted new paragraph (385 chars) after anchor 'σ_t ≠ ν_ζ for t ≠ 0. ∎'
A10: APPLIED — pair 1: replaced OLD (60 chars) → NEW (138 chars)
A11: APPLIED — replaced OLD (69 chars) → NEW (181 chars)
A12: APPLIED — replaced OLD (65 chars) → NEW (108 chars)
A13: APPLIED — replaced OLD (23 chars) → NEW (81 chars)
A14: APPLIED — replaced OLD (76 chars) → NEW (203 chars)
A15: APPLIED — replaced OLD (47 chars) → NEW (58 chars)
A16: APPLIED — replaced OLD (39 chars) → NEW (190 chars)
A17: APPLIED — insertion: inserted new paragraph (937 chars) before anchor '### §4.1 DECISION'
A18: NOT APPLIED — unused per read-O.md (the §5.2 paragraph needs no change)
A19: APPLIED — replaced OLD (50 chars) → NEW (114 chars)
A20: APPLIED — replaced OLD (56 chars) → NEW (219 chars)
A21: APPLIED — replaced OLD (59 chars) → NEW (77 chars)
A22: APPLIED — replaced OLD (57 chars) → NEW (145 chars) (first parser pass missed the line's end-of-line terminator; re-parsed and applied with the same exactly-once check, count = 1)
A23: APPLIED — replaced OLD (176 chars) → NEW (356 chars)
A24: APPLIED — replaced OLD (62 chars) → NEW (91 chars)
A25: APPLIED — replaced OLD (141 chars) → NEW (203 chars)
A26: APPLIED — replaced OLD (73 chars) → NEW (106 chars)
A27: APPLIED — replaced OLD (158 chars) → NEW (192 chars)
A28: APPLIED — replaced OLD (218 chars) → NEW (400 chars)
