V: L(1)=1  N_1..8=[1, 11, 76, 451, 2501, 13376, 70001, 361251]  b_1..8=[1, 5, 25, 110, 500, 2215, 10000, 45100]  |roots|=[1.382, 3.618]  Re s=[0.20101, 0.79899]
  deg(pi-2) = -1; Tr((pi-2)(pi-2)^dagger) = -2
  Gram eigenvalues [-5.     -1.      0.1716  5.8284] -> index (+,-) = (2,2)
  def(Gamma-2Delta) = 2*-1*3 - (-4) = -2
  alpha^2 = 13.090  vs [q^0.5, q^1.5] = [2.236, 11.180]
  twist over F_25: 41  vs (5) < 41  and (7) <= 40
E0: L(1)=2  N_1..8=[2, 20, 122, 640, 3202, 15860, 78682, 391680]  b_1..8=[2, 9, 40, 155, 640, 2620, 11240, 48880]  |roots|=[2.2361, 2.2361]  Re s=[0.5, 0.5]
  deg(pi-2) = 1; Tr((pi-2)(pi-2)^dagger) = 2
  Gram eigenvalues [-5.1096 -1.     -0.1256  6.2351] -> index (+,-) = (1,3)
  def(Gamma-2Delta) = 2*-1*3 - (-8) = 2
  alpha^2 = 5.000  vs [q^0.5, q^1.5] = [2.236, 11.180]
  twist over F_25: 32  vs (5) < 41  and (7) <= 40
== V2: L = 1 - u + 11u^2 - 5u^3 + 25u^4 ==
  FE check L(u) - 25u^4 L(1/(5u)) = 0; h = L(1) = 31
  |roots| = [1.8425, 1.8425, 2.7138, 2.7138]  Re s = [0.3797, 0.6203]
  N_1..6 = [5, 47, 143, 507, 2950, 16319]; b_1..6 = [5, 21, 46, 115, 589, 2689]; min N = 5, min b = 5 (n,d <= 40)
  Bombieri Thm 1 at Q=5^6: N_6 - Q - 1 = 693  vs (2g+1) Q^{1/2} = 625  -> violated: True
== Lemma Z4: kappa = A T/(T-1), A = -sum c_k log k / k ==
  Chebyshev c=(1@1,-1@2,-1@3,-1@5,+1@30), T=6: kappa = 1.105550 (NOTE 1.105550)
  binomial C(2n,n) c=(1@1,-2@2), T=2: kappa = 1.386294 (NOTE 1.386294 = 2 log 2)
  Chebyshev g: min=0, max=1, g==1 on [1,6): True
