# dr8/label-sweep-checkers.log — 2026-09-10 03:44 IST: after the trust_label amendment of the two DH transcripts (label + comment fields only; the Arb JSON had no comment field, one was added — schema-optional), both Python checkers and the Instances.lean back-parse re-run. (An earlier version of this log, 03:38, recorded a SyntaxError in reference_checker.py: the new label's apostrophe inside a single-quoted Python literal; fixed by double-quoting, then everything re-run.)
## reference_checker.py
== acceptance/w1-mp-dh-livefire.json
   C1 pass: K=1000000000000000000000000000000 A=1000000000000, all denominators >= 1
   C2 pass: 1/2 < sigma1 <= sigma2 < 1, T1 < T2 (cross-multiplied)
   C3 pass: CCW walk, corners pinned, strict monotonicity per edge
   C4 pass: M = 40 segments
   C5 pass: all value boxes nonempty
   C6 pass: every segment box excludes 0
   C7 pass: argument rows valid and clamped to [-A/2, A/2]
   C8 pass: S_lo = 999999999980, S_hi = 1000000000020, 2*width = 80 < A = 1000000000000
   C9 pass: S_lo = 999999999980 <= A*m = 1000000000000 <= S_hi = 1000000000020
   C10 pass: mode refutation, m = 1
   C11 pass: modulus floor 246720161844356978370552244/1000000000000000000000000000000 certified on all rows
   VERDICT: ACCEPT (all checks pass; f_DH has at least one zero in R = [4/5, 41/50] × [85.69, 85.71] with Re s > 1/2 — kernel-checked modulo the displayed hypothesis H-ENCL_DH (the two producers' enclosures of f_DH on ∂R are true; producers untrusted).)
== acceptance/w1-arb-dh-livefire.json
   C1 pass: K=1000000000000000000000000000000 A=1000000, all denominators >= 1
   C2 pass: 1/2 < sigma1 <= sigma2 < 1, T1 < T2 (cross-multiplied)
   C3 pass: CCW walk, corners pinned, strict monotonicity per edge
   C4 pass: M = 50 segments
   C5 pass: all value boxes nonempty
   C6 pass: every segment box excludes 0
   C7 pass: argument rows valid and clamped to [-A/2, A/2]
   C8 pass: S_lo = 999973, S_hi = 1000023, 2*width = 100 < A = 1000000
   C9 pass: S_lo = 999973 <= A*m = 1000000 <= S_hi = 1000023
   C10 pass: mode refutation, m = 1
   C11 pass: modulus floor 301881785757956470927016215/1000000000000000000000000000000 certified on all rows
   VERDICT: ACCEPT (all checks pass; f_DH has at least one zero in R = [4/5, 41/50] × [85.69, 85.71] with Re s > 1/2 — kernel-checked modulo the displayed hypothesis H-ENCL_DH (the two producers' enclosures of f_DH on ∂R are true; producers untrusted).)
exit=0
## checker_ref.py
acceptance/w1-mp-dh-livefire.json: ACCEPT (f_DH/refutation, m=1, 40 segments, S=[999999999980, 1000000000020], A=1000000000000; checks passed: C1 C2 C3 C4 C5 C6 C7 C8 C9 C10 C11; floor verified)
acceptance/w1-arb-dh-livefire.json: ACCEPT (f_DH/refutation, m=1, 50 segments, S=[999973, 1000023], A=1000000; checks passed: C1 C2 C3 C4 C5 C6 C7 C8 C9 C10 C11; floor verified)
exit=0
## selftests (negative controls) of both checkers, to show the label edit broke nothing
   control 'mode exclusion with m = 1': rejected at C10 [ok]  (C10: mode exclusion requires m = 0)
   control 'bottom[last] != sigma2': rejected at C3 [ok]  (C3: mesh.bottom[last] != edge end corner)
   control 'sigma1 = 1/2': rejected at C2 [ok]  (C2: sigma1 <= 1/2)
exit=0
  mutate-for-C10 -> C10 OK
  mutate-for-C3 -> C3 OK
  mutate-for-C2 -> C2 OK
exit=0
## recon_instances_verify.py (back-parse of Instances.lean vs all 12 JSONs; the label is outside W1Data)
RECONCILER -- Instances.lean literals vs acceptance/*.json (independent back-parse, O's reader)
AUDIT O -- AuditOCases.lean literals vs acceptance/*.json (independent back-parse)
instance               rows  field/row comparison
  mpNullT100               52  OK
  arbNullT100              27  OK
  mpNullT1000              81  OK
  arbNullT1000             65  OK
  mpNullT10000           1294  OK
  arbNullT10000           983  OK
  mpNullDeepT100           58  OK
  arbNullDeepT100          30  OK
  mpDH                     40  OK
  arbDH                    50  OK
  posMP_rej                77  OK
  posARB_rej              183  OK

TOTAL literal mismatches: 0
exit=0
## crosscheck.py on the DH pair (label outside the compared arithmetic)
== acceptance/w1-mp-dh-livefire.json  vs  acceptance/w1-arb-dh-livefire.json
   overlap pairs checked: 122, all value boxes intersect
   winding leg1 [49999999999/50000000000, 50000000001/50000000000] vs leg2 [999973/1000000, 1000023/1000000] turns, m = 1
   floors (independent lower bounds): leg1 0.00024672, leg2 0.000301882
   VERDICT: CONSISTENT
exit=0
## ζ transcripts unaffected: both checkers on the eight null transcripts
Traceback (most recent call last):
  File "/Users/jaytyagi/Library/Mobile Documents/com~apple~CloudDocs/Documents/Work/2026/Math/riemann/rh-program/results/d1-m1/reference_checker.py", line 319, in <module>
== acceptance/w1-mp-null-t100.json acceptance/w1-arb-null-t100.json acceptance/w1-mp-null-t1000.json acceptance/w1-arb-null-t1000.json acceptance/w1-mp-null-t10000.json acceptance/w1-arb-null-t10000.json acceptance/w1-mp-null-deep-t100.json acceptance/w1-arb-null-deep-t100.json
    ok = all(run_file(p) for p in args)
  File "/Users/jaytyagi/Library/Mobile Documents/com~apple~CloudDocs/Documents/Work/2026/Math/riemann/rh-program/results/d1-m1/reference_checker.py", line 319, in <genexpr>
    ok = all(run_file(p) for p in args)
  File "/Users/jaytyagi/Library/Mobile Documents/com~apple~CloudDocs/Documents/Work/2026/Math/riemann/rh-program/results/d1-m1/reference_checker.py", line 241, in run_file
    with open(path) as fh:
FileNotFoundError: [Errno 2] No such file or directory: 'acceptance/w1-mp-null-t100.json acceptance/w1-arb-null-t100.json acceptance/w1-mp-null-t1000.json acceptance/w1-arb-null-t1000.json acceptance/w1-mp-null-t10000.json acceptance/w1-arb-null-t10000.json acceptance/w1-mp-null-deep-t100.json acceptance/w1-arb-null-deep-t100.json'
exit=
Traceback (most recent call last):
  File "/Users/jaytyagi/Library/Mobile Documents/com~apple~CloudDocs/Documents/Work/2026/Math/riemann/rh-program/results/d1-m1/checker_ref.py", line 337, in <module>
    sys.exit(main(sys.argv[1:]))
  File "/Users/jaytyagi/Library/Mobile Documents/com~apple~CloudDocs/Documents/Work/2026/Math/riemann/rh-program/results/d1-m1/checker_ref.py", line 331, in main
    ok, _ = check_file(path)
  File "/Users/jaytyagi/Library/Mobile Documents/com~apple~CloudDocs/Documents/Work/2026/Math/riemann/rh-program/results/d1-m1/checker_ref.py", line 256, in check_file
    with open(path) as fh:
FileNotFoundError: [Errno 2] No such file or directory: 'acceptance/w1-mp-null-t100.json acceptance/w1-arb-null-t100.json acceptance/w1-mp-null-t1000.json acceptance/w1-arb-null-t1000.json acceptance/w1-mp-null-t10000.json acceptance/w1-arb-null-t10000.json acceptance/w1-mp-null-deep-t100.json acceptance/w1-arb-null-deep-t100.json'
exit=1
## SHA-256 after (old DH hashes: mp 756b144704c19b5ba8f34d38ec812255ee94025ebb2804f120ff932a5025d441, arb e39b90cbacccb6b1e262498ba1a05280006385aa57cf40908a9de8ef91d24381)
fdd3701d2f353990beeac0d7e56808a8cbe959a1748c904d152fc221e93a0765  acceptance/w1-mp-dh-livefire.json
b652bde5aedb79d8d5723942adbd75ec83b2ca1fd0e603cdfcdb6c75b55eae9d  acceptance/w1-arb-dh-livefire.json
02563d15160b3834ba64c8746f4795010ae87af1021efbd325e3e6ef1b1aacfc  w1-schema.json
79c0271176c762fb78a05ae26595535e7247ef5cc8a84877cb97e05b43db4fd8  producer_mp.py
dee9e1be3ba1922f7709339cca86ac9e59c6f22b91d3792dedc22d3be79a6de5  producer_arb.py
c3957816c5fe6dd8c97fa1774096ba87712ab226af96ba9a3c143407ac7b40dd  checker_ref.py
8724d4ee7459f59dccb68bc3a06aaf3bc3d7a9b7e31ad2b8aa2304164f102ec4  reference_checker.py
   13732 acceptance/w1-mp-dh-livefire.json
   15994 acceptance/w1-arb-dh-livefire.json
   29726 total
