# dr8/no-regression.log — #check @Zeta23.W1.cert_of_checkW1_ap BEFORE and AFTER the Route G edit of Soundness.lean (non-negotiable (ii))
# before: captured 2026-09-10 03:22 IST against the pre-edit oleans (mirror = tree, cmp-verified); after: 2026-09-10 03:28 IST against the rebuilt Soundness/ArgPrincipleBridge

## BEFORE
Zeta23.W1.cert_of_checkW1_ap : ∀ (d : Zeta23.W1.W1Data),
  Zeta23.W1.checkW1 d = true →
    Zeta23.W1.W1EnclOK riemannZeta d →
      (1 ≤ d.m → ∃ ρ, riemannZeta ρ = 0 ∧ 1 / 2 < ρ.re ∧ ρ.re < 1 ∧ Zeta23.W1.T1 d < ρ.im ∧ ρ.im < Zeta23.W1.T2 d) ∧
        (d.m = 0 → ∀ s ∈ Zeta23.W1.W1Rect d, riemannZeta s ≠ 0)
'Zeta23.W1.cert_of_checkW1_ap' depends on axioms: [propext, Classical.choice, Quot.sound]
lake env lean "$S/check_ap_before.lean"  0.98s user 1.10s system 74% cpu 2.783 total

## AFTER
Zeta23.W1.cert_of_checkW1_ap : ∀ (d : Zeta23.W1.W1Data),
  Zeta23.W1.checkW1 d = true →
    Zeta23.W1.W1EnclOK riemannZeta d →
      (1 ≤ d.m → ∃ ρ, riemannZeta ρ = 0 ∧ 1 / 2 < ρ.re ∧ ρ.re < 1 ∧ Zeta23.W1.T1 d < ρ.im ∧ ρ.im < Zeta23.W1.T2 d) ∧
        (d.m = 0 → ∀ s ∈ Zeta23.W1.W1Rect d, riemannZeta s ≠ 0)
'Zeta23.W1.cert_of_checkW1_ap' depends on axioms: [propext, Classical.choice, Quot.sound]
lake env lean "$S/check_ap_before.lean"  0.99s user 0.99s system 100% cpu 1.967 total
== after probe done 03:28:49

## diff (lake timing lines excluded)
NO DIFFERENCE — statement and axioms of cert_of_checkW1_ap are character-for-character unchanged

## source lines of the statement in ArgPrincipleBridge.lean (file untouched; sha256 below)
449:theorem cert_of_checkW1_ap (d : W1Data) (hc : checkW1 d = true)
450-    (hEncl : W1EnclOK riemannZeta d) :
451-    (1 ≤ d.m → ∃ ρ : ℂ, riemannZeta ρ = 0 ∧ 1/2 < ρ.re ∧ ρ.re < 1
452-        ∧ T1 d < ρ.im ∧ ρ.im < T2 d)
453-    ∧ (d.m = 0 → ∀ s ∈ W1Rect d, riemannZeta s ≠ 0) :=
454-  cert_of_checkW1 d hc hEncl rectArgPrinciple_riemannZeta
b8392aad5f3438458038bdf4c9b71a660cab2ddd1d63f9a5e7a05771cf503a0e  Zeta23/W1/ArgPrincipleBridge.lean
b8392aad5f3438458038bdf4c9b71a660cab2ddd1d63f9a5e7a05771cf503a0e  /Users/jaytyagi/Library/Mobile Documents/com~apple~CloudDocs/Documents/Work/2026/Math/riemann/rh-program/lean/Zeta23/W1/ArgPrincipleBridge.lean
