3717 g-primes <= 1e9 smooth over primes <= 61
step 0  log10n 8.9555  f 276  exp 0.27256  n = 2^4*3^2*5^3*7*13*19*29
step 1  x2  log10n 9.2565  f 344  exp 0.27403  marg 0.3177  2n^.35 3474  n = 2^5*3^2*5^3*7*13*19*29  ovf=0  t=0s
step 2  x19  log10n 10.5352  f 918  exp 0.28123  marg 0.3334  2n^.35 9736  n = 2^5*3^2*5^3*7*13*19^2*29  ovf=0  t=0s
step 3  x3  log10n 11.0124  f 1270  exp 0.28185  marg 0.2954  2n^.35 1.43e+04  n = 2^5*3^3*5^3*7*13*19^2*29  ovf=0  t=0s
step 4  x5  log10n 11.7113  f 2308  exp 0.28718  marg 0.3712  2n^.35 2.512e+04  n = 2^5*3^3*5^4*7*13*19^2*29  ovf=0  t=0s
step 5  x7  log10n 12.5564  f 4450  exp 0.29056  marg 0.3374  2n^.35 4.963e+04  n = 2^5*3^3*5^4*7^2*13*19^2*29  ovf=0  t=0s
step 6  x11  log10n 13.5978  f 9948  exp 0.29400  marg 0.3355  2n^.35 1.149e+05  n = 2^5*3^3*5^4*7^2*11*13*19^2*29  ovf=0  t=0s
step 7  x5  log10n 14.2968  f 18893  exp 0.29911  marg 0.3985  2n^.35 2.018e+05  n = 2^5*3^3*5^5*7^2*11*13*19^2*29  ovf=0  t=0s
step 8  x17  log10n 15.5273  f 50911  exp 0.30313  marg 0.3499  2n^.35 5.44e+05  n = 2^5*3^3*5^5*7^2*11*13*17*19^2*29  ovf=0  t=0s
step 9  x5  log10n 16.2262  f 89268  exp 0.30510  marg 0.3489  2n^.35 9.554e+05  n = 2^5*3^3*5^6*7^2*11*13*17*19^2*29  ovf=0  t=0s
step 10  x2  log10n 16.5273  f 115388  exp 0.30629  marg 0.3703  2n^.35 1.218e+06  n = 2^6*3^3*5^6*7^2*11*13*17*19^2*29  ovf=0  t=0s
step 11  x29  log10n 17.9896  f 358353  exp 0.30875  marg 0.3365  2n^.35 3.957e+06  n = 2^6*3^3*5^6*7^2*11*13*17*19^2*29^2  ovf=0  t=0s
step 12  x3  log10n 18.4668  f 521958  exp 0.30962  marg 0.3423  2n^.35 5.813e+06  n = 2^6*3^4*5^6*7^2*11*13*17*19^2*29^2  ovf=0  t=0s
step 13  x5  log10n 19.1657  f 920532  exp 0.31118  marg 0.3525  2n^.35 1.021e+07  n = 2^6*3^4*5^7*7^2*11*13*17*19^2*29^2  ovf=0  t=0s
step 14  x23  log10n 20.5275  f 2782781  exp 0.31394  marg 0.3528  2n^.35 3.059e+07  n = 2^6*3^4*5^7*7^2*11*13*17*19^2*23*29^2  ovf=0  t=1s
step 15  x19  log10n 21.8062  f 7549975  exp 0.31541  marg 0.3390  2n^.35 8.574e+07  n = 2^6*3^4*5^7*7^2*11*13*17*19^3*23*29^2  ovf=0  t=1s
step 16  x5  log10n 22.5052  f 13035046  exp 0.31615  marg 0.3393  2n^.35 1.506e+08  n = 2^6*3^4*5^8*7^2*11*13*17*19^3*23*29^2  ovf=0  t=2s
step 17  x2  log10n 22.8062  f 16926711  exp 0.31696  marg 0.3769  2n^.35 1.92e+08  n = 2^7*3^4*5^8*7^2*11*13*17*19^3*23*29^2  ovf=0  t=3s
step 18  x37  log10n 24.3744  f 56528925  exp 0.31805  marg 0.3339  2n^.35 6.793e+08  n = 2^7*3^4*5^8*7^2*11*13*17*19^3*23*29^2*37  ovf=0  t=3s
step 19  x41  log10n 25.9872  f 345503668  exp 0.32856  marg 0.4875  2n^.35 2.492e+09  n = 2^7*3^4*5^8*7^2*11*13*17*19^3*23*29^2*37*41  ovf=0  t=5s
step 20  x41  log10n 27.6000  f 1284769678  exp 0.33003  marg 0.3537  2n^.35 9.142e+09  n = 2^7*3^4*5^8*7^2*11*13*17*19^3*23*29^2*37*41^2  ovf=0  t=11s
step 21  x5  log10n 28.2990  f 2257892942  exp 0.33053  marg 0.3503  2n^.35 1.606e+10  n = 2^7*3^4*5^9*7^2*11*13*17*19^3*23*29^2*37*41^2  ovf=0  t=20s
step 22  x3  log10n 28.7761  f 3386452401  exp 0.33117  marg 0.3690  2n^.35 2.359e+10  n = 2^7*3^5*5^9*7^2*11*13*17*19^3*23*29^2*37*41^2  ovf=0  t=31s
