709 g-primes <= 1e9 smooth over primes <= 89
step 0  log10n 8.9273  f 122  exp 0.23371  n = 2^2*3*5*7*13*37*53*79
step 1  x3  log10n 9.4044  f 193  exp 0.24303  marg 0.4175  2n^.35 3914  n = 2^2*3^2*5*7*13*37*53*79  ovf=0  t=0s
step 2  x11  log10n 10.4458  f 418  exp 0.25093  marg 0.3223  2n^.35 9059  n = 2^2*3^2*5*7*11*13*37*53*79  ovf=0  t=0s
step 3  x13  log10n 11.5598  f 977  exp 0.25865  marg 0.3310  2n^.35 2.223e+04  n = 2^2*3^2*5*7*11*13^2*37*53*79  ovf=0  t=0s
step 4  x5  log10n 12.2587  f 1544  exp 0.26011  marg 0.2844  2n^.35 3.905e+04  n = 2^2*3^2*5^2*7*11*13^2*37*53*79  ovf=0  t=0s
step 5  x37  log10n 13.8269  f 4227  exp 0.26224  marg 0.2789  2n^.35 1.382e+05  n = 2^2*3^2*5^2*7*11*13^2*37^2*53*79  ovf=0  t=0s
step 6  x2  log10n 14.1280  f 5114  exp 0.26251  marg 0.2748  2n^.35 1.761e+05  n = 2^3*3^2*5^2*7*11*13^2*37^2*53*79  ovf=0  t=0s
step 7  x79  log10n 16.0256  f 15384  exp 0.26127  marg 0.2521  2n^.35 8.128e+05  n = 2^3*3^2*5^2*7*11*13^2*37^2*53*79^2  ovf=0  t=0s
step 8  x17  log10n 17.2560  f 34990  exp 0.26332  marg 0.2900  2n^.35 2.191e+06  n = 2^3*3^2*5^2*7*11*13^2*17*37^2*53*79^2  ovf=0  t=0s
step 9  x13  log10n 18.3700  f 73090  exp 0.26477  marg 0.2872  2n^.35 5.377e+06  n = 2^3*3^2*5^2*7*11*13^3*17*37^2*53*79^2  ovf=0  t=0s
step 10  x23  log10n 19.7317  f 189760  exp 0.26750  marg 0.3043  2n^.35 1.611e+07  n = 2^3*3^2*5^2*7*11*13^3*17*23*37^2*53*79^2  ovf=0  t=0s
step 11  x53  log10n 21.4560  f 548540  exp 0.26749  marg 0.2674  2n^.35 6.466e+07  n = 2^3*3^2*5^2*7*11*13^3*17*23*37^2*53^2*79^2  ovf=0  t=0s
step 12  x3  log10n 21.9331  f 735051  exp 0.26746  marg 0.2664  2n^.35 9.498e+07  n = 2^3*3^3*5^2*7*11*13^3*17*23*37^2*53^2*79^2  ovf=0  t=0s
step 13  x37  log10n 23.5013  f 1880895  exp 0.26698  marg 0.2602  2n^.35 3.361e+08  n = 2^3*3^3*5^2*7*11*13^3*17*23*37^3*53^2*79^2  ovf=0  t=0s
step 14  x7  log10n 24.3464  f 3151968  exp 0.26692  marg 0.2653  2n^.35 6.642e+08  n = 2^3*3^3*5^2*7^2*11*13^3*17*23*37^3*53^2*79^2  ovf=0  t=1s
step 15  x79  log10n 26.2440  f 10015974  exp 0.26675  marg 0.2646  2n^.35 3.065e+09  n = 2^3*3^3*5^2*7^2*11*13^3*17*23*37^3*53^2*79^3  ovf=0  t=2s
step 16  x2  log10n 26.5451  f 12210888  exp 0.26697  marg 0.2859  2n^.35 3.907e+09  n = 2^4*3^3*5^2*7^2*11*13^3*17*23*37^3*53^2*79^3  ovf=0  t=3s
step 17  x19  log10n 27.8238  f 26582351  exp 0.26684  marg 0.2642  2n^.35 1.095e+10  n = 2^4*3^3*5^2*7^2*11*13^3*17*19*23*37^3*53^2*79^3  ovf=0  t=4s
step 18  x13  log10n 28.9378  f 54699889  exp 0.26740  marg 0.2813  2n^.35 2.687e+10  n = 2^4*3^3*5^2*7^2*11*13^4*17*19*23*37^3*53^2*79^3  ovf=0  t=7s
step 19  x31  log10n 30.4291  f 147930904  exp 0.26849  marg 0.2897  2n^.35 8.938e+10  n = 2^4*3^3*5^2*7^2*11*13^4*17*19*23*31*37^3*53^2*79^3  ovf=0  t=12s
step 20  x29  log10n 31.8915  f 372105278  exp 0.26874  marg 0.2739  2n^.35 2.904e+11  n = 2^4*3^3*5^2*7^2*11*13^4*17*19*23*29*31*37^3*53^2*79^3  ovf=0  t=21s
step 21  x53  log10n 33.6158  f 1055448765  exp 0.26843  marg 0.2626  2n^.35 1.166e+12  n = 2^4*3^3*5^2*7^2*11*13^4*17*19*23*29*31*37^3*53^3*79^3  ovf=0  t=45s
step 22  x43  log10n 35.2493  f 2880095682  exp 0.26836  marg 0.2669  2n^.35 4.348e+12  n = 2^4*3^3*5^2*7^2*11*13^4*17*19*23*29*31*37^3*43*53^3*79^3  ovf=0  t=78s
step 23  x79  log10n 37.1469  f 9710151234  exp 0.26886  marg 0.2781  2n^.35 2.007e+13  n = 2^4*3^3*5^2*7^2*11*13^4*17*19*23*29*31*37^3*43*53^3*79^4  ovf=0  t=154s
step 24  x47  log10n 38.8190  f 30297947645  exp 0.27001  marg 0.2955  2n^.35 7.721e+13  n = 2^4*3^3*5^2*7^2*11*13^4*17*19*23*29*31*37^3*43*47*53^3*79^4  ovf=0  t=257s
# stop: lattice cap
