2176 g-primes <= 1e9 smooth over primes <= 89
step 0  log10n 8.9750  f 174  exp 0.24964  n = 2^2*3^2*7*11*13*17*23*67
step 1  x23  log10n 10.3367  f 464  exp 0.25797  marg 0.3128  2n^.35 8296  n = 2^2*3^2*7*11*13*17*23^2*67  ovf=0  t=0s
step 2  x5  log10n 11.0357  f 813  exp 0.26370  marg 0.3485  2n^.35 1.457e+04  n = 2^2*3^2*5*7*11*13*17*23^2*67  ovf=0  t=0s
step 3  x23  log10n 12.3974  f 1885  exp 0.26419  marg 0.2682  2n^.35 4.366e+04  n = 2^2*3^2*5*7*11*13*17*23^3*67  ovf=0  t=0s
step 4  x2  log10n 12.6984  f 2331  exp 0.26519  marg 0.3064  2n^.35 5.565e+04  n = 2^3*3^2*5*7*11*13*17*23^3*67  ovf=0  t=0s
step 5  x11  log10n 13.7398  f 4676  exp 0.26710  marg 0.2903  2n^.35 1.288e+05  n = 2^3*3^2*5*7*11^2*13*17*23^3*67  ovf=0  t=0s
step 6  x3  log10n 14.2170  f 6337  exp 0.26742  marg 0.2767  2n^.35 1.892e+05  n = 2^3*3^3*5*7*11^2*13*17*23^3*67  ovf=0  t=0s
step 7  x23  log10n 15.5787  f 14883  exp 0.26785  marg 0.2723  2n^.35 5.67e+05  n = 2^3*3^3*5*7*11^2*13*17*23^4*67  ovf=0  t=0s
step 8  x2  log10n 15.8797  f 17990  exp 0.26795  marg 0.2735  2n^.35 7.227e+05  n = 2^4*3^3*5*7*11^2*13*17*23^4*67  ovf=0  t=0s
step 9  x67  log10n 17.7058  f 57548  exp 0.26884  marg 0.2765  2n^.35 3.148e+06  n = 2^4*3^3*5*7*11^2*13*17*23^4*67^2  ovf=0  t=0s
step 10  x7  log10n 18.5509  f 98400  exp 0.26915  marg 0.2757  2n^.35 6.221e+06  n = 2^4*3^3*5*7^2*11^2*13*17*23^4*67^2  ovf=0  t=0s
step 11  x19  log10n 19.8296  f 214271  exp 0.26884  marg 0.2643  2n^.35 1.743e+07  n = 2^4*3^3*5*7^2*11^2*13*17*19*23^4*67^2  ovf=0  t=0s
step 12  x31  log10n 21.3210  f 665441  exp 0.27312  marg 0.3300  2n^.35 5.799e+07  n = 2^4*3^3*5*7^2*11^2*13*17*19*23^4*31*67^2  ovf=0  t=0s
step 13  x37  log10n 22.8892  f 3188096  exp 0.28413  marg 0.4339  2n^.35 2.052e+08  n = 2^4*3^3*5*7^2*11^2*13*17*19*23^4*31*37*67^2  ovf=0  t=1s
step 14  x37  log10n 24.4574  f 9473866  exp 0.28525  marg 0.3016  2n^.35 7.263e+08  n = 2^4*3^3*5*7^2*11^2*13*17*19*23^4*31*37^2*67^2  ovf=0  t=2s
step 15  x3  log10n 24.9345  f 13117086  exp 0.28546  marg 0.2962  2n^.35 1.067e+09  n = 2^4*3^4*5*7^2*11^2*13*17*19*23^4*31*37^2*67^2  ovf=0  t=3s
step 16  x23  log10n 26.2963  f 32992139  exp 0.28591  marg 0.2942  2n^.35 3.197e+09  n = 2^4*3^4*5*7^2*11^2*13*17*19*23^5*31*37^2*67^2  ovf=0  t=5s
step 17  x29  log10n 27.7587  f 89234005  exp 0.28642  marg 0.2955  2n^.35 1.039e+10  n = 2^4*3^4*5*7^2*11^2*13*17*19*23^5*29*31*37^2*67^2  ovf=0  t=8s
step 18  x23  log10n 29.1204  f 207233936  exp 0.28559  marg 0.2687  2n^.35 3.113e+10  n = 2^4*3^4*5*7^2*11^2*13*17*19*23^6*29*31*37^2*67^2  ovf=0  t=14s
step 19  x43  log10n 30.7539  f 590617073  exp 0.28521  marg 0.2785  2n^.35 1.161e+11  n = 2^4*3^4*5*7^2*11^2*13*17*19*23^6*29*31*37^2*43*67^2  ovf=0  t=22s
step 20  x47  log10n 32.4259  f 1955554911  exp 0.28654  marg 0.3110  2n^.35 4.468e+11  n = 2^4*3^4*5*7^2*11^2*13*17*19*23^6*29*31*37^2*43*47*67^2  ovf=0  t=41s
step 21  x67  log10n 34.2520  f 6137128170  exp 0.28576  marg 0.2720  2n^.35 1.946e+12  n = 2^4*3^4*5*7^2*11^2*13*17*19*23^6*29*31*37^2*43*47*67^3  ovf=0  t=87s
step 22  x2  log10n 34.5531  f 7550844254  exp 0.28588  marg 0.2991  2n^.35 2.481e+12  n = 2^5*3^4*5*7^2*11^2*13*17*19*23^6*29*31*37^2*43*47*67^3  ovf=0  t=149s
step 23  x23  log10n 35.9148  f 17779903658  exp 0.28540  marg 0.2731  2n^.35 7.434e+12  n = 2^5*3^4*5*7^2*11^2*13*17*19*23^7*29*31*37^2*43*47*67^3  ovf=0  t=216s
step 24  x3  log10n 36.3919  f 24943415445  exp 0.28569  marg 0.3082  2n^.35 1.092e+13  n = 2^5*3^5*5*7^2*11^2*13*17*19*23^7*29*31*37^2*43*47*67^3  ovf=0  t=296s
