# gen X=1000000000 rho=19/20
# records of E for n>=1e5: n a_n E(n-1) E(n) m_n
D x=10 N=10 supE=0.4500@10 infE(real)=-0.9000 maxa=1@2 sites=4 mult=4 comp=0 supDpsi=-0.905655 infDpsi=-3.16799 hashA=107cde763548a11e hashG=72a936ae86bc8578 ovf=0 pi=4 primeg=4
# composite g-prime #1: 26 (m=1)
# composite g-prime #2: 39 (m=1)
# composite g-prime #3: 65 (m=1)
# composite g-prime #4: 74 (m=1)
# composite g-prime #5: 91 (m=1)
D x=100 N=95 supE=0.8500@78 infE(real)=-1.3500 maxa=2@78 sites=24 mult=24 comp=5 supDpsi=2.05856 infDpsi=-10.4245 hashA=74ad77a0d0152cf9 hashG=d52a64edd20b0df0 ovf=0 pi=25 primeg=19
# composite g-prime #6: 106 (m=1)
# composite g-prime #7: 111 (m=1)
# composite g-prime #8: 143 (m=1)
# composite g-prime #9: 146 (m=1)
# composite g-prime #10: 159 (m=1)
# composite g-prime #11: 169 (m=1)
# composite g-prime #12: 194 (m=1)
# composite g-prime #13: 221 (m=1)
# composite g-prime #14: 226 (m=1)
# composite g-prime #15: 247 (m=1)
# composite g-prime #16: 259 (m=1)
# composite g-prime #17: 265 (m=1)
# composite g-prime #18: 299 (m=1)
# composite g-prime #19: 316 (m=1)
# composite g-prime #20: 339 (m=1)
# composite g-prime #21: 346 (m=1)
# composite g-prime #22: 371 (m=1)
# composite g-prime #23: 377 (m=1)
# composite g-prime #24: 386 (m=1)
# composite g-prime #25: 403 (m=1)
# composite g-prime #26: 407 (m=1)
# composite g-prime #27: 411 (m=1)
# composite g-prime #28: 466 (m=1)
# composite g-prime #29: 481 (m=1)
# composite g-prime #30: 485 (m=1)
D x=1000 N=950 supE=3.1500@784 infE(real)=-1.3500 maxa=3@390 sites=168 mult=168 comp=67 supDpsi=22.8059 infDpsi=-34.1374 hashA=d50f957e0d17e996 hashG=0229c6344a229c2f ovf=0 pi=168 primeg=101
D x=10000 N=9500 supE=6.2500@5566 infE(real)=-1.4000 maxa=4@2730 sites=1227 mult=1227 comp=725 supDpsi=103.3 infDpsi=-126.748 hashA=38f0b58616031c76 hashG=70f910935f4656b2 ovf=0 pi=1229 primeg=502
R 100000 1 2.9000 2.9500 0
D x=100000 N=95003 supE=17.8500@78078 infE(real)=-1.4000 maxa=8@40404 sites=9546 mult=9546 comp=6849 supDpsi=656.703 infDpsi=-543.518 hashA=21036cf83d6a0d6d hashG=7ed88a7710f1bcfd ovf=0 pi=9592 primeg=2697
R 100002 2 2.0000 3.0500 0
R 100005 3 2.1500 4.2000 0
R 100010 2 3.4000 4.4500 0
R 100011 2 4.4500 5.5000 0
R 100012 2 5.5000 6.5500 0
R 100026 2 6.2000 7.2500 0
R 100035 3 5.6500 7.7000 0
R 100036 1 7.7000 7.7500 0
R 100037 1 7.7500 7.8000 0
# a-record n=101010 a_n=10
R 101010 10 3.4000 12.4500 0
R 101011 1 12.4500 12.5000 0
R 102375 3 10.6500 12.7000 0
R 102376 1 12.7000 12.7500 0
R 102377 1 12.7500 12.8000 0
R 102378 2 12.8000 13.8500 0
R 117117 5 10.7500 14.8000 0
# a-record n=144690 a_n=13
R 156156 8 8.7000 15.7500 0
R 173247 2 15.2500 16.3000 0
R 173262 2 16.0000 17.0500 0
R 173264 3 16.1000 18.1500 0
R 193375 3 16.6500 18.7000 0
R 193376 1 18.7000 18.7500 0
R 193380 3 16.9000 18.9500 0
R 193382 2 18.0000 19.0500 0
R 193383 1 19.0500 19.1000 0
R 193384 1 19.1000 19.1500 0
R 199082 4 17.0000 20.0500 0
# a-record n=289380 a_n=14
R 292300 5 16.9000 20.9500 0
R 346495 2 20.6500 21.7000 0
R 426405 6 18.1500 23.2000 0
R 438450 7 18.4000 24.4500 0
R 438451 2 24.4500 25.5000 0
R 696476 2 24.7000 25.7500 0
R 696477 1 25.7500 25.8000 0
R 800440 2 24.9000 25.9500 0
R 800445 3 25.1500 27.2000 0
R 800446 1 27.2000 27.2500 0
R 800449 2 26.3500 27.4000 0
R 800450 1 27.4000 27.4500 0
R 800451 1 27.4500 27.5000 0
R 800452 1 27.5000 27.5500 0
R 800460 3 25.9000 27.9500 0
R 800461 1 27.9500 28.0000 0
R 800462 2 28.0000 29.0500 0
# a-record n=857220 a_n=15
D x=1000000 N=950007 supE=29.0500@800462 infE(real)=-1.4000 maxa=15@857220 sites=78561 mult=78561 comp=62785 supDpsi=2844.18 infDpsi=-3576.24 hashA=7cd101400a6e79f9 hashG=78957fffb17c58e0 ovf=0 pi=78498 primeg=15776
R 1012650 6 25.4000 30.4500 0
# a-record n=1111110 a_n=17
# a-record n=1294020 a_n=18
R 1297257 4 27.7500 30.8000 0
R 1297275 4 28.6500 31.7000 0
R 1297278 2 30.8000 31.8500 0
R 1297281 2 30.9500 32.0000 0
R 1507156 2 31.7000 32.7500 0
R 1507158 3 31.8000 33.8500 0
R 1507159 1 33.8500 33.9000 0
R 1507160 1 33.9000 33.9500 0
R 1507161 1 33.9500 34.0000 0
R 1532022 4 32.0000 35.0500 0
R 1532023 1 35.0500 35.1000 0
R 1532024 2 35.1000 36.1500 0
R 1532025 1 36.1500 36.2000 0
# a-record n=1591590 a_n=21
R 2555664 4 34.1000 37.1500 0
R 2555665 1 37.1500 37.2000 0
R 2555672 2 36.5000 37.5500 0
R 2555675 2 36.6500 37.7000 0
R 2555676 1 37.7000 37.7500 0
R 2587188 3 36.3000 38.3500 0
R 2587190 2 37.4000 38.4500 0
R 2587192 2 37.5000 38.5500 0
R 2587193 2 38.5500 39.6000 0
R 2587194 1 39.6000 39.6500 0
R 2587195 3 39.6500 41.7000 0
R 2587196 1 41.7000 41.7500 0
R 2587248 5 39.3000 43.3500 0
R 2587249 1 43.3500 43.4000 0
R 2587250 3 43.4000 45.4500 0
R 2587260 5 41.9000 45.9500 0
R 2587266 3 44.2000 46.2500 0
R 2587268 3 45.3000 47.3500 0
R 2587270 2 46.4000 47.4500 0
# a-record n=3183180 a_n=22
R 3212120 3 45.9000 47.9500 0
R 3212121 1 47.9500 48.0000 0
R 3212122 1 48.0000 48.0500 0
R 3212196 4 45.7000 48.7500 0
R 3212200 3 47.9000 49.9500 0
R 3212220 5 46.9000 50.9500 0
# a-record n=3761940 a_n=26
R 5261840 4 48.9000 51.9500 0
R 5261841 3 51.9500 54.0000 0
R 5261844 3 52.1000 54.1500 0
R 5261845 2 54.1500 55.2000 0
R 5261936 3 53.7000 55.7500 0
R 5261958 6 50.8000 55.8500 0
R 5261959 2 55.8500 56.9000 0
R 5261960 1 56.9000 56.9500 0
R 5261961 1 56.9500 57.0000 0
R 5261962 1 57.0000 57.0500 0
R 5261963 1 57.0500 57.1000 0
R 5261964 2 57.1000 58.1500 0
R 5261965 1 58.1500 58.2000 0
R 5261984 5 55.1000 59.1500 0
R 5261985 1 59.1500 59.2000 0
R 5261986 1 59.2000 59.2500 0
# a-record n=5353530 a_n=29
R 5987712 3 57.5000 59.5500 0
D x=10000000 N=9500017 supE=59.5500@5987712 infE(real)=-1.4000 maxa=29@5353530 sites=664555 mult=664555 comp=564133 supDpsi=11792.1 infDpsi=-16794.1 hashA=adea31348ad3298b hashG=49e4e73bb7b96a2f ovf=0 pi=664579 primeg=100422
R 10523799 13 50.8500 62.9000 0
R 10523800 3 62.9000 64.9500 0
# a-record n=10707060 a_n=37
R 12122110 9 59.4000 67.4500 0
R 12122112 2 66.5000 67.5500 0
# a-record n=15959580 a_n=40
R 16546440 4 65.9000 68.9500 0
R 16546452 5 67.5000 71.5500 0
R 16546453 1 71.5500 71.6000 0
R 16546454 2 71.6000 72.6500 0
R 16546455 1 72.6500 72.7000 0
R 16546456 1 72.7000 72.7500 0
# a-record n=22828260 a_n=43
# a-record n=23555532 a_n=45
# a-record n=31919160 a_n=46
# a-record n=41381340 a_n=48
# a-record n=47878740 a_n=57
R 51151100 15 60.9000 74.9500 0
R 54042736 3 73.7000 75.7500 0
R 54042737 1 75.7500 75.8000 0
R 54042738 1 75.8000 75.8500 0
R 54042740 3 74.9000 76.9500 0
R 54042741 1 76.9500 77.0000 0
R 54042742 2 77.0000 78.0500 0
R 54042744 3 77.1000 79.1500 0
R 54042745 1 79.1500 79.2000 0
R 54042746 1 79.2000 79.2500 0
R 54042747 1 79.2500 79.3000 0
R 54042750 3 78.4000 80.4500 0
R 54042755 4 77.6500 80.7000 0
R 54042756 2 80.7000 81.7500 0
R 54042758 3 80.8000 82.8500 0
R 54042759 1 82.8500 82.9000 0
R 54042760 1 82.9000 82.9500 0
R 54042761 1 82.9500 83.0000 0
R 54042762 4 83.0000 86.0500 0
R 54042768 5 84.3000 88.3500 0
R 54042769 1 88.3500 88.4000 0
R 54042770 1 88.4000 88.4500 0
R 54042780 3 86.9000 88.9500 0
R 54042801 2 88.9500 90.0000 0
R 54042802 2 90.0000 91.0500 0
R 54042804 2 90.1000 91.1500 0
R 54042805 1 91.1500 91.2000 0
R 54042807 3 90.2500 92.3000 0
R 54042820 8 88.9000 95.9500 0
R 54042821 2 95.9500 97.0000 0
R 54042822 1 97.0000 97.0500 0
R 54042828 4 95.3000 98.3500 0
# a-record n=58888830 a_n=62
# a-record n=79797900 a_n=63
R 82018560 14 86.9000 99.9500 0
R 82018566 7 97.2000 103.2500 0
R 82018576 3 101.7000 103.7500 0
D x=100000000 N=95000004 supE=103.7500@82018576 infE(real)=-1.4000 maxa=63@79797900 sites=5763819 mult=5763819 comp=5074812 supDpsi=71019.7 infDpsi=-69097.7 hashA=c891895bdd348dfa hashG=d15ac52e35cb1fd5 ovf=0 pi=5761455 primeg=689007
# a-record n=113726340 a_n=66
# a-record n=117777660 a_n=73
R 132145650 18 95.4000 112.4500 0
R 150303972 19 98.5000 116.5500 0
R 150303975 2 115.6500 116.7000 0
R 150303978 3 114.8000 116.8500 0
R 150303979 1 116.8500 116.9000 0
R 150303980 1 116.9000 116.9500 0
R 150303981 1 116.9500 117.0000 0
R 150303984 3 115.1000 117.1500 0
R 150303985 1 117.1500 117.2000 0
R 150303986 1 117.2000 117.2500 0
R 150303987 1 117.2500 117.3000 0
R 150303988 1 117.3000 117.3500 0
R 150303990 3 116.4000 118.4500 0
# a-record n=175555380 a_n=79
R 222785940 16 104.9000 119.9500 0
# a-record n=239393700 a_n=85
R 261312870 33 97.4000 129.4500 0
R 261312880 4 126.9000 129.9500 0
R 261312882 2 129.0000 130.0500 0
R 261312884 3 129.1000 131.1500 0
R 261312885 1 131.1500 131.2000 0
R 261312896 4 128.7000 131.7500 0
R 261312900 3 129.9000 131.9500 0
R 308609262 10 123.0000 132.0500 0
R 308609301 17 123.9500 140.0000 0
R 308609748 9 133.3000 141.3500 0
# a-record n=342915300 a_n=86
# a-record n=351110760 a_n=87
R 369397666 4 139.2000 142.2500 0
R 369397668 2 141.3000 142.3500 0
R 369397680 5 139.9000 143.9500 0
R 369397743 4 141.0500 144.1000 0
R 369397794 3 142.6000 144.6500 0
R 369397795 2 144.6500 145.7000 0
R 369397796 1 145.7000 145.7500 0
R 369397798 3 144.8000 146.8500 0
R 369397810 4 144.4000 147.4500 0
R 369397811 1 147.4500 147.5000 0
R 369397812 3 147.5000 149.5500 0
R 369397825 7 148.1500 154.2000 0
R 369397930 5 150.4000 154.4500 0
R 369397932 3 153.5000 155.5500 0
R 369397936 2 154.7000 155.7500 0
R 369397938 7 154.8000 160.8500 0
R 369397940 3 159.9000 161.9500 0
R 369397941 1 161.9500 162.0000 0
R 369398172 8 156.5000 163.5500 0
R 369398190 6 160.4000 165.4500 0
R 369398198 3 163.8000 165.8500 0
R 369398199 1 165.8500 165.9000 0
R 369398200 3 165.9000 167.9500 0
R 369398205 3 166.1500 168.2000 0
R 369398208 4 166.3000 169.3500 0
R 369398250 17 161.4000 177.4500 0
# a-record n=414949080 a_n=94
# a-record n=526666140 a_n=106
# a-record n=622423620 a_n=120
# a-record n=845857740 a_n=122
D x=1000000000 N=950000021 supE=177.4500@369398250 infE(real)=-1.4000 maxa=122@845857740 sites=50844649 mult=50844649 comp=45854730 supDpsi=351370 infDpsi=-284215 hashA=92036960da3dd495 hashG=ac19031663d03d01 ovf=0 pi=50847534 primeg=4989919
# multiplicity histogram m=1..6,7+: 50844649 0 0 0 0 0 0
# done overflow=0
