# gen X=1000000000 rho=4/5
# records of E for n>=1e5: n a_n E(n-1) E(n) m_n
D x=10 N=8 supE=0.6000@4 infE(real)=-1.0000 maxa=1@2 sites=3 mult=3 comp=0 supDpsi=-1.20824 infDpsi=-4.77742 hashA=1e9b13879f546f40 hashG=f31e64c30fb80fe2 ovf=0 pi=4 primeg=3
# composite g-prime #1: 20 (m=1)
# composite g-prime #2: 30 (m=1)
# composite g-prime #3: 38 (m=1)
# composite g-prime #4: 57 (m=1)
# composite g-prime #5: 58 (m=1)
# composite g-prime #6: 82 (m=1)
# composite g-prime #7: 87 (m=1)
D x=100 N=80 supE=0.8000@40 infE(real)=-1.2000 maxa=2@60 sites=24 mult=24 comp=7 supDpsi=0.3495 infDpsi=-10.8094 hashA=557b5822e4c405a8 hashG=6f80008d7bf939cf ovf=0 pi=25 primeg=17
# composite g-prime #8: 110 (m=1)
# composite g-prime #9: 133 (m=1)
# composite g-prime #10: 150 (m=1)
# composite g-prime #11: 158 (m=1)
# composite g-prime #12: 178 (m=1)
# composite g-prime #13: 183 (m=1)
# composite g-prime #14: 200 (m=1)
# composite g-prime #15: 203 (m=1)
# composite g-prime #16: 218 (m=1)
# composite g-prime #17: 236 (m=1)
# composite g-prime #18: 237 (m=1)
# composite g-prime #19: 245 (m=1)
# composite g-prime #20: 247 (m=1)
# composite g-prime #21: 278 (m=1)
# composite g-prime #22: 287 (m=1)
# composite g-prime #23: 298 (m=1)
# composite g-prime #24: 323 (m=1)
# composite g-prime #25: 326 (m=1)
# composite g-prime #26: 327 (m=1)
# composite g-prime #27: 355 (m=1)
# composite g-prime #28: 358 (m=1)
# composite g-prime #29: 362 (m=1)
# composite g-prime #30: 370 (m=1)
D x=1000 N=800 supE=3.8000@800 infE(real)=-1.2000 maxa=3@600 sites=164 mult=164 comp=84 supDpsi=13.0447 infDpsi=-31.9771 hashA=327e0ba2d62700b0 hashG=446be67066c2b3f3 ovf=0 pi=168 primeg=80
D x=10000 N=8001 supE=6.8000@7980 infE(real)=-1.2000 maxa=8@7980 sites=1230 mult=1230 comp=866 supDpsi=88.8053 infDpsi=-172.161 hashA=a9aea79e4a659d31 hashG=4011b41f064cd30c ovf=0 pi=1229 primeg=364
R 100000 1 -0.4000 -0.2000 0
D x=100000 N=80000 supE=17.8000@79800 infE(real)=-1.2000 maxa=14@68400 sites=9638 mult=9638 comp=7673 supDpsi=592.07 infDpsi=-907.441 hashA=791da19f303811ca hashG=043bf97f3f7f404b ovf=0 pi=9592 primeg=1965
R 100001 1 -0.2000 0.0000 1
R 100002 1 0.0000 0.2000 0
R 100003 1 0.2000 0.4000 1
R 100004 1 0.4000 0.6000 0
R 100005 1 0.6000 0.8000 0
R 100006 1 0.8000 1.0000 0
R 100007 1 1.0000 1.2000 0
R 100008 1 1.2000 1.4000 0
R 100009 1 1.4000 1.6000 0
R 100016 3 0.8000 3.0000 0
R 100062 3 2.0000 4.2000 0
R 100068 2 3.2000 4.4000 0
R 100080 4 2.6000 5.8000 0
R 100252 2 5.0000 6.2000 0
R 100260 3 5.6000 7.8000 0
R 100261 1 7.8000 8.0000 0
R 100282 7 5.0000 11.2000 0
R 100284 2 10.4000 11.6000 0
R 100920 5 9.6000 13.8000 0
R 100921 1 13.8000 14.0000 0
R 100928 2 13.2000 14.4000 0
R 100929 1 14.4000 14.6000 0
R 100968 4 14.2000 17.4000 0
R 100969 1 17.4000 17.6000 0
# a-record n=136800 a_n=15
# a-record n=159600 a_n=18
R 159600 18 5.6000 22.8000 0
R 159601 1 22.8000 23.0000 0
# a-record n=239400 a_n=21
R 384373 2 22.2000 23.4000 0
R 384420 6 20.6000 25.8000 0
R 384422 2 25.0000 26.2000 0
R 384423 1 26.2000 26.4000 0
R 384424 1 26.4000 26.6000 0
# a-record n=462840 a_n=22
# a-record n=478800 a_n=26
R 547200 15 17.6000 31.8000 0
R 892620 13 20.6000 32.8000 0
R 892626 2 31.8000 33.0000 0
# a-record n=957600 a_n=27
D x=1000000 N=800003 supE=33.0000@892626 infE(real)=-1.2000 maxa=27@957600 sites=78765 mult=78765 comp=67070 supDpsi=3615.07 infDpsi=-3435.44 hashA=c417127777148bc5 hashG=a7ec8be7bd3e55b7 ovf=0 pi=78498 primeg=11695
# a-record n=1197000 a_n=29
# a-record n=1368000 a_n=30
# a-record n=1596000 a_n=33
R 1615412 2 33.0000 34.2000 0
R 1615418 3 32.2000 34.4000 0
R 1615420 3 33.6000 35.8000 0
R 1615441 1 35.8000 36.0000 0
R 1615442 1 36.0000 36.2000 0
R 1615482 4 34.0000 37.2000 0
R 1615488 4 35.2000 38.4000 0
R 1615494 4 37.4000 40.6000 0
R 1615605 2 39.6000 40.8000 0
R 1615606 1 40.8000 41.0000 0
R 1615608 4 40.2000 43.4000 0
R 1615646 4 40.8000 44.0000 0
R 1615647 1 44.0000 44.2000 0
R 1615648 2 44.2000 45.4000 0
R 1615656 4 42.8000 46.0000 0
R 1615952 3 44.0000 46.2000 0
# a-record n=1983600 a_n=34
R 1992420 4 45.6000 48.8000 0
R 1992426 2 47.8000 49.0000 0
# a-record n=2394000 a_n=42
# a-record n=4628400 a_n=44
# a-record n=4788000 a_n=54
R 4788000 54 -0.4000 52.8000 0
# a-record n=6942600 a_n=55
R 6942600 55 -0.4000 53.8000 0
# a-record n=7182000 a_n=57
R 7182000 57 -0.4000 55.8000 0
R 8004000 24 33.6000 56.8000 0
# a-record n=9576000 a_n=59
R 9576000 59 -0.4000 57.8000 0
D x=10000000 N=8000011 supE=57.8000@9576000 infE(real)=-1.2000 maxa=59@9576000 sites=665379 mult=665379 comp=588027 supDpsi=20757.9 infDpsi=-20498.1 hashA=fb71388d46052ddf hashG=f4b888c6972411a5 ovf=0 pi=664579 primeg=77352
R 13167000 56 4.6000 59.8000 0
R 13376008 3 58.2000 60.4000 0
R 13376010 2 59.6000 60.8000 0
R 13376020 2 60.6000 61.8000 0
R 13376076 15 50.8000 65.0000 0
R 13376077 1 65.0000 65.2000 0
# a-record n=13885200 a_n=75
R 13885200 75 -0.4000 73.8000 0
R 13885201 1 73.8000 74.0000 0
R 17556000 66 10.6000 75.8000 0
R 17556002 2 75.0000 76.2000 0
R 23940000 74 7.6000 80.8000 0
R 23940002 2 80.0000 81.2000 0
# a-record n=26334000 a_n=82
R 26334004 2 80.4000 81.6000 0
R 29754000 68 16.6000 83.8000 0
# a-record n=31122000 a_n=83
R 31122000 83 9.6000 91.8000 0
# a-record n=35910000 a_n=86
# a-record n=41655600 a_n=93
R 41655600 93 4.6000 96.8000 0
# a-record n=47880000 a_n=94
R 47880000 94 14.6000 107.8000 0
# a-record n=52668000 a_n=100
# a-record n=60169200 a_n=101
R 60169200 101 10.6000 110.8000 0
R 60169201 1 110.8000 111.0000 0
R 60169202 2 111.0000 112.2000 0
# a-record n=69426000 a_n=114
R 69426000 114 -0.4000 112.8000 0
R 69426001 1 112.8000 113.0000 0
R 71820000 111 7.6000 117.8000 0
R 71820008 3 116.2000 118.4000 0
# a-record n=90253800 a_n=124
R 90253800 124 2.6000 125.8000 0
R 90253803 2 125.2000 126.4000 0
R 90253804 2 126.4000 127.6000 0
D x=100000000 N=80000027 supE=127.6000@90253804 infE(real)=-1.2000 maxa=124@90253800 sites=5762365 mult=5762365 comp=5214837 supDpsi=115809 infDpsi=-101800 hashA=071e8a2edb503139 hashG=0a0e9c1081f85108 ovf=0 pi=5761455 primeg=547528
# a-record n=136458000 a_n=127
# a-record n=138852000 a_n=155
R 138852000 155 7.6000 161.8000 0
# a-record n=208278000 a_n=170
R 208278000 170 7.6000 176.8000 0
# a-record n=277704000 a_n=178
R 277704000 178 10.6000 187.8000 0
R 277704001 1 187.8000 188.0000 0
# a-record n=395010000 a_n=180
# a-record n=416556000 a_n=215
R 416556000 215 10.6000 224.8000 0
R 591318000 209 37.6000 245.8000 0
R 591318002 2 245.0000 246.2000 0
R 591318004 2 245.4000 246.6000 0
# a-record n=763686000 a_n=244
R 763686000 244 14.6000 257.8000 0
# a-record n=902538000 a_n=276
R 902538000 276 -0.4000 274.8000 0
D x=1000000000 N=800000008 supE=274.8000@902538000 infE(real)=-1.2000 maxa=276@902538000 sites=50829666 mult=50829666 comp=46758777 supDpsi=733535 infDpsi=-735062 hashA=8fe0df20c9f145ae hashG=5ec460dd153e33b7 ovf=0 pi=50847534 primeg=4070889
# multiplicity histogram m=1..6,7+: 50829666 0 0 0 0 0 0
# done overflow=0
