# gen X=1000000000 rho=21/20
# records of E for n>=1e5: n a_n E(n-1) E(n) m_n
D x=10 N=10 supE=-0.0500@2 infE(real)=-1.5000 maxa=1@2 sites=4 mult=4 comp=0 supDpsi=-0.905655 infDpsi=-3.16799 hashA=107cde763548a11e hashG=72a936ae86bc8578 ovf=0 pi=4 primeg=4
# composite g-prime #1: 51 (m=1)
# composite g-prime #2: 74 (m=1)
# composite g-prime #3: 91 (m=1)
# composite g-prime #4: 92 (m=1)
D x=100 N=106 supE=1.7500@66 infE(real)=-1.5000 maxa=2@11 sites=22 mult=25 comp=4 supDpsi=4.39687 infDpsi=-9.72301 hashA=56d80a5e7a4897ca hashG=50a5cb51a0d1fff9 ovf=0 pi=25 primeg=18
# composite g-prime #5: 111 (m=1)
# composite g-prime #6: 115 (m=1)
# composite g-prime #7: 118 (m=1)
# composite g-prime #8: 138 (m=1)
# composite g-prime #9: 171 (m=1)
# composite g-prime #10: 178 (m=1)
# composite g-prime #11: 194 (m=1)
# composite g-prime #12: 201 (m=1)
# composite g-prime #13: 202 (m=1)
# composite g-prime #14: 207 (m=1)
# composite g-prime #15: 237 (m=1)
# composite g-prime #16: 254 (m=1)
# composite g-prime #17: 259 (m=1)
# composite g-prime #18: 262 (m=1)
# composite g-prime #19: 268 (m=1)
# composite g-prime #20: 295 (m=1)
# composite g-prime #21: 299 (m=1)
# composite g-prime #22: 303 (m=1)
# composite g-prime #23: 314 (m=1)
# composite g-prime #24: 316 (m=1)
# composite g-prime #25: 334 (m=1)
# composite g-prime #26: 335 (m=1)
# composite g-prime #27: 391 (m=2)
# composite g-prime #28: 393 (m=1)
# composite g-prime #29: 395 (m=1)
# composite g-prime #30: 398 (m=1)
D x=1000 N=1050 supE=5.6500@828 infE(real)=-1.5000 maxa=4@341 sites=156 mult=164 comp=80 supDpsi=46.8952 infDpsi=-36.9822 hashA=99b74d78e641470e hashG=29d6b044b6b0559d ovf=0 pi=168 primeg=76
D x=10000 N=10502 supE=17.3000@8415 infE(real)=-1.5000 maxa=8@9108 sites=1149 mult=1211 comp=800 supDpsi=259.529 infDpsi=-303.817 hashA=b843c73023220c6e hashG=7d312bfad8082540 ovf=0 pi=1229 primeg=349
R 100000 1 1.1000 1.0500 0
D x=100000 N=105001 supE=31.0000@80181 infE(real)=-1.5000 maxa=14@77418 sites=9070 mult=9548 comp=7260 supDpsi=1501.36 infDpsi=-1319.26 hashA=82399733547452e9 hashG=85eba536eaf2c50c ovf=0 pi=9592 primeg=1810
R 100008 3 -0.3000 1.6500 0
R 100009 2 1.6500 2.6000 0
R 100045 2 1.8500 2.8000 0
R 100100 4 2.1000 5.0500 0
R 100101 2 5.0500 6.0000 0
R 100165 3 5.8500 7.8000 0
R 100166 3 7.8000 9.7500 0
R 100188 14 5.7000 18.6500 0
R 100191 3 18.5500 20.5000 0
R 100192 2 20.5000 21.4500 0
R 101805 4 18.8500 21.8000 0
R 101808 3 20.7000 22.6500 0
R 104842 7 19.0000 24.9500 0
R 104844 3 23.9000 25.8500 0
R 104874 5 23.4000 27.3500 0
R 104876 2 27.3000 28.2500 0
R 104877 2 28.2500 29.2000 0
R 104880 4 28.1000 31.0500 0
R 106656 5 28.3000 32.2500 0
R 106743 7 26.9500 32.9000 0
R 106744 3 32.9000 34.8500 0
R 106788 5 32.7000 36.6500 0
R 106790 3 35.6000 37.5500 0
R 106810 5 34.6000 38.5500 0
R 106812 5 37.5000 41.4500 0
R 106845 3 39.8500 41.8000 0
# a-record n=154836 a_n=18
R 286638 5 40.2000 44.1500 0
R 286770 7 42.6000 48.5500 0
# a-record n=464508 a_n=20
R 507525 4 45.8500 48.8000 0
R 507529 3 47.6500 49.6000 0
R 507718 5 47.2000 51.1500 0
R 507721 2 51.0500 52.0000 0
R 507738 9 47.2000 55.1500 0
R 507740 3 54.1000 56.0500 0
R 507741 2 56.0500 57.0000 0
# a-record n=567732 a_n=23
R 576633 4 56.4500 59.4000 0
R 576642 7 58.0000 63.9500 0
R 576662 4 62.0000 64.9500 0
R 576664 3 63.9000 65.8500 0
R 576665 2 65.8500 66.8000 0
R 576666 3 66.8000 68.7500 0
R 576674 3 68.4000 70.3500 0
R 576675 5 70.3500 74.3000 0
R 576702 8 71.0000 77.9500 0
R 576708 5 75.7000 79.6500 0
R 576710 4 78.6000 81.5500 0
# a-record n=851598 a_n=25
D x=1000000 N=1050010 supE=81.5500@576710 infE(real)=-1.5000 maxa=25@851598 sites=74610 mult=78502 comp=63574 supDpsi=5719.47 infDpsi=-10379.2 hashA=5d0ba097504d626e hashG=c9726b6f473162a8 ovf=0 pi=78498 primeg=11036
# a-record n=1599972 a_n=30
# a-record n=1703196 a_n=31
R 1956416 4 79.3000 82.2500 0
R 1956472 5 81.5000 85.4500 0
R 1956486 5 82.8000 86.7500 0
R 1956504 5 83.9000 87.8500 0
R 1956513 4 85.4500 88.4000 0
R 1956537 3 87.2500 89.2000 0
R 1956548 4 88.7000 91.6500 0
R 1956552 3 90.5000 92.4500 0
R 1956564 9 89.9000 97.8500 0
R 1956565 3 97.8500 99.8000 0
# a-record n=2399958 a_n=32
R 2875455 10 91.3500 100.3000 0
R 2875460 5 98.1000 102.0500 0
R 2875467 4 100.7500 103.7000 0
R 2875470 4 101.6000 104.5500 0
# a-record n=3051180 a_n=33
# a-record n=3561228 a_n=36
# a-record n=4799916 a_n=40
# a-record n=5935380 a_n=41
R 6629796 22 91.3000 112.2500 0
R 6629797 2 112.2500 113.2000 0
R 6814445 2 112.8500 113.8000 0
R 6814470 4 111.6000 114.5500 0
R 6814480 4 114.1000 117.0500 0
R 6814578 4 115.2000 118.1500 0
# a-record n=7122456 a_n=42
R 7907020 9 112.1000 120.0500 0
R 7907032 3 118.5000 120.4500 0
R 7907088 7 115.7000 121.6500 0
R 7907095 2 121.3500 122.3000 0
R 7907116 7 117.3000 123.2500 0
D x=10000000 N=10500023 supE=123.2500@7907116 infE(real)=-1.5000 maxa=42@7122456 sites=634034 mult=666905 comp=560074 supDpsi=56035.2 infDpsi=-55710.6 hashA=cfee94ea28f0098b hashG=ddf6a66924e18659 ovf=0 pi=664579 primeg=73960
# a-record n=10374012 a_n=50
R 12430575 4 120.3500 123.3000 0
R 12430576 2 123.3000 124.2500 0
R 12430580 3 124.1000 126.0500 0
R 12430638 8 122.2000 129.1500 0
R 12430652 4 126.5000 129.4500 0
R 12430660 2 129.1000 130.0500 0
R 13178310 10 121.6000 130.5500 0
R 15659826 14 121.8000 134.7500 0
R 15659831 8 131.5500 138.5000 0
# a-record n=17290020 a_n=56
# a-record n=17806140 a_n=62
R 26725230 9 130.6000 138.5500 0
R 26725248 10 129.7000 138.6500 0
R 26725253 2 138.4500 139.4000 0
R 26725260 3 139.1000 141.0500 0
R 26725276 4 138.3000 141.2500 0
# a-record n=31528860 a_n=63
R 34066710 4 138.6000 141.5500 0
R 34066720 2 141.1000 142.0500 0
R 34066723 2 141.9500 142.9000 0
R 34066725 12 142.8500 153.8000 0
R 34066736 4 152.3000 155.2500 0
R 34066737 3 155.2500 157.2000 0
R 34066802 6 154.0000 158.9500 0
R 34066824 9 153.9000 161.8500 0
R 34066851 5 159.5500 163.5000 0
R 34066868 8 161.7000 168.6500 0
R 34066956 24 157.3000 180.2500 0
R 34067715 12 171.3500 182.3000 0
R 34067718 2 182.2000 183.1500 0
R 34067720 3 182.1000 184.0500 0
R 34067865 5 181.8500 185.8000 0
R 34067866 2 185.8000 186.7500 0
R 34067880 8 181.1000 188.0500 0
R 34067884 6 184.9000 189.8500 0
R 34067898 9 182.2000 190.1500 0
R 34067901 5 190.0500 194.0000 0
R 34067902 2 194.0000 194.9500 0
R 34067903 2 194.9500 195.9000 0
R 35458203 26 177.9500 202.9000 0
R 35458215 2 202.3500 203.3000 0
R 35458216 2 203.3000 204.2500 0
R 35458218 4 203.2000 206.1500 0
R 35458236 3 204.3000 206.2500 0
R 35458272 14 198.5000 211.4500 0
R 35458275 5 210.3500 214.3000 0
R 35458276 3 214.3000 216.2500 0
R 35458311 3 214.5500 216.5000 0
R 35458324 6 212.9000 217.8500 0
R 35458332 6 214.5000 219.4500 0
R 35458368 9 213.7000 221.6500 0
R 35458370 3 220.6000 222.5500 0
R 35458410 20 211.6000 230.5500 0
# a-record n=35612280 a_n=68
# a-record n=39173508 a_n=72
# a-record n=51870060 a_n=80
# a-record n=72618084 a_n=82
# a-record n=94586580 a_n=85
D x=100000000 N=105000007 supE=230.5500@35458410 infE(real)=-1.5000 maxa=85@94586580 sites=5488365 mult=5773112 comp=4962617 supDpsi=286600 infDpsi=-327617 hashA=b92651d1dd956365 hashG=0cd60c0cf33ce52a ovf=0 pi=5761455 primeg=525748
# a-record n=103740120 a_n=86
# a-record n=107198124 a_n=93
# a-record n=110398068 a_n=94
R 164621028 45 199.7000 243.6500 0
R 164621100 10 237.1000 246.0500 0
R 164621105 7 243.8500 249.8000 0
R 164621106 3 249.8000 251.7500 0
R 164621118 4 250.2000 253.1500 0
R 164621120 3 252.1000 254.0500 0
R 164621160 13 248.1000 260.0500 0
R 164621166 6 255.8000 260.7500 0
R 177283876 26 242.3000 267.2500 0
R 177283908 20 254.7000 273.6500 0
R 177283912 2 273.5000 274.4500 0
R 177283926 6 270.8000 275.7500 0
R 177284184 47 253.9000 299.8500 0
# a-record n=177596892 a_n=95
# a-record n=183996780 a_n=101
# a-record n=190190220 a_n=102
# a-record n=195867540 a_n=115
R 228551840 28 281.1000 308.0500 0
R 228551850 6 305.6000 310.5500 0
R 228551862 7 308.0000 313.9500 0
# a-record n=314678364 a_n=121
# a-record n=321594372 a_n=134
R 326566174 10 306.4000 315.3500 0
R 366760290 8 313.6000 320.5500 0
R 366760298 3 319.2000 321.1500 0
R 366760300 4 320.1000 323.0500 0
R 366760306 6 321.8000 326.7500 0
R 366760317 11 322.2500 332.2000 0
R 366760318 4 332.2000 335.1500 0
R 366760380 14 324.1000 337.0500 0
R 366760383 3 335.9500 337.9000 0
R 366760384 2 337.9000 338.8500 0
R 366760576 12 331.3000 342.2500 0
R 366760581 4 341.0500 344.0000 0
R 366760584 2 343.9000 344.8500 0
R 366760614 7 343.4000 349.3500 0
R 366760625 3 347.8500 349.8000 0
R 366760629 4 349.6500 352.6000 0
R 366760632 5 351.5000 355.4500 0
R 366760635 3 354.3500 356.3000 0
R 366760636 2 356.3000 357.2500 0
R 366760639 2 357.1500 358.1000 0
R 366760640 3 358.1000 360.0500 0
R 366760660 5 359.1000 363.0500 0
R 366760680 25 354.1000 378.0500 0
R 366760686 9 373.8000 381.7500 0
R 366760688 3 380.7000 382.6500 0
R 366760690 3 381.6000 383.5500 0
R 366760760 7 378.1000 384.0500 0
R 366760761 2 384.0500 385.0000 0
R 366762925 3 383.8500 385.8000 0
R 366762930 3 385.6000 387.5500 0
R 366762948 3 386.7000 388.6500 0
R 366762953 2 388.4500 389.4000 0
R 366762958 3 389.2000 391.1500 0
R 366762959 2 391.1500 392.1000 0
R 366762960 3 392.1000 394.0500 0
R 366762968 10 388.7000 397.6500 0
R 366762970 7 397.6000 403.5500 0
R 366762975 3 402.3500 404.3000 0
R 366762981 4 403.0500 406.0000 0
R 366762984 9 404.9000 412.8500 0
R 366762990 7 408.6000 414.5500 0
R 366762992 2 414.5000 415.4500 0
R 366763023 10 407.9500 416.9000 0
R 366763024 2 416.9000 417.8500 0
R 366763100 8 412.1000 419.0500 0
R 366763104 3 417.9000 419.8500 0
R 366763111 4 418.5500 421.5000 0
R 366763185 4 419.8500 422.8000 0
R 366763188 5 420.7000 424.6500 0
R 366763194 13 421.4000 433.3500 0
R 366763203 8 432.9500 439.9000 0
R 366763209 2 439.6500 440.6000 0
R 366763210 2 440.6000 441.5500 0
R 366763215 5 439.3500 443.3000 0
R 366763298 4 441.2000 444.1500 0
R 366763300 3 444.1000 446.0500 0
R 366763302 3 445.0000 446.9500 0
R 366763320 40 436.1000 475.0500 0
# a-record n=491239980 a_n=138
# a-record n=535990620 a_n=147
# a-record n=551990340 a_n=150
# a-record n=771948540 a_n=154
# a-record n=944035092 a_n=174
D x=1000000000 N=1050000122 supE=475.0500@366763320 infE(real)=-1.5000 maxa=174@944035092 sites=48408387 mult=50923473 comp=44484517 supDpsi=2.16544e+06 infDpsi=-1.1508e+06 hashA=f4179799238dd54a hashG=8b2c95f8c08565fc ovf=0 pi=50847534 primeg=3923870
# multiplicity histogram m=1..6,7+: 45893301 2515086 0 0 0 0 0
# done overflow=0
