# zmom s0 = 0.7659000000 + 30.3260000000i, KM = 28
X 10000000
M 0 -1.1010176424529459 0.32534829004085314
M 1 18.992876440091457 -6.8779544185865156
M 2 -143.40485032017961 46.806156365150528
M 3 766.25771096409142 -238.66563977596871
M 4 -3086.3575877402482 951.05091645286961
M 5 9945.9725886715914 -3067.4767068560691
M 6 -26704.781607367018 8274.7946076293847
M 7 61452.674625893691 -19157.713013267472
M 8 -123731.48995407042 38828.758044917311
M 9 221440.32716813873 -69967.558307629166
M 10 -356672.13527604332 113478.62421433834
M 11 522256.68791180028 -167319.11471749475
M 12 -700980.53317448532 226143.02666314953
M 13 868483.85329794872 -282128.62539861555
M 14 -999145.94503323582 326822.10820000811
M 15 1072825.3417534905 -353342.25425971992
M 16 -1079932.3771276667 358123.66069884569
M 17 1023131.2475671906 -341603.97971185815
M 18 -915458.689241449 307730.3432471056
M 19 775999.18496937235 -262613.80104050029
M 20 -624890.03216984426 212896.85604070296
M 21 479239.76573033439 -164366.21173049652
M 22 -350828.55262853636 121124.89657049532
M 23 245656.40090296371 -85374.897818653437
M 24 -164844.34700669409 57666.653098741255
M 25 106190.94717305388 -37391.409573265875
M 26 -65775.449263423317 23311.329263014763
M 27 39232.498795990221 -13994.37217419739
M 28 -22564.727188182413 8100.7882399777427
D 0.7459000000 30.3060000000 -1.6452921200803052 -0.048258919256029764
D 0.7790000000 30.3400000000 -0.77229568088429468 0.45203979001598354
X 30000000
M 0 0.85928910865538555 1.2106590158110662
M 1 -13.576330545596923 -22.412807863445146
M 2 127.47182533667397 182.89792708450568
M 3 -737.43294093030329 -1032.3853174342617
M 4 3181.5356588873869 4418.5582702006714
M 5 -10980.189457164182 -15172.271717074371
M 6 31584.671406697904 43451.668519168779
M 7 -77880.566486192067 -106694.00903414274
M 8 168034.7267320691 229260.02174713969
M 9 -322267.17335797788 -437907.44143291184
M 10 556252.09180149646 752810.19165498309
M 11 -872829.25484594156 -1176515.0482510719
M 12 1255430.2996525506 1685465.8953226695
M 13 -1666816.7369523265 -2228836.0578137506
M 14 2054907.9855815368 2736835.4539772356
M 15 -2364436.3048921335 -3136553.6530085206
M 16 2550516.0640473822 3369958.0113482843
M 17 -2589366.3522559097 -3407717.8719372153
M 18 2482728.8658729866 3254433.546990368
M 19 -2255163.0271830838 -2944436.8408579524
M 20 1946005.9404636691 2530747.3752049012
M 21 -1599245.214930532 -2071582.0047722522
M 22 1254517.0410758709 1618632.0607726662
M 23 -941297.53786678414 -1209720.4874741894
M 24 676842.93105297443 866432.15146974905
M 25 -467212.16627385101 -595732.56319873151
M 26 310099.52656987309 393849.95145127102
M 27 -198194.55344816792 -250735.51154871791
M 28 122146.81433197689 153922.68734613349
D 0.7459000000 30.3060000000 0.50596580924548662 2.0245216014511369
D 0.7790000000 30.3400000000 0.93329286984306925 0.77101418445806202
X 100000000
M 0 -1.0624880739563132 1.6566602802919592
M 1 20.774275295592883 -32.149464266467447
M 2 -179.81253603021963 285.6723090807692
M 3 1096.8068026609726 -1738.6266202287807
M 4 -5037.6593376141573 7994.6538845463856
M 5 18510.402156151275 -29462.383740784007
M 6 -56670.785652887214 90526.137915674975
M 7 148704.60290808527 -238453.22615549699
M 8 -341414.59779272007 549622.64705554117
M 9 696751.00698955369 -1126112.2486167047
M 10 -1279699.7238286277 2076553.8270638944
M 11 2136677.7636338877 -3481058.298411563
M 12 -3270204.0211032862 5349200.6437362423
M 13 4620001.0513515854 -7587554.3530098414
M 14 -6060635.4155554315 9993720.1122238655
M 15 7420352.9928232469 -12285314.382295132
M 16 -8517179.1924193297 14158377.628728632
M 17 9200927.0453340691 -15357076.880622597
M 18 -9387226.8329446074 15731741.225023987
M 19 9073094.403003199 -15267244.597553631
M 20 -8330875.0594145022 14075533.152018575
M 21 7285006.82942585 -12358804.214847131
M 22 -6080780.8012817092 10358130.206612015
M 23 4854863.0886546215 -8303818.0196300345
M 24 -3714536.3076252132 6379513.6511592912
M 25 2728329.559251077 -4705060.8972443677
M 26 -1926855.0916828087 3336616.431883988
M 27 1310400.919861682 -2278523.9684022535
M 28 -859326.80401255609 1500387.2009781238
D 0.7459000000 30.3060000000 -2.3558845629637442 1.6897235403922226
D 0.7790000000 30.3400000000 -0.4381420657893903 1.466826728347864
X 300000000
M 0 2.4721247744794987 0.60594332358189706
M 1 -47.016136920260443 -13.3440992849757
M 2 470.75731909349599 117.80732635375598
M 3 -3068.5185896117873 -742.46549072748337
M 4 14978.322901488933 3574.9857816371477
M 5 -58490.798009309692 -13831.376892398157
M 6 190348.1361425888 44645.297950422872
M 7 -530968.66833384102 -123560.90455148621
M 8 1295977.9821779502 299246.94046654744
M 9 -2811721.3975807433 -644205.99929540022
M 10 5490188.6008057473 1248094.0633996741
M 11 -9745567.6783357095 -2198144.2993216417
M 12 15857545.502012229 3548564.0339065124
M 13 -23817718.710878633 -5287635.7914763708
M 14 33218279.835753523 7315757.2860560147
M 15 -43240265.618244998 -9446407.0508927964
M 16 52767716.473656267 11434509.954889871
M 17 -60606159.614241451 -13026005.842776127
M 18 65741423.281976268 14013695.334643519
M 19 -67558157.907176137 -14281827.87327186
M 20 65953456.034280233 13826392.637940256
M 21 -61320469.962908298 -12747193.726017874
M 22 54421118.435888201 11217248.723780617
M 23 -46197848.957224891 -9441085.7371946778
M 24 37582883.702922687 7614521.837462889
M 25 -29351286.332369965 -5895254.9101779722
M 26 22040848.047545154 4388304.2500490621
M 27 -15938098.569920756 -3145339.1317347232
M 28 11113424.747590836 2173754.3372616288
D 0.7459000000 30.3060000000 2.9802162624423199 2.2236555604331922
D 0.7790000000 30.3400000000 2.0065092682136627 -0.067547910801782338
X 1000000000
M 0 0.48061680287972003 3.3395894904252073
M 1 -8.8126845344155846 -70.788837143330568
M 2 104.92093712858212 720.72200724107176
M 3 -737.2382651805417 -4956.896992161277
M 4 3858.7834394328634 25649.389015320099
M 5 -16157.036783605612 -106251.69991002922
M 6 56380.451980729697 366850.81397193746
M 7 -168629.22332449266 -1085719.5037483617
M 8 441273.62474499358 2811640.2254068987
M 9 -1026329.9007383627 -6472174.925539433
M 10 2148144.6036229013 13408566.900463069
M 11 -4086979.9307265026 -25253419.126356691
M 12 7127031.4892781191 43598096.930061534
M 13 -11471209.5241298 -69478544.656987801
M 14 17142820.995556772 102812774.78273535
M 15 -23908378.789526146 -141996637.04020882
M 16 31257048.621782053 183856136.17871886
M 17 -38457081.515719458 -224051091.78043175
M 18 44682890.002827816 257863702.7137163
M 19 -49179707.535802208 -281157752.65155447
M 20 51418068.311199129 291226781.12121695
M 21 -51193927.608175211 -287290357.3734073
M 22 48649745.290550612 270523622.53731686
M 23 -44218190.924753785 -243658729.50777206
M 24 38512525.839495055 210316401.48007718
M 25 -32198741.279298551 -174274295.0091151
M 26 25882584.876954369 138853867.35452071
M 27 -20033265.266811501 -106534434.06409691
M 28 14950918.447622404 78818025.893009722
D 0.7459000000 30.3060000000 -1.4277056252285381 4.9300414310937555
D 0.7790000000 30.3400000000 1.1152015678687053 2.3302217245943599
