== Lee-Yang control (must give N_off = 0) ==
LY S=[2, 3, 5, 7] T=1319.47 H=23.0 a=0.2: N_line=40 N_box=40.0000 N_off=0.0000 (Im/Re residual 2.1e-13)
LY S=[2, 3, 5, 7] T=1319.47 H=23.0 a=0.45: N_line=40 N_box=40.0000 N_off=0.0000 (Im/Re residual 2.1e-13)
LY S=[2, 3, 5, 7, 11] T=14514.4 H=40.0 a=0.2: N_line=99 N_box=99.0000 N_off=-0.0000 (Im/Re residual 3.5e-12)
LY S=[2, 3, 5, 7, 11] T=14514.4 H=40.0 a=0.45: N_line=99 N_box=99.0000 N_off=-0.0000 (Im/Re residual 3.5e-12)

== Archimedean-phase models ==
T=   1319.5 euler  X=    7: N_line=  40  N_box(a=.2)=  40.000  N_box(a=.45)=  46.000  off(.45)=  6.000  min phi'=  -0.386  frac(phi'<0)=0.0219  theta'=2.674 sum_p logp/sqrtp=2.580  [0.0s]
T=   1319.5 euler  X=   13: N_line=  39  N_box(a=.2)=  39.000  N_box(a=.45)=  45.000  off(.45)=  6.000  min phi'=  -1.408  frac(phi'<0)=0.0311  theta'=2.674 sum_p logp/sqrtp=4.014  [0.0s]
T=   1319.5 euler  X=   30: N_line=  39  N_box(a=.2)=  39.000  N_box(a=.45)=  49.000  off(.45)= 10.000  min phi'=  -1.390  frac(phi'<0)=0.0701  theta'=2.674 sum_p logp/sqrtp=6.656  [0.0s]
T=   1319.5 euler  X=  100: N_line=  39  N_box(a=.2)=  39.000  N_box(a=.45)=  91.000  off(.45)= 52.000  min phi'=  -3.161  frac(phi'<0)=0.1292  theta'=2.674 sum_p logp/sqrtp=14.623  [0.0s]
T=   1319.5 euler  X= 1000: N_line=  39  N_box(a=.2)=  41.000  N_box(a=.45)= 359.000  off(.45)=320.000  min phi'=  -4.655  frac(phi'<0)=0.2779  theta'=2.674 sum_p logp/sqrtp=56.574  [0.9s]
T=   1319.5 sqfree X=    7: N_line=  40  N_box(a=.2)=  40.000  N_box(a=.45)=  40.000  off(.45)=  0.000  min phi'=   0.996  frac(phi'<0)=0.0000  theta'=2.674 sum_p logp/sqrtp=2.580  [0.0s]
T=   1319.5 sqfree X=   13: N_line=  40  N_box(a=.2)=  40.000  N_box(a=.45)=  40.000  off(.45)=  0.000  min phi'=   0.246  frac(phi'<0)=0.0000  theta'=2.674 sum_p logp/sqrtp=4.014  [0.0s]
T=   1319.5 sqfree X=   30: N_line=  38  N_box(a=.2)=  38.000  N_box(a=.45)=  44.000  off(.45)=  6.000  min phi'=  -1.284  frac(phi'<0)=0.0493  theta'=2.674 sum_p logp/sqrtp=6.656  [0.0s]
T=   1319.5 sqfree X=  100: N_line=  39  N_box(a=.2)=  41.000  N_box(a=.45)=  89.000  off(.45)= 50.000  min phi'=  -2.625  frac(phi'<0)=0.1502  theta'=2.674 sum_p logp/sqrtp=14.623  [0.0s]
T=   1319.5 sqfree X= 1000: N_line=  39  N_box(a=.2)=  55.000  N_box(a=.45)= 333.000  off(.45)=294.000  min phi'=  -6.786  frac(phi'<0)=0.2820  theta'=2.674 sum_p logp/sqrtp=56.574  [0.9s]
T=   1319.5 anti   X=    7: N_line=  39  N_box(a=.2)=  39.000  N_box(a=.45)=  39.000  off(.45)=  0.000  min phi'=   1.033  frac(phi'<0)=0.0000  theta'=2.674 sum_p logp/sqrtp=2.580  [0.0s]
T=   1319.5 anti   X=   13: N_line=  39  N_box(a=.2)=  39.000  N_box(a=.45)=  39.000  off(.45)=  0.000  min phi'=   0.305  frac(phi'<0)=0.0000  theta'=2.674 sum_p logp/sqrtp=4.014  [0.0s]
T=   1319.5 anti   X=   30: N_line=  39  N_box(a=.2)=  39.000  N_box(a=.45)=  41.000  off(.45)=  2.000  min phi'=  -0.843  frac(phi'<0)=0.0382  theta'=2.674 sum_p logp/sqrtp=6.656  [0.0s]
T=   1319.5 anti   X=  100: N_line=  39  N_box(a=.2)=  39.000  N_box(a=.45)=  99.000  off(.45)= 60.000  min phi'=  -4.473  frac(phi'<0)=0.0910  theta'=2.674 sum_p logp/sqrtp=14.623  [0.0s]
T=   1319.5 anti   X= 1000: N_line=  53  N_box(a=.2)=  75.000  N_box(a=.45)= 321.000  off(.45)=268.000  min phi'=  -8.950  frac(phi'<0)=0.2721  theta'=2.674 sum_p logp/sqrtp=56.574  [0.9s]
T=  14514.4 euler  X=    7: N_line=  99  N_box(a=.2)=  99.000  N_box(a=.45)= 105.000  off(.45)=  6.000  min phi'=   0.425  frac(phi'<0)=0.0000  theta'=3.873 sum_p logp/sqrtp=2.580  [0.0s]
T=  14514.4 euler  X=   13: N_line=  98  N_box(a=.2)=  98.000  N_box(a=.45)= 104.000  off(.45)=  6.000  min phi'=  -0.607  frac(phi'<0)=0.0044  theta'=3.873 sum_p logp/sqrtp=4.014  [0.0s]
T=  14514.4 euler  X=   30: N_line=  99  N_box(a=.2)=  99.000  N_box(a=.45)= 113.000  off(.45)= 14.000  min phi'=  -1.474  frac(phi'<0)=0.0085  theta'=3.873 sum_p logp/sqrtp=6.656  [0.0s]
T=  14514.4 euler  X=  100: N_line=  98  N_box(a=.2)=  98.000  N_box(a=.45)= 162.000  off(.45)= 64.000  min phi'=  -2.723  frac(phi'<0)=0.0660  theta'=3.873 sum_p logp/sqrtp=14.623  [0.0s]
T=  14514.4 euler  X= 1000: N_line=  98  N_box(a=.2)=  98.000  N_box(a=.45)= 512.000  off(.45)=414.000  min phi'=  -4.210  frac(phi'<0)=0.1628  theta'=3.873 sum_p logp/sqrtp=56.574  [1.2s]
T=  14514.4 sqfree X=    7: N_line=  99  N_box(a=.2)=  99.000  N_box(a=.45)=  99.000  off(.45)=  0.000  min phi'=   2.195  frac(phi'<0)=0.0000  theta'=3.873 sum_p logp/sqrtp=2.580  [0.0s]
T=  14514.4 sqfree X=   13: N_line=  99  N_box(a=.2)=  99.000  N_box(a=.45)=  99.000  off(.45)=  0.000  min phi'=   1.362  frac(phi'<0)=0.0000  theta'=3.873 sum_p logp/sqrtp=4.014  [0.0s]
T=  14514.4 sqfree X=   30: N_line=  99  N_box(a=.2)=  99.000  N_box(a=.45)= 101.000  off(.45)=  2.000  min phi'=  -0.314  frac(phi'<0)=0.0044  theta'=3.873 sum_p logp/sqrtp=6.656  [0.0s]
T=  14514.4 sqfree X=  100: N_line=  99  N_box(a=.2)=  99.000  N_box(a=.45)= 161.000  off(.45)= 62.000  min phi'=  -1.950  frac(phi'<0)=0.0458  theta'=3.873 sum_p logp/sqrtp=14.623  [0.0s]
T=  14514.4 sqfree X= 1000: N_line=  98  N_box(a=.2)= 106.000  N_box(a=.45)= 492.000  off(.45)=394.000  min phi'=  -4.740  frac(phi'<0)=0.1653  theta'=3.873 sum_p logp/sqrtp=56.574  [1.1s]
T=  14514.4 anti   X=    7: N_line=  99  N_box(a=.2)=  99.000  N_box(a=.45)=  99.000  off(.45)= -0.000  min phi'=   2.157  frac(phi'<0)=0.0000  theta'=3.873 sum_p logp/sqrtp=2.580  [0.0s]
T=  14514.4 anti   X=   13: N_line=  99  N_box(a=.2)=  99.000  N_box(a=.45)=  99.000  off(.45)=  0.000  min phi'=   1.308  frac(phi'<0)=0.0000  theta'=3.873 sum_p logp/sqrtp=4.014  [0.0s]
T=  14514.4 anti   X=   30: N_line=  99  N_box(a=.2)=  99.000  N_box(a=.45)=  99.000  off(.45)= -0.000  min phi'=   0.036  frac(phi'<0)=0.0000  theta'=3.873 sum_p logp/sqrtp=6.656  [0.0s]
T=  14514.4 anti   X=  100: N_line= 103  N_box(a=.2)= 109.000  N_box(a=.45)= 169.000  off(.45)= 66.000  min phi'=  -2.898  frac(phi'<0)=0.0545  theta'=3.873 sum_p logp/sqrtp=14.623  [0.0s]
T=  14514.4 anti   X= 1000: N_line= 114  N_box(a=.2)= 134.000  N_box(a=.45)= 492.000  off(.45)=378.000  min phi'=  -7.765  frac(phi'<0)=0.1211  theta'=3.873 sum_p logp/sqrtp=56.574  [1.0s]
T= 188680.0 euler  X=    7: N_line= 132  N_box(a=.2)= 132.000  N_box(a=.45)= 134.000  off(.45)=  2.000  min phi'=   0.452  frac(phi'<0)=0.0000  theta'=5.155 sum_p logp/sqrtp=2.580  [0.0s]
T= 188680.0 euler  X=   13: N_line= 132  N_box(a=.2)= 132.000  N_box(a=.45)= 134.000  off(.45)=  2.000  min phi'=   0.070  frac(phi'<0)=0.0000  theta'=5.155 sum_p logp/sqrtp=4.014  [0.0s]
T= 188680.0 euler  X=   30: N_line= 132  N_box(a=.2)= 132.000  N_box(a=.45)= 138.000  off(.45)=  6.000  min phi'=  -0.193  frac(phi'<0)=0.0023  theta'=5.155 sum_p logp/sqrtp=6.656  [0.0s]
T= 188680.0 euler  X=  100: N_line= 132  N_box(a=.2)= 132.000  N_box(a=.45)= 174.000  off(.45)= 42.000  min phi'=  -0.381  frac(phi'<0)=0.0025  theta'=5.155 sum_p logp/sqrtp=14.623  [0.1s]
T= 188680.0 euler  X= 1000: N_line= 131  N_box(a=.2)= 135.000  N_box(a=.45)= 547.000  off(.45)=416.000  min phi'=  -5.363  frac(phi'<0)=0.0926  theta'=5.155 sum_p logp/sqrtp=56.574  [1.2s]
T= 188680.0 sqfree X=    7: N_line= 132  N_box(a=.2)= 132.000  N_box(a=.45)= 132.000  off(.45)=  0.000  min phi'=   3.472  frac(phi'<0)=0.0000  theta'=5.155 sum_p logp/sqrtp=2.580  [0.0s]
T= 188680.0 sqfree X=   13: N_line= 132  N_box(a=.2)= 132.000  N_box(a=.45)= 132.000  off(.45)=  0.000  min phi'=   2.584  frac(phi'<0)=0.0000  theta'=5.155 sum_p logp/sqrtp=4.014  [0.0s]
T= 188680.0 sqfree X=   30: N_line= 132  N_box(a=.2)= 132.000  N_box(a=.45)= 132.000  off(.45)=  0.000  min phi'=   1.108  frac(phi'<0)=0.0000  theta'=5.155 sum_p logp/sqrtp=6.656  [0.0s]
T= 188680.0 sqfree X=  100: N_line= 132  N_box(a=.2)= 132.000  N_box(a=.45)= 164.000  off(.45)= 32.000  min phi'=  -0.693  frac(phi'<0)=0.0077  theta'=5.155 sum_p logp/sqrtp=14.623  [0.1s]
T= 188680.0 sqfree X= 1000: N_line= 131  N_box(a=.2)= 139.000  N_box(a=.45)= 521.000  off(.45)=390.000  min phi'=  -4.324  frac(phi'<0)=0.0878  theta'=5.155 sum_p logp/sqrtp=56.574  [0.9s]
T= 188680.0 anti   X=    7: N_line= 131  N_box(a=.2)= 131.000  N_box(a=.45)= 131.000  off(.45)=  0.000  min phi'=   3.449  frac(phi'<0)=0.0000  theta'=5.155 sum_p logp/sqrtp=2.580  [0.0s]
T= 188680.0 anti   X=   13: N_line= 131  N_box(a=.2)= 131.000  N_box(a=.45)= 131.000  off(.45)=  0.000  min phi'=   2.349  frac(phi'<0)=0.0000  theta'=5.155 sum_p logp/sqrtp=4.014  [0.0s]
T= 188680.0 anti   X=   30: N_line= 131  N_box(a=.2)= 131.000  N_box(a=.45)= 131.000  off(.45)=  0.000  min phi'=   1.564  frac(phi'<0)=0.0000  theta'=5.155 sum_p logp/sqrtp=6.656  [0.0s]
T= 188680.0 anti   X=  100: N_line= 131  N_box(a=.2)= 131.000  N_box(a=.45)= 167.000  off(.45)= 36.000  min phi'=  -1.421  frac(phi'<0)=0.0061  theta'=5.155 sum_p logp/sqrtp=14.623  [0.1s]
T= 188680.0 anti   X= 1000: N_line= 139  N_box(a=.2)= 161.000  N_box(a=.45)= 541.000  off(.45)=402.000  min phi'=  -4.763  frac(phi'<0)=0.0690  theta'=5.155 sum_p logp/sqrtp=56.574  [1.0s]

== euler-model dipole zeros near s0 = 1 + 2 pi i k/log p (outside the strip box) ==
X=7 p=2 k=150: s0=1.000000+1359.708043j  zero=None  |F(zero)|=None  |chi(s0)|=6.798e-02
X=7 p=3 k=1000: s0=1.000000+5719.201735j  zero=None  |F(zero)|=None  |chi(s0)|=3.315e-02
X=7 p=5 k=2000: s0=1.000000+7807.925063j  zero=None  |F(zero)|=None  |chi(s0)|=2.837e-02
X=30 p=2 k=150: s0=1.000000+1359.708043j  zero=None  |F(zero)|=None  |chi(s0)|=6.798e-02
X=30 p=3 k=1000: s0=1.000000+5719.201735j  zero=None  |F(zero)|=None  |chi(s0)|=3.315e-02
X=30 p=5 k=2000: s0=1.000000+7807.925063j  zero=None  |F(zero)|=None  |chi(s0)|=2.837e-02
elapsed 9.9 s
