== (1) Nakamura control: q = 7, cubic even character ==
chi(1..6) = ['1', '(-0.5 - 0.866025j)', '(-0.5 + 0.866025j)', '(-0.5 + 0.866025j)', '(-0.5 - 0.866025j)', '1']   chi(-1) = chi(6) = 1
G(chi) = (2.3704694055762 - 1.17510629188479j)  |G|^2 = 7.0 (should be 7)
  s = (0.3 + 7.1j): f(s) = (7.562194314 + 3.655485203j)   chi(s) f(1-s) = (7.562194314 + 3.655485203j)   rel diff 4.01e-31
  s = (0.8 + 21.3j): f(s) = (5.61356462 - 8.778876855j)   chi(s) f(1-s) = (5.61356462 - 8.778876855j)   rel diff 7.46e-31
  s = (-0.4 + 3.3j): f(s) = (15.52762755 - 2.407027935j)   chi(s) f(1-s) = (15.52762755 - 2.407027935j)   rel diff 2.07e-31
  s = (1.7 + 13.9j): f(s) = (-19.8424832 + 32.13595649j)   chi(s) f(1-s) = (-19.8424832 + 32.13595649j)   rel diff 1.0e-30
  Riemann FE f(s) = chi(s) f(1-s): worst relative residual = 1.0e-30
  zeros with Re s != 1/2 (0 < t < 45): 31
    2.26840484055e-28 + 3.11548818231e-28 i   |f| = 1.02e-27   partner 1-conj: |f(1 - conj z)| = 5.28
    0.633567396172 + 1.60108170611 i   |f| = 5.58e-31   partner 1-conj: |f(1 - conj z)| = 1.45
    1.06364570953 + 4.26304556592 i   |f| = 3.94e-31   partner 1-conj: |f(1 - conj z)| = 12.3
    -0.0244438523547 + 5.79395494208 i   |f| = 7.95e-31   partner 1-conj: |f(1 - conj z)| = 14.7
    -0.0673665281765 + 7.78182227834 i   |f| = 3.94e-31   partner 1-conj: |f(1 - conj z)| = 11.3
    0.863910647576 + 8.70561363181 i   |f| = 4.41e-31   partner 1-conj: |f(1 - conj z)| = 7.62
    0.838004896182 + 10.8677272033 i   |f| = 1.97e-31   partner 1-conj: |f(1 - conj z)| = 4.89
    0.52919096112 + 11.2651212744 i   |f| = 1.97e-31   partner 1-conj: |f(1 - conj z)| = 0.372
    0.619738079705 + 13.1001115185 i   |f| = 0.0   partner 1-conj: |f(1 - conj z)| = 4.48
    0.130697002749 + 14.6763662333 i   |f| = 7.89e-31   partner 1-conj: |f(1 - conj z)| = 11.1
    0.493550068527 + 15.9706906706 i   |f| = 3.49e-32   partner 1-conj: |f(1 - conj z)| = 0.183
    0.719043459387 + 17.456915226 i   |f| = 1.97e-31   partner 1-conj: |f(1 - conj z)| = 3.7
  support: q^s L(s,chi) = sum chi(n) (n/7)^(-s): frequencies log(n/7) (n = 1..6 give NEGATIVE log) -> not in log N

== (2a) Lee-Yang finite model f_S = E(s) + eps P^{1/2-s} E(1-s), E = prod(1 + p^{-s}), S = {2,3,5,7} ==
  s=(0.3 + 7.1j): own FE (conductor P, no Gamma) residual 2.32e-32;  Riemann FE residual 0.672
  s=(0.9 + 21.3j): own FE (conductor P, no Gamma) residual 4.33e-32;  Riemann FE residual 6.02
  (i) integer lattice: yes (divisors of 210); (iii) entire, order 1: yes; (ii) Riemann FE: NO

== (2b) archimedean analytic model F(s) = A(s) + chi(s) A(1-s), A = prod_{p<=7}(1 + p^{-s}) ==
  s=(0.3 + 7.1j): Riemann FE residual |F(s) - chi(s)F(1-s)|/|F| = 4.08e-32
  s=(0.9 + 21.3j): Riemann FE residual |F(s) - chi(s)F(1-s)|/|F| = 1.22e-31
  |F(3 + 0.001)| = 2.58132e+9   (A(1-3) = A(-2) = 65000.0 != 0 -> pole of chi survives)
  |F(3 + 1.0e-6)| = 2.56611e+12   (A(1-3) = A(-2) = 65000.0 != 0 -> pole of chi survives)
  |F(5 + 0.001)| = 2.73772e+14   (A(1-5) = A(-4) = 2.0960909e+9 != 0 -> pole of chi survives)
  |F(5 + 1.0e-6)| = 2.72239e+17   (A(1-5) = A(-4) = 2.0960909e+9 != 0 -> pole of chi survives)
  |F(7 + 0.001)| = 1.49884e+19   (A(1-7) = A(-6) = 8.7232028e+13 != 0 -> pole of chi survives)
  |F(7 + 1.0e-6)| = 1.49092e+22   (A(1-7) = A(-6) = 8.7232028e+13 != 0 -> pole of chi survives)
  zeta, by contrast: zeta(1-k) = 0 for k = 3, 5, 7 (trivial zeros) cancel the poles of chi.
  => (ii) yes, (i) no, (iii) no (infinitely many poles at s = 3, 5, 7, ...).

elapsed 182.7 s
