# dd_err compares the 60-digit product with the %.17g DECIMAL printout of the double-double value; it is limited (~1e-17)
# by that printout, not by the arithmetic. The decision itself is recomputed from the factorization alone.
pi16 1e7 after-prime      c=2817412.73219594994979 factors=2 lattice M=553198 rel.margin(60 dig)=5.07313e-13 decision_ok=True dd_err=4.7e-18
SUMMARY pi16 1e7: 1/1 decisions confirmed at 60 digits; worst double-double relative error 4.7e-18
pi4 1e7 below-threshold  c=4397639.880459461718371 factors=2 lattice M=3453898 rel.margin(60 dig)=5.58219e-13 decision_ok=True dd_err=8.83e-18
pi4 1e7 after-prime      c=5603354.439181953867207 factors=4 lattice M=4400864 rel.margin(60 dig)=6.41107e-14 decision_ok=True dd_err=5.6e-18
pi4 1e7 after-prime      c=9733374.282838433175337 factors=6 lattice M=7644574 rel.margin(60 dig)=4.05202e-13 decision_ok=True dd_err=1.96e-18
SUMMARY pi4 1e7: 3/3 decisions confirmed at 60 digits; worst double-double relative error 8.83e-18
pi32 1e8 below-threshold  c=31431472.51401255289931 factors=2 lattice M=3085778 rel.margin(60 dig)=6.20872e-13 decision_ok=True dd_err=6.43e-18
pi32 1e8 after-prime      c=42458602.96025466532293 factors=4 lattice M=4168364 rel.margin(60 dig)=2.19293e-13 decision_ok=True dd_err=6.15e-18
pi32 1e8 after-prime      c=42727643.56901108527408 factors=3 lattice M=4194777 rel.margin(60 dig)=1.17301e-13 decision_ok=True dd_err=6.19e-18
pi32 1e8 below-threshold  c=43052227.97965665113114 factors=3 lattice M=4226643 rel.margin(60 dig)=2.24557e-13 decision_ok=True dd_err=8.92e-18
pi32 1e8 below-threshold  c=54513848.87403330984913 factors=2 lattice M=5351885 rel.margin(60 dig)=1.48227e-13 decision_ok=True dd_err=8.82e-18
pi32 1e8 below-threshold  c=61696274.63321903710413 factors=2 lattice M=6057018 rel.margin(60 dig)=6.91928e-14 decision_ok=True dd_err=7.78e-18
pi32 1e8 below-threshold  c=68468676.51533461044898 factors=2 lattice M=6721897 rel.margin(60 dig)=6.68111e-15 decision_ok=True dd_err=2.49e-18
pi32 1e8 below-threshold  c=71112777.42717887021475 factors=2 lattice M=6981481 rel.margin(60 dig)=6.43269e-15 decision_ok=True dd_err=5.46e-18
pi32 1e8 below-threshold  c=71494443.71303916083191 factors=2 lattice M=7018951 rel.margin(60 dig)=9.78806e-13 decision_ok=True dd_err=3.15e-18
pi32 1e8 below-threshold  c=72076222.51173590924776 factors=2 lattice M=7076067 rel.margin(60 dig)=9.70905e-13 decision_ok=True dd_err=1.91e-18
pi32 1e8 after-prime      c=73703392.09225376187735 factors=3 lattice M=7235814 rel.margin(60 dig)=3.44749e-13 decision_ok=True dd_err=6.74e-18
pi32 1e8 below-threshold  c=76604728.13570075617834 factors=2 lattice M=7520652 rel.margin(60 dig)=9.63265e-13 decision_ok=True dd_err=3.55e-18
pi32 1e8 after-prime      c=87707356.59411294850628 factors=2 lattice M=8610650 rel.margin(60 dig)=9.17811e-13 decision_ok=True dd_err=4.75e-18
pi32 1e8 after-prime      c=90754636.44715772121395 factors=2 lattice M=8909816 rel.margin(60 dig)=3.69573e-14 decision_ok=True dd_err=3.4e-18
pi32 1e8 below-threshold  c=91434373.20337692079083 factors=4 lattice M=8976549 rel.margin(60 dig)=9.61775e-13 decision_ok=True dd_err=3.41e-19
pi32 1e8 below-threshold  c=91984453.43039352565421 factors=2 lattice M=9030553 rel.margin(60 dig)=6.77899e-13 decision_ok=True dd_err=8.86e-19
pi32 1e8 below-threshold  c=94294059.03496513285238 factors=2 lattice M=9257298 rel.margin(60 dig)=6.20874e-13 decision_ok=True dd_err=3.11e-18
pi32 1e8 below-threshold  c=97450124.47478922259361 factors=2 lattice M=9567144 rel.margin(60 dig)=6.00766e-13 decision_ok=True dd_err=1.17e-18
pi32 1e8 after-prime      c=99648235.03896935983132 factors=2 lattice M=9782943 rel.margin(60 dig)=7.19083e-14 decision_ok=True dd_err=1.59e-18
SUMMARY pi32 1e8: 19/19 decisions confirmed at 60 digits; worst double-double relative error 8.92e-18
