# 14:59 IST 2026-10-01  s8dd 095pi3 X=1e6 args: 0.3 0.5 0.89
s8dd: t = 1.0051891142646021 + 7.98e-18, rho = 0.99483767363676789, X = 1e+06, ratio cap 100
CK x=1000 N=997 pi=171 supE=8.7940 (at 719.917) supE/log2x=0.1843 maxgap=115.5967 (at 801.633) minmargin_sofar=2.576e-06 decade_margin=2.576e-06
CK x=3162.28 N=3156 pi=423 supE=17.2185 (at 3112.85) supE/log2x=0.2651 maxgap=255.3180 (at 2309.42) minmargin_sofar=1.684e-07 decade_margin=1.684e-07
CK x=10000 N=9949 pi=1197 supE=20.7590 (at 8820.77) supE/log2x=0.2447 maxgap=532.7502 (at 6327.16) minmargin_sofar=1.684e-07 decade_margin=2.360e-07
CK x=31622.8 N=31468 pi=3523 supE=28.4690 (at 23775.3) supE/log2x=0.2652 maxgap=798.1202 (at 24020.5) minmargin_sofar=2.241e-08 decade_margin=2.241e-08
CK x=100000 N=99520 pi=9351 supE=63.1097 (at 99627.2) supE/log2x=0.4761 maxgap=1721.8890 (at 71460.4) minmargin_sofar=7.992e-10 decade_margin=7.992e-10
CK x=316228 N=314595 pi=26686 supE=63.1097 (at 99627.2) supE/log2x=0.3935 maxgap=1825.4234 (at 277339) minmargin_sofar=2.561e-10 decade_margin=2.561e-10
CK x=1e+06 N=994840 pi=80752 supE=82.3797 (at 389536) supE/log2x=0.4316 maxgap=5310.4141 (at 393117) minmargin_sofar=1.564e-12 decade_margin=1.564e-12
FINAL X=1e+06 N(X)=994840 pi(X)=80752 E(X)=2.321201 supE=82.379654 at 389535.52  inf E(p-)=-0.500000000000  inf E(c-) over composites=-0.499998970 at 662085.4
FINAL maxgap=5310.414091 closing at 393116.89; walk nodes=2951959; max #factors=33; first primes: 1.5025945571 4.5181618999 6.5285401285 9.5441074712 13.5648639283 18.5908094996
AUDIT min relative decision margin=1.5642e-12 at 662085.4; decisions below 1e-24: 0
AUDIT by kind: composite below live threshold min=1.5642e-12 at 662085.4; composite just after a placed prime min=1.7374e-11 at 680703.51
F sigma=0.890000 F1=-7.852481358413 F2=-7.852481358413 diff=-5.33e-15  halfXs=2.285e-06
ROOT real zero of F_X in [0.402156025502, 0.402156025502]
        0.20 real         0.19 user         0.00 sys
            18038784  maximum resident set size
                   0  average shared memory size
                   0  average unshared data size
                   0  average unshared stack size
                1275  page reclaims
                   1  page faults
                   0  swaps
                   0  block input operations
                   0  block output operations
                   0  messages sent
                   0  messages received
                   0  signals received
                   0  voluntary context switches
                  11  involuntary context switches
          4088842600  instructions retired
           789398287  cycles elapsed
            17596848  peak memory footprint
