# 15:23 IST 2026-10-01  s8dd pi32 X=1e6 args: 0 0 0.901825229590
s8dd: t = 10.185916357881302 + -6.3e-16, rho = 0.098174770424681035, X = 1e+06, ratio cap 100
CK x=1000 N=99 pi=75 supE=1.8915 (at 226.196) supE/log2x=0.0396 maxgap=40.7437 (at 627.434) minmargin_sofar=9.776e-04 decade_margin=9.776e-04
CK x=3162.28 N=311 pi=232 supE=2.9211 (at 2089.92) supE/log2x=0.0450 maxgap=50.9296 (at 2134.95) minmargin_sofar=1.063e-05 decade_margin=1.063e-05
CK x=10000 N=983 pi=700 supE=3.0197 (at 6570.72) supE/log2x=0.0356 maxgap=61.1155 (at 7727.02) minmargin_sofar=1.063e-05 decade_margin=1.066e-05
CK x=31622.8 N=3105 pi=2106 supE=4.8308 (at 23002.5) supE/log2x=0.0450 maxgap=71.3014 (at 10742) minmargin_sofar=9.003e-07 decade_margin=9.003e-07
CK x=100000 N=9818 pi=6350 supE=4.8308 (at 23002.5) supE/log2x=0.0364 maxgap=132.4169 (at 76492.1) minmargin_sofar=1.418e-07 decade_margin=1.418e-07
CK x=316228 N=31047 pi=19139 supE=5.4862 (at 138036) supE/log2x=0.0342 maxgap=132.4169 (at 76492.1) minmargin_sofar=6.254e-09 decade_margin=6.254e-09
CK x=1e+06 N=98177 pi=57724 supE=6.3931 (at 877096) supE/log2x=0.0335 maxgap=173.1606 (at 875394) minmargin_sofar=7.624e-10 decade_margin=7.624e-10
FINAL X=1e+06 N(X)=98177 pi(X)=57724 E(X)=1.327750 supE=6.393137 at 877096.07  inf E(p-)=-0.500000000000  inf E(c-) over composites=-0.499794164 at 576844.72
FINAL maxgap=173.160578 closing at 875393.93; walk nodes=77067; max #factors=7; first primes: 6.0929581789 16.2788745368 26.4647908947 36.6507072526 57.0225399683 67.2084563262
AUDIT min relative decision margin=7.6244e-10 at 886231.75; decisions below 1e-24: 0
AUDIT by kind: composite below live threshold min=2.9983e-09 at 817762.01; composite just after a placed prime min=7.6244e-10 at 886231.75
F sigma=0.901825 F1=-0.064639580629 F2=-0.064639580629 diff=4.72e-16  halfXs=1.941e-06
        0.00 real         0.00 user         0.00 sys
             4390912  maximum resident set size
                   0  average shared memory size
                   0  average unshared data size
                   0  average unshared stack size
                 442  page reclaims
                   1  page faults
                   0  swaps
                   0  block input operations
                   0  block output operations
                   0  messages sent
                   0  messages received
                   0  signals received
                   0  voluntary context switches
                   6  involuntary context switches
           104361892  instructions retired
            26665686  cycles elapsed
             3948952  peak memory footprint
