# 15:02 IST 2026-10-01  s8dd pi16 X=5e7 args: 0 0
s8dd: t = 5.0929581789406511 + -3.15e-16, rho = 0.19634954084936207, X = 5e+07, ratio cap 100
CK x=1000 N=198 pi=118 supE=3.0381 (at 561.031) supE/log2x=0.0637 maxgap=35.6507 (at 589.237) minmargin_sofar=2.453e-05 decade_margin=2.453e-05
CK x=3162.28 N=622 pi=340 supE=3.3380 (at 2764.75) supE/log2x=0.0514 maxgap=40.7437 (at 1999.99) minmargin_sofar=2.304e-06 decade_margin=2.304e-06
CK x=10000 N=1964 pi=990 supE=3.5351 (at 7204.81) supE/log2x=0.0417 maxgap=66.2085 (at 3558.43) minmargin_sofar=4.409e-07 decade_margin=4.409e-07
CK x=31622.8 N=6211 pi=2888 supE=4.3995 (at 27495.8) supE/log2x=0.0410 maxgap=81.4873 (at 15751) minmargin_sofar=1.811e-07 decade_margin=1.811e-07
CK x=100000 N=19637 pi=8415 supE=6.8801 (at 98820.3) supE/log2x=0.0519 maxgap=178.2535 (at 98863) minmargin_sofar=1.928e-08 decade_margin=1.928e-08
CK x=316228 N=62092 pi=24680 supE=7.4803 (at 255090) supE/log2x=0.0466 maxgap=178.2535 (at 98863) minmargin_sofar=1.095e-09 decade_margin=1.095e-09
CK x=1e+06 N=196350 pi=72603 supE=9.6362 (at 704680) supE/log2x=0.0505 maxgap=249.5550 (at 849300) minmargin_sofar=4.282e-11 decade_margin=4.282e-11
CK x=3.16228e+06 N=620915 pi=214016 supE=10.7689 (at 2.8812e+06) supE/log2x=0.0481 maxgap=249.5550 (at 849300) minmargin_sofar=5.073e-13 decade_margin=5.073e-13
CK x=1e+07 N=1963496 pi=633514 supE=12.8385 (at 9.7011e+06) supE/log2x=0.0494 maxgap=336.1352 (at 5.95253e+06) minmargin_sofar=5.073e-13 decade_margin=5.002e-12
CK x=3.16228e+07 N=6209119 pi=1879642 supE=14.7145 (at 2.1331e+07) supE/log2x=0.0493 maxgap=432.9014 (at 1.02511e+07) minmargin_sofar=1.150e-13 decade_margin=1.150e-13
FINAL X=5e+07 N(X)=9817479 pi(X)=2899969 E(X)=1.153881 supE=14.714496 at 21331017  inf E(p-)=-0.500000000000  inf E(c-) over composites=-0.499999434 at 25087009
FINAL maxgap=432.901445 closing at 10251120; walk nodes=20533559; max #factors=14; first primes: 3.5464790895 8.6394372684 18.8253536263 23.9183118052 29.0112699842 39.1971863421
AUDIT min relative decision margin=6.1102e-14 at 35884274; decisions below 1e-24: 0
AUDIT by kind: composite below live threshold min=1.1495e-13 at 25087009; composite just after a placed prime min=6.1102e-14 at 35884274
SIEVE u=1000 pi(u,2u]=101 rho*u*M(sqrt 2u)=104.02 dE=-0.350 S=-2.67  S/(u/log u)=-0.01845  sqrt(u)log(u)=218.4  rho*M*log z=0.39533 (e^-gamma=0.56146)  pi(I)/(u/log u)=0.69768
SIEVE u=1e+04 pi(u,2u]=889 rho*u*M(sqrt 2u)=908.47 dE=0.505 S=-19.98  S/(u/log u)=-0.01840  sqrt(u)log(u)=921.0  rho*M*log z=0.44985 (e^-gamma=0.56146)  pi(I)/(u/log u)=0.81880
SIEVE u=1e+05 pi(u,2u]=7668 rho*u*M(sqrt 2u)=7904.52 dE=-0.954 S=-235.56  S/(u/log u)=-0.02712  sqrt(u)log(u)=3640.7  rho*M*log z=0.48242 (e^-gamma=0.56146)  pi(I)/(u/log u)=0.88281
SIEVE u=1e+06 pi(u,2u]=66550 rho*u*M(sqrt 2u)=69821.41 dE=0.459 S=-3271.87  S/(u/log u)=-0.04520  sqrt(u)log(u)=13815.5  rho*M*log z=0.50651 (e^-gamma=0.56146)  pi(I)/(u/log u)=0.91942
SIEVE u=5e+06 pi(u,2u]=303920 rho*u*M(sqrt 2u)=321191.59 dE=-0.704 S=-17270.88  S/(u/log u)=-0.05328  sqrt(u)log(u)=34491.2  rho*M*log z=0.51770 (e^-gamma=0.56146)  pi(I)/(u/log u)=0.93759
SIEVE u=2.5e+07 pi(u,2u]=1394912 rho*u*M(sqrt 2u)=1485434.15 dE=0.479 S=-90522.63  S/(u/log u)=-0.06168  sqrt(u)log(u)=85171.9  rho*M*log z=0.52666 (e^-gamma=0.56146)  pi(I)/(u/log u)=0.95046
        0.79 real         0.76 user         0.01 sys
           152977408  maximum resident set size
                   0  average shared memory size
                   0  average unshared data size
                   0  average unshared stack size
               19751  page reclaims
                   1  page faults
                   0  swaps
                   0  block input operations
                   0  block output operations
                   0  messages sent
                   0  messages received
                   0  signals received
                   0  voluntary context switches
                 858  involuntary context switches
         10185512714  instructions retired
          3068992321  cycles elapsed
           152699552  peak memory footprint
