# 14:59 IST 2026-10-01  s8dd pi32 X=1e8 args: 0 0
s8dd: t = 10.185916357881302 + -6.3e-16, rho = 0.098174770424681035, X = 1e+08, ratio cap 100
CK x=1000 N=99 pi=75 supE=1.8915 (at 226.196) supE/log2x=0.0396 maxgap=40.7437 (at 627.434) minmargin_sofar=9.776e-04 decade_margin=9.776e-04
CK x=3162.28 N=311 pi=232 supE=2.9211 (at 2089.92) supE/log2x=0.0450 maxgap=50.9296 (at 2134.95) minmargin_sofar=1.063e-05 decade_margin=1.063e-05
CK x=10000 N=983 pi=700 supE=3.0197 (at 6570.72) supE/log2x=0.0356 maxgap=61.1155 (at 7727.02) minmargin_sofar=1.063e-05 decade_margin=1.066e-05
CK x=31622.8 N=3105 pi=2106 supE=4.8308 (at 23002.5) supE/log2x=0.0450 maxgap=71.3014 (at 10742) minmargin_sofar=9.003e-07 decade_margin=9.003e-07
CK x=100000 N=9818 pi=6350 supE=4.8308 (at 23002.5) supE/log2x=0.0364 maxgap=132.4169 (at 76492.1) minmargin_sofar=1.418e-07 decade_margin=1.418e-07
CK x=316228 N=31047 pi=19139 supE=5.4862 (at 138036) supE/log2x=0.0342 maxgap=132.4169 (at 76492.1) minmargin_sofar=6.254e-09 decade_margin=6.254e-09
CK x=1e+06 N=98177 pi=57724 supE=6.3931 (at 877096) supE/log2x=0.0335 maxgap=173.1606 (at 875394) minmargin_sofar=7.624e-10 decade_margin=7.624e-10
CK x=3.16228e+06 N=310457 pi=174263 supE=6.3931 (at 877096) supE/log2x=0.0285 maxgap=213.9042 (at 2.55953e+06) minmargin_sofar=2.159e-11 decade_margin=2.159e-11
CK x=1e+07 N=981749 pi=526606 supE=8.9279 (at 3.58921e+06) supE/log2x=0.0344 maxgap=254.6479 (at 5.44909e+06) minmargin_sofar=3.445e-12 decade_margin=3.445e-12
PATH 43052227.979656652 -4.8495619604243292e-10 n: 1 1 113852
PATH 42458602.960254662 3.5840601892372811e-09 n: 1 2 2 2582
PATH 42727643.569011085 5.3868934685049423e-10 n: 2 29 885
PATH 54513848.87403331 3.2984147575689345e-10 n: 6 93856
PATH 61696274.633219033 3.6244366590083303e-09 n: 9 69160
PATH 31431472.514012553 1.0151798118772794e-10 n: 18 17215
PATH 68468676.515334606 4.2783211234194371e-09 n: 163 4059
CK x=3.16228e+07 N=3104560 pi=1592734 supE=9.0761 (at 1.99912e+07) supE/log2x=0.0304 maxgap=325.9493 (at 2.71943e+07) minmargin_sofar=6.209e-13 decade_margin=6.209e-13
PATH 91434373.203376919 1.7596844468822769e-09 n: 1 1 3 9137
PATH 73703392.09225376 2.3739884657351564e-09 n: 1 26 4555
PATH 76604728.135700762 -6.0935431896851676e-09 n: 1 1234319
PATH 90754636.447157726 -4.4778475127724841e-09 n: 1 1462314
PATH 99648235.038969353 6.9899434919572288e-09 n: 1 1605615
PATH 91984453.430393532 -6.2643161543404613e-09 n: 2 554741
PATH 71112777.427178875 -4.3971044178670183e-09 n: 3 263803
PATH 97450124.474789217 5.479161615770258e-09 n: 3 361505
PATH 72076222.511735916 -6.8899324759026141e-09 n: 12 59897
PATH 94294059.034965128 5.1458571374256637e-09 n: 18 51644
PATH 71494443.71303916 1.0571249269980441e-09 n: 274 2519
PATH 87707356.594112948 9.230837219537394e-10 n: 624 1356
CK x=1e+08 N=9817480 pi=4822578 supE=9.8578 (at 9.96319e+07) supE/log2x=0.0291 maxgap=397.2507 (at 8.05838e+07) minmargin_sofar=6.433e-15 decade_margin=6.433e-15
FINAL X=1e+08 N(X)=9817480 pi(X)=4822578 E(X)=2.055707 supE=9.857826 at 99631883  inf E(p-)=-0.500000000000  inf E(c-) over composites=-0.499999955 at 68468677
FINAL maxgap=397.250738 closing at 80583816; walk nodes=13276992; max #factors=10; first primes: 6.0929581789 16.2788745368 26.4647908947 36.6507072526 57.0225399683 67.2084563262
AUDIT min relative decision margin=6.4327e-15 at 71112777; decisions below 1e-24: 0
AUDIT by kind: composite below live threshold min=6.4327e-15 at 71112777; composite just after a placed prime min=3.6957e-14 at 90754636
        0.63 real         0.60 user         0.01 sys
           173228032  maximum resident set size
                   0  average shared memory size
                   0  average unshared data size
                   0  average unshared stack size
               18978  page reclaims
                   1  page faults
                   0  swaps
                   0  block input operations
                   0  block output operations
                   0  messages sent
                   0  messages received
                   0  signals received
                   0  voluntary context switches
                 594  involuntary context switches
          8138706850  instructions retired
          2438177998  cycles elapsed
           172917360  peak memory footprint
