# 14:57 IST 2026-10-01  s8dd pi16 X=1e6 args: 0.78 0.80 0.89
s8dd: t = 5.0929581789406511 + -3.15e-16, rho = 0.19634954084936207, X = 1e+06, ratio cap 100
CK x=1000 N=198 pi=118 supE=3.0381 (at 561.031) supE/log2x=0.0637 maxgap=35.6507 (at 589.237) minmargin_sofar=2.453e-05 decade_margin=2.453e-05
CK x=3162.28 N=622 pi=340 supE=3.3380 (at 2764.75) supE/log2x=0.0514 maxgap=40.7437 (at 1999.99) minmargin_sofar=2.304e-06 decade_margin=2.304e-06
CK x=10000 N=1964 pi=990 supE=3.5351 (at 7204.81) supE/log2x=0.0417 maxgap=66.2085 (at 3558.43) minmargin_sofar=4.409e-07 decade_margin=4.409e-07
CK x=31622.8 N=6211 pi=2888 supE=4.3995 (at 27495.8) supE/log2x=0.0410 maxgap=81.4873 (at 15751) minmargin_sofar=1.811e-07 decade_margin=1.811e-07
CK x=100000 N=19637 pi=8415 supE=6.8801 (at 98820.3) supE/log2x=0.0519 maxgap=178.2535 (at 98863) minmargin_sofar=1.928e-08 decade_margin=1.928e-08
CK x=316228 N=62092 pi=24680 supE=7.4803 (at 255090) supE/log2x=0.0466 maxgap=178.2535 (at 98863) minmargin_sofar=1.095e-09 decade_margin=1.095e-09
CK x=1e+06 N=196350 pi=72603 supE=9.6362 (at 704680) supE/log2x=0.0505 maxgap=249.5550 (at 849300) minmargin_sofar=4.282e-11 decade_margin=4.282e-11
FINAL X=1e+06 N(X)=196350 pi(X)=72603 E(X)=-0.344500 supE=9.636203 at 704679.83  inf E(p-)=-0.500000000000  inf E(c-) over composites=-0.499993081 at 822974.66
FINAL maxgap=249.554951 closing at 849300.16; walk nodes=209823; max #factors=10; first primes: 3.5464790895 8.6394372684 18.8253536263 23.9183118052 29.0112699842 39.1971863421
AUDIT min relative decision margin=4.2817e-11 at 822974.66; decisions below 1e-24: 0
AUDIT by kind: composite below live threshold min=4.2817e-11 at 822974.66; composite just after a placed prime min=7.3702e-10 at 772080.73
F sigma=0.890000 F1=-0.838445952098 F2=-0.838445952098 diff=-5.55e-16  halfXs=2.285e-06
ROOT real zero of F_X in [0.794752301960, 0.794752301960]
        0.03 real         0.03 user         0.00 sys
             7454720  maximum resident set size
                   0  average shared memory size
                   0  average unshared data size
                   0  average unshared stack size
                 629  page reclaims
                   1  page faults
                   0  swaps
                   0  block input operations
                   0  block output operations
                   0  messages sent
                   0  messages received
                   0  signals received
                   0  voluntary context switches
                   5  involuntary context switches
           746677850  instructions retired
           130652347  cycles elapsed
             7012784  peak memory footprint
