# 15:23 IST 2026-10-01  s8dd pi4 X=1e6 args: 0.5 0.6 0.89
s8dd: t = 1.2732395447351628 + -7.87e-17, rho = 0.78539816339744828, X = 1e+06, ratio cap 100
CK x=1000 N=793 pi=156 supE=8.2174 (at 987.484) supE/log2x=0.1722 maxgap=118.4113 (at 714.651) minmargin_sofar=2.415e-06 decade_margin=2.415e-06
CK x=3162.28 N=2484 pi=444 supE=13.3304 (at 2359.89) supE/log2x=0.2052 maxgap=297.9381 (at 2493.37) minmargin_sofar=6.364e-07 decade_margin=6.364e-07
CK x=10000 N=7856 pi=1154 supE=13.3304 (at 2359.89) supE/log2x=0.1571 maxgap=446.9071 (at 3888.84) minmargin_sofar=1.403e-07 decade_margin=1.403e-07
CK x=31622.8 N=24846 pi=3368 supE=21.5730 (at 20144.2) supE/log2x=0.2009 maxgap=723.2001 (at 20376) minmargin_sofar=6.026e-08 decade_margin=6.026e-08
CK x=100000 N=78540 pi=9832 supE=26.6312 (at 80605.2) supE/log2x=0.2009 maxgap=957.4761 (at 32446.3) minmargin_sofar=1.945e-09 decade_margin=1.945e-09
CK x=316228 N=248369 pi=26348 supE=39.5303 (at 286729) supE/log2x=0.2465 maxgap=957.4761 (at 32446.3) minmargin_sofar=1.157e-10 decade_margin=1.157e-10
CK x=1e+06 N=785400 pi=78134 supE=39.5303 (at 286729) supE/log2x=0.2071 maxgap=1574.9973 (at 986124) minmargin_sofar=9.016e-12 decade_margin=9.016e-12
FINAL X=1e+06 N(X)=785400 pi(X)=78134 E(X)=1.622001 supE=39.530308 at 286728.78  inf E(p-)=-0.500000000000  inf E(c-) over composites=-0.499996197 at 537008.24
FINAL maxgap=1574.997317 closing at 986124.39; walk nodes=2682913; max #factors=28; first primes: 1.6366197724 4.1830988618 6.7295779513 10.5492965855 15.6422547645 16.9154943092
AUDIT min relative decision margin=9.0162e-12 at 537008.24; decisions below 1e-24: 0
AUDIT by kind: composite below live threshold min=9.0162e-12 at 537008.24; composite just after a placed prime min=7.4499e-11 at 658612.8
F sigma=0.890000 F1=-5.858991434671 F2=-5.858991434671 diff=-2.66e-15  halfXs=2.285e-06
ROOT real zero of F_X in [0.514035997753, 0.514035997753]
        0.14 real         0.14 user         0.00 sys
            16089088  maximum resident set size
                   0  average shared memory size
                   0  average unshared data size
                   0  average unshared stack size
                1156  page reclaims
                   1  page faults
                   0  swaps
                   0  block input operations
                   0  block output operations
                   0  messages sent
                   0  messages received
                   0  signals received
                   0  voluntary context switches
                   6  involuntary context switches
          3257354904  instructions retired
           586792746  cycles elapsed
            15647152  peak memory footprint
