# 14:59 IST 2026-10-01  s8dd pi64 X=1e6 args: 0.94 0.96 0.89
s8dd: t = 20.371832715762604 + -1.26e-15, rho = 0.049087385212340517, X = 1e+06, ratio cap 100
CK x=1000 N=51 pi=45 supE=1.3493 (at 808.758) supE/log2x=0.0283 maxgap=40.7437 (at 153.789) minmargin_sofar=1.235e-03 decade_margin=1.235e-03
CK x=3162.28 N=156 pi=136 supE=1.4901 (at 2924.56) supE/log2x=0.0229 maxgap=40.7437 (at 153.789) minmargin_sofar=6.513e-05 decade_margin=6.513e-05
CK x=10000 N=493 pi=424 supE=1.9705 (at 9046.69) supE/log2x=0.0232 maxgap=61.1155 (at 3596.63) minmargin_sofar=4.680e-05 decade_margin=4.680e-05
CK x=31622.8 N=1553 pi=1303 supE=2.1548 (at 26786.8) supE/log2x=0.0201 maxgap=101.8592 (at 31302.3) minmargin_sofar=1.188e-06 decade_margin=1.188e-06
CK x=100000 N=4910 pi=4022 supE=3.1209 (at 45020.3) supE/log2x=0.0235 maxgap=101.8592 (at 31302.3) minmargin_sofar=2.167e-07 decade_margin=2.167e-07
CK x=316228 N=15524 pi=12382 supE=3.1825 (at 145513) supE/log2x=0.0198 maxgap=122.2310 (at 154063) minmargin_sofar=1.651e-08 decade_margin=1.651e-08
CK x=1e+06 N=49088 pi=38134 supE=3.5062 (at 885921) supE/log2x=0.0184 maxgap=142.6028 (at 435459) minmargin_sofar=5.542e-09 decade_margin=5.542e-09
FINAL X=1e+06 N(X)=49088 pi(X)=38134 E(X)=-0.336125 supE=3.506186 at 885920.95  inf E(p-)=-0.500000000000  inf E(c-) over composites=-0.499905801 at 325654.93
FINAL maxgap=142.602829 closing at 435459.11; walk nodes=20393; max #factors=5; first primes: 11.1859163579 31.5577490736 51.9295817894 72.3014145052 92.6732472209 113.0450799367
AUDIT min relative decision margin=5.5419e-09 at 346271.22; decisions below 1e-24: 0
AUDIT by kind: composite below live threshold min=5.5419e-09 at 346271.22; composite just after a placed prime min=1.1094e-08 at 390865.17
F sigma=0.890000 F1=0.490605004444 F2=0.490605004444 diff=-1.67e-16  halfXs=2.285e-06
ROOT real zero of F_X in [0.947634171248, 0.947634171248]
        0.00 real         0.00 user         0.00 sys
             3211264  maximum resident set size
                   0  average shared memory size
                   0  average unshared data size
                   0  average unshared stack size
                 370  page reclaims
                   1  page faults
                   0  swaps
                   0  block input operations
                   0  block output operations
                   0  messages sent
                   0  messages received
                   0  signals received
                   0  voluntary context switches
                   4  involuntary context switches
           180971671  instructions retired
            32321783  cycles elapsed
             2769304  peak memory footprint
