# 14:59 IST 2026-10-01  s8dd pi16 X=1e7 args: 0.79 0.80 0.78 0.79 0.80 0.81
s8dd: t = 5.0929581789406511 + -3.15e-16, rho = 0.19634954084936207, X = 1e+07, ratio cap 100
CK x=1000 N=198 pi=118 supE=3.0381 (at 561.031) supE/log2x=0.0637 maxgap=35.6507 (at 589.237) minmargin_sofar=2.453e-05 decade_margin=2.453e-05
CK x=3162.28 N=622 pi=340 supE=3.3380 (at 2764.75) supE/log2x=0.0514 maxgap=40.7437 (at 1999.99) minmargin_sofar=2.304e-06 decade_margin=2.304e-06
CK x=10000 N=1964 pi=990 supE=3.5351 (at 7204.81) supE/log2x=0.0417 maxgap=66.2085 (at 3558.43) minmargin_sofar=4.409e-07 decade_margin=4.409e-07
CK x=31622.8 N=6211 pi=2888 supE=4.3995 (at 27495.8) supE/log2x=0.0410 maxgap=81.4873 (at 15751) minmargin_sofar=1.811e-07 decade_margin=1.811e-07
CK x=100000 N=19637 pi=8415 supE=6.8801 (at 98820.3) supE/log2x=0.0519 maxgap=178.2535 (at 98863) minmargin_sofar=1.928e-08 decade_margin=1.928e-08
CK x=316228 N=62092 pi=24680 supE=7.4803 (at 255090) supE/log2x=0.0466 maxgap=178.2535 (at 98863) minmargin_sofar=1.095e-09 decade_margin=1.095e-09
CK x=1e+06 N=196350 pi=72603 supE=9.6362 (at 704680) supE/log2x=0.0505 maxgap=249.5550 (at 849300) minmargin_sofar=4.282e-11 decade_margin=4.282e-11
CK x=3.16228e+06 N=620915 pi=214016 supE=10.7689 (at 2.8812e+06) supE/log2x=0.0481 maxgap=249.5550 (at 849300) minmargin_sofar=5.073e-13 decade_margin=5.073e-13
CK x=1e+07 N=1963496 pi=633514 supE=12.8385 (at 9.7011e+06) supE/log2x=0.0494 maxgap=336.1352 (at 5.95253e+06) minmargin_sofar=5.073e-13 decade_margin=5.002e-12
FINAL X=1e+07 N(X)=1963496 pi(X)=633514 E(X)=-0.212144 supE=12.838454 at 9701099.1  inf E(p-)=-0.500000000000  inf E(c-) over composites=-0.499993081 at 822974.66
FINAL maxgap=336.135240 closing at 5952525.7; walk nodes=2412561; max #factors=12; first primes: 3.5464790895 8.6394372684 18.8253536263 23.9183118052 29.0112699842 39.1971863421
AUDIT min relative decision margin=5.0731e-13 at 2817412.7; decisions below 1e-24: 0
AUDIT by kind: composite below live threshold min=1.0550e-11 at 8371135.9; composite just after a placed prime min=5.0731e-13 at 2817412.7
F sigma=0.780000 F1=0.065954643437 F2=0.065954643437 diff=-1.22e-14  halfXs=1.734e-06
F sigma=0.790000 F1=0.022231318724 F2=0.022231318724 diff=7.68e-15  halfXs=1.476e-06
F sigma=0.800000 F1=-0.025711158284 F2=-0.025711158284 diff=1.39e-17  halfXs=1.256e-06
F sigma=0.810000 F1=-0.078544745823 F2=-0.078544745823 diff=2.75e-15  halfXs=1.069e-06
ROOT real zero of F_X in [0.794754781368, 0.794754781368]
        0.49 real         0.48 user         0.00 sys
            46137344  maximum resident set size
                   0  average shared memory size
                   0  average unshared data size
                   0  average unshared stack size
                3838  page reclaims
                   1  page faults
                   0  swaps
                   0  block input operations
                   0  block output operations
                   0  messages sent
                   0  messages received
                   0  signals received
                   0  voluntary context switches
                 364  involuntary context switches
          9574950146  instructions retired
          1822318810  cycles elapsed
            45711816  peak memory footprint
