a(0) = -0.653847, A(0) = -0.855010, zero crossing of a at tau_0 = 6.3100, I_minus (both sides) = 2.241523, 2 - I_minus = -0.241523
   tau= 8.0: a = 0.038027, (1/2pi) log(tau/2pi) = 0.038446
   tau=10.0: a = 0.073693, (1/2pi) log(tau/2pi) = 0.073961
   tau=20.0: a = 0.184212, (1/2pi) log(tau/2pi) = 0.184278
   tau=60.0: a = 0.359121, (1/2pi) log(tau/2pi) = 0.359128
sieve to 4000000: sum Lambda(n)/n = 14.6245 (log N - gamma = 14.6246); 3.5s
first 200 zeros: gamma_1 = 14.134725, gamma_2 = 21.022040, gamma_200 = 396.3819; 15.6s
T=  4.0  B = 2 + -1.41901 =  0.58099   P = 0.56036 (+0.04188 tail)   Z = 0.00000   shares = 0.60224   B - shares = -0.02125
T=  5.0  B = 2 + -1.56432 =  0.43568   P = 0.41881 (+0.03350 tail)   Z = 0.00000   shares = 0.45231   B - shares = -0.01663
T=  6.0  B = 2 + -1.67387 =  0.32613   P = 0.31218 (+0.02792 tail)   Z = 0.00000   shares = 0.34010   B - shares = -0.01397
T=  7.0  B = 2 + -1.75454 =  0.24546   P = 0.23354 (+0.02393 tail)   Z = 0.00000   shares = 0.25747   B - shares = -0.01201
T=  8.0  B = 2 + -1.81095 =  0.18905   P = 0.17851 (+0.02094 tail)   Z = 0.00000   shares = 0.19945   B - shares = -0.01040
T=  9.0  B = 2 + -1.84642 =  0.15358   P = 0.14434 (+0.01861 tail)   Z = 0.00000   shares = 0.16295   B - shares = -0.00937
T= 10.0  B = 2 + -1.86346 =  0.13654   P = 0.12811 (+0.01675 tail)   Z = 0.00000   shares = 0.14487   B - shares = -0.00833
T= 11.0  B = 2 + -1.86403 =  0.13597   P = 0.12839 (+0.01523 tail)   Z = 0.00000   shares = 0.14362   B - shares = -0.00764
T= 12.0  B = 2 + -1.84970 =  0.15030   P = 0.14328 (+0.01396 tail)   Z = 0.00004   shares = 0.15728   B - shares = -0.00697
T= 13.0  B = 2 + -1.82177 =  0.17823   P = 0.17089 (+0.01289 tail)   Z = 0.00088   shares = 0.18466   B - shares = -0.00643
T= 14.0  B = 2 + -1.78134 =  0.21866   P = 0.19453 (+0.01197 tail)   Z = 0.01817   shares = 0.22466   B - shares = -0.00600
T= 15.0  B = 2 + -1.72933 =  0.27067   P = 0.14792 (+0.01117 tail)   Z = 0.11715   shares = 0.27624   B - shares = -0.00556
T= 16.0  B = 2 + -1.66652 =  0.33348   P = 0.09503 (+0.01047 tail)   Z = 0.23323   shares = 0.33873   B - shares = -0.00526
T= 18.0  B = 2 + -1.51124 =  0.48876   P = 0.05464 (+0.00931 tail)   Z = 0.42948   shares = 0.49342   B - shares = -0.00466
T= 20.0  B = 2 + -1.32011 =  0.67989   P = 0.08835 (+0.00838 tail)   Z = 0.58734   shares = 0.68407   B - shares = -0.00418
T= 25.0  B = 2 + -0.70784 =  1.29216   P = 0.08693 (+0.00670 tail)   Z = 1.20188   shares = 1.29551   B - shares = -0.00335
T= 30.0  B = 2 +  0.06570 =  2.06570   P = 0.07055 (+0.00558 tail)   Z = 1.99236   shares = 2.06849   B - shares = -0.00280
T= 40.0  B = 2 +  1.99496 =  3.99496   P = 0.04798 (+0.00419 tail)   Z = 3.94488   shares = 3.99705   B - shares = -0.00210
min over the Fejer family of B(w_T)/what_T(0): T = 11, B = 0.13597  (primal upper bound for kappa)
done in 16.1s
exit=0
