Tue Sep 29 00:24:30 IST 2026
overlay-ok
 M Zeta23.lean
?? Zeta23/DBN/
?? Zeta23/PairCeiling/GridCorner.lean
?? Zeta23/PairCeiling/GridParseval.lean
?? Zeta23/PairCeiling/GridWitness.lean
?? Zeta23/Separation/
?? Zeta23/W1/
?? comparator/Challenge/DBN.lean
?? comparator/Challenge/Separation.lean
?? comparator/Challenge/Separation5.lean
?? comparator/Challenge/Separation5c.lean
?? comparator/Challenge/Separation6.lean
?? comparator/Challenge/Separation6b.lean
?? comparator/Challenge/SeparationClause4.lean
?? comparator/Challenge/SeparationClause4b.lean
?? comparator/Challenge/SeparationClause5Sum.lean
?? comparator/Challenge/SeparationG1.lean
?? comparator/Challenge/WeilContainment.lean
?? comparator/Challenge/WeilContainmentOne.lean
?? comparator/ChallengeDeps/DBN.lean
?? comparator/ChallengeDeps/DBN/
?? comparator/ChallengeDeps/SepConfig.lean
?? comparator/ChallengeDeps/Separation.lean
?? comparator/ChallengeDeps/Separation5.lean
?? comparator/ChallengeDeps/Separation6.lean
?? comparator/ChallengeDeps/Separation6b.lean
?? comparator/ChallengeDeps/WeilContainment.lean
?? comparator/PrintAxioms/DBN.lean
?? comparator/PrintAxioms/Separation.lean
?? comparator/PrintAxioms/Separation5.lean
?? comparator/PrintAxioms/Separation5c.lean
?? comparator/PrintAxioms/Separation6.lean
?? comparator/PrintAxioms/Separation6b.lean
?? comparator/PrintAxioms/SeparationClause4.lean
?? comparator/PrintAxioms/SeparationClause4b.lean
?? comparator/PrintAxioms/SeparationClause5Sum.lean
?? comparator/PrintAxioms/SeparationG1.lean
?? comparator/PrintAxioms/WeilContainment.lean
?? comparator/PrintAxioms/WeilContainmentOne.lean
?? comparator/Solution/DBN.lean
?? comparator/Solution/Separation.lean
?? comparator/Solution/Separation5.lean
?? comparator/Solution/Separation5c.lean
?? comparator/Solution/Separation6.lean
?? comparator/Solution/Separation6b.lean
?? comparator/Solution/SeparationClause4.lean
?? comparator/Solution/SeparationClause4b.lean
?? comparator/Solution/SeparationClause5Sum.lean
?? comparator/Solution/SeparationG1.lean
?? comparator/Solution/WeilContainment.lean
?? comparator/Solution/WeilContainmentOne.lean
?? comparator/config-dbn.json
?? comparator/config-separation-clause4.json
?? comparator/config-separation-clause4b.json
?? comparator/config-separation-clause5sum.json
?? comparator/config-separation-g1.json
?? comparator/config-separation.json
?? comparator/config-separation5.json
?? comparator/config-separation5c.json
?? comparator/config-separation6.json
?? comparator/config-separation6b.json
?? comparator/config-weil-containment-one.json
?? comparator/config-weil-containment.json
      63
leanprover/lean4:v4.33.0-rc2
