Tue Sep 29 00:24:36 IST 2026
Lean (version 4.33.0-rc2, arm64-apple-darwin24.6.0, commit d8b18978322de05a8f3dba51ef03cf5461676c17, Release)
Lake version 5.0.0-src+d8b1897 (Lean version 4.33.0-rc2)
info: mathlib: cloning https://github.com/leanprover-community/mathlib4
info: mathlib: checking out revision '51e6992efd06126df61a496bebf8f49482a4e129'
info: plausible: cloning https://github.com/leanprover-community/plausible
info: plausible: checking out revision '123d15766ba49356c02ebad2a4462dfe12d79899'
info: LeanSearchClient: cloning https://github.com/leanprover-community/LeanSearchClient
info: LeanSearchClient: checking out revision 'f5c090429dff3cf66cb65562526c9ea6e8edfbcb'
info: importGraph: cloning https://github.com/leanprover-community/import-graph
info: importGraph: checking out revision 'bb3469a87774349fe01898d8bf2fc6a1ce6411ca'
info: proofwidgets: cloning https://github.com/leanprover-community/ProofWidgets4
info: proofwidgets: checking out revision '222c58dad7706a6e7cae46c0edd65ea881d3ee27'
info: aesop: cloning https://github.com/leanprover-community/aesop
info: aesop: checking out revision '7db8190085343afde2f5d2cdcc9bac719b6ec02c'
info: Qq: cloning https://github.com/leanprover-community/quote4
info: Qq: checking out revision 'ef42f8944eaf5b6cbfbe75d1917d824c7dd6cf33'
info: batteries: cloning https://github.com/leanprover-community/batteries
info: batteries: checking out revision '76e1c118b0700b4ceafe99532e887d6431625e1a'
info: Cli: cloning https://github.com/leanprover/lean4-cli
info: Cli: checking out revision '1319485273bf87833fa472afbcefdedecb16b45f'
✔ [1/5] Built Cache.Cli (214ms)
✔ [2/5] Built Cache.Lean (241ms)
✔ [7/26] Built Cache.Infra (281ms)
✔ [8/26] Built Cache.Cli:c.o (235ms)
✔ [9/26] Built Cache.Lean:c.o (234ms)
✔ [10/26] Built Cache.Infra:c.o (98ms)
✔ [11/26] Built Batteries.Tactic.OpenPrivate:c.o (592ms)
✔ [12/26] Built Cache.IO (700ms)
✔ [13/26] Built Cache.Hashing (415ms)
✔ [14/26] Built Cache.IO:c.o (546ms)
✔ [15/26] Built Cache.Hashing:c.o (176ms)
✔ [16/26] Built Cache.Requests (829ms)
✔ [17/26] Built Cache.Marker (340ms)
✔ [18/26] Built Cache.Marker:c.o (67ms)
✔ [19/26] Built Cache.Query (379ms)
✔ [20/26] Built Cache.Query:c.o (132ms)
✔ [21/26] Built Cache.Requests:c.o (975ms)
✔ [22/26] Built Cache.Warning (377ms)
✔ [23/26] Built Cache.Warning:c.o (109ms)
✔ [24/26] Built Cache.Main (547ms)
✔ [25/26] Built Cache.Main:c.o (344ms)
✔ [26/26] Built cache:exe (980ms)
Current branch: HEAD
Using cache from origin: (some leanprover-community/mathlib4)
Decompressing 8489 already-cached file(s) (192 already decompressed)
No files to download
Decompressed 8489 already-cached file(s)
Completed successfully in 10080 ms!
mathlib=51e6992efd06126df61a496bebf8f49482a4e129
Tue Sep 29 00:26:44 IST 2026
