Tue Sep 29 00:32:14 IST 2026
== lake env lean probe_primeSide_defeq.lean
-- CHECKER probe (D5, Session 30): Zeta23's literatureRHS prime term and the trusted `WeilContainment.primeSide` are the SAME term.
import Zeta23.ExplicitFormula
import ChallengeDeps.WeilContainment

open Complex in
example (k : ℝ → ℂ) :
    Zeta23.EF.literatureRHS k =
      Zeta23.paperFT k (I / 2) + Zeta23.paperFT k (-I / 2) - WeilContainment.primeSide k
      + (1 / (2 * Real.pi) : ℂ) * ∫ r : ℝ, Zeta23.paperFT k r * (Zeta23.EF.gammaBracket r : ℂ) := by
  rfl

-- the prime term alone, by `Iff.rfl`-strength syntactic check: unfold both and compare with `Eq.refl` under `with_reducible`
example (k : ℝ → ℂ) :
    WeilContainment.primeSide k =
      ∑' n : ℕ, ((ArithmeticFunction.vonMangoldt n / Real.sqrt n : ℝ) : ℂ) * (k (Real.log n) + k (-Real.log n)) := by
  with_reducible rfl

#print Zeta23.EF.literatureRHS
#print WeilContainment.primeSide
-- output:
/Users/jaytyagi/Library/Mobile Documents/com~apple~CloudDocs/Documents/Work/2026/Math/riemann/rh-program/results/d5-lean-s30/check-O/probe_primeSide_defeq.lean:16:17: error: Tactic `rfl` failed: The left-hand side
  WeilContainment.primeSide k
is not definitionally equal to the right-hand side
  ∑' (n : ℕ), ↑(ArithmeticFunction.vonMangoldt n / √↑n) * (k (Real.log ↑n) + k (-Real.log ↑n))

k : ℝ → ℂ
⊢ WeilContainment.primeSide k =
    ∑' (n : ℕ), ↑(ArithmeticFunction.vonMangoldt n / √↑n) * (k (Real.log ↑n) + k (-Real.log ↑n))
def Zeta23.EF.literatureRHS : (ℝ → ℂ) → ℂ :=
fun k =>
  Zeta23.paperFT k (Complex.I / 2) + Zeta23.paperFT k (-Complex.I / 2) -
      ∑' (n : ℕ), ↑(ArithmeticFunction.vonMangoldt n / √↑n) * (k (Real.log ↑n) + k (-Real.log ↑n)) +
    1 / (2 * ↑Real.pi) * ∫ (r : ℝ), Zeta23.paperFT k ↑r * ↑(Zeta23.EF.gammaBracket r)
def WeilContainment.primeSide : (ℝ → ℂ) → ℂ :=
fun k => ∑' (n : ℕ), ↑(ArithmeticFunction.vonMangoldt n / √↑n) * (k (Real.log ↑n) + k (-Real.log ↑n))
exit=1
Tue Sep 29 00:32:17 IST 2026

== RERUN Tue Sep 29 00:32:26 IST 2026: the first run's second example used `with_reducible rfl` without unfolding the (non-reducible) def — a probe error, not a finding; the first example (full literatureRHS by rfl) passed there. Fixed probe:
-- CHECKER probe (D5, Session 30): Zeta23's literatureRHS prime term and the trusted `WeilContainment.primeSide` are the SAME term.
import Zeta23.ExplicitFormula
import ChallengeDeps.WeilContainment

open Complex in
example (k : ℝ → ℂ) :
    Zeta23.EF.literatureRHS k =
      Zeta23.paperFT k (I / 2) + Zeta23.paperFT k (-I / 2) - WeilContainment.primeSide k
      + (1 / (2 * Real.pi) : ℂ) * ∫ r : ℝ, Zeta23.paperFT k r * (Zeta23.EF.gammaBracket r : ℂ) := by
  rfl

-- the prime term alone, after unfolding `primeSide` once, `rfl` at REDUCIBLE transparency (a near-syntactic check)
example (k : ℝ → ℂ) :
    WeilContainment.primeSide k =
      ∑' n : ℕ, ((ArithmeticFunction.vonMangoldt n / Real.sqrt n : ℝ) : ℂ) * (k (Real.log n) + k (-Real.log n)) := by
  unfold WeilContainment.primeSide; with_reducible rfl

#print Zeta23.EF.literatureRHS
#print WeilContainment.primeSide
-- output:
def Zeta23.EF.literatureRHS : (ℝ → ℂ) → ℂ :=
fun k =>
  Zeta23.paperFT k (Complex.I / 2) + Zeta23.paperFT k (-Complex.I / 2) -
      ∑' (n : ℕ), ↑(ArithmeticFunction.vonMangoldt n / √↑n) * (k (Real.log ↑n) + k (-Real.log ↑n)) +
    1 / (2 * ↑Real.pi) * ∫ (r : ℝ), Zeta23.paperFT k ↑r * ↑(Zeta23.EF.gammaBracket r)
def WeilContainment.primeSide : (ℝ → ℂ) → ℂ :=
fun k => ∑' (n : ℕ), ↑(ArithmeticFunction.vonMangoldt n / √↑n) * (k (Real.log ↑n) + k (-Real.log ↑n))
exit=0
Tue Sep 29 00:32:30 IST 2026
