Tue Sep 29 00:33:28 IST 2026
Cloning into 'prove2me-check-s30'...
cb8d829 Bump to 0.11.4: version-only release
cb8d8291bc0edcb706d4e8a03814de78832f6503
orig workspace HEAD: cb8d8291bc0edcb706d4e8a03814de78832f6503
leanprover/lean4:v4.33.1
import Lake
open Lake DSL

package «prove2me» where
  leanOptions := #[⟨`autoImplicit, false⟩]

require mathlib from git
  "https://github.com/leanprover-community/mathlib4.git" @
  "0df444a360eaa60ab8c11dca51a86af692955474"

lean_lib «Definitions» where
lean_lib «Theorems» where
@[default_target]
lean_lib «Solutions» where
Definitions
examples
lakefile.lean
lean-toolchain
README.md
references
scripts
SKILL.md
Solutions
Theorems
Tue Sep 29 00:33:30 IST 2026
