Tue Sep 29 00:33:36 IST 2026
Lean (version 4.33.1, arm64-apple-darwin24.6.0, commit 819816b2e0a3bf405af45ae5c7af2491d8f5bee6, Release)
Lake version 5.0.0-src+819816b (Lean version 4.33.1)
info: prove2me: no previous manifest, creating one from scratch
info: mathlib: cloning https://github.com/leanprover-community/mathlib4.git
info: mathlib: checking out revision '0df444a360eaa60ab8c11dca51a86af692955474'
info: toolchain not updated; already up-to-date
info: plausible: cloning https://github.com/leanprover-community/plausible
info: plausible: checking out revision 'b7eb3304aeae834b12dda98993a37f6a41f6f0bb'
info: LeanSearchClient: cloning https://github.com/leanprover-community/LeanSearchClient
info: LeanSearchClient: checking out revision '5f4d51b81cbd3f6b32b156bfad9056621a040404'
info: importGraph: cloning https://github.com/leanprover-community/import-graph
info: importGraph: checking out revision '16f02aa7642864af59f1ff0e384a015994db9118'
info: proofwidgets: cloning https://github.com/leanprover-community/ProofWidgets4
info: proofwidgets: checking out revision '4be2e3d5087eeb272cf5a8853b8f9dd025ef5957'
info: aesop: cloning https://github.com/leanprover-community/aesop
info: aesop: checking out revision '3448c0bcc5ce01b2d1546e483ec3620e32df3d0e'
info: Qq: cloning https://github.com/leanprover-community/quote4
info: Qq: checking out revision '92c15be17b7caf78c2ad767ec40f89052d908d81'
info: batteries: cloning https://github.com/leanprover-community/batteries
info: batteries: checking out revision '4488d40d070b9700d4d5a6aa342f0d40c31b2a2d'
info: Cli: cloning https://github.com/leanprover/lean4-cli
info: Cli: checking out revision '6130a47896ce867c6a4a55373441e59e565bad0f'
info: mathlib: running post-update hooks
✔ [1/5] Built Cache.Cli (211ms)
✔ [2/5] Built Cache.Lean (236ms)
✔ [6/26] Built Cache.Cli:c.o (253ms)
✔ [7/26] Built Cache.Lean:c.o (254ms)
✔ [8/26] Built Cache.Infra (286ms)
✔ [9/26] Built Cache.Infra:c.o (95ms)
✔ [10/26] Built Batteries.Tactic.OpenPrivate (506ms)
✔ [11/26] Built Batteries.Tactic.OpenPrivate:c.o (444ms)
✔ [12/26] Built Cache.IO (618ms)
✔ [13/26] Built Cache.Hashing (410ms)
✔ [14/26] Built Cache.IO:c.o (560ms)
✔ [15/26] Built Cache.Hashing:c.o (181ms)
✔ [16/26] Built Cache.Requests (819ms)
✔ [17/26] Built Cache.Marker (342ms)
✔ [18/26] Built Cache.Marker:c.o (69ms)
✔ [19/26] Built Cache.Query (380ms)
✔ [20/26] Built Cache.Query:c.o (137ms)
✔ [21/26] Built Cache.Requests:c.o (1.0s)
✔ [22/26] Built Cache.Warning (374ms)
✔ [23/26] Built Cache.Warning:c.o (111ms)
✔ [24/26] Built Cache.Main (542ms)
✔ [25/26] Built Cache.Main:c.o (362ms)
✔ [26/26] Built cache:exe (1.2s)
Current branch: HEAD
Using cache from origin: (some leanprover-community/mathlib4)
Decompressing 8689 already-cached file(s) (1 already decompressed)
No files to download
Decompressed 8689 already-cached file(s)
Completed successfully in 10946 ms!
mathlib=0df444a360eaa60ab8c11dca51a86af692955474
Current branch: HEAD
Using cache from origin: (some leanprover-community/mathlib4)
No files to download
Already decompressed 8690 file(s)
Tue Sep 29 00:35:32 IST 2026
