Tue Sep 29 00:35:58 IST 2026
modules (28): Solutions.SmokeTest Definitions.Def_WeilContainment Theorems.Thm_WeilContainment_continuous Theorems.Thm_WeilContainment_cutoff Theorems.Thm_WeilContainment_even Theorems.Thm_WeilContainment_exact Theorems.Thm_WeilContainment_identity_one Theorems.Thm_WeilContainment_identity Theorems.Thm_WeilContainment_not_contDiff Theorems.Thm_WeilContainment_range_eq Theorems.Thm_WeilContainment_tilt_bounds Theorems.Thm_WeilContainment_tilt_inv Theorems.Thm_WeilContainment_tilt_pos Theorems.Thm_WeilContainment_tsupport_eq Theorems.Thm_WeilContainment_tsupport Solutions.Sol_WeilContainment_continuous Solutions.Sol_WeilContainment_cutoff Solutions.Sol_WeilContainment_even Solutions.Sol_WeilContainment_exact Solutions.Sol_WeilContainment_identity_one Solutions.Sol_WeilContainment_identity Solutions.Sol_WeilContainment_not_contDiff Solutions.Sol_WeilContainment_range_eq Solutions.Sol_WeilContainment_tilt_bounds Solutions.Sol_WeilContainment_tilt_inv Solutions.Sol_WeilContainment_tilt_pos Solutions.Sol_WeilContainment_tsupport_eq Solutions.Sol_WeilContainment_tsupport
Lean (version 4.33.1, arm64-apple-darwin24.6.0, commit 819816b2e0a3bf405af45ae5c7af2491d8f5bee6, Release)
mathlib=0df444a360eaa60ab8c11dca51a86af692955474
✔ [8706/8733] Built Solutions.SmokeTest (2.0s)
✔ [8707/8733] Built Definitions.Def_WeilContainment (9.5s)
⚠ [8708/8733] Built Theorems.Thm_WeilContainment_tsupport (10s)
warning: Theorems/Thm_WeilContainment_tsupport.lean:13:8: declaration uses `sorry`
✔ [8709/8733] Built Solutions.Sol_WeilContainment_cutoff (10s)
✔ [8710/8733] Built Solutions.Sol_WeilContainment_tilt_inv (10s)
✔ [8711/8733] Built Solutions.Sol_WeilContainment_tilt_pos (10s)
✔ [8712/8733] Built Solutions.Sol_WeilContainment_even (10s)
✔ [8713/8733] Built Solutions.Sol_WeilContainment_not_contDiff (10s)
✔ [8714/8733] Built Solutions.Sol_WeilContainment_tsupport_eq (10s)
✔ [8715/8733] Built Solutions.Sol_WeilContainment_tsupport (10s)
✔ [8716/8733] Built Solutions.Sol_WeilContainment_exact (10s)
✔ [8717/8733] Built Solutions.Sol_WeilContainment_range_eq (10s)
⚠ [8718/8733] Built Theorems.Thm_WeilContainment_not_contDiff (8.7s)
warning: Theorems/Thm_WeilContainment_not_contDiff.lean:14:8: declaration uses `sorry`
⚠ [8719/8733] Built Theorems.Thm_WeilContainment_range_eq (8.8s)
warning: Theorems/Thm_WeilContainment_range_eq.lean:14:8: declaration uses `sorry`
⚠ [8720/8733] Built Theorems.Thm_WeilContainment_tilt_bounds (8.8s)
warning: Theorems/Thm_WeilContainment_tilt_bounds.lean:13:8: declaration uses `sorry`
⚠ [8721/8733] Built Theorems.Thm_WeilContainment_tilt_pos (8.9s)
warning: Theorems/Thm_WeilContainment_tilt_pos.lean:13:8: declaration uses `sorry`
⚠ [8722/8733] Built Theorems.Thm_WeilContainment_tsupport_eq (8.9s)
warning: Theorems/Thm_WeilContainment_tsupport_eq.lean:13:8: declaration uses `sorry`
✔ [8723/8733] Built Solutions.Sol_WeilContainment_continuous (8.8s)
⚠ [8724/8733] Built Theorems.Thm_WeilContainment_tilt_inv (8.9s)
warning: Theorems/Thm_WeilContainment_tilt_inv.lean:13:8: declaration uses `sorry`
✔ [8725/8733] Built Solutions.Sol_WeilContainment_tilt_bounds (9.0s)
✔ [8726/8733] Built Solutions.Sol_WeilContainment_identity_one (9.1s)
✔ [8727/8733] Built Solutions.Sol_WeilContainment_identity (9.2s)
⚠ [8728/8733] Built Theorems.Thm_WeilContainment_cutoff (5.3s)
warning: Theorems/Thm_WeilContainment_cutoff.lean:13:8: declaration uses `sorry`
⚠ [8729/8733] Built Theorems.Thm_WeilContainment_even (5.4s)
warning: Theorems/Thm_WeilContainment_even.lean:13:8: declaration uses `sorry`
⚠ [8730/8733] Built Theorems.Thm_WeilContainment_exact (5.4s)
warning: Theorems/Thm_WeilContainment_exact.lean:14:8: declaration uses `sorry`
⚠ [8731/8733] Built Theorems.Thm_WeilContainment_identity_one (5.4s)
warning: Theorems/Thm_WeilContainment_identity_one.lean:13:8: declaration uses `sorry`
⚠ [8732/8733] Built Theorems.Thm_WeilContainment_identity (5.4s)
warning: Theorems/Thm_WeilContainment_identity.lean:14:8: declaration uses `sorry`
⚠ [8733/8733] Built Theorems.Thm_WeilContainment_continuous (5.4s)
warning: Theorems/Thm_WeilContainment_continuous.lean:13:8: declaration uses `sorry`
Build completed successfully (8733 jobs).
real 36.50
user 80.76
sys 115.78
exit=0
Tue Sep 29 00:36:34 IST 2026
