Tue Sep 29 00:36:58 IST 2026
Lean (version 4.33.1, arm64-apple-darwin24.6.0, commit 819816b2e0a3bf405af45ae5c7af2491d8f5bee6, Release)
===== continuous
-- rules by grep (comments included):
   top-level 'theorem solution' lines: 1
   namespace lines: 0
   imports: import Definitions.Def_WeilContainment import Mathlib 
   Theorems. imports: 0
   sorry/admit words: 0
solution type == WeilContainment.continuous type (Expr ==): true
'solution' depends on axioms: [propext, Classical.choice, Quot.sound]
===== cutoff
-- rules by grep (comments included):
   top-level 'theorem solution' lines: 1
   namespace lines: 0
   imports: import Definitions.Def_WeilContainment import Mathlib 
   Theorems. imports: 0
   sorry/admit words: 0
solution type == WeilContainment.cutoff type (Expr ==): true
'solution' depends on axioms: [propext, Classical.choice, Quot.sound]
===== even
-- rules by grep (comments included):
   top-level 'theorem solution' lines: 1
   namespace lines: 0
   imports: import Definitions.Def_WeilContainment import Mathlib 
   Theorems. imports: 0
   sorry/admit words: 0
solution type == WeilContainment.even type (Expr ==): true
'solution' depends on axioms: [propext, Classical.choice, Quot.sound]
===== exact
-- rules by grep (comments included):
   top-level 'theorem solution' lines: 1
   namespace lines: 0
   imports: import Definitions.Def_WeilContainment import Mathlib 
   Theorems. imports: 0
   sorry/admit words: 0
solution type == WeilContainment.exact type (Expr ==): true
'solution' depends on axioms: [propext, Classical.choice, Quot.sound]
===== identity_one
-- rules by grep (comments included):
   top-level 'theorem solution' lines: 1
   namespace lines: 0
   imports: import Definitions.Def_WeilContainment import Mathlib 
   Theorems. imports: 0
   sorry/admit words: 0
solution type == WeilContainment.identity_one type (Expr ==): true
'solution' depends on axioms: [propext, Classical.choice, Quot.sound]
===== identity
-- rules by grep (comments included):
   top-level 'theorem solution' lines: 1
   namespace lines: 0
   imports: import Definitions.Def_WeilContainment import Mathlib 
   Theorems. imports: 0
   sorry/admit words: 0
solution type == WeilContainment.identity type (Expr ==): true
'solution' depends on axioms: [propext, Classical.choice, Quot.sound]
===== not_contDiff
-- rules by grep (comments included):
   top-level 'theorem solution' lines: 1
   namespace lines: 0
   imports: import Definitions.Def_WeilContainment import Mathlib 
   Theorems. imports: 0
   sorry/admit words: 0
solution type == WeilContainment.not_contDiff type (Expr ==): true
'solution' depends on axioms: [propext, Classical.choice, Quot.sound]
===== range_eq
-- rules by grep (comments included):
   top-level 'theorem solution' lines: 1
   namespace lines: 0
   imports: import Definitions.Def_WeilContainment import Mathlib 
   Theorems. imports: 0
   sorry/admit words: 0
solution type == WeilContainment.range_eq type (Expr ==): true
'solution' depends on axioms: [propext, Classical.choice, Quot.sound]
===== tilt_bounds
-- rules by grep (comments included):
   top-level 'theorem solution' lines: 1
   namespace lines: 0
   imports: import Definitions.Def_WeilContainment import Mathlib 
   Theorems. imports: 0
   sorry/admit words: 0
solution type == WeilContainment.tilt_bounds type (Expr ==): true
'solution' depends on axioms: [propext, Classical.choice, Quot.sound]
===== tilt_inv
-- rules by grep (comments included):
   top-level 'theorem solution' lines: 1
   namespace lines: 0
   imports: import Definitions.Def_WeilContainment import Mathlib 
   Theorems. imports: 0
   sorry/admit words: 0
solution type == WeilContainment.tilt_inv type (Expr ==): true
'solution' depends on axioms: [propext, Classical.choice, Quot.sound]
===== tilt_pos
-- rules by grep (comments included):
   top-level 'theorem solution' lines: 1
   namespace lines: 0
   imports: import Definitions.Def_WeilContainment import Mathlib 
   Theorems. imports: 0
   sorry/admit words: 0
solution type == WeilContainment.tilt_pos type (Expr ==): true
'solution' depends on axioms: [propext, Classical.choice, Quot.sound]
===== tsupport_eq
-- rules by grep (comments included):
   top-level 'theorem solution' lines: 1
   namespace lines: 0
   imports: import Definitions.Def_WeilContainment import Mathlib 
   Theorems. imports: 0
   sorry/admit words: 0
solution type == WeilContainment.tsupport_eq type (Expr ==): true
'solution' depends on axioms: [propext, Classical.choice, Quot.sound]
===== tsupport
-- rules by grep (comments included):
   top-level 'theorem solution' lines: 1
   namespace lines: 0
   imports: import Definitions.Def_WeilContainment import Mathlib 
   Theorems. imports: 0
   sorry/admit words: 0
solution type == WeilContainment.tsupport type (Expr ==): true
'solution' depends on axioms: [propext, Classical.choice, Quot.sound]
Tue Sep 29 00:37:48 IST 2026
