Tue Sep 29 00:38:28 IST 2026
MATCH     47c9a508ed4d5554d6fd4bfe8c4320dc0edc2a77a72cca5d0814bb854be34b7c  lean/comparator/ChallengeDeps/WeilContainment.lean
MATCH     92dfd2e79c3baf128ca1ea739bc29b26af6bb8533e177e347df43d8a832de3f2  lean/comparator/Challenge/WeilContainmentOne.lean
MATCH     88e60a369ef983002ca89cbbfe67a10bb74b7f0602e6d2a427df5eab32aa7e50  lean/comparator/Challenge/WeilContainment.lean
MATCH     54f75921ef2405e480f8db56123ba5998b410c18e7167b5de08a2c6becbadb4d  lean/comparator/Solution/WeilContainmentOne.lean
MATCH     338728a612757b8f4a5010816a5f1a914483e82ef26eb8dc42150ae6f5e59254  lean/comparator/Solution/WeilContainment.lean
MATCH     57adaace85a4687aa4c03f673046827ed58111d020a6fcb983f0b228bf4eecaa  lean/comparator/PrintAxioms/WeilContainmentOne.lean
MATCH     044e4a2da8a19e4049601545c7bb02fb7377168851033f545a1e9f806740c56b  lean/comparator/PrintAxioms/WeilContainment.lean
MATCH     4eace1c6e7fc19b2ad2cf0a33b21b0aebb4912b2ad4b8c4b6e6398316a895ea5  lean/comparator/config-weil-containment-one.json
MATCH     8c8f6901a006e7050cdcd6266fd4fb8f31c36bb4e15c053b8096136b5f2a8b48  lean/comparator/config-weil-containment.json
MATCH     3f338b5084b6dacf4cf61889b207bd9c26f7d34cc1bc69a1c6132cf26d9ac2a4  lean/formalization.yaml
MATCH     cb8a4ec1762568c7510a9cb17f6432a15e210ec6087b78ead80e278f95a30152  lean/README.md
MATCH     4eed97ecc68aa51c2ec79d8395e8a361eea7452df7d70413c320b777f8f2e4e7  Definitions/Def_WeilContainment.lean
MATCH     da79fff6a21bd897fa09cb542144c55dc833e52a11da541d515ccdb2e020979e  Theorems/Thm_WeilContainment_continuous.lean
MATCH     f4232134084ebd4e6ec96a40bd9c9636965f45debac18d4049b31de32116e09b  Theorems/Thm_WeilContainment_cutoff.lean
MATCH     b12020cc5a135b7da2cf7c2684423255e52f472ccbc898c377921f9b536fc32b  Theorems/Thm_WeilContainment_even.lean
MATCH     1ce6da0348d8fd4c9b392352f37c78bc0e3ac9a4ccfa5237d1046654599789c3  Theorems/Thm_WeilContainment_exact.lean
MATCH     e542628407553732518b5e0cdb5a62a41d8a5c5ae35b241fd54bcc0f104eaa05  Theorems/Thm_WeilContainment_identity_one.lean
MATCH     aae508f94d5906070452118c94a4ad01b7a638c61e89938dd0e78a9da804110d  Theorems/Thm_WeilContainment_identity.lean
MATCH     8f195bcb2b9ff78157aa9fd86eb25779ba85158b9ece68ff3aab45279083dd62  Theorems/Thm_WeilContainment_not_contDiff.lean
MATCH     58a95ec25853c999f10eab44afc6285b633aae4a6cca7af35d369b15e94e438d  Theorems/Thm_WeilContainment_range_eq.lean
MATCH     f9d3464df50222878a402b69d6993344150ed64e18ca9c654294d79db8d6cd95  Theorems/Thm_WeilContainment_tilt_bounds.lean
MATCH     7fbca2682699327f22b1dc711026a60c723017bea0e3dd050d0d9ec9643b6cd5  Theorems/Thm_WeilContainment_tilt_inv.lean
MATCH     2eff53112c4135abef32e6c2d131dc641ce4367839c86f5bf0fbbc4e26508f44  Theorems/Thm_WeilContainment_tilt_pos.lean
MATCH     db2368c56816be93bbeb4ed96f453cf0bafbbe0ec24b4f5a808ef31ea522e560  Theorems/Thm_WeilContainment_tsupport_eq.lean
MATCH     4cc16e90f9a8bc2b86693fa03e54cc9f57a787f4c9cd11d023e2428fb119c6fb  Theorems/Thm_WeilContainment_tsupport.lean
MATCH     ee16e8491bf576471783aaa9b8926ced8b11644af66ca24fee3551fc30b1217a  Solutions/Sol_WeilContainment_continuous.lean
MATCH     3b0413c68ca015ded16f454342cde69381ce7c10f8cba3f0044424f1bb4a8a7d  Solutions/Sol_WeilContainment_cutoff.lean
MATCH     15a9f560ec867073e4ca3bb1343562439ec071ec07ab04b27548db8d01db8252  Solutions/Sol_WeilContainment_even.lean
MATCH     95f0fbfabd59a14e9b2ffd084d48e129657f5c615ef3ca6aba8b0dca150667eb  Solutions/Sol_WeilContainment_exact.lean
MATCH     529f4140c81d73ab78f87737baf9fdae7ce23125ac132d321f4de65be05eaa05  Solutions/Sol_WeilContainment_identity_one.lean
MATCH     72f574be2c85f9a115e3846e5afe5f4280c1abebb7b442942ef028d5ab21ea25  Solutions/Sol_WeilContainment_identity.lean
MATCH     50bca3870fbc5d93983e18c98aece10fc6175bb2679a15851849a5145f3348ec  Solutions/Sol_WeilContainment_not_contDiff.lean
MATCH     129dfd448fddbc4c3099da1e451e5a53e4e0e7b4cbe2c62530ba58a9773a71a2  Solutions/Sol_WeilContainment_range_eq.lean
MATCH     7804b26f644b975b2f015f41435874614ab2023b721e1b44cb5fa1c4a7307810  Solutions/Sol_WeilContainment_tilt_bounds.lean
MATCH     233cfcf727e970f6aa39f09b0ae0d9a1999876587d707d32d97dda632361b119  Solutions/Sol_WeilContainment_tilt_inv.lean
MATCH     0644a29287a29796782dba63e0cb24cfede468e1ab7fe481ee4970e68dd13a89  Solutions/Sol_WeilContainment_tilt_pos.lean
MATCH     e0bd8ac123f123d3e074c0113383adf65529b0ac727b3fb9241b577ff79e009c  Solutions/Sol_WeilContainment_tsupport_eq.lean
MATCH     19354a2dfcec6c1a640aee56b2fda29fabb9ef89b6a38c6b4a41190f12c8222b  Solutions/Sol_WeilContainment_tsupport.lean
MATCH     22e8656f36d04aeecbc908d46f45285f83c2b667fd092f8f7c13f8eb5f846fae  results/d5-lean-s30/BRIEF.md
MATCH     b9fd9ad342b45a4b0cdb3be1a94c7fa8bbbc767192a43fa9d8325cb65475c9f1  results/d5-lean-s30/PREDERIVATION-ERRATA.md
MATCH     679373dd5354f7bd200f85a9ef7924e592fc00a1002c199a8d3906b39c465368  results/d5-lean-s30/FIDELITY.md
MATCH     788bb774d0596de79f176337dff3aae3e3ba849bf439a3517106cf192e71895f  results/d5-lean-s30/BUILD-NOTES.md
MATCH     52aa1a8f762398be09e61972225e12faf809cb1ece6a19e785f5174eb0cc9b5e  results/d5-lean-s30/rung0-program-tree.log
MATCH     684723f154a6bf19b85bcf73998d8e4f4373c27161ee0d3002e42192cff8fed7  results/d5-lean-s30/rung0-prove2me-env.log
MATCH     53d91c50db5f13bc1bc7d6af6c23e7bb8a0103165963d60936f4b5607537ae3e  results/d5-lean-s30/rung1-print-axioms.log
MATCH     65ed657a5fb29b8b3ecc4144efa02c417377b14168c89e3253cd6471bb5f0a97  results/d5-lean-s30/rung1-prerun-cleanup.log
MATCH     63bd9eae9164d7d34c231fd4e940f988f715f1a4e8b51aea301a4d368c9a13d8  results/d5-lean-s30/rung1-comparator.log
MATCH     aee4d8e732c1dc7eec49b647af7d21ebf8fd8878b103245e7c1e486c83321a07  results/d5-lean-s30/print-axioms.log
MATCH     20d36b958de116094abccb214d2fd9cfecd8b866d367a5597d3730c7cae0e200  results/d5-lean-s30/statement-identity.log
MATCH     a1b61913e92f752630f656edd52ea435d540efe63efd96cfa7c1563f7e18341a  results/d5-lean-s30/trust-greps.log
MATCH     7cc15608992aab944d682f44023c67c8a4c79a2d8194117277058a1b886bdddf  results/d5-lean-s30/prerun-cleanup.log
MATCH     752bda6980c7080419aeb790eda9dc2927c0eddb3fa2562dd392f38825242208  results/d5-lean-s30/comparator-run.log
MATCH     fd459d9ea2be4986d0f027af14862d72d858a6bfd9379979ee28adbbe66924d3  results/d5-lean-s30/prove2me-build.log
MATCH     15389f851d327f4b77112b5d54263f43e6193efbb11e3a3bc189ed890f4adf19  results/d5-lean-s30/prove2me-print-axioms.log
MATCH     84f036b9fcbcea8d23c10a7ca60ed0c849a74b0af36f5b6efad149631849b6e9  results/d5-lean-s30/yaml-validation.log
MATCH     3e9e589a5a27b88e79960d3d63883b7a747b10588b8bbe00ace6d7e8c7e95bd0  results/d5-lean-s30/lint-10g.log
MATCH     59f1023c724dab4616fe5e3da0c398a2396c602a11182559d08d2dd4908c2e8b  results/d5-lean-s30/tools/run.sh
MATCH     2160aba4ca72f0d5ab8043cea8c4a65eab89a28f63ec0c5ff3b0be80b4042a66  results/d5-lean-s30/tools/statement_identity_d5.py
MATCH     9d571a0dee5d3b3879abe49ae5c6287f4085d525d20210372541c0be02fa1240  results/d5-lean-s30/tools/trust_greps_d5.py
MATCH     49e7355ae4f886a4ea308b9656612ac10cea9c63e4043529fb9c0f186e3423be  results/d5-lean-s30/tools/gen_prove2me_layout.py
MATCH     d75b40736d8deb34c968802c0f3045a5e69443a6466f5b9616f9c93618bbe942  results/d5-lean-s30/tools/gen_prove2me_solutions.py
matched 61, mismatched 0
== hashes.txt itself (SHARED final block says 3f261181dddc2f081b55302765037a0544c3408d8066ee6493e0824ab860600f):
3f261181dddc2f081b55302765037a0544c3408d8066ee6493e0824ab860600f  /Users/jaytyagi/Library/Mobile Documents/com~apple~CloudDocs/Documents/Work/2026/Math/riemann/rh-program/results/d5-lean-s30/hashes.txt
== the 27 Prove2Me files in the checker's checkout vs listed hashes
checkout matches: 27 / 27
== clean-clone overlay vs rh-program/lean (the 9 topic files)
cmp-identical ChallengeDeps/WeilContainment.lean
cmp-identical Challenge/WeilContainmentOne.lean
cmp-identical Challenge/WeilContainment.lean
cmp-identical Solution/WeilContainmentOne.lean
cmp-identical Solution/WeilContainment.lean
cmp-identical PrintAxioms/WeilContainmentOne.lean
cmp-identical PrintAxioms/WeilContainment.lean
cmp-identical config-weil-containment-one.json
cmp-identical config-weil-containment.json
Tue Sep 29 00:38:28 IST 2026
