S8 rho=0.1963495408 X=1e+06 N=196350 pi=72603 E(X)=-0.344 time=0.3s  (1-2rho = 0.6073)
      x         N      pi    supE   minE(left limits)   supE/log^2x
        10         4       2    0.73  -0.2732    0.1371
      31.6         9       6    1.18  -0.2732    0.0989
       100        21      14    1.44  -0.4592    0.0678
       316        64      42    2.26  -0.4704    0.0683
     1e+03       199     118    3.04  -0.4930    0.0637
  3.16e+03       623     341    3.34  -0.4986    0.0514
     1e+04      1965     990    3.54  -0.4991    0.0417
  3.16e+04      6212    2888    4.40  -0.4991    0.0410
     1e+05     19638    8415    6.88  -0.4998    0.0519
  3.16e+05     62093   24680    7.48  -0.5000    0.0466
 sigma    F_X(sigma)   F_X - X^-s/2   1/2 - rho/(1-s)
 0.50      0.617536      0.617036      0.1073
 0.55      0.561389      0.561139      0.0637
 0.60      0.496060      0.495935      0.0091
 0.65      0.416584      0.416521     -0.0610
 0.70      0.314933      0.314902     -0.1545
 0.75      0.176898      0.176882     -0.2854
 0.80     -0.025722     -0.025730     -0.4817
 0.85     -0.358497     -0.358501     -0.8090
 0.90     -1.017873     -1.017875     -1.4635
 0.95     -2.985680     -2.985681     -3.4270
 0.97     -5.605256     -5.605256     -6.0450
 0.99    -18.696730    -18.696731    -19.1350
real zero of F_X: sigma* = 0.794752
