 N   c_N   h_N        h/(c ln4^N)  J_N(best z)   J/2      max|E| near cluster   ratio max|E|/c_N
 1      2          3    1.082           -0.2      -0.1            1.5          0.773
 2      1          1    0.361           -0.4      -0.2            1.3          1.342
 3      2          7    0.842           -1.7      -0.9            1.7          0.865
 4      3         13    0.781           -1.9      -1.0            3.2          1.050
 5      6         37    0.890           -0.7      -0.3            5.3          0.880
 6      9         63    0.842            0.5       0.2            9.5          1.061
 7     18        183    1.048            4.2       2.1           19.7          1.094
 8     30        253    0.760           14.0       7.0           39.5          1.318
 9     56        675    0.966           26.5      13.3           76.8          1.372
10     99       1281    0.933           50.3      25.1          146.6          1.480
11    186       2793    0.985          117.1      58.6          303.8          1.633
12    335       5457    0.979          230.9     115.5          576.2          1.720
13    630      11907    1.049          440.7     220.4         1121.9          1.781
Traceback (most recent call last):
  File "/Users/jaytyagi/Library/Mobile Documents/com~apple~CloudDocs/Documents/Work/2026/Math/riemann/rh-program/results/lemmaG-s39/verify/cluster_check.py", line 26, in <module>
    rho_z = math.prod(1 - 1 / r for r in small); J = len(c) - 2 ** z_count - (rho_z - rho) * h
OverflowError: int too large to convert to float
13    630      11907    1.049          440.7     220.4         1121.9          1.781
14   1161      22353    0.992          833.7     416.9         2138.3          1.842
15   2182      45417    1.001         1649.7     824.8         4100.6          1.879
16   4080      90525    1.000         3273.3    1636.6         7780.7          1.907
