sq_k2_1e+09                        rho=0.668524 ms[1e4,X]=0.437 ms[1e6,X]=0.435 top3=0.463 sup[1e4,X]=0.239 Qslope=0.499 Mdiag_slope=0.499 kappa=1.12
    M/M_diag at ~decades: 1e+04:1.06  8e+04:0.89  1e+06:0.906  1e+07:0.904  8e+07:0.81
    local 2-dec slopes: 1e+04:0.334  8e+04:0.476  6e+05:0.406  5e+06:0.467
nsq_k2_1e+09                       rho=0.276656 ms[1e4,X]=0.478 ms[1e6,X]=0.123 top3=0.258 sup[1e4,X]=0.257 Qslope=0.639 Mdiag_slope=0.641 kappa=8.30
    M/M_diag at ~decades: 1e+04:19.9  8e+04:30  1e+06:35.9  1e+07:28.9  8e+07:11.7
    local 2-dec slopes: 1e+04:0.793  8e+04:0.663  6e+05:0.479  5e+06:-0.069
weyl_a0.60_c1_1e+09                rho=0.462730 ms[1e4,X]=0.430 ms[1e6,X]=0.948 top3=0.601 sup[1e4,X]=0.260 Qslope=0.607 Mdiag_slope=0.609 kappa=-6.13
    M/M_diag at ~decades: 1e+04:36.4  8e+04:15.8  1e+06:0.818  1e+07:17.3  8e+07:9.73
    local 2-dec slopes: 1e+04:0.480  8e+04:-0.190  6e+05:0.885  5e+06:0.590
weyl_a0.75_c1_1e+09                rho=0.178242 ms[1e4,X]=0.716 ms[1e6,X]=0.704 top3=0.755 sup[1e4,X]=0.367 Qslope=0.749 Mdiag_slope=0.749 kappa=0.64
    M/M_diag at ~decades: 1e+04:2.05  8e+04:4.18  1e+06:2.16  1e+07:10.9  8e+07:4.96
    local 2-dec slopes: 1e+04:0.622  8e+04:0.784  6e+05:0.783  5e+06:0.460
neck_a2_1e+09                      rho=0.613583 ms[1e4,X]=0.806 ms[1e6,X]=0.796 top3=0.803 sup[1e4,X]=0.475 Qslope=0.500 Mdiag_slope=0.501 kappa=-4.96
    M/M_diag at ~decades: 1e+04:16.3  8e+04:17.4  1e+06:46.1  1e+07:151  8e+07:165
    local 2-dec slopes: 1e+04:0.834  8e+04:0.835  6e+05:0.804  5e+06:0.791
neckspread_a2_1e+09                rho=0.618980 ms[1e4,X]=0.721 ms[1e6,X]=0.852 top3=0.818 sup[1e4,X]=0.326 Qslope=0.492 Mdiag_slope=0.492 kappa=-6.06
    M/M_diag at ~decades: 1e+04:2.41  8e+04:1.02  1e+06:1.56  1e+07:7.55  8e+07:6.9
    local 2-dec slopes: 1e+04:0.579  8e+04:0.687  6e+05:0.811  5e+06:0.879
planted_a0.60_s0.45_g5_A1_1e+09    rho=0.279058 ms[1e4,X]=0.901 ms[1e6,X]=0.900 top3=0.875 sup[1e4,X]=0.423 Qslope=0.600 Mdiag_slope=0.599 kappa=-4.95
    M/M_diag at ~decades: 1e+04:13.4  8e+04:22.3  1e+06:63.4  1e+07:81.2  8e+07:174
    local 2-dec slopes: 1e+04:0.973  8e+04:0.893  6e+05:0.792  5e+06:0.970
