sq_k2_1e+10                        rho=0.668524 ms[1e4,X]=0.431 ms[1e6,X]=0.422 top3=0.431 sup[1e4,X]=0.231 Qslope=0.499 Mdiag_slope=0.499 kappa=1.41
    M/M_diag at ~decades: 1e+04:1.06  8e+04:0.89  1e+06:0.906  1e+07:0.904  8e+07:0.81  1e+09:0.324
    local 2-dec slopes: 1e+04:0.334  8e+04:0.476  6e+05:0.406  5e+06:0.467  4e+07:0.480
nsq_k2_1e+10                       rho=0.276656 ms[1e4,X]=0.511 ms[1e6,X]=0.438 top3=0.485 sup[1e4,X]=0.279 Qslope=0.635 Mdiag_slope=0.637 kappa=3.69
    M/M_diag at ~decades: 1e+04:19.9  8e+04:30  1e+06:35.9  1e+07:28.9  8e+07:11.7  1e+09:6.55
    local 2-dec slopes: 1e+04:0.793  8e+04:0.663  6e+05:0.479  5e+06:-0.069  4e+07:0.494
weyl_a0.60_c1_1e+10                rho=0.462730 ms[1e4,X]=0.478 ms[1e6,X]=0.745 top3=0.552 sup[1e4,X]=0.266 Qslope=0.604 Mdiag_slope=0.605 kappa=-2.88
    M/M_diag at ~decades: 1e+04:36.4  8e+04:15.8  1e+06:0.827  1e+07:17.6  8e+07:10.5  1e+09:9.87
    local 2-dec slopes: 1e+04:0.481  8e+04:-0.186  6e+05:0.899  5e+06:0.571  4e+07:0.641
weyl_a0.75_c1_1e+10                rho=0.178242 ms[1e4,X]=0.687 ms[1e6,X]=0.650 top3=0.546 sup[1e4,X]=0.352 Qslope=0.749 Mdiag_slope=0.750 kappa=1.72
    M/M_diag at ~decades: 1e+04:2.05  8e+04:4.18  1e+06:2.16  1e+07:10.8  8e+07:4.93  1e+09:1.36
    local 2-dec slopes: 1e+04:0.622  8e+04:0.784  6e+05:0.782  5e+06:0.455  4e+07:0.600
neck_a2_1e+10                      rho=0.613583 ms[1e4,X]=0.801 ms[1e6,X]=0.792 top3=0.789 sup[1e4,X]=0.479 Qslope=0.500 Mdiag_slope=0.501 kappa=-5.23
    M/M_diag at ~decades: 1e+04:16.3  8e+04:17.4  1e+06:46.1  1e+07:151  8e+07:165  1e+09:371
    local 2-dec slopes: 1e+04:0.834  8e+04:0.835  6e+05:0.804  5e+06:0.791  4e+07:0.782
neckspread_a2_1e+10                rho=0.618980 ms[1e4,X]=0.770 ms[1e6,X]=0.869 top3=0.885 sup[1e4,X]=0.341 Qslope=0.492 Mdiag_slope=0.492 kappa=-6.78
    M/M_diag at ~decades: 1e+04:2.41  8e+04:1.02  1e+06:1.56  1e+07:7.55  8e+07:6.9  1e+09:20.7
    local 2-dec slopes: 1e+04:0.579  8e+04:0.687  6e+05:0.811  5e+06:0.878  4e+07:0.884
planted_a0.60_s0.45_g5_A1_1e+10    rho=0.279058 ms[1e4,X]=0.906 ms[1e6,X]=0.913 top3=0.940 sup[1e4,X]=0.428 Qslope=0.600 Mdiag_slope=0.600 kappa=-5.58
    M/M_diag at ~decades: 1e+04:13.4  8e+04:22.3  1e+06:63.4  1e+07:81.2  8e+07:174  1e+09:489
    local 2-dec slopes: 1e+04:0.973  8e+04:0.893  6e+05:0.792  5e+06:0.970  4e+07:0.966
