[2026-10-01 05:28:24] START sq2_1e9: ./lg sq 2 1e9
[2026-10-01 05:28:26] END sq2_1e9 rc=0 real 1.12
# run=sq_k2_1e+09 X=1000000000 rho=0.668524156691795768 nR_le_X=3401 P=100000 zeta_k=1.644934066848226406
[2026-10-01 05:28:26] START nsq2_1e9: ./lg nsq 2 1e9
[2026-10-01 05:28:29] END nsq2_1e9 rc=0 real 3.47
# run=nsq_k2_1e+09 X=1000000000 rho=0.276655764276509231 nR_le_X=31622 N1=300000 collisions=0
[2026-10-01 05:28:29] START weyl060_1e9: ./lg weyl 0.6 1 1e9 4e9
[2026-10-01 05:28:41] END weyl060_1e9 rc=0 real 11.61
# run=weyl_a0.60_c1_1e+09 X=1000000000 rho=0.462730102159564338 nR_le_X=22052 Y=4000000000
[2026-10-01 05:28:41] START weyl075_1e9: ./lg weyl 0.75 1 1e9 4e9
[2026-10-01 05:28:54] END weyl075_1e9 rc=0 real 12.83
# run=weyl_a0.75_c1_1e+09 X=1000000000 rho=0.178242232389789257 nR_le_X=388965 Y=4000000000
[2026-10-01 05:28:54] START neck2_1e9: ./lg neck 2 1e9 22
[2026-10-01 05:28:57] END neck2_1e9 rc=0 real 3.54
# run=neck_a2_1e+09 X=1000000000 rho=0.613582593431613366 nR_le_X=2538 Nmax=22
[2026-10-01 05:28:57] START necksp2_1e9: ./lg neck 2 1e9 20 spread
[2026-10-01 05:28:59] END necksp2_1e9 rc=0 real 1.84
# run=neckspread_a2_1e+09 X=1000000000 rho=0.618979847412322814 nR_le_X=2538 Nmax=20
[2026-10-01 05:28:59] START planted_1e9: ./lg planted 0.6 1 0.45 5 1 1e9 4e9
[2026-10-01 05:29:13] END planted_1e9 rc=0 real 13.55
# run=planted_a0.60_s0.45_g5_A1_1e+09 X=1000000000 rho=0.279057842123448363 nR_le_X=22191 Y=4000000000 max|pi_R-F|=1.000 tail=1.474e-05
[2026-10-01 05:29:13] ALL DONE (1e9 batch)
