{"tag": "R2", "m": 14, "has15": true, "nblock": 879, "identity_resid": 0, "kappa": 3.7361, "s2cont_norm": 7.9375, "I": 7.6293, "var_ratio": 0.9713, "skew": -0.0341, "exkurt": -0.1012, "ks_p": 0.9881, "z_real": -0.2829, "R": 2000}
{"tag": "R2", "m": 17, "has15": true, "nblock": 5662, "identity_resid": 0, "kappa": 3.7397, "s2cont_norm": 7.9011, "I": 7.6491, "var_ratio": 1.0247, "skew": 0.0135, "exkurt": -0.0166, "ks_p": 0.9918, "z_real": 0.4088, "R": 2000}
{"tag": "R2", "m": 20, "has15": true, "nblock": 38439, "identity_resid": 0, "kappa": 3.7398, "s2cont_norm": 7.8627, "I": 7.6499, "var_ratio": 1.0036, "skew": -0.042, "exkurt": 0.324, "ks_p": 0.464, "z_real": 1.5781, "R": 1000}
{"tag": "R2", "m": 23, "has15": true, "nblock": 268807, "identity_resid": 0, "kappa": 3.7379, "s2cont_norm": 7.8232, "I": 7.6392, "var_ratio": 0.9716, "skew": -0.0042, "exkurt": 0.0205, "ks_p": 0.9255, "z_real": -0.983, "R": 300}
{"tag": "C3", "m": 14, "has15": false, "nblock": 843, "identity_resid": 0, "kappa": 0.9866, "s2cont_norm": 0.1123, "I": 0.1056, "var_ratio": 0.9875, "skew": -0.0788, "exkurt": 0.0187, "ks_p": 0.5511, "z_real": 1.2027, "R": 2000}
{"tag": "C3", "m": 17, "has15": false, "nblock": 5782, "identity_resid": 0, "kappa": 0.9829, "s2cont_norm": 0.1093, "I": 0.1035, "var_ratio": 1.0214, "skew": -0.0886, "exkurt": -0.1183, "ks_p": 0.6312, "z_real": -1.3877, "R": 2000}
{"tag": "C3", "m": 20, "has15": false, "nblock": 38655, "identity_resid": 0, "kappa": 0.9839, "s2cont_norm": 0.1085, "I": 0.1041, "var_ratio": 0.9989, "skew": 0.1097, "exkurt": 0.2514, "ks_p": 0.9327, "z_real": -0.8316, "R": 1000}
{"tag": "C3", "m": 23, "has15": false, "nblock": 268026, "identity_resid": 0, "kappa": 0.984, "s2cont_norm": 0.1077, "I": 0.1041, "var_ratio": 1.0353, "skew": 0.103, "exkurt": -0.1656, "ks_p": 0.3415, "z_real": 0.7848, "R": 300}
{"tag": "R4", "m": 14, "has15": true, "nblock": 880, "identity_resid": 0, "kappa": 2.314, "s2cont_norm": 1.8857, "I": 1.8152, "var_ratio": 1.0182, "skew": -0.0297, "exkurt": 0.0097, "ks_p": 0.8215, "z_real": -0.2758, "R": 2000}
{"tag": "R4", "m": 17, "has15": true, "nblock": 5615, "identity_resid": 0, "kappa": 2.3185, "s2cont_norm": 1.8853, "I": 1.8275, "var_ratio": 0.9799, "skew": -0.1441, "exkurt": 0.0551, "ks_p": 0.6914, "z_real": 1.2833, "R": 2000}
{"tag": "R4", "m": 20, "has15": true, "nblock": 38837, "identity_resid": 0, "kappa": 2.3154, "s2cont_norm": 1.8676, "I": 1.819, "var_ratio": 0.9147, "skew": -0.0671, "exkurt": -0.0229, "ks_p": 0.9898, "z_real": -0.7206, "R": 1000}
/Users/jaytyagi/Library/Python/3.9/lib/python/site-packages/scipy/stats/_ksstats.py:165: RuntimeWarning: divide by zero encountered in matmul
  H = np.matmul(H, H)
/Users/jaytyagi/Library/Python/3.9/lib/python/site-packages/scipy/stats/_ksstats.py:165: RuntimeWarning: overflow encountered in matmul
  H = np.matmul(H, H)
/Users/jaytyagi/Library/Python/3.9/lib/python/site-packages/scipy/stats/_ksstats.py:165: RuntimeWarning: invalid value encountered in matmul
  H = np.matmul(H, H)
/Users/jaytyagi/Library/Python/3.9/lib/python/site-packages/scipy/stats/_ksstats.py:163: RuntimeWarning: divide by zero encountered in matmul
  Hpwr = np.matmul(Hpwr, H)
/Users/jaytyagi/Library/Python/3.9/lib/python/site-packages/scipy/stats/_ksstats.py:163: RuntimeWarning: overflow encountered in matmul
  Hpwr = np.matmul(Hpwr, H)
/Users/jaytyagi/Library/Python/3.9/lib/python/site-packages/scipy/stats/_ksstats.py:163: RuntimeWarning: invalid value encountered in matmul
  Hpwr = np.matmul(Hpwr, H)
{"tag": "R4", "m": 23, "has15": true, "nblock": 268195, "identity_resid": 0, "kappa": 2.3159, "s2cont_norm": 1.8626, "I": 1.8205, "var_ratio": 0.9826, "skew": 0.0615, "exkurt": -0.2899, "ks_p": 0.9939, "z_real": 0.427, "R": 300}
{"tag": "C1", "m": 14, "has15": false, "nblock": 798, "identity_resid": 0, "kappa": 1.3038, "s2cont_norm": 0.4138, "I": 0.3924, "var_ratio": 1.0459, "skew": -0.0261, "exkurt": 0.0984, "ks_p": 0.9553, "z_real": 3.0454, "R": 2000}
{"tag": "C1", "m": 17, "has15": false, "nblock": 5605, "identity_resid": 0, "kappa": 1.2957, "s2cont_norm": 0.4009, "I": 0.3826, "var_ratio": 0.9445, "skew": -0.0698, "exkurt": 0.0717, "ks_p": 0.9895, "z_real": 1.1821, "R": 2000}
{"tag": "C1", "m": 20, "has15": false, "nblock": 38615, "identity_resid": 0, "kappa": 1.2945, "s2cont_norm": 0.3955, "I": 0.3812, "var_ratio": 0.9794, "skew": 0.0716, "exkurt": 0.1918, "ks_p": 0.9064, "z_real": 0.5437, "R": 1000}
{"tag": "C1", "m": 23, "has15": false, "nblock": 268149, "identity_resid": 0, "kappa": 1.2944, "s2cont_norm": 0.3927, "I": 0.3811, "var_ratio": 1.0371, "skew": -0.0958, "exkurt": 0.0094, "ks_p": 0.9268, "z_real": 0.7185, "R": 300}
