np=664915 nb=47624 N(X)=8120932
{
 "J": 664915,
 "rho": 0.8121419506102705,
 "log_rho": -0.2080801380764987,
 "B_half": -0.46920209169167654,
 "B1": -0.43091940270235773,
 "H_half": -0.7517278094132722,
 "pred": -0.5997920130570088,
 "first_primes": [
  2.25,
  4.0,
  5.875,
  8.1328125,
  10.6357421875,
  13.3421630859375
 ],
 "mean_E_over_s_oct16": -0.5905407141552617,
 "mean_E_over_s_oct18": -0.5947270275959871,
 "mean_E_over_s_oct20": -0.5985325782951928,
 "mean_E_over_s_oct21": -0.6025671987776406,
 "mean_E_over_s_oct22": -0.5996643802484135
}
