x= 6 kappa=0.7 N0=0 cells=      56 grid=0.1119487944 cont=0.1357794199 rel=-1.755e-01 asym=0.065614 pmax=0.0752
x= 6 kappa=0.7 N0=1 cells=      56 grid=0.2172492075 cont=0.21367327 rel=+1.674e-02 asym=0.39125 pmax=0.0752
x= 6 kappa=1.0 N0=0 cells=      56 grid=0.7082774257 cont=0.8173465275 rel=-1.334e-01 asym=0.38076 pmax=0.0752
x= 6 kappa=1.0 N0=1 cells=      56 grid=0.1765678612 cont=0.1939533688 rel=-8.964e-02 asym=0.12839 pmax=0.0752
x= 6 kappa=2.4 N0=0 cells=      56 grid=12.95720002 cont=14.2796861 rel=-9.261e-02 asym=9.8213 pmax=0.0752
x= 6 kappa=2.4 N0=1 cells=      56 grid=9.452777229 cont=10.38362023 rel=-8.965e-02 asym=6.8715 pmax=0.0752
x= 8 kappa=0.7 N0=0 cells=     240 grid=0.1171724591 cont=0.1257080427 rel=-6.790e-02 asym=0.075382 pmax=0.0337
x= 8 kappa=0.7 N0=1 cells=     240 grid=0.3007927867 cont=0.3076210853 rel=-2.220e-02 asym=0.4495 pmax=0.0337
x= 8 kappa=1.0 N0=0 cells=     240 grid=0.7628693364 cont=0.8046376787 rel=-5.191e-02 asym=0.43745 pmax=0.0337
x= 8 kappa=1.0 N0=1 cells=     240 grid=0.186619238 cont=0.188351266 rel=-9.196e-03 asym=0.14751 pmax=0.0337
x= 8 kappa=2.4 N0=0 cells=     240 grid=14.79722545 cont=15.32601527 rel=-3.450e-02 asym=11.283 pmax=0.0337
x= 8 kappa=2.4 N0=1 cells=     240 grid=10.67491336 cont=10.98479807 rel=-2.821e-02 asym=7.8945 pmax=0.0337
x=10 kappa=0.7 N0=0 cells=     992 grid=0.1229203168 cont=0.1263182317 rel=-2.690e-02 asym=0.085095 pmax=0.0155
x=10 kappa=0.7 N0=1 cells=     992 grid=0.3873286979 cont=0.3914223585 rel=-1.046e-02 asym=0.50743 pmax=0.0155
x=10 kappa=1.0 N0=0 cells=     992 grid=0.810202233 cont=0.8275256436 rel=-2.093e-02 asym=0.49382 pmax=0.0155
x=10 kappa=1.0 N0=1 cells=     992 grid=0.1972491394 cont=0.1975439821 rel=-1.493e-03 asym=0.16651 pmax=0.0155
x=10 kappa=2.4 N0=0 cells=     992 grid=16.39614175 cont=16.62099378 rel=-1.353e-02 asym=12.737 pmax=0.0155
x=10 kappa=2.4 N0=1 cells=     992 grid=11.68883511 cont=11.8139451 rel=-1.059e-02 asym=8.9118 pmax=0.0155
x=12 kappa=0.7 N0=0 cells=    4032 grid=0.1294286716 cont=0.1308616353 rel=-1.095e-02 asym=0.094622 pmax=0.00726
x=12 kappa=0.7 N0=1 cells=    4032 grid=0.4678670047 cont=0.468493617 rel=-1.338e-03 asym=0.56423 pmax=0.00726
x=12 kappa=1.0 N0=0 cells=    4032 grid=0.8566390002 cont=0.8641501201 rel=-8.692e-03 asym=0.5491 pmax=0.00726
x=12 kappa=1.0 N0=1 cells=    4032 grid=0.2113287044 cont=0.2117170088 rel=-1.834e-03 asym=0.18516 pmax=0.00726
x=12 kappa=2.4 N0=0 cells=    4032 grid=17.89398918 cont=17.99303541 rel=-5.505e-03 asym=14.163 pmax=0.00726
x=12 kappa=2.4 N0=1 cells=    4032 grid=12.65785195 cont=12.72029853 rel=-4.909e-03 asym=9.9095 pmax=0.00726
x=14 kappa=0.7 N0=0 cells=   16256 grid=0.1365509882 cont=0.1371774389 rel=-4.567e-03 asym=0.10394 pmax=0.00344
x=14 kappa=0.7 N0=1 cells=   16256 grid=0.5400295947 cont=0.5408092336 rel=-1.442e-03 asym=0.61982 pmax=0.00344
x=14 kappa=1.0 N0=0 cells=   16256 grid=0.903762273 cont=0.9071119831 rel=-3.693e-03 asym=0.6032 pmax=0.00344
x=14 kappa=1.0 N0=1 cells=   16256 grid=0.2278421458 cont=0.2278921201 rel=-2.193e-04 asym=0.2034 pmax=0.00344
x=14 kappa=2.4 N0=0 cells=   16256 grid=19.34211492 cont=19.38676227 rel=-2.303e-03 asym=15.559 pmax=0.00344
x=14 kappa=2.4 N0=1 cells=   16256 grid=13.6290007 cont=13.65423467 rel=-1.848e-03 asym=10.886 pmax=0.00344
x=16 kappa=0.7 N0=0 cells=   65280 grid=0.1441055921 cont=0.1443862093 rel=-1.944e-03 asym=0.11307 pmax=0.00164
x=16 kappa=0.7 N0=1 cells=   65280 grid=0.6091567746 cont=0.6095664777 rel=-6.721e-04 asym=0.67425 pmax=0.00164
x=16 kappa=1.0 N0=0 cells=   65280 grid=0.9517545558 cont=0.9532775509 rel=-1.598e-03 asym=0.65617 pmax=0.00164
x=16 kappa=1.0 N0=1 cells=   65280 grid=0.2449130339 cont=0.2449236146 rel=-4.320e-05 asym=0.22126 pmax=0.00164
x=16 kappa=2.4 N0=0 cells=   65280 grid=20.76021449 cont=20.78067006 rel=-9.844e-04 asym=16.925 pmax=0.00164
x=16 kappa=2.4 N0=1 cells=   65280 grid=14.58454035 cont=14.59582316 rel=-7.730e-04 asym=11.842 pmax=0.00164
x=18 kappa=0.7 N0=0 cells=  261632 grid=0.1519452061 cont=0.152073115 rel=-8.411e-04 asym=0.12202 pmax=0.00079
x=18 kappa=0.7 N0=1 cells=  261632 grid=0.6754253409 cont=0.6755412087 rel=-1.715e-04 asym=0.72762 pmax=0.00079
x=18 kappa=1.0 N0=0 cells=  261632 grid=1.000422739 cont=1.001124941 rel=-7.014e-04 asym=0.70811 pmax=0.00079
x=18 kappa=1.0 N0=1 cells=  261632 grid=0.2622895384 cont=0.2623039251 rel=-5.485e-05 asym=0.23877 pmax=0.00079
x=18 kappa=2.4 N0=0 cells=  261632 grid=22.15616184 cont=22.16564725 rel=-4.279e-04 asym=18.265 pmax=0.00079
x=18 kappa=2.4 N0=1 cells=  261632 grid=15.53049974 cont=15.53614372 rel=-3.633e-04 asym=12.779 pmax=0.00079
x=20 kappa=0.7 N0=0 cells= 1047552 grid=0.1599629845 cont=0.1600220471 rel=-3.691e-04 asym=0.13081 pmax=0.000382
x=20 kappa=0.7 N0=1 cells= 1047552 grid=0.739182224 cont=0.7392653455 rel=-1.124e-04 asym=0.78004 pmax=0.000382
x=20 kappa=1.0 N0=0 cells= 1047552 grid=1.04951735 cont=1.049844543 rel=-3.117e-04 asym=0.75912 pmax=0.000382
x=20 kappa=1.0 N0=1 cells= 1047552 grid=0.2797852332 cont=0.2797873024 rel=-7.396e-06 asym=0.25597 pmax=0.000382
x=20 kappa=2.4 N0=0 cells= 1047552 grid=23.53334402 cont=23.53778337 rel=-1.886e-04 asym=19.58 pmax=0.000382
x=20 kappa=2.4 N0=1 cells= 1047552 grid=16.46850557 cont=16.47099028 rel=-1.509e-04 asym=13.7 pmax=0.000382
x=22 kappa=0.7 N0=0 cells= 4192256 grid=0.16808469 cont=0.1681122352 rel=-1.639e-04 asym=0.13946 pmax=0.000185
x=22 kappa=0.7 N0=1 cells= 4192256 grid=0.8010785813 cont=0.801120532 rel=-5.236e-05 asym=0.83158 pmax=0.000185
x=22 kappa=1.0 N0=0 cells= 4192256 grid=1.098823836 cont=1.098977548 rel=-1.399e-04 asym=0.80928 pmax=0.000185
x=22 kappa=1.0 N0=1 cells= 4192256 grid=0.2972476998 cont=0.2972481557 rel=-1.534e-06 asym=0.27289 pmax=0.000185
x=22 kappa=2.4 N0=0 cells= 4192256 grid=24.89345604 cont=24.89554901 rel=-8.407e-05 asym=20.874 pmax=0.000185
x=22 kappa=2.4 N0=1 cells= 4192256 grid=17.39721978 cont=17.39837707 rel=-6.652e-05 asym=14.605 pmax=0.000185
