'Zeta23.DBN.sigma1_toW1' depends on axioms: [propext, Classical.choice, Quot.sound]
'Zeta23.DBN.sigma2_toW1' depends on axioms: [propext, Classical.choice, Quot.sound]
'Zeta23.DBN.T1_toW1' depends on axioms: [propext, Classical.choice, Quot.sound]
'Zeta23.DBN.T2_toW1' depends on axioms: [propext, Classical.choice, Quot.sound]
'Zeta23.DBN.W1Rect_toW1' depends on axioms: [propext, Classical.choice, Quot.sound]
'Zeta23.DBN.W1Bdry_toW1' depends on axioms: [propext, Classical.choice, Quot.sound]
'Zeta23.DBN.meshOK_of_checkPrismW1' depends on axioms: [propext]
'Zeta23.DBN.checkPrism_spec' depends on axioms: [propext]
'Zeta23.DBN.checkBarrierChain_spec' depends on axioms: [propext]
'Zeta23.DBN.bdry_cover_gen' depends on axioms: [propext, Classical.choice, Quot.sound]
'Zeta23.DBN.boundary_nonvanishing_gen' depends on axioms: [propext, Classical.choice, Quot.sound]
'Zeta23.DBN.floor_of_meshOK' depends on axioms: [propext, Classical.choice, Quot.sound]
'Zeta23.DBN.rectArgPrincipleGen' depends on axioms: [propext, Classical.choice, Quot.sound]
'Zeta23.DBN.bottom_seg_mem' depends on axioms: [propext, Classical.choice, Quot.sound]
'Zeta23.DBN.right_seg_mem' depends on axioms: [propext, Classical.choice, Quot.sound]
'Zeta23.DBN.top_seg_mem' depends on axioms: [propext, Classical.choice, Quot.sound]
'Zeta23.DBN.left_seg_mem' depends on axioms: [propext, Classical.choice, Quot.sound]
'Zeta23.DBN.continuousOn_logDeriv_seg' depends on axioms: [propext, Classical.choice, Quot.sound]
'Zeta23.DBN.exclusion_of_checkPrismW1' depends on axioms: [propext, Classical.choice, Quot.sound]
'Zeta23.DBN.re_div_pos_of_norm_sub_lt' depends on axioms: [propext, Classical.choice, Quot.sound]
'Zeta23.DBN.logDerivSegIntegral_div_add' depends on axioms: [propext, Classical.choice, Quot.sound]
'Zeta23.DBN.logDerivSegIntegral_eq_log_sub' depends on axioms: [propext, Classical.choice, Quot.sound]
'Zeta23.DBN.edge_decomp' depends on axioms: [propext, Classical.choice, Quot.sound]
'Zeta23.DBN.prism_nonvanishing' depends on axioms: [propext, Classical.choice, Quot.sound]
'Zeta23.DBN.cover_prisms' depends on axioms: [propext, Classical.choice, Quot.sound]
'Zeta23.DBN.seamTime_head_eq_zero' depends on axioms: [propext, Classical.choice, Quot.sound]
'Zeta23.DBN.cert_of_checkBarrier' depends on axioms: [propext, Classical.choice, Quot.sound]
'Zeta23.DBN.cert_of_checkBarrier_xy' depends on axioms: [propext, Classical.choice, Quot.sound]
