# serial build of Zeta23.DBN.Instance02.{Rect,mp_0000..0038,mp_Barrier} — start Thu Sep  3 00:49:19 IST 2026
Build completed successfully (3148 jobs).
## Rect: ok 15.478881000 s
Build completed successfully (3149 jobs).
## mp_0000: ok 3.799210000 s
Build completed successfully (3149 jobs).
## mp_0001: ok 3.476027000 s
Build completed successfully (3149 jobs).
## mp_0002: ok 3.454566000 s
Build completed successfully (3149 jobs).
## mp_0003: ok 3.348854000 s
Build completed successfully (3149 jobs).
## mp_0004: ok 3.446817000 s
Build completed successfully (3149 jobs).
## mp_0005: ok 3.452236000 s
Build completed successfully (3149 jobs).
## mp_0006: ok 3.440863000 s
Build completed successfully (3149 jobs).
## mp_0007: ok 3.312813000 s
Build completed successfully (3149 jobs).
## mp_0008: ok 3.314865000 s
Build completed successfully (3149 jobs).
## mp_0009: ok 3.302777000 s
Build completed successfully (3149 jobs).
## mp_0010: ok 3.445388000 s
Build completed successfully (3149 jobs).
## mp_0011: ok 3.364149000 s
Build completed successfully (3149 jobs).
## mp_0012: ok 3.344771000 s
Build completed successfully (3149 jobs).
## mp_0013: ok 3.403526000 s
Build completed successfully (3149 jobs).
## mp_0014: ok 3.349869000 s
Build completed successfully (3149 jobs).
## mp_0015: ok 3.349266000 s
Build completed successfully (3149 jobs).
## mp_0016: ok 3.354579000 s
Build completed successfully (3149 jobs).
## mp_0017: ok 3.338541000 s
Build completed successfully (3149 jobs).
## mp_0018: ok 3.333260000 s
Build completed successfully (3149 jobs).
## mp_0019: ok 3.392559000 s
Build completed successfully (3149 jobs).
## mp_0020: ok 3.338044000 s
Build completed successfully (3149 jobs).
## mp_0021: ok 3.312282000 s
Build completed successfully (3149 jobs).
## mp_0022: ok 3.333617000 s
Build completed successfully (3149 jobs).
## mp_0023: ok 3.294043000 s
Build completed successfully (3149 jobs).
## mp_0024: ok 3.328360000 s
Build completed successfully (3149 jobs).
## mp_0025: ok 3.334985000 s
Build completed successfully (3149 jobs).
## mp_0026: ok 3.319851000 s
Build completed successfully (3149 jobs).
## mp_0027: ok 3.433498000 s
Build completed successfully (3149 jobs).
## mp_0028: ok 3.437758000 s
Build completed successfully (3149 jobs).
## mp_0029: ok 3.321234000 s
Build completed successfully (3149 jobs).
## mp_0030: ok 3.417192000 s
Build completed successfully (3149 jobs).
## mp_0031: ok 3.348327000 s
Build completed successfully (3149 jobs).
## mp_0032: ok 3.305142000 s
Build completed successfully (3149 jobs).
## mp_0033: ok 3.324910000 s
Build completed successfully (3149 jobs).
## mp_0034: ok 3.359928000 s
Build completed successfully (3149 jobs).
## mp_0035: ok 3.412408000 s
Build completed successfully (3149 jobs).
## mp_0036: ok 3.342309000 s
Build completed successfully (3149 jobs).
## mp_0037: ok 3.299135000 s
Build completed successfully (3149 jobs).
## mp_0038: ok 3.330098000 s
✖ [3188/3188] Building Zeta23.DBN.Instance02.mp_Barrier (8.6s)
error: Zeta23/DBN/Instance02/mp_Barrier.lean:88:2: (deterministic) timeout at `isDefEq`, maximum number of heartbeats (200000) has been reached

Note: Use `set_option maxHeartbeats <num>` to set the limit.

Hint: Additional diagnostic information may be available using the `set_option diagnostics true` command.
error: Lean exited with code 1
Some required targets logged failures:
- Zeta23.DBN.Instance02.mp_Barrier
error: build failed
## mp_Barrier: FAIL 10.039334000 s
# STOPPED at mp_Barrier Thu Sep  3 00:51:56 IST 2026
# lake build Zeta23.DBN.Instance02.mp_Barrier (fixed proof) — start Thu Sep  3 00:54:48 IST 2026
Build completed successfully (3188 jobs).
real 3.32
user 2.15
sys 3.28
# end Thu Sep  3 00:54:51 IST 2026
# serial build of Zeta23.DBN.Instance02.{Rect,arb_0000..0071,arb_Barrier} — start Thu Sep  3 00:54:51 IST 2026
Build completed successfully (3149 jobs).
## arb_0007: ok 4.172806000 s
Build completed successfully (3148 jobs).
## Rect: ok 1.513671000 s
Build completed successfully (3149 jobs).
## arb_0000: ok 1.550654000 s
Build completed successfully (3149 jobs).
## arb_0008: ok 3.989508000 s
Build completed successfully (3149 jobs).
## arb_0001: ok 1.551926000 s
Build completed successfully (3149 jobs).
## arb_0002: ok 1.624207000 s
Build completed successfully (3149 jobs).
## arb_0003: ok 1.541705000 s
Build completed successfully (3149 jobs).
## arb_0009: ok 4.037914000 s
Build completed successfully (3149 jobs).
## arb_0004: ok 1.518061000 s
Build completed successfully (3149 jobs).
## arb_0005: ok 1.605324000 s
Build completed successfully (3149 jobs).
Build completed successfully (3149 jobs).
## arb_0006: ok 1.511029000 s
## arb_0010: ok 4.115775000 s
Build completed successfully (3149 jobs).
## arb_0007: ok 1.636239000 s
Build completed successfully (3149 jobs).
## arb_0008: ok 1.629165000 s
Build completed successfully (3149 jobs).
## arb_0011: ok 3.856485000 s
Build completed successfully (3149 jobs).
## arb_0009: ok 1.530316000 s
Build completed successfully (3149 jobs).
## arb_0010: ok 1.603783000 s
Build completed successfully (3149 jobs).
## arb_0012: ok 3.958148000 s
Build completed successfully (3149 jobs).
## arb_0011: ok 1.550775000 s
Build completed successfully (3149 jobs).
## arb_0012: ok 1.587726000 s
Build completed successfully (3149 jobs).
## arb_0013: ok 3.635097000 s
Build completed successfully (3149 jobs).
## arb_0013: ok 3.587107000 s
Build completed successfully (3149 jobs).
## arb_0014: ok 3.531380000 s
Build completed successfully (3149 jobs).
## arb_0014: ok 3.595072000 s
Build completed successfully (3149 jobs).
## arb_0015: ok 3.535498000 s
Build completed successfully (3149 jobs).
## arb_0015: ok 3.562624000 s
Build completed successfully (3149 jobs).
## arb_0016: ok 3.557834000 s
Build completed successfully (3149 jobs).
## arb_0016: ok 3.543550000 s
Build completed successfully (3149 jobs).
## arb_0017: ok 3.535374000 s
Build completed successfully (3149 jobs).
## arb_0017: ok 3.564101000 s
Build completed successfully (3149 jobs).
## arb_0018: ok 3.574544000 s
Build completed successfully (3149 jobs).
## arb_0018: ok 3.739709000 s
Build completed successfully (3149 jobs).
## arb_0019: ok 3.810414000 s
Build completed successfully (3149 jobs).
## arb_0019: ok 3.846273000 s
Build completed successfully (3149 jobs).
## arb_0020: ok 3.709051000 s
Build completed successfully (3149 jobs).
## arb_0020: ok 3.549374000 s
Build completed successfully (3149 jobs).
## arb_0021: ok 3.576187000 s
Build completed successfully (3149 jobs).
## arb_0021: ok 3.571203000 s
Build completed successfully (3149 jobs).
## arb_0022: ok 3.580458000 s
Build completed successfully (3149 jobs).
## arb_0022: ok 3.534434000 s
Build completed successfully (3149 jobs).
## arb_0023: ok 3.474971000 s
Build completed successfully (3149 jobs).
## arb_0023: ok 3.521978000 s
Build completed successfully (3149 jobs).
## arb_0024: ok 3.546088000 s
Build completed successfully (3149 jobs).
## arb_0024: ok 3.551421000 s
Build completed successfully (3149 jobs).
## arb_0025: ok 3.788701000 s
Build completed successfully (3149 jobs).
## arb_0025: ok 3.675384000 s
Build completed successfully (3149 jobs).
## arb_0026: ok 3.574074000 s
Build completed successfully (3149 jobs).
## arb_0026: ok 3.581602000 s
Build completed successfully (3149 jobs).
## arb_0027: ok 3.465780000 s
Build completed successfully (3149 jobs).
## arb_0027: ok 3.465085000 s
Build completed successfully (3149 jobs).
## arb_0028: ok 3.469436000 s
Build completed successfully (3149 jobs).
## arb_0028: ok 3.597382000 s
Build completed successfully (3149 jobs).
## arb_0029: ok 3.509797000 s
Build completed successfully (3149 jobs).
## arb_0029: ok 3.445604000 s
Build completed successfully (3149 jobs).
## arb_0030: ok 3.490636000 s
Build completed successfully (3149 jobs).
## arb_0030: ok 3.480036000 s
Build completed successfully (3149 jobs).
## arb_0031: ok 3.453830000 s
Build completed successfully (3149 jobs).
## arb_0031: ok 3.517436000 s
Build completed successfully (3149 jobs).
## arb_0032: ok 3.440299000 s
Build completed successfully (3149 jobs).
## arb_0032: ok 3.438715000 s
Build completed successfully (3149 jobs).
## arb_0033: ok 3.466788000 s
Build completed successfully (3149 jobs).
## arb_0033: ok 3.461048000 s
Build completed successfully (3149 jobs).
## arb_0034: ok 3.461953000 s
Build completed successfully (3149 jobs).
## arb_0034: ok 3.461153000 s
✖ [3149/3149] Building Zeta23.DBN.Instance02.arb_0035 (1.9s)
error: no such file or directory (error code: 4294967294)
  file: /Users/jaytyagi/rh-lean-work/zeta-23-lean-main/.lake/build/lib/lean/Zeta23/DBN/Instance02/arb_0035.olean
Some required targets logged failures:
- Zeta23.DBN.Instance02.arb_0035
error: build failed
## arb_0035: FAIL 3.443253000 s
# STOPPED at arb_0035 Thu Sep  3 00:56:33 IST 2026
Build completed successfully (3149 jobs).
## arb_0035: ok 3.410074000 s
Build completed successfully (3149 jobs).
## arb_0036: ok 3.118653000 s
Build completed successfully (3149 jobs).
## arb_0037: ok 3.115876000 s
Build completed successfully (3149 jobs).
## arb_0038: ok 3.104632000 s
Build completed successfully (3149 jobs).
## arb_0039: ok 3.124874000 s
Build completed successfully (3149 jobs).
## arb_0040: ok 3.115507000 s
Build completed successfully (3149 jobs).
## arb_0041: ok 3.123280000 s
Build completed successfully (3149 jobs).
## arb_0042: ok 3.128394000 s
Build completed successfully (3149 jobs).
## arb_0043: ok 3.132977000 s
Build completed successfully (3149 jobs).
## arb_0044: ok 3.073961000 s
Build completed successfully (3149 jobs).
## arb_0045: ok 3.101956000 s
Build completed successfully (3149 jobs).
## arb_0046: ok 3.108252000 s
Build completed successfully (3149 jobs).
## arb_0047: ok 3.118061000 s
Build completed successfully (3149 jobs).
## arb_0048: ok 3.091922000 s
Build completed successfully (3149 jobs).
## arb_0049: ok 3.121151000 s
Build completed successfully (3149 jobs).
## arb_0050: ok 2.999150000 s
Build completed successfully (3149 jobs).
## arb_0051: ok 3.005438000 s
Build completed successfully (3149 jobs).
## arb_0052: ok 3.118947000 s
Build completed successfully (3149 jobs).
## arb_0053: ok 3.011440000 s
Build completed successfully (3149 jobs).
## arb_0054: ok 3.008528000 s
Build completed successfully (3149 jobs).
## arb_0055: ok 2.988721000 s
Build completed successfully (3149 jobs).
## arb_0056: ok 3.012553000 s
Build completed successfully (3149 jobs).
## arb_0057: ok 2.982097000 s
Build completed successfully (3149 jobs).
## arb_0058: ok 2.979442000 s
Build completed successfully (3149 jobs).
## arb_0059: ok 3.002012000 s
Build completed successfully (3149 jobs).
## arb_0060: ok 2.989193000 s
Build completed successfully (3149 jobs).
## arb_0061: ok 2.972034000 s
Build completed successfully (3149 jobs).
## arb_0062: ok 3.019074000 s
Build completed successfully (3149 jobs).
## arb_0063: ok 2.982628000 s
Build completed successfully (3149 jobs).
## arb_0064: ok 3.023537000 s
Build completed successfully (3149 jobs).
## arb_0065: ok 3.013428000 s
Build completed successfully (3149 jobs).
## arb_0066: ok 3.008033000 s
Build completed successfully (3149 jobs).
## arb_0067: ok 2.988978000 s
Build completed successfully (3149 jobs).
## arb_0068: ok 3.000337000 s
Build completed successfully (3149 jobs).
## arb_0069: ok 2.984717000 s
Build completed successfully (3149 jobs).
## arb_0070: ok 2.890880000 s
Build completed successfully (3149 jobs).
## arb_0071: ok 2.896726000 s
Build completed successfully (3221 jobs).
## arb_Barrier: ok 3.870068000 s
# all built; total 217 s; end Thu Sep  3 00:58:28 IST 2026
# lake build Zeta23.DBN.Instance02 — start Thu Sep  3 00:58:28 IST 2026
Build completed successfully (3262 jobs).
real 2.88
user 1.87
sys 2.15
# end Thu Sep  3 00:58:31 IST 2026
BUILD CHAIN DONE Thu Sep  3 00:59:02 IST 2026
# lake build Zeta23 (root, with import Zeta23.DBN.Instance02) — Thu Sep  3 00:59:42 IST 2026
warning: Zeta23/XiPrime/FamilyHypsV.lean:223:11: `MeasureTheory.integrable_finset_sum` has been deprecated: Use `MeasureTheory.integrable_finsetSum` instead
warning: Zeta23/XiPrime/FamilyHypsV.lean:276:16: `MeasureTheory.integral_finset_sum` has been deprecated: Use `MeasureTheory.integral_finsetSum` instead
Build completed successfully (9138 jobs).
real 19.59
user 4.45
sys 7.17
