L5 {'N': 1, 'z': [5, 0], 'lit80': '(0.275384638454 + 0.0j)', 'rel_T30_vs_lit80': 1.396190015930423e-31}
L5 {'N': 1, 'z': [30, 0], 'lit80': '(-6.4365589022e-5 + 0.0j)', 'rel_T30_vs_lit80': 3.7429832102868386e-30}
L5 {'N': 1, 'z': [40, 3], 'lit80': '(-4.11103988747e-5 + 5.10015429699e-6j)', 'rel_T30_vs_lit80': 2.302780102298101e-29}
L5 {'N': 1, 'z': [60, 25], 'lit80': '(4.70623742231e-7 + 7.81496121753e-6j)', 'rel_T30_vs_lit80': 2.2257707750824513e-28}
L5 {'N': 1, 'z': [100, 10], 'lit80': '(-7.47730607002e-6 + 1.46934860124e-6j)', 'rel_T30_vs_lit80': 1.9723662657883461e-28}
L5 {'N': 1, 'z': [150, 60], 'lit80': '(-8.4156762888e-7 + 4.30575122879e-6j)', 'rel_T30_vs_lit80': 2.663332136982099e-27}
L5 {'N': 2, 'z': [5, 0], 'lit80': '(0.275549997286 + 0.0j)', 'rel_T30_vs_lit80': 1.5436133578149307e-31}
L5 {'N': 2, 'z': [30, 0], 'lit80': '(-1.50624726514e-8 + 0.0j)', 'rel_T30_vs_lit80': 1.2488885208737286e-31}
L5 {'N': 2, 'z': [40, 3], 'lit80': '(-2.85707360039e-10 - 2.25330199961e-11j)', 'rel_T30_vs_lit80': 9.552786424379316e-31}
L5 {'N': 2, 'z': [60, 25], 'lit80': '(1.36325124888e-5 - 4.29266089506e-6j)', 'rel_T30_vs_lit80': 4.948871915440437e-31}
L5 {'N': 2, 'z': [100, 10], 'lit80': '(-1.30474859666e-11 + 2.09685492751e-12j)', 'rel_T30_vs_lit80': 2.2603800806954483e-29}
L5 {'N': 2, 'z': [150, 60], 'lit80': '(1.34863725678e-6 + 2.24920804827e-6j)', 'rel_T30_vs_lit80': 3.512322476330118e-30}
L5 {'N': 3, 'z': [5, 0], 'lit80': '(0.275549997344 + 0.0j)', 'rel_T30_vs_lit80': 1.2878145681941906e-31}
L5 {'N': 3, 'z': [30, 0], 'lit80': '(-1.50166224798e-8 + 0.0j)', 'rel_T30_vs_lit80': 1.428072359584404e-31}
L5 {'N': 3, 'z': [40, 3], 'lit80': '(-2.46838672539e-10 - 2.45833015681e-11j)', 'rel_T30_vs_lit80': 1.0740927361066772e-30}
L5 {'N': 3, 'z': [60, 25], 'lit80': '(1.36325359912e-5 - 4.29267329871e-6j)', 'rel_T30_vs_lit80': 4.58169981624354e-31}
L5 {'N': 3, 'z': [100, 10], 'lit80': '(-1.45750916793e-20 + 1.51098308436e-21j)', 'rel_T30_vs_lit80': 1.164576444566354e-29}
L5 {'N': 3, 'z': [150, 60], 'lit80': '(1.34864178999e-6 + 2.2492042212e-6j)', 'rel_T30_vs_lit80': 3.490444859020603e-30}
L5 {'N': 4, 'z': [5, 0], 'lit80': '(0.275549997344 + 0.0j)', 'rel_T30_vs_lit80': 1.6176650263032957e-31}
L5 {'N': 4, 'z': [30, 0], 'lit80': '(-1.50166224798e-8 + 0.0j)', 'rel_T30_vs_lit80': 1.1120819331908373e-31}
L5 {'N': 4, 'z': [40, 3], 'lit80': '(-2.46838672513e-10 - 2.45833015687e-11j)', 'rel_T30_vs_lit80': 1.0660449948208441e-30}
L5 {'N': 4, 'z': [60, 25], 'lit80': '(1.36325359912e-5 - 4.29267329871e-6j)', 'rel_T30_vs_lit80': 5.330186581534813e-31}
L5 {'N': 4, 'z': [100, 10], 'lit80': '(-1.15732875151e-25 + 2.61564911352e-25j)', 'rel_T30_vs_lit80': 2.1520631675433904e-30}
L5 {'N': 4, 'z': [150, 60], 'lit80': '(1.34864178999e-6 + 2.2492042212e-6j)', 'rel_T30_vs_lit80': 3.51562968689464e-30}
L3 {'dps': 30, 'at_8946': '-1.76019463128e-1070', 'at_8947': '1.06871649226e-1070', 'sign_change': True}
L3 zeros 30 3144.8946622186467569 3145.5998495764871408
L3 {'dps': 60, 'at_8946': '-1.76019463128e-1070', 'at_8947': '1.06871649226e-1070', 'sign_change': True}
L3 zeros 60 3144.8946622186467569 3145.5998495764871408
L4 {'dps': 30, 'z': '(3143.220682421536585287281 + 0.3152587993782148453822864j)', 'dist_to_zstar': 7.956821499699522e-29, 'newton_its': 3}
L4 {'dps': 60, 'z': '(3143.220682421536585287281 + 0.3152587993782148453822864j)', 'dist_to_zstar': 3.9216154245268525e-37, 'newton_its': 4}
saved L3-L5
