{
 "k": 9,
 "x_start": 0,
 "x_end": 524.0,
 "dx0": 0.05,
 "dx1": 0.01,
 "refine_band": [
  -0.5,
  1.5
 ],
 "dps": 30,
 "n_points": 20845,
 "B_positive": true,
 "real_zeros_t0": 207,
 "real_zeros_t1": 263,
 "largest_t0": [
  406.81,
  406.82000000000005
 ],
 "largest_t1": [
  489.39000000000004,
  489.40000000000003
 ],
 "extrema_total": 271,
 "extrema_in01": [
  {
   "x": "409.530367112913",
   "S": "0.0540437860676879",
   "type": "max",
   "in01": true
  },
  {
   "x": "412.484772394767",
   "S": "0.00314977288476567",
   "type": "max",
   "in01": true
  },
  {
   "x": "415.227773243099",
   "S": "6.10151974331371e-5",
   "type": "max",
   "in01": true
  },
  {
   "x": "418.851043037228",
   "S": "3.16523836576653e-5",
   "type": "max",
   "in01": true
  },
  {
   "x": "421.278444587217",
   "S": "3.26969713617427e-6",
   "type": "max",
   "in01": true
  },
  {
   "x": "424.276596031058",
   "S": "5.05300638059126e-7",
   "type": "max",
   "in01": true
  },
  {
   "x": "427.58683196737",
   "S": "1.94096522680292e-8",
   "type": "max",
   "in01": true
  },
  {
   "x": "430.689021294233",
   "S": "1.02873380798952e-9",
   "type": "max",
   "in01": true
  },
  {
   "x": "432.951602415119",
   "S": "7.4832235921844e-10",
   "type": "max",
   "in01": true
  },
  {
   "x": "436.636994069571",
   "S": "3.11570500584857e-11",
   "type": "max",
   "in01": true
  },
  {
   "x": "439.180357645778",
   "S": "2.72839019706545e-12",
   "type": "max",
   "in01": true
  },
  {
   "x": "442.175420028223",
   "S": "3.20455196763122e-13",
   "type": "max",
   "in01": true
  },
  {
   "x": "445.120564018413",
   "S": "1.183428851577e-13",
   "type": "max",
   "in01": true
  },
  {
   "x": "448.128318532179",
   "S": "3.18702628689842e-15",
   "type": "max",
   "in01": true
  },
  {
   "x": "450.725039585107",
   "S": "4.10114556679595e-16",
   "type": "max",
   "in01": true
  },
  {
   "x": "454.360090053993",
   "S": "1.78113681571411e-17",
   "type": "max",
   "in01": true
  },
  {
   "x": "456.937741623875",
   "S": "4.29707103109518e-18",
   "type": "max",
   "in01": true
  },
  {
   "x": "459.778754811441",
   "S": "7.48310717354544e-20",
   "type": "max",
   "in01": true
  },
  {
   "x": "462.761927024712",
   "S": "1.08758218158031e-19",
   "type": "max",
   "in01": true
  },
  {
   "x": "466.018910475544",
   "S": "9.22032685138112e-22",
   "type": "max",
   "in01": true
  },
  {
   "x": "468.321995809247",
   "S": "9.96618830029945e-22",
   "type": "max",
   "in01": true
  },
  {
   "x": "471.493694370331",
   "S": "1.01469761070198e-22",
   "type": "max",
   "in01": true
  },
  {
   "x": "474.490707403993",
   "S": "5.78730298827141e-24",
   "type": "max",
   "in01": true
  },
  {
   "x": "477.290517336789",
   "S": "3.11965957131663e-25",
   "type": "max",
   "in01": true
  },
  {
   "x": "479.988145726241",
   "S": "2.55357762592477e-25",
   "type": "max",
   "in01": true
  },
  {
   "x": "483.268769689983",
   "S": "2.01552335918486e-27",
   "type": "max",
   "in01": true
  },
  {
   "x": "485.965560742352",
   "S": "2.70810924079903e-28",
   "type": "max",
   "in01": true
  },
  {
   "x": "488.895536560228",
   "S": "3.60049122677623e-29",
   "type": "max",
   "in01": true
  }
 ],
 "min_in01": [],
 "seconds": 1286.5
}
