{
 "k": 8,
 "x_start": 0,
 "x_end": 440.0,
 "dx0": 0.05,
 "dx1": 0.01,
 "refine_band": [
  -0.5,
  1.5
 ],
 "dps": 30,
 "n_points": 18325,
 "B_positive": true,
 "real_zeros_t0": 155,
 "real_zeros_t1": 207,
 "largest_t0": [
  327.37,
  327.38
 ],
 "largest_t1": [
  406.81,
  406.82000000000005
 ],
 "extrema_total": 215,
 "extrema_in01": [
  {
   "x": "329.410915232462",
   "S": "0.305298239632697",
   "type": "max",
   "in01": true
  },
  {
   "x": "332.218443278979",
   "S": "0.162501953878155",
   "type": "max",
   "in01": true
  },
  {
   "x": "335.257194519284",
   "S": "0.0273772086973982",
   "type": "max",
   "in01": true
  },
  {
   "x": "338.879252389362",
   "S": "0.000477121813617206",
   "type": "max",
   "in01": true
  },
  {
   "x": "341.515985606746",
   "S": "3.27810821455579e-5",
   "type": "max",
   "in01": true
  },
  {
   "x": "345.205768579938",
   "S": "5.96924530495339e-6",
   "type": "max",
   "in01": true
  },
  {
   "x": "348.037561613376",
   "S": "6.36426448499148e-7",
   "type": "max",
   "in01": true
  },
  {
   "x": "351.032107899568",
   "S": "4.04152331541076e-8",
   "type": "max",
   "in01": true
  },
  {
   "x": "354.293378872942",
   "S": "1.07909467894664e-8",
   "type": "max",
   "in01": true
  },
  {
   "x": "357.509459190667",
   "S": "6.47772220578162e-11",
   "type": "max",
   "in01": true
  },
  {
   "x": "360.37323955855",
   "S": "4.10322715865175e-11",
   "type": "max",
   "in01": true
  },
  {
   "x": "363.844535444872",
   "S": "2.28541086947807e-12",
   "type": "max",
   "in01": true
  },
  {
   "x": "366.831203963536",
   "S": "2.28994261954013e-13",
   "type": "max",
   "in01": true
  },
  {
   "x": "369.486793763583",
   "S": "1.39762439710317e-14",
   "type": "max",
   "in01": true
  },
  {
   "x": "373.380976431405",
   "S": "4.95144821966702e-16",
   "type": "max",
   "in01": true
  },
  {
   "x": "376.05485721564",
   "S": "1.78434638156186e-17",
   "type": "max",
   "in01": true
  },
  {
   "x": "378.998146371853",
   "S": "1.85101724890355e-17",
   "type": "max",
   "in01": true
  },
  {
   "x": "382.165746324348",
   "S": "2.68878721274468e-18",
   "type": "max",
   "in01": true
  },
  {
   "x": "385.33106370132",
   "S": "3.47951536459741e-20",
   "type": "max",
   "in01": true
  },
  {
   "x": "387.927254668786",
   "S": "2.23051593924299e-20",
   "type": "max",
   "in01": true
  },
  {
   "x": "391.763072811989",
   "S": "2.3509935588817e-22",
   "type": "max",
   "in01": true
  },
  {
   "x": "394.206095023908",
   "S": "1.77222477240711e-22",
   "type": "max",
   "in01": true
  },
  {
   "x": "397.076737431432",
   "S": "1.32841271327327e-23",
   "type": "max",
   "in01": true
  },
  {
   "x": "400.578225599162",
   "S": "1.36997718353789e-24",
   "type": "max",
   "in01": true
  },
  {
   "x": "403.407009556752",
   "S": "3.32703259055192e-26",
   "type": "max",
   "in01": true
  },
  {
   "x": "406.10654041634",
   "S": "1.29600944194156e-26",
   "type": "max",
   "in01": true
  }
 ],
 "min_in01": [],
 "seconds": 999.7
}
