{
 "k": 7,
 "x_start": 0,
 "x_end": 364.0,
 "dx0": 0.05,
 "dx1": 0.01,
 "refine_band": [
  -0.5,
  1.5
 ],
 "dps": 30,
 "n_points": 15949,
 "B_positive": true,
 "real_zeros_t0": 113,
 "real_zeros_t1": 155,
 "largest_t0": [
  258.53000000000003,
  258.54
 ],
 "largest_t1": [
  327.37,
  327.38
 ],
 "extrema_total": 163,
 "extrema_in01": [
  {
   "x": "260.305925643152",
   "S": "0.607733732506656",
   "type": "max",
   "in01": true
  },
  {
   "x": "264.180430115655",
   "S": "0.14644314827383",
   "type": "max",
   "in01": true
  },
  {
   "x": "267.182382799987",
   "S": "0.0047257127027536",
   "type": "max",
   "in01": true
  },
  {
   "x": "270.563037333319",
   "S": "0.000729958365779696",
   "type": "max",
   "in01": true
  },
  {
   "x": "274.120522706545",
   "S": "6.55295045263876e-5",
   "type": "max",
   "in01": true
  },
  {
   "x": "277.166013595646",
   "S": "3.15487545779399e-6",
   "type": "max",
   "in01": true
  },
  {
   "x": "280.313299006658",
   "S": "1.17861124981068e-6",
   "type": "max",
   "in01": true
  },
  {
   "x": "283.890550580157",
   "S": "1.67140475035006e-8",
   "type": "max",
   "in01": true
  },
  {
   "x": "287.170129407386",
   "S": "1.03363122406155e-9",
   "type": "max",
   "in01": true
  },
  {
   "x": "290.375162652624",
   "S": "3.22495471606703e-10",
   "type": "max",
   "in01": true
  },
  {
   "x": "294.036463861342",
   "S": "4.04147553052926e-12",
   "type": "max",
   "in01": true
  },
  {
   "x": "296.626663563753",
   "S": "2.0549251719938e-12",
   "type": "max",
   "in01": true
  },
  {
   "x": "300.443566145712",
   "S": "7.31682287057079e-14",
   "type": "max",
   "in01": true
  },
  {
   "x": "303.465571729305",
   "S": "6.8380507471828e-15",
   "type": "max",
   "in01": true
  },
  {
   "x": "306.418064471809",
   "S": "4.77770893822847e-16",
   "type": "max",
   "in01": true
  },
  {
   "x": "310.491086790019",
   "S": "1.06363177845558e-17",
   "type": "max",
   "in01": true
  },
  {
   "x": "313.066776682221",
   "S": "2.41121201917092e-18",
   "type": "max",
   "in01": true
  },
  {
   "x": "316.270022896405",
   "S": "5.46396586950455e-19",
   "type": "max",
   "in01": true
  },
  {
   "x": "319.630858027668",
   "S": "3.29769466153369e-20",
   "type": "max",
   "in01": true
  },
  {
   "x": "322.707731242394",
   "S": "8.83878074840142e-22",
   "type": "max",
   "in01": true
  },
  {
   "x": "325.77737533598",
   "S": "4.65901242482617e-22",
   "type": "max",
   "in01": true
  }
 ],
 "min_in01": [],
 "seconds": 725.7
}
