{
 "k": 6,
 "x_start": 0,
 "x_end": 296.0,
 "dx0": 0.05,
 "dx1": 0.01,
 "refine_band": [
  -0.5,
  1.5
 ],
 "dps": 30,
 "n_points": 13849,
 "B_positive": true,
 "real_zeros_t0": 79,
 "real_zeros_t1": 113,
 "largest_t0": [
  197.95000000000002,
  197.96
 ],
 "largest_t1": [
  258.53000000000003,
  258.54
 ],
 "extrema_total": 121,
 "extrema_in01": [
  {
   "x": "201.705107383952",
   "S": "0.29014895712606",
   "type": "max",
   "in01": true
  },
  {
   "x": "204.706680620387",
   "S": "0.0243362164406048",
   "type": "max",
   "in01": true
  },
  {
   "x": "208.512641533385",
   "S": "0.00327811818310067",
   "type": "max",
   "in01": true
  },
  {
   "x": "212.255757010393",
   "S": "0.000118264237919303",
   "type": "max",
   "in01": true
  },
  {
   "x": "215.257666278764",
   "S": "1.32148161115404e-5",
   "type": "max",
   "in01": true
  },
  {
   "x": "219.575629364782",
   "S": "4.2088834070863e-7",
   "type": "max",
   "in01": true
  },
  {
   "x": "222.41755920597",
   "S": "8.45105708571039e-8",
   "type": "max",
   "in01": true
  },
  {
   "x": "225.921839741152",
   "S": "7.79665155510557e-9",
   "type": "max",
   "in01": true
  },
  {
   "x": "229.934877030395",
   "S": "1.6387747431954e-10",
   "type": "max",
   "in01": true
  },
  {
   "x": "232.780368192652",
   "S": "1.61533620849794e-11",
   "type": "max",
   "in01": true
  },
  {
   "x": "236.98161323787",
   "S": "5.02289208270106e-13",
   "type": "max",
   "in01": true
  },
  {
   "x": "240.129305579842",
   "S": "4.69603789141766e-14",
   "type": "max",
   "in01": true
  },
  {
   "x": "243.358124297824",
   "S": "3.72812554141048e-15",
   "type": "max",
   "in01": true
  },
  {
   "x": "247.499313718464",
   "S": "7.38095625884973e-17",
   "type": "max",
   "in01": true
  },
  {
   "x": "250.184819671744",
   "S": "1.82694926988509e-17",
   "type": "max",
   "in01": true
  },
  {
   "x": "253.793519745123",
   "S": "3.14822399562469e-18",
   "type": "max",
   "in01": true
  },
  {
   "x": "257.166008195855",
   "S": "1.58189062501967e-19",
   "type": "max",
   "in01": true
  }
 ],
 "min_in01": [],
 "seconds": 523.9
}
