{
 "k": 3,
 "x_start": 0,
 "x_end": 199.07963267948966,
 "dx0": 0.05,
 "dx1": 0.01,
 "refine_band": [
  -0.5,
  1.5
 ],
 "dps": 30,
 "n_points": 14639,
 "B_positive": true,
 "real_zeros_t0": 15,
 "real_zeros_t1": 31,
 "largest_t0": [
  65.03,
  65.04
 ],
 "largest_t1": [
  103.36,
  103.37
 ],
 "extrema_total": 35,
 "extrema_in01": [
  {
   "x": "67.9309946282793",
   "S": "0.798308320077872",
   "type": "max",
   "in01": true
  },
  {
   "x": "73.0672828019361",
   "S": "0.0362867640708258",
   "type": "max",
   "in01": true
  },
  {
   "x": "78.0021670664373",
   "S": "0.000370918310464271",
   "type": "max",
   "in01": true
  },
  {
   "x": "83.5342722375601",
   "S": "5.41548711661713e-6",
   "type": "max",
   "in01": true
  },
  {
   "x": "87.9838983884567",
   "S": "1.16132978009598e-7",
   "type": "max",
   "in01": true
  },
  {
   "x": "93.1402022740574",
   "S": "4.58197753768592e-9",
   "type": "max",
   "in01": true
  },
  {
   "x": "96.9587442546673",
   "S": "4.48703745406833e-10",
   "type": "max",
   "in01": true
  },
  {
   "x": "102.06922233006",
   "S": "6.09540093850612e-12",
   "type": "max",
   "in01": true
  }
 ],
 "min_in01": [],
 "seconds": 408.0
}
