{
 "k": 2,
 "x_start": 0,
 "x_end": 142.53096491487338,
 "dx0": 0.05,
 "dx1": 0.01,
 "refine_band": [
  -0.5,
  1.5
 ],
 "dps": 30,
 "n_points": 11208,
 "B_positive": true,
 "real_zeros_t0": 7,
 "real_zeros_t1": 15,
 "largest_t0": [
  39.53,
  39.54
 ],
 "largest_t1": [
  65.03,
  65.04
 ],
 "extrema_total": 19,
 "extrema_in01": [
  {
   "x": "44.5606000837844",
   "S": "0.0388791820744028",
   "type": "max",
   "in01": true
  },
  {
   "x": "50.8528172448781",
   "S": "0.000250391109646774",
   "type": "max",
   "in01": true
  },
  {
   "x": "57.2725407190362",
   "S": "2.10940883938647e-6",
   "type": "max",
   "in01": true
  },
  {
   "x": "62.1282081569024",
   "S": "1.14898627258625e-7",
   "type": "max",
   "in01": true
  }
 ],
 "min_in01": [],
 "seconds": 243.8
}
