{
 "k": 1,
 "x_start": 0,
 "x_end": 98.54866776461628,
 "dx0": 0.05,
 "dx1": 0.01,
 "refine_band": [
  -0.5,
  1.5
 ],
 "dps": 30,
 "n_points": 8292,
 "B_positive": true,
 "real_zeros_t0": 1,
 "real_zeros_t1": 7,
 "largest_t0": [
  14.040000000000001,
  14.05
 ],
 "largest_t1": [
  39.53,
  39.54
 ],
 "extrema_total": 9,
 "extrema_in01": [
  {
   "x": "22.1423776610763",
   "S": "0.0837083117224528",
   "type": "max",
   "in01": true
  },
  {
   "x": "31.2549566255623",
   "S": "0.000132607281482125",
   "type": "max",
   "in01": true
  },
  {
   "x": "38.5168538153681",
   "S": "7.02802749897051e-7",
   "type": "max",
   "in01": true
  }
 ],
 "min_in01": [],
 "seconds": 222.2
}
