squarefree mod 7 check of the brief's y^2 = x^5 + x + 1: (1, [(x - 2, 1), (x + 3, 2), (x**2 + 3*x - 2, 1)])

== genus 1: y^2 = x^3 + x + 1;  gcd(f, f') mod 7 = Poly(1, x, modulus=7); disc mod 7 = 4
  N_1..N_4 = [5, 55, 380, 2475];  s_1..s_4 = [3, -5, -36, -73];  P(t) from s_1..s_1 + FE = 7*t**2 - 3*t + 1 = 7*t**2 - 3*t + 1
  predicted s_1..s_4 from P: [3, -5, -36, -73]  match: True
  |alpha_i|^2 = [7] (q = 7);  distinct alphas: 2 of 2  [0.2 s]

== genus 2: y^2 = x^5 + 3x + 1;  gcd(f, f') mod 7 = Poly(1, x, modulus=7); disc mod 7 = 2
  N_1..N_4 = [11, 55, 371, 2419];  s_1..s_4 = [-3, -5, -27, -17];  P(t) from s_1..s_2 + FE = 49*t**4 + 21*t**3 + 7*t**2 + 3*t + 1 = 49*t**4 + 21*t**3 + 7*t**2 + 3*t + 1
  predicted s_1..s_4 from P: [-3, -5, -27, -17]  match: True
  |alpha_i|^2 = [7] (q = 7);  distinct alphas: 4 of 4  [1.5 s]
  m = 1 < g: T_m = [[4, -3*sqrt(7)/7], [-3*sqrt(7)/7, 4]]; eigenvalues [4 - 3*sqrt(7)/7, 3*sqrt(7)/7 + 4]; rank 2 ; ranks over sign flips of c_k (|c_k|-only relaxation): {(1,): 2, (-1,): 2}

== genus 3: y^2 = x^7 + x + 1;  gcd(f, f') mod 7 = Poly(1, x, modulus=7); disc mod 7 = 6
  N_1..N_4 = [8, 92, 344, 2108];  s_1..s_4 = [0, -42, 0, 294];  P(t) from s_1..s_3 + FE = 343*t**6 + 147*t**4 + 21*t**2 + 1 = (7*t**2 + 1)**3
  predicted s_1..s_4 from P: [0, -42, 0, 294]  match: True
  |alpha_i|^2 = [7] (q = 7);  distinct alphas: 2 of 6  [1.6 s]
  m = 1 < g: T_m = [[6, 0], [0, 6]]; eigenvalues [6]; rank 2 ; ranks over sign flips of c_k (|c_k|-only relaxation): {(1,): 2, (-1,): 2}
  m = 2 < g: T_m = [[6, 0, -6], [0, 6, 0], [-6, 0, 6]]; eigenvalues [12, 0, 6]; rank 2 ; ranks over sign flips of c_k (|c_k|-only relaxation): {(1, 1): 2, (1, -1): 2, (-1, 1): 2, (-1, -1): 2}

== exact minima below g (reader's own reasoning, checked symbolically) ==
g=2,m=1: N_d=1 needs s1 = +-4*sqrt(7) = [4*sqrt(7), -4*sqrt(7)] != -3; N_d=2: 2b = -3 -> [-3/2] |b| <= 2 sqrt7: True
g=2,m=1 relaxation (s1 -> +3): N_d=2 with b = 3/2, same minimum 2; also real pair {sqrt7 x2, -sqrt7 x2} has s1 = 0 != +-3
g=3 N_d<=2 pattern R+^3 R-^3 (1-7t^2)^3: s1 = 0, s2 = 42
g=3 N_d<=2 pattern (1+7t^2)^3 (+-i sqrt7, mark 3): s1 = 0, s2 = -42
g=3 N_d<=2 pattern R+^6: s1 = 6*sqrt(7), s2 = 42
g=3 N_d<=2 pattern R-^6: s1 = -6*sqrt(7), s2 = 42
g=3 N_d=2 general conj pair with mark 3: s1 = 6 sqrt7 cos th = 0 -> th = pi/2 -> s2 = 6*7*cos(2th) = -42
g=3 N_d=2 conj-pair + real point: masses 2k + (6-2k) with k in {1,2}... listed: pair mark k at angle th, real point +-sqrt7 mark 6-2k:
   k = 1, real point +sqrt7: s1 = 0 -> theta in []; s2 at those = []
   k = 1, real point -sqrt7: s1 = 0 -> theta in []; s2 at those = []
   k = 2, real point +sqrt7: s1 = 0 -> theta in [2*pi/3, 4*pi/3]; s2 at those = [0, 0]
   k = 2, real point -sqrt7: s1 = 0 -> theta in [pi/3, 5*pi/3]; s2 at those = [0, 0]
total 1.8 s
python3 rung1_O.py  1.89s user 0.03s system 99% cpu 1.923 total
