== Tue Sep 29 07:59:10 IST 2026 hash recompute (checker): every line of results/i1-witness-lean-s32/hashes.txt
MATCH    lean/comparator/ChallengeDeps/I1Witness.lean
MATCH    lean/comparator/Challenge/EpsteinWitnessSix.lean
MATCH    lean/comparator/Challenge/I1Witness.lean
MATCH    lean/comparator/Solution/EpsteinWitnessSix.lean
MATCH    lean/comparator/Solution/I1Witness.lean
MATCH    lean/comparator/PrintAxioms/EpsteinWitnessSix.lean
MATCH    lean/comparator/PrintAxioms/I1Witness.lean
MATCH    lean/comparator/config-epstein-witness-six.json
MATCH    lean/comparator/config-i1-witness.json
MATCH    lean/formalization.yaml
MATCH    lean/README.md
MATCH    results/i1-witness-lean-s32/BRIEF.md
MATCH    results/i1-witness-lean-s32/PREDERIVATION-ERRATA.md
MATCH    results/i1-witness-lean-s32/typing.log
MATCH    results/i1-witness-lean-s32/BUILD-NOTES.md
MATCH    results/i1-witness-lean-s32/FIDELITY.md
MISMATCH results/i1-witness-lean-s32/SHARED.md recorded=cdfec2627e98da798d53d4b21a02aac8b1dd335e69bea7c0884cfd0add29b89b now=50cbd1066718e54534f59c1a97e06278b36a6161d3c9986c716e0989aa2b1733
MATCH    results/i1-witness-lean-s32/rung1-print-axioms.log
MATCH    results/i1-witness-lean-s32/rung1-statement-identity.log
MATCH    results/i1-witness-lean-s32/rung1-trust-greps.log
MATCH    results/i1-witness-lean-s32/rung1-prerun-cleanup.log
MATCH    results/i1-witness-lean-s32/rung1-comparator.log
MATCH    results/i1-witness-lean-s32/build-i1witness.log
MATCH    results/i1-witness-lean-s32/print-axioms.log
MATCH    results/i1-witness-lean-s32/statement-identity.log
MATCH    results/i1-witness-lean-s32/trust-greps.log
MATCH    results/i1-witness-lean-s32/prerun-cleanup.log
MATCH    results/i1-witness-lean-s32/comparator-run.log
MATCH    results/i1-witness-lean-s32/yaml-validation.log
MATCH    results/i1-witness-lean-s32/lint-10g.log
MATCH    results/i1-witness-lean-s32/tools/run.sh
MATCH    results/i1-witness-lean-s32/tools/statement_identity_i1.py
MATCH    results/i1-witness-lean-s32/tools/trust_greps_i1.py
