== Tue Sep 29 07:59:48 IST 2026 kernel probe (clean clone)
parsing took 0.0782ms
parsing took 0.0569ms
parsing took 0.0434ms
parsing took 0.0438ms
parsing took 0.0475ms
parsing took 0.041ms
parsing took 0.000459ms
overlappingInstancesLinter took 0.0205ms
tacticAnalysis took 0.163ms
linting took 9.91ms
attribute application took 0.00487ms
typeclass inference of OfNat took 0.154ms
typeclass inference of OfNat took 0.028ms
typeclass inference of CommRing took 0.0219ms
typeclass inference of OfNat took 0.0705ms
typeclass inference of OfNat took 0.0378ms
typeclass inference of Neg took 0.0195ms
typeclass inference of OfNat took 0.0223ms
instantiate metavars took 0.00329ms
instantiate metavars took 0.000292ms
let-to-have transformation took 0.00613ms
attribute application took 0.00113ms
attribute application took 0.0005ms
elaboration took 0.761ms
typeclass inference of Decidable took 0.102ms
typeclass inference of Decidable took 0.00292ms
type checking took 3.45s
tactic execution of Lean.Parser.Tactic.decide took 0.196ms
tactic execution of Lean.Parser.Tactic.tacticSeq1Indented took 0.0115ms
tactic execution of Lean.Parser.Tactic.tacticSeq took 0.0143ms
instantiate metavars took 0.00258ms
instantiate metavars took 0.000208ms
instantiate metavars took 0.000125ms
instantiate metavars took 0.000167ms
instantiate metavars took 8.3e-05ms
share common exprs took 0.0117ms
fix level params took 0.00471ms
let-to-have transformation took 0.00254ms
attribute application took 0.00254ms
attribute application took 0.00075ms
process pre-definitions took 0.075ms
elaboration took 0.334ms
type checking took 0.0605ms
overlappingInstancesLinter took 0.575ms
tacticAnalysis took 0.535ms
linting took 1.51ms
attribute application took 0.000875ms
typeclass inference of OfNat took 0.0246ms
typeclass inference of OfNat took 0.0191ms
typeclass inference of CommRing took 0.0151ms
typeclass inference of OfNat took 0.0401ms
typeclass inference of OfNat took 0.0249ms
typeclass inference of Neg took 0.011ms
typeclass inference of OfNat took 0.0167ms
instantiate metavars took 0.00204ms
instantiate metavars took 0.000125ms
let-to-have transformation took 0.00183ms
attribute application took 0.00075ms
attribute application took 0.000333ms
elaboration took 0.289ms
typeclass inference of Decidable took 0.0716ms
typeclass inference of Decidable took 0.00313ms
type checking took 6.81s
tactic execution of Lean.Parser.Tactic.decide took 0.136ms
tactic execution of Lean.Parser.Tactic.tacticSeq1Indented took 0.00938ms
tactic execution of Lean.Parser.Tactic.tacticSeq took 0.00742ms
instantiate metavars took 0.00237ms
instantiate metavars took 0.000125ms
instantiate metavars took 8.3e-05ms
instantiate metavars took 0.000125ms
instantiate metavars took 0.000125ms
share common exprs took 0.0105ms
fix level params took 0.004ms
let-to-have transformation took 0.00262ms
attribute application took 0.00262ms
attribute application took 0.000584ms
process pre-definitions took 0.062ms
elaboration took 0.144ms
type checking took 0.0582ms
overlappingInstancesLinter took 0.0797ms
tacticAnalysis took 0.21ms
linting took 1.16ms
attribute application took 0.000583ms
typeclass inference of OfNat took 0.0185ms
typeclass inference of OfNat took 0.0159ms
typeclass inference of CommRing took 0.00992ms
typeclass inference of OfNat took 0.0738ms
typeclass inference of OfNat took 0.032ms
typeclass inference of OfNat took 0.0262ms
instantiate metavars took 0.00196ms
instantiate metavars took 0.000167ms
let-to-have transformation took 0.002ms
attribute application took 0.000792ms
attribute application took 0.000333ms
elaboration took 0.231ms
typeclass inference of Decidable took 0.0503ms
typeclass inference of Decidable took 0.00279ms
type checking took 10.1s
tactic execution of Lean.Parser.Tactic.decide took 0.113ms
tactic execution of Lean.Parser.Tactic.tacticSeq1Indented took 0.00896ms
tactic execution of Lean.Parser.Tactic.tacticSeq took 0.0065ms
instantiate metavars took 0.00275ms
instantiate metavars took 0.000209ms
instantiate metavars took 8.3e-05ms
instantiate metavars took 0.000125ms
instantiate metavars took 0.000125ms
share common exprs took 0.00929ms
fix level params took 0.00433ms
let-to-have transformation took 0.00258ms
attribute application took 0.00258ms
attribute application took 0.000541interpretation of term_=_ took 0.00196ms
interpretation of term-_ took 0.001ms
interpretation of term_=_ took 0.000583ms
interpretation of term-_ took 0.0005ms
interpretation of term-_ took 0.000625ms
interpretation of term-_ took 0.000458ms
interpretation of term-_ took 0.000959ms
interpretation of BigOperators.bigsum took 0.0606ms
interpretation of term_*_ took 0.000916ms
interpretation of term_/_ took 0.000667ms
interpretation of Lean.binderPred∈_ took 0.000792ms
interpretation of term_*_ took 0.000458ms
interpretation of coeNotation took 0.000834ms
interpretation of term-_ took 0.000583ms
interpretation of BigOperators.bigsum took 0.0296ms
interpretation of term_*_ took 0.000416ms
interpretation of term_/_ took 0.000416ms
interpretation of Lean.binderPred∈_ took 0.000542ms
interpretation of term_*_ took 0.000458ms
interpretation of coeNotation took 0.000375ms
ms
process pre-definitions took 0.0576ms
elaboration took 0.122ms
type checking took 0.052ms
overlappingInstancesLinter took 0.0819ms
tacticAnalysis took 0.201ms
linting took 1.11ms
attribute application took 0.000667ms
typeclass inference of OfNat took 0.044ms
typeclass inference of OfNat took 0.0396ms
typeclass inference of OfNat took 0.0285ms
typeclass inference of OfNat took 0.02ms
instantiate metavars took 0.00146ms
instantiate metavars took 0.000208ms
let-to-have transformation took 0.00133ms
attribute application took 0.000791ms
attribute application took 0.000375ms
elaboration took 0.203ms
typeclass inference of Decidable took 0.0835ms
typeclass inference of Decidable took 0.00317ms
type checking took 10.9s
tactic execution of Lean.Parser.Tactic.decide took 0.116ms
tactic execution of Lean.Parser.Tactic.tacticSeq1Indented took 0.00954ms
tactic execution of Lean.Parser.Tactic.tacticSeq took 0.00642ms
instantiate metavars took 0.00217ms
instantiate metavars took 0.000125ms
instantiate metavars took 8.3e-05ms
instantiate metavars took 0.000208ms
instantiate metavars took 0.000125ms
share common exprs took 0.00821ms
fix level params took 0.00337ms
let-to-have transformation took 0.0025ms
attribute application took 0.00233ms
attribute application took 0.000542ms
process pre-definitions took 0.0577ms
elaboration took 0.126ms
type checking took 0.0413ms
overlappingInstancesLinter took 0.0845ms
tacticAnalysis took 0.201ms
linting took 1.1ms
attribute application took 0.000875ms
typeclass inference of OfNat took 0.0211ms
typeclass inference of OfNat took 0.0582ms
typeclass inference of OfNat took 0.0292ms
typeclass inference of OfNat took 0.0198ms
instantiate metavars took 0.00121ms
instantiate metavars took 0.000125ms
let-to-have transformation took 0.00108ms
attribute application took 0.000584ms
attribute application took 0.000375ms
elaboration took 0.182ms
typeclass inference of Decidable took 0.0732ms
typeclass inference of Decidable took 0.00246ms
type checking took 10.9s
tactic execution of Lean.Parser.Tactic.decide took 0.103ms
tactic execution of Lean.Parser.Tactic.tacticSeq1Indented took 0.00771ms
tactic execution of Lean.Parser.Tactic.tacticSeq took 0.00517ms
instantiate metavars took 0.00258ms
instantiate metavars took 8.3e-05ms
instantiate metavars took 0.000125ms
instantiate metavars took 8.3e-05ms
instantiate metavars took 4.2e-05ms
share common exprs took 0.00683ms
fix level params took 0.00287ms
let-to-have transformation took 0.00217ms
attribute application took 0.00225ms
attribute application took 0.000459ms
process pre-definitions took 0.0542ms
elaboration took 0.113ms
type checking took 0.04ms
overlappingInstancesLinter took 0.0671ms
tacticAnalysis took 0.193ms
linting took 0.948ms
attribute application took 0.000583ms
typeclass inference of OfNat took 0.0587ms
typeclass inference of OfNat took 0.0159ms
typeclass inference of CommRing took 0.0114ms
typeclass inference of OfNat took 0.0295ms
typeclass inference of OfNat took 0.0234ms
typeclass inference of Neg took 0.0111ms
typeclass inference of OfNat took 0.016ms
instantiate metavars took 0.00188ms
instantiate metavars took 0.000125ms
let-to-have transformation took 0.00129ms
attribute application took 0.000417ms
attribute application took 0.000291ms
elaboration took 0.264ms
/Users/jaytyagi/Library/Mobile Documents/com~apple~CloudDocs/Documents/Work/2026/Math/riemann/rh-program/results/i1-witness-lean-s32/check-O/kernel-probe.lean:12:59: error: Tactic `decide` failed for proposition
  lambdaVec epsteinB 36 2 = -3
because its `Decidable` instance
  instDecidableEqRat (lambdaVec epsteinB 36 2) (-3)
did not reduce to `isTrue` or `isFalse`.

Reduction got stuck at the `Decidable` instance
  match
    ((epsteinB 36 * ↑(padicValNat 2 36)).sub
        (∑ d ∈ Nat.properDivisors 36, lambdaVecAux epsteinB 2 35 d * epsteinB (36 / d))).num,
    -Rat.num 3 with
  | Int.ofNat a, Int.ofNat b =>
    match decEq a b with
    | isTrue h => isTrue ⋯
    | isFalse h => isFalse ⋯
  | Int.ofNat a, Int.negSucc a_1 => isFalse ⋯
  | Int.negSucc a, Int.ofNat a_1 => isFalse ⋯
  | Int.negSucc a, Int.negSucc b =>
    match decEq a b with
    | isTrue h => isTrue ⋯
    | isFalse h => isFalse ⋯
typeclass inference of Decidable took 0.0424ms
typeclass inference of Decidable took 0.00208ms
type checking took 14.3s
tactic execution of Lean.Parser.Tactic.decide took 0.293ms
tactic execution of Lean.Parser.Tactic.tacticSeq1Indented took 0.0102ms
tactic execution of Lean.Parser.Tactic.tacticSeq took 0.0075ms
instantiate metavars took 0.000875ms
instantiate metavars took 0.000166ms
instantiate metavars took 8.3e-05ms
instantiate metavars took 0.000167ms
instantiate metavars took 8.3e-05ms
share common exprs took 0.0235ms
fix level params took 0.00621ms
let-to-have transformation took 0.00254ms
attribute application took 0.00188ms
attribute application took 0.000459ms
process pre-definitions took 0.0648ms
elaboration took 0.144ms
type checking took 0.0747ms
overlappingInstancesLinter took 0.0961ms
linting took 0.461ms
elaboration took 0.0208ms
overlappingInstancesLinter took 0.0132ms
tacticAnalysis took 0.0733ms
linting took 6.26ms
module linting took 0.00075ms
cumulative profiling times:
	attribute application 0.0302ms
	elaboration 2.95ms
	fix level params 0.0249ms
	instantiate metavars 0.0262ms
	interpretation 0.101ms
	let-to-have transformation 0.0275ms
	linting 32.5ms
	module linting 0.000584ms
	overlappingInstancesLinter 1.03ms
	parsing 0.32ms
	process pre-definitions 0.37ms
	share common exprs 0.0689ms
	tactic execution 1.06ms
	tacticAnalysis 1.75ms
	type checking 56.5s
	typeclass inference 1.54ms
real 17.86
user 15.88
sys 2.00
exit=1
