== Tue Sep 29 08:03:32 IST 2026 10(g) lint re-run (checker): banned phrases and a British-spelling spot check over the builder's files and the nine topic files, README section and yaml
results/i1-witness-lean-s32/BRIEF.md banned=0 british-candidates=[pointwise ]
results/i1-witness-lean-s32/BUILD-NOTES.md banned=0 british-candidates=[]
results/i1-witness-lean-s32/FIDELITY.md banned=0 british-candidates=[]
results/i1-witness-lean-s32/ORCHESTRATOR-NOTES.md banned=0 british-candidates=[]
results/i1-witness-lean-s32/PREDERIVATION-ERRATA.md banned=0 british-candidates=[]
results/i1-witness-lean-s32/SHARED.md banned=0 british-candidates=[]
lean/comparator/ChallengeDeps/I1Witness.lean banned=0 british-candidates=[]
lean/comparator/Challenge/EpsteinWitnessSix.lean banned=0 british-candidates=[]
lean/comparator/Challenge/I1Witness.lean banned=0 british-candidates=[]
lean/comparator/Solution/EpsteinWitnessSix.lean banned=0 british-candidates=[]
lean/comparator/Solution/I1Witness.lean banned=0 british-candidates=[]
lean/comparator/PrintAxioms/DBN.lean banned=0 british-candidates=[]
lean/comparator/PrintAxioms/EpsteinWitnessSix.lean banned=0 british-candidates=[]
lean/comparator/PrintAxioms/I1Witness.lean banned=0 british-candidates=[]
lean/comparator/PrintAxioms/IntegralityGap.lean banned=0 british-candidates=[]
lean/comparator/PrintAxioms/Separation.lean banned=0 british-candidates=[]
lean/comparator/PrintAxioms/Separation5.lean banned=0 british-candidates=[]
lean/comparator/PrintAxioms/Separation5c.lean banned=0 british-candidates=[]
lean/comparator/PrintAxioms/Separation6.lean banned=0 british-candidates=[]
lean/comparator/PrintAxioms/Separation6b.lean banned=0 british-candidates=[]
lean/comparator/PrintAxioms/SeparationClause4.lean banned=0 british-candidates=[]
lean/comparator/PrintAxioms/SeparationClause4b.lean banned=0 british-candidates=[]
lean/comparator/PrintAxioms/SeparationClause5Sum.lean banned=0 british-candidates=[]
lean/comparator/PrintAxioms/SeparationG1.lean banned=0 british-candidates=[]
lean/comparator/PrintAxioms/WeilContainment.lean banned=0 british-candidates=[]
lean/comparator/PrintAxioms/WeilContainmentC2.lean banned=0 british-candidates=[]
lean/comparator/PrintAxioms/WeilContainmentC2One.lean banned=0 british-candidates=[]
lean/comparator/PrintAxioms/WeilContainmentOne.lean banned=0 british-candidates=[]
0
