== Tue Sep 29 07:59:31 IST 2026 lake env lean comparator/PrintAxioms/EpsteinWitnessSix.lean (clean clone /Users/jaytyagi/rh-lean-work/checker-clone-s32-i1)
'epsteinB_one' depends on axioms: [propext, Classical.choice, Quot.sound]
'epstein_six_coeff' depends on axioms: [propext, Classical.choice, Quot.sound]
'epstein_witness_6' depends on axioms: [propext, Classical.choice, Quot.sound]
exit=0
== Tue Sep 29 07:59:35 IST 2026 lake env lean comparator/PrintAxioms/I1Witness.lean (clean clone /Users/jaytyagi/rh-lean-work/checker-clone-s32-i1)
'lambdaVec_rec' depends on axioms: [propext, Classical.choice, Quot.sound]
'lambdaVec_one' depends on axioms: [propext, Classical.choice, Quot.sound]
'lambdaVec_eq_zero_of_not_dvd' depends on axioms: [propext, Classical.choice, Quot.sound]
'epsteinB_one' depends on axioms: [propext, Classical.choice, Quot.sound]
'epstein_thirtysix_coeff' depends on axioms: [propext, Classical.choice, Quot.sound]
'epstein_witness_36' depends on axioms: [propext, Classical.choice, Quot.sound]
'kappa_pos' depends on axioms: [propext, Classical.choice, Quot.sound]
'dhA_one' depends on axioms: [propext, Classical.choice, Quot.sound]
'dh_three_coeff' depends on axioms: [propext, Classical.choice, Quot.sound]
'dh_witness_3' depends on axioms: [propext, Classical.choice, Quot.sound]
'dh_twelve_coeff' depends on axioms: [propext, Classical.choice, Quot.sound]
'dh_witness_12' depends on axioms: [propext, Classical.choice, Quot.sound]
'dh_four' depends on axioms: [propext, Classical.choice, Quot.sound]
'dh_six' depends on axioms: [propext, Classical.choice, Quot.sound]
exit=0
