(a) DH array a_1..a_12: [1, kappa, -kappa, -1, 0, 1, kappa, -kappa, -1, 0, 1, kappa]
  Lambda_DH(2) coefficient vector: {2: kappa}
  Lambda_DH(3) coefficient vector: {3: -kappa}
  Lambda_DH(4) coefficient vector: {2: -kappa**2 - 2}
  Lambda_DH(6) coefficient vector: {2: kappa**2 + 1, 3: kappa**2 + 1}
  Lambda_DH(12) coefficient vector: {2: -2*kappa*(kappa**2 + 1), 3: -kappa*(kappa**2 + 1)}
  check c2 == -2k(1+k^2): True
  check c3 == -k(1+k^2): True
  check L(4)_2 == -(2+k^2): True  L(6) == (1+k^2,1+k^2): True  L(3)_3 == -k: True
(c) kappa = 0.2840790438404122960282918323931261690911 ; radicand 10-2sqrt5 = 5.52786404500 ; numerator>0 iff 10-2sqrt5>4 iff sqrt5<3: True ; denominator sqrt5-1 = 1.23606797750
  Lambda_DH(12) numeric = -0.7628774719884116 ; Lambda_DH(3) = -0.3120927285161636 ; Lambda_DH(6) = 1.9363560766210388
(b) Epstein counts r_Q(n) at divisors of 36 (exact / box |x|,|y|<=n):
  n=1: r_Q=2 box=2 b_n=1
  n=2: r_Q=0 box=0 b_n=0
  n=3: r_Q=0 box=0 b_n=0
  n=4: r_Q=2 box=2 b_n=1
  n=6: r_Q=4 box=4 b_n=2
  n=9: r_Q=6 box=6 b_n=3
  n=12: r_Q=0 box=0 b_n=0
  n=18: r_Q=0 box=0 b_n=0
  n=36: r_Q=6 box=6 b_n=3
  box == exact for all n <= 200: True
  Lambda_Q(6) vector: {2: Fraction(2, 1), 3: Fraction(2, 1)}  Lambda_Q(36) vector: {2: Fraction(-4, 1), 3: Fraction(-4, 1)}
  negative n<=100: [36, 54, 84]   support off prime powers n<=100: [6, 14, 21, 36, 46, 54, 69, 84, 86, 94]
(d) max |sum_p v_p(n) log p - log n| over 1<=n<=10000: 1.7763568394002505e-15
