=== u5c_announce
T = 85.699348485377592, delta = 0.308517182456637: first negative al_n (off-line) at n = 100
   n=   1  |al(off)/al(on-double)-1| = 3.238e-07   |al(on-split T+-delta)/al(on-double)-1| = 3.238e-07
   n=   2  |al(off)/al(on-double)-1| = 2.272e-08   |al(on-split T+-delta)/al(on-double)-1| = 2.271e-08
   n=   5  |al(off)/al(on-double)-1| = 1.268e-06   |al(on-split T+-delta)/al(on-double)-1| = 1.269e-06
   n=  10  |al(off)/al(on-double)-1| = 3.546e-06   |al(on-split T+-delta)/al(on-double)-1| = 3.546e-06
   n=  20  |al(off)/al(on-double)-1| = 6.020e-06   |al(on-split T+-delta)/al(on-double)-1| = 6.028e-06
   n=  40  |al(off)/al(on-double)-1| = 1.104e-04   |al(on-split T+-delta)/al(on-double)-1| = 1.104e-04
   n=  60  |al(off)/al(on-double)-1| = 1.449e-03   |al(on-split T+-delta)/al(on-double)-1| = 1.424e-03
   n=  80  |al(off)/al(on-double)-1| = 6.964e-03   |al(on-split T+-delta)/al(on-double)-1| = 6.104e-03
   n=  98  |al(off)/al(on-double)-1| = 2.051e-01   |al(on-split T+-delta)/al(on-double)-1| = 6.186e-02
   n=  99  |al(off)/al(on-double)-1| = 7.881e-01   |al(on-split T+-delta)/al(on-double)-1| = 1.467e-01
   n= 100  |al(off)/al(on-double)-1| = 1.216e+01   |al(on-split T+-delta)/al(on-double)-1| = 2.463e-01
   n= 101  |al(off)/al(on-double)-1| = 1.624e+01   |al(on-split T+-delta)/al(on-double)-1| = 2.814e-01
   n= 102  |al(off)/al(on-double)-1| = 1.295e+00   |al(on-split T+-delta)/al(on-double)-1| = 2.740e-01
   n= 120  |al(off)/al(on-double)-1| = 4.673e-02   |al(on-split T+-delta)/al(on-double)-1| = 4.679e-02
   n= 130  |al(off)/al(on-double)-1| = 5.606e-02   |al(on-split T+-delta)/al(on-double)-1| = 5.606e-02
   n= 140  |al(off)/al(on-double)-1| = 4.445e-02   |al(on-split T+-delta)/al(on-double)-1| = 4.446e-02
   n= 145  |al(off)/al(on-double)-1| = 1.530e-02   |al(on-split T+-delta)/al(on-double)-1| = 1.531e-02
   n= 146  |al(off)/al(on-double)-1| = 1.985e-01   |al(on-split T+-delta)/al(on-double)-1| = 1.985e-01
   n= 147  |al(off)/al(on-double)-1| = 2.161e-01   |al(on-split T+-delta)/al(on-double)-1| = 2.161e-01
   n= 148  |al(off)/al(on-double)-1| = 1.317e-02   |al(on-split T+-delta)/al(on-double)-1| = 1.318e-02
   n= 149  |al(off)/al(on-double)-1| = 8.630e-02   |al(on-split T+-delta)/al(on-double)-1| = 8.630e-02
   n= 150  |al(off)/al(on-double)-1| = 1.253e-02   |al(on-split T+-delta)/al(on-double)-1| = 1.253e-02
   n= 160  |al(off)/al(on-double)-1| = 6.338e-04   |al(on-split T+-delta)/al(on-double)-1| = 6.353e-04
   n= 180  |al(off)/al(on-double)-1| = 7.864e-02   |al(on-split T+-delta)/al(on-double)-1| = 7.864e-02
   n= 200  |al(off)/al(on-double)-1| = 2.659e-02   |al(on-split T+-delta)/al(on-double)-1| = 2.659e-02
T = 40, delta = 0.1: first negative al_n (off-line) at n = 38
   n=   1  |al(off)/al(on-double)-1| = 3.242e-07   |al(on-split T+-delta)/al(on-double)-1| = 3.242e-07
   n=   2  |al(off)/al(on-double)-1| = 1.651e-06   |al(on-split T+-delta)/al(on-double)-1| = 1.651e-06
   n=   5  |al(off)/al(on-double)-1| = 6.755e-06   |al(on-split T+-delta)/al(on-double)-1| = 6.755e-06
   n=  10  |al(off)/al(on-double)-1| = 3.622e-05   |al(on-split T+-delta)/al(on-double)-1| = 3.622e-05
   n=  20  |al(off)/al(on-double)-1| = 2.956e-05   |al(on-split T+-delta)/al(on-double)-1| = 2.938e-05
   n=  36  |al(off)/al(on-double)-1| = 7.573e-02   |al(on-split T+-delta)/al(on-double)-1| = 4.864e-02
   n=  37  |al(off)/al(on-double)-1| = 2.987e-01   |al(on-split T+-delta)/al(on-double)-1| = 1.588e-01
   n=  38  |al(off)/al(on-double)-1| = 1.446e+00   |al(on-split T+-delta)/al(on-double)-1| = 3.756e-01
   n=  39  |al(off)/al(on-double)-1| = 1.628e+01   |al(on-split T+-delta)/al(on-double)-1| = 6.609e-01
   n=  40  |al(off)/al(on-double)-1| = 1.172e+01   |al(on-split T+-delta)/al(on-double)-1| = 9.050e-01
   n=  60  |al(off)/al(on-double)-1| = 8.984e-03   |al(on-split T+-delta)/al(on-double)-1| = 8.981e-03
   n=  80  |al(off)/al(on-double)-1| = 2.667e-02   |al(on-split T+-delta)/al(on-double)-1| = 2.667e-02
   n= 100  |al(off)/al(on-double)-1| = 1.084e-01   |al(on-split T+-delta)/al(on-double)-1| = 1.084e-01
   n= 120  |al(off)/al(on-double)-1| = 6.534e-03   |al(on-split T+-delta)/al(on-double)-1| = 6.534e-03
=== QUEUE3 DONE
