=== faq:3:2 real 4000 150
FUNC faq:3:2 SIDE real P 4000 SIZE 150 P2 5333
series 0.4s; Lambda(1/2) = [2.048793976353699577555206 +/- 1.62e-25]
certified digits: [(1, 1198), (100, 767)]
first S-index with al_n not certified positive: 3  sign string head: ++-+-++++-+-++++++++++++-+-+++++++++++-+-+++++++-+-++++++++++++++-+-++++++++++++
first J-index with b_n^2 not certified positive: 2
saved tables/faq-3-2_real_P4000_S150.json  total 0.6s
=== faq:2.9:2 real 4000 150
FUNC faq:2.9:2 SIDE real P 4000 SIZE 150 P2 5333
series 0.4s; Lambda(1/2) = [2.013642229021130532297551 +/- 1.29e-25]
certified digits: [(1, 1198), (100, 767)]
first S-index with al_n not certified positive: 3  sign string head: ++-+-++++-+-+++++++++++++-+-++++++++++++-+-++++++-+-++++++++++++++-+-+++++++++++
first J-index with b_n^2 not certified positive: 2
saved tables/faq-2.9-2_real_P4000_S150.json  total 0.6s
=== faq:4.5:5 real 4000 150
FUNC faq:4.5:5 SIDE real P 4000 SIZE 150 P2 5333
series 0.4s; Lambda(1/2) = [1.994677824127626809467925 +/- 3.56e-25]
certified digits: [(1, 1199), (100, 809)]
first S-index with al_n not certified positive: 4  sign string head: +++-+-+++-+-++++-+-+++++++-+-++-+-++++++++++-+-+++++++-+-+++-+-+++++++++++-+-+++
first J-index with b_n^2 not certified positive: 2
saved tables/faq-4.5-5_real_P4000_S150.json  total 0.6s
=== eul:2 real 3000 60
FUNC eul:2 SIDE real P 3000 SIZE 60 P2 4000
series 0.1s; Lambda(1/2) = [0.06031086360044313790411120 +/- 2.67e-27]
certified digits: [(1, 900)]
first S-index with al_n not certified positive: 1  sign string head: -+++++-+-+++++++-+-+++++++++++-+-+++++++++-+-++++++++++++++
first J-index with b_n^2 not certified positive: 1
saved tables/eul-2_real_P3000_S60.json  total 0.1s
=== eul:3 real 3000 60
FUNC eul:3 SIDE real P 3000 SIZE 60 P2 4000
series 0.1s; Lambda(1/2) = [0.1538097040504893467023626 +/- 8.97e-27]
certified digits: [(1, 900)]
first S-index with al_n not certified positive: 1  sign string head: -++++-+-+++-+-+++++++-+-++++++++-+-+++++-+-+++++++++++-+-++
first J-index with b_n^2 not certified positive: 1
saved tables/eul-3_real_P3000_S60.json  total 0.1s
=== eul:7 real 3000 60
FUNC eul:7 SIDE real P 3000 SIZE 60 P2 4000
series 0.1s; Lambda(1/2) = [0.5089103872224364496548241 +/- 4.43e-26]
certified digits: [(1, 900)]
first S-index with al_n not certified positive: 1  sign string head: -+++-+-+++-+-+++-+-+++-+-+++++++-+-++-+-+++++++-+-++++++-+-
first J-index with b_n^2 not certified positive: 1
saved tables/eul-7_real_P3000_S60.json  total 0.1s
=== eul:1000000007 real 3000 60
FUNC eul:1000000007 SIDE real P 3000 SIZE 60 P2 4000
series 0.1s; Lambda(1/2) = [15719.34514188940860158175 +/- 3.64e-21]
certified digits: [(1, 898)]
first S-index with al_n not certified positive: 2  sign string head: +-++-+-+-+-+-++-+-++-+-++-+-+++-+-++-+-+++-+-++-+-+++-+-+++
first J-index with b_n^2 not certified positive: 1
saved tables/eul-1000000007_real_P3000_S60.json  total 0.1s
=== faq:2:2 real 16000 600
FUNC faq:2:2 SIDE real P 16000 SIZE 600 P2 21333
series 28.1s; Lambda(1/2) = [1.697276503028009124978653 +/- 2.68e-25]
certified digits: [(1, 4810), (100, 4379), (200, 3867), (300, 3319), (400, 2751), (500, 2165)]
first S-index with al_n not certified positive: None  sign string head: ++++++++++++++++++++++++++++++++++++++++++++++++++++++++++++++++++++++++++++++++
first J-index with b_n^2 not certified positive: None
saved tables/faq-2-2_real_P16000_S600.json  total 43.0s
=== chi4 real 16000 600
FUNC chi4 SIDE real P 16000 SIZE 600 P2 21333
series 54.9s; Lambda(1/2) = [0.9807136140577135040713719 +/- 4.93e-26]
certified digits: [(1, 4810), (100, 4386), (200, 3876), (300, 3331), (400, 2762), (500, 2176)]
first S-index with al_n not certified positive: None  sign string head: ++++++++++++++++++++++++++++++++++++++++++++++++++++++++++++++++++++++++++++++++
first J-index with b_n^2 not certified positive: None
saved tables/chi4_real_P16000_S600.json  total 69.7s
=== dh real 16000 600
FUNC dh SIDE real P 16000 SIZE 600 P2 21333
series 108.7s; Lambda(1/2) = [1.433192168775008441662638 +/- 1.79e-25]
certified digits: [(1, 4810), (100, 4392), (200, 3886), (300, 3345), (400, 2780), (500, 2198)]
first S-index with al_n not certified positive: 148  sign string head: ++++++++++++++++++++++++++++++++++++++++++++++++++++++++++++++++++++++++++++++++
first J-index with b_n^2 not certified positive: 74
saved tables/dh_real_P16000_S600.json  total 123.6s
=== CONTROLS DONE
