P bits 4000 M 160 N 200
real side series done 0.4s
xi(1/2) = [0.497120778188314109912773739685 +/- 3.98e-31]  (expect 0.49712077818...)
odd Taylor coefficients of log xi at 1/2 all contain 0 (FE check): True  max odd |mid| radius-certified: [7.62e-1096 +/- 1.71e-1099]
s_1 = [0.0231049931154189707889338104303 +/- 3.91e-32]  s_2 = [3.71725992852696861648662624717e-5 +/- 4.06e-35]
S-fraction: 159 coefficients in 0.2s; first 6: ['0.00160885567459714', '0.00226964446187582', '0.00123094477339725', '0.00107328712559269', '0.000725056011642703', '0.000670598215550966']
certified digits of al_n at n = 1, 50, 100, 200, ...: [(1, 1195), (50, 973), (100, 720), (150, 455)]
indices where al_n is NOT certified positive: [] (of 159)
saved tables/zeta_real_trial.json
circle side series done 0.3s
lambda_1 = [0.0230957089661210338143102479065 +/- 4.72e-33]  closed form 1 + gamma/2 - log(4 pi)/2 = [0.0230957089661210338143102479065 +/- 4.72e-33]  overlap: True
lambda_2..5 = ['[0.092345735228046670386 +/- 2.72e-22]', '[0.20763892055432480379 +/- 1.50e-21]', '[0.36879047949224163859 +/- 5.12e-22]', '[0.57554271446117745243 +/- 1.11e-21]']
m_0 = 2 lambda_1 = [0.04619141793224206762862050 +/- 4.19e-27]   m_1..m_4 = ['[0.0461543172958046 +/- 2.76e-18]', '[0.0460431590643525 +/- 3.17e-18]', '[0.0458583736116387 +/- 1.40e-18]', '[0.0456006760310190 +/- 2.10e-17]']
Levinson: 200 coefficients in 0.0s
Schur: 200 parameters in 0.5s
Levinson and Schur balls overlap at every index: True  (n compared: 200)
certified digits of Verblunsky alpha_n at n = 0, 50, 100, ...: [(0, 1200), (50, 0), (100, 0), (150, 0)]
first 8 alpha: ['0.999196806720853', '-0.998866411947907', '0.999384679403830', '-0.999463491366725', '0.999637513282095', '-0.999664773896495', '0.999726779548956', '-0.999718842258866']
indices where |alpha_n| < 1 is NOT certified: [26, 27, 28, 29, 30, 31, 32, 33, 34, 35]
indices where lambda_n > 0 is NOT certified: []
saved tables/zeta_circle_trial.json
