certified digits range: 1192 .. 7216  count 999
s_1..s_6 = ['0.023104993115418970789', '0.000037172599285269686165', '1.441739314009732797e-7', '6.6303168025299086987e-10', '3.2136641506166012161e-12', '1.5876934514910153519e-14']
al_1..al_20:
  al_1 = 0.001608855674597140975326348
  al_2 = 0.002269644461875822967102002
  al_3 = 0.001230944773397245244470403
  al_4 = 0.001073287125592687839734943
  al_5 = 0.0007250560116427026355851078
  al_6 = 0.0006705982155509655086423363
  al_7 = 0.0005465806176680678955733594
  al_8 = 0.0005625029673074452243190306
  al_9 = 0.0005107951910754547590719119
  al_10 = 0.0004849141438762951281277972
  al_11 = 0.00038111361046470918040316
  al_12 = 0.0003265756015734947369534329
  al_13 = 0.000272125797634501150756737
  al_14 = 0.000272389063298900499035356
  al_15 = 0.0002758964363079103811975034
  al_16 = 0.0002980821228007939250286302
  al_17 = 0.0002715477064907712737238256
  al_18 = 0.0002406227219854438524016263
  al_19 = 0.0002095990601907921936166348
  al_20 = 0.0002066104546131458129581152
J-fraction a_0..a_9 = ['0.0016088556746', '0.00350058923527', '0.00179834313724', '0.00121717883322', '0.00107329815838', '0.000866027754341', '0.000598701399208', '0.000548285499607', '0.000569629829292', '0.000450221782176']
J-fraction b_1^2..b_10^2 = ['3.65153037181e-6', '1.3211571776e-6', '4.86221267582e-7', '3.07453219311e-7', '2.47691812776e-7', '1.24462406605e-7', '7.41240911171e-8', '8.22397954078e-8', '6.53405482847e-8', '4.33053571125e-8']

WKB check: A_n := 4 n sqrt(al_n) versus L_n (predicted A_n -> L_n):
  n=  10  A_n=0.8808306479  L_n=0.7510247278  A_n-L_n=+0.129806  A_n/L_n=1.172838
  n=  20  A_n=1.1499160446  L_n=1.0804643265  A_n-L_n=+0.069452  A_n/L_n=1.064280
  n=  50  A_n=1.6514012093  L_n=1.6025498944  A_n-L_n=+0.048851  A_n/L_n=1.030483
  n= 100  A_n=2.0722899404  L_n=2.0496325745  A_n-L_n=+0.022657  A_n/L_n=1.011054
  n= 200  A_n=2.6081281146  L_n=2.5315919615  A_n-L_n=+0.076536  A_n/L_n=1.030232
  n= 300  A_n=2.9032011449  L_n=2.8267705106  A_n-L_n=+0.076431  A_n/L_n=1.027038
  n= 400  A_n=3.0147993223  L_n=3.0413018250  A_n-L_n=-0.026503  A_n/L_n=0.991286
  n= 500  A_n=3.2529200954  L_n=3.2103508132  A_n-L_n=+0.042569  A_n/L_n=1.013260
  n= 600  A_n=3.4201818678  L_n=3.3500710379  A_n-L_n=+0.070111  A_n/L_n=1.020928
  n= 700  A_n=3.4649971903  L_n=3.4692615167  A_n-L_n=-0.004264  A_n/L_n=0.998771
  n= 800  A_n=3.6070872172  L_n=3.5732571222  A_n-L_n=+0.033830  A_n/L_n=1.009468
  n= 900  A_n=3.6612457847  L_n=3.6655415970  A_n-L_n=-0.004296  A_n/L_n=0.998828
  n= 998  A_n=3.7401247172  L_n=3.7469373976  A_n-L_n=-0.006813  A_n/L_n=0.998182
  n= 999  A_n=3.7556703257  L_n=3.7477279389  A_n-L_n=+0.007942  A_n/L_n=1.002119

even/odd: al_{n+1}/al_n at n = 1..12: ['1.4107197', '0.54235137', '0.87192143', '0.67554711', '0.9248916', '0.81506423', '1.0291308', '0.90807555', '0.94933185', '0.78594039', '0.85689829', '0.83327045']
ratio al_{2k}/al_{2k-1} and al_{2k+1}/al_{2k} at k = 100, 250, 450: [(100, '1.030495541', '0.998170649'), (250, '0.9820044975', '0.9721725468'), (450, '1.020881634', '1.01309562')]

sum rule: sum_{n<=999} al_n = 0.0217561306342826 ; + WKB tail (n>=1000) ~ 0.00134205 ; total 0.0230981853886 ; s_1 = 0.023104993115419

A_n - L_n: mean over n in [50,999] = 0.011885, over [500,999] = 0.007552, std [500,999] = 0.042025
   even n mean 0.012647, odd n mean 0.011122 (n in [50,999])
