== stieltjes_cf_zeta (0)
== hankel_powersums_entire (0)
== lp_euler (0)
== uvarov_geronimus_zeta (2)
  math/0703688v9 | 2007-03-23 | Shanguang Tan | Spatial Complex Variables and Applications
  0907.0156v1 | 2009-07-01 | Steven Delvaux | Average characteristic polynomials for multiple orthogonal polynomial ensembles
== li_dh (0)
== li_positive_definite (0)
== inverse_spectral_riemann (0)
== jacobi_operator_rh (0)
== op_zeros_zeta (3)
  2310.18423v2 | 2023-10-27 | Alain Connes, Caterina Consani, Henri Moscovici | Zeta zeros and prolate wave operators
  2302.05750v2 | 2023-02-11 | W. Riley Casper, F. Alberto Grunbaum, Milen Yakimov, Ignacio Zurrian | Matrix valued discrete-continuous functions with the prolate spheroidal property and bispectrality
  math/0403090v3 | 2004-03-04 | Wolfgang Koenig | Orthogonal polynomial ensembles in probability theory
== caratheodory_rh (1)
  2511.22755v1 | 2025-11-27 | Alain Connes, Caterina Consani, Henri Moscovici | Zeta Spectral Triples
== lagarias_li (2)
  math/0404394v4 | 2004-04-21 | Jeffrey C. Lagarias | Li Coefficients for Automorphic L-Functions
  math/9807016v1 | 1998-07-03 | Joel Hass, Jeffrey C. Lagarias, Nicholas Pippenger | The Computational Complexity of Knot and Link Problems
== tridiagonal_zeta_zeros (2)
  math-ph/0501068v1 | 2005-01-27 | Alan Edelman, Per-Olof Persson | Numerical Methods for Eigenvalue Distributions of Random Matrices
  1403.8083v1 | 2014-03-19 | Frantisek Stampach, Pavel Stovicek | Orthogonal polynomials associated with Coulomb wave functions
