== grommer (0) all:Grommer AND all:zeta
== hankel_rh (0) abs:"Hankel determinants" AND abs:"Riemann hypothesis"
== li_toeplitz (0) abs:"Li coefficients" AND (abs:Toeplitz OR abs:Caratheodory OR abs:Schur OR abs:Verblunsky)
== li_positivity (8) abs:"Li's criterion" AND abs:positive
  0807.0090v10 | 2008-07-01 | Xian-Jin Li | A proof of the Riemann hypothesis
  2006.13103v1 | 2020-06-23 | Huan Xiao | Recurrence relations of Li coefficients
  2206.03682v4 | 2022-06-08 | Masatoshi Suzuki | Aspects of the screw function corresponding to the Riemann zeta function
  1510.03420v2 | 2015-10-11 | Ruiming Zhang | On Power Sums of Positive Numbers
  2204.01036v2 | 2022-04-03 | André Voros | From asymptotic to closed forms for the Keiper/Li approach to the Riemann Hypothesis
  1404.7276v2 | 2014-04-29 | Sergey Sekatskii | First applications of generalized Li's criterion to study the Riemann zeta-function zeroes location
  1304.7895v3 | 2013-04-30 | Sergey K Sekatskii | Generalized Bombieri - Lagarias' theorem and generalized Li's criterion
  1811.05861v1 | 2018-11-14 | Sergey Sekatskii, Stefano Beltraminelli | Approximation of the derivatives of the logarithm of the Riemann zeta-function in the critical strip
== jacobi_zeros (0) abs:"Jacobi matrix" AND abs:"Riemann zeros"
== jacobi_zeta (0) abs:"Jacobi matrix" AND abs:"zeta function" AND abs:zeros
== romik (1) au:Romik AND abs:"xi function"
  1902.06330v3 | 2019-02-17 | Dan Romik | Orthogonal polynomial expansions for the Riemann xi function
== cf_xi (0) abs:"continued fraction" AND abs:"Riemann xi"
== stieltjes_cf_zeros (0) abs:"continued fraction" AND abs:"zeros of the Riemann zeta"
== keiper_li (6) abs:"Keiper-Li" OR abs:"Keiper Li"
  1403.4558v2 | 2014-03-18 | André Voros | Zeta functions over zeros of Zeta functions and an exponential-asymptotic view of the Riemann Hypothesis
  1602.03292v1 | 2016-02-10 | André Voros | Simplifications of the Keiper/Li approach to the Riemann Hypothesis
  2204.01036v2 | 2022-04-03 | André Voros | From asymptotic to closed forms for the Keiper/Li approach to the Riemann Hypothesis
  1703.02844v3 | 2017-03-08 | André Voros | Discretized Keiper/Li approach to the Riemann Hypothesis
  1309.2877v1 | 2013-09-11 | Fredrik Johansson | Rigorous high-precision computation of the Hurwitz zeta function and its derivatives
  2211.08993v3 | 2022-11-14 | Krzysztof Maślanka | Analytic Extension of Keiper-Li Coefficients
== verblunsky_zeta (0) abs:Verblunsky AND abs:zeta
== schur_zeta (0) abs:"Schur parameters" AND abs:zeta
== lagarias_positivity (1) au:Lagarias AND abs:"positivity" AND abs:xi
  math/0104176v5 | 2001-04-18 | Jeffrey C. Lagarias, Eric Rains | On a two-variable zeta function for number fields
== power_sums_zeros (0) abs:"sums over zeros" AND abs:"Riemann zeta" AND abs:"negative powers"
retry secondary_zeta HTTP Error 429: Unknown Error
retry secondary_zeta HTTP Error 429: Unknown Error
retry secondary_zeta HTTP Error 429: Unknown Error
retry secondary_zeta HTTP Error 429: Unknown Error
retry secondary_zeta HTTP Error 429: Unknown Error
retry secondary_zeta HTTP Error 429: Unknown Error
== secondary_zeta (8) abs:"secondary zeta functions" OR abs:"superzeta"
  1403.4558v2 | 2014-03-18 | André Voros | Zeta functions over zeros of Zeta functions and an exponential-asymptotic view of the Riemann Hypothesis
  2403.15741v2 | 2024-03-23 | Artur Kawalec | On the series expansion of the secondary zeta function
  1701.06869v2 | 2017-01-24 | Joshua S. Friedman, Jay Jorgenson, Lejla Smajlovic | Superzeta functions, regularized products, and the Selberg zeta function on hyperbolic manifolds with cusps
  2006.04869v1 | 2020-06-08 | Juan Arias de Reyna | Computation of the secondary zeta function
  2603.21555v2 | 2026-03-23 | Artur Kawalec | On the series expansion of the secondary zeta function about $s=1$ and its coefficients
  1603.07613v1 | 2016-03-24 | Joshua S. Friedman, Jay Jorgenson, Lejla Smajlovic | The determinant of the Lax-Phillips scattering operator
  2009.02640v3 | 2020-09-06 | Artur Kawalec | The recurrence formulas for primes and non-trivial zeros of the Riemann zeta function
  2012.06581v5 | 2020-12-13 | Artur Kawalec | Analytical recurrence formulas for non-trivial zeros of the Riemann zeta function
== hilbert_polya_tridiagonal (0) abs:"Hilbert-Polya" AND abs:tridiagonal
== turan_jensen (8) abs:"Jensen polynomials" AND abs:"Riemann"
  1905.11269v1 | 2019-05-27 | Ian Wagner | The Jensen-Pólya program for various L-functions
  2105.05386v1 | 2021-05-12 | Young-One Kim, Jungseob Lee | A note on the zeros of Jensen polynomials
  1902.07321v2 | 2019-02-19 | Michael Griffin, Ken Ono, Larry Rolen, Don Zagier | Jensen polynomials for the Riemann zeta function and other sequences
  2008.07206v2 | 2020-08-17 | David W. Farmer | Jensen polynomials are not a plausible route to proving the Riemann Hypothesis
  1910.01227v3 | 2019-10-02 | Michael Griffin, Ken Ono, Larry Rolen, Jesse Thorner | Jensen Polynomials for the Riemann Xi Function
  2007.13582v2 | 2020-07-27 | Cormac O'Sullivan | Zeros of Jensen polynomials and asymptotics for the Riemann xi function
  1206.6973v1 | 2012-06-29 | Vincent Brugidou | A 2-variable power series approach to the Riemann hypothesis
  2605.31356v1 | 2026-05-29 | Andrew Campbell, Jonas Jalowy | Pólya--Schur problems and free probability
== spectral_transformation_euler (0) abs:"Christoffel transformation" AND abs:zeta
saved
