Tue Sep 29 01:11:35 IST 2026
== lake build Challenge.IntegralityGap
⚠ [8698/8698] Built Challenge.IntegralityGap (3.0s)
warning: comparator/Challenge/IntegralityGap.lean:51:8: declaration uses `sorry`
warning: comparator/Challenge/IntegralityGap.lean:61:8: declaration uses `sorry`
warning: comparator/Challenge/IntegralityGap.lean:67:8: declaration uses `sorry`
warning: comparator/Challenge/IntegralityGap.lean:73:8: declaration uses `sorry`
warning: comparator/Challenge/IntegralityGap.lean:79:8: declaration uses `sorry`
warning: comparator/Challenge/IntegralityGap.lean:83:8: declaration uses `sorry`
warning: comparator/Challenge/IntegralityGap.lean:87:8: declaration uses `sorry`
warning: comparator/Challenge/IntegralityGap.lean:92:8: declaration uses `sorry`
warning: comparator/Challenge/IntegralityGap.lean:96:8: declaration uses `sorry`
warning: comparator/Challenge/IntegralityGap.lean:104:8: declaration uses `sorry`
warning: comparator/Challenge/IntegralityGap.lean:112:8: declaration uses `sorry`
warning: comparator/Challenge/IntegralityGap.lean:120:8: declaration uses `sorry`
warning: comparator/Challenge/IntegralityGap.lean:127:8: declaration uses `sorry`
warning: comparator/Challenge/IntegralityGap.lean:131:8: declaration uses `sorry`
warning: comparator/Challenge/IntegralityGap.lean:135:8: declaration uses `sorry`
warning: comparator/Challenge/IntegralityGap.lean:139:8: declaration uses `sorry`
Build completed successfully (8698 jobs).
real 5.18
user 3.87
sys 4.30
exit=0
Tue Sep 29 01:11:40 IST 2026
