=== [check-O run 1] start 2026-09-29 01:12:50 IST ===
cwd=/Users/jaytyagi/rh-lean-work/checker-clone-s30b
config=comparator/config-integrality-gap.json
{
  "challenge_module": "Challenge.IntegralityGap",
  "solution_module": "Solution.IntegralityGap",
  "theorem_names": [
    "trace_sq_grid_rat",
    "gridRowQ_eq",
    "gridRow_eq",
    "gridRow_eq_gridRowQ",
    "fracMark_mass",
    "fracMark_sq",
    "fracMark_Nd",
    "fracMark_row",
    "mi_fails_rational",
    "corner_fails_rational",
    "corner_bound_fails_rational",
    "mi_holds_integer",
    "per_atom_slack",
    "per_atom_slack_fails_rational",
    "per_atom_floor",
    "per_atom_floor_fails_rational"
  ],
  "permitted_axioms": [
    "propext",
    "Quot.sound",
    "Classical.choice"
  ],
  "enable_nanoda": true
}
toolchain=leanprover/lean4:v4.33.0-rc2
lean=/Users/jaytyagi/.elan/bin/lean Lean (version 4.33.0-rc2, arm64-apple-darwin24.6.0, commit d8b18978322de05a8f3dba51ef03cf5461676c17, Release)
lake=/Users/jaytyagi/.elan/bin/lake
mathlib=51e6992efd06126df61a496bebf8f49482a4e129
COMPARATOR_LANDRUN=/Users/jaytyagi/rh-lean-work/tools/comparator/scripts/fake-landrun.sh
COMPARATOR_NANODA=/Users/jaytyagi/rh-lean-work/tools/nanoda_lib/target/release/nanoda_bin
COMPARATOR_LEAN4EXPORT=/Users/jaytyagi/rh-lean-work/tools/lean4export/.lake/build/bin/lean4export
nanoda on PATH: /Users/jaytyagi/rh-lean-work/tools/nanoda_lib/target/release/nanoda_bin
tool hashes:
fe1222e25fc301dc51ec3f9964a59ab557ea4f9ae6bb758842d70dbb341a5d08  /Users/jaytyagi/rh-lean-work/tools/comparator/.lake/build/bin/comparator
de4ffedf1412873c0d196f4c4eb98d3b45af43f37bd6cc07e2517706481a7775  /Users/jaytyagi/rh-lean-work/tools/lean4export/.lake/build/bin/lean4export
d6c87133b59c2286fed27e2417fb17f9419326c2dde904de9f85d288594948bb  /Users/jaytyagi/rh-lean-work/tools/nanoda_lib/target/release/nanoda_bin
167507c89d8b3c7667ad78b50df7b19f89883751a01efd1457404fa34a994e8b  /Users/jaytyagi/rh-lean-work/tools/comparator/scripts/fake-landrun.sh
heavy procs (>50% cpu) before start:
--- comparator output follows ---
Building Challenge.IntegralityGap
WARNING: THIS IS NOT REAL LANDRUN! UNSAFELY RUNNING exec lake build Challenge.IntegralityGap
✔ [8697/8698] Built ChallengeDeps.IntegralityGap (2.9s)
⚠ [8698/8698] Built Challenge.IntegralityGap (2.0s)
warning: comparator/Challenge/IntegralityGap.lean:51:8: declaration uses `sorry`
warning: comparator/Challenge/IntegralityGap.lean:61:8: declaration uses `sorry`
warning: comparator/Challenge/IntegralityGap.lean:67:8: declaration uses `sorry`
warning: comparator/Challenge/IntegralityGap.lean:73:8: declaration uses `sorry`
warning: comparator/Challenge/IntegralityGap.lean:79:8: declaration uses `sorry`
warning: comparator/Challenge/IntegralityGap.lean:83:8: declaration uses `sorry`
warning: comparator/Challenge/IntegralityGap.lean:87:8: declaration uses `sorry`
warning: comparator/Challenge/IntegralityGap.lean:92:8: declaration uses `sorry`
warning: comparator/Challenge/IntegralityGap.lean:96:8: declaration uses `sorry`
warning: comparator/Challenge/IntegralityGap.lean:104:8: declaration uses `sorry`
warning: comparator/Challenge/IntegralityGap.lean:112:8: declaration uses `sorry`
warning: comparator/Challenge/IntegralityGap.lean:120:8: declaration uses `sorry`
warning: comparator/Challenge/IntegralityGap.lean:127:8: declaration uses `sorry`
warning: comparator/Challenge/IntegralityGap.lean:131:8: declaration uses `sorry`
warning: comparator/Challenge/IntegralityGap.lean:135:8: declaration uses `sorry`
warning: comparator/Challenge/IntegralityGap.lean:139:8: declaration uses `sorry`
Build completed successfully (8698 jobs).
WARNING: THIS IS NOT REAL LANDRUN! UNSAFELY RUNNING exec /Users/jaytyagi/rh-lean-work/tools/lean4export/.lake/build/bin/lean4export Challenge.IntegralityGap -- Nat String String.mk Char Quot Quot.mk Quot.lift Quot.ind trace_sq_grid_rat gridRowQ_eq gridRow_eq gridRow_eq_gridRowQ fracMark_mass fracMark_sq fracMark_Nd fracMark_row mi_fails_rational corner_fails_rational corner_bound_fails_rational mi_holds_integer per_atom_slack per_atom_slack_fails_rational per_atom_floor per_atom_floor_fails_rational propext Quot.sound Classical.choice Nat.add Nat.sub Nat.mul Nat.pow Nat.gcd Nat.div Nat.mod Nat.beq Nat.ble Nat.land Nat.lor Nat.xor Nat.shiftLeft Nat.shiftRight String.ofList Char.ofNat List eagerReduce
Exporting #[Nat, String, String.mk, Char, Quot, Quot.mk, Quot.lift, Quot.ind, trace_sq_grid_rat, gridRowQ_eq, gridRow_eq, gridRow_eq_gridRowQ, fracMark_mass, fracMark_sq, fracMark_Nd, fracMark_row, mi_fails_rational, corner_fails_rational, corner_bound_fails_rational, mi_holds_integer, per_atom_slack, per_atom_slack_fails_rational, per_atom_floor, per_atom_floor_fails_rational, propext, Quot.sound, Classical.choice, Nat.add, Nat.sub, Nat.mul, Nat.pow, Nat.gcd, Nat.div, Nat.mod, Nat.beq, Nat.ble, Nat.land, Nat.lor, Nat.xor, Nat.shiftLeft, Nat.shiftRight, String.ofList, Char.ofNat, List, eagerReduce] from Challenge.IntegralityGap
Building Solution.IntegralityGap
WARNING: THIS IS NOT REAL LANDRUN! UNSAFELY RUNNING exec lake build Solution.IntegralityGap
✔ [8702/8702] Built Solution.IntegralityGap (3.0s)
Build completed successfully (8702 jobs).
WARNING: THIS IS NOT REAL LANDRUN! UNSAFELY RUNNING exec /Users/jaytyagi/rh-lean-work/tools/lean4export/.lake/build/bin/lean4export Solution.IntegralityGap -- Nat String String.mk Char Quot Quot.mk Quot.lift Quot.ind trace_sq_grid_rat gridRowQ_eq gridRow_eq gridRow_eq_gridRowQ fracMark_mass fracMark_sq fracMark_Nd fracMark_row mi_fails_rational corner_fails_rational corner_bound_fails_rational mi_holds_integer per_atom_slack per_atom_slack_fails_rational per_atom_floor per_atom_floor_fails_rational propext Quot.sound Classical.choice Nat.add Nat.sub Nat.mul Nat.pow Nat.gcd Nat.div Nat.mod Nat.beq Nat.ble Nat.land Nat.lor Nat.xor Nat.shiftLeft Nat.shiftRight String.ofList Char.ofNat List eagerReduce
WARNING: THIS IS NOT REAL LANDRUN! UNSAFELY RUNNING exec /Users/jaytyagi/rh-lean-work/tools/nanoda_lib/target/release/nanoda_bin /var/folders/5_/znvkm_md1dl9wgx33243ytqh0000gn/T/tmp.9A8SGcpt
Exporting #[Nat, String, String.mk, Char, Quot, Quot.mk, Quot.lift, Quot.ind, trace_sq_grid_rat, gridRowQ_eq, gridRow_eq, gridRow_eq_gridRowQ, fracMark_mass, fracMark_sq, fracMark_Nd, fracMark_row, mi_fails_rational, corner_fails_rational, corner_bound_fails_rational, mi_holds_integer, per_atom_slack, per_atom_slack_fails_rational, per_atom_floor, per_atom_floor_fails_rational, propext, Quot.sound, Classical.choice, Nat.add, Nat.sub, Nat.mul, Nat.pow, Nat.gcd, Nat.div, Nat.mod, Nat.beq, Nat.ble, Nat.land, Nat.lor, Nat.xor, Nat.shiftLeft, Nat.shiftRight, String.ofList, Char.ofNat, List, eagerReduce] from Solution.IntegralityGap
Running nanoda kernel on solution
Nanoda kernel accepts the solution
Running Lean default kernel on solution.
Lean default kernel accepts the solution
Your solution is okay!
       30.72 real        23.41 user        13.60 sys
          5851414528  maximum resident set size
                   0  average shared memory size
                   0  average unshared data size
                   0  average unshared stack size
             2300466  page reclaims
                1205  page faults
                   0  swaps
                   0  block input operations
                   0  block output operations
                   0  messages sent
                   0  messages received
                   0  signals received
               17901  voluntary context switches
              162481  involuntary context switches
          4037554921  instructions retired
          1352483382  cycles elapsed
           136961576  peak memory footprint
--- comparator exit code: 0 ---
=== [check-O run 1] end 2026-09-29 01:13:21 IST ===
