Tue Sep 29 01:18:28 IST 2026
== shasum -a 256 -c of hashes.txt (paths relative to rh-program/)
lean/Zeta23/PairCeiling/GridParsevalRat.lean: OK
lean/Zeta23/PairCeiling/GridGap.lean: OK
lean/comparator/ChallengeDeps/IntegralityGap.lean: OK
lean/comparator/Challenge/IntegralityGap.lean: OK
lean/comparator/Solution/IntegralityGap.lean: OK
lean/comparator/PrintAxioms/IntegralityGap.lean: OK
lean/comparator/config-integrality-gap.json: OK
lean/formalization.yaml: OK
lean/README.md: OK
results/a4-no-go/formalization-status.md: OK
results/iv17-lean-s30/BRIEF.md: OK
results/iv17-lean-s30/TYPING-NOTE.md: OK
results/iv17-lean-s30/typing-probe.lean: OK
results/iv17-lean-s30/zeta23-axioms.lean: OK
results/iv17-lean-s30/FIDELITY.md: OK
results/iv17-lean-s30/build-gridparsevalrat.log: OK
results/iv17-lean-s30/build-gridgap.log: OK
results/iv17-lean-s30/build-comparator-topic.log: OK
results/iv17-lean-s30/print-axioms.log: OK
results/iv17-lean-s30/statement-identity.log: OK
results/iv17-lean-s30/trust-greps.log: OK
results/iv17-lean-s30/prerun-cleanup.log: OK
results/iv17-lean-s30/comparator.log: OK
results/iv17-lean-s30/yaml-validation.log: OK
results/iv17-lean-s30/lint-10g.log: OK
results/iv17-lean-s30/tools/run.sh: OK
results/iv17-lean-s30/tools/statement_identity_g8.py: OK
results/iv17-lean-s30/tools/trust_greps_g8.py: OK
exit=0
listed: 28
== hashes.txt itself (SHARED final block states 7f74bc0e0ed3f94abe3e01b0b7536afb8142dd11e44c388534884324ceb6e204)
7f74bc0e0ed3f94abe3e01b0b7536afb8142dd11e44c388534884324ceb6e204  results/iv17-lean-s30/hashes.txt
== BUILD-NOTES.md (SHARED final block states a3c3bd698b92f4deed1d73b39759739034ced9b906d884776efa77da613bb728)
a3c3bd698b92f4deed1d73b39759739034ced9b906d884776efa77da613bb728  results/iv17-lean-s30/BUILD-NOTES.md
== BRIEF.md (BUILD-NOTES states 9aabf0db…)
9aabf0dbfb74e602941c490a2a3d417e825f33cfad11e537e5c3ff45ee2ffd70  results/iv17-lean-s30/BRIEF.md
== SHARED.md before the checker's block
0dfa0e3629395dff462356e05f4a0f9102bdf85f6eafb2411d9764b32a8a8554  results/iv17-lean-s30/SHARED.md
== clean-clone overlay files vs listed hashes
MATCH clone:Zeta23/PairCeiling/GridParsevalRat.lean
MATCH clone:Zeta23/PairCeiling/GridGap.lean
MATCH clone:comparator/ChallengeDeps/IntegralityGap.lean
MATCH clone:comparator/Challenge/IntegralityGap.lean
MATCH clone:comparator/Solution/IntegralityGap.lean
MATCH clone:comparator/PrintAxioms/IntegralityGap.lean
MATCH clone:comparator/config-integrality-gap.json
Tue Sep 29 01:18:29 IST 2026
