# prerun cleanup for the M4 (iii) CONTROL run, 2026-09-17 13:09:23 IST — comparator-layer build artifacts removed so comparator builds them itself (COMPARATOR-RUN.md §0)
.lake/build/lib/lean/ChallengeDeps.olean.hash
.lake/build/lib/lean/ChallengeDeps.ilean.hash
.lake/build/lib/lean/ChallengeDeps
.lake/build/lib/lean/Solution
.lake/build/lib/lean/Challenge.olean
.lake/build/lib/lean/Solution.trace
.lake/build/lib/lean/Solution.ilean.hash
.lake/build/lib/lean/ChallengeDeps.ilean
.lake/build/lib/lean/Challenge.ilean
.lake/build/lib/lean/ChallengeDeps.olean
.lake/build/lib/lean/Challenge.ilean.hash
.lake/build/lib/lean/Challenge
.lake/build/lib/lean/Challenge.olean.hash
.lake/build/lib/lean/Solution.olean
.lake/build/lib/lean/Challenge.trace
.lake/build/lib/lean/ChallengeDeps.trace
.lake/build/lib/lean/Solution.olean.hash
.lake/build/lib/lean/Solution.ilean
.lake/build/ir/ChallengeDeps.setup.json
.lake/build/ir/Solution.c.hash
.lake/build/ir/ChallengeDeps
.lake/build/ir/Solution
.lake/build/ir/Solution.c
.lake/build/ir/ChallengeDeps.c.hash
.lake/build/ir/Challenge.c
.lake/build/ir/Challenge.c.hash
.lake/build/ir/Challenge.setup.json
.lake/build/ir/Challenge
.lake/build/ir/ChallengeDeps.c
.lake/build/ir/Solution.setup.json
# prerun cleanup for the rung (SeparationClause4) run, 2026-09-17 13:29:17 IST — the topic's comparator-layer artifacts removed so comparator builds them itself
.lake/build/ir/ChallengeDeps/SepConfig.setup.json
.lake/build/ir/ChallengeDeps/SepConfig.c.hash
.lake/build/ir/ChallengeDeps/SepConfig.c
.lake/build/ir/Solution/SeparationClause4.setup.json
.lake/build/ir/Solution/SeparationClause4.c
.lake/build/ir/Solution/SeparationClause4.c.hash
.lake/build/lib/lean/ChallengeDeps/SepConfig.olean.hash
.lake/build/lib/lean/ChallengeDeps/SepConfig.trace
.lake/build/lib/lean/ChallengeDeps/SepConfig.ilean
.lake/build/lib/lean/ChallengeDeps/SepConfig.ilean.hash
.lake/build/lib/lean/ChallengeDeps/SepConfig.olean
.lake/build/lib/lean/Solution/SeparationClause4.olean.hash
.lake/build/lib/lean/Solution/SeparationClause4.ilean.hash
.lake/build/lib/lean/Solution/SeparationClause4.ilean
.lake/build/lib/lean/Solution/SeparationClause4.olean
.lake/build/lib/lean/Solution/SeparationClause4.trace
