# P_kappa greedy: kappa=1.5000 rho=0.050000 r0=0.5000 Y=10000000
# range            maxE/jump   argmax  omega  busy_frac  primes_at_composite_share  max c/jump  sumb_range
[        2,        2]     0.0000          0      0     0.0000        0.0000         0.000  0
[        3,        5]     0.0000          0      0     0.0000        1.0000         0.000  1
[        6,       11]     0.0000          0      0     0.0000        1.0000         0.000  1
[       12,       23]     0.0000          0      0     0.0000        0.6667         0.250  3
[       24,       47]     0.1667         36      2     0.0417        0.7000         0.167  10
[       48,       95]     0.1387         52      2     0.0833        0.8000         0.139  25
[       96,      191]     0.0745        180      3     0.0104        0.7639         0.149  72
[      192,      383]     0.0630        252      3     0.0052        0.8060         0.126  201
[      384,      767]     0.0445        504      3     0.0104        0.8131         0.117  551
[      768,     1535]     0.0358        780      4     0.0078        0.8301         0.107  1524
[     1536,     3071]     0.0873       2100      4     0.0111        0.8354         0.153  4211
[     3072,     6143]     0.0651       3780      4     0.0173        0.8450         0.146  11639
[     6144,    12287]     0.0728       9240      5     0.0225        0.8549         0.146  32164
[    12288,    24575]     0.0837      14280      5     0.0298        0.8612         0.159  88896
[    24576,    49151]     0.1047      48300      5     0.0383        0.8691         0.177  245752
[    49152,    98303]     0.1110      83160      5     0.0471        0.8749         0.187  679501
[    98304,   196607]     0.1424     183540      6     0.0553        0.8807         0.217  1.87907e+06
[   196608,   393215]     0.1612     318780      6     0.0646        0.8857         0.236  5.19769e+06
[   393216,   786431]     0.1979     637560      6     0.0740        0.8904         0.273  1.43802e+07
[   786432,  1572863]     0.2321    1413720      6     0.0832        0.8945         0.307  3.97938e+07
[  1572864,  3145727]     0.2730    2356200      6     0.0926        0.8984         0.348  1.10143e+08
[  3145728,  6291455]     0.3409    6056820      7     0.1021        0.9019         0.416  3.04926e+08
[  6291456, 10000000]     0.3933    8953560      7     0.1099        0.9045         0.468  4.65667e+08
# squarefree n in [Y/2,Y] by omega=k: count, mean c/target_inc, max c/target_inc, mean b/target_inc, frac with forced overshoot (c > deficit)
k= 1  n=   316066  mean_c=0.0000  max_c=0.000  mean_b=0.8955  forced_frac=0.0287
k= 2  n=   924935  mean_c=0.0375  max_c=0.283  mean_b=0.8865  forced_frac=0.0218
k= 3  n=  1043278  mean_c=0.1294  max_c=0.448  mean_b=0.8235  forced_frac=0.0155
k= 4  n=   576041  mean_c=0.3355  max_c=0.695  mean_b=0.6422  forced_frac=0.0130
k= 5  n=   158871  mean_c=0.7583  max_c=1.056  mean_b=0.2373  forced_frac=0.0170
k= 6  n=    19725  mean_c=1.5281  max_c=1.849  mean_b=0.0000  forced_frac=1.0000
k= 7  n=      741  mean_c=2.7700  max_c=3.378  mean_b=0.0000  forced_frac=1.0000
k= 8  n=        1  mean_c=4.6322  max_c=4.632  mean_b=0.0000  forced_frac=1.0000
# N_D(Y)=1.58114e+09  rho*Y^kappa=1.58114e+09  ratio=1.000000  overflow=0
