# P_kappa greedy: kappa=1.5000 rho=0.050000 r0=0.4000 Y=10000000
# range            maxE/jump   argmax  omega  busy_frac  primes_at_composite_share  max c/jump  sumb_range
[        2,        2]     0.0000          0      0     0.0000        0.0000         0.000  0
[        3,        5]     0.0000          0      0     0.0000        0.0000         0.000  1
[        6,       11]     0.0000          0      0     0.0000        1.0000         0.000  1
[       12,       23]     0.0000          0      0     0.0000        0.2500         0.000  4
[       24,       47]     0.0000          0      0     0.0000        0.7000         0.200  10
[       48,       95]     0.1414         50      2     0.0208        0.8148         0.141  27
[       96,      191]     0.1000        100      2     0.0312        0.7703         0.200  74
[      192,      383]     0.0659        230      3     0.0104        0.8077         0.132  208
[      384,      767]     0.1013        390      4     0.0182        0.8168         0.152  573
[      768,     1535]     0.0716        780      4     0.0260        0.8312         0.143  1582
[     1536,     3071]     0.0827       2340      4     0.0267        0.8416         0.153  4369
[     3072,     6143]     0.0812       5460      5     0.0326        0.8513         0.162  12047
[     6144,    12287]     0.0845      11340      4     0.0382        0.8616         0.160  33257
[    12288,    24575]     0.1016      16380      5     0.0427        0.8678         0.180  91857
[    24576,    49151]     0.1177      41580      5     0.0484        0.8752         0.196  253650
[    49152,    98303]     0.1418      71820      5     0.0589        0.8807         0.216  700672
[    98304,   196607]     0.1466     196560      5     0.0675        0.8860         0.223  1.93585e+06
[   196608,   393215]     0.1866     393120      5     0.0766        0.8907         0.262  5.34993e+06
[   393216,   786431]     0.2485     720720      6     0.0859        0.8950         0.323  1.47881e+07
[   786432,  1572863]     0.3040    1441440      6     0.0955        0.8990         0.379  4.08867e+07
[  1572864,  3145727]     0.3528    2882880      6     0.1058        0.9026         0.428  1.13072e+08
[  3145728,  6291455]     0.4261    4324320      6     0.1161        0.9058         0.501  3.12776e+08
[  6291456, 10000000]     0.5063    9480240      6     0.1244        0.9082         0.581  4.77349e+08
# squarefree n in [Y/2,Y] by omega=k: count, mean c/target_inc, max c/target_inc, mean b/target_inc, frac with forced overshoot (c > deficit)
k= 1  n=   316066  mean_c=0.0000  max_c=0.000  mean_b=0.8824  forced_frac=0.0356
k= 2  n=   924935  mean_c=0.0776  max_c=0.453  mean_b=0.8345  forced_frac=0.0314
k= 3  n=  1043278  mean_c=0.2234  max_c=0.775  mean_b=0.7206  forced_frac=0.0291
k= 4  n=   576041  mean_c=0.4806  max_c=1.104  mean_b=0.4937  forced_frac=0.0372
k= 5  n=   158871  mean_c=0.8890  max_c=1.415  mean_b=0.1441  forced_frac=0.2902
k= 6  n=    19725  mean_c=1.4415  max_c=1.957  mean_b=0.0000  forced_frac=0.9998
k= 7  n=      741  mean_c=2.2303  max_c=3.071  mean_b=0.0000  forced_frac=1.0000
k= 8  n=        1  mean_c=3.6176  max_c=3.618  mean_b=0.0000  forced_frac=1.0000
# N_D(Y)=1.58114e+09  rho*Y^kappa=1.58114e+09  ratio=1.000000  overflow=0
