# P_kappa greedy: kappa=1.5000 rho=0.200000 r0=0.4000 Y=10000000
# range            maxE/jump   argmax  omega  busy_frac  primes_at_composite_share  max c/jump  sumb_range
[        2,        2]     0.0000          0      0     0.0000        0.0000         0.000  1
[        3,        5]     0.0000          0      0     0.0000        0.0000         0.500  1
[        6,       11]     0.0000          0      0     0.0000        0.6667         0.354  3
[       12,       23]     0.0000          0      0     0.0000        0.5000         0.289  10
[       24,       47]     0.1890         28      2     0.0833        0.5833         0.378  24
[       48,       95]     0.1361         54      2     0.0625        0.6719         0.478  64
[       96,      191]     0.2673        126      3     0.0312        0.6337         0.535  172
[      192,      383]     0.3499        294      3     0.1146        0.6562         0.642  448
[      384,      767]     0.2791        462      4     0.1354        0.6884         0.558  1181
[      768,     1535]     0.3438       1218      4     0.1784        0.6973         0.630  3142
[     1536,     3071]     0.3537       2310      5     0.2070        0.7117         0.645  8301
[     3072,     6143]     0.3716       6090      5     0.2373        0.7263         0.666  22138
[     6144,    12287]     0.4324       6930      5     0.2762        0.7421         0.733  58888
[    12288,    24575]     0.5550      24570      5     0.3009        0.7509         0.855  157353
[    24576,    49151]     0.6765      48510      5     0.3302        0.7642         0.976  421145
[    49152,    98303]     0.8096      90090      6     0.3565        0.7734         1.109  1.12903e+06
[    98304,   196607]     0.8942     159390      6     0.3830        0.7825         1.194  3.03275e+06
[   196608,   393215]     1.1294     360360      6     0.4084        0.7918         1.429  8.16364e+06
[   393216,   786431]     1.3285     471240      6     0.4308        0.8011         1.629  2.20127e+07
[   786432,  1572863]     1.7688    1531530      7     0.4528        0.8093         2.069  5.94573e+07
[  1572864,  3145727]     2.1427    3063060      7     0.4748        0.8168         2.443  1.60851e+08
[  3145728,  6291455]     2.6528    6126120      7     0.4946        0.8239         2.953  4.35838e+08
[  6291456, 10000000]     2.7641    9189180      7     0.5105        0.8295         3.064  6.54963e+08
# squarefree n in [Y/2,Y] by omega=k: count, mean c/target_inc, max c/target_inc, mean b/target_inc, frac with forced overshoot (c > deficit)
k= 1  n=   316066  mean_c=0.0000  max_c=0.000  mean_b=0.5640  forced_frac=0.1875
k= 2  n=   924935  mean_c=0.2088  max_c=0.708  mean_b=0.4513  forced_frac=0.2242
k= 3  n=  1043278  mean_c=0.5519  max_c=1.245  mean_b=0.2504  forced_frac=0.3230
k= 4  n=   576041  mean_c=1.0045  max_c=2.088  mean_b=0.0439  forced_frac=0.7099
k= 5  n=   158871  mean_c=1.5632  max_c=2.752  mean_b=0.0000  forced_frac=0.9997
k= 6  n=    19725  mean_c=2.5291  max_c=3.985  mean_b=0.0000  forced_frac=1.0000
k= 7  n=      741  mean_c=4.4492  max_c=6.046  mean_b=0.0000  forced_frac=1.0000
k= 8  n=        1  mean_c=7.9330  max_c=7.933  mean_b=0.0000  forced_frac=1.0000
# N_D(Y)=6.32456e+09  rho*Y^kappa=6.32456e+09  ratio=1.000000  overflow=0
