# P_kappa greedy: kappa=1.0000 rho=0.050000 r0=0.5000 Y=1000000
# range            maxE/jump   argmax  omega  busy_frac  primes_at_composite_share  max c/jump  sumb_range
[        2,        2]     0.0000          0      0     0.0000        0.0000         0.000  0
[        3,        5]     0.0000          0      0     0.0000        0.0000         0.000  0
[        6,       11]     0.0000          0      0     0.0000        1.0000         0.000  1
[       12,       23]     0.0000          0      0     0.0000        0.0000         0.000  0
[       24,       47]     0.0000          0      0     0.0000        1.0000         0.000  1
[       48,       95]     0.0000          0      0     0.0000        1.0000         0.000  3
[       96,      191]     1.0000        100      2     0.1042        1.0000         1.000  4
[      192,      383]     1.0000        300      3     0.0521        1.0000         1.000  8
[      384,      767]     1.0000        500      2     0.0521        1.0000         1.000  17
[      768,     1535]     2.0000        900      3     0.1042        1.0000         2.000  33
[     1536,     3071]     2.0000       2100      4     0.0911        1.0000         2.000  66
[     3072,     6143]     3.0000       4500      3     0.0911        1.0000         3.000  131
[     6144,    12287]     4.0000      10500      4     0.1172        1.0000         4.000  256
[    12288,    24575]     5.0000      22500      3     0.1310        1.0000         5.000  503
[    24576,    49151]     6.0000      31500      4     0.1408        1.0000         6.000  993
[    49152,    98303]     8.0000      94500      4     0.1537        1.0000         8.000  1953
[    98304,   196607]     9.0000     157500      4     0.1670        1.0000         9.000  3844
[   196608,   393215]    10.0000     283500      4     0.1796        1.0000        10.000  7564
[   393216,   786431]    12.0000     472500      4     0.1922        1.0000        12.000  14890
[   786432,  1000000]    16.0000     945000      4     0.2002        1.0000        16.000  8000
# N_D(Y)=50002  rho*Y^kappa=50000  ratio=1.000040  overflow=0
