# P_kappa greedy: kappa=1.2000 rho=0.050000 r0=0.5000 Y=1000000
# range            maxE/jump   argmax  omega  busy_frac  primes_at_composite_share  max c/jump  sumb_range
[        2,        2]     0.0000          0      0     0.0000        0.0000         0.000  0
[        3,        5]     0.0000          0      0     0.0000        0.0000         0.000  0
[        6,       11]     0.0000          0      0     0.0000        1.0000         0.000  1
[       12,       23]     0.0000          0      0     0.0000        0.0000         0.000  1
[       24,       47]     0.4884         36      2     0.2500        1.0000         0.488  2
[       48,       95]     0.0000          0      0     0.0000        0.8571         0.000  7
[       96,      191]     0.3965        102      3     0.0417        0.9231         0.397  13
[      192,      383]     0.3452        204      3     0.0833        0.9032         0.345  31
[      384,      767]     0.2971        432      2     0.0781        0.8406         0.303  69
[      768,     1535]     0.4825       1224      3     0.0833        0.8654         0.482  156
[     1536,     3071]     0.4350       2054      3     0.0703        0.8898         0.420  354
[     3072,     6143]     0.5953       3250      3     0.0804        0.8920         0.397  796
[     6144,    12287]     0.5121       6902      4     0.0913        0.8946         0.482  1794
[    12288,    24575]     0.5397      22356      3     0.0930        0.9040         0.539  4042
[    24576,    49151]     0.5964      41400      4     0.0905        0.9092         0.596  9120
[    49152,    98303]     0.4453      58500      4     0.0996        0.9091         0.519  20558
[    98304,   196607]     0.5708     128304      3     0.1060        0.9126         0.571  46356
[   196608,   393215]     0.5553     318240      5     0.1097        0.9107         0.629  104516
[   393216,   786431]     0.6866     655200      5     0.1098        0.9135         0.755  235719
[   786432,  1000000]     0.6547     831600      5     0.1067        0.9141         0.720  137896
# N_D(Y)=792449  rho*Y^kappa=792447  ratio=1.000003  overflow=0
