# P_kappa greedy: kappa=1.5000 rho=0.050000 r0=0.5000 Y=1000000
# range            maxE/jump   argmax  omega  busy_frac  primes_at_composite_share  max c/jump  sumb_range
[        2,        2]     0.0000          0      0     0.0000        0.0000         0.000  0
[        3,        5]     0.0000          0      0     0.0000        1.0000         0.000  1
[        6,       11]     0.0000          0      0     0.0000        1.0000         0.000  1
[       12,       23]     0.0000          0      0     0.0000        0.6667         0.250  3
[       24,       47]     0.1667         36      2     0.0417        0.7000         0.167  10
[       48,       95]     0.1387         52      2     0.0833        0.8000         0.139  25
[       96,      191]     0.0745        180      3     0.0104        0.7639         0.149  72
[      192,      383]     0.0630        252      3     0.0052        0.8060         0.126  201
[      384,      767]     0.0445        504      3     0.0104        0.8131         0.117  551
[      768,     1535]     0.0358        780      4     0.0078        0.8301         0.107  1524
[     1536,     3071]     0.0873       2100      4     0.0111        0.8354         0.153  4211
[     3072,     6143]     0.0651       3780      4     0.0173        0.8450         0.146  11639
[     6144,    12287]     0.0728       9240      5     0.0225        0.8549         0.146  32164
[    12288,    24575]     0.0837      14280      5     0.0298        0.8612         0.159  88896
[    24576,    49151]     0.1047      48300      5     0.0383        0.8691         0.177  245752
[    49152,    98303]     0.1110      83160      5     0.0471        0.8749         0.187  679501
[    98304,   196607]     0.1424     183540      6     0.0553        0.8807         0.217  1.87907e+06
[   196608,   393215]     0.1612     318780      6     0.0646        0.8857         0.236  5.19769e+06
[   393216,   786431]     0.1979     637560      6     0.0740        0.8904         0.273  1.43802e+07
[   786432,  1000000]     0.2041     970200      5     0.0799        0.8931         0.279  9.52528e+06
# N_D(Y)=5.00001e+07  rho*Y^kappa=5e+07  ratio=1.000002  overflow=0
