# P_kappa greedy: kappa=1.2000 rho=0.050000 r0=0.5000 Y=10000000
# range            maxE/jump   argmax  omega  busy_frac  primes_at_composite_share  max c/jump  sumb_range
[        2,        2]     0.0000          0      0     0.0000        0.0000         0.000  0
[        3,        5]     0.0000          0      0     0.0000        0.0000         0.000  0
[        6,       11]     0.0000          0      0     0.0000        1.0000         0.000  1
[       12,       23]     0.0000          0      0     0.0000        0.0000         0.000  1
[       24,       47]     0.4884         36      2     0.2500        1.0000         0.488  2
[       48,       95]     0.0000          0      0     0.0000        0.8571         0.000  7
[       96,      191]     0.3965        102      3     0.0417        0.9231         0.397  13
[      192,      383]     0.3452        204      3     0.0833        0.9032         0.345  31
[      384,      767]     0.2971        432      2     0.0781        0.8406         0.303  69
[      768,     1535]     0.4825       1224      3     0.0833        0.8654         0.482  156
[     1536,     3071]     0.4350       2054      3     0.0703        0.8898         0.420  354
[     3072,     6143]     0.5953       3250      3     0.0804        0.8920         0.397  796
[     6144,    12287]     0.5121       6902      4     0.0913        0.8946         0.482  1794
[    12288,    24575]     0.5397      22356      3     0.0930        0.9040         0.539  4042
[    24576,    49151]     0.5964      41400      4     0.0905        0.9092         0.596  9120
[    49152,    98303]     0.4453      58500      4     0.0996        0.9091         0.519  20558
[    98304,   196607]     0.5708     128304      3     0.1060        0.9126         0.571  46356
[   196608,   393215]     0.5553     318240      5     0.1097        0.9107         0.629  104516
[   393216,   786431]     0.6866     655200      5     0.1098        0.9135         0.755  235719
[   786432,  1572863]     0.9383    1441440      6     0.1032        0.9145         0.997  531665
[  1572864,  3145727]     0.8740    2784600      6     0.1116        0.9174         0.925  1.1993e+06
[  3145728,  6291455]     1.0177    5896800      5     0.1211        0.9204         1.098  2.70575e+06
[  6291456, 10000000]     1.1885    8648640      6     0.1268        0.9228         1.270  3.5129e+06
# squarefree n in [Y/2,Y] by omega=k: count, mean c/target_inc, max c/target_inc, mean b/target_inc, frac with forced overshoot (c > deficit)
k= 1  n=   316066  mean_c=0.0000  max_c=0.000  mean_b=0.8073  forced_frac=0.0751
k= 2  n=   924935  mean_c=0.0217  max_c=0.762  mean_b=0.8139  forced_frac=0.0694
k= 3  n=  1043278  mean_c=0.1169  max_c=1.524  mean_b=0.7622  forced_frac=0.0659
k= 4  n=   576041  mean_c=0.3451  max_c=3.426  mean_b=0.6130  forced_frac=0.0986
k= 5  n=   158871  mean_c=0.7979  max_c=4.091  mean_b=0.3662  forced_frac=0.2509
k= 6  n=    19725  mean_c=1.6553  max_c=5.994  mean_b=0.1082  forced_frac=0.6170
k= 7  n=      741  mean_c=3.3204  max_c=6.774  mean_b=0.0037  forced_frac=0.9663
k= 8  n=        1  mean_c=5.3406  max_c=5.341  mean_b=0.0000  forced_frac=1.0000
# N_D(Y)=1.25594e+07  rho*Y^kappa=1.25594e+07  ratio=1.000000  overflow=0
