# P_kappa greedy: kappa=1.5000 rho=0.100000 r0=0.4000 Y=10000000
# range            maxE/jump   argmax  omega  busy_frac  primes_at_composite_share  max c/jump  sumb_range
[        2,        2]     0.0000          0      0     0.0000        0.0000         0.000  0
[        3,        5]     0.0000          0      0     0.0000        0.0000         0.000  1
[        6,       11]     0.3333          9      1     0.1667        1.0000         0.333  2
[       12,       23]     0.2357         18      2     0.0833        0.7143         0.236  7
[       24,       47]     0.2041         24      2     0.0833        0.7500         0.333  16
[       48,       95]     0.1443         48      2     0.0625        0.7778         0.289  45
[       96,      191]     0.2041         96      2     0.0625        0.7355         0.306  121
[      192,      383]     0.1936        240      3     0.0729        0.7631         0.323  325
[      384,      767]     0.1863        720      3     0.0833        0.7901         0.335  886
[      768,     1535]     0.1725        840      4     0.0990        0.7993         0.345  2406
[     1536,     3071]     0.1992       2520      4     0.1217        0.8151         0.359  6517
[     3072,     6143]     0.2254       5040      4     0.1400        0.8228         0.380  17681
[     6144,    12287]     0.2705       9240      5     0.1577        0.8346         0.427  47987
[    12288,    24575]     0.3605      18480      5     0.1755        0.8415         0.515  130419
[    24576,    49151]     0.4161      36960      5     0.1928        0.8489         0.567  354688
[    49152,    98303]     0.5132      92400      5     0.2101        0.8554         0.661  965425
[    98304,   196607]     0.6211     184800      5     0.2288        0.8612         0.770  2.62951e+06
[   196608,   393215]     0.7280     360360      6     0.2457        0.8662         0.878  7.16768e+06
[   393216,   786431]     0.9223     720720      6     0.2632        0.8712         1.072  1.95525e+07
[   786432,  1572863]     1.0803    1201200      6     0.2802        0.8757         1.231  5.33777e+07
[  1572864,  3145727]     1.2684    2402400      6     0.2973        0.8799         1.419  1.45826e+08
[  3145728,  6291455]     1.5266    3603600      6     0.3142        0.8837         1.676  3.98678e+08
[  6291456, 10000000]     1.7816    7207200      6     0.3272        0.8866         1.932  6.03047e+08
# squarefree n in [Y/2,Y] by omega=k: count, mean c/target_inc, max c/target_inc, mean b/target_inc, frac with forced overshoot (c > deficit)
k= 1  n=   316066  mean_c=0.0000  max_c=0.000  mean_b=0.6891  forced_frac=0.1222
k= 2  n=   924935  mean_c=0.1033  max_c=0.580  mean_b=0.6453  forced_frac=0.1230
k= 3  n=  1043278  mean_c=0.3173  max_c=0.991  mean_b=0.5104  forced_frac=0.1322
k= 4  n=   576041  mean_c=0.6947  max_c=1.420  mean_b=0.2462  forced_frac=0.2752
k= 5  n=   158871  mean_c=1.2514  max_c=1.887  mean_b=0.0064  forced_frac=0.9137
k= 6  n=    19725  mean_c=2.0564  max_c=3.121  mean_b=0.0000  forced_frac=1.0000
k= 7  n=      741  mean_c=3.5807  max_c=5.049  mean_b=0.0000  forced_frac=1.0000
k= 8  n=        1  mean_c=7.0853  max_c=7.085  mean_b=0.0000  forced_frac=1.0000
# N_D(Y)=3.16228e+09  rho*Y^kappa=3.16228e+09  ratio=1.000000  overflow=0
