# P_kappa greedy: kappa=1.5000 rho=0.020000 r0=0.4000 Y=10000000
# range            maxE/jump   argmax  omega  busy_frac  primes_at_composite_share  max c/jump  sumb_range
[        2,        2]     0.0000          0      0     0.0000        0.0000         0.000  0
[        3,        5]     0.0000          0      0     0.0000        0.0000         0.000  0
[        6,       11]     0.0000          0      0     0.0000        1.0000         0.000  1
[       12,       23]     0.0000          0      0     0.0000        1.0000         0.000  1
[       24,       47]     0.0000          0      0     0.0000        0.4000         0.000  5
[       48,       95]     0.0000          0      0     0.0000        0.8182         0.111  11
[       96,      191]     0.0000          0      0     0.0000        0.8788         0.079  33
[      192,      383]     0.0556        324      2     0.0104        0.7935         0.067  92
[      384,      767]     0.0727        756      3     0.0182        0.8352         0.073  261
[      768,     1535]     0.0329        925      2     0.0052        0.8489         0.057  728
[     1536,     3071]     0.0242       1710      4     0.0059        0.8672         0.048  2040
[     3072,     6143]     0.0263       5796      4     0.0036        0.8729         0.053  5712
[     6144,    12287]     0.0238       7056      3     0.0044        0.8819         0.060  15990
[    12288,    24575]     0.0282      20160      4     0.0045        0.8873         0.056  44772
[    24576,    49151]     0.0277      46800      4     0.0055        0.8942         0.055  125344
[    49152,    98303]     0.0340      55440      5     0.0063        0.8994         0.064  350930
[    98304,   196607]     0.0387     131040      5     0.0078        0.9045         0.069  982521
[   196608,   393215]     0.0404     383040      5     0.0097        0.9089         0.071  2.75096e+06
[   393216,   786431]     0.0497     554400      5     0.0120        0.9130         0.079  7.70255e+06
[   786432,  1572863]     0.0575    1441440      6     0.0142        0.9167         0.087  2.15675e+07
[  1572864,  3145727]     0.0638    3141600      6     0.0167        0.9201         0.094  6.03923e+07
[  3145728,  6291455]     0.0772    6126120      7     0.0195        0.9231         0.107  1.69114e+08
[  6291456, 10000000]     0.0938    8168160      7     0.0217        0.9254         0.124  2.60567e+08
# squarefree n in [Y/2,Y] by omega=k: count, mean c/target_inc, max c/target_inc, mean b/target_inc, frac with forced overshoot (c > deficit)
k= 1  n=   316066  mean_c=0.0000  max_c=0.000  mean_b=0.9774  forced_frac=0.0040
k= 2  n=   924935  mean_c=0.0160  max_c=0.194  mean_b=0.9694  forced_frac=0.0026
k= 3  n=  1043278  mean_c=0.0508  max_c=0.342  mean_b=0.9416  forced_frac=0.0013
k= 4  n=   576041  mean_c=0.1305  max_c=0.506  mean_b=0.8666  forced_frac=0.0005
k= 5  n=   158871  mean_c=0.3115  max_c=0.711  mean_b=0.6879  forced_frac=0.0003
k= 6  n=    19725  mean_c=0.6998  max_c=1.076  mean_b=0.3003  forced_frac=0.0041
k= 7  n=      741  mean_c=1.4722  max_c=1.839  mean_b=0.0000  forced_frac=1.0000
k= 8  n=        1  mean_c=2.9326  max_c=2.933  mean_b=0.0000  forced_frac=1.0000
# N_D(Y)=6.32456e+08  rho*Y^kappa=6.32456e+08  ratio=1.000000  overflow=0
