# P_kappa greedy: kappa=1.5000 rho=0.050000 r0=0.4000 Y=100000000
# range            maxE/jump   argmax  omega  busy_frac  primes_at_composite_share  max c/jump  sumb_range
[        2,        2]     0.0000          0      0     0.0000        0.0000         0.000  0
[        3,        5]     0.0000          0      0     0.0000        0.0000         0.000  1
[        6,       11]     0.0000          0      0     0.0000        1.0000         0.000  1
[       12,       23]     0.0000          0      0     0.0000        0.2500         0.000  4
[       24,       47]     0.0000          0      0     0.0000        0.7000         0.200  10
[       48,       95]     0.1414         50      2     0.0208        0.8148         0.141  27
[       96,      191]     0.1000        100      2     0.0312        0.7703         0.200  74
[      192,      383]     0.0659        230      3     0.0104        0.8077         0.132  208
[      384,      767]     0.1013        390      4     0.0182        0.8168         0.152  573
[      768,     1535]     0.0716        780      4     0.0260        0.8312         0.143  1582
[     1536,     3071]     0.0827       2340      4     0.0267        0.8416         0.153  4369
[     3072,     6143]     0.0812       5460      5     0.0326        0.8513         0.162  12047
[     6144,    12287]     0.0845      11340      4     0.0382        0.8616         0.160  33257
[    12288,    24575]     0.1016      16380      5     0.0427        0.8678         0.180  91857
[    24576,    49151]     0.1177      41580      5     0.0484        0.8752         0.196  253650
[    49152,    98303]     0.1418      71820      5     0.0589        0.8807         0.216  700672
[    98304,   196607]     0.1466     196560      5     0.0675        0.8860         0.223  1.93585e+06
[   196608,   393215]     0.1866     393120      5     0.0766        0.8907         0.262  5.34993e+06
[   393216,   786431]     0.2485     720720      6     0.0859        0.8950         0.323  1.47881e+07
[   786432,  1572863]     0.3040    1441440      6     0.0955        0.8990         0.379  4.08867e+07
[  1572864,  3145727]     0.3528    2882880      6     0.1058        0.9026         0.428  1.13072e+08
[  3145728,  6291455]     0.4261    4324320      6     0.1161        0.9058         0.501  3.12776e+08
[  6291456, 12582911]     0.5063    9480240      6     0.1265        0.9087         0.581  8.65391e+08
[ 12582912, 25165823]     0.6258   18960480      6     0.1371        0.9115         0.701  2.39493e+09
[ 25165824, 50331647]     0.7494   37920960      6     0.1478        0.9141         0.824  6.62942e+09
