rho=0.196350 y0=200000 theta=0.25 J=6: pi(P)=16083 margin=1.09e-09 K=1.2668 sum_j n_j=23
  bunches (j, a_j, n_j): [(1, 56393.96, 5), (2, 23149.66, 4), (3, 10623.97, 4), (4, 8361.79, 4), (5, 6893.87, 3), (6, 5102.41, 3)]
  window H_j/a_j (max) = 0.0118 vs delta0/2 = 3.45e-03  (hypothesis of (ii) NOT met at this scale)
  (i) min over grid of N_P' - N_P = 0  (control: 0)
  (ii) sup_(x<y0) |E|/x^theta: P 0.6334 (= K/2), P' 0.6334, control 0.6334; K = 1.2668
Traceback (most recent call last):
  File "/Users/jaytyagi/Library/Mobile Documents/com~apple~CloudDocs/Documents/Work/2026/Math/riemann/rh-program/results/lemmaB-s41/U1-lookahead/verify-O/prop33.py", line 72, in <module>
    f" control {Eat(S2, y0):.3f}; max E on [y0, 1.01 y0]: P {Emax(SP, y0, 1.01*y0):.2f}, P' {Emax(S1, y0, 1.01*y0):.2f}, control {Emax(S2, y0, 1.01*y0):.2f}; K*y0^theta = {K*y0**theta:.3f}; (1/4)K y0^th sum p_j^-th = {0.25*K*y0**theta*sum(P[j]**-theta for j in range(J)):.3f}")
  File "/Users/jaytyagi/Library/Mobile Documents/com~apple~CloudDocs/Documents/Work/2026/Math/riemann/rh-program/results/lemmaB-s41/U1-lookahead/verify-O/prop33.py", line 65, in Emax
    sel = (S >= a) & (S <= b); n = np.searchsorted(S, S[sel], side='right'); return (n - (rho*(S[sel] - 1) + 1)).max()
  File "/Users/jaytyagi/Library/Python/3.9/lib/python/site-packages/numpy/_core/_methods.py", line 44, in _amax
    return umr_maximum(a, axis, None, out, keepdims, initial, where)
ValueError: zero-size array to reduction operation maximum which has no identity
rho=0.196350 y0=200000 theta=0.25 J=12: pi(P)=16083 margin=1.09e-09 K=1.2668 sum_j n_j=41
  bunches (j, a_j, n_j): [(1, 56393.96, 5), (2, 23149.66, 4), (3, 10623.97, 4), (4, 8361.79, 4), (5, 6893.87, 3), (6, 5102.41, 3), (7, 4515.68, 3), (8, 3671.34, 3), (9, 3357.45, 3), (10, 3093.01, 3), (11, 2501.85, 3), (12, 2219.1, 3)]
  window H_j/a_j (max) = 0.0118 vs delta0/2 = 4.32e-04  (hypothesis of (ii) NOT met at this scale)
  (i) min over grid of N_P' - N_P = 0  (control: 0)
  (ii) sup_(x<y0) |E|/x^theta: P 0.6334 (= K/2), P' 0.6334, control 0.6334; K = 1.2668
Traceback (most recent call last):
  File "/Users/jaytyagi/Library/Mobile Documents/com~apple~CloudDocs/Documents/Work/2026/Math/riemann/rh-program/results/lemmaB-s41/U1-lookahead/verify-O/prop33.py", line 72, in <module>
    f" control {Eat(S2, y0):.3f}; max E on [y0, 1.01 y0]: P {Emax(SP, y0, 1.01*y0):.2f}, P' {Emax(S1, y0, 1.01*y0):.2f}, control {Emax(S2, y0, 1.01*y0):.2f}; K*y0^theta = {K*y0**theta:.3f}; (1/4)K y0^th sum p_j^-th = {0.25*K*y0**theta*sum(P[j]**-theta for j in range(J)):.3f}")
  File "/Users/jaytyagi/Library/Mobile Documents/com~apple~CloudDocs/Documents/Work/2026/Math/riemann/rh-program/results/lemmaB-s41/U1-lookahead/verify-O/prop33.py", line 65, in Emax
    sel = (S >= a) & (S <= b); n = np.searchsorted(S, S[sel], side='right'); return (n - (rho*(S[sel] - 1) + 1)).max()
  File "/Users/jaytyagi/Library/Python/3.9/lib/python/site-packages/numpy/_core/_methods.py", line 44, in _amax
    return umr_maximum(a, axis, None, out, keepdims, initial, where)
ValueError: zero-size array to reduction operation maximum which has no identity
