p  deg  a1  a2  N1  N2  Weil-RH  b>=0  b>=0(flip)  SIGNED  example f (low->high, monic)
3 5 0 2 4 14 True True True False [0, 1, 0, 0, 0, 1]
3 5 -1 2 3 13 True False True False [0, 1, 0, 0, 1, 1]
3 5 1 2 5 13 True True False False [0, 1, 0, 0, 2, 1]
3 5 2 2 6 10 True True False False [0, 1, 0, 1, 1, 1]
3 5 -2 2 2 10 True False True False [0, 1, 0, 1, 2, 1]
3 5 0 -2 4 6 True False False True [0, 1, 1, 0, 2, 1]
3 5 -2 6 2 18 True False True False [0, 1, 1, 1, 1, 1]
3 5 2 6 6 18 True True False False [0, 1, 2, 1, 2, 1]
3 5 2 4 6 14 True True False False [0, 2, 0, 0, 1, 1]
3 5 -2 4 2 14 True False True False [0, 2, 0, 0, 2, 1]
3 5 0 4 4 18 True True True False [0, 2, 0, 1, 0, 1]
3 5 -1 -2 3 5 True False False True [0, 2, 0, 2, 1, 1]
3 5 1 -2 5 5 True False False True [0, 2, 0, 2, 2, 1]
3 5 0 0 4 10 True True True False [0, 2, 1, 1, 2, 1]
3 5 1 3 5 15 True True False False [1, 0, 0, 0, 2, 1]
3 5 1 0 5 9 True True False False [1, 0, 0, 1, 2, 1]
3 5 3 6 7 13 True True False False [1, 0, 0, 2, 0, 1]
3 5 -1 3 3 15 True False True False [1, 0, 0, 2, 1, 1]
3 5 1 1 5 11 True True False False [1, 0, 1, 0, 1, 1]
3 5 1 4 5 17 True True False False [1, 0, 1, 1, 1, 1]
3 5 3 5 7 11 True True False False [1, 0, 1, 2, 2, 1]
3 5 -1 1 3 11 True False True False [1, 0, 2, 2, 2, 1]
3 5 1 5 5 19 True True False False [1, 1, 0, 0, 2, 1]
3 5 -1 -1 3 7 True False False True [1, 1, 0, 1, 1, 1]
3 5 3 7 7 15 True True False False [1, 1, 1, 1, 2, 1]
3 5 1 -1 5 7 True False False True [1, 1, 2, 0, 0, 1]
3 5 -1 0 3 9 True False True False [1, 1, 2, 1, 2, 1]
3 5 -1 4 3 17 True False True False [1, 2, 1, 0, 0, 1]
3 5 -1 5 3 19 True False True False [1, 2, 2, 0, 2, 1]
3 5 -3 6 1 13 True False True False [2, 0, 0, 2, 0, 1]
3 5 -3 5 1 11 True False True False [2, 0, 1, 2, 2, 1]
3 5 -3 7 1 15 True False True False [2, 1, 1, 1, 2, 1]
3 6 0 0 4 10 True True True False [0, 1, 0, 0, 0, 0, 1]
3 6 3 7 7 15 True True False False [0, 1, 0, 0, 0, 2, 1]
3 6 2 6 6 18 True True False False [0, 1, 0, 0, 1, 0, 1]
3 6 2 2 6 10 True True False False [0, 1, 0, 0, 1, 1, 1]
3 6 -1 4 3 17 True False True False [0, 1, 0, 0, 1, 2, 1]
3 6 1 0 5 9 True True False False [0, 1, 0, 0, 2, 0, 1]
3 6 1 -1 5 7 True False False True [0, 1, 0, 0, 2, 1, 1]
3 6 3 5 7 11 True True False False [0, 1, 0, 1, 0, 1, 1]
3 6 -1 2 3 13 True False True False [0, 1, 0, 1, 1, 1, 1]
3 6 1 3 5 15 True True False False [0, 1, 0, 1, 2, 0, 1]
3 6 1 2 5 13 True True False False [0, 1, 0, 1, 2, 1, 1]
3 6 1 1 5 11 True True False False [0, 1, 0, 1, 2, 2, 1]
3 6 3 6 7 13 True True False False [0, 1, 0, 2, 0, 0, 1]
3 6 0 -2 4 6 True False False True [0, 1, 0, 2, 0, 2, 1]
3 6 -1 3 3 15 True False True False [0, 1, 0, 2, 1, 0, 1]
3 6 2 4 6 14 True True False False [0, 1, 0, 2, 1, 2, 1]
3 6 1 5 5 19 True True False False [0, 1, 0, 2, 2, 1, 1]
3 6 -1 1 3 11 True False True False [0, 1, 1, 0, 0, 2, 1]
3 6 0 4 4 18 True True True False [0, 1, 1, 0, 2, 1, 1]
3 6 -1 -1 3 7 True False False True [0, 1, 1, 1, 0, 1, 1]
3 6 1 4 5 17 True True False False [0, 1, 1, 1, 1, 0, 1]
3 6 0 2 4 14 True True True False [0, 1, 1, 1, 2, 0, 1]
3 6 1 -2 5 5 True False False True [0, 1, 1, 2, 1, 0, 1]
3 6 -1 5 3 19 True False True False [0, 1, 2, 0, 2, 2, 1]
3 6 -1 0 3 9 True False True False [0, 1, 2, 1, 2, 1, 1]
3 6 2 3 6 12 True True False False [1, 0, 0, 0, 1, 1, 1]
3 6 4 9 8 12 True True False False [1, 0, 0, 0, 2, 0, 1]
3 6 0 3 4 16 True True True False [1, 0, 0, 1, 0, 2, 1]
3 6 4 10 8 14 True True False False [1, 0, 1, 0, 1, 0, 1]
3 6 0 5 4 20 True True True False [1, 0, 1, 0, 2, 0, 1]
3 6 0 -1 4 8 True False False True [1, 0, 2, 1, 1, 2, 1]
3 6 2 7 6 20 True True False False [1, 0, 2, 1, 2, 0, 1]
3 6 2 5 6 16 True True False False [1, 1, 0, 0, 1, 1, 1]
3 6 4 8 8 10 True True False False [1, 1, 0, 1, 2, 1, 1]
3 6 2 1 6 8 True True False False [1, 1, 0, 2, 1, 2, 1]
3 6 0 1 4 12 True True True False [1, 1, 1, 1, 2, 1, 1]
3 6 -2 6 2 18 True False True False [2, 0, 0, 0, 2, 0, 1]
3 6 -2 3 2 12 True False True False [2, 0, 0, 1, 2, 2, 1]
3 6 -2 7 2 20 True False True False [2, 0, 1, 0, 1, 0, 1]
3 6 -2 4 2 14 True False True False [2, 0, 1, 1, 1, 2, 1]
3 6 -2 5 2 16 True False True False [2, 1, 0, 1, 2, 1, 1]
3 6 -2 1 2 8 True False True False [2, 1, 1, 2, 1, 0, 1]
5 5 0 10 6 46 True True True False [0, 1, 0, 0, 0, 1]
5 5 -1 0 5 25 True False True False [0, 1, 0, 0, 1, 1]
5 5 1 0 7 25 True True False False [0, 1, 0, 0, 2, 1]
5 5 -4 14 2 38 True False True False [0, 1, 0, 1, 0, 1]
5 5 0 6 6 38 True True True False [0, 1, 0, 1, 1, 1]
5 5 2 2 8 26 True True False False [0, 1, 0, 1, 2, 1]
5 5 -2 2 4 26 True False True False [0, 1, 0, 2, 2, 1]
5 5 4 14 10 38 True True False False [0, 1, 0, 4, 0, 1]
5 5 0 2 6 30 True True True False [0, 1, 1, 0, 3, 1]
5 5 -2 10 4 42 True False True False [0, 1, 1, 0, 4, 1]
5 5 1 -4 7 17 True False False True [0, 1, 1, 1, 3, 1]
5 5 -3 8 3 33 True False True False [0, 1, 1, 2, 3, 1]
5 5 -4 10 2 30 True False True False [0, 1, 1, 3, 1, 1]
5 5 3 8 9 33 True True False False [0, 1, 1, 3, 3, 1]
5 5 -1 -4 5 17 True False False True [0, 1, 1, 4, 3, 1]
5 5 2 10 8 42 True True False False [0, 1, 1, 4, 4, 1]
5 5 4 10 10 30 True True False False [0, 1, 2, 2, 3, 1]
5 5 0 0 6 26 True True True False [0, 2, 0, 0, 0, 1]
5 5 4 8 10 26 True True False False [0, 2, 0, 1, 0, 1]
5 5 0 4 6 34 True True True False [0, 2, 0, 1, 2, 1]
5 5 2 0 8 22 True True False False [0, 2, 0, 2, 1, 1]
5 5 -1 4 5 33 True False True False [0, 2, 0, 2, 2, 1]
5 5 1 4 7 33 True True False False [0, 2, 0, 3, 1, 1]
5 5 -2 0 4 22 True False True False [0, 2, 0, 3, 2, 1]
5 5 -4 8 2 26 True False True False [0, 2, 0, 4, 0, 1]
5 5 0 -2 6 22 True False False True [0, 2, 1, 0, 2, 1]
5 5 -2 4 4 30 True False True False [0, 2, 1, 0, 4, 1]
5 5 2 8 8 38 True True False False [0, 2, 1, 1, 4, 1]
5 5 2 6 8 34 True True False False [0, 2, 1, 2, 0, 1]
5 5 -4 12 2 34 True False True False [0, 2, 1, 2, 1, 1]
5 5 -2 6 4 34 True False True False [0, 2, 1, 2, 2, 1]
5 5 1 8 7 41 True True False False [0, 2, 1, 3, 0, 1]
5 5 2 4 8 30 True True False False [0, 2, 1, 3, 2, 1]
5 5 0 -4 6 18 True False False True [0, 2, 1, 4, 0, 1]
5 5 -1 8 5 41 True False True False [0, 2, 2, 1, 1, 1]
5 5 4 12 10 34 True True False False [0, 2, 2, 3, 3, 1]
5 5 -2 8 4 38 True False True False [0, 2, 2, 4, 2, 1]
5 5 0 -10 6 6 True False False True [0, 4, 0, 0, 0, 1]
5 5 0 -6 6 14 True False False True [0, 4, 0, 2, 0, 1]
5 5 3 4 9 25 True True False False [0, 4, 1, 2, 1, 1]
5 5 -3 4 3 25 True False True False [0, 4, 2, 2, 3, 1]
5 5 1 3 7 31 True True False False [1, 0, 0, 0, 4, 1]
5 5 3 10 9 37 True True False False [1, 0, 0, 1, 0, 1]
5 5 1 5 7 35 True True False False [1, 0, 0, 2, 0, 1]
5 5 1 9 7 43 True True False False [1, 0, 0, 2, 3, 1]
5 5 1 2 7 29 True True False False [1, 0, 0, 3, 1, 1]
5 5 1 6 7 37 True True False False [1, 0, 0, 3, 2, 1]
5 5 5 13 11 27 True True False False [1, 0, 0, 3, 4, 1]
5 5 -1 -3 5 19 True False False True [1, 0, 0, 4, 1, 1]
5 5 -1 1 5 27 True False True False [1, 0, 0, 4, 2, 1]
5 5 -1 2 5 29 True False True False [1, 0, 1, 1, 2, 1]
5 5 -3 10 3 37 True False True False [1, 0, 1, 1, 3, 1]
5 5 3 11 9 39 True True False False [1, 0, 1, 1, 4, 1]
5 5 1 -2 7 21 True False False True [1, 0, 1, 2, 4, 1]
5 5 3 7 9 31 True True False False [1, 0, 2, 0, 2, 1]
5 5 1 -5 7 15 True False False True [1, 0, 2, 1, 2, 1]
5 5 -1 3 5 31 True False True False [1, 0, 2, 1, 3, 1]
5 5 -1 7 5 39 True False True False [1, 0, 2, 2, 1, 1]
5 5 1 1 7 27 True True False False [1, 0, 2, 3, 4, 1]
5 5 1 -1 7 23 True False False True [1, 0, 3, 1, 1, 1]
5 5 5 14 11 29 True True False False [1, 0, 3, 4, 2, 1]
5 5 -1 9 5 43 True False True False [1, 0, 3, 4, 4, 1]
5 5 -3 7 3 31 True False True False [1, 0, 4, 1, 0, 1]
5 5 -1 -5 5 15 True False False True [1, 0, 4, 1, 1, 1]
5 5 3 6 9 29 True True False False [1, 0, 4, 1, 4, 1]
5 5 3 9 9 35 True True False False [1, 1, 0, 3, 3, 1]
5 5 1 -3 7 19 True False False True [1, 1, 0, 4, 2, 1]
5 5 5 15 11 31 True True False False [1, 1, 0, 4, 4, 1]
5 5 1 7 7 39 True True False False [1, 1, 1, 0, 2, 1]
5 5 -1 6 5 37 True False True False [1, 1, 1, 0, 3, 1]
5 5 3 5 9 27 True True False False [1, 1, 1, 4, 3, 1]
5 5 -1 5 5 35 True False True False [1, 1, 2, 3, 0, 1]
5 5 -1 -2 5 21 True False False True [1, 1, 3, 1, 2, 1]
5 5 -1 -1 5 23 True False False True [1, 1, 4, 3, 2, 1]
5 5 -3 11 3 39 True False True False [1, 1, 4, 3, 3, 1]
5 5 -3 5 3 27 True False True False [1, 2, 4, 2, 3, 1]
5 5 -3 9 3 35 True False True False [1, 3, 0, 3, 4, 1]
5 5 -3 6 3 29 True False True False [1, 4, 0, 0, 2, 1]
5 5 -5 13 1 27 True False True False [2, 0, 0, 2, 3, 1]
5 5 -5 14 1 29 True False True False [2, 0, 4, 1, 4, 1]
5 5 -5 15 1 31 True False True False [2, 1, 0, 1, 3, 1]
5 6 0 10 6 46 True True True False [0, 1, 0, 0, 0, 1, 1]
5 6 0 0 6 26 True True True False [0, 1, 0, 0, 0, 2, 1]
5 6 5 15 11 31 True True False False [0, 1, 0, 0, 0, 4, 1]
5 6 -1 0 5 25 True False True False [0, 1, 0, 0, 1, 0, 1]
5 6 4 10 10 30 True True False False [0, 1, 0, 0, 1, 1, 1]
5 6 1 5 7 35 True True False False [0, 1, 0, 0, 2, 0, 1]
5 6 1 0 7 25 True True False False [0, 1, 0, 0, 2, 4, 1]
5 6 -1 5 5 35 True False True False [0, 1, 0, 0, 4, 1, 1]
5 6 3 10 9 37 True True False False [0, 1, 0, 1, 0, 0, 1]
5 6 1 4 7 33 True True False False [0, 1, 0, 1, 0, 1, 1]
5 6 0 -4 6 18 True False False True [0, 1, 0, 1, 0, 4, 1]
5 6 2 2 8 26 True True False False [0, 1, 0, 1, 1, 0, 1]
5 6 0 6 6 38 True True True False [0, 1, 0, 1, 1, 1, 1]
5 6 -1 3 5 31 True False True False [0, 1, 0, 1, 1, 4, 1]
5 6 4 8 10 26 True True False False [0, 1, 0, 1, 2, 0, 1]
5 6 -2 0 4 22 True False True False [0, 1, 0, 1, 2, 3, 1]
5 6 -3 7 3 31 True False True False [0, 1, 0, 1, 4, 0, 1]
5 6 2 6 8 34 True True False False [0, 1, 0, 2, 0, 1, 1]
5 6 3 7 9 31 True True False False [0, 1, 0, 2, 0, 2, 1]
5 6 -1 8 5 41 True False True False [0, 1, 0, 2, 0, 3, 1]
5 6 0 4 6 34 True True True False [0, 1, 0, 2, 0, 4, 1]
5 6 -3 11 3 39 True False True False [0, 1, 0, 2, 1, 2, 1]
5 6 -1 -2 5 21 True False False True [0, 1, 0, 2, 2, 2, 1]
5 6 0 -6 6 14 True False False True [0, 1, 0, 2, 2, 3, 1]
5 6 -2 2 4 26 True False True False [0, 1, 0, 2, 3, 1, 1]
5 6 3 11 9 39 True True False False [0, 1, 0, 3, 0, 1, 1]
5 6 1 -2 7 21 True False False True [0, 1, 0, 3, 0, 3, 1]
5 6 1 8 7 41 True True False False [0, 1, 0, 3, 1, 2, 1]
5 6 -2 6 4 34 True False True False [0, 1, 0, 3, 3, 2, 1]
5 6 2 0 8 22 True True False False [0, 1, 0, 4, 0, 0, 1]
5 6 -1 4 5 33 True False True False [0, 1, 0, 4, 0, 1, 1]
5 6 1 3 7 31 True True False False [0, 1, 0, 4, 0, 2, 1]
5 6 4 14 10 38 True True False False [0, 1, 0, 4, 2, 3, 1]
5 6 -3 10 3 37 True False True False [0, 1, 0, 4, 4, 3, 1]
5 6 1 1 7 27 True True False False [0, 1, 1, 0, 1, 3, 1]
5 6 1 2 7 29 True True False False [0, 1, 1, 0, 1, 4, 1]
5 6 3 8 9 33 True True False False [0, 1, 1, 0, 2, 1, 1]
5 6 3 4 9 25 True True False False [0, 1, 1, 0, 2, 4, 1]
5 6 -2 4 4 30 True False True False [0, 1, 1, 0, 3, 1, 1]
5 6 3 5 9 27 True True False False [0, 1, 1, 0, 3, 3, 1]
5 6 1 7 7 39 True True False False [0, 1, 1, 0, 4, 1, 1]
5 6 1 -1 7 23 True False False True [0, 1, 1, 0, 4, 4, 1]
5 6 0 2 6 30 True True True False [0, 1, 1, 1, 0, 0, 1]
5 6 -1 2 5 29 True False True False [0, 1, 1, 1, 2, 1, 1]
5 6 5 13 11 27 True True False False [0, 1, 1, 1, 2, 3, 1]
5 6 -1 -5 5 15 True False False True [0, 1, 1, 1, 4, 0, 1]
5 6 2 10 8 42 True True False False [0, 1, 1, 1, 4, 1, 1]
5 6 1 -4 7 17 True False False True [0, 1, 1, 2, 1, 4, 1]
5 6 -1 7 5 39 True False True False [0, 1, 1, 2, 2, 0, 1]
5 6 1 6 7 37 True True False False [0, 1, 1, 2, 2, 2, 1]
5 6 2 8 8 38 True True False False [0, 1, 1, 2, 2, 3, 1]
5 6 -1 -3 5 19 True False False True [0, 1, 1, 2, 3, 0, 1]
5 6 -1 6 5 37 True False True False [0, 1, 1, 3, 0, 2, 1]
5 6 0 -2 6 22 True False False True [0, 1, 1, 3, 2, 2, 1]
5 6 -2 10 4 42 True False True False [0, 1, 1, 3, 3, 4, 1]
5 6 -1 9 5 43 True False True False [0, 1, 1, 4, 4, 3, 1]
5 6 -3 6 3 29 True False True False [0, 1, 2, 0, 0, 4, 1]
5 6 3 9 9 35 True True False False [0, 1, 2, 0, 3, 2, 1]
5 6 1 -5 7 15 True False False True [0, 1, 2, 0, 4, 0, 1]
5 6 1 9 7 43 True True False False [0, 1, 2, 0, 4, 3, 1]
5 6 2 4 8 30 True True False False [0, 1, 2, 1, 0, 4, 1]
5 6 5 14 11 29 True True False False [0, 1, 2, 1, 3, 3, 1]
5 6 4 12 10 34 True True False False [0, 1, 2, 1, 4, 0, 1]
5 6 -2 8 4 38 True False True False [0, 1, 2, 2, 1, 1, 1]
5 6 -1 -1 5 23 True False False True [0, 1, 2, 2, 4, 2, 1]
5 6 -1 1 5 27 True False True False [0, 1, 2, 3, 0, 2, 1]
5 6 1 -3 7 19 True False False True [0, 1, 2, 4, 0, 1, 1]
5 6 -1 -4 5 17 True False False True [0, 1, 3, 0, 4, 4, 1]
5 6 -3 5 3 27 True False True False [0, 1, 3, 2, 4, 2, 1]
5 6 -3 8 3 33 True False True False [0, 1, 3, 4, 1, 3, 1]
5 6 -3 4 3 25 True False True False [0, 1, 4, 0, 2, 4, 1]
5 6 3 6 9 29 True True False False [0, 1, 4, 1, 4, 0, 1]
5 6 -3 9 3 35 True False True False [0, 1, 4, 3, 0, 3, 1]
5 6 0 5 6 36 True True True False [1, 0, 0, 0, 0, 1, 1]
5 6 2 7 8 36 True True False False [1, 0, 0, 0, 1, 0, 1]
5 6 2 11 8 44 True True False False [1, 0, 0, 0, 2, 0, 1]
5 6 0 -1 6 24 True False False True [1, 0, 0, 0, 3, 2, 1]
5 6 6 18 12 26 True True False False [1, 0, 0, 0, 4, 0, 1]
5 6 0 1 6 28 True True True False [1, 0, 0, 1, 0, 0, 1]
5 6 4 11 10 32 True True False False [1, 0, 0, 1, 0, 3, 1]
5 6 2 3 8 28 True True False False [1, 0, 0, 1, 1, 0, 1]
5 6 0 7 6 40 True True True False [1, 0, 0, 1, 2, 1, 1]
5 6 -2 5 4 32 True False True False [1, 0, 0, 1, 3, 1, 1]
5 6 4 9 10 28 True True False False [1, 0, 0, 1, 4, 1, 1]
5 6 -2 9 4 40 True False True False [1, 0, 0, 2, 0, 3, 1]
5 6 0 3 6 32 True True True False [1, 0, 0, 2, 3, 0, 1]
5 6 4 13 10 36 True True False False [1, 0, 0, 2, 3, 4, 1]
5 6 -2 7 4 36 True False True False [1, 0, 1, 0, 4, 0, 1]
5 6 2 5 8 32 True True False False [1, 0, 1, 2, 1, 3, 1]
5 6 0 8 6 42 True True True False [1, 0, 1, 2, 2, 1, 1]
5 6 6 17 12 24 True True False False [1, 0, 1, 2, 2, 2, 1]
5 6 2 1 8 24 True True False False [1, 0, 1, 2, 3, 0, 1]
5 6 0 9 6 44 True True True False [1, 0, 1, 2, 4, 2, 1]
5 6 0 -3 6 20 True False False True [1, 0, 2, 2, 3, 3, 1]
5 6 6 19 12 28 True True False False [1, 0, 3, 0, 4, 0, 1]
5 6 -2 3 4 28 True False True False [1, 0, 3, 1, 0, 1, 1]
5 6 2 9 8 40 True True False False [1, 0, 4, 1, 3, 2, 1]
5 6 -2 1 4 24 True False True False [1, 0, 4, 1, 4, 2, 1]
5 6 0 -5 6 16 True False False True [1, 1, 0, 0, 0, 3, 1]
5 6 0 -7 6 12 True False False True [1, 1, 1, 3, 1, 3, 1]
5 6 -2 11 4 44 True False True False [1, 1, 4, 1, 4, 1, 1]
5 6 -4 9 2 28 True False True False [2, 0, 0, 1, 2, 1, 1]
5 6 -4 13 2 36 True False True False [2, 0, 1, 0, 3, 0, 1]
5 6 -4 10 2 30 True False True False [2, 0, 3, 1, 4, 1, 1]
5 6 -4 11 2 32 True False True False [2, 0, 3, 2, 2, 3, 1]
5 6 -4 12 2 34 True False True False [2, 0, 4, 1, 3, 2, 1]
7 5 0 14 8 78 True True True False [0, 1, 0, 0, 0, 1]
7 5 -4 10 4 54 True False True False [0, 1, 0, 0, 1, 1]
7 5 0 6 8 62 True True True False [0, 1, 0, 0, 2, 1]
7 5 -1 -2 7 45 True False False True [0, 1, 0, 0, 3, 1]
7 5 1 -2 9 45 True False False True [0, 1, 0, 0, 4, 1]
7 5 4 10 12 54 True True False False [0, 1, 0, 0, 6, 1]
7 5 0 -2 8 46 True False False True [0, 1, 0, 1, 0, 1]
7 5 2 -2 10 42 True False False True [0, 1, 0, 1, 2, 1]
7 5 -5 14 3 53 True False True False [0, 1, 0, 1, 3, 1]
7 5 5 14 13 53 True True False False [0, 1, 0, 1, 4, 1]
7 5 -2 -2 6 42 True False False True [0, 1, 0, 1, 5, 1]
7 5 -2 6 6 58 True False True False [0, 1, 0, 2, 1, 1]
7 5 -3 14 5 69 True False True False [0, 1, 0, 2, 2, 1]
7 5 3 14 11 69 True True False False [0, 1, 0, 2, 5, 1]
7 5 2 6 10 58 True True False False [0, 1, 0, 2, 6, 1]
7 5 0 10 8 70 True True True False [0, 1, 0, 3, 0, 1]
7 5 1 6 9 61 True True False False [0, 1, 0, 3, 3, 1]
7 5 -1 6 7 61 True False True False [0, 1, 0, 3, 4, 1]
7 5 -2 10 6 66 True False True False [0, 1, 0, 6, 2, 1]
7 5 3 6 11 53 True True False False [0, 1, 0, 6, 3, 1]
7 5 -3 6 5 53 True False True False [0, 1, 0, 6, 4, 1]
7 5 2 10 10 66 True True False False [0, 1, 0, 6, 5, 1]
7 5 2 2 10 50 True True False False [0, 1, 1, 0, 3, 1]
7 5 -6 22 2 58 True False True False [0, 1, 1, 1, 1, 1]
7 5 0 -10 8 30 True False False True [0, 1, 1, 1, 6, 1]
7 5 -4 14 4 62 True False True False [0, 1, 1, 2, 1, 1]
7 5 0 2 8 54 True True True False [0, 1, 1, 2, 4, 1]
7 5 0 -6 8 38 True False False True [0, 1, 1, 2, 6, 1]
7 5 4 18 12 70 True True False False [0, 1, 1, 6, 1, 1]
7 5 4 14 12 62 True True False False [0, 1, 2, 1, 3, 1]
7 5 -2 2 6 50 True False True False [0, 1, 2, 4, 3, 1]
7 5 6 22 14 58 True True False False [0, 1, 2, 5, 2, 1]
7 5 -2 14 6 74 True False True False [0, 1, 3, 0, 3, 1]
7 5 2 14 10 74 True True False False [0, 1, 3, 3, 3, 1]
7 5 -4 18 4 70 True False True False [0, 1, 6, 6, 6, 1]
7 5 0 -8 8 34 True False False True [0, 3, 0, 0, 1, 1]
7 5 -3 10 5 61 True False True False [0, 3, 0, 0, 3, 1]
7 5 3 10 11 61 True True False False [0, 3, 0, 0, 4, 1]
7 5 0 -4 8 42 True False False True [0, 3, 0, 1, 0, 1]
7 5 -6 20 2 54 True False True False [0, 3, 0, 1, 1, 1]
7 5 0 0 8 50 True True True False [0, 3, 0, 1, 3, 1]
7 5 6 20 14 54 True True False False [0, 3, 0, 1, 6, 1]
7 5 0 12 8 74 True True True False [0, 3, 0, 2, 0, 1]
7 5 -2 0 6 46 True False True False [0, 3, 0, 2, 2, 1]
7 5 2 0 10 46 True True False False [0, 3, 0, 2, 5, 1]
7 5 2 12 10 70 True True False False [0, 3, 0, 4, 2, 1]
7 5 -2 12 6 70 True False True False [0, 3, 0, 4, 5, 1]
7 5 -4 8 4 50 True False True False [0, 3, 1, 0, 1, 1]
7 5 6 18 14 50 True True False False [0, 3, 1, 0, 4, 1]
7 5 -4 12 4 58 True False True False [0, 3, 1, 0, 6, 1]
7 5 -1 10 7 69 True False True False [0, 3, 1, 1, 3, 1]
7 5 4 16 12 66 True True False False [0, 3, 1, 2, 1, 1]
7 5 -2 4 6 54 True False True False [0, 3, 1, 2, 3, 1]
7 5 -1 -6 7 37 True False False True [0, 3, 1, 2, 4, 1]
7 5 1 10 9 69 True True False False [0, 3, 1, 3, 1, 1]
7 5 4 8 12 50 True True False False [0, 3, 1, 3, 3, 1]
7 5 -2 8 6 62 True False True False [0, 3, 1, 3, 5, 1]
7 5 4 12 12 58 True True False False [0, 3, 1, 4, 6, 1]
7 5 1 2 9 53 True True False False [0, 3, 1, 5, 2, 1]
7 5 2 4 10 54 True True False False [0, 3, 1, 5, 3, 1]
7 5 1 -6 9 37 True False False True [0, 3, 1, 6, 5, 1]
7 5 0 8 8 66 True True True False [0, 3, 2, 3, 1, 1]
7 5 -1 2 7 53 True False True False [0, 3, 3, 0, 6, 1]
7 5 -4 16 4 66 True False True False [0, 3, 3, 4, 6, 1]
7 5 2 8 10 62 True True False False [0, 3, 4, 1, 2, 1]
7 5 -6 18 2 50 True False True False [0, 3, 6, 0, 3, 1]
7 5 1 3 9 55 True True False False [1, 0, 0, 0, 3, 1]
7 5 -1 3 7 55 True False True False [1, 0, 0, 0, 4, 1]
7 5 -3 12 5 65 True False True False [1, 0, 0, 1, 0, 1]
7 5 3 3 11 47 True True False False [1, 0, 0, 2, 1, 1]
7 5 1 1 9 51 True True False False [1, 0, 0, 3, 0, 1]
7 5 5 15 13 55 True True False False [1, 0, 0, 3, 4, 1]
7 5 3 9 11 59 True True False False [1, 0, 0, 3, 5, 1]
7 5 -1 4 7 57 True False True False [1, 0, 0, 3, 6, 1]
7 5 1 5 9 59 True True False False [1, 0, 0, 4, 2, 1]
7 5 1 12 9 73 True True False False [1, 0, 0, 4, 5, 1]
7 5 -1 -4 7 41 True False False True [1, 0, 0, 5, 1, 1]
7 5 -3 11 5 63 True False True False [1, 0, 0, 5, 3, 1]
7 5 3 5 11 51 True True False False [1, 0, 1, 0, 1, 1]
7 5 -3 9 5 59 True False True False [1, 0, 1, 0, 2, 1]
7 5 1 -3 9 43 True False False True [1, 0, 1, 1, 1, 1]
7 5 7 24 15 49 True True False False [1, 0, 1, 1, 4, 1]
7 5 -3 15 5 71 True False True False [1, 0, 1, 1, 5, 1]
7 5 3 12 11 65 True True False False [1, 0, 1, 2, 6, 1]
7 5 -3 7 5 55 True False True False [1, 0, 1, 3, 0, 1]
7 5 -1 -3 7 43 True False False True [1, 0, 1, 4, 2, 1]
7 5 -1 8 7 65 True False True False [1, 0, 1, 6, 1, 1]
7 5 -1 9 7 67 True False True False [1, 0, 1, 6, 4, 1]
7 5 3 13 11 67 True True False False [1, 0, 2, 0, 2, 1]
7 5 1 0 9 49 True True False False [1, 0, 2, 1, 4, 1]
7 5 -1 1 7 51 True False True False [1, 0, 2, 3, 4, 1]
7 5 -1 -5 7 39 True False False True [1, 0, 2, 3, 5, 1]
7 5 1 4 9 57 True True False False [1, 0, 2, 4, 0, 1]
7 5 -1 13 7 75 True False True False [1, 0, 2, 4, 1, 1]
7 5 3 15 11 71 True True False False [1, 0, 2, 4, 4, 1]
7 5 -3 4 5 49 True False True False [1, 0, 2, 4, 5, 1]
7 5 3 7 11 55 True True False False [1, 0, 2, 6, 5, 1]
7 5 -1 5 7 59 True False True False [1, 0, 3, 0, 0, 1]
7 5 3 11 11 63 True True False False [1, 0, 3, 1, 0, 1]
7 5 -3 3 5 47 True False True False [1, 0, 3, 1, 4, 1]
7 5 -1 -1 7 47 True False False True [1, 0, 3, 2, 5, 1]
7 5 5 16 13 57 True True False False [1, 0, 3, 3, 1, 1]
7 5 1 7 9 63 True True False False [1, 0, 3, 4, 6, 1]
7 5 1 13 9 75 True True False False [1, 0, 3, 5, 6, 1]
7 5 1 -7 9 35 True False False True [1, 0, 4, 0, 5, 1]
7 5 1 11 9 71 True True False False [1, 0, 4, 1, 6, 1]
7 5 3 4 11 49 True True False False [1, 0, 4, 2, 0, 1]
7 5 1 9 9 67 True True False False [1, 0, 4, 2, 3, 1]
7 5 7 25 15 51 True True False False [1, 0, 4, 5, 5, 1]
7 5 -5 18 3 61 True False True False [1, 0, 4, 5, 6, 1]
7 5 5 17 13 59 True True False False [1, 0, 5, 0, 4, 1]
7 5 -1 12 7 73 True False True False [1, 0, 5, 1, 4, 1]
7 5 5 18 13 61 True True False False [1, 0, 5, 5, 3, 1]
7 5 -3 13 5 67 True False True False [1, 0, 5, 5, 5, 1]
7 5 -3 5 5 51 True False True False [1, 0, 5, 6, 0, 1]
7 5 1 -4 9 41 True False False True [1, 0, 6, 1, 0, 1]
7 5 -1 7 7 63 True False True False [1, 0, 6, 2, 0, 1]
7 5 -5 19 3 63 True False True False [1, 1, 0, 1, 1, 1]
7 5 -5 17 3 59 True False True False [1, 1, 1, 1, 0, 1]
7 5 3 8 11 57 True True False False [1, 1, 1, 4, 1, 1]
7 5 -1 0 7 49 True False True False [1, 1, 2, 0, 1, 1]
7 5 -1 -8 7 33 True False False True [1, 1, 2, 5, 2, 1]
7 5 1 8 9 65 True True False False [1, 1, 3, 3, 2, 1]
7 5 -1 -7 7 35 True False False True [1, 1, 3, 4, 5, 1]
7 5 5 13 13 51 True True False False [1, 1, 4, 2, 0, 1]
7 5 -5 13 3 51 True False True False [1, 1, 4, 2, 4, 1]
7 5 1 -5 9 39 True False False True [1, 1, 4, 3, 5, 1]
7 5 1 -1 9 47 True False False True [1, 1, 4, 4, 6, 1]
7 5 3 2 11 45 True True False False [1, 1, 5, 4, 4, 1]
7 5 -5 15 3 55 True False True False [1, 1, 6, 5, 6, 1]
7 5 -1 11 7 71 True False True False [1, 2, 1, 2, 2, 1]
7 5 -3 8 5 57 True False True False [1, 2, 4, 6, 5, 1]
7 5 5 19 13 63 True True False False [1, 3, 2, 0, 5, 1]
7 5 -5 16 3 57 True False True False [1, 3, 3, 0, 5, 1]
7 5 1 -8 9 33 True False False True [1, 3, 3, 1, 0, 1]
7 5 -3 2 5 45 True False True False [1, 4, 3, 6, 5, 1]
7 5 -7 25 1 51 True False True False [3, 0, 3, 6, 4, 1]
7 5 -7 24 1 49 True False True False [3, 0, 6, 3, 0, 1]
7 6 0 0 8 50 True True True False [0, 1, 0, 0, 0, 0, 1]
7 6 2 0 10 46 True True False False [0, 1, 0, 0, 0, 2, 1]
7 6 3 7 11 55 True True False False [0, 1, 0, 0, 0, 3, 1]
7 6 -3 7 5 55 True False True False [0, 1, 0, 0, 0, 4, 1]
7 6 5 14 13 53 True True False False [0, 1, 0, 0, 0, 5, 1]
7 6 -1 0 7 49 True False True False [0, 1, 0, 0, 0, 6, 1]
7 6 3 10 11 61 True True False False [0, 1, 0, 0, 1, 0, 1]
7 6 4 14 12 62 True True False False [0, 1, 0, 0, 1, 1, 1]
7 6 -1 8 7 65 True False True False [0, 1, 0, 0, 1, 3, 1]
7 6 0 -2 8 46 True False False True [0, 1, 0, 0, 1, 4, 1]
7 6 1 2 9 53 True True False False [0, 1, 0, 0, 1, 5, 1]
7 6 2 6 10 58 True True False False [0, 1, 0, 0, 1, 6, 1]
7 6 0 6 8 62 True True True False [0, 1, 0, 0, 2, 0, 1]
7 6 1 7 9 63 True True False False [0, 1, 0, 0, 2, 1, 1]
7 6 2 8 10 62 True True False False [0, 1, 0, 0, 2, 2, 1]
7 6 -4 16 4 66 True False True False [0, 1, 0, 0, 2, 3, 1]
7 6 4 10 12 54 True True False False [0, 1, 0, 0, 2, 4, 1]
7 6 5 18 13 61 True True False False [0, 1, 0, 0, 2, 5, 1]
7 6 -1 -2 7 45 True False False True [0, 1, 0, 0, 2, 6, 1]
7 6 -1 5 7 59 True False True False [0, 1, 0, 0, 3, 0, 1]
7 6 0 -4 8 42 True False False True [0, 1, 0, 0, 3, 1, 1]
7 6 1 -6 9 37 True False False True [0, 1, 0, 0, 3, 2, 1]
7 6 3 11 11 63 True True False False [0, 1, 0, 0, 3, 4, 1]
7 6 -3 9 5 59 True False True False [0, 1, 0, 0, 3, 5, 1]
7 6 1 -2 9 45 True False False True [0, 1, 0, 0, 4, 0, 1]
7 6 3 9 11 59 True True False False [0, 1, 0, 0, 4, 2, 1]
7 6 4 18 12 70 True True False False [0, 1, 0, 0, 4, 3, 1]
7 6 -2 6 6 58 True False True False [0, 1, 0, 0, 4, 4, 1]
7 6 0 10 8 70 True True True False [0, 1, 0, 0, 4, 6, 1]
7 6 2 4 10 54 True True False False [0, 1, 0, 0, 5, 2, 1]
7 6 3 3 11 47 True True False False [0, 1, 0, 0, 5, 3, 1]
7 6 4 16 12 66 True True False False [0, 1, 0, 0, 5, 4, 1]
7 6 -1 7 7 63 True False True False [0, 1, 0, 0, 5, 6, 1]
7 6 -1 -5 7 39 True False False True [0, 1, 0, 0, 6, 2, 1]
7 6 1 8 9 65 True True False False [0, 1, 0, 0, 6, 4, 1]
7 6 3 14 11 69 True True False False [0, 1, 0, 0, 6, 6, 1]
7 6 -3 12 5 65 True False True False [0, 1, 0, 1, 0, 0, 1]
7 6 5 17 13 59 True True False False [0, 1, 0, 1, 0, 1, 1]
7 6 -1 -3 7 43 True False False True [0, 1, 0, 1, 0, 2, 1]
7 6 -5 17 3 59 True False True False [0, 1, 0, 1, 1, 1, 1]
7 6 6 20 14 54 True True False False [0, 1, 0, 1, 1, 3, 1]
7 6 1 12 9 73 True True False False [0, 1, 0, 1, 1, 4, 1]
7 6 5 19 13 63 True True False False [0, 1, 0, 1, 1, 6, 1]
7 6 -1 9 7 67 True False True False [0, 1, 0, 1, 2, 3, 1]
7 6 -2 2 6 50 True False True False [0, 1, 0, 1, 2, 5, 1]
7 6 1 10 9 69 True True False False [0, 1, 0, 1, 2, 6, 1]
7 6 0 -10 8 30 True False False True [0, 1, 0, 1, 3, 1, 1]
7 6 1 -8 9 33 True False False True [0, 1, 0, 1, 3, 3, 1]
7 6 3 13 11 67 True True False False [0, 1, 0, 1, 4, 1, 1]
7 6 1 13 9 75 True True False False [0, 1, 0, 1, 4, 2, 1]
7 6 -1 2 7 53 True False True False [0, 1, 0, 1, 4, 3, 1]
7 6 4 8 12 50 True True False False [0, 1, 0, 1, 4, 4, 1]
7 6 2 10 10 66 True True False False [0, 1, 0, 1, 4, 5, 1]
7 6 0 8 8 66 True True True False [0, 1, 0, 1, 4, 6, 1]
7 6 3 6 11 53 True True False False [0, 1, 0, 1, 5, 1, 1]
7 6 2 14 10 74 True True False False [0, 1, 0, 1, 5, 2, 1]
7 6 1 11 9 71 True True False False [0, 1, 0, 1, 5, 3, 1]
7 6 1 -4 9 41 True False False True [0, 1, 0, 1, 6, 0, 1]
7 6 1 6 9 61 True True False False [0, 1, 0, 1, 6, 1, 1]
7 6 1 5 9 59 True True False False [0, 1, 0, 1, 6, 2, 1]
7 6 -3 13 5 67 True False True False [0, 1, 0, 2, 0, 2, 1]
7 6 6 22 14 58 True True False False [0, 1, 0, 2, 0, 4, 1]
7 6 -2 12 6 70 True False True False [0, 1, 0, 2, 1, 0, 1]
7 6 0 -8 8 34 True False False True [0, 1, 0, 2, 1, 3, 1]
7 6 -1 6 7 61 True False True False [0, 1, 0, 2, 1, 5, 1]
7 6 0 2 8 54 True True True False [0, 1, 0, 2, 2, 1, 1]
7 6 6 18 14 50 True True False False [0, 1, 0, 2, 2, 5, 1]
7 6 -3 10 5 61 True False True False [0, 1, 0, 2, 2, 6, 1]
7 6 1 -1 9 47 True False False True [0, 1, 0, 2, 3, 2, 1]
7 6 1 -7 9 35 True False False True [0, 1, 0, 2, 3, 3, 1]
7 6 1 3 9 55 True True False False [0, 1, 0, 2, 3, 5, 1]
7 6 3 4 11 49 True True False False [0, 1, 0, 2, 4, 0, 1]
7 6 5 13 13 51 True True False False [0, 1, 0, 2, 4, 1, 1]
7 6 -3 6 5 53 True False True False [0, 1, 0, 2, 5, 4, 1]
7 6 5 16 13 57 True True False False [0, 1, 0, 2, 5, 6, 1]
7 6 3 5 11 51 True True False False [0, 1, 0, 2, 6, 3, 1]
7 6 2 -2 10 42 True False False True [0, 1, 0, 2, 6, 4, 1]
7 6 1 1 9 51 True True False False [0, 1, 0, 3, 0, 0, 1]
7 6 -5 18 3 61 True False True False [0, 1, 0, 3, 0, 1, 1]
7 6 -1 11 7 71 True False True False [0, 1, 0, 3, 1, 4, 1]
7 6 1 0 9 49 True True False False [0, 1, 0, 3, 2, 4, 1]
7 6 -1 12 7 73 True False True False [0, 1, 0, 3, 3, 2, 1]
7 6 2 2 10 50 True True False False [0, 1, 0, 3, 3, 3, 1]
7 6 -2 -2 6 42 True False False True [0, 1, 0, 3, 3, 4, 1]
7 6 -1 3 7 55 True False True False [0, 1, 0, 3, 4, 3, 1]
7 6 -2 10 6 66 True False True False [0, 1, 0, 3, 5, 2, 1]
7 6 5 15 13 55 True True False False [0, 1, 0, 3, 6, 0, 1]
7 6 -3 8 5 57 True False True False [0, 1, 0, 3, 6, 4, 1]
7 6 4 12 12 58 True True False False [0, 1, 0, 4, 0, 3, 1]
7 6 1 4 9 57 True True False False [0, 1, 0, 4, 2, 0, 1]
7 6 7 25 15 51 True True False False [0, 1, 0, 4, 2, 3, 1]
7 6 3 12 11 65 True True False False [0, 1, 0, 4, 3, 4, 1]
7 6 -1 13 7 75 True False True False [0, 1, 0, 5, 2, 1, 1]
7 6 3 2 11 45 True True False False [0, 1, 0, 5, 2, 2, 1]
7 6 -1 1 7 51 True False True False [0, 1, 0, 5, 3, 6, 1]
7 6 -4 12 4 58 True False True False [0, 1, 0, 5, 4, 1, 1]
7 6 -4 10 4 54 True False True False [0, 1, 0, 5, 4, 6, 1]
7 6 0 -6 8 38 True False False True [0, 1, 0, 5, 5, 1, 1]
7 6 3 8 11 57 True True False False [0, 1, 0, 5, 5, 3, 1]
7 6 -1 -7 7 35 True False False True [0, 1, 0, 5, 5, 5, 1]
7 6 3 15 11 71 True True False False [0, 1, 0, 5, 6, 6, 1]
7 6 -2 0 6 46 True False True False [0, 1, 0, 6, 0, 1, 1]
7 6 0 12 8 74 True True True False [0, 1, 0, 6, 0, 3, 1]
7 6 7 24 15 49 True True False False [0, 1, 0, 6, 1, 0, 1]
7 6 -3 11 5 63 True False True False [0, 1, 0, 6, 2, 0, 1]
7 6 -1 -6 7 37 True False False True [0, 1, 0, 6, 4, 2, 1]
7 6 -3 5 5 51 True False True False [0, 1, 0, 6, 5, 0, 1]
7 6 1 9 9 67 True True False False [0, 1, 1, 0, 3, 5, 1]
7 6 2 12 10 70 True True False False [0, 1, 1, 0, 4, 1, 1]
7 6 -3 14 5 69 True False True False [0, 1, 1, 0, 5, 0, 1]
7 6 -5 19 3 63 True False True False [0, 1, 1, 1, 0, 1, 1]
7 6 1 -3 9 43 True False False True [0, 1, 1, 1, 1, 0, 1]
7 6 -2 14 6 74 True False True False [0, 1, 1, 1, 3, 3, 1]
7 6 -1 10 7 69 True False True False [0, 1, 1, 1, 3, 6, 1]
7 6 -3 4 5 49 True False True False [0, 1, 1, 1, 4, 1, 1]
7 6 -2 8 6 62 True False True False [0, 1, 1, 2, 2, 0, 1]
7 6 -4 8 4 50 True False True False [0, 1, 1, 3, 0, 0, 1]
7 6 -1 -4 7 41 True False False True [0, 1, 1, 3, 3, 6, 1]
7 6 -3 2 5 45 True False True False [0, 1, 1, 4, 5, 5, 1]
7 6 -1 -1 7 47 True False False True [0, 1, 1, 5, 5, 3, 1]
7 6 -4 14 4 62 True False True False [0, 1, 1, 5, 6, 6, 1]
7 6 0 14 8 78 True True True False [0, 1, 1, 6, 4, 0, 1]
7 6 1 -5 9 39 True False False True [0, 1, 1, 6, 5, 2, 1]
7 6 -3 3 5 47 True False True False [0, 1, 1, 6, 6, 2, 1]
7 6 -5 16 3 57 True False True False [0, 1, 2, 1, 1, 6, 1]
7 6 -1 4 7 57 True False True False [0, 1, 2, 2, 6, 5, 1]
7 6 -5 14 3 53 True False True False [0, 1, 2, 3, 1, 2, 1]
7 6 -2 4 6 54 True False True False [0, 1, 2, 3, 5, 1, 1]
7 6 -1 -8 7 33 True False False True [0, 1, 2, 5, 2, 1, 1]
7 6 -3 15 5 71 True False True False [0, 1, 3, 1, 1, 4, 1]
7 6 -5 15 3 55 True False True False [0, 1, 3, 1, 1, 5, 1]
7 6 -5 13 3 51 True False True False [0, 1, 4, 2, 4, 1, 1]
7 6 -4 18 4 70 True False True False [0, 1, 4, 5, 0, 1, 1]
7 6 8 30 16 46 True True False False [1, 0, 0, 0, 0, 0, 1]
7 6 0 5 8 60 True True True False [1, 0, 0, 0, 1, 0, 1]
7 6 0 4 8 58 True True True False [1, 0, 0, 0, 1, 2, 1]
7 6 2 9 10 64 True True False False [1, 0, 0, 0, 3, 1, 1]
7 6 2 5 10 56 True True False False [1, 0, 0, 0, 3, 3, 1]
7 6 2 15 10 76 True True False False [1, 0, 0, 1, 0, 0, 1]
7 6 2 3 10 52 True True False False [1, 0, 0, 1, 0, 3, 1]
7 6 2 7 10 60 True True False False [1, 0, 0, 1, 1, 1, 1]
7 6 6 21 14 56 True True False False [1, 0, 0, 1, 1, 5, 1]
7 6 4 13 12 60 True True False False [1, 0, 0, 1, 3, 5, 1]
7 6 0 -5 8 40 True False False True [1, 0, 0, 1, 3, 6, 1]
7 6 4 11 12 56 True True False False [1, 0, 0, 2, 3, 2, 1]
7 6 2 1 10 48 True True False False [1, 0, 0, 2, 3, 4, 1]
7 6 0 1 8 52 True True True False [1, 0, 0, 3, 1, 4, 1]
7 6 4 9 12 52 True True False False [1, 0, 0, 3, 3, 0, 1]
7 6 -2 3 6 52 True False True False [1, 0, 0, 3, 3, 4, 1]
7 6 0 9 8 68 True True True False [1, 0, 0, 3, 3, 5, 1]
7 6 -2 5 6 56 True False True False [1, 0, 1, 0, 1, 1, 1]
7 6 0 13 8 76 True True True False [1, 0, 1, 0, 3, 0, 1]
7 6 4 17 12 68 True True False False [1, 0, 1, 0, 5, 0, 1]
7 6 2 -1 10 44 True False False True [1, 0, 1, 1, 0, 4, 1]
7 6 0 3 8 56 True True True False [1, 0, 1, 1, 1, 4, 1]
7 6 4 15 12 64 True True False False [1, 0, 1, 1, 4, 2, 1]
7 6 -2 9 6 64 True False True False [1, 0, 1, 1, 5, 4, 1]
7 6 0 7 8 64 True True True False [1, 0, 1, 1, 6, 0, 1]
7 6 -2 7 6 60 True False True False [1, 0, 1, 2, 0, 3, 1]
7 6 8 29 16 44 True True False False [1, 0, 1, 2, 0, 6, 1]
7 6 -2 11 6 68 True False True False [1, 0, 1, 2, 1, 0, 1]
7 6 -2 1 6 48 True False True False [1, 0, 1, 2, 6, 1, 1]
7 6 2 -3 10 40 True False False True [1, 0, 1, 3, 2, 4, 1]
7 6 -4 13 4 60 True False True False [1, 0, 1, 3, 5, 2, 1]
7 6 2 11 10 68 True True False False [1, 0, 1, 3, 6, 1, 1]
7 6 6 19 14 52 True True False False [1, 0, 3, 0, 1, 2, 1]
7 6 0 -1 8 48 True False False True [1, 0, 3, 1, 2, 1, 1]
7 6 -2 13 6 72 True False True False [1, 0, 3, 2, 2, 1, 1]
7 6 2 13 10 72 True True False False [1, 0, 3, 2, 4, 2, 1]
7 6 -2 -3 6 40 True False False True [1, 0, 3, 2, 4, 6, 1]
7 6 0 -11 8 28 True False False True [1, 1, 0, 0, 6, 1, 1]
7 6 -4 9 4 52 True False True False [1, 1, 0, 2, 1, 4, 1]
7 6 0 -9 8 32 True False False True [1, 1, 0, 2, 3, 3, 1]
7 6 0 -3 8 44 True False False True [1, 1, 0, 4, 5, 4, 1]
7 6 0 11 8 72 True True True False [1, 1, 0, 5, 6, 3, 1]
7 6 -4 17 4 68 True False True False [1, 1, 0, 6, 0, 4, 1]
7 6 -2 -1 6 44 True False False True [1, 1, 1, 0, 3, 3, 1]
7 6 0 -14 8 22 True False False True [1, 1, 1, 0, 4, 5, 1]
7 6 6 23 14 60 True True False False [1, 1, 1, 1, 2, 6, 1]
7 6 -4 11 4 56 True False True False [1, 1, 1, 2, 1, 3, 1]
7 6 -2 15 6 76 True False True False [1, 1, 2, 4, 1, 2, 1]
7 6 -4 15 4 64 True False True False [2, 1, 3, 3, 4, 3, 1]
7 6 -6 19 2 52 True False True False [3, 0, 0, 1, 0, 0, 1]
7 6 -6 22 2 58 True False True False [3, 0, 1, 0, 1, 0, 1]
7 6 -6 21 2 56 True False True False [3, 0, 1, 1, 6, 5, 1]
7 6 -6 18 2 50 True False True False [3, 1, 2, 3, 2, 5, 1]
7 6 -6 20 2 54 True False True False [3, 1, 4, 3, 5, 3, 1]
7 6 -6 23 2 60 True False True False [3, 1, 6, 4, 1, 3, 1]
--- summary ---
distinct (p,a1,a2) found: 587
all satisfy Weil RH: True
SIGNED kernel (no flip makes b>=0): 97
  p=3 deg=5 a1=0 a2=-2 N1=4 N2=6 f=[0, 1, 1, 0, 2, 1]
  p=3 deg=5 a1=-1 a2=-2 N1=3 N2=5 f=[0, 2, 0, 2, 1, 1]
  p=3 deg=5 a1=1 a2=-2 N1=5 N2=5 f=[0, 2, 0, 2, 2, 1]
  p=3 deg=5 a1=-1 a2=-1 N1=3 N2=7 f=[1, 1, 0, 1, 1, 1]
  p=3 deg=5 a1=1 a2=-1 N1=5 N2=7 f=[1, 1, 2, 0, 0, 1]
  p=3 deg=6 a1=1 a2=-1 N1=5 N2=7 f=[0, 1, 0, 0, 2, 1, 1]
  p=3 deg=6 a1=0 a2=-2 N1=4 N2=6 f=[0, 1, 0, 2, 0, 2, 1]
  p=3 deg=6 a1=-1 a2=-1 N1=3 N2=7 f=[0, 1, 1, 1, 0, 1, 1]
  p=3 deg=6 a1=1 a2=-2 N1=5 N2=5 f=[0, 1, 1, 2, 1, 0, 1]
  p=3 deg=6 a1=0 a2=-1 N1=4 N2=8 f=[1, 0, 2, 1, 1, 2, 1]
a1 = 0 (b_1 = 0: no +-1-spin partition function has a vanishing z^1 coefficient): 77
  p=3 deg=5 a2=2 N1=4 N2=14 f=[0, 1, 0, 0, 0, 1]
  p=3 deg=5 a2=-2 N1=4 N2=6 f=[0, 1, 1, 0, 2, 1]
  p=3 deg=5 a2=4 N1=4 N2=18 f=[0, 2, 0, 1, 0, 1]
  p=3 deg=5 a2=0 N1=4 N2=10 f=[0, 2, 1, 1, 2, 1]
  p=3 deg=6 a2=0 N1=4 N2=10 f=[0, 1, 0, 0, 0, 0, 1]
  p=3 deg=6 a2=-2 N1=4 N2=6 f=[0, 1, 0, 2, 0, 2, 1]
regularization example: p=3 a1=0 a2=-2, P~ coefficients b = [ 1.      0.     -0.6667  0.      1.    ]
smallest m with all coefficients of P~(z)(1+z)^m positive: 7
  q(z)/(1+z)^m == P~(z) exactly (max abs diff): 4.973799150320701e-14
  hence roots of q = roots of P~ (unit circle) + {-1} x m: on the unit circle: True
g=1: p=5 a1=-2  |a1|/(2 sqrt p)=0.4472  J=0.4024  J>=0:True  roots on circle:True  Hasse:True
g=1: p=5 a1=4  |a1|/(2 sqrt p)=0.8944  J=0.0558  J>=0:True  roots on circle:True  Hasse:True
g=1: p=7 a1=-5  |a1|/(2 sqrt p)=0.9449  J=0.0283  J>=0:True  roots on circle:True  Hasse:True
g=1: p=11 a1=6  |a1|/(2 sqrt p)=0.9045  J=0.0502  J>=0:True  roots on circle:True  Hasse:True
g=1: p=13 a1=8  |a1|/(2 sqrt p)=1.1094  J=-0.0519  J>=0:False  roots on circle:False  Hasse:False
elapsed s: 24.7
