This is pdfTeX, Version 3.141592653-2.6-1.40.29 (TeX Live 2026) (preloaded format=pdflatex)
 restricted \write18 enabled.
entering extended mode
(./alkl23-note.tex
LaTeX2e <2026-06-01>
L3 programming layer <2026-08-10>
(/Users/jaytyagi/texlive/2026/texmf-dist/tex/latex/base/article.cls
Document Class: article 2025/01/22 v1.4n Standard LaTeX document class
(/Users/jaytyagi/texlive/2026/texmf-dist/tex/latex/base/size11.clo))
(/Users/jaytyagi/texlive/2026/texmf-dist/tex/latex/geometry/geometry.sty
(/Users/jaytyagi/texlive/2026/texmf-dist/tex/latex/graphics/keyval.sty)
(/Users/jaytyagi/texlive/2026/texmf-dist/tex/generic/iftex/ifvtex.sty
(/Users/jaytyagi/texlive/2026/texmf-dist/tex/generic/iftex/iftex.sty)))
(/Users/jaytyagi/texlive/2026/texmf-dist/tex/latex/amsmath/amsmath.sty
For additional information on amsmath, use the `?' option.
(/Users/jaytyagi/texlive/2026/texmf-dist/tex/latex/amsmath/amstext.sty
(/Users/jaytyagi/texlive/2026/texmf-dist/tex/latex/amsmath/amsgen.sty))
(/Users/jaytyagi/texlive/2026/texmf-dist/tex/latex/amsmath/amsbsy.sty)
(/Users/jaytyagi/texlive/2026/texmf-dist/tex/latex/amsmath/amsopn.sty))
(/Users/jaytyagi/texlive/2026/texmf-dist/tex/latex/amsfonts/amssymb.sty
(/Users/jaytyagi/texlive/2026/texmf-dist/tex/latex/amsfonts/amsfonts.sty))
(/Users/jaytyagi/texlive/2026/texmf-dist/tex/latex/amscls/amsthm.sty)
(/Users/jaytyagi/texlive/2026/texmf-dist/tex/latex/hyperref/hyperref.sty
(/Users/jaytyagi/texlive/2026/texmf-dist/tex/latex/kvsetkeys/kvsetkeys.sty)
(/Users/jaytyagi/texlive/2026/texmf-dist/tex/generic/kvdefinekeys/kvdefinekeys.
sty)
(/Users/jaytyagi/texlive/2026/texmf-dist/tex/generic/pdfescape/pdfescape.sty
(/Users/jaytyagi/texlive/2026/texmf-dist/tex/generic/ltxcmds/ltxcmds.sty)
(/Users/jaytyagi/texlive/2026/texmf-dist/tex/generic/pdftexcmds/pdftexcmds.sty
(/Users/jaytyagi/texlive/2026/texmf-dist/tex/generic/infwarerr/infwarerr.sty)))
 (/Users/jaytyagi/texlive/2026/texmf-dist/tex/latex/hycolor/hycolor.sty)
(/Users/jaytyagi/texlive/2026/texmf-dist/tex/latex/hyperref/nameref.sty
(/Users/jaytyagi/texlive/2026/texmf-dist/tex/latex/refcount/refcount.sty)
(/Users/jaytyagi/texlive/2026/texmf-dist/tex/generic/gettitlestring/gettitlestr
ing.sty
(/Users/jaytyagi/texlive/2026/texmf-dist/tex/latex/kvoptions/kvoptions.sty)))
(/Users/jaytyagi/texlive/2026/texmf-dist/tex/latex/etoolbox/etoolbox.sty)
(/Users/jaytyagi/texlive/2026/texmf-dist/tex/generic/stringenc/stringenc.sty)
(/Users/jaytyagi/texlive/2026/texmf-dist/tex/latex/hyperref/pd1enc.def)
(/Users/jaytyagi/texlive/2026/texmf-dist/tex/generic/intcalc/intcalc.sty)
(/Users/jaytyagi/texlive/2026/texmf-dist/tex/latex/hyperref/puenc.def)
(/Users/jaytyagi/texlive/2026/texmf-dist/tex/latex/url/url.sty)
(/Users/jaytyagi/texlive/2026/texmf-dist/tex/generic/bitset/bitset.sty
(/Users/jaytyagi/texlive/2026/texmf-dist/tex/generic/bigintcalc/bigintcalc.sty)
)) (/Users/jaytyagi/texlive/2026/texmf-dist/tex/latex/hyperref/hpdftex.def
(/Users/jaytyagi/texlive/2026/texmf-dist/tex/latex/rerunfilecheck/rerunfilechec
k.sty
(/Users/jaytyagi/texlive/2026/texmf-dist/tex/generic/uniquecounter/uniquecounte
r.sty)))
(/Users/jaytyagi/texlive/2026/texmf-dist/tex/latex/enumitem/enumitem.sty)
(/Users/jaytyagi/texlive/2026/texmf-dist/tex/latex/l3kernel/l3backend-pdftex.de
f)
No file alkl23-note.aux.
*geometry* driver: auto-detecting
*geometry* detected driver: pdftex
(/Users/jaytyagi/texlive/2026/texmf-dist/tex/latex/amsfonts/umsa.fd)
(/Users/jaytyagi/texlive/2026/texmf-dist/tex/latex/amsfonts/umsb.fd)

LaTeX Warning: Citation `ALKL24' on page 1 undefined on input line 27.


LaTeX Warning: Citation `ALKL24' on page 1 undefined on input line 33.

[1{/Users/jaytyagi/texlive/2026/texmf-var/fonts/map/pdftex/updmap/pdftex.map}{/
Users/jaytyagi/texlive/2026/texmf-dist/fonts/enc/dvips/cm-super/cm-super-ts1.en
c}]

LaTeX Warning: Citation `Wen03' on page 2 undefined on input line 58.


LaTeX Warning: Citation `ALKL24m' on page 2 undefined on input line 58.

[2]

LaTeX Warning: Reference `interp' on page 3 undefined on input line 65.


LaTeX Warning: Citation `Wen03' on page 3 undefined on input line 65.


LaTeX Warning: Citation `Wen03' on page 3 undefined on input line 65.


LaTeX Warning: Citation `ALKL24m' on page 3 undefined on input line 67.


LaTeX Warning: Reference `interp' on page 3 undefined on input line 70.

[3] [4] (./alkl23-note.aux)

LaTeX Warning: There were undefined references.


LaTeX Warning: Label(s) may have changed. Rerun to get cross-references right.


Package rerunfilecheck Warning: File `alkl23-note.out' has changed.
(rerunfilecheck)                Rerun to get outlines right
(rerunfilecheck)                or use package `bookmark'.

 )</Users/jaytyagi/texlive/2026/texmf-dist/fonts/type1/public/amsfonts/cm/cmbx1
0.pfb></Users/jaytyagi/texlive/2026/texmf-dist/fonts/type1/public/amsfonts/cm/c
mbx12.pfb></Users/jaytyagi/texlive/2026/texmf-dist/fonts/type1/public/amsfonts/
cm/cmex10.pfb></Users/jaytyagi/texlive/2026/texmf-dist/fonts/type1/public/amsfo
nts/cm/cmmi10.pfb></Users/jaytyagi/texlive/2026/texmf-dist/fonts/type1/public/a
msfonts/cm/cmmi6.pfb></Users/jaytyagi/texlive/2026/texmf-dist/fonts/type1/publi
c/amsfonts/cm/cmmi8.pfb></Users/jaytyagi/texlive/2026/texmf-dist/fonts/type1/pu
blic/amsfonts/cm/cmr10.pfb></Users/jaytyagi/texlive/2026/texmf-dist/fonts/type1
/public/amsfonts/cm/cmr12.pfb></Users/jaytyagi/texlive/2026/texmf-dist/fonts/ty
pe1/public/amsfonts/cm/cmr6.pfb></Users/jaytyagi/texlive/2026/texmf-dist/fonts/
type1/public/amsfonts/cm/cmr8.pfb></Users/jaytyagi/texlive/2026/texmf-dist/font
s/type1/public/amsfonts/cm/cmr9.pfb></Users/jaytyagi/texlive/2026/texmf-dist/fo
nts/type1/public/amsfonts/cm/cmsy10.pfb></Users/jaytyagi/texlive/2026/texmf-dis
t/fonts/type1/public/amsfonts/cm/cmsy6.pfb></Users/jaytyagi/texlive/2026/texmf-
dist/fonts/type1/public/amsfonts/cm/cmsy8.pfb></Users/jaytyagi/texlive/2026/tex
mf-dist/fonts/type1/public/amsfonts/cm/cmti10.pfb></Users/jaytyagi/texlive/2026
/texmf-dist/fonts/type1/public/amsfonts/cm/cmti12.pfb></Users/jaytyagi/texlive/
2026/texmf-dist/fonts/type1/public/amsfonts/cm/cmti9.pfb></Users/jaytyagi/texli
ve/2026/texmf-dist/fonts/type1/public/amsfonts/cm/cmtt10.pfb></Users/jaytyagi/t
exlive/2026/texmf-dist/fonts/type1/public/amsfonts/cm/cmtt9.pfb></Users/jaytyag
i/texlive/2026/texmf-dist/fonts/type1/public/amsfonts/symbols/msbm10.pfb></User
s/jaytyagi/texlive/2026/texmf-dist/fonts/type1/public/cm-super/sfrm0600.pfb></U
sers/jaytyagi/texlive/2026/texmf-dist/fonts/type1/public/cm-super/sfrm0800.pfb>
</Users/jaytyagi/texlive/2026/texmf-dist/fonts/type1/public/cm-super/sfrm1095.p
fb>
Output written on alkl23-note.pdf (4 pages, 272161 bytes).
Transcript written on alkl23-note.log.
