This is pdfTeX, Version 3.141592653-2.6-1.40.29 (TeX Live 2026) (preloaded format=pdflatex)
 restricted \write18 enabled.
entering extended mode
(./alkl23-note.tex
LaTeX2e <2026-06-01>
L3 programming layer <2026-08-10>
(/Users/jaytyagi/texlive/2026/texmf-dist/tex/latex/base/article.cls
Document Class: article 2025/01/22 v1.4n Standard LaTeX document class
(/Users/jaytyagi/texlive/2026/texmf-dist/tex/latex/base/size11.clo))
(/Users/jaytyagi/texlive/2026/texmf-dist/tex/latex/geometry/geometry.sty
(/Users/jaytyagi/texlive/2026/texmf-dist/tex/latex/graphics/keyval.sty)
(/Users/jaytyagi/texlive/2026/texmf-dist/tex/generic/iftex/ifvtex.sty
(/Users/jaytyagi/texlive/2026/texmf-dist/tex/generic/iftex/iftex.sty)))
(/Users/jaytyagi/texlive/2026/texmf-dist/tex/latex/amsmath/amsmath.sty
For additional information on amsmath, use the `?' option.
(/Users/jaytyagi/texlive/2026/texmf-dist/tex/latex/amsmath/amstext.sty
(/Users/jaytyagi/texlive/2026/texmf-dist/tex/latex/amsmath/amsgen.sty))
(/Users/jaytyagi/texlive/2026/texmf-dist/tex/latex/amsmath/amsbsy.sty)
(/Users/jaytyagi/texlive/2026/texmf-dist/tex/latex/amsmath/amsopn.sty))
(/Users/jaytyagi/texlive/2026/texmf-dist/tex/latex/amsfonts/amssymb.sty
(/Users/jaytyagi/texlive/2026/texmf-dist/tex/latex/amsfonts/amsfonts.sty))
(/Users/jaytyagi/texlive/2026/texmf-dist/tex/latex/amscls/amsthm.sty)
(/Users/jaytyagi/texlive/2026/texmf-dist/tex/latex/hyperref/hyperref.sty
(/Users/jaytyagi/texlive/2026/texmf-dist/tex/latex/kvsetkeys/kvsetkeys.sty)
(/Users/jaytyagi/texlive/2026/texmf-dist/tex/generic/kvdefinekeys/kvdefinekeys.
sty)
(/Users/jaytyagi/texlive/2026/texmf-dist/tex/generic/pdfescape/pdfescape.sty
(/Users/jaytyagi/texlive/2026/texmf-dist/tex/generic/ltxcmds/ltxcmds.sty)
(/Users/jaytyagi/texlive/2026/texmf-dist/tex/generic/pdftexcmds/pdftexcmds.sty
(/Users/jaytyagi/texlive/2026/texmf-dist/tex/generic/infwarerr/infwarerr.sty)))
 (/Users/jaytyagi/texlive/2026/texmf-dist/tex/latex/hycolor/hycolor.sty)
(/Users/jaytyagi/texlive/2026/texmf-dist/tex/latex/hyperref/nameref.sty
(/Users/jaytyagi/texlive/2026/texmf-dist/tex/latex/refcount/refcount.sty)
(/Users/jaytyagi/texlive/2026/texmf-dist/tex/generic/gettitlestring/gettitlestr
ing.sty
(/Users/jaytyagi/texlive/2026/texmf-dist/tex/latex/kvoptions/kvoptions.sty)))
(/Users/jaytyagi/texlive/2026/texmf-dist/tex/latex/etoolbox/etoolbox.sty)
(/Users/jaytyagi/texlive/2026/texmf-dist/tex/generic/stringenc/stringenc.sty)
(/Users/jaytyagi/texlive/2026/texmf-dist/tex/latex/hyperref/pd1enc.def)
(/Users/jaytyagi/texlive/2026/texmf-dist/tex/generic/intcalc/intcalc.sty)
(/Users/jaytyagi/texlive/2026/texmf-dist/tex/latex/hyperref/puenc.def)
(/Users/jaytyagi/texlive/2026/texmf-dist/tex/latex/url/url.sty)
(/Users/jaytyagi/texlive/2026/texmf-dist/tex/generic/bitset/bitset.sty
(/Users/jaytyagi/texlive/2026/texmf-dist/tex/generic/bigintcalc/bigintcalc.sty)
)) (/Users/jaytyagi/texlive/2026/texmf-dist/tex/latex/hyperref/hpdftex.def
(/Users/jaytyagi/texlive/2026/texmf-dist/tex/latex/rerunfilecheck/rerunfilechec
k.sty
(/Users/jaytyagi/texlive/2026/texmf-dist/tex/generic/uniquecounter/uniquecounte
r.sty)))
(/Users/jaytyagi/texlive/2026/texmf-dist/tex/latex/enumitem/enumitem.sty)
(/Users/jaytyagi/texlive/2026/texmf-dist/tex/latex/l3kernel/l3backend-pdftex.de
f) (./alkl23-note.aux)
*geometry* driver: auto-detecting
*geometry* detected driver: pdftex
(./alkl23-note.out) (./alkl23-note.out)
(/Users/jaytyagi/texlive/2026/texmf-dist/tex/latex/amsfonts/umsa.fd)
(/Users/jaytyagi/texlive/2026/texmf-dist/tex/latex/amsfonts/umsb.fd) [1{/Users/
jaytyagi/texlive/2026/texmf-var/fonts/map/pdftex/updmap/pdftex.map}{/Users/jayt
yagi/texlive/2026/texmf-dist/fonts/enc/dvips/cm-super/cm-super-ts1.enc}]
[2] [3] [4] (./alkl23-note.aux) )</Users/jaytyagi/texlive/2026/texmf-dist/fonts
/type1/public/amsfonts/cm/cmbx10.pfb></Users/jaytyagi/texlive/2026/texmf-dist/f
onts/type1/public/amsfonts/cm/cmbx12.pfb></Users/jaytyagi/texlive/2026/texmf-di
st/fonts/type1/public/amsfonts/cm/cmex10.pfb></Users/jaytyagi/texlive/2026/texm
f-dist/fonts/type1/public/amsfonts/cm/cmmi10.pfb></Users/jaytyagi/texlive/2026/
texmf-dist/fonts/type1/public/amsfonts/cm/cmmi6.pfb></Users/jaytyagi/texlive/20
26/texmf-dist/fonts/type1/public/amsfonts/cm/cmmi8.pfb></Users/jaytyagi/texlive
/2026/texmf-dist/fonts/type1/public/amsfonts/cm/cmr10.pfb></Users/jaytyagi/texl
ive/2026/texmf-dist/fonts/type1/public/amsfonts/cm/cmr12.pfb></Users/jaytyagi/t
exlive/2026/texmf-dist/fonts/type1/public/amsfonts/cm/cmr6.pfb></Users/jaytyagi
/texlive/2026/texmf-dist/fonts/type1/public/amsfonts/cm/cmr8.pfb></Users/jaytya
gi/texlive/2026/texmf-dist/fonts/type1/public/amsfonts/cm/cmr9.pfb></Users/jayt
yagi/texlive/2026/texmf-dist/fonts/type1/public/amsfonts/cm/cmsy10.pfb></Users/
jaytyagi/texlive/2026/texmf-dist/fonts/type1/public/amsfonts/cm/cmsy6.pfb></Use
rs/jaytyagi/texlive/2026/texmf-dist/fonts/type1/public/amsfonts/cm/cmsy8.pfb></
Users/jaytyagi/texlive/2026/texmf-dist/fonts/type1/public/amsfonts/cm/cmti10.pf
b></Users/jaytyagi/texlive/2026/texmf-dist/fonts/type1/public/amsfonts/cm/cmti1
2.pfb></Users/jaytyagi/texlive/2026/texmf-dist/fonts/type1/public/amsfonts/cm/c
mti9.pfb></Users/jaytyagi/texlive/2026/texmf-dist/fonts/type1/public/amsfonts/c
m/cmtt10.pfb></Users/jaytyagi/texlive/2026/texmf-dist/fonts/type1/public/amsfon
ts/cm/cmtt9.pfb></Users/jaytyagi/texlive/2026/texmf-dist/fonts/type1/public/ams
fonts/symbols/msbm10.pfb></Users/jaytyagi/texlive/2026/texmf-dist/fonts/type1/p
ublic/cm-super/sfrm0600.pfb></Users/jaytyagi/texlive/2026/texmf-dist/fonts/type
1/public/cm-super/sfrm0800.pfb></Users/jaytyagi/texlive/2026/texmf-dist/fonts/t
ype1/public/cm-super/sfrm1095.pfb>
Output written on alkl23-note.pdf (4 pages, 272426 bytes).
Transcript written on alkl23-note.log.
