=== config-i1-witness.json start 2026-09-29 13:52:00 IST ===
{
  "challenge_module": "Challenge.I1Witness",
  "solution_module": "Solution.I1Witness",
  "theorem_names": [
    "lambdaVec_rec",
    "lambdaVec_one",
    "lambdaVec_eq_zero_of_not_dvd",
    "epsteinB_one",
    "epstein_thirtysix_coeff",
    "epstein_witness_36",
    "kappa_pos",
    "dhA_one",
    "dh_three_coeff",
    "dh_witness_3",
    "dh_twelve_coeff",
    "dh_witness_12",
    "dh_four",
    "dh_six"
  ],
  "permitted_axioms": [
    "propext",
    "Quot.sound",
    "Classical.choice"
  ],
  "enable_nanoda": true
}
lean: Lean (version 4.33.0-rc2, x86_64-unknown-linux-gnu, commit d8b18978322de05a8f3dba51ef03cf5461676c17, Release)
mathlib: 51e6992efd06126df61a496bebf8f49482a4e129
COMPARATOR_LEAN4EXPORT=/home/jay-tyagi/rh-lean-linux/tools/lean4export/.lake/build/bin/lean4export
COMPARATOR_NANODA=/home/jay-tyagi/rh-lean-linux/tools/nanoda_lib/target/release/nanoda_bin
COMPARATOR_LANDRUN=/home/jay-tyagi/rh-lean-linux/tools/landrun/landrun
Building Challenge.I1Witness
⚠ [8698/8698] Built Challenge.I1Witness (2.3s)
warning: comparator/Challenge/I1Witness.lean:45:8: declaration uses `sorry`
warning: comparator/Challenge/I1Witness.lean:51:8: declaration uses `sorry`
warning: comparator/Challenge/I1Witness.lean:55:8: declaration uses `sorry`
warning: comparator/Challenge/I1Witness.lean:60:8: declaration uses `sorry`
warning: comparator/Challenge/I1Witness.lean:64:8: declaration uses `sorry`
warning: comparator/Challenge/I1Witness.lean:70:8: declaration uses `sorry`
warning: comparator/Challenge/I1Witness.lean:77:8: declaration uses `sorry`
warning: comparator/Challenge/I1Witness.lean:81:8: declaration uses `sorry`
warning: comparator/Challenge/I1Witness.lean:85:8: declaration uses `sorry`
warning: comparator/Challenge/I1Witness.lean:89:8: declaration uses `sorry`
warning: comparator/Challenge/I1Witness.lean:93:8: declaration uses `sorry`
warning: comparator/Challenge/I1Witness.lean:98:8: declaration uses `sorry`
warning: comparator/Challenge/I1Witness.lean:105:8: declaration uses `sorry`
warning: comparator/Challenge/I1Witness.lean:111:8: declaration uses `sorry`
Build completed successfully (8698 jobs).
Exporting #[Nat, String, String.mk, Char, Quot, Quot.mk, Quot.lift, Quot.ind, lambdaVec_rec, lambdaVec_one, lambdaVec_eq_zero_of_not_dvd, epsteinB_one, epstein_thirtysix_coeff, epstein_witness_36, kappa_pos, dhA_one, dh_three_coeff, dh_witness_3, dh_twelve_coeff, dh_witness_12, dh_four, dh_six, propext, Quot.sound, Classical.choice, Nat.add, Nat.sub, Nat.mul, Nat.pow, Nat.gcd, Nat.div, Nat.mod, Nat.beq, Nat.ble, Nat.land, Nat.lor, Nat.xor, Nat.shiftLeft, Nat.shiftRight, String.ofList, Char.ofNat, List, eagerReduce] from Challenge.I1Witness
Building Solution.I1Witness
✔ [8698/8698] Built Solution.I1Witness (12s)
Build completed successfully (8698 jobs).
Exporting #[Nat, String, String.mk, Char, Quot, Quot.mk, Quot.lift, Quot.ind, lambdaVec_rec, lambdaVec_one, lambdaVec_eq_zero_of_not_dvd, epsteinB_one, epstein_thirtysix_coeff, epstein_witness_36, kappa_pos, dhA_one, dh_three_coeff, dh_witness_3, dh_twelve_coeff, dh_witness_12, dh_four, dh_six, propext, Quot.sound, Classical.choice, Nat.add, Nat.sub, Nat.mul, Nat.pow, Nat.gcd, Nat.div, Nat.mod, Nat.beq, Nat.ble, Nat.land, Nat.lor, Nat.xor, Nat.shiftLeft, Nat.shiftRight, String.ofList, Char.ofNat, List, eagerReduce] from Solution.I1Witness
Running nanoda kernel on solution
Nanoda kernel accepts the solution
Running Lean default kernel on solution.
Lean default kernel accepts the solution
Your solution is okay!
	Command being timed: "lake env /home/jay-tyagi/rh-lean-linux/tools/comparator/.lake/build/bin/comparator comparator/config-i1-witness.json"
	User time (seconds): 58.43
	System time (seconds): 5.94
	Percent of CPU this job got: 112%
	Elapsed (wall clock) time (h:mm:ss or m:ss): 0:57.47
	Average shared text size (kbytes): 0
	Average unshared data size (kbytes): 0
	Average stack size (kbytes): 0
	Average total size (kbytes): 0
	Maximum resident set size (kbytes): 7824652
	Average resident set size (kbytes): 0
	Major (requiring I/O) page faults: 0
	Minor (reclaiming a frame) page faults: 1698754
	Voluntary context switches: 182450
	Involuntary context switches: 1641
	Swaps: 0
	File system inputs: 288
	File system outputs: 27544
	Socket messages sent: 0
	Socket messages received: 0
	Signals delivered: 0
	Page size (bytes): 4096
	Exit status: 0
--- comparator exit code: 0 ---
=== end 2026-09-29 13:52:57 IST ===
