=== config-epstein-witness-six.json start 2026-09-29 13:51:25 IST ===
{
  "challenge_module": "Challenge.EpsteinWitnessSix",
  "solution_module": "Solution.EpsteinWitnessSix",
  "theorem_names": [
    "epsteinB_one",
    "epstein_six_coeff",
    "epstein_witness_6"
  ],
  "permitted_axioms": [
    "propext",
    "Quot.sound",
    "Classical.choice"
  ],
  "enable_nanoda": true
}
lean: Lean (version 4.33.0-rc2, x86_64-unknown-linux-gnu, commit d8b18978322de05a8f3dba51ef03cf5461676c17, Release)
mathlib: 51e6992efd06126df61a496bebf8f49482a4e129
COMPARATOR_LEAN4EXPORT=/home/jay-tyagi/rh-lean-linux/tools/lean4export/.lake/build/bin/lean4export
COMPARATOR_NANODA=/home/jay-tyagi/rh-lean-linux/tools/nanoda_lib/target/release/nanoda_bin
COMPARATOR_LANDRUN=/home/jay-tyagi/rh-lean-linux/tools/landrun/landrun
Building Challenge.EpsteinWitnessSix
✔ [8697/8698] Built ChallengeDeps.I1Witness (2.1s)
⚠ [8698/8698] Built Challenge.EpsteinWitnessSix (2.2s)
warning: comparator/Challenge/EpsteinWitnessSix.lean:38:8: declaration uses `sorry`
warning: comparator/Challenge/EpsteinWitnessSix.lean:42:8: declaration uses `sorry`
warning: comparator/Challenge/EpsteinWitnessSix.lean:46:8: declaration uses `sorry`
Build completed successfully (8698 jobs).
Exporting #[Nat, String, String.mk, Char, Quot, Quot.mk, Quot.lift, Quot.ind, epsteinB_one, epstein_six_coeff, epstein_witness_6, propext, Quot.sound, Classical.choice, Nat.add, Nat.sub, Nat.mul, Nat.pow, Nat.gcd, Nat.div, Nat.mod, Nat.beq, Nat.ble, Nat.land, Nat.lor, Nat.xor, Nat.shiftLeft, Nat.shiftRight, String.ofList, Char.ofNat, List, eagerReduce] from Challenge.EpsteinWitnessSix
Building Solution.EpsteinWitnessSix
✔ [8698/8698] Built Solution.EpsteinWitnessSix (2.6s)
Build completed successfully (8698 jobs).
Exporting #[Nat, String, String.mk, Char, Quot, Quot.mk, Quot.lift, Quot.ind, epsteinB_one, epstein_six_coeff, epstein_witness_6, propext, Quot.sound, Classical.choice, Nat.add, Nat.sub, Nat.mul, Nat.pow, Nat.gcd, Nat.div, Nat.mod, Nat.beq, Nat.ble, Nat.land, Nat.lor, Nat.xor, Nat.shiftLeft, Nat.shiftRight, String.ofList, Char.ofNat, List, eagerReduce] from Solution.EpsteinWitnessSix
Running nanoda kernel on solution
Nanoda kernel accepts the solution
Running Lean default kernel on solution.
Lean default kernel accepts the solution
Your solution is okay!
	Command being timed: "lake env /home/jay-tyagi/rh-lean-linux/tools/comparator/.lake/build/bin/comparator comparator/config-epstein-witness-six.json"
	User time (seconds): 33.91
	System time (seconds): 5.51
	Percent of CPU this job got: 115%
	Elapsed (wall clock) time (h:mm:ss or m:ss): 0:34.02
	Average shared text size (kbytes): 0
	Average unshared data size (kbytes): 0
	Average stack size (kbytes): 0
	Average total size (kbytes): 0
	Maximum resident set size (kbytes): 6738480
	Average resident set size (kbytes): 0
	Major (requiring I/O) page faults: 1
	Minor (reclaiming a frame) page faults: 1162319
	Voluntary context switches: 174294
	Involuntary context switches: 948
	Swaps: 0
	File system inputs: 176
	File system outputs: 39856
	Socket messages sent: 0
	Socket messages received: 0
	Signals delivered: 0
	Page size (bytes): 4096
	Exit status: 0
--- comparator exit code: 0 ---
=== end 2026-09-29 13:52:00 IST ===
