=== config-pair-channel.json start 2026-09-29 13:52:57 IST ===
{
  "challenge_module": "Challenge.PairChannel",
  "solution_module": "Solution.PairChannel",
  "theorem_names": [
    "W2_eq",
    "sum_W2_mul",
    "pairRow_eq_gridRowQ",
    "sum_W2_cosh",
    "prop45",
    "abar_sq_le",
    "floor_holds_integer",
    "floor_fails_anchor"
  ],
  "permitted_axioms": [
    "propext",
    "Quot.sound",
    "Classical.choice"
  ],
  "enable_nanoda": true
}
lean: Lean (version 4.33.0-rc2, x86_64-unknown-linux-gnu, commit d8b18978322de05a8f3dba51ef03cf5461676c17, Release)
mathlib: 51e6992efd06126df61a496bebf8f49482a4e129
COMPARATOR_LEAN4EXPORT=/home/jay-tyagi/rh-lean-linux/tools/lean4export/.lake/build/bin/lean4export
COMPARATOR_NANODA=/home/jay-tyagi/rh-lean-linux/tools/nanoda_lib/target/release/nanoda_bin
COMPARATOR_LANDRUN=/home/jay-tyagi/rh-lean-linux/tools/landrun/landrun
Building Challenge.PairChannel
✔ [8697/8698] Built ChallengeDeps.PairChannel (2.3s)
⚠ [8698/8698] Built Challenge.PairChannel (2.3s)
warning: comparator/Challenge/PairChannel.lean:53:8: declaration uses `sorry`
warning: comparator/Challenge/PairChannel.lean:58:8: declaration uses `sorry`
warning: comparator/Challenge/PairChannel.lean:65:8: declaration uses `sorry`
warning: comparator/Challenge/PairChannel.lean:70:8: declaration uses `sorry`
warning: comparator/Challenge/PairChannel.lean:76:8: declaration uses `sorry`
warning: comparator/Challenge/PairChannel.lean:82:8: declaration uses `sorry`
warning: comparator/Challenge/PairChannel.lean:86:8: declaration uses `sorry`
warning: comparator/Challenge/PairChannel.lean:92:8: declaration uses `sorry`
Build completed successfully (8698 jobs).
Exporting #[Nat, String, String.mk, Char, Quot, Quot.mk, Quot.lift, Quot.ind, W2_eq, sum_W2_mul, pairRow_eq_gridRowQ, sum_W2_cosh, prop45, abar_sq_le, floor_holds_integer, floor_fails_anchor, propext, Quot.sound, Classical.choice, Nat.add, Nat.sub, Nat.mul, Nat.pow, Nat.gcd, Nat.div, Nat.mod, Nat.beq, Nat.ble, Nat.land, Nat.lor, Nat.xor, Nat.shiftLeft, Nat.shiftRight, String.ofList, Char.ofNat, List, eagerReduce] from Challenge.PairChannel
Building Solution.PairChannel
✔ [8703/8703] Built Solution.PairChannel (2.3s)
Build completed successfully (8703 jobs).
Exporting #[Nat, String, String.mk, Char, Quot, Quot.mk, Quot.lift, Quot.ind, W2_eq, sum_W2_mul, pairRow_eq_gridRowQ, sum_W2_cosh, prop45, abar_sq_le, floor_holds_integer, floor_fails_anchor, propext, Quot.sound, Classical.choice, Nat.add, Nat.sub, Nat.mul, Nat.pow, Nat.gcd, Nat.div, Nat.mod, Nat.beq, Nat.ble, Nat.land, Nat.lor, Nat.xor, Nat.shiftLeft, Nat.shiftRight, String.ofList, Char.ofNat, List, eagerReduce] from Solution.PairChannel
Running nanoda kernel on solution
Nanoda kernel accepts the solution
Running Lean default kernel on solution.
Lean default kernel accepts the solution
Your solution is okay!
	Command being timed: "lake env /home/jay-tyagi/rh-lean-linux/tools/comparator/.lake/build/bin/comparator comparator/config-pair-channel.json"
	User time (seconds): 53.51
	System time (seconds): 5.77
	Percent of CPU this job got: 109%
	Elapsed (wall clock) time (h:mm:ss or m:ss): 0:54.28
	Average shared text size (kbytes): 0
	Average unshared data size (kbytes): 0
	Average stack size (kbytes): 0
	Average total size (kbytes): 0
	Maximum resident set size (kbytes): 6620788
	Average resident set size (kbytes): 0
	Major (requiring I/O) page faults: 3
	Minor (reclaiming a frame) page faults: 1182895
	Voluntary context switches: 203567
	Involuntary context switches: 1090
	Swaps: 0
	File system inputs: 696
	File system outputs: 39368
	Socket messages sent: 0
	Socket messages received: 0
	Signals delivered: 0
	Page size (bytes): 4096
	Exit status: 0
--- comparator exit code: 0 ---
=== end 2026-09-29 13:53:51 IST ===
