=== config-weil-containment-c2.json start 2026-09-29 13:49:56 IST ===
{
  "challenge_module": "Challenge.WeilContainmentC2",
  "solution_module": "Solution.WeilContainmentC2",
  "theorem_names": [
    "weilContainment_c2_interpolant"
  ],
  "permitted_axioms": [
    "propext",
    "Quot.sound",
    "Classical.choice"
  ],
  "enable_nanoda": true
}
lean: Lean (version 4.33.0-rc2, x86_64-unknown-linux-gnu, commit d8b18978322de05a8f3dba51ef03cf5461676c17, Release)
mathlib: 51e6992efd06126df61a496bebf8f49482a4e129
COMPARATOR_LEAN4EXPORT=/home/jay-tyagi/rh-lean-linux/tools/lean4export/.lake/build/bin/lean4export
COMPARATOR_NANODA=/home/jay-tyagi/rh-lean-linux/tools/nanoda_lib/target/release/nanoda_bin
COMPARATOR_LANDRUN=/home/jay-tyagi/rh-lean-linux/tools/landrun/landrun
Building Challenge.WeilContainmentC2
⚠ [8698/8698] Built Challenge.WeilContainmentC2 (2.2s)
warning: comparator/Challenge/WeilContainmentC2.lean:46:8: declaration uses `sorry`
Build completed successfully (8698 jobs).
Exporting #[Nat, String, String.mk, Char, Quot, Quot.mk, Quot.lift, Quot.ind, weilContainment_c2_interpolant, propext, Quot.sound, Classical.choice, Nat.add, Nat.sub, Nat.mul, Nat.pow, Nat.gcd, Nat.div, Nat.mod, Nat.beq, Nat.ble, Nat.land, Nat.lor, Nat.xor, Nat.shiftLeft, Nat.shiftRight, String.ofList, Char.ofNat, List, eagerReduce] from Challenge.WeilContainmentC2
Building Solution.WeilContainmentC2
✔ [8698/8698] Built Solution.WeilContainmentC2 (2.9s)
Build completed successfully (8698 jobs).
Exporting #[Nat, String, String.mk, Char, Quot, Quot.mk, Quot.lift, Quot.ind, weilContainment_c2_interpolant, propext, Quot.sound, Classical.choice, Nat.add, Nat.sub, Nat.mul, Nat.pow, Nat.gcd, Nat.div, Nat.mod, Nat.beq, Nat.ble, Nat.land, Nat.lor, Nat.xor, Nat.shiftLeft, Nat.shiftRight, String.ofList, Char.ofNat, List, eagerReduce] from Solution.WeilContainmentC2
Running nanoda kernel on solution
Nanoda kernel accepts the solution
Running Lean default kernel on solution.
Lean default kernel accepts the solution
Your solution is okay!
	Command being timed: "lake env /home/jay-tyagi/rh-lean-linux/tools/comparator/.lake/build/bin/comparator comparator/config-weil-containment-c2.json"
	User time (seconds): 89.17
	System time (seconds): 5.45
	Percent of CPU this job got: 106%
	Elapsed (wall clock) time (h:mm:ss or m:ss): 1:29.10
	Average shared text size (kbytes): 0
	Average unshared data size (kbytes): 0
	Average stack size (kbytes): 0
	Average total size (kbytes): 0
	Maximum resident set size (kbytes): 6670092
	Average resident set size (kbytes): 0
	Major (requiring I/O) page faults: 0
	Minor (reclaiming a frame) page faults: 1138952
	Voluntary context switches: 260254
	Involuntary context switches: 1591
	Swaps: 0
	File system inputs: 0
	File system outputs: 26832
	Socket messages sent: 0
	Socket messages received: 0
	Signals delivered: 0
	Page size (bytes): 4096
	Exit status: 0
--- comparator exit code: 0 ---
=== end 2026-09-29 13:51:25 IST ===
