K=3 {2,3,8.470247}
   first integers [1.0, 2.0, 3.0, 4.0, 6.0, 8.0, 8.4702, 9.0, 12.0, 13.0, 16.0, 16.9405]
   rho_true = 0.706825   max theta defect (rho=1) on x=2^-3..2^3: 0.000109   (rho=rho_true): 0.536
   Fejer sum S_F = 1.6541e-03
K=4 {2,3,5.391211,9.447272}
   first integers [1.0, 2.0, 3.0, 4.0, 5.3912, 6.0, 8.0, 9.0, 9.4473, 10.7824, 12.0, 13.0]
   rho_true = 0.855938   max theta defect (rho=1) on x=2^-3..2^3: 8.69e-5   (rho=rho_true): 0.263
   Fejer sum S_F = 5.3576e-03
K=5 {2,3,6.044415,8.385313,10.877985}
   first integers [1.0, 2.0, 3.0, 4.0, 6.0, 6.0444, 8.0, 8.3853, 9.0, 10.878, 12.0, 12.0888]
   rho_true = 0.933952   max theta defect (rho=1) on x=2^-3..2^3: 0.000108   (rho=rho_true): 0.121
   Fejer sum S_F = 2.6116e-03
K=7 {2,3,5.560587,7.580187,9.110379,10.341306,10.5167}
   first integers [1.0, 2.0, 3.0, 4.0, 5.5606, 6.0, 7.5802, 8.0, 9.0, 9.1104, 10.3413, 10.5167]
   rho_true = 1.203229   max theta defect (rho=1) on x=2^-3..2^3: 9.83e-5   (rho=rho_true): 0.372
   Fejer sum S_F = 8.7432e-03
Z (control)
   first integers [1.0, 2.0, 3.0, 4.0, 5.0, 6.0, 7.0, 8.0, 9.0, 10.0, 11.0, 12.0]
   rho_true = 1.000000   max theta defect (rho=1) on x=2^-3..2^3: 3.11e-61   (rho=rho_true): 3.11e-61
   Fejer sum S_F = 7.2477e-29
