=== Wed Sep 30 17:54:14 IST 2026 lake env lean <check-O>/brief-elab-check.lean
/Users/jaytyagi/Library/Mobile Documents/com~apple~CloudDocs/Documents/Work/2026/Math/riemann/rh-program/results/theoremR-lean-s36/check-O/brief-elab-check.lean:11:5: warning: Variable name `hA9` is not explicitly referenced.

Hint: The binding can be removed (if unused) or named `_` (if used implicitly). Alternatively, prefix the name with `_` to silence this warning:
  [apply] _hA9

Note: This linter can be disabled with `set_option linter.unusedVariables false`
/Users/jaytyagi/Library/Mobile Documents/com~apple~CloudDocs/Documents/Work/2026/Math/riemann/rh-program/results/theoremR-lean-s36/check-O/brief-elab-check.lean:14:13: warning: Variable name `hn` is not explicitly referenced.

Hint: The binding can be removed (if unused) or named `_` (if used implicitly). Alternatively, prefix the name with `_` to silence this warning:
  [apply] _hn

Note: This linter can be disabled with `set_option linter.unusedVariables false`
/Users/jaytyagi/Library/Mobile Documents/com~apple~CloudDocs/Documents/Work/2026/Math/riemann/rh-program/results/theoremR-lean-s36/check-O/brief-elab-check.lean:18:5: warning: Variable name `hmul` is not explicitly referenced.

Hint: The binding can be removed (if unused) or named `_` (if used implicitly). Alternatively, prefix the name with `_` to silence this warning:
  [apply] _hmul

Note: This linter can be disabled with `set_option linter.unusedVariables false`
/Users/jaytyagi/Library/Mobile Documents/com~apple~CloudDocs/Documents/Work/2026/Math/riemann/rh-program/results/theoremR-lean-s36/check-O/brief-elab-check.lean:19:5: warning: Variable name `hA9` is not explicitly referenced.

Hint: The binding can be removed (if unused) or named `_` (if used implicitly). Alternatively, prefix the name with `_` to silence this warning:
  [apply] _hA9

Note: This linter can be disabled with `set_option linter.unusedVariables false`
/Users/jaytyagi/Library/Mobile Documents/com~apple~CloudDocs/Documents/Work/2026/Math/riemann/rh-program/results/theoremR-lean-s36/check-O/brief-elab-check.lean:22:13: warning: Variable name `hp` is not explicitly referenced.

Hint: The binding can be removed (if unused) or named `_` (if used implicitly). Alternatively, prefix the name with `_` to silence this warning:
  [apply] _hp

Note: This linter can be disabled with `set_option linter.unusedVariables false`
/Users/jaytyagi/Library/Mobile Documents/com~apple~CloudDocs/Documents/Work/2026/Math/riemann/rh-program/results/theoremR-lean-s36/check-O/brief-elab-check.lean:22:38: warning: Variable name `ha` is not explicitly referenced.

Hint: The binding can be removed (if unused) or named `_` (if used implicitly). Alternatively, prefix the name with `_` to silence this warning:
  [apply] _ha

Note: This linter can be disabled with `set_option linter.unusedVariables false`
/Users/jaytyagi/Library/Mobile Documents/com~apple~CloudDocs/Documents/Work/2026/Math/riemann/rh-program/results/theoremR-lean-s36/check-O/brief-elab-check.lean:22:51: warning: Variable name `hk` is not explicitly referenced.

Hint: The binding can be removed (if unused) or named `_` (if used implicitly). Alternatively, prefix the name with `_` to silence this warning:
  [apply] _hk

Note: This linter can be disabled with `set_option linter.unusedVariables false`
/Users/jaytyagi/Library/Mobile Documents/com~apple~CloudDocs/Documents/Work/2026/Math/riemann/rh-program/results/theoremR-lean-s36/check-O/brief-elab-check.lean:25:69: warning: Variable name `hκ` is not explicitly referenced.

Hint: The binding can be removed (if unused) or named `_` (if used implicitly). Alternatively, prefix the name with `_` to silence this warning:
  [apply] _hκ

Note: This linter can be disabled with `set_option linter.unusedVariables false`
/Users/jaytyagi/Library/Mobile Documents/com~apple~CloudDocs/Documents/Work/2026/Math/riemann/rh-program/results/theoremR-lean-s36/check-O/brief-elab-check.lean:26:5: warning: Variable name `hA9` is not explicitly referenced.

Hint: The binding can be removed (if unused) or named `_` (if used implicitly). Alternatively, prefix the name with `_` to silence this warning:
  [apply] _hA9

Note: This linter can be disabled with `set_option linter.unusedVariables false`
ResidueRank.lemmaF_finite_fiber: brief's literal text == challenge type (alpha): true; with binder names (Expr.equal): true
ResidueRank.lemmaF_infinite_order: brief's literal text == challenge type (alpha): true; with binder names (Expr.equal): false
ResidueRank.theoremR: brief's literal text == challenge type (alpha): false; with binder names (Expr.equal): false
rc=0
