=== Wed Sep 30 17:51:25 IST 2026 lake build Solution.ResidueRank (clean clone /Users/jaytyagi/rh-lean-work/checker-clone-s36-residue)
other lake processes before start: 0
✔ [8700/8700] Built Solution.ResidueRank (3.3s)
Build completed successfully (8700 jobs).
        5.54 real         3.99 user         4.82 sys
          5848498176  maximum resident set size
                   0  average shared memory size
                   0  average unshared data size
                   0  average unshared stack size
              519803  page reclaims
                 144  page faults
                   0  swaps
                   0  block input operations
                   0  block output operations
                   0  messages sent
                   0  messages received
                   0  signals received
                  42  voluntary context switches
               78370  involuntary context switches
         58492279262  instructions retired
         19776714101  cycles elapsed
           314581408  peak memory footprint
rc=0
=== Wed Sep 30 17:51:31 IST 2026 end
