=== Wed Sep 30 17:50:40 IST 2026 lake build Zeta23.ResidueRank.LogPrimes (clean clone /Users/jaytyagi/rh-lean-work/checker-clone-s36-residue)
other lake processes before start: 0
✔ [8697/8697] Built Zeta23.ResidueRank.LogPrimes (6.3s)
Build completed successfully (8697 jobs).
        9.36 real         4.64 user         5.13 sys
          5879595008  maximum resident set size
                   0  average shared memory size
                   0  average unshared data size
                   0  average unshared stack size
              493576  page reclaims
               29565  page faults
                   0  swaps
                   0  block input operations
                   0  block output operations
                   0  messages sent
                   0  messages received
                   0  signals received
               17336  voluntary context switches
              107430  involuntary context switches
         58906032564  instructions retired
         20123322162  cycles elapsed
           323297720  peak memory footprint
rc=0
=== Wed Sep 30 17:50:50 IST 2026 end
