=== Wed Sep 30 17:51:04 IST 2026 lake build Zeta23.ResidueRank.Pair (clean clone /Users/jaytyagi/rh-lean-work/checker-clone-s36-residue)
other lake processes before start: 0
✔ [8698/8698] Built Zeta23.ResidueRank.Pair (3.4s)
Build completed successfully (8698 jobs).
        5.65 real         4.32 user         4.91 sys
          5873745920  maximum resident set size
                   0  average shared memory size
                   0  average unshared data size
                   0  average unshared stack size
              523087  page reclaims
                 170  page faults
                   0  swaps
                   0  block input operations
                   0  block output operations
                   0  messages sent
                   0  messages received
                   0  signals received
                  41  voluntary context switches
               80865  involuntary context switches
         58492686532  instructions retired
         20104276863  cycles elapsed
           317956512  peak memory footprint
rc=0
=== Wed Sep 30 17:51:10 IST 2026 end
