=== Wed Sep 30 17:51:31 IST 2026 lake build Challenge.ResidueRank (clean clone /Users/jaytyagi/rh-lean-work/checker-clone-s36-residue)
other lake processes before start: 0
⚠ [8697/8697] Built Challenge.ResidueRank (3.3s)
warning: comparator/Challenge/ResidueRank.lean:51:8: declaration uses `sorry`
warning: comparator/Challenge/ResidueRank.lean:57:8: declaration uses `sorry`
warning: comparator/Challenge/ResidueRank.lean:65:8: declaration uses `sorry`
warning: comparator/Challenge/ResidueRank.lean:72:8: declaration uses `sorry`
warning: comparator/Challenge/ResidueRank.lean:81:8: declaration uses `sorry`
warning: comparator/Challenge/ResidueRank.lean:93:8: declaration uses `sorry`
warning: comparator/Challenge/ResidueRank.lean:103:8: declaration uses `sorry`
warning: comparator/Challenge/ResidueRank.lean:110:8: declaration uses `sorry`
Build completed successfully (8697 jobs).
        5.64 real         3.98 user         4.83 sys
          5850497024  maximum resident set size
                   0  average shared memory size
                   0  average unshared data size
                   0  average unshared stack size
              520139  page reclaims
                 147  page faults
                   0  swaps
                   0  block input operations
                   0  block output operations
                   0  messages sent
                   0  messages received
                   0  signals received
                  46  voluntary context switches
               77671  involuntary context switches
         58610582918  instructions retired
         19915703502  cycles elapsed
           317251952  peak memory footprint
rc=0
=== Wed Sep 30 17:51:36 IST 2026 end
