=== Wed Sep 30 17:51:10 IST 2026 lake build Zeta23.ResidueRank.GenusBound (clean clone /Users/jaytyagi/rh-lean-work/checker-clone-s36-residue)
other lake processes before start: 0
✔ [8697/8697] Built Zeta23.ResidueRank.GenusBound (7.7s)
Build completed successfully (8697 jobs).
        9.95 real         8.51 user         4.89 sys
          5902237696  maximum resident set size
                   0  average shared memory size
                   0  average unshared data size
                   0  average unshared stack size
              528580  page reclaims
                 156  page faults
                   0  swaps
                   0  block input operations
                   0  block output operations
                   0  messages sent
                   0  messages received
                   0  signals received
                  42  voluntary context switches
               78461  involuntary context switches
         58339036655  instructions retired
         20146406340  cycles elapsed
           319414640  peak memory footprint
rc=0
=== Wed Sep 30 17:51:20 IST 2026 end
