Wed Sep 30 18:02:34 IST 2026
label (from the brief): Theorem R's arithmetic core Comparator-checked: the logarithms of the primes are ℚ-linearly independent, a family of positive integers N_p with p | N_p has logarithms spanning an infinite-dimensional ℚ-space, the converse rank bound, Lemma F, and Theorem R on the abstract pair (von Mangoldt weights, real fiber sums, one κ) — over Mathlib alone, no displayed hypothesis, the three standard axioms, replayed by nanoda
forbidden phrasings (from the brief): ['IV.20 is formalized', 'no target exists'] + the clause: anything connecting the topic to RH or to the zeros.
== lean/Zeta23/ResidueRank/LogPrimes.lean: label verbatim ×0; forbidden 0; 10(g) banned 0; British 0
   neg l.31: WHAT IS NOT HERE.  Nothing about the pair's geometry (the SPEC's A6–A8), no target Y, nothing about ζ or its zeros.
   READ l.87: | zero => exact absurd rfl hn
== lean/Zeta23/ResidueRank/Pair.lean: label verbatim ×0; forbidden 0; 10(g) banned 0; British 0
   neg l.36: characteristics), Lemma F(c); nothing about ζ or its zeros.
   READ l.118: | zero => simp
== lean/Zeta23/ResidueRank/GenusBound.lean: label verbatim ×0; forbidden 0; 10(g) banned 0; British 0
   neg l.28: (7)–(8) belongs to the Session-36 unit under read; nothing about ζ or its zeros.
== lean/comparator/Challenge/ResidueRank.lean: label verbatim ×0; forbidden 0; 10(g) banned 0; British 0
   neg l.39: What is NOT claimed: anything about ζ's zeros or RH; the existence or non-existence of a target Y; the SPEC's geometric axioms
== lean/comparator/Solution/ResidueRank.lean: label verbatim ×0; forbidden 0; 10(g) banned 0; British 0
== lean/comparator/PrintAxioms/ResidueRank.lean: label verbatim ×0; forbidden 0; 10(g) banned 0; British 0
== lean/comparator/config-residue-rank.json: label verbatim ×0; forbidden 0; 10(g) banned 0; British 0
== lean/formalization.yaml: label verbatim ×1; forbidden 0; 10(g) banned 0; British [('separation_clause4_in_window_noise', 475), ('grid_corner_pointwise', 632), ('grid_corner_pointwise', 633), ('grid_corner_pointwise', 1050), ('separation_clause4_in_window_noise', 1475), ('grid_corner_pointwise', 1507)]
   READ l.251: (`row2BarrierMP`), H2-A and H-TAIL (`row2AsymMP`), H3, every H_t with t ≥ 1/5 has only real zeros.
   neg l.262: - statement: "H1: no zero of ζ with 116733/200000 ≤ Re s ≤ 1, 0 ≤ Im s ≤ 2 500 000 097 429 (displayed hypothesis)"
   neg l.777: Barrier hardening: nothing about ζ's zeros or RH follows (Theorem R is RH-blind); the SPEC's geometric clauses A6–A8, the
   READ l.1137: the grid; general harmonics u_j); Prop. 4.1's ledger, (T2), (T4), (T5); the VALUE of F1 − S2 or of ā; ζ, RH, any zero.  Ledger
   READ l.1159: T2, Prop. 2.2.1, Cor. 3.1–3.2, routes (a)/(b); ζ, its zeros, RH.  Ledger text: results/theoremR-lean-s36/FIDELITY.md; the attack on
== lean/README.md: label verbatim ×1; forbidden 0; 10(g) banned 0; British 0
   neg l.662: ζ, its zeros, or RH (Theorem R is RH-blind). The displayed κ > 0 of `theoremR` is the SPEC's and is not used by the proof
   READ l.669: *More than two thirds of the zeros of the Riemann zeta function lie on the critical line*
== results/theoremR-lean-s36/BUILD-NOTES.md: label verbatim ×1; forbidden 0; 10(g) banned 0; British 0
   neg l.15: **Nothing about ζ's zeros or RH follows from anything below (10(c)).** Theorem R is RH-blind (NOTE §2.3 DH CHECK). The statements are about
   READ l.117: 2.2.1, Cor. 3.1–3.2, routes (a)/(b); ζ, its zeros, RH. Differs from the prose (r1–r11): the abstract pair; the indexing m, n ≥ 2; A5 built in;
== results/theoremR-lean-s36/FIDELITY.md: label verbatim ×1; forbidden 0; 10(g) banned 0; British 0
   neg l.12: **First paragraph, binding (10(c)).** Nothing about ζ's zeros or RH follows from anything below. Theorem R is RH-blind (NOTE §2.3 DH CHECK:
   neg l.13: "T3 is a SHAPE theorem, RH-blind; it is not a falsification channel for RH"); the eight statements are about the logarithms of integers, the
   neg l.14: von Mangoldt function, ℚ-spans in ℝ, a map into a monoid, and real inequalities — no zeta function, no zero, no explicit formula appears in any
   neg l.69: * **ζ, its zeros, RH, the DH column**: nothing.
== results/theoremR-lean-s36/PREDERIVATION-ERRATA.md: label verbatim ×0; forbidden 0; 10(g) banned 0; British 0
   READ l.5: `tools/errata_numbers.py` → `tools/errata_numbers.log` (sympy for the exact identities, a seeded random search, 1.2 s). Nothing about ζ's
   READ l.6: zeros or RH follows from anything below.
== results/theoremR-lean-s36/SHARED.md: label verbatim ×0; forbidden 0; 10(g) banned 0; British 0
   neg l.7: barrier hardening. Nothing about ζ's zeros or RH follows from anything in this unit (Theorem R is RH-blind, NOTE §2.3 DH CHECK).
   READ l.94: general-base Theorem R, Lemma F(a)'s second clause as a topic statement and Lemma F(c), the rung-1 side, the geometric reading of items 7–8, ζ, RH;
   neg l.99: everywhere, the brief's forbidden phrasings 0 everywhere — read from the brief, not quoted —, British forms 0, five RH/zeros lines without an
   READ l.100: on-line negation reviewed by hand: disclaimers and the Lean case name `zero`; PASS), `hashes.txt` (SHA-256 2badc8cfa545c73b9973a611bb7f4cfe1501a539444568fba50c6554053b8073; 33 files).
   READ l.105: item 7's bound is attained (E7). Nothing committed. Nothing about ζ's zeros or RH follows.
== results/theoremR-lean-s36/UNIT-BRIEF.md: label verbatim ×1; forbidden [('IV.20 is formalized', 29), ('no target exists', 29)]; 10(g) banned [('clearly', 3), ('obviously', 3), ('easy to see', 3), ('well known', 3)]; British 0
   neg l.3: **Written Session 36, 2026-09-30 (orchestrator Fable 5.1).** The reader's Group-IV YES on `results/beta-shapes-s35/NOTE.md` (Theorem R, staged as zoo IV.20) fired KICKSTART 10(d); this unit is the fir
   neg l.26: **(0) Toolchain and files.** The program tree: a working copy under `~/rh-lean-work/` at Lean v4.33.0-rc2 / Mathlib 51e6992e (use `~/rh-lean-work/checker-clone-s33-h4` as the build tree, or a fresh co
   neg l.29: **(3) Label**, only if everything lands with no displayed hypothesis, verbatim: "Theorem R's arithmetic core Comparator-checked: the logarithms of the primes are ℚ-linearly independent, a family of po
   neg l.36: 5. `BUILD-NOTES.md`, `FIDELITY.md` (covered: the eight statements; NOT covered: the SPEC's A6–A8, the rung-1 side, the geometric reading of 7–8, ζ, RH), `lean/formalization.yaml` rows on the PairChann
   neg l.43: **Lands:** the label of §1(3) — "the finite-rank target kill's arithmetic is kernel-checked: a target whose diagonal-row values are κ⁻¹·log of integers N_p with p | N_p cannot have a finite-dimensiona
== results/theoremR-lean-s36/build-comparator-topic.log: label verbatim ×0; forbidden 0; 10(g) banned 0; British 0
== results/theoremR-lean-s36/comparator-run.log: label verbatim ×0; forbidden 0; 10(g) banned 0; British 0
== results/theoremR-lean-s36/hashes.txt: label verbatim ×0; forbidden 0; 10(g) banned 0; British 0
== results/theoremR-lean-s36/lint-10g.log: label verbatim ×0; forbidden 0; 10(g) banned 0; British [('maths', 52), ('grey', 52), ('towards', 52), ('programme', 52), ('defence', 52), ('offence', 52), ('licence', 52)]
   neg l.2: forbidden phrasings read from UNIT-BRIEF §1(3): 2 quoted strings (not printed); plus the clause on RH / the zeros (checked below)
   READ l.45: == RH / zeros clause: every line mentioning RH, zeros or ζ must be a disclaimer (a negation on the line) — exceptions printed
   READ l.46: REVIEW results/theoremR-lean-s36/PREDERIVATION-ERRATA.md:6: zeros or RH follows from anything below.
   READ l.47: REVIEW results/theoremR-lean-s36/BUILD-NOTES.md:117: 2.2.1, Cor. 3.1–3.2, routes (a)/(b); ζ, its zeros, RH. Differs from the prose (r1–r11): the abstract pair; the indexing m, n ≥ 2; A5 built in;
   READ l.48: REVIEW lean/Zeta23/ResidueRank/LogPrimes.lean:87: | zero => exact absurd rfl hn
   READ l.49: REVIEW lean/Zeta23/ResidueRank/Pair.lean:118: | zero => simp
   READ l.50: REVIEW lean/formalization.yaml (added lines):53: T2, Prop. 2.2.1, Cor. 3.1–3.2, routes (a)/(b); ζ, its zeros, RH.  Ledger text: results/theoremR-lean-s36/FIDELITY.md; the attack on
   neg l.54: VERDICT: PASS (banned + forbidden count 0; British-form hits 0; RH/zeros lines without a negation 5, reviewed by hand below)
   neg l.56: == hand review of the 5 RH/zeros lines without a negation on the same line:
   READ l.57: PREDERIVATION-ERRATA.md:6 — the second line of the sentence 'Nothing about ζ's
   READ l.58: zeros or RH follows from anything below' (the negation is on line 5): a disclaimer.
   neg l.60: LogPrimes.lean:87, Pair.lean:118 — the Lean induction case name 'zero' (Nat.zero), not the zeros of ζ.
   neg l.61: Verdict: no line connects the topic to RH or to the zeros. PASS.
== results/theoremR-lean-s36/prerun-cleanup.log: label verbatim ×0; forbidden 0; 10(g) banned 0; British 0
== results/theoremR-lean-s36/print-axioms.log: label verbatim ×0; forbidden 0; 10(g) banned 0; British 0
== results/theoremR-lean-s36/program-axioms.lean: label verbatim ×0; forbidden 0; 10(g) banned 0; British 0
== results/theoremR-lean-s36/program-axioms.log: label verbatim ×0; forbidden 0; 10(g) banned 0; British 0
== results/theoremR-lean-s36/program-build.log: label verbatim ×0; forbidden 0; 10(g) banned 0; British 0
== results/theoremR-lean-s36/rung1-axioms.lean: label verbatim ×0; forbidden 0; 10(g) banned 0; British 0
== results/theoremR-lean-s36/rung1-build.log: label verbatim ×0; forbidden 0; 10(g) banned 0; British 0
== results/theoremR-lean-s36/rung1-print-axioms.log: label verbatim ×0; forbidden 0; 10(g) banned 0; British 0
== results/theoremR-lean-s36/statement-identity.log: label verbatim ×0; forbidden 0; 10(g) banned 0; British 0
== results/theoremR-lean-s36/tools/errata_numbers.log: label verbatim ×0; forbidden 0; 10(g) banned 0; British 0
== results/theoremR-lean-s36/tools/errata_numbers.py: label verbatim ×0; forbidden 0; 10(g) banned 0; British 0
== results/theoremR-lean-s36/tools/lint_10g.py: label verbatim ×0; forbidden 0; 10(g) banned 0; British [('televise', 19), ('noisewise', 21), ('analyses', 23), ('centre', 15), ('metre', 15), ('fibre', 15), ('maths', 59), ('grey', 59), ('towards', 59), ('programme', 16), ('programme', 59), ('defence', 16), ('defence', 59), ('offence', 16), ('offence', 59), ('licence', 16), ('licence', 59)]
   neg l.14: print("forbidden phrasings read from UNIT-BRIEF §1(3): %d quoted strings (not printed); plus the clause on RH / the zeros (checked below)" % len(forbidden))
   READ l.51: print("== RH / zeros clause: every line mentioning RH, zeros or ζ must be a disclaimer (a negation on the line) — exceptions printed")
   neg l.52: neg = re.compile(r"\b(nothing|not|NOT|no|No|never|none|blind|RH-blind|Nothing)\b")
   neg l.56: if re.search(r"\bRH\b|\bzeros?\b|ζ", line) and not neg.search(line):
   neg l.69: print("VERDICT:", "PASS" if bad == 0 and bh == 0 else "REVIEW", "(banned + forbidden count %d; British-form hits %d; RH/zeros lines without a negation %d, reviewed by hand below)" % (bad, bh, exc))
== results/theoremR-lean-s36/tools/prerun-cleanup.sh: label verbatim ×0; forbidden 0; 10(g) banned 0; British 0
== results/theoremR-lean-s36/tools/run.sh: label verbatim ×0; forbidden 0; 10(g) banned 0; British 0
== results/theoremR-lean-s36/tools/statement_identity_s36.py: label verbatim ×0; forbidden 0; 10(g) banned 0; British 0
== results/theoremR-lean-s36/tools/trust_greps_s36.py: label verbatim ×0; forbidden 0; 10(g) banned 0; British 0
== results/theoremR-lean-s36/trust-greps.log: label verbatim ×0; forbidden 0; 10(g) banned 0; British 0
== results/theoremR-lean-s36/typing-probe.lean: label verbatim ×0; forbidden 0; 10(g) banned 0; British 0
== results/theoremR-lean-s36/yaml-validation.log: label verbatim ×0; forbidden 0; 10(g) banned 0; British 0

TOTALS: forbidden-phrasing hits 2; 10(g) banned hits 4; British-spelling hits 30
rc=0
