=== Wed Sep 30 17:51:59 IST 2026 lake env lean comparator/PrintAxioms/ResidueRank.lean (clean clone)
'ResidueRank.log_primes_linearIndependent' depends on axioms: [propext, Classical.choice, Quot.sound]
'ResidueRank.span_log_not_finite' depends on axioms: [propext, Classical.choice, Quot.sound]
'ResidueRank.rank_span_log_le' depends on axioms: [propext, Classical.choice, Quot.sound]
'ResidueRank.lemmaF_finite_fiber' depends on axioms: [propext, Classical.choice, Quot.sound]
'ResidueRank.lemmaF_infinite_order' depends on axioms: [propext, Classical.choice, Quot.sound]
'ResidueRank.theoremR' depends on axioms: [propext, Classical.choice, Quot.sound]
'ResidueRank.theoremS_bound' depends on axioms: [propext, Classical.choice, Quot.sound]
'ResidueRank.theoremS' depends on axioms: [propext, Classical.choice, Quot.sound]
real 3.94
user 1.79
sys 2.16
rc=0
=== Wed Sep 30 17:52:03 IST 2026 lake env lean <check-O>/program-axioms-checker.lean (27 generated names)
'Zeta23.ResidueRank.theoremS_bound' depends on axioms: [propext, Classical.choice, Quot.sound]
'Zeta23.ResidueRank.theoremS' depends on axioms: [propext, Classical.choice, Quot.sound]
'Zeta23.ResidueRank.theoremS_abs' depends on axioms: [propext, Classical.choice, Quot.sound]
'Zeta23.ResidueRank.log_two_le_vonMangoldt' depends on axioms: [propext, Classical.choice, Quot.sound]
'Zeta23.ResidueRank.lemmaF_finite_fiber' depends on axioms: [propext, Classical.choice, Quot.sound]
'Zeta23.ResidueRank.fiber_sum_eq_log' depends on axioms: [propext, Classical.choice, Quot.sound]
'Zeta23.ResidueRank.lemmaF_infinite_order' depends on axioms: [propext, Classical.choice, Quot.sound]
'Zeta23.ResidueRank.theoremR_of_A9' depends on axioms: [propext, Classical.choice, Quot.sound]
'Zeta23.ResidueRank.theoremR' depends on axioms: [propext, Classical.choice, Quot.sound]
'Zeta23.ResidueRank.lemmaF_finite_fiber_all' depends on axioms: [propext, Classical.choice, Quot.sound]
'Zeta23.ResidueRank.lemmaF_infinite_order_all' depends on axioms: [propext, Classical.choice, Quot.sound]
'Zeta23.ResidueRank.logP' depends on axioms: [propext, Classical.choice, Quot.sound]
'Zeta23.ResidueRank.expVec' depends on axioms: [propext, Classical.choice, Quot.sound]
'Zeta23.ResidueRank.expVec_apply' depends on axioms: [propext, Classical.choice, Quot.sound]
'Zeta23.ResidueRank.expVec_one' depends on axioms: [propext, Classical.choice, Quot.sound]
'Zeta23.ResidueRank.expVec_mul' depends on axioms: [propext, Classical.choice, Quot.sound]
'Zeta23.ResidueRank.expVec_prime' depends on axioms: [propext, Classical.choice, Quot.sound]
'Zeta23.ResidueRank.linearCombination_expVec_prime' depends on axioms: [propext, Classical.choice, Quot.sound]
'Zeta23.ResidueRank.linearCombination_expVec' depends on axioms: [propext, Classical.choice, Quot.sound]
'Zeta23.ResidueRank.log_mem_span_logP' depends on axioms: [propext, Classical.choice, Quot.sound]
'Zeta23.ResidueRank.padicValRat_finset_prod' depends on axioms: [propext, Classical.choice, Quot.sound]
'Zeta23.ResidueRank.padicValRat_prime' depends on axioms: [propext, Classical.choice, Quot.sound]
'Zeta23.ResidueRank.linearIndependent_logP' depends on axioms: [propext, Classical.choice, Quot.sound]
'Zeta23.ResidueRank.log_primes_linearIndependent' depends on axioms: [propext, Classical.choice, Quot.sound]
'Zeta23.ResidueRank.span_log_not_finite' depends on axioms: [propext, Classical.choice, Quot.sound]
'Zeta23.ResidueRank.rank_span_log_le_of_supp' depends on axioms: [propext, Classical.choice, Quot.sound]
'Zeta23.ResidueRank.rank_span_log_le' depends on axioms: [propext, Classical.choice, Quot.sound]
real 4.34
user 2.04
sys 2.41
rc=0
=== Wed Sep 30 17:52:07 IST 2026 end
