Wed Sep 30 18:16:09 IST 2026
NOT FOUND  results/theoremR-lean-s36/FIDELITY.md: "read-O §2.5), in its arithmetic form | `rank_span_log_le` | ∀ {ι : Type} (S : Finset ℕ) (N : ι → ℕ), (∀ i, 0 < N i) → (∀ i p, p.Prime → p ∣ N i → p ∈ S) → Modul"
NOT FOUND  results/theoremR-lean-s36/FIDELITY.md: "are pairwise distinct | `lemmaF_infinite_order` | ∀ {E : Type} [Monoid E] (φ : ℕ → E), (∀ a b, φ (a·b) = φ a · φ b) → ∀ (v : E → ℝ) (κ : ℝ), hA9 (with cls := φ)"
NOT FOUND  results/theoremR-lean-s36/FIDELITY.md: "not stated; Λ_B, closed points, residue fields and char(B) do not appear. `theoremR` is the B = Spec Z instance (T3), with Euclid inside the proof (`Infinite Na"
NOT FOUND  results/theoremR-lean-s36/FIDELITY.md: "* (r2) Indexing. ℕ includes 0; the fibers and the span run over m, n ≥ 2 (the NOTE's n ∈ ℕ_{≥1}, n ≠ 1: Γ_1 is the diagonal, excluded as the NOTE's fiber sum ex"
NOT FOUND  results/theoremR-lean-s36/FIDELITY.md: "* (r3) A5 built in. The weight of Γ_1 ∩ Γ_m is `ArithmeticFunction.vonMangoldt m` (Mathlib's Λ: log (minFac m) on prime powers, 0 elsewhere); the NOTE's"
NOT FOUND  results/theoremR-lean-s36/FIDELITY.md: "* (r4) A9 as `HasSum`. Unconditional summation over the subtype (Mathlib's default `SummationFilter`); for the nonnegative Λ it is ordinary convergence in any o"
NOT FOUND  results/theoremR-lean-s36/FIDELITY.md: "requires. ONE κ for all fibers — the NOTE's H3.2 and read-O's sentence"
NOT FOUND  results/theoremR-lean-s36/FIDELITY.md: "* (r5) κ. Any real κ in `lemmaF_*` (no sign needed); `theoremR` displays the SPEC's κ > 0 and does not use it (§1). * (r6) Lemma F(b)'s form. Stated on φ(p^a), "
NOT FOUND  results/theoremR-lean-s36/FIDELITY.md: "as `¬ Module.Finite ℚ ↥(span"
NOT FOUND  results/theoremR-lean-s36/FIDELITY.md: "`; for a ℚ-vector space, finite = finitely generated = finite-dimensional (the probe's docstring for item 2 says"
NOT FOUND  results/theoremR-lean-s36/FIDELITY.md: "the same statement). The rank bound as `Module.rank ℚ ↥(span"
NOT FOUND  results/theoremR-lean-s36/FIDELITY.md: "≤ (S.card : Cardinal)`. * (r8) Mathlib's totalizations. `Real.log 0 = 0` (item 2 needs `hpos` because of it; item 3 does not), `Real.sqrt` of a negative number "
NOT FOUND  results/theoremR-lean-s36/FIDELITY.md: "in namespace `ResidueRank` (the probe's); the program side in `Zeta23.ResidueRank`. * (r10) Program-side binders. `rank_span_log_le` and `theoremR` name their u"
NOT FOUND  results/theoremR-lean-s36/PREDERIVATION-ERRATA.md: "delegate if Mathlib has it"
NOT FOUND  results/theoremR-lean-s36/PREDERIVATION-ERRATA.md: "in the form of `padicValRat`. (2) `span_log_not_finite`. True. Both hypotheses are needed: without `hpos`, N ≡ 0 gives Real.log 0 = 0 (Mathlib's convention) at "
NOT FOUND  results/theoremR-lean-s36/PREDERIVATION-ERRATA.md: "in its arithmetic form: the κ⁻¹-scaling from log N_D to (Δ · D)_Y is not part of the statement (it preserves rank for κ ≠ 0; not stated in Lean). (4) `lemmaF_fi"
NOT FOUND  results/theoremR-lean-s36/PREDERIVATION-ERRATA.md: "are pairwise distinct; the Lean form is phrased on φ(p^a) and needs neither φ(p^a) = φ(p)^a nor φ(1) = 1 (A7's φ_1 = id is not used — a weaker hypothesis, so a "
NOT FOUND  results/theoremR-lean-s36/PREDERIVATION-ERRATA.md: "b) the diagonal row of A11's real pairing is an arbitrary `v : ι → ℝ`; (c) A5 is built in — the weights are `ArithmeticFunction.vonMangoldt`; (d) A9 is the `Has"
NOT FOUND  results/theoremR-lean-s36/PREDERIVATION-ERRATA.md: "is NOT stated — it would need Λ_B and residue fields. `hκ : 0 < κ` is unused by the proof (E1). Non-vacuity: the hypotheses are met by cls = id, v(n) = Λ(n)/κ f"
NOT FOUND  results/theoremR-lean-s36/PREDERIVATION-ERRATA.md: "holds for κ = 0 only: the nonnegative sum at n = 2 contains Λ(2) = log 2 > 0 and would equal 0. For κ < 0 the hypotheses are SATISFIABLE — cls = id, v(n) = Λ(n)"
NOT FOUND  results/theoremR-lean-s36/PREDERIVATION-ERRATA.md: "NO). If n < 2, the set {m | IsPrimePow m ∧ cls m = cls n} is either empty or contains some m₀, and then m₀ ≥ 2 (`IsPrimePow.two_le`) and cls m₀ = cls n, so the "
NOT FOUND  results/theoremR-lean-s36/PREDERIVATION-ERRATA.md: "[P1] samples x ≥ 0 only; the region x < 0 and the boundary g = 0 are covered here: x < 0 is infeasible (for g > 0, h1 has a negative right side; for g = 0, h1 a"
NOT FOUND  results/theoremR-lean-s36/PREDERIVATION-ERRATA.md: "is a maximum and the constant cannot be lowered. * E8 (hint names). At 51e6992e: `ArithmeticFunction.vonMangoldt_apply` (Λ n = if IsPrimePow n then Real.log (mi"
NOT FOUND  results/theoremR-lean-s36/BUILD-NOTES.md: "branch, in the brief's words"
NOT FOUND  results/theoremR-lean-s36/BUILD-NOTES.md: "Items 7–8 are in the topic and are not named by the label (UNIT-BRIEF §0: SCOPED). The forbidden phrasings of §1(3) appear in no file of this unit (`lint-10g.lo"
NOT FOUND  results/theoremR-lean-s36/BUILD-NOTES.md: "holds for κ = 0 only; for κ < 0 the hypotheses are satisfiable (cls = id, v = Λ/κ) and the theorem still holds; Theorem R's proof uses no hypothesis on κ. Remov"
NOT FOUND  results/theoremR-lean-s36/BUILD-NOTES.md: "fidelity row (aa), a `review.notes` paragraph, two `alignment.namespaces`, three `alignment.statements` rows; validator result in `yaml-validation.log` | | `lea"
NOT FOUND  results/theoremR-lean-s36/BUILD-NOTES.md: "| Statement decisions, against UNIT-BRIEF §0–§1. The eight statements are the probe's, byte for byte, binders and docstrings included (`statement-identity.log` "
NOT FOUND  results/theoremR-lean-s36/BUILD-NOTES.md: "— `Nat.Primes` is a `def`), so the internal work uses the named family `logP` and variables of type `Nat.Primes`; item 1's statement is `logP`'s by definitional"
NOT FOUND  results/theoremR-lean-s36/BUILD-NOTES.md: "code, as in every prior record); the raw grep with comments included, for the record; imports (the challenge `import Mathlib`, the solution the two program modu"
NOT FOUND  results/theoremR-lean-s36/BUILD-NOTES.md: "as `¬ Module.Finite`; Mathlib's totalizations; names; the program-side `_hpos`/`_hκ`; no trusted definition layer. Fidelity divergences in the brief's sense (a "
NOT FOUND  results/theoremR-lean-s36/BUILD-NOTES.md: "claim a theorem in the file with exactly the stated content; is every"
fragments checked: 50; found verbatim in a source: 18; not found: 32
