Wed Sep 30 18:20:27 IST 2026
label (from the brief): Theorem R's arithmetic core Comparator-checked: the logarithms of the primes are ℚ-linearly independent, a family of positive integers N_p with p | N_p has logarithms spanning an infinite-dimensional ℚ-space, the converse rank bound, Lemma F, and Theorem R on the abstract pair (von Mangoldt weights, real fiber sums, one κ) — over Mathlib alone, no displayed hypothesis, the three standard axioms, replayed by nanoda
forbidden phrasings read from the brief: 2 quoted strings (NOT printed, so that no log repeats them) + the RH/zeros clause
== results/theoremR-lean-s36/check-O/brief-elab-check.lean: label verbatim ×0; forbidden 0; 10(g) banned 0; British 0
== results/theoremR-lean-s36/check-O/brief-elab-check.log: label verbatim ×0; forbidden 0; 10(g) banned 0; British 0
== results/theoremR-lean-s36/check-O/brief-elab-check2.lean: label verbatim ×0; forbidden 0; 10(g) banned 0; British 0
== results/theoremR-lean-s36/check-O/brief-elab-check2.log: label verbatim ×0; forbidden 0; 10(g) banned 0; British 0
== results/theoremR-lean-s36/check-O/brief-elab-diff.lean: label verbatim ×0; forbidden 0; 10(g) banned 0; British 0
== results/theoremR-lean-s36/check-O/brief-elab-diff.log: label verbatim ×0; forbidden 0; 10(g) banned 0; British 0
== results/theoremR-lean-s36/check-O/build-challenge.log: label verbatim ×0; forbidden 0; 10(g) banned 0; British 0
== results/theoremR-lean-s36/check-O/build-genusbound.log: label verbatim ×0; forbidden 0; 10(g) banned 0; British 0
== results/theoremR-lean-s36/check-O/build-logprimes.log: label verbatim ×0; forbidden 0; 10(g) banned 0; British 0
== results/theoremR-lean-s36/check-O/build-pair.log: label verbatim ×0; forbidden 0; 10(g) banned 0; British 0
== results/theoremR-lean-s36/check-O/build-solution.log: label verbatim ×0; forbidden 0; 10(g) banned 0; British 0
== results/theoremR-lean-s36/check-O/build.sh: label verbatim ×0; forbidden 0; 10(g) banned 0; British 0
== results/theoremR-lean-s36/check-O/cache-get.log: label verbatim ×0; forbidden 0; 10(g) banned 0; British 0
== results/theoremR-lean-s36/check-O/cleanup.sh: label verbatim ×0; forbidden 0; 10(g) banned 0; British 0
== results/theoremR-lean-s36/check-O/clone.log: label verbatim ×0; forbidden 0; 10(g) banned 0; British 0
== results/theoremR-lean-s36/check-O/clone.sh: label verbatim ×0; forbidden 0; 10(g) banned 0; British 0
== results/theoremR-lean-s36/check-O/comparator-run.log: label verbatim ×0; forbidden 0; 10(g) banned 0; British 0
== results/theoremR-lean-s36/check-O/forbidden-label-lint.log: label verbatim ×1; forbidden 0; 10(g) banned 0; British [('separation_clause4_in_window_noise', 18), ('grid_corner_pointwise', 18), ('grid_corner_pointwise', 18), ('grid_corner_pointwise', 18), ('separation_clause4_in_window_noise', 18), ('grid_corner_pointwise', 18), ('televise', 78), ('noisewise', 78), ('analyses', 78), ('centre', 78), ('metre', 78), ('fibre', 78), ('maths', 53), ('maths', 78), ('grey', 53), ('grey', 78), ('towards', 53), ('towards', 78), ('programme', 53), ('programme', 78), ('programme', 78), ('defence', 53), ('defence', 78), ('defence', 78), ('offence', 53), ('offence', 78), ('offence', 78), ('licence', 53), ('licence', 78), ('licence', 78)]
   neg l.4: forbidden phrasings read from the brief: 2 quoted strings (NOT printed, so that no log repeats them) + the RH/zeros clause
   neg l.6: neg l.31: WHAT IS NOT HERE.  Nothing about the pair's geometry (the SPEC's A6–A8), no target Y, nothing about ζ or its zeros.
   READ l.7: READ l.87: | zero => exact absurd rfl hn
   neg l.9: neg l.36: characteristics), Lemma F(c); nothing about ζ or its zeros.
   READ l.10: READ l.118: | zero => simp
   neg l.12: neg l.28: (7)–(8) belongs to the Session-36 unit under read; nothing about ζ or its zeros.
   neg l.14: neg l.39: What is NOT claimed: anything about ζ's zeros or RH; the existence or non-existence of a target Y; the SPEC's geometric axioms
   READ l.19: READ l.251: (`row2BarrierMP`), H2-A and H-TAIL (`row2AsymMP`), H3, every H_t with t ≥ 1/5 has only real zeros.
   neg l.20: neg l.262: - statement: "H1: no zero of ζ with 116733/200000 ≤ Re s ≤ 1, 0 ≤ Im s ≤ 2 500 000 097 429 (displayed hypothesis)"
   neg l.21: neg l.777: Barrier hardening: nothing about ζ's zeros or RH follows (Theorem R is RH-blind); the SPEC's geometric clauses A6–A8, the
   READ l.22: READ l.1137: the grid; general harmonics u_j); Prop. 4.1's ledger, (T2), (T4), (T5); the VALUE of F1 − S2 or of ā; ζ, RH, any zero.  Ledger
   READ l.23: READ l.1159: T2, Prop. 2.2.1, Cor. 3.1–3.2, routes (a)/(b); ζ, its zeros, RH.  Ledger text: results/theoremR-lean-s36/FIDELITY.md; the attack on
   neg l.25: neg l.662: ζ, its zeros, or RH (Theorem R is RH-blind). The displayed κ > 0 of `theoremR` is the SPEC's and is not used by the proof
   READ l.26: READ l.669: *More than two thirds of the zeros of the Riemann zeta function lie on the critical line*
   neg l.28: neg l.15: **Nothing about ζ's zeros or RH follows from anything below (10(c)).** Theorem R is RH-blind (NOTE §2.3 DH CHECK). The statements are about
   READ l.29: READ l.117: 2.2.1, Cor. 3.1–3.2, routes (a)/(b); ζ, its zeros, RH. Differs from the prose (r1–r11): the abstract pair; the indexing m, n ≥ 2; A5 built in;
   neg l.31: neg l.12: **First paragraph, binding (10(c)).** Nothing about ζ's zeros or RH follows from anything below. Theorem R is RH-blind (NOTE §2.3 DH CHECK:
   neg l.32: neg l.13: "T3 is a SHAPE theorem, RH-blind; it is not a falsification channel for RH"); the eight statements are about the logarithms of integers, the
   neg l.33: neg l.14: von Mangoldt function, ℚ-spans in ℝ, a map into a monoid, and real inequalities — no zeta function, no zero, no explicit formula appears in any
   neg l.34: neg l.69: * **ζ, its zeros, RH, the DH column**: nothing.
   READ l.36: READ l.5: `tools/errata_numbers.py` → `tools/errata_numbers.log` (sympy for the exact identities, a seeded random search, 1.2 s). Nothing about ζ's
   READ l.37: READ l.6: zeros or RH follows from anything below.
   neg l.39: neg l.7: barrier hardening. Nothing about ζ's zeros or RH follows from anything in this unit (Theorem R is RH-blind, NOTE §2.3 DH CHECK).
   READ l.40: READ l.94: general-base Theorem R, Lemma F(a)'s second clause as a topic statement and Lemma F(c), the rung-1 side, the geometric reading of items 7–8, ζ, RH;
   neg l.41: neg l.99: everywhere, the brief's forbidden phrasings 0 everywhere — read from the brief, not quoted —, British forms 0, five RH/zeros lines without an
   READ l.42: READ l.100: on-line negation reviewed by hand: disclaimers and the Lean case name `zero`; PASS), `hashes.txt` (SHA-256 2badc8cfa545c73b9973a611bb7f4cfe1501a539444568fba50c6554053b8073; 33 files).
   READ l.43: READ l.105: item 7's bound is attained (E7). Nothing committed. Nothing about ζ's zeros or RH follows.
   neg l.48: neg l.36: 5. `BUILD-NOTES.md`, `FIDELITY.md` (covered: the eight statements; NOT covered: the SPEC's A6–A8, the rung-1 side, the geometric reading of 7–8, ζ, RH), `lean/formalization.yaml` rows on the
   neg l.54: neg l.2: forbidden phrasings read from UNIT-BRIEF §1(3): 2 quoted strings (not printed); plus the clause on RH / the zeros (checked below)
   READ l.55: READ l.45: == RH / zeros clause: every line mentioning RH, zeros or ζ must be a disclaimer (a negation on the line) — exceptions printed
   READ l.56: READ l.46: REVIEW results/theoremR-lean-s36/PREDERIVATION-ERRATA.md:6: zeros or RH follows from anything below.
   READ l.57: READ l.47: REVIEW results/theoremR-lean-s36/BUILD-NOTES.md:117: 2.2.1, Cor. 3.1–3.2, routes (a)/(b); ζ, its zeros, RH. Differs from the prose (r1–r11): the abstract pair; the indexing m, n ≥ 2; A5 bui
   READ l.58: READ l.48: REVIEW lean/Zeta23/ResidueRank/LogPrimes.lean:87: | zero => exact absurd rfl hn
   READ l.59: READ l.49: REVIEW lean/Zeta23/ResidueRank/Pair.lean:118: | zero => simp
   READ l.60: READ l.50: REVIEW lean/formalization.yaml (added lines):53: T2, Prop. 2.2.1, Cor. 3.1–3.2, routes (a)/(b); ζ, its zeros, RH.  Ledger text: results/theoremR-lean-s36/FIDELITY.md; the attack on
   neg l.61: neg l.54: VERDICT: PASS (banned + forbidden count 0; British-form hits 0; RH/zeros lines without a negation 5, reviewed by hand below)
   neg l.62: neg l.56: == hand review of the 5 RH/zeros lines without a negation on the same line:
   READ l.63: READ l.57: PREDERIVATION-ERRATA.md:6 — the second line of the sentence 'Nothing about ζ's
   READ l.64: READ l.58: zeros or RH follows from anything below' (the negation is on line 5): a disclaimer.
   neg l.65: neg l.60: LogPrimes.lean:87, Pair.lean:118 — the Lean induction case name 'zero' (Nat.zero), not the zeros of ζ.
   neg l.66: neg l.61: Verdict: no line connects the topic to RH or to the zeros. PASS.
   neg l.79: neg l.14: print("forbidden phrasings read from UNIT-BRIEF §1(3): %d quoted strings (not printed); plus the clause on RH / the zeros (checked below)" % len(forbidden))
   READ l.80: READ l.51: print("== RH / zeros clause: every line mentioning RH, zeros or ζ must be a disclaimer (a negation on the line) — exceptions printed")
   neg l.81: neg l.52: neg = re.compile(r"\b(nothing|not|NOT|no|No|never|none|blind|RH-blind|Nothing)\b")
   neg l.82: neg l.56: if re.search(r"\bRH\b|\bzeros?\b|ζ", line) and not neg.search(line):
   neg l.83: neg l.69: print("VERDICT:", "PASS" if bad == 0 and bh == 0 else "REVIEW", "(banned + forbidden count %d; British-form hits %d; RH/zeros lines without a negation %d, reviewed by hand below)" % (bad, bh
== results/theoremR-lean-s36/check-O/forbidden_label_lint.py: label verbatim ×0; forbidden 0; 10(g) banned 0; British [('bpractise', 38), ('colour', 36), ('behaviour', 36), ('favour', 36), ('neighbour', 36), ('modelling', 37), ('labelled', 37), ('travelled', 37), ('cancelled', 37), ('programme', 38), ('defence', 38), ('offence', 38), ('licence', 38)]
   READ l.2: """CHECK-O: label verbatim, forbidden phrasings, RH/zeros lines, 10(g) lint, U.S. spelling (checker-written, Session 36).
   neg l.18: print(f"forbidden phrasings read from the brief: {len(forbidden)} quoted strings (NOT printed, so that no log repeats them) + the RH/zeros clause")
   READ l.73: # RH / zeros lines — printed for reading (the unit's own files only; for the whole yaml/README only lines mentioning the unit)
   READ l.76: if re.search(r"\bRH\b|Riemann|\bzeros?\b|ζ", line):
   neg l.81: neg = bool(re.search(r"\b(not|nothing|no|never|none|NOT|neither|nor|blind|without)\b|RH-blind", line))
== results/theoremR-lean-s36/check-O/hash-recompute.log: label verbatim ×0; forbidden 0; 10(g) banned 0; British 0
== results/theoremR-lean-s36/check-O/hashes-checker.txt: label verbatim ×0; forbidden 0; 10(g) banned 0; British 0
== results/theoremR-lean-s36/check-O/identity_checker.py: label verbatim ×0; forbidden 0; 10(g) banned 0; British 0
== results/theoremR-lean-s36/check-O/lemmaF-b-positive.lean: label verbatim ×0; forbidden 0; 10(g) banned 0; British 0
   neg l.5: positive integers only (no φ₀ 1 = 1 either): pass to `WithZero E₀`, send 0 to the adjoined zero.  It imports the SOLUTION (the
== results/theoremR-lean-s36/check-O/lemmaF-b-positive.log: label verbatim ×0; forbidden 0; 10(g) banned 0; British 0
== results/theoremR-lean-s36/check-O/old-strings-check.log: label verbatim ×0; forbidden 0; 10(g) banned 0; British 0
== results/theoremR-lean-s36/check-O/old_strings_check.py: label verbatim ×0; forbidden 0; 10(g) banned 0; British 0
== results/theoremR-lean-s36/check-O/overlay.log: label verbatim ×0; forbidden 0; 10(g) banned 0; British 0
== results/theoremR-lean-s36/check-O/overlay.sh: label verbatim ×0; forbidden 0; 10(g) banned 0; British 0
== results/theoremR-lean-s36/check-O/pin-facts.log: label verbatim ×0; forbidden 0; 10(g) banned 0; British 0
== results/theoremR-lean-s36/check-O/prerun-cleanup.log: label verbatim ×0; forbidden 0; 10(g) banned 0; British 0
== results/theoremR-lean-s36/check-O/print-axioms.log: label verbatim ×0; forbidden 0; 10(g) banned 0; British 0
== results/theoremR-lean-s36/check-O/program-axioms-checker.lean: label verbatim ×0; forbidden 0; 10(g) banned 0; British 0
== results/theoremR-lean-s36/check-O/quote-check-run1-mispaired.log: label verbatim ×0; forbidden 0; 10(g) banned 0; British 0
== results/theoremR-lean-s36/check-O/quote-check.log: label verbatim ×0; forbidden 0; 10(g) banned 0; British 0
== results/theoremR-lean-s36/check-O/quote_check.py: label verbatim ×0; forbidden 0; 10(g) banned 0; British 0
== results/theoremR-lean-s36/check-O/rederive.log: label verbatim ×0; forbidden 0; 10(g) banned 0; British 0
== results/theoremR-lean-s36/check-O/rederive.py: label verbatim ×0; forbidden 0; 10(g) banned 0; British 0
== results/theoremR-lean-s36/check-O/run-clone.sh: label verbatim ×0; forbidden 0; 10(g) banned 0; British 0
== results/theoremR-lean-s36/check-O/sorry-control.lean: label verbatim ×0; forbidden 0; 10(g) banned 0; British 0
== results/theoremR-lean-s36/check-O/sorry-control.log: label verbatim ×0; forbidden 0; 10(g) banned 0; British 0
== results/theoremR-lean-s36/check-O/statement-identity-run1-buggy.log: label verbatim ×0; forbidden 0; 10(g) banned 0; British 0
== results/theoremR-lean-s36/check-O/statement-identity.log: label verbatim ×0; forbidden 0; 10(g) banned 0; British 0
== results/theoremR-lean-s36/check-O/trust-greps.log: label verbatim ×0; forbidden 0; 10(g) banned 0; British 0
== results/theoremR-lean-s36/check-O/trust_greps_checker.py: label verbatim ×0; forbidden 0; 10(g) banned 0; British 0
== results/theoremR-lean-s36/check-O/witnesses.lean: label verbatim ×0; forbidden 0; 10(g) banned 0; British 0
== results/theoremR-lean-s36/check-O/witnesses.log: label verbatim ×0; forbidden 0; 10(g) banned 0; British 0
== results/theoremR-lean-s36/check-O/yaml-validation.log: label verbatim ×0; forbidden 0; 10(g) banned 0; British [('grid_corner_pointwise', 32)]
== results/theoremR-lean-s36/CHECK-O.md: label verbatim ×0; forbidden 0; 10(g) banned 0; British [('grid_corner_pointwise', 333)]
   READ l.176: unaffected: the topic's statement implies Lemma F(b) for any φ₀ multiplicative on the POSITIVE integers only — adjoin a zero, E :=
   neg l.258: * Opening paragraph (10(c)): true — no zeta function, zero or explicit formula occurs in any statement; the NOTE quotation ("T3 is a
   neg l.259: SHAPE theorem, RH-blind; it is not a falsification channel for RH") is verbatim. The label is reproduced verbatim (§9).
   READ l.308: binders); the Solution's zero-warning build confirms it passes every hypothesis on.
   neg l.329: the rule. Every line of the unit's files that mentions RH, ζ or zeros was printed and read: each is a disclaimer ("nothing about ζ's
   neg l.330: zeros or RH follows", "What is NOT claimed: anything about ζ's zeros or RH"), an item in a NOT-covered list, or the Lean induction case
   READ l.331: name `zero`; README l. 669 is the parent paper's title in an older section. **No sentence connects the topic to RH or to the zeros.**
   READ l.429: Nothing about ζ's zeros or RH follows from anything here.

TOTALS: forbidden-phrasing hits 0; 10(g) banned hits 0; British-spelling hits 45
